0.37 999
0.37 998
0.37 997
0.37 996
0.37 995
0.37 994
0.37 993
0.37 992
0.37 991
0.38 990
0.38 989
0.38 988
0.38 987
0.38 986
0.38 985
0.38 984
0.38 983
0.38 982
0.38 981
0.38 980
0.38 979
0.38 978
0.38 977
0.38 976
0.38 975
0.38 974
0.38 973
0.38 972
0.38 971
0.38 970
0.38 969
0.38 968
0.38 967
0.38 966
0.38 965
0.38 964
0.38 963
0.38 962
0.38 961
0.38 960
0.38 959
0.38 958
0.38 957
0.38 956
0.38 955
0.38 954
0.38 953
0.38 952
0.38 951
0.38 950
0.38 949
0.38 948
0.38 947
0.38 946
0.38 945
0.38 944
0.39 943
0.39 942
0.39 941
0.39 940
0.39 939
0.39 938
0.39 937
0.39 936
0.39 935
0.39 934
2.12 933
