0.01 813
0.01 812
0.01 811
0.01 810
0.01 809
0.01 808
0.01 807
0.01 806
0.01 805
0.01 804
0.01 803
0.01 802
0.01 801
0.01 800
0.01 799
0.01 798
0.01 797
0.01 796
0.01 795
0.01 794
0.01 793
0.01 792
0.01 791
0.01 790
0.01 789
0.01 788
0.01 787
0.01 786
0.01 785
0.01 784
0.01 783
0.01 782
0.01 781
0.01 780
0.01 779
0.01 778
0.02 777
0.02 776
0.02 775
0.02 774
0.02 773
0.02 772
0.02 771
0.02 770
0.02 769
0.02 768
0.02 767
0.02 766
0.02 765
0.02 764
0.02 763
0.02 762
0.02 761
0.02 760
0.02 759
0.02 758
0.02 757
0.02 756
0.02 755
0.02 754
0.02 753
0.02 752
0.02 751
0.02 750
0.02 749
0.02 748
0.02 747
0.02 746
0.02 745
0.02 744
0.02 743
0.02 742
0.02 741
0.02 740
0.02 739
0.02 738
0.02 737
0.02 736
0.02 735
0.02 734
0.02 733
0.02 732
0.02 731
0.02 730
0.03 729
0.03 728
0.03 727
0.03 726
0.03 725
0.03 724
0.03 723
0.03 722
0.03 721
0.03 720
0.03 719
0.03 718
0.03 717
0.03 716
0.03 715
0.03 714
0.03 713
0.03 712
0.03 711
0.03 710
0.03 709
0.03 708
0.03 707
0.03 706
0.03 705
0.03 704
0.03 703
0.03 702
0.03 701
0.03 700
0.03 699
0.03 698
0.03 697
0.03 696
0.03 695
0.03 694
0.03 693
0.03 692
0.03 691
0.03 690
0.03 689
0.03 688
0.03 687
0.03 686
0.03 685
0.03 684
0.03 683
0.03 682
0.03 681
0.03 680
0.03 679
0.03 678
0.03 677
0.03 676
0.03 675
0.03 674
0.03 673
0.03 672
0.03 671
0.03 670
0.03 669
0.03 668
0.03 667
0.03 666
0.03 665
0.03 664
0.03 663
0.03 662
0.03 661
0.03 660
0.03 659
0.03 658
0.03 657
0.03 656
0.03 655
0.03 654
0.03 653
0.03 652
0.03 651
0.03 650
0.03 649
0.03 648
0.03 647
0.03 646
0.03 645
0.03 644
0.03 643
0.04 642
0.04 641
0.04 640
0.04 639
0.04 638
0.04 637
0.04 636
0.04 635
0.04 634
0.04 633
0.04 632
0.05 631
0.05 630
0.05 629
0.05 628
0.05 627
0.05 626
0.05 625
0.05 624
0.05 623
0.05 622
0.05 621
0.05 620
0.05 619
0.05 618
0.05 617
0.05 616
1.36 606
1.36 605
1.36 604
1.36 603
8.13 602
9.48 601
