0.02 3735
0.02 3734
0.02 3733
0.02 3732
0.02 3731
0.02 3730
0.02 3729
0.02 3728
0.02 3727
0.02 3726
0.02 3725
0.03 3724
0.03 3723
0.03 3722
0.03 3721
0.03 3720
0.03 3719
0.03 3718
0.03 3717
0.03 3716
0.03 3715
0.03 3714
0.03 3713
0.03 3712
0.03 3711
0.03 3710
0.03 3709
0.03 3708
0.05 3707
0.05 3706
0.05 3705
0.05 3704
0.05 3703
0.05 3702
0.05 3701
0.05 3700
0.05 3699
0.05 3698
0.06 3697
0.06 3696
0.06 3695
0.06 3694
0.06 3693
0.06 3692
0.06 3691
0.06 3690
0.06 3689
0.06 3688
0.06 3687
0.06 3686
0.06 3685
0.06 3684
0.06 3683
0.06 3682
0.06 3681
0.06 3680
0.06 3679
0.06 3678
0.06 3677
0.06 3676
0.06 3675
0.06 3674
0.08 3673
0.08 3672
0.08 3671
0.08 3670
0.08 3669
0.08 3668
0.08 3667
0.08 3666
0.08 3665
0.08 3664
0.08 3663
0.08 3662
0.08 3661
0.08 3660
0.08 3659
0.08 3658
0.10 3657
0.10 3656
0.10 3655
0.10 3654
0.10 3653
0.10 3652
0.10 3651
0.10 3650
0.10 3649
0.10 3648
0.10 3647
0.10 3646
0.10 3645
0.10 3644
0.10 3643
0.10 3642
0.10 3641
0.10 3640
0.10 3639
0.11 3638
0.11 3637
0.11 3636
0.11 3635
0.11 3634
0.11 3633
0.11 3632
0.11 3631
0.11 3630
0.11 3629
0.11 3628
0.11 3627
0.11 3626
0.11 3625
0.11 3624
0.11 3623
0.11 3622
0.11 3621
0.13 3620
0.13 3619
0.13 3618
0.13 3617
0.13 3616
0.13 3615
0.13 3614
0.13 3613
0.14 3612
0.14 3611
0.14 3610
0.14 3609
0.14 3608
0.14 3607
0.14 3606
0.14 3605
0.15 3604
0.15 3603
0.15 3602
0.15 3601
0.15 3600
0.15 3599
0.15 3598
0.15 3597
0.15 3596
0.15 3595
0.15 3594
0.16 3593
0.16 3592
0.16 3591
0.16 3590
0.16 3589
0.16 3588
0.16 3587
0.16 3586
0.16 3585
0.16 3584
0.16 3583
0.16 3582
0.16 3581
0.16 3580
0.16 3579
0.17 3578
0.17 3577
0.17 3576
0.17 3575
0.17 3574
0.18 3573
0.18 3572
0.18 3571
0.18 3570
0.18 3569
0.18 3568
0.18 3567
0.18 3566
0.18 3565
0.18 3564
0.18 3563
0.18 3562
0.18 3561
0.18 3560
0.18 3559
0.18 3558
0.19 3557
0.19 3556
0.19 3555
0.19 3554
0.19 3553
0.19 3552
0.19 3551
0.19 3550
0.19 3549
0.19 3548
0.19 3547
0.19 3546
0.19 3545
0.19 3544
0.19 3543
0.19 3542
0.19 3541
0.19 3540
0.19 3539
0.19 3538
0.21 3537
0.21 3536
0.21 3535
0.21 3534
0.21 3533
0.21 3532
0.21 3531
0.21 3530
0.21 3529
0.21 3528
0.21 3527
0.21 3526
0.21 3525
0.21 3524
0.21 3523
0.21 3522
0.21 3521
0.21 3520
0.21 3519
0.21 3518
0.21 3517
0.21 3516
0.22 3515
0.22 3514
0.22 3513
0.22 3512
0.22 3511
0.22 3510
0.22 3509
0.22 3508
0.22 3507
0.22 3506
0.22 3505
0.22 3504
0.22 3503
0.22 3502
0.22 3501
0.22 3500
0.22 3499
0.22 3498
0.24 3497
0.24 3496
0.24 3495
0.24 3494
0.24 3493
0.24 3492
0.24 3491
0.24 3490
0.24 3489
0.24 3488
0.24 3487
0.24 3486
0.24 3485
0.24 3484
0.24 3483
0.24 3482
0.25 3481
0.25 3480
0.25 3479
0.25 3478
0.26 3477
0.26 3476
0.26 3475
0.26 3474
0.26 3473
0.26 3472
0.26 3471
0.26 3470
0.26 3469
0.26 3468
0.26 3467
0.26 3466
0.27 3465
0.27 3464
0.27 3463
0.27 3462
0.27 3461
0.27 3460
0.27 3459
0.27 3458
0.27 3457
0.27 3456
0.27 3455
0.27 3454
0.27 3453
0.27 3452
0.27 3451
0.27 3450
0.27 3449
0.27 3448
0.28 3447
0.28 3446
0.28 3445
0.28 3444
0.28 3443
0.28 3442
0.28 3441
0.28 3440
0.28 3439
0.28 3438
0.28 3437
0.28 3436
0.28 3435
0.28 3434
0.28 3433
0.28 3432
0.28 3431
0.28 3430
0.28 3429
0.30 3428
0.30 3427
0.30 3426
0.30 3425
0.30 3424
0.30 3423
0.30 3422
0.30 3421
0.30 3420
0.30 3419
0.30 3418
0.30 3417
0.30 3416
0.30 3415
0.30 3414
0.30 3413
0.30 3412
0.32 3411
0.32 3410
0.32 3409
0.32 3408
0.32 3407
0.32 3406
0.32 3405
0.32 3404
0.32 3403
0.32 3402
0.32 3401
0.32 3400
0.32 3399
0.32 3398
0.32 3397
0.32 3396
0.32 3395
0.32 3394
0.32 3393
0.33 3392
0.33 3391
0.33 3390
0.33 3389
0.33 3388
0.33 3387
0.33 3386
0.33 3385
0.33 3384
0.33 3383
0.33 3382
0.33 3381
0.33 3380
0.33 3379
0.33 3378
0.33 3377
0.33 3376
0.33 3375
0.33 3374
0.33 3373
0.33 3372
0.33 3371
0.35 3370
0.35 3369
0.35 3368
0.35 3367
0.35 3366
0.35 3365
0.35 3364
0.35 3363
0.35 3362
0.35 3361
0.36 3360
0.36 3359
0.36 3358
0.36 3357
0.36 3356
0.36 3355
0.36 3354
0.36 3353
0.36 3352
0.36 3351
0.36 3350
0.36 3349
0.36 3348
0.36 3347
0.36 3346
0.36 3345
0.36 3344
0.36 3343
0.36 3342
0.36 3341
0.36 3340
0.36 3339
0.36 3338
0.36 3337
0.36 3336
0.36 3335
0.36 3334
0.36 3333
0.38 3332
0.38 3331
0.38 3330
0.38 3329
0.38 3328
0.38 3327
0.38 3326
0.38 3325
0.38 3324
0.38 3323
0.38 3322
0.38 3321
0.38 3320
0.38 3319
0.38 3318
0.38 3317
0.38 3316
0.38 3315
0.38 3314
0.38 3313
0.38 3312
0.38 3311
0.40 3310
0.40 3309
0.40 3308
0.40 3307
0.40 3306
0.40 3305
0.40 3304
0.40 3303
0.40 3302
0.40 3301
0.40 3300
0.40 3299
0.40 3298
0.40 3297
0.40 3296
0.40 3295
0.40 3294
0.40 3293
0.40 3292
0.40 3291
0.40 3290
0.40 3289
0.41 3288
0.41 3287
0.41 3286
0.41 3285
0.41 3284
0.41 3283
0.41 3282
0.41 3281
0.41 3280
0.41 3279
0.41 3278
0.41 3277
0.41 3276
0.41 3275
0.41 3274
0.41 3273
0.41 3272
0.41 3271
0.43 3270
0.43 3269
0.43 3268
0.43 3267
0.43 3266
0.43 3265
0.43 3264
0.43 3263
0.43 3262
0.43 3261
0.43 3260
0.43 3259
0.43 3258
0.43 3257
0.43 3256
0.43 3255
0.44 3254
0.44 3253
0.44 3252
0.44 3251
0.44 3250
0.44 3249
0.44 3248
0.44 3247
0.44 3246
0.44 3245
0.44 3244
0.44 3243
0.44 3242
0.44 3241
0.44 3240
0.46 3239
0.46 3238
0.46 3237
0.46 3236
0.46 3235
0.46 3234
0.46 3233
0.46 3232
0.46 3231
0.46 3230
0.46 3229
0.46 3228
0.46 3227
0.46 3226
0.46 3225
0.46 3224
0.46 3223
0.46 3222
0.46 3221
0.46 3220
0.46 3219
0.46 3218
0.47 3217
0.47 3216
0.47 3215
0.47 3214
0.47 3213
0.47 3212
0.47 3211
0.47 3210
0.47 3209
0.47 3208
0.47 3207
0.47 3206
0.47 3205
0.47 3204
0.47 3203
0.47 3202
0.47 3201
0.49 3200
0.49 3199
0.49 3198
0.49 3197
0.49 3196
0.49 3195
0.49 3194
0.49 3193
0.49 3192
0.49 3191
0.49 3190
0.49 3189
0.49 3188
0.49 3187
0.49 3186
0.49 3185
0.49 3184
0.49 3183
0.49 3182
0.51 3181
0.51 3180
0.51 3179
0.51 3178
0.51 3177
0.51 3176
0.51 3175
0.51 3174
0.51 3173
0.51 3172
0.51 3171
0.51 3170
0.51 3169
0.51 3168
0.51 3167
0.51 3166
0.51 3165
0.51 3164
0.51 3163
0.52 3162
0.52 3161
0.52 3160
0.52 3159
0.52 3158
0.52 3157
0.52 3156
0.52 3155
0.52 3154
0.52 3153
0.52 3152
0.52 3151
0.52 3150
0.52 3149
0.52 3148
0.52 3147
0.52 3146
0.52 3145
0.52 3144
0.54 3143
0.54 3142
0.54 3141
0.54 3140
0.54 3139
0.54 3138
0.54 3137
0.54 3136
0.54 3135
0.54 3134
0.54 3133
0.54 3132
0.54 3131
0.54 3130
0.54 3129
0.54 3128
0.54 3127
0.54 3126
0.55 3125
0.55 3124
0.56 3123
0.56 3122
0.56 3121
0.56 3120
0.56 3119
0.56 3118
0.56 3117
0.56 3116
0.56 3115
0.56 3114
0.56 3113
0.56 3112
0.56 3111
0.56 3110
0.56 3109
0.56 3108
0.56 3107
0.57 3106
0.57 3105
0.57 3104
0.57 3103
0.57 3102
0.57 3101
0.57 3100
0.57 3099
0.57 3098
0.57 3097
0.57 3096
0.57 3095
0.57 3094
0.57 3093
0.57 3092
0.57 3091
0.57 3090
0.57 3089
0.57 3088
0.59 3087
0.59 3086
0.59 3085
0.59 3084
0.59 3083
0.59 3082
0.59 3081
0.59 3080
0.59 3079
0.59 3078
0.59 3077
0.59 3076
0.59 3075
0.59 3074
0.59 3073
0.59 3072
0.59 3071
0.59 3070
0.59 3069
0.60 3068
0.60 3067
0.60 3066
0.60 3065
0.60 3064
0.60 3063
0.60 3062
0.60 3061
0.60 3060
0.60 3059
0.60 3058
0.60 3057
0.60 3056
0.60 3055
0.60 3054
0.60 3053
0.60 3052
0.60 3051
0.60 3050
0.62 3049
0.62 3048
0.62 3047
0.62 3046
0.62 3045
0.62 3044
0.62 3043
0.62 3042
0.62 3041
0.62 3040
0.62 3039
0.62 3038
0.62 3037
0.62 3036
0.62 3035
0.62 3034
0.62 3033
0.62 3032
0.62 3031
0.63 3030
0.63 3029
0.63 3028
0.63 3027
0.63 3026
0.63 3025
0.63 3024
0.63 3023
0.63 3022
0.63 3021
0.63 3020
0.63 3019
0.63 3018
0.63 3017
0.63 3016
0.63 3015
0.63 3014
0.63 3013
0.63 3012
0.65 3011
0.65 3010
0.65 3009
0.65 3008
0.65 3007
0.65 3006
0.65 3005
0.65 3004
0.66 3003
0.66 3002
0.66 3001
0.66 3000
0.66 2999
0.66 2998
0.66 2997
0.66 2996
0.66 2995
0.66 2994
0.66 2993
0.67 2992
0.67 2991
0.67 2990
0.67 2989
0.67 2988
0.67 2987
0.67 2986
0.67 2985
0.67 2984
0.67 2983
0.67 2982
0.67 2981
0.67 2980
0.67 2979
0.67 2978
0.67 2977
0.67 2976
0.67 2975
0.67 2974
0.67 2973
0.68 2972
0.68 2971
0.68 2970
0.68 2969
0.68 2968
0.68 2967
0.68 2966
0.68 2965
0.68 2964
0.68 2963
0.68 2962
0.68 2961
0.68 2960
0.70 2959
0.70 2958
0.70 2957
0.70 2956
0.70 2955
0.70 2954
0.70 2953
0.70 2952
0.70 2951
0.70 2950
0.71 2949
0.71 2948
0.71 2947
0.71 2946
0.71 2945
0.71 2944
0.71 2943
0.71 2942
0.71 2941
0.71 2940
0.71 2939
0.71 2938
0.72 2937
0.72 2936
0.72 2935
0.72 2934
0.72 2933
0.72 2932
0.72 2931
0.72 2930
0.72 2929
0.72 2928
0.72 2927
0.72 2926
0.73 2925
0.73 2924
0.73 2923
0.73 2922
0.73 2921
0.73 2920
0.73 2919
0.73 2918
0.73 2917
0.73 2916
0.73 2915
0.73 2914
0.73 2913
0.73 2912
0.73 2911
0.73 2910
0.73 2909
0.73 2908
0.73 2907
0.73 2906
0.73 2905
0.73 2904
0.73 2903
0.73 2902
0.73 2901
0.73 2900
0.73 2899
0.75 2898
0.75 2897
0.75 2896
0.75 2895
0.75 2894
0.75 2893
0.75 2892
0.75 2891
0.75 2890
0.75 2889
0.75 2888
0.75 2887
0.75 2886
0.76 2885
0.76 2884
0.76 2883
0.76 2882
0.76 2881
0.76 2880
0.76 2879
0.76 2878
0.76 2877
0.76 2876
0.76 2875
0.76 2874
0.76 2873
0.76 2872
0.76 2871
0.76 2870
0.76 2869
0.76 2868
0.76 2867
0.76 2866
0.76 2865
0.76 2864
0.76 2863
0.76 2862
0.76 2861
0.76 2860
0.76 2859
0.76 2858
0.78 2857
0.78 2856
0.78 2855
0.78 2854
0.78 2853
0.78 2852
0.78 2851
0.78 2850
0.78 2849
0.78 2848
0.78 2847
0.78 2846
0.78 2845
0.78 2844
0.78 2843
0.78 2842
0.78 2841
0.78 2840
0.78 2839
0.78 2838
0.79 2837
0.79 2836
0.79 2835
0.79 2834
0.79 2833
0.79 2832
0.79 2831
0.79 2830
0.79 2829
0.79 2828
0.79 2827
0.79 2826
0.79 2825
0.79 2824
0.79 2823
0.79 2822
0.79 2821
0.79 2820
0.79 2819
0.81 2818
0.81 2817
0.81 2816
0.81 2815
0.81 2814
0.81 2813
0.81 2812
0.81 2811
0.81 2810
0.81 2809
0.81 2808
0.81 2807
0.81 2806
0.81 2805
0.81 2804
0.81 2803
0.81 2802
0.81 2801
0.81 2800
0.81 2799
0.81 2798
0.81 2797
0.83 2796
0.83 2795
0.83 2794
0.83 2793
0.83 2792
0.83 2791
0.83 2790
0.83 2789
0.83 2788
0.83 2787
0.83 2786
0.83 2785
0.83 2784
0.83 2783
0.83 2782
0.83 2781
0.83 2780
0.83 2779
0.83 2778
0.83 2777
0.83 2776
0.83 2775
0.83 2774
0.83 2773
0.84 2772
0.84 2771
0.84 2770
0.84 2769
0.84 2768
0.84 2767
0.84 2766
0.84 2765
0.84 2764
0.84 2763
0.84 2762
0.84 2761
0.84 2760
0.84 2759
0.84 2758
0.84 2757
0.84 2756
0.84 2755
0.84 2754
0.84 2753
0.84 2752
0.86 2751
0.86 2750
0.86 2749
0.86 2748
0.86 2747
0.86 2746
0.86 2745
0.86 2744
0.86 2743
0.86 2742
0.86 2741
0.86 2740
0.86 2739
0.86 2738
0.86 2737
0.86 2736
0.86 2735
0.86 2734
0.86 2733
0.86 2732
0.86 2731
0.86 2730
0.86 2729
0.86 2728
0.86 2727
0.86 2726
0.87 2725
0.87 2724
0.87 2723
0.87 2722
0.87 2721
0.87 2720
0.87 2719
0.87 2718
0.87 2717
0.87 2716
0.87 2715
0.87 2714
0.87 2713
0.87 2712
0.87 2711
0.87 2710
0.87 2709
0.87 2708
0.87 2707
0.87 2706
0.87 2705
0.87 2704
0.87 2703
0.89 2702
0.89 2701
0.89 2700
0.89 2699
0.89 2698
0.89 2697
0.89 2696
0.89 2695
0.89 2694
0.89 2693
0.89 2692
0.89 2691
0.89 2690
0.89 2689
0.89 2688
0.89 2687
0.89 2686
0.89 2685
0.89 2684
0.89 2683
0.89 2682
0.89 2681
0.89 2680
0.91 2679
0.91 2678
0.91 2677
0.91 2676
0.91 2675
0.91 2674
0.91 2673
0.91 2672
0.91 2671
0.91 2670
0.91 2669
0.91 2668
0.91 2667
0.91 2666
0.91 2665
0.91 2664
0.91 2663
0.91 2662
0.91 2661
0.91 2660
0.91 2659
0.91 2658
0.91 2657
0.91 2656
0.92 2655
0.92 2654
0.92 2653
0.92 2652
0.92 2651
0.92 2650
0.92 2649
0.92 2648
0.92 2647
0.92 2646
0.92 2645
0.92 2644
0.92 2643
0.92 2642
0.92 2641
0.92 2640
0.92 2639
0.92 2638
0.92 2637
0.92 2636
0.92 2635
0.92 2634
0.92 2633
0.94 2632
0.94 2631
0.94 2630
0.94 2629
0.94 2628
0.94 2627
0.94 2626
0.94 2625
0.94 2624
0.94 2623
0.94 2622
0.94 2621
0.94 2620
0.94 2619
0.94 2618
0.94 2617
0.94 2616
0.94 2615
0.94 2614
0.94 2613
0.94 2612
0.94 2611
0.94 2610
0.95 2609
0.95 2608
0.95 2607
0.95 2606
0.95 2605
0.95 2604
0.95 2603
0.96 2602
0.96 2601
0.96 2600
0.96 2599
0.96 2598
0.96 2597
0.96 2596
0.96 2595
0.96 2594
0.96 2593
0.96 2592
0.96 2591
0.96 2590
0.96 2589
0.96 2588
0.96 2587
0.96 2586
0.97 2585
0.97 2584
0.97 2583
0.97 2582
0.97 2581
0.97 2580
0.97 2579
0.97 2578
0.97 2577
0.97 2576
0.97 2575
0.97 2574
0.97 2573
0.97 2572
0.97 2571
0.97 2570
0.97 2569
0.97 2568
0.97 2567
0.97 2566
0.97 2565
0.97 2564
0.97 2563
0.98 2562
0.98 2561
0.98 2560
0.98 2559
0.98 2558
0.98 2557
0.98 2556
0.98 2555
0.98 2554
0.98 2553
0.98 2552
0.98 2551
0.98 2550
0.98 2549
0.98 2548
0.98 2547
0.98 2546
0.98 2545
1.00 2544
1.00 2543
1.00 2542
1.00 2541
1.00 2540
1.00 2539
1.00 2538
1.00 2537
1.00 2536
1.00 2535
1.00 2534
1.00 2533
1.00 2532
1.00 2531
1.00 2530
1.00 2529
1.00 2528
1.02 2527
1.02 2526
1.02 2525
1.02 2524
1.02 2523
1.02 2522
1.02 2521
1.02 2520
1.02 2519
1.02 2518
1.02 2517
1.02 2516
1.02 2515
1.02 2514
1.02 2513
1.02 2512
1.02 2511
1.02 2510
1.03 2509
1.03 2508
1.03 2507
1.03 2506
1.03 2505
1.03 2504
1.03 2503
1.03 2502
1.03 2501
1.03 2500
1.03 2499
1.03 2498
1.03 2497
1.03 2496
1.03 2495
1.03 2494
1.03 2493
1.03 2492
1.03 2491
1.05 2490
1.05 2489
1.05 2488
1.05 2487
1.05 2486
1.05 2485
1.05 2484
1.05 2483
1.05 2482
1.05 2481
1.05 2480
1.05 2479
1.06 2478
1.06 2477
1.06 2476
1.06 2475
1.06 2474
1.06 2473
1.06 2472
1.06 2471
1.06 2470
1.06 2469
1.06 2468
1.06 2467
1.06 2466
1.06 2465
1.06 2464
1.06 2463
1.06 2462
1.06 2461
1.06 2460
1.06 2459
1.06 2458
1.06 2457
1.06 2456
1.06 2455
1.06 2454
1.08 2453
1.08 2452
1.08 2451
1.08 2450
1.08 2449
1.08 2448
1.08 2447
1.08 2446
1.08 2445
1.08 2444
1.08 2443
1.08 2442
1.08 2441
1.08 2440
1.08 2439
1.08 2438
1.08 2437
1.10 2436
1.10 2435
1.10 2434
1.10 2433
1.10 2432
1.10 2431
1.10 2430
1.10 2429
1.10 2428
1.10 2427
1.10 2426
1.10 2425
1.10 2424
1.10 2423
1.10 2422
1.10 2421
1.10 2420
1.10 2419
1.10 2418
1.10 2417
1.10 2416
1.10 2415
1.11 2414
1.11 2413
1.11 2412
1.11 2411
1.11 2410
1.11 2409
1.11 2408
1.11 2407
1.11 2406
1.11 2405
1.11 2404
1.11 2403
1.11 2402
1.11 2401
1.11 2400
1.11 2399
1.11 2398
1.11 2397
1.11 2396
1.11 2395
1.11 2394
1.11 2393
1.11 2392
1.11 2391
1.13 2390
1.13 2389
1.13 2388
1.13 2387
1.13 2386
1.13 2385
1.13 2384
1.13 2383
1.13 2382
1.13 2381
1.13 2380
1.13 2379
1.13 2378
1.13 2377
1.13 2376
1.13 2375
1.13 2374
1.13 2373
1.13 2372
1.13 2371
1.13 2370
1.13 2369
1.13 2368
1.13 2367
1.14 2366
1.14 2365
1.14 2364
1.14 2363
1.14 2362
1.14 2361
1.14 2360
1.14 2359
1.14 2358
1.14 2357
1.14 2356
1.14 2355
1.14 2354
1.14 2353
1.14 2352
1.14 2351
1.14 2350
1.14 2349
1.14 2348
1.14 2347
1.14 2346
1.14 2345
1.16 2344
1.16 2343
1.16 2342
1.16 2341
1.16 2340
1.16 2339
1.16 2338
1.16 2337
1.16 2336
1.16 2335
1.16 2334
1.16 2333
1.16 2332
1.16 2331
1.16 2330
1.16 2329
2.52 2280
2.52 2279
2.52 2278
2.52 2277
2.52 2276
2.52 2275
2.54 2274
2.54 2273
2.54 2272
2.54 2271
2.54 2270
2.54 2269
2.54 2268
2.54 2267
2.54 2266
2.54 2265
2.54 2264
2.54 2263
5.06 2262
5.06 2261
5.06 2260
5.06 2259
5.06 2258
5.06 2257
7.58 2256
7.58 2255
7.58 2254
7.58 2253
7.58 2252
7.58 2251
