0.31 1989
0.31 1988
0.31 1987
0.31 1986
0.31 1985
0.31 1984
0.31 1983
0.31 1982
0.31 1981
0.31 1980
0.31 1979
0.31 1978
0.31 1977
0.31 1976
0.31 1975
0.31 1974
0.31 1973
0.31 1972
0.31 1971
0.31 1970
0.31 1969
0.31 1968
0.31 1967
0.31 1966
0.32 1965
0.32 1964
0.32 1963
0.32 1962
0.32 1961
0.32 1960
0.32 1959
0.32 1958
0.32 1957
0.32 1956
0.32 1955
0.32 1954
0.32 1953
0.32 1952
0.32 1951
0.32 1950
0.32 1949
0.32 1948
0.32 1947
0.32 1946
0.32 1945
0.32 1944
0.32 1943
0.32 1942
0.32 1941
0.32 1940
0.32 1939
0.32 1938
0.32 1937
0.34 1936
0.34 1935
0.34 1934
0.34 1933
0.34 1932
0.34 1931
2.56 1930
2.56 1929
7.23 1928
7.23 1927
