0.11 5683
0.11 5682
0.11 5681
0.12 5680
0.12 5679
0.12 5678
0.12 5677
0.12 5676
0.13 5675
0.13 5674
0.13 5673
0.14 5672
0.14 5671
0.15 5670
0.15 5669
0.15 5668
0.15 5667
0.16 5666
0.16 5665
0.16 5664
0.16 5663
0.17 5662
0.17 5661
0.17 5660
0.18 5659
0.18 5658
0.18 5657
0.18 5656
0.19 5655
0.19 5654
0.19 5653
0.19 5652
0.20 5651
0.20 5650
0.20 5649
0.20 5648
0.21 5647
0.21 5646
0.21 5645
0.22 5644
0.22 5643
0.22 5642
0.22 5641
0.22 5640
0.23 5639
0.23 5638
0.23 5637
0.24 5636
0.24 5635
0.24 5634
0.24 5633
0.25 5632
0.25 5631
0.25 5630
0.25 5629
0.25 5628
0.26 5627
0.26 5626
0.26 5625
0.26 5624
0.27 5623
0.27 5622
0.27 5621
0.28 5620
0.28 5619
0.28 5618
0.28 5617
0.28 5616
0.29 5615
0.29 5614
0.29 5613
0.29 5612
0.30 5611
0.30 5610
0.30 5609
0.30 5608
0.31 5607
0.31 5606
0.31 5605
0.31 5604
0.32 5603
0.32 5602
0.32 5601
0.32 5600
0.33 5599
0.33 5598
0.33 5597
0.33 5596
0.34 5595
0.34 5594
0.34 5593
0.34 5592
0.35 5591
0.35 5590
0.35 5589
0.36 5588
0.36 5587
0.36 5586
0.36 5585
0.36 5584
0.37 5583
0.37 5582
0.37 5581
0.37 5580
0.38 5579
0.38 5578
0.38 5577
0.38 5576
0.39 5575
0.39 5574
0.39 5573
0.39 5572
0.39 5571
0.40 5570
0.40 5569
0.40 5568
0.41 5567
0.41 5566
0.41 5565
0.41 5564
0.42 5563
0.42 5562
0.42 5561
0.42 5560
0.43 5559
0.43 5558
0.43 5557
0.43 5556
0.44 5555
0.44 5554
0.44 5553
0.44 5552
0.45 5551
0.45 5550
0.45 5549
0.45 5548
0.45 5547
0.46 5546
0.46 5545
0.47 5544
0.47 5543
0.47 5542
0.47 5541
0.48 5540
0.48 5539
0.48 5538
0.48 5537
0.49 5536
0.49 5535
0.49 5534
0.49 5533
0.50 5532
0.50 5531
0.50 5530
0.50 5529
0.50 5528
0.50 5527
0.50 5526
0.50 5525
0.50 5524
0.50 5523
0.52 5522
0.52 5521
0.53 5520
0.53 5519
0.53 5518
0.53 5517
0.53 5516
0.54 5515
0.54 5514
0.54 5513
0.55 5512
0.55 5511
0.55 5510
0.55 5509
0.55 5508
0.56 5507
0.56 5506
0.56 5505
0.57 5504
0.57 5503
0.57 5502
0.57 5501
0.57 5500
0.57 5499
0.57 5498
0.58 5497
0.58 5496
0.58 5495
0.58 5494
0.58 5493
0.58 5492
0.60 5491
0.60 5490
0.60 5489
0.60 5488
0.60 5487
0.60 5486
0.61 5485
0.61 5484
0.61 5483
0.61 5482
0.61 5481
0.61 5480
0.61 5479
0.63 5478
0.63 5477
0.64 5476
0.64 5475
0.64 5474
0.64 5473
0.65 5472
0.65 5471
0.65 5470
0.65 5469
0.65 5468
0.65 5467
0.66 5466
0.66 5465
0.66 5464
0.66 5463
0.66 5462
0.67 5461
0.67 5460
0.68 5459
0.68 5458
0.68 5457
0.68 5456
0.68 5455
0.68 5454
0.69 5453
0.70 5452
0.70 5451
0.70 5450
0.70 5449
0.70 5448
0.70 5447
0.71 5446
0.71 5445
0.71 5444
0.71 5443
0.71 5442
0.71 5441
0.71 5440
0.73 5439
0.73 5438
0.73 5437
0.73 5436
0.73 5435
0.73 5434
0.73 5433
0.74 5432
0.74 5431
0.74 5430
0.74 5429
0.74 5428
0.74 5427
0.74 5426
0.76 5425
0.76 5424
0.76 5423
0.76 5422
0.76 5421
0.76 5420
0.77 5419
0.77 5418
0.77 5417
0.77 5416
0.77 5415
0.79 5414
0.79 5413
0.79 5412
0.79 5411
0.79 5410
0.79 5409
0.79 5408
0.79 5407
0.81 5406
0.81 5405
0.81 5404
0.81 5403
0.81 5402
0.81 5401
0.81 5400
0.82 5399
0.82 5398
0.82 5397
0.83 5396
0.83 5395
0.83 5394
0.83 5393
0.84 5392
0.84 5391
0.84 5390
0.84 5389
0.84 5388
0.84 5387
0.85 5386
0.85 5385
0.85 5384
0.85 5383
0.85 5382
0.85 5381
0.87 5380
0.87 5379
0.87 5378
0.87 5377
0.87 5376
0.87 5375
0.87 5374
0.88 5373
0.89 5372
0.89 5371
0.89 5370
0.89 5369
0.90 5368
0.90 5367
0.90 5366
0.90 5365
0.90 5364
0.90 5363
0.90 5362
0.90 5361
0.92 5360
0.92 5359
0.92 5358
0.92 5357
0.92 5356
0.92 5355
0.93 5354
0.93 5353
0.93 5352
0.93 5351
0.93 5350
0.93 5349
0.93 5348
0.95 5347
0.95 5346
0.96 5345
0.96 5344
0.96 5343
0.97 5342
0.97 5341
0.97 5340
0.97 5339
0.97 5338
0.98 5337
0.98 5336
0.98 5335
0.98 5334
0.99 5333
0.99 5332
0.99 5331
1.00 5330
1.00 5329
1.00 5328
1.00 5327
1.01 5326
1.01 5325
1.01 5324
1.01 5323
1.01 5322
1.02 5321
1.02 5320
1.02 5319
1.03 5318
1.03 5317
1.03 5316
1.03 5315
1.04 5314
1.04 5313
1.04 5312
1.04 5311
1.04 5310
1.04 5309
1.06 5308
1.06 5307
1.06 5306
1.07 5305
1.07 5304
1.07 5303
1.07 5302
1.08 5301
1.08 5300
1.08 5299
1.08 5298
1.09 5297
1.09 5296
1.09 5295
1.09 5294
1.10 5293
1.10 5292
1.10 5291
1.10 5290
1.11 5289
1.11 5288
1.11 5287
1.11 5286
1.12 5285
1.12 5284
1.12 5283
1.12 5282
1.13 5281
1.13 5280
1.13 5279
1.13 5278
1.14 5277
1.14 5276
1.14 5275
1.14 5274
1.14 5273
1.15 5272
1.15 5271
1.15 5270
1.15 5269
1.16 5268
1.16 5267
1.16 5266
1.16 5265
1.16 5264
1.17 5263
1.17 5262
1.17 5261
1.17 5260
1.18 5259
1.18 5258
1.18 5257
1.18 5256
1.19 5255
1.19 5254
1.19 5253
1.19 5252
1.19 5251
1.20 5250
1.20 5249
1.20 5248
1.20 5247
1.21 5246
1.21 5245
1.21 5244
1.21 5243
1.22 5242
1.22 5241
1.22 5240
1.22 5239
1.23 5238
1.23 5237
1.23 5236
1.23 5235
1.24 5234
1.24 5233
1.24 5232
1.24 5231
1.25 5230
1.25 5229
1.25 5228
1.25 5227
1.26 5226
1.26 5225
1.26 5224
1.27 5223
1.27 5222
1.27 5221
1.27 5220
1.27 5219
1.28 5218
1.28 5217
1.28 5216
1.28 5215
1.29 5214
1.29 5213
1.29 5212
1.29 5211
1.29 5210
1.29 5209
1.29 5208
1.30 5207
1.30 5206
1.30 5205
1.30 5204
1.30 5203
1.30 5202
1.32 5201
1.32 5200
1.32 5199
1.32 5198
1.32 5197
1.32 5196
1.32 5195
1.34 5194
1.34 5193
1.34 5192
1.34 5191
1.34 5190
1.34 5189
1.35 5188
1.35 5187
1.35 5186
1.35 5185
1.35 5184
1.35 5183
1.35 5182
1.37 5181
1.37 5180
1.37 5179
1.37 5178
1.37 5177
1.37 5176
1.38 5175
1.38 5174
1.38 5173
1.38 5172
1.38 5171
1.38 5170
1.40 5169
1.40 5168
1.40 5167
1.40 5166
1.40 5165
1.40 5164
1.41 5163
1.41 5162
1.42 5161
1.42 5160
1.42 5159
1.42 5158
1.42 5157
1.43 5156
1.43 5155
1.43 5154
1.43 5153
1.43 5152
1.43 5151
1.43 5150
1.43 5149
1.45 5148
1.45 5147
1.45 5146
1.45 5145
1.45 5144
1.45 5143
1.45 5142
1.45 5141
1.46 5140
1.46 5139
1.46 5138
1.46 5137
1.46 5136
1.46 5135
1.47 5134
1.47 5133
1.48 5132
1.48 5131
1.48 5130
1.48 5129
1.48 5128
1.48 5127
1.48 5126
1.49 5125
1.49 5124
1.50 5123
1.50 5122
1.50 5121
1.50 5120
1.50 5119
1.50 5118
1.51 5117
1.51 5116
1.51 5115
1.51 5114
1.51 5113
1.51 5112
1.51 5111
1.51 5110
1.53 5109
1.53 5108
1.53 5107
1.54 5106
1.54 5105
1.54 5104
1.54 5103
1.54 5102
1.55 5101
1.55 5100
1.55 5099
1.55 5098
1.55 5097
1.56 5096
1.56 5095
1.56 5094
1.56 5093
1.57 5092
1.57 5091
1.57 5090
1.57 5089
1.57 5088
1.57 5087
1.57 5086
1.57 5085
1.57 5084
1.57 5083
1.59 5082
1.59 5081
1.59 5080
1.59 5079
1.59 5078
1.60 5077
1.60 5076
1.60 5075
1.60 5074
1.60 5073
1.61 5072
1.61 5071
1.61 5070
1.61 5069
1.61 5068
1.62 5067
1.62 5066
1.62 5065
1.62 5064
1.62 5063
1.62 5062
1.62 5061
1.62 5060
1.63 5059
1.64 5058
1.64 5057
1.64 5056
1.64 5055
1.64 5054
1.64 5053
1.65 5052
1.65 5051
1.65 5050
1.65 5049
1.65 5048
1.65 5047
1.65 5046
1.65 5045
1.67 5044
1.67 5043
1.67 5042
1.67 5041
1.67 5040
1.67 5039
1.67 5038
1.67 5037
1.68 5036
1.68 5035
1.68 5034
1.68 5033
1.68 5032
1.68 5031
1.68 5030
1.70 5029
1.70 5028
1.70 5027
1.70 5026
1.70 5025
1.70 5024
1.70 5023
1.70 5022
1.70 5021
1.71 5020
1.71 5019
1.71 5018
1.71 5017
1.71 5016
1.71 5015
1.71 5014
1.73 5013
1.73 5012
1.73 5011
1.73 5010
1.73 5009
1.73 5008
1.73 5007
1.73 5006
1.74 5005
1.74 5004
1.74 5003
1.74 5002
1.74 5001
1.74 5000
1.74 4999
1.76 4998
1.76 4997
1.76 4996
1.76 4995
1.76 4994
1.76 4993
1.77 4992
1.78 4991
1.78 4990
1.78 4989
1.78 4988
1.78 4987
1.78 4986
1.78 4985
1.79 4984
1.79 4983
1.79 4982
1.79 4981
1.79 4980
1.79 4979
1.79 4978
1.81 4977
1.81 4976
1.81 4975
1.81 4974
1.81 4973
1.81 4972
1.81 4971
1.82 4970
1.82 4969
1.82 4968
1.82 4967
1.82 4966
1.82 4965
1.82 4964
1.84 4963
1.84 4962
1.84 4961
1.84 4960
1.84 4959
1.84 4958
1.84 4957
1.85 4956
1.85 4955
1.85 4954
1.85 4953
1.85 4952
1.85 4951
1.85 4950
1.87 4949
1.87 4948
1.87 4947
1.87 4946
1.87 4945
1.87 4944
1.87 4943
1.89 4942
1.89 4941
1.89 4940
1.89 4939
1.89 4938
1.89 4937
1.89 4936
1.89 4935
1.90 4934
1.90 4933
1.90 4932
1.90 4931
1.90 4930
1.90 4929
1.90 4928
1.92 4927
1.92 4926
1.92 4925
1.93 4924
1.93 4923
1.93 4922
1.93 4921
1.93 4920
1.94 4919
1.94 4918
1.94 4917
1.94 4916
1.94 4915
1.95 4914
1.95 4913
1.95 4912
1.95 4911
1.96 4910
1.96 4909
1.97 4908
1.97 4907
1.97 4906
1.97 4905
1.97 4904
1.98 4903
1.98 4902
1.98 4901
1.98 4900
1.98 4899
1.99 4898
1.99 4897
1.99 4896
1.99 4895
2.00 4894
2.00 4893
2.00 4892
2.00 4891
2.00 4890
2.00 4889
2.00 4888
2.00 4887
2.00 4886
2.00 4885
2.00 4884
2.02 4883
2.02 4882
2.02 4881
2.02 4880
2.02 4879
2.02 4878
2.02 4877
2.03 4876
2.03 4875
2.03 4874
2.03 4873
2.03 4872
2.03 4871
2.03 4870
2.03 4869
2.05 4868
2.05 4867
2.06 4866
2.06 4865
2.06 4864
2.06 4863
2.07 4862
2.07 4861
2.07 4860
2.07 4859
2.07 4858
2.08 4857
2.09 4856
2.09 4855
2.09 4854
2.09 4853
2.10 4852
2.10 4851
2.10 4850
2.11 4849
2.11 4848
2.11 4847
2.12 4846
2.12 4845
2.12 4844
2.12 4843
2.12 4842
2.14 4841
2.14 4840
2.14 4839
2.14 4838
2.15 4837
2.15 4836
2.16 4835
2.16 4834
2.16 4833
2.16 4832
2.17 4831
2.17 4830
2.17 4829
2.17 4828
2.18 4827
2.18 4826
2.18 4825
2.18 4824
2.18 4823
2.18 4822
2.18 4821
2.18 4820
2.18 4819
2.20 4818
2.20 4817
2.20 4816
2.20 4815
2.21 4814
2.21 4813
2.21 4812
2.21 4811
2.21 4810
2.21 4809
2.21 4808
2.21 4807
2.21 4806
2.21 4805
2.23 4804
2.23 4803
2.23 4802
2.23 4801
2.23 4800
2.23 4799
2.23 4798
2.25 4797
2.25 4796
2.25 4795
2.25 4794
2.25 4793
2.26 4792
2.26 4791
2.26 4790
2.26 4789
2.27 4788
2.27 4787
2.27 4786
2.28 4785
2.28 4784
2.28 4783
2.28 4782
2.28 4781
2.28 4780
2.29 4779
2.29 4778
2.30 4777
2.30 4776
2.30 4775
2.30 4774
2.31 4773
2.31 4772
2.31 4771
2.31 4770
2.31 4769
2.32 4768
2.32 4767
2.32 4766
2.32 4765
2.33 4764
2.33 4763
2.33 4762
2.33 4761
2.34 4760
2.34 4759
2.34 4758
2.34 4757
2.34 4756
2.35 4755
2.35 4754
2.35 4753
2.36 4752
2.36 4751
2.36 4750
2.36 4749
2.36 4748
2.37 4747
2.37 4746
2.37 4745
2.37 4744
2.38 4743
2.38 4742
2.38 4741
2.38 4740
2.39 4739
2.39 4738
2.39 4737
2.39 4736
2.40 4735
2.40 4734
2.40 4733
2.40 4732
2.40 4731
2.41 4730
2.41 4729
2.41 4728
2.41 4727
2.42 4726
2.42 4725
2.42 4724
2.42 4723
2.43 4722
2.43 4721
2.43 4720
2.43 4719
2.43 4718
2.44 4717
2.44 4716
2.44 4715
2.44 4714
2.45 4713
2.45 4712
2.45 4711
2.45 4710
2.46 4709
2.46 4708
2.46 4707
2.46 4706
2.47 4705
2.47 4704
2.47 4703
2.47 4702
2.48 4701
2.48 4700
2.48 4699
2.48 4698
2.49 4697
2.49 4696
2.49 4695
2.49 4694
2.50 4693
2.50 4692
2.50 4691
2.50 4690
2.50 4689
2.51 4688
2.51 4687
2.51 4686
2.51 4685
2.52 4684
2.52 4683
2.52 4682
2.52 4681
2.53 4680
2.53 4679
2.53 4678
2.54 4677
2.54 4676
2.54 4675
2.55 4674
2.55 4673
2.55 4672
2.55 4671
2.55 4670
2.56 4669
2.56 4668
2.56 4667
2.56 4666
2.57 4665
2.57 4664
2.57 4663
2.57 4662
2.58 4661
2.58 4660
2.58 4659
2.58 4658
2.59 4657
2.59 4656
2.59 4655
2.59 4654
2.60 4653
2.60 4652
2.60 4651
2.60 4650
12.90 3306
12.90 3305
