1.04 1999
1.04 1998
1.04 1997
1.04 1996
1.04 1995
1.04 1994
1.04 1993
1.04 1992
1.05 1991
1.05 1990
1.05 1989
1.05 1988
1.05 1987
1.05 1986
1.05 1985
1.05 1984
1.06 1983
1.06 1982
1.06 1981
1.06 1980
1.06 1979
1.06 1978
1.06 1977
1.06 1976
1.06 1975
1.06 1974
1.06 1973
1.06 1972
1.06 1971
1.06 1970
1.06 1969
1.06 1968
1.06 1967
1.06 1966
1.06 1965
1.06 1964
1.06 1963
1.07 1962
1.07 1961
1.07 1960
1.07 1959
1.07 1958
1.07 1957
1.07 1956
1.07 1955
1.07 1954
1.07 1953
1.07 1952
1.07 1951
1.07 1950
1.07 1949
1.07 1948
1.07 1947
1.07 1946
1.07 1945
1.07 1944
1.07 1943
1.07 1942
1.07 1941
1.08 1940
1.08 1939
1.08 1938
1.08 1937
1.08 1936
1.08 1935
1.08 1934
1.08 1933
1.08 1932
1.08 1931
1.08 1930
1.08 1929
1.08 1928
1.08 1927
1.08 1926
1.08 1925
1.08 1924
1.08 1923
1.08 1922
1.08 1921
1.08 1920
1.09 1919
1.09 1918
1.09 1917
1.09 1916
1.09 1915
1.09 1914
1.09 1913
1.09 1912
1.09 1911
1.09 1910
1.09 1909
1.09 1908
1.09 1907
1.09 1906
1.09 1905
1.09 1904
1.09 1903
1.09 1902
1.09 1901
1.09 1900
1.09 1899
1.09 1898
1.09 1897
1.09 1896
1.09 1895
1.09 1894
1.09 1893
1.09 1892
1.09 1891
1.09 1890
1.09 1889
1.09 1888
1.09 1887
1.09 1886
1.09 1885
1.09 1884
1.09 1883
1.09 1882
1.10 1881
1.10 1880
1.10 1879
1.10 1878
1.10 1877
1.10 1876
1.10 1875
1.10 1874
1.10 1873
1.10 1872
1.10 1871
1.10 1870
1.10 1869
1.10 1868
1.10 1867
1.10 1866
1.10 1865
1.10 1864
1.10 1863
1.10 1862
1.10 1861
1.10 1860
1.10 1859
1.10 1858
1.10 1857
1.10 1856
1.10 1855
1.10 1854
1.10 1853
1.10 1852
1.10 1851
1.10 1850
1.10 1849
1.10 1848
1.10 1847
1.12 1846
1.12 1845
1.12 1844
1.12 1843
1.12 1842
1.12 1841
1.12 1840
1.12 1839
1.12 1838
1.12 1837
1.12 1836
1.12 1835
1.12 1834
1.12 1833
1.12 1832
1.12 1831
1.12 1830
1.12 1829
1.12 1828
1.12 1827
1.12 1826
1.12 1825
1.12 1824
1.12 1823
1.12 1822
1.12 1821
1.12 1820
1.12 1819
1.12 1818
1.12 1817
1.12 1816
1.12 1815
1.12 1814
1.12 1813
1.12 1812
1.13 1811
1.13 1810
1.13 1809
1.13 1808
1.13 1807
1.13 1806
1.13 1805
1.13 1804
1.13 1803
1.13 1802
1.13 1801
1.13 1800
1.13 1799
1.13 1798
1.13 1797
1.13 1796
1.13 1795
1.13 1794
1.13 1793
1.13 1792
1.13 1791
1.13 1790
1.13 1789
1.13 1788
1.13 1787
1.13 1786
1.13 1785
1.13 1784
1.13 1783
1.13 1782
1.13 1781
1.13 1780
1.13 1779
1.13 1778
1.13 1777
1.13 1776
1.13 1775
1.13 1774
1.13 1773
1.15 1772
1.15 1771
1.15 1770
1.15 1769
1.15 1768
1.15 1767
1.15 1766
1.15 1765
1.15 1764
1.15 1763
1.15 1762
1.15 1761
1.15 1760
1.15 1759
1.15 1758
1.15 1757
1.15 1756
1.15 1755
1.15 1754
1.17 1753
1.17 1752
1.17 1751
1.17 1750
1.17 1749
1.17 1748
1.17 1747
1.17 1746
1.17 1745
1.17 1744
1.17 1743
1.17 1742
1.17 1741
1.17 1740
1.17 1739
1.17 1738
1.17 1737
1.17 1736
1.17 1735
1.17 1734
1.17 1733
1.17 1732
1.18 1731
1.18 1730
1.18 1729
1.18 1728
1.18 1727
1.18 1726
1.18 1725
1.18 1724
1.18 1723
1.19 1722
1.19 1721
1.19 1720
1.19 1719
1.19 1718
1.19 1717
1.19 1716
1.19 1715
1.19 1714
1.19 1713
1.20 1712
1.20 1711
1.20 1710
1.20 1709
1.20 1708
1.20 1707
1.20 1706
1.20 1705
1.20 1704
1.20 1703
1.20 1702
1.20 1701
1.20 1700
1.20 1699
1.20 1698
1.20 1697
1.20 1696
1.20 1695
1.20 1694
1.20 1693
1.20 1692
1.20 1691
1.20 1690
1.20 1689
1.20 1688
1.20 1687
1.20 1686
1.20 1685
1.20 1684
1.20 1683
1.20 1682
1.20 1681
1.20 1680
1.20 1679
1.20 1678
1.20 1677
1.20 1676
1.21 1675
1.21 1674
1.21 1673
1.21 1672
1.21 1671
1.21 1670
1.21 1669
1.21 1668
1.21 1667
1.21 1666
1.21 1665
1.21 1664
1.21 1663
1.21 1662
1.21 1661
1.21 1660
1.21 1659
1.21 1658
1.21 1657
1.21 1656
1.21 1655
1.21 1654
1.21 1653
1.21 1652
1.21 1651
1.21 1650
1.21 1649
1.21 1648
1.21 1647
1.21 1646
1.21 1645
1.21 1644
1.21 1643
1.21 1642
1.21 1641
1.21 1640
1.21 1639
1.21 1638
1.21 1637
1.23 1636
1.23 1635
1.23 1634
1.23 1633
1.23 1632
1.23 1631
1.23 1630
1.23 1629
1.23 1628
1.23 1627
1.23 1626
1.23 1625
1.23 1624
1.23 1623
1.23 1622
1.23 1621
1.23 1620
1.23 1619
1.23 1618
1.23 1617
1.23 1616
1.23 1615
1.23 1614
1.23 1613
1.23 1612
1.23 1611
1.23 1610
1.23 1609
1.23 1608
1.23 1607
1.25 1606
1.25 1605
1.25 1604
1.25 1603
1.25 1602
1.25 1601
1.25 1600
1.25 1599
1.25 1598
1.25 1597
1.25 1596
1.25 1595
1.25 1594
1.25 1593
1.25 1592
1.25 1591
1.25 1590
1.25 1589
1.25 1588
1.25 1587
1.25 1586
1.25 1585
1.25 1584
1.25 1583
1.25 1582
1.25 1581
1.25 1580
1.25 1579
1.25 1578
1.25 1577
1.25 1576
1.25 1575
1.25 1574
1.25 1573
1.25 1572
1.25 1571
1.25 1570
1.26 1569
1.26 1568
1.26 1567
1.26 1566
1.26 1565
1.26 1564
1.26 1563
1.26 1562
1.26 1561
1.26 1560
1.26 1559
1.26 1558
1.26 1557
1.26 1556
1.26 1555
1.26 1554
1.26 1553
1.26 1552
1.26 1551
1.26 1550
1.26 1549
1.26 1548
1.26 1547
1.26 1546
1.26 1545
1.26 1544
1.26 1543
1.26 1542
1.26 1541
1.26 1540
1.26 1539
1.26 1538
1.26 1537
1.26 1536
1.26 1535
1.28 1534
1.28 1533
1.28 1532
1.28 1531
1.28 1530
1.28 1529
1.28 1528
1.28 1527
1.28 1526
1.28 1525
1.28 1524
1.28 1523
1.28 1522
1.28 1521
1.28 1520
1.28 1519
1.28 1518
1.28 1517
1.28 1516
1.28 1515
1.28 1514
1.28 1513
1.28 1512
1.28 1511
1.28 1510
1.28 1509
1.28 1508
1.28 1507
1.28 1506
1.28 1505
1.28 1504
1.29 1503
1.29 1502
1.29 1501
1.29 1500
1.29 1499
1.29 1498
1.29 1497
1.29 1496
1.29 1495
1.29 1494
1.29 1493
1.29 1492
1.29 1491
1.29 1490
1.29 1489
1.29 1488
1.29 1487
1.29 1486
1.29 1485
1.29 1484
1.29 1483
1.29 1482
1.29 1481
1.29 1480
1.29 1479
1.29 1478
1.29 1477
1.29 1476
1.29 1475
1.29 1474
1.29 1473
1.29 1472
1.29 1471
1.29 1470
1.29 1469
1.29 1468
1.29 1467
1.29 1466
1.29 1465
1.29 1464
1.29 1463
1.29 1462
1.29 1461
1.29 1460
1.29 1459
1.29 1458
1.31 1457
1.31 1456
1.31 1455
1.31 1454
1.31 1453
1.31 1452
1.31 1451
1.31 1450
1.31 1449
1.31 1448
1.31 1447
1.31 1446
1.31 1445
1.31 1444
1.31 1443
1.31 1442
1.31 1441
1.31 1440
1.31 1439
1.31 1438
1.31 1437
1.31 1436
1.31 1435
1.31 1434
1.31 1433
1.31 1432
1.31 1431
1.31 1430
1.31 1429
1.31 1428
1.31 1427
1.31 1426
1.31 1425
1.31 1424
1.31 1423
1.31 1422
1.31 1421
1.31 1420
1.33 1419
1.33 1418
1.33 1417
1.33 1416
1.33 1415
1.33 1414
1.33 1413
1.33 1412
1.33 1411
1.33 1410
1.33 1409
1.33 1408
1.33 1407
1.33 1406
1.33 1405
1.33 1404
1.33 1403
1.33 1402
1.33 1401
1.33 1400
1.33 1399
1.33 1398
1.33 1397
1.33 1396
1.33 1395
1.33 1394
1.33 1393
1.33 1392
1.33 1391
1.34 1390
1.34 1389
1.34 1388
1.34 1387
1.34 1386
1.34 1385
1.34 1384
1.34 1383
1.34 1382
1.34 1381
1.34 1380
1.34 1379
1.34 1378
1.34 1377
1.34 1376
1.34 1375
1.34 1374
1.34 1373
1.34 1372
1.34 1371
1.34 1370
1.34 1369
1.34 1368
1.34 1367
1.34 1366
1.34 1365
1.34 1364
1.34 1363
1.34 1362
1.34 1361
1.34 1360
1.34 1359
1.36 1358
1.36 1357
1.36 1356
1.36 1355
1.36 1354
1.36 1353
1.36 1352
1.36 1351
1.36 1350
1.36 1349
1.36 1348
1.36 1347
1.36 1346
1.36 1345
1.36 1344
1.36 1343
1.36 1342
1.36 1341
1.36 1340
1.36 1339
1.36 1338
1.36 1337
1.36 1336
1.36 1335
1.36 1334
1.36 1333
1.36 1332
1.36 1331
1.36 1330
1.36 1329
1.36 1328
1.36 1327
1.37 1326
1.37 1325
1.37 1324
1.37 1323
1.37 1322
1.37 1321
1.37 1320
1.37 1319
1.37 1318
1.37 1317
1.37 1316
1.37 1315
1.37 1314
1.37 1313
1.37 1312
1.37 1311
1.37 1310
1.37 1309
1.37 1308
1.37 1307
1.37 1306
1.37 1305
1.37 1304
1.37 1303
1.37 1302
1.37 1301
1.37 1300
1.37 1299
1.37 1298
1.37 1297
1.39 1296
1.39 1295
1.39 1294
1.39 1293
1.39 1292
1.39 1291
1.39 1290
1.39 1289
1.39 1288
1.39 1287
1.39 1286
1.39 1285
1.39 1284
1.39 1283
1.39 1282
1.39 1281
1.39 1280
1.39 1279
1.39 1278
1.39 1277
1.39 1276
1.39 1275
1.39 1274
1.39 1273
1.39 1272
1.39 1271
1.39 1270
1.39 1269
1.39 1268
1.39 1267
1.39 1266
1.39 1265
1.39 1264
1.39 1263
1.39 1262
1.39 1261
1.39 1260
1.39 1259
1.40 1258
1.40 1257
1.40 1256
1.40 1255
1.40 1254
1.40 1253
1.40 1252
1.40 1251
1.40 1250
1.40 1249
1.40 1248
1.40 1247
1.40 1246
1.40 1245
1.40 1244
1.40 1243
1.40 1242
1.40 1241
1.40 1240
1.40 1239
1.40 1238
1.40 1237
1.40 1236
1.40 1235
1.40 1234
1.40 1233
1.40 1232
1.40 1231
1.40 1230
1.40 1229
1.40 1228
1.40 1227
1.40 1226
1.40 1225
1.42 1224
1.42 1223
1.42 1222
1.42 1221
1.42 1220
1.42 1219
1.42 1218
1.42 1217
1.42 1216
1.42 1215
1.42 1214
1.42 1213
1.42 1212
1.42 1211
1.42 1210
1.42 1209
1.42 1208
1.42 1207
1.42 1206
1.42 1205
1.42 1204
1.42 1203
1.42 1202
1.42 1201
1.42 1200
1.42 1199
1.42 1198
1.42 1197
1.42 1196
1.42 1195
1.42 1194
1.42 1193
1.42 1192
1.42 1191
1.44 1190
1.44 1189
1.44 1188
1.44 1187
1.44 1186
1.44 1185
1.44 1184
1.44 1183
1.44 1182
1.44 1181
1.44 1180
1.44 1179
1.44 1178
1.44 1177
1.44 1176
1.44 1175
1.44 1174
1.44 1173
1.44 1172
1.44 1171
1.44 1170
1.44 1169
1.44 1168
1.44 1167
1.44 1166
1.44 1165
1.44 1164
1.44 1163
1.44 1162
1.45 1161
1.45 1160
1.45 1159
1.45 1158
1.45 1157
1.45 1156
1.45 1155
1.45 1154
1.45 1153
1.45 1152
1.45 1151
1.45 1150
1.45 1149
1.45 1148
1.45 1147
1.45 1146
1.45 1145
1.45 1144
1.45 1143
1.45 1142
1.45 1141
1.45 1140
1.45 1139
1.45 1138
1.45 1137
1.45 1136
1.45 1135
1.45 1134
1.45 1133
1.45 1132
1.45 1131
1.45 1130
1.45 1129
1.45 1128
1.45 1127
1.45 1126
1.45 1125
1.45 1124
1.45 1123
1.45 1122
1.45 1121
1.45 1120
1.47 1119
1.47 1118
1.47 1117
1.47 1116
1.47 1115
1.47 1114
1.47 1113
1.47 1112
1.47 1111
1.47 1110
1.47 1109
1.47 1108
1.47 1107
1.47 1106
1.47 1105
1.47 1104
1.47 1103
1.47 1102
1.47 1101
1.47 1100
1.47 1099
1.47 1098
1.47 1097
1.47 1096
1.47 1095
1.47 1094
1.47 1093
1.47 1092
1.47 1091
1.47 1090
1.47 1089
1.47 1088
1.47 1087
1.47 1086
1.47 1085
1.47 1084
1.47 1083
1.47 1082
1.47 1081
1.47 1080
1.47 1079
1.48 1078
1.48 1077
1.48 1076
1.48 1075
1.48 1074
1.48 1073
1.48 1072
1.48 1071
1.48 1070
1.48 1069
1.48 1068
1.48 1067
1.48 1066
1.48 1065
1.48 1064
1.48 1063
1.48 1062
1.48 1061
1.48 1060
1.48 1059
1.48 1058
1.48 1057
1.49 1056
1.49 1055
1.49 1054
1.49 1053
1.49 1052
1.49 1051
1.49 1050
1.49 1049
1.49 1048
1.49 1047
1.49 1046
1.49 1045
1.49 1044
1.49 1043
1.49 1042
1.49 1041
1.49 1040
1.49 1039
1.49 1038
1.49 1037
1.50 1036
1.50 1035
1.50 1034
1.50 1033
1.50 1032
1.50 1031
1.50 1030
1.50 1029
1.50 1028
1.50 1027
1.50 1026
1.50 1025
1.50 1024
1.50 1023
1.50 1022
1.50 1021
1.50 1020
1.50 1019
1.50 1018
1.50 1017
1.50 1016
1.50 1015
1.50 1014
1.50 1013
1.50 1012
1.50 1011
1.50 1010
1.50 1009
1.50 1008
1.50 1007
1.50 1006
1.50 1005
1.50 1004
1.50 1003
1.50 1002
1.50 1001
1.50 1000
