1.51 1959
1.51 1958
1.51 1957
1.51 1956
1.51 1955
1.51 1954
1.51 1953
1.51 1952
1.51 1951
1.52 1950
1.52 1949
1.52 1948
1.52 1947
1.52 1946
1.52 1945
1.52 1944
1.52 1943
1.52 1942
1.52 1941
1.52 1940
1.52 1939
1.52 1938
1.52 1937
1.52 1936
1.52 1935
1.54 1934
1.54 1933
1.54 1932
1.54 1931
1.54 1930
1.54 1929
1.54 1928
1.54 1927
1.54 1926
1.54 1925
1.54 1924
1.54 1923
1.54 1922
1.54 1921
1.54 1920
1.54 1919
1.56 1918
1.56 1917
1.56 1916
1.56 1915
1.56 1914
1.56 1913
1.56 1912
1.56 1911
1.56 1910
1.56 1909
1.56 1908
1.56 1907
1.56 1906
1.56 1905
1.56 1904
1.57 1903
1.57 1902
1.57 1901
1.57 1900
1.57 1899
1.57 1898
1.57 1897
1.57 1896
1.57 1895
1.57 1894
1.57 1893
1.57 1892
1.57 1891
1.57 1890
1.57 1889
1.59 1888
1.59 1887
1.59 1886
1.59 1885
1.59 1884
1.59 1883
1.59 1882
1.59 1881
1.59 1880
1.59 1879
1.59 1878
1.59 1877
1.59 1876
1.59 1875
1.59 1874
1.59 1873
1.59 1872
1.60 1871
1.60 1870
1.60 1869
1.60 1868
1.60 1867
1.60 1866
1.60 1865
1.60 1864
1.60 1863
1.60 1862
1.60 1861
1.60 1860
1.60 1859
1.60 1858
1.60 1857
1.60 1856
1.60 1855
1.62 1854
1.62 1853
1.62 1852
1.62 1851
1.62 1850
1.62 1849
1.62 1848
1.62 1847
1.62 1846
1.62 1845
1.62 1844
1.62 1843
1.62 1842
1.62 1841
1.62 1840
1.63 1839
1.63 1838
1.63 1837
1.63 1836
1.63 1835
1.63 1834
1.64 1833
1.64 1832
1.64 1831
1.64 1830
1.64 1829
1.64 1828
1.64 1827
1.64 1826
1.65 1825
1.65 1824
1.65 1823
1.65 1822
1.65 1821
1.65 1820
1.65 1819
1.65 1818
1.65 1817
1.65 1816
1.65 1815
1.65 1814
1.65 1813
1.65 1812
1.65 1811
1.67 1810
1.67 1809
1.67 1808
1.67 1807
1.67 1806
1.67 1805
1.67 1804
1.67 1803
1.67 1802
1.67 1801
1.67 1800
1.67 1799
1.67 1798
1.68 1797
1.68 1796
1.68 1795
1.68 1794
1.68 1793
1.68 1792
1.68 1791
1.68 1790
1.68 1789
1.68 1788
1.68 1787
1.68 1786
1.68 1785
1.68 1784
1.68 1783
1.68 1782
1.68 1781
1.70 1780
1.70 1779
1.70 1778
1.70 1777
1.70 1776
1.70 1775
1.70 1774
1.70 1773
1.70 1772
1.70 1771
1.70 1770
1.70 1769
1.70 1768
1.70 1767
1.70 1766
1.70 1765
1.71 1764
1.71 1763
1.71 1762
1.71 1761
1.71 1760
1.71 1759
1.71 1758
1.71 1757
1.71 1756
1.71 1755
1.71 1754
1.71 1753
1.71 1752
1.71 1751
1.73 1750
1.73 1749
1.73 1748
1.73 1747
1.73 1746
1.73 1745
1.73 1744
1.74 1743
1.74 1742
1.74 1741
1.74 1740
1.74 1739
1.74 1738
1.74 1737
1.74 1736
1.74 1735
1.74 1734
1.75 1733
1.75 1732
1.75 1731
1.75 1730
1.75 1729
1.75 1728
1.75 1727
1.75 1726
1.75 1725
1.75 1724
1.75 1723
1.75 1722
1.75 1721
1.75 1720
1.75 1719
1.75 1718
1.75 1717
1.75 1716
1.76 1715
1.76 1714
1.76 1713
1.76 1712
1.76 1711
1.76 1710
1.76 1709
1.76 1708
1.77 1707
1.77 1706
1.77 1705
1.77 1704
1.77 1703
1.77 1702
1.77 1701
1.77 1700
1.77 1699
1.77 1698
1.78 1697
1.78 1696
1.78 1695
1.78 1694
1.78 1693
1.78 1692
1.78 1691
1.78 1690
1.78 1689
1.78 1688
1.78 1687
1.78 1686
1.78 1685
1.78 1684
1.78 1683
1.78 1682
1.78 1681
1.79 1680
1.79 1679
1.79 1678
1.79 1677
1.79 1676
1.79 1675
1.79 1674
1.79 1673
1.79 1672
1.79 1671
1.79 1670
1.79 1669
1.79 1668
1.79 1667
1.79 1666
1.79 1665
1.81 1664
1.81 1663
1.81 1662
1.81 1661
1.81 1660
1.81 1659
1.81 1658
1.81 1657
1.81 1656
1.81 1655
1.81 1654
1.81 1653
1.81 1652
1.81 1651
1.81 1650
1.81 1649
1.81 1648
1.83 1647
1.83 1646
1.83 1645
1.83 1644
1.83 1643
1.83 1642
1.83 1641
1.83 1640
1.83 1639
1.83 1638
1.83 1637
1.83 1636
1.83 1635
1.83 1634
1.84 1633
1.84 1632
1.84 1631
1.84 1630
1.84 1629
1.84 1628
1.84 1627
1.84 1626
1.84 1625
1.84 1624
1.84 1623
1.84 1622
1.84 1621
1.84 1620
1.84 1619
1.84 1618
1.84 1617
1.84 1616
1.86 1615
1.86 1614
1.86 1613
1.86 1612
1.86 1611
1.86 1610
1.86 1609
1.86 1608
1.86 1607
1.86 1606
1.86 1605
1.86 1604
1.86 1603
1.86 1602
1.86 1601
1.86 1600
1.87 1599
1.87 1598
1.87 1597
1.87 1596
1.87 1595
1.87 1594
1.87 1593
1.87 1592
1.87 1591
1.87 1590
1.87 1589
1.87 1588
1.87 1587
1.87 1586
1.89 1585
1.89 1584
1.89 1583
1.89 1582
1.89 1581
1.89 1580
1.89 1579
1.89 1578
1.89 1577
1.89 1576
1.89 1575
1.89 1574
1.89 1573
1.89 1572
1.89 1571
1.89 1570
1.90 1569
1.90 1568
1.90 1567
1.90 1566
1.90 1565
1.90 1564
1.90 1563
1.90 1562
1.90 1561
1.90 1560
1.90 1559
1.90 1558
1.90 1557
1.90 1556
1.90 1555
1.90 1554
1.92 1553
1.92 1552
1.92 1551
1.92 1550
1.92 1549
1.92 1548
1.92 1547
1.92 1546
1.92 1545
1.92 1544
1.92 1543
1.92 1542
1.92 1541
1.94 1540
1.94 1539
1.94 1538
1.94 1537
1.94 1536
1.94 1535
1.94 1534
1.94 1533
1.94 1532
1.94 1531
1.94 1530
1.94 1529
1.94 1528
1.95 1527
1.95 1526
1.95 1525
1.95 1524
1.95 1523
1.95 1522
1.95 1521
1.95 1520
1.95 1519
1.95 1518
1.95 1517
1.95 1516
1.97 1515
1.97 1514
1.97 1513
1.97 1512
1.97 1511
1.97 1510
1.97 1509
1.97 1508
1.97 1507
1.97 1506
1.97 1505
1.97 1504
1.97 1503
1.98 1502
1.98 1501
1.98 1500
1.98 1499
1.98 1498
1.98 1497
1.98 1496
1.98 1495
1.98 1494
1.98 1493
1.98 1492
1.98 1491
1.98 1490
1.98 1489
1.98 1488
1.98 1487
1.98 1486
1.98 1485
2.00 1484
2.00 1483
2.00 1482
2.00 1481
2.00 1480
2.00 1479
2.00 1478
2.00 1477
2.00 1476
2.00 1475
2.00 1474
2.00 1473
2.00 1472
2.00 1471
2.00 1470
2.00 1469
2.00 1468
2.00 1467
2.02 1466
2.02 1465
2.02 1464
2.02 1463
2.02 1462
2.02 1461
2.02 1460
2.02 1459
2.02 1458
2.02 1457
2.02 1456
2.02 1455
2.02 1454
2.02 1453
2.02 1452
2.02 1451
2.02 1450
2.03 1449
2.03 1448
2.03 1447
2.03 1446
2.03 1445
2.03 1444
2.03 1443
2.03 1442
2.03 1441
2.03 1440
2.04 1439
2.04 1438
2.04 1437
2.04 1436
2.04 1435
2.05 1434
2.05 1433
2.05 1432
2.05 1431
2.05 1430
2.05 1429
2.05 1428
2.05 1427
2.05 1426
2.05 1425
2.05 1424
2.05 1423
2.05 1422
2.05 1421
2.05 1420
2.05 1419
2.05 1418
2.06 1417
2.06 1416
2.06 1415
2.06 1414
2.06 1413
2.06 1412
2.06 1411
2.06 1410
2.06 1409
2.06 1408
2.06 1407
2.06 1406
2.06 1405
2.06 1404
2.06 1403
2.06 1402
2.06 1401
2.08 1400
2.08 1399
2.08 1398
2.08 1397
2.08 1396
2.08 1395
2.08 1394
2.08 1393
2.08 1392
2.08 1391
2.08 1390
2.08 1389
2.08 1388
2.08 1387
2.08 1386
2.09 1385
2.09 1384
2.09 1383
2.09 1382
2.09 1381
2.09 1380
2.09 1379
2.09 1378
2.09 1377
2.09 1376
2.09 1375
2.09 1374
2.09 1373
2.11 1372
2.11 1371
2.11 1370
2.11 1369
2.11 1368
2.11 1367
2.11 1366
2.11 1365
2.11 1364
2.11 1363
2.11 1362
2.11 1361
2.11 1360
2.13 1359
2.13 1358
2.13 1357
2.13 1356
2.13 1355
2.13 1354
2.13 1353
2.13 1352
2.13 1351
2.13 1350
2.13 1349
2.13 1348
2.13 1347
2.13 1346
2.13 1345
2.14 1344
2.14 1343
2.14 1342
2.14 1341
2.14 1340
2.14 1339
2.14 1338
2.14 1337
2.14 1336
2.14 1335
2.14 1334
2.14 1333
2.14 1332
2.14 1331
2.14 1330
2.14 1329
2.16 1328
2.16 1327
2.16 1326
2.16 1325
2.16 1324
2.16 1323
2.16 1322
2.16 1321
2.16 1320
2.16 1319
2.16 1318
2.16 1317
2.16 1316
2.16 1315
2.17 1314
2.17 1313
2.17 1312
2.17 1311
2.17 1310
2.17 1309
2.17 1308
2.17 1307
2.17 1306
2.17 1305
2.17 1304
2.17 1303
2.17 1302
2.19 1301
2.19 1300
2.19 1299
2.19 1298
2.19 1297
2.19 1296
2.19 1295
2.19 1294
2.19 1293
2.19 1292
2.19 1291
2.19 1290
2.20 1289
2.20 1288
2.20 1287
2.20 1286
2.20 1285
2.20 1284
2.20 1283
2.20 1282
2.20 1281
2.20 1280
2.20 1279
2.20 1278
2.20 1277
2.22 1276
2.22 1275
2.22 1274
2.22 1273
2.22 1272
2.22 1271
2.22 1270
2.22 1269
2.22 1268
2.22 1267
2.22 1266
2.22 1265
2.24 1264
2.24 1263
2.24 1262
2.24 1261
2.24 1260
2.24 1259
2.24 1258
2.24 1257
2.24 1256
2.24 1255
2.24 1254
2.24 1253
2.24 1252
2.24 1251
2.24 1250
2.24 1249
2.24 1248
2.24 1247
2.24 1246
2.25 1245
2.25 1244
2.25 1243
2.25 1242
2.25 1241
2.25 1240
2.25 1239
2.25 1238
2.25 1237
2.25 1236
2.25 1235
2.25 1234
2.25 1233
2.25 1232
2.25 1231
2.25 1230
2.25 1229
2.25 1228
2.27 1227
2.27 1226
2.27 1225
2.27 1224
2.27 1223
2.27 1222
2.27 1221
2.27 1220
2.27 1219
2.27 1218
2.27 1217
2.27 1216
2.27 1215
2.27 1214
2.28 1213
2.28 1212
2.28 1211
2.28 1210
2.28 1209
2.28 1208
2.28 1207
2.28 1206
2.28 1205
2.28 1204
2.28 1203
2.28 1202
2.28 1201
2.28 1200
2.28 1199
2.28 1198
2.28 1197
2.28 1196
2.28 1195
2.30 1194
2.30 1193
2.30 1192
2.30 1191
2.30 1190
2.30 1189
2.30 1188
2.30 1187
2.30 1186
2.30 1185
2.30 1184
2.30 1183
2.30 1182
2.30 1181
2.30 1180
2.30 1179
2.30 1178
2.30 1177
2.31 1176
2.31 1175
2.31 1174
2.31 1173
2.31 1172
2.31 1171
2.31 1170
2.31 1169
2.31 1168
2.31 1167
2.31 1166
2.31 1165
2.31 1164
2.31 1163
2.31 1162
2.31 1161
2.33 1160
2.33 1159
2.33 1158
2.33 1157
2.33 1156
2.33 1155
2.33 1154
2.33 1153
2.33 1152
2.33 1151
2.34 1150
2.34 1149
2.34 1148
2.34 1147
2.35 1146
2.35 1145
2.35 1144
2.35 1143
2.35 1142
2.35 1141
2.35 1140
2.35 1139
2.35 1138
2.35 1137
2.35 1136
2.35 1135
2.35 1134
2.35 1133
2.36 1132
2.36 1131
2.36 1130
2.36 1129
2.36 1128
2.36 1127
2.36 1126
2.36 1125
2.36 1124
2.36 1123
2.36 1122
2.36 1121
2.36 1120
2.36 1119
2.36 1118
2.36 1117
2.36 1116
2.36 1115
2.36 1114
2.38 1113
2.38 1112
2.38 1111
2.38 1110
2.38 1109
2.38 1108
2.38 1107
2.38 1106
2.38 1105
2.38 1104
2.38 1103
2.38 1102
2.38 1101
2.39 1100
2.39 1099
2.39 1098
2.39 1097
2.39 1096
2.39 1095
2.39 1094
2.39 1093
2.39 1092
2.39 1091
2.39 1090
2.39 1089
2.39 1088
2.39 1087
2.39 1086
2.39 1085
2.41 1084
2.41 1083
2.41 1082
2.41 1081
2.41 1080
2.41 1079
2.41 1078
2.41 1077
2.41 1076
2.41 1075
2.41 1074
2.41 1073
2.41 1072
2.41 1071
2.41 1070
2.42 1069
2.42 1068
2.42 1067
2.42 1066
2.42 1065
2.42 1064
2.42 1063
2.42 1062
2.42 1061
2.42 1060
2.42 1059
2.42 1058
2.42 1057
2.44 1056
2.44 1055
2.44 1054
2.44 1053
2.44 1052
2.44 1051
2.44 1050
2.44 1049
2.44 1048
2.44 1047
2.44 1046
2.44 1045
2.44 1044
2.44 1043
2.44 1042
2.44 1041
2.44 1040
2.44 1039
2.44 1038
2.44 1037
2.46 1036
2.46 1035
2.46 1034
2.46 1033
2.46 1032
2.46 1031
2.46 1030
2.46 1029
2.46 1028
2.46 1027
2.46 1026
2.46 1025
2.46 1024
2.46 1023
2.47 1022
2.47 1021
2.47 1020
2.47 1019
2.47 1018
2.47 1017
2.47 1016
2.47 1015
2.47 1014
2.47 1013
2.47 1012
2.47 1011
2.47 1010
2.47 1009
2.47 1008
2.47 1007
2.47 1006
2.47 1005
2.47 1004
2.49 1003
2.49 1002
2.49 1001
2.49 1000
2.49 999
2.49 998
2.49 997
2.49 996
2.49 995
2.49 994
2.49 993
2.49 992
2.49 991
2.49 990
2.50 989
2.50 988
2.50 987
2.50 986
2.50 985
2.50 984
2.50 983
2.50 982
2.50 981
2.50 980
