1.01 1959
1.01 1958
1.03 1957
1.03 1956
1.03 1955
1.03 1954
1.03 1953
1.03 1952
1.03 1951
1.03 1950
1.03 1949
1.03 1948
1.03 1947
1.03 1946
1.03 1945
1.03 1944
1.03 1943
1.03 1942
1.03 1941
1.03 1940
1.03 1939
1.04 1938
1.04 1937
1.04 1936
1.04 1935
1.04 1934
1.04 1933
1.04 1932
1.04 1931
1.04 1930
1.04 1929
1.04 1928
1.04 1927
1.04 1926
1.04 1925
1.04 1924
1.04 1923
1.04 1922
1.04 1921
1.04 1920
1.04 1919
1.04 1918
1.04 1917
1.06 1916
1.06 1915
1.06 1914
1.06 1913
1.06 1912
1.06 1911
1.06 1910
1.06 1909
1.06 1908
1.06 1907
1.06 1906
1.06 1905
1.06 1904
1.06 1903
1.06 1902
1.06 1901
1.06 1900
1.06 1899
1.06 1898
1.06 1897
1.07 1896
1.07 1895
1.07 1894
1.07 1893
1.07 1892
1.07 1891
1.07 1890
1.07 1889
1.07 1888
1.07 1887
1.07 1886
1.07 1885
1.07 1884
1.07 1883
1.07 1882
1.07 1881
1.07 1880
1.07 1879
1.09 1878
1.09 1877
1.09 1876
1.09 1875
1.09 1874
1.09 1873
1.09 1872
1.09 1871
1.09 1870
1.09 1869
1.09 1868
1.09 1867
1.09 1866
1.09 1865
1.09 1864
1.09 1863
1.09 1862
1.09 1861
1.09 1860
1.09 1859
1.10 1858
1.10 1857
1.10 1856
1.10 1855
1.10 1854
1.10 1853
1.10 1852
1.10 1851
1.10 1850
1.10 1849
1.10 1848
1.10 1847
1.10 1846
1.10 1845
1.10 1844
1.11 1843
1.11 1842
1.12 1841
1.12 1840
1.12 1839
1.12 1838
1.12 1837
1.12 1836
1.12 1835
1.12 1834
1.12 1833
1.12 1832
1.12 1831
1.12 1830
1.12 1829
1.12 1828
1.12 1827
1.13 1826
1.13 1825
1.13 1824
1.13 1823
1.13 1822
1.13 1821
1.13 1820
1.13 1819
1.13 1818
1.13 1817
1.13 1816
1.13 1815
1.13 1814
1.13 1813
1.14 1812
1.14 1811
1.14 1810
1.14 1809
1.14 1808
1.14 1807
1.14 1806
1.14 1805
1.14 1804
1.14 1803
1.14 1802
1.14 1801
1.14 1800
1.14 1799
1.14 1798
1.14 1797
1.14 1796
1.15 1795
1.15 1794
1.15 1793
1.15 1792
1.15 1791
1.15 1790
1.15 1789
1.15 1788
1.15 1787
1.15 1786
1.15 1785
1.15 1784
1.15 1783
1.16 1782
1.16 1781
1.16 1780
1.16 1779
1.16 1778
1.16 1777
1.16 1776
1.16 1775
1.16 1774
1.16 1773
1.16 1772
1.16 1771
1.16 1770
1.16 1769
1.16 1768
1.16 1767
1.16 1766
1.16 1765
1.16 1764
1.16 1763
1.16 1762
1.16 1761
1.16 1760
1.16 1759
1.17 1758
1.17 1757
1.17 1756
1.17 1755
1.17 1754
1.17 1753
1.17 1752
1.17 1751
1.17 1750
1.17 1749
1.17 1748
1.17 1747
1.17 1746
1.18 1745
1.18 1744
1.18 1743
1.18 1742
1.18 1741
1.18 1740
1.18 1739
1.18 1738
1.18 1737
1.18 1736
1.18 1735
1.18 1734
1.18 1733
1.18 1732
1.18 1731
1.18 1730
1.18 1729
1.18 1728
1.18 1727
1.18 1726
1.18 1725
1.18 1724
1.18 1723
1.18 1722
1.18 1721
1.18 1720
1.18 1719
1.18 1718
1.18 1717
1.20 1716
1.20 1715
1.20 1714
1.20 1713
1.20 1712
1.20 1711
1.20 1710
1.20 1709
1.20 1708
1.20 1707
1.20 1706
1.20 1705
1.20 1704
1.20 1703
1.20 1702
1.20 1701
1.20 1700
1.20 1699
1.20 1698
1.20 1697
1.20 1696
1.20 1695
1.20 1694
1.20 1693
1.20 1692
1.20 1691
1.20 1690
1.20 1689
1.21 1688
1.21 1687
1.21 1686
1.21 1685
1.21 1684
1.21 1683
1.21 1682
1.21 1681
1.21 1680
1.21 1679
1.21 1678
1.21 1677
1.21 1676
1.21 1675
1.21 1674
1.21 1673
1.21 1672
1.21 1671
1.21 1670
1.23 1669
1.23 1668
1.23 1667
1.23 1666
1.23 1665
1.23 1664
1.23 1663
1.23 1662
1.23 1661
1.23 1660
1.23 1659
1.23 1658
1.23 1657
1.23 1656
1.23 1655
1.23 1654
1.23 1653
1.23 1652
1.23 1651
1.23 1650
1.23 1649
1.23 1648
1.23 1647
1.23 1646
1.23 1645
1.23 1644
1.23 1643
1.24 1642
1.24 1641
1.24 1640
1.24 1639
1.24 1638
1.24 1637
1.24 1636
1.24 1635
1.24 1634
1.24 1633
1.24 1632
1.24 1631
1.24 1630
1.24 1629
1.24 1628
1.24 1627
1.24 1626
1.24 1625
1.24 1624
1.24 1623
1.24 1622
1.24 1621
1.24 1620
1.24 1619
1.24 1618
1.24 1617
1.24 1616
1.26 1615
1.26 1614
1.26 1613
1.26 1612
1.26 1611
1.26 1610
1.26 1609
1.26 1608
1.26 1607
1.26 1606
1.26 1605
1.26 1604
1.26 1603
1.26 1602
1.26 1601
1.26 1600
1.26 1599
1.26 1598
1.26 1597
1.26 1596
1.26 1595
1.26 1594
1.26 1593
1.26 1592
1.26 1591
1.26 1590
1.27 1589
1.27 1588
1.27 1587
1.27 1586
1.27 1585
1.27 1584
1.27 1583
1.27 1582
1.27 1581
1.27 1580
1.27 1579
1.27 1578
1.27 1577
1.27 1576
1.27 1575
1.27 1574
1.27 1573
1.27 1572
1.27 1571
1.29 1570
1.29 1569
1.29 1568
1.29 1567
1.29 1566
1.29 1565
1.29 1564
1.29 1563
1.29 1562
1.29 1561
1.29 1560
1.29 1559
1.29 1558
1.29 1557
1.29 1556
1.29 1555
1.29 1554
1.29 1553
1.29 1552
1.29 1551
1.30 1550
1.30 1549
1.30 1548
1.30 1547
1.30 1546
1.31 1545
1.31 1544
1.31 1543
1.31 1542
1.31 1541
1.31 1540
1.31 1539
1.31 1538
1.31 1537
1.31 1536
1.31 1535
1.31 1534
1.31 1533
1.31 1532
1.31 1531
1.31 1530
1.31 1529
1.31 1528
1.31 1527
1.31 1526
1.31 1525
1.31 1524
1.31 1523
1.31 1522
1.31 1521
1.31 1520
1.31 1519
1.31 1518
1.32 1517
1.32 1516
1.32 1515
1.32 1514
1.32 1513
1.32 1512
1.32 1511
1.32 1510
1.32 1509
1.32 1508
1.32 1507
1.32 1506
1.32 1505
1.32 1504
1.32 1503
1.32 1502
1.32 1501
1.32 1500
1.32 1499
1.32 1498
1.32 1497
1.32 1496
1.32 1495
1.32 1494
1.32 1493
1.32 1492
1.34 1491
1.34 1490
1.34 1489
1.34 1488
1.34 1487
1.34 1486
1.34 1485
1.34 1484
1.34 1483
1.34 1482
1.34 1481
1.34 1480
1.34 1479
1.34 1478
1.34 1477
1.34 1476
1.34 1475
1.34 1474
1.34 1473
1.34 1472
1.34 1471
1.34 1470
1.34 1469
1.34 1468
1.34 1467
1.34 1466
1.34 1465
1.35 1464
1.35 1463
1.35 1462
1.35 1461
1.35 1460
1.35 1459
1.35 1458
1.35 1457
1.35 1456
1.35 1455
1.35 1454
1.35 1453
1.35 1452
1.35 1451
1.35 1450
1.35 1449
1.35 1448
1.35 1447
1.35 1446
1.35 1445
1.35 1444
1.35 1443
1.35 1442
1.35 1441
1.35 1440
1.35 1439
1.37 1438
1.37 1437
1.37 1436
1.37 1435
1.37 1434
1.37 1433
1.37 1432
1.37 1431
1.37 1430
1.37 1429
1.37 1428
1.37 1427
1.37 1426
1.37 1425
1.37 1424
1.37 1423
1.37 1422
1.37 1421
1.37 1420
1.37 1419
1.37 1418
1.37 1417
1.37 1416
1.37 1415
1.37 1414
1.37 1413
1.37 1412
1.37 1411
1.38 1410
1.38 1409
1.38 1408
1.38 1407
1.38 1406
1.38 1405
1.38 1404
1.38 1403
1.38 1402
1.38 1401
1.38 1400
1.38 1399
1.38 1398
1.38 1397
1.38 1396
1.38 1395
1.38 1394
1.38 1393
1.38 1392
1.38 1391
1.38 1390
1.38 1389
1.38 1388
1.38 1387
1.38 1386
1.38 1385
1.38 1384
1.40 1383
1.40 1382
1.40 1381
1.40 1380
1.40 1379
1.40 1378
1.40 1377
1.40 1376
1.40 1375
1.40 1374
1.40 1373
1.40 1372
1.40 1371
1.40 1370
1.40 1369
1.40 1368
1.40 1367
1.40 1366
1.40 1365
1.40 1364
1.40 1363
1.40 1362
1.40 1361
1.40 1360
1.40 1359
1.40 1358
1.40 1357
1.40 1356
1.42 1355
1.42 1354
1.42 1353
1.42 1352
1.42 1351
1.42 1350
1.42 1349
1.42 1348
1.42 1347
1.42 1346
1.42 1345
1.42 1344
1.42 1343
1.42 1342
1.42 1341
1.42 1340
1.42 1339
1.42 1338
1.42 1337
1.42 1336
1.42 1335
1.42 1334
1.42 1333
1.42 1332
1.42 1331
1.42 1330
1.42 1329
1.42 1328
1.43 1327
1.43 1326
1.43 1325
1.43 1324
1.43 1323
1.43 1322
1.43 1321
1.43 1320
1.43 1319
1.43 1318
1.43 1317
1.43 1316
1.43 1315
1.43 1314
1.43 1313
1.43 1312
1.43 1311
1.43 1310
1.43 1309
1.43 1308
1.43 1307
1.43 1306
1.43 1305
1.43 1304
1.43 1303
1.43 1302
1.43 1301
1.45 1300
1.45 1299
1.45 1298
1.45 1297
1.45 1296
1.45 1295
1.45 1294
1.45 1293
1.45 1292
1.45 1291
1.45 1290
1.45 1289
1.45 1288
1.45 1287
1.45 1286
1.45 1285
1.45 1284
1.45 1283
1.45 1282
1.45 1281
1.45 1280
1.45 1279
1.45 1278
1.45 1277
1.46 1276
1.46 1275
1.46 1274
1.46 1273
1.46 1272
1.46 1271
1.46 1270
1.46 1269
1.46 1268
1.46 1267
1.46 1266
1.46 1265
1.46 1264
1.46 1263
1.46 1262
1.46 1261
1.48 1260
1.48 1259
1.48 1258
1.48 1257
1.48 1256
1.48 1255
1.48 1254
1.48 1253
1.48 1252
1.48 1251
1.48 1250
1.48 1249
1.48 1248
1.48 1247
1.48 1246
1.48 1245
1.48 1244
1.48 1243
1.48 1242
1.48 1241
1.48 1240
1.48 1239
1.48 1238
1.48 1237
1.48 1236
1.48 1235
1.48 1234
1.50 1233
1.50 1232
1.50 1231
1.50 1230
1.50 1229
1.50 1228
1.50 1227
1.50 1226
1.50 1225
1.50 1224
1.50 1223
1.50 1222
1.50 1221
1.50 1220
1.50 1219
1.50 1218
1.50 1217
1.50 1216
1.50 1215
1.50 1214
1.50 1213
1.50 1212
1.50 1211
1.50 1210
1.50 1209
1.50 1208
1.50 1207
1.50 1206
1.50 1205
1.50 1204
1.51 1203
1.51 1202
1.51 1201
1.51 1200
1.51 1199
1.51 1198
1.51 1197
1.51 1196
1.51 1195
1.51 1194
1.51 1193
1.51 1192
1.51 1191
1.51 1190
1.51 1189
1.51 1188
1.51 1187
1.51 1186
1.51 1185
1.51 1184
1.51 1183
1.51 1182
1.51 1181
1.51 1180
1.51 1179
1.51 1178
1.51 1177
1.51 1176
1.53 1175
1.53 1174
1.53 1173
1.53 1172
1.53 1171
1.53 1170
1.53 1169
1.53 1168
1.53 1167
1.53 1166
1.53 1165
1.53 1164
1.53 1163
1.53 1162
1.53 1161
1.53 1160
1.53 1159
1.53 1158
1.53 1157
1.53 1156
1.53 1155
1.53 1154
1.53 1153
1.53 1152
1.53 1151
1.53 1150
1.53 1149
1.53 1148
1.53 1147
1.53 1146
1.54 1145
1.54 1144
1.54 1143
1.54 1142
1.54 1141
1.54 1140
1.54 1139
1.54 1138
1.54 1137
1.54 1136
1.54 1135
1.54 1134
1.54 1133
1.54 1132
1.54 1131
1.54 1130
1.54 1129
1.54 1128
1.54 1127
1.54 1126
1.54 1125
1.54 1124
1.54 1123
1.54 1122
1.54 1121
1.54 1120
1.54 1119
1.54 1118
1.54 1117
1.56 1116
1.56 1115
1.56 1114
1.56 1113
1.56 1112
1.56 1111
1.56 1110
1.56 1109
1.56 1108
1.56 1107
1.56 1106
1.56 1105
1.56 1104
1.56 1103
1.56 1102
1.56 1101
1.56 1100
1.56 1099
1.56 1098
1.56 1097
1.56 1096
1.56 1095
1.56 1094
1.56 1093
1.56 1092
1.56 1091
1.56 1090
1.56 1089
1.56 1088
1.56 1087
1.56 1086
1.57 1085
1.57 1084
1.57 1083
1.57 1082
1.57 1081
1.57 1080
1.57 1079
1.57 1078
1.57 1077
1.57 1076
1.57 1075
1.57 1074
1.57 1073
1.57 1072
1.57 1071
1.57 1070
1.57 1069
1.57 1068
1.57 1067
1.57 1066
1.57 1065
1.57 1064
1.57 1063
1.57 1062
1.57 1061
1.57 1060
1.57 1059
1.57 1058
1.57 1057
1.57 1056
1.57 1055
1.57 1054
1.59 1053
1.59 1052
1.59 1051
1.59 1050
1.59 1049
1.59 1048
1.59 1047
1.59 1046
1.59 1045
1.59 1044
1.59 1043
1.59 1042
1.59 1041
1.59 1040
1.59 1039
1.59 1038
1.59 1037
1.59 1036
1.59 1035
1.59 1034
1.59 1033
1.59 1032
1.59 1031
1.59 1030
1.59 1029
1.59 1028
1.60 1027
1.60 1026
1.60 1025
1.60 1024
1.60 1023
1.61 1022
1.61 1021
1.61 1020
1.61 1019
1.61 1018
1.61 1017
1.61 1016
1.61 1015
1.61 1014
1.61 1013
1.61 1012
1.61 1011
1.61 1010
1.61 1009
1.61 1008
1.61 1007
1.61 1006
1.61 1005
1.61 1004
1.61 1003
1.61 1002
1.61 1001
1.61 1000
1.61 999
1.61 998
1.61 997
1.61 996
1.61 995
1.61 994
1.61 993
1.62 992
1.62 991
1.62 990
1.62 989
1.62 988
1.62 987
1.62 986
1.62 985
1.62 984
1.62 983
1.62 982
1.62 981
1.62 980
