0.31 1989
0.31 1988
0.31 1987
0.32 1986
0.32 1985
0.32 1984
0.32 1983
0.32 1982
0.32 1981
0.32 1980
0.32 1979
0.32 1978
0.32 1977
0.32 1976
0.32 1975
0.32 1974
0.32 1973
0.33 1972
0.33 1971
0.33 1970
0.33 1969
0.33 1968
0.33 1967
0.33 1966
0.33 1965
0.33 1964
0.33 1963
0.33 1962
0.33 1961
0.33 1960
0.33 1959
0.33 1958
0.33 1957
0.33 1956
0.33 1955
0.34 1954
0.34 1953
0.34 1952
0.34 1951
0.34 1950
0.34 1949
0.34 1948
0.34 1947
0.34 1946
0.34 1945
0.34 1944
0.34 1943
0.34 1942
0.34 1941
0.34 1940
0.35 1939
0.35 1938
0.35 1937
0.35 1936
0.35 1935
0.35 1934
0.35 1933
0.35 1932
0.36 1931
7.38 1930
7.38 1929
12.20 1928
12.20 1927
