0.78 1999
0.78 1998
0.78 1997
0.78 1996
0.78 1995
0.78 1994
0.78 1993
0.78 1992
0.79 1991
0.79 1990
0.79 1989
0.79 1988
0.79 1987
0.79 1986
0.79 1985
0.79 1984
0.79 1983
0.79 1982
0.79 1981
0.79 1980
0.79 1979
0.79 1978
0.79 1977
0.79 1976
0.79 1975
0.79 1974
0.79 1973
0.79 1972
0.79 1971
0.79 1970
0.79 1969
0.79 1968
0.79 1967
0.79 1966
0.79 1965
0.79 1964
0.79 1963
0.79 1962
0.79 1961
0.79 1960
0.79 1959
0.79 1958
0.79 1957
0.81 1956
0.81 1955
0.81 1954
0.81 1953
0.81 1952
0.81 1951
0.81 1950
0.81 1949
0.81 1948
0.81 1947
0.81 1946
0.81 1945
0.81 1944
0.81 1943
0.81 1942
0.81 1941
0.81 1940
0.81 1939
0.81 1938
0.81 1937
0.81 1936
0.81 1935
0.81 1934
0.82 1933
0.82 1932
0.82 1931
0.82 1930
0.82 1929
0.82 1928
0.82 1927
0.82 1926
0.82 1925
0.82 1924
0.82 1923
0.82 1922
0.82 1921
0.82 1920
0.82 1919
0.82 1918
0.82 1917
0.82 1916
0.82 1915
0.82 1914
0.82 1913
0.82 1912
0.82 1911
0.82 1910
0.82 1909
0.82 1908
0.82 1907
0.82 1906
0.82 1905
0.82 1904
0.82 1903
0.82 1902
0.82 1901
0.82 1900
0.82 1899
0.82 1898
0.82 1897
0.82 1896
0.82 1895
0.84 1894
0.84 1893
0.84 1892
0.84 1891
0.84 1890
0.84 1889
0.84 1888
0.84 1887
0.84 1886
0.84 1885
0.84 1884
0.84 1883
0.84 1882
0.84 1881
0.84 1880
0.84 1879
0.84 1878
0.84 1877
0.84 1876
0.84 1875
0.84 1874
0.84 1873
0.84 1872
0.84 1871
0.84 1870
0.84 1869
0.84 1868
0.84 1867
0.84 1866
0.86 1865
0.86 1864
0.86 1863
0.86 1862
0.86 1861
0.86 1860
0.86 1859
0.86 1858
0.86 1857
0.86 1856
0.86 1855
0.86 1854
0.86 1853
0.86 1852
0.86 1851
0.86 1850
0.86 1849
0.86 1848
0.86 1847
0.86 1846
0.86 1845
0.86 1844
0.86 1843
0.86 1842
0.86 1841
0.86 1840
0.87 1839
0.87 1838
0.87 1837
0.87 1836
0.87 1835
0.87 1834
0.87 1833
0.87 1832
0.87 1831
0.87 1830
0.87 1829
0.87 1828
0.87 1827
0.87 1826
0.87 1825
0.87 1824
0.87 1823
0.87 1822
0.87 1821
0.87 1820
0.87 1819
0.87 1818
0.87 1817
0.87 1816
0.87 1815
0.87 1814
0.87 1813
0.87 1812
0.87 1811
0.87 1810
0.87 1809
0.89 1808
0.89 1807
0.89 1806
0.89 1805
0.89 1804
0.89 1803
0.89 1802
0.89 1801
0.89 1800
0.89 1799
0.89 1798
0.89 1797
0.89 1796
0.89 1795
0.89 1794
0.89 1793
0.89 1792
0.89 1791
0.89 1790
0.89 1789
0.89 1788
0.89 1787
0.89 1786
0.89 1785
0.89 1784
0.89 1783
0.89 1782
0.89 1781
0.89 1780
0.89 1779
0.89 1778
0.89 1777
0.89 1776
0.89 1775
0.89 1774
0.90 1773
0.90 1772
0.90 1771
0.90 1770
0.90 1769
0.90 1768
0.90 1767
0.90 1766
0.90 1765
0.90 1764
0.90 1763
0.90 1762
0.90 1761
0.90 1760
0.90 1759
0.90 1758
0.90 1757
0.90 1756
0.90 1755
0.90 1754
0.90 1753
0.90 1752
0.90 1751
0.90 1750
0.90 1749
0.90 1748
0.90 1747
0.90 1746
0.90 1745
0.90 1744
0.90 1743
0.90 1742
0.92 1741
0.92 1740
0.92 1739
0.92 1738
0.92 1737
0.92 1736
0.92 1735
0.92 1734
0.92 1733
0.92 1732
0.92 1731
0.92 1730
0.92 1729
0.92 1728
0.92 1727
0.92 1726
0.92 1725
0.92 1724
0.92 1723
0.92 1722
0.92 1721
0.92 1720
0.92 1719
0.92 1718
0.92 1717
0.92 1716
0.92 1715
0.92 1714
0.92 1713
0.92 1712
0.92 1711
0.92 1710
0.92 1709
0.93 1708
0.93 1707
0.93 1706
0.93 1705
0.93 1704
0.93 1703
0.93 1702
0.93 1701
0.93 1700
0.93 1699
0.93 1698
0.93 1697
0.93 1696
0.93 1695
0.93 1694
0.93 1693
0.93 1692
0.93 1691
0.93 1690
0.93 1689
0.93 1688
0.93 1687
0.93 1686
0.93 1685
0.93 1684
0.93 1683
0.93 1682
0.93 1681
0.93 1680
0.93 1679
0.93 1678
0.93 1677
0.93 1676
0.95 1675
0.95 1674
0.95 1673
0.95 1672
0.95 1671
0.95 1670
0.95 1669
0.95 1668
0.95 1667
0.95 1666
0.95 1665
0.95 1664
0.95 1663
0.95 1662
0.95 1661
0.95 1660
0.95 1659
0.95 1658
0.95 1657
0.95 1656
0.95 1655
0.95 1654
0.95 1653
0.95 1652
0.95 1651
0.95 1650
0.95 1649
0.95 1648
0.95 1647
0.95 1646
0.95 1645
0.95 1644
0.97 1643
0.97 1642
0.97 1641
0.97 1640
0.97 1639
0.97 1638
0.97 1637
0.97 1636
0.97 1635
0.97 1634
0.97 1633
0.97 1632
0.97 1631
0.97 1630
0.97 1629
0.97 1628
0.97 1627
0.97 1626
0.97 1625
0.97 1624
0.97 1623
0.97 1622
0.97 1621
0.97 1620
0.97 1619
0.97 1618
0.97 1617
0.97 1616
0.97 1615
0.97 1614
0.97 1613
0.97 1612
0.97 1611
0.97 1610
0.98 1609
0.98 1608
0.98 1607
0.98 1606
0.98 1605
0.98 1604
0.98 1603
0.98 1602
0.98 1601
0.98 1600
0.98 1599
0.98 1598
0.98 1597
0.98 1596
0.98 1595
0.98 1594
0.98 1593
0.98 1592
0.98 1591
0.98 1590
0.98 1589
0.98 1588
0.98 1587
0.98 1586
0.98 1585
0.98 1584
0.98 1583
0.98 1582
0.98 1581
0.98 1580
0.98 1579
0.98 1578
0.98 1577
1.00 1576
1.00 1575
1.00 1574
1.00 1573
1.00 1572
1.00 1571
1.00 1570
1.00 1569
1.00 1568
1.00 1567
1.00 1566
1.00 1565
1.00 1564
1.00 1563
1.00 1562
1.00 1561
1.00 1560
1.00 1559
1.00 1558
1.00 1557
1.00 1556
1.00 1555
1.00 1554
1.00 1553
1.00 1552
1.00 1551
1.00 1550
1.00 1549
1.00 1548
1.00 1547
1.00 1546
1.00 1545
1.00 1544
1.01 1543
1.01 1542
1.01 1541
1.01 1540
1.01 1539
1.01 1538
1.01 1537
1.01 1536
1.01 1535
1.01 1534
1.01 1533
1.01 1532
1.01 1531
1.01 1530
1.02 1529
1.02 1528
1.02 1527
1.02 1526
1.02 1525
1.02 1524
1.02 1523
1.02 1522
1.02 1521
1.02 1520
1.02 1519
1.02 1518
1.02 1517
1.02 1516
1.02 1515
1.02 1514
1.02 1513
1.02 1512
1.02 1511
1.02 1510
1.02 1509
1.02 1508
1.03 1507
1.03 1506
1.03 1505
1.03 1504
1.03 1503
1.03 1502
1.03 1501
1.03 1500
1.03 1499
1.03 1498
1.03 1497
1.03 1496
1.03 1495
1.03 1494
1.03 1493
1.03 1492
1.03 1491
1.03 1490
1.03 1489
1.03 1488
1.03 1487
1.03 1486
1.03 1485
1.03 1484
1.03 1483
1.03 1482
1.03 1481
1.03 1480
1.03 1479
1.03 1478
1.03 1477
1.05 1476
1.05 1475
1.05 1474
1.05 1473
1.05 1472
1.05 1471
1.05 1470
1.05 1469
1.05 1468
1.05 1467
1.05 1466
1.05 1465
1.05 1464
1.05 1463
1.05 1462
1.05 1461
1.05 1460
1.05 1459
1.05 1458
1.05 1457
1.05 1456
1.05 1455
1.05 1454
1.05 1453
1.05 1452
1.05 1451
1.05 1450
1.05 1449
1.05 1448
1.05 1447
1.05 1446
1.05 1445
1.05 1444
1.05 1443
1.05 1442
1.05 1441
1.05 1440
1.05 1439
1.06 1438
1.06 1437
1.06 1436
1.06 1435
1.06 1434
1.06 1433
1.06 1432
1.06 1431
1.06 1430
1.06 1429
1.06 1428
1.06 1427
1.06 1426
1.06 1425
1.06 1424
1.06 1423
1.06 1422
1.06 1421
1.06 1420
1.06 1419
1.06 1418
1.06 1417
1.06 1416
1.06 1415
1.06 1414
1.06 1413
1.06 1412
1.06 1411
1.06 1410
1.06 1409
1.06 1408
1.06 1407
1.06 1406
1.06 1405
1.06 1404
1.06 1403
1.06 1402
1.06 1401
1.06 1400
1.08 1399
1.08 1398
1.08 1397
1.08 1396
1.08 1395
1.08 1394
1.08 1393
1.08 1392
1.08 1391
1.08 1390
1.08 1389
1.08 1388
1.08 1387
1.08 1386
1.08 1385
1.08 1384
1.08 1383
1.08 1382
1.08 1381
1.08 1380
1.08 1379
1.08 1378
1.08 1377
1.08 1376
1.08 1375
1.08 1374
1.08 1373
1.08 1372
1.08 1371
1.08 1370
1.08 1369
1.08 1368
1.08 1367
1.09 1366
1.09 1365
1.09 1364
1.09 1363
1.09 1362
1.09 1361
1.09 1360
1.09 1359
1.09 1358
1.09 1357
1.09 1356
1.09 1355
1.09 1354
1.09 1353
1.09 1352
1.09 1351
1.09 1350
1.09 1349
1.09 1348
1.09 1347
1.09 1346
1.09 1345
1.09 1344
1.09 1343
1.09 1342
1.09 1341
1.09 1340
1.09 1339
1.09 1338
1.09 1337
1.09 1336
1.09 1335
1.09 1334
1.09 1333
1.09 1332
1.09 1331
1.09 1330
1.11 1329
1.11 1328
1.11 1327
1.11 1326
1.11 1325
1.11 1324
1.11 1323
1.11 1322
1.11 1321
1.11 1320
1.11 1319
1.11 1318
1.11 1317
1.11 1316
1.11 1315
1.11 1314
1.11 1313
1.11 1312
1.11 1311
1.11 1310
1.11 1309
1.11 1308
1.12 1307
1.12 1306
1.12 1305
1.12 1304
1.12 1303
1.12 1302
1.12 1301
1.12 1300
1.12 1299
1.12 1298
1.12 1297
1.12 1296
1.12 1295
1.12 1294
1.12 1293
1.12 1292
1.12 1291
1.12 1290
1.12 1289
1.12 1288
1.12 1287
1.12 1286
1.12 1285
1.12 1284
1.12 1283
1.12 1282
1.12 1281
1.12 1280
1.12 1279
1.12 1278
1.12 1277
1.12 1276
1.12 1275
1.12 1274
1.12 1273
1.12 1272
1.12 1271
1.12 1270
1.12 1269
1.12 1268
1.12 1267
1.12 1266
1.12 1265
1.12 1264
1.14 1263
1.14 1262
1.14 1261
1.14 1260
1.14 1259
1.14 1258
1.14 1257
1.14 1256
1.14 1255
1.14 1254
1.14 1253
1.14 1252
1.14 1251
1.14 1250
1.14 1249
1.14 1248
1.14 1247
1.14 1246
1.14 1245
1.14 1244
1.14 1243
1.14 1242
1.14 1241
1.14 1240
1.14 1239
1.14 1238
1.14 1237
1.14 1236
1.14 1235
1.14 1234
1.14 1233
1.14 1232
1.14 1231
1.14 1230
1.14 1229
1.14 1228
1.14 1227
1.16 1226
1.16 1225
1.16 1224
1.16 1223
1.16 1222
1.16 1221
1.16 1220
1.16 1219
1.16 1218
1.16 1217
1.16 1216
1.16 1215
1.16 1214
1.16 1213
1.16 1212
1.16 1211
1.16 1210
1.16 1209
1.16 1208
1.16 1207
1.16 1206
1.16 1205
1.16 1204
1.16 1203
1.16 1202
1.16 1201
1.16 1200
1.16 1199
1.16 1198
1.16 1197
1.16 1196
1.16 1195
1.16 1194
1.16 1193
1.16 1192
1.16 1191
1.16 1190
1.16 1189
1.16 1188
1.16 1187
1.16 1186
1.17 1185
1.17 1184
1.17 1183
1.17 1182
1.17 1181
1.17 1180
1.17 1179
1.17 1178
1.17 1177
1.17 1176
1.17 1175
1.17 1174
1.17 1173
1.17 1172
1.17 1171
1.17 1170
1.17 1169
1.17 1168
1.17 1167
1.17 1166
1.17 1165
1.17 1164
1.17 1163
1.17 1162
1.17 1161
1.17 1160
1.17 1159
1.17 1158
1.17 1157
1.17 1156
1.17 1155
1.17 1154
1.17 1153
1.17 1152
1.17 1151
1.17 1150
1.17 1149
1.17 1148
1.17 1147
1.17 1146
1.19 1145
1.19 1144
1.19 1143
1.19 1142
1.19 1141
1.19 1140
1.19 1139
1.19 1138
1.19 1137
1.19 1136
1.19 1135
1.19 1134
1.19 1133
1.19 1132
1.19 1131
1.19 1130
1.19 1129
1.19 1128
1.19 1127
1.19 1126
1.19 1125
1.19 1124
1.19 1123
1.19 1122
1.19 1121
1.19 1120
1.19 1119
1.19 1118
1.19 1117
1.19 1116
1.19 1115
1.19 1114
1.19 1113
1.19 1112
1.19 1111
1.19 1110
1.19 1109
1.19 1108
1.20 1107
1.20 1106
1.20 1105
1.20 1104
1.20 1103
1.20 1102
1.20 1101
1.20 1100
1.20 1099
1.20 1098
1.20 1097
1.20 1096
1.20 1095
1.20 1094
1.20 1093
1.20 1092
1.20 1091
1.20 1090
1.20 1089
1.20 1088
1.20 1087
1.20 1086
1.20 1085
1.20 1084
1.20 1083
1.20 1082
1.20 1081
1.20 1080
1.20 1079
1.20 1078
1.20 1077
1.20 1076
1.20 1075
1.20 1074
1.20 1073
1.20 1072
1.22 1071
1.22 1070
1.22 1069
1.22 1068
1.22 1067
1.22 1066
1.22 1065
1.22 1064
1.22 1063
1.22 1062
1.22 1061
1.22 1060
1.22 1059
1.22 1058
1.22 1057
1.22 1056
1.22 1055
1.22 1054
1.22 1053
1.22 1052
1.22 1051
1.22 1050
1.22 1049
1.22 1048
1.22 1047
1.22 1046
1.22 1045
1.22 1044
1.22 1043
1.22 1042
1.22 1041
1.22 1040
1.22 1039
1.22 1038
1.22 1037
1.22 1036
1.22 1035
1.22 1034
1.22 1033
1.22 1032
1.22 1031
1.23 1030
1.23 1029
1.23 1028
1.23 1027
1.23 1026
1.23 1025
1.23 1024
1.23 1023
1.23 1022
1.23 1021
1.23 1020
1.23 1019
1.23 1018
1.23 1017
1.23 1016
1.23 1015
1.23 1014
1.23 1013
1.23 1012
1.23 1011
1.23 1010
1.23 1009
1.23 1008
1.23 1007
1.23 1006
1.23 1005
1.23 1004
1.23 1003
1.23 1002
1.23 1001
1.23 1000
