0.13 5683
0.13 5682
0.14 5681
0.14 5680
0.14 5679
0.14 5678
0.15 5677
0.15 5676
0.15 5675
0.16 5674
0.16 5673
0.16 5672
0.16 5671
0.17 5670
0.17 5669
0.17 5668
0.17 5667
0.18 5666
0.18 5665
0.18 5664
0.18 5663
0.19 5662
0.19 5661
0.19 5660
0.19 5659
0.20 5658
0.20 5657
0.20 5656
0.20 5655
0.21 5654
0.21 5653
0.21 5652
0.21 5651
0.22 5650
0.22 5649
0.22 5648
0.23 5647
0.23 5646
0.23 5645
0.24 5644
0.24 5643
0.24 5642
0.25 5641
0.25 5640
0.25 5639
0.25 5638
0.26 5637
0.26 5636
0.26 5635
0.26 5634
0.27 5633
0.27 5632
0.27 5631
0.28 5630
0.28 5629
0.28 5628
0.28 5627
0.29 5626
0.29 5625
0.29 5624
0.29 5623
0.30 5622
0.30 5621
0.30 5620
0.31 5619
0.31 5618
0.31 5617
0.31 5616
0.32 5615
0.32 5614
0.32 5613
0.32 5612
0.33 5611
0.33 5610
0.33 5609
0.33 5608
0.34 5607
0.34 5606
0.34 5605
0.34 5604
0.34 5603
0.35 5602
0.35 5601
0.35 5600
0.35 5599
0.36 5598
0.36 5597
0.36 5596
0.36 5595
0.37 5594
0.37 5593
0.37 5592
0.37 5591
0.38 5590
0.38 5589
0.38 5588
0.38 5587
0.39 5586
0.39 5585
0.39 5584
0.39 5583
0.39 5582
0.40 5581
0.40 5580
0.40 5579
0.40 5578
0.40 5577
0.41 5576
0.41 5575
0.41 5574
0.41 5573
0.42 5572
0.42 5571
0.42 5570
0.42 5569
0.42 5568
0.43 5567
0.43 5566
0.44 5565
0.44 5564
0.45 5563
0.45 5562
0.45 5561
0.45 5560
0.46 5559
0.46 5558
0.46 5557
0.47 5556
0.47 5555
0.47 5554
0.47 5553
0.48 5552
0.48 5551
0.48 5550
0.48 5549
0.49 5548
0.49 5547
0.49 5546
0.49 5545
0.50 5544
0.50 5543
0.50 5542
0.51 5541
0.51 5540
0.51 5539
0.52 5538
0.52 5537
0.52 5536
0.52 5535
0.53 5534
0.53 5533
0.53 5532
0.54 5531
0.54 5530
0.54 5529
0.54 5528
0.55 5527
0.55 5526
0.55 5525
0.55 5524
0.55 5523
0.56 5522
0.56 5521
0.56 5520
0.56 5519
0.57 5518
0.57 5517
0.57 5516
0.58 5515
0.58 5514
0.58 5513
0.58 5512
0.59 5511
0.59 5510
0.59 5509
0.59 5508
0.59 5507
0.60 5506
0.60 5505
0.60 5504
0.61 5503
0.61 5502
0.61 5501
0.61 5500
0.62 5499
0.62 5498
0.62 5497
0.62 5496
0.63 5495
0.63 5494
0.63 5493
0.63 5492
0.64 5491
0.64 5490
0.64 5489
0.64 5488
0.65 5487
0.65 5486
0.65 5485
0.65 5484
0.66 5483
0.66 5482
0.66 5481
0.66 5480
0.67 5479
0.67 5478
0.67 5477
0.67 5476
0.68 5475
0.68 5474
0.68 5473
0.68 5472
0.68 5471
0.69 5470
0.69 5469
0.69 5468
0.69 5467
0.70 5466
0.70 5465
0.70 5464
0.70 5463
0.71 5462
0.71 5461
0.71 5460
0.71 5459
0.72 5458
0.72 5457
0.72 5456
0.72 5455
0.72 5454
0.73 5453
0.73 5452
0.73 5451
0.74 5450
0.74 5449
0.74 5448
0.75 5447
0.75 5446
0.75 5445
0.76 5444
0.76 5443
0.76 5442
0.76 5441
0.77 5440
0.77 5439
0.77 5438
0.77 5437
0.78 5436
0.78 5435
0.78 5434
0.78 5433
0.79 5432
0.79 5431
0.79 5430
0.79 5429
0.80 5428
0.80 5427
0.80 5426
0.80 5425
0.81 5424
0.81 5423
0.81 5422
0.82 5421
0.82 5420
0.82 5419
0.82 5418
0.83 5417
0.83 5416
0.83 5415
0.83 5414
0.84 5413
0.84 5412
0.84 5411
0.84 5410
0.85 5409
0.85 5408
0.85 5407
0.85 5406
0.86 5405
0.86 5404
0.86 5403
0.86 5402
0.87 5401
0.87 5400
0.87 5399
0.87 5398
0.88 5397
0.88 5396
0.88 5395
0.88 5394
0.89 5393
0.89 5392
0.89 5391
0.90 5390
0.90 5389
0.90 5388
0.90 5387
0.90 5386
0.91 5385
0.91 5384
0.91 5383
0.91 5382
0.92 5381
0.92 5380
0.92 5379
0.92 5378
0.93 5377
0.93 5376
0.93 5375
0.93 5374
0.94 5373
0.94 5372
0.94 5371
0.94 5370
0.95 5369
0.95 5368
0.95 5367
0.95 5366
0.96 5365
0.96 5364
0.96 5363
0.96 5362
0.97 5361
0.97 5360
0.97 5359
0.97 5358
0.98 5357
0.98 5356
0.98 5355
0.98 5354
0.99 5353
0.99 5352
0.99 5351
0.99 5350
1.00 5349
1.00 5348
1.00 5347
1.00 5346
1.01 5345
1.01 5344
1.01 5343
1.02 5342
1.02 5341
1.02 5340
1.02 5339
1.03 5338
1.03 5337
1.03 5336
1.04 5335
1.04 5334
1.04 5333
1.04 5332
1.05 5331
1.05 5330
1.05 5329
1.05 5328
1.06 5327
1.06 5326
1.06 5325
1.06 5324
1.07 5323
1.07 5322
1.07 5321
1.07 5320
1.08 5319
1.08 5318
1.08 5317
1.08 5316
1.09 5315
1.09 5314
1.09 5313
1.09 5312
1.10 5311
1.10 5310
1.10 5309
1.10 5308
1.11 5307
1.11 5306
1.11 5305
1.11 5304
1.12 5303
1.12 5302
1.12 5301
1.12 5300
1.13 5299
1.13 5298
1.13 5297
1.13 5296
1.14 5295
1.14 5294
1.14 5293
1.14 5292
1.15 5291
1.15 5290
1.15 5289
1.16 5288
1.16 5287
1.16 5286
1.16 5285
1.17 5284
1.17 5283
1.17 5282
1.17 5281
1.18 5280
1.18 5279
1.18 5278
1.18 5277
1.19 5276
1.19 5275
1.19 5274
1.19 5273
1.19 5272
1.20 5271
1.20 5270
1.20 5269
1.21 5268
1.21 5267
1.21 5266
1.21 5265
1.22 5264
1.22 5263
1.22 5262
1.22 5261
1.23 5260
1.23 5259
1.23 5258
1.24 5257
1.24 5256
1.24 5255
1.24 5254
1.25 5253
1.25 5252
1.25 5251
1.25 5250
1.26 5249
1.26 5248
1.26 5247
1.26 5246
1.27 5245
1.27 5244
1.27 5243
1.28 5242
1.28 5241
1.28 5240
1.28 5239
1.29 5238
1.29 5237
1.29 5236
1.29 5235
1.30 5234
1.30 5233
1.30 5232
1.30 5231
1.31 5230
1.31 5229
1.31 5228
1.31 5227
1.31 5226
1.32 5225
1.32 5224
1.32 5223
1.32 5222
1.33 5221
1.33 5220
1.33 5219
1.33 5218
1.34 5217
1.34 5216
1.34 5215
1.35 5214
1.35 5213
1.35 5212
1.35 5211
1.36 5210
1.36 5209
1.36 5208
1.36 5207
1.37 5206
1.37 5205
1.37 5204
1.38 5203
1.38 5202
1.38 5201
1.38 5200
1.39 5199
1.39 5198
1.39 5197
1.39 5196
1.40 5195
1.40 5194
1.40 5193
1.41 5192
1.41 5191
1.41 5190
1.41 5189
1.41 5188
1.42 5187
1.42 5186
1.42 5185
1.42 5184
1.43 5183
1.43 5182
1.43 5181
1.44 5180
1.44 5179
1.44 5178
1.44 5177
1.45 5176
1.45 5175
1.45 5174
1.46 5173
1.46 5172
1.46 5171
1.46 5170
1.46 5169
1.47 5168
1.47 5167
1.47 5166
1.48 5165
1.48 5164
1.48 5163
1.49 5162
1.49 5161
1.49 5160
1.49 5159
1.50 5158
1.50 5157
1.50 5156
1.51 5155
1.51 5154
1.51 5153
1.51 5152
1.51 5151
1.52 5150
1.52 5149
1.52 5148
1.53 5147
1.53 5146
1.53 5145
1.53 5144
1.54 5143
1.54 5142
1.54 5141
1.55 5140
1.55 5139
1.55 5138
1.55 5137
1.56 5136
1.56 5135
1.56 5134
1.56 5133
1.56 5132
1.57 5131
1.57 5130
1.57 5129
1.58 5128
1.58 5127
1.58 5126
1.58 5125
1.59 5124
1.59 5123
1.59 5122
1.59 5121
1.60 5120
1.60 5119
1.60 5118
1.60 5117
1.61 5116
1.61 5115
1.61 5114
1.62 5113
1.62 5112
1.62 5111
1.62 5110
1.63 5109
1.63 5108
1.63 5107
1.64 5106
1.64 5105
1.64 5104
1.65 5103
1.65 5102
1.65 5101
1.66 5100
1.66 5099
1.66 5098
1.66 5097
1.66 5096
1.67 5095
1.67 5094
1.67 5093
1.68 5092
1.68 5091
1.68 5090
1.68 5089
1.69 5088
1.69 5087
1.69 5086
1.69 5085
1.70 5084
1.70 5083
1.70 5082
1.70 5081
1.71 5080
1.71 5079
1.71 5078
1.72 5077
1.72 5076
1.72 5075
1.72 5074
1.73 5073
1.73 5072
1.73 5071
1.73 5070
1.74 5069
1.74 5068
1.74 5067
1.75 5066
1.75 5065
1.75 5064
1.75 5063
1.76 5062
1.76 5061
1.76 5060
1.76 5059
1.77 5058
1.77 5057
1.77 5056
1.77 5055
1.78 5054
1.78 5053
1.78 5052
1.78 5051
1.79 5050
1.79 5049
1.79 5048
1.80 5047
1.80 5046
1.80 5045
1.80 5044
1.81 5043
1.81 5042
1.81 5041
1.81 5040
1.82 5039
1.82 5038
1.82 5037
1.82 5036
1.83 5035
1.83 5034
1.83 5033
1.83 5032
1.84 5031
1.84 5030
1.84 5029
1.84 5028
1.85 5027
1.85 5026
1.85 5025
1.86 5024
1.86 5023
1.86 5022
1.86 5021
1.86 5020
1.87 5019
1.87 5018
1.87 5017
1.88 5016
1.88 5015
1.88 5014
1.88 5013
1.89 5012
1.89 5011
1.89 5010
1.89 5009
1.90 5008
1.90 5007
1.90 5006
1.91 5005
1.91 5004
1.91 5003
1.91 5002
1.92 5001
1.92 5000
1.92 4999
1.92 4998
1.93 4997
1.93 4996
1.93 4995
1.93 4994
1.94 4993
1.94 4992
1.94 4991
1.94 4990
1.95 4989
1.95 4988
1.95 4987
1.95 4986
1.96 4985
1.96 4984
1.96 4983
1.96 4982
1.97 4981
1.97 4980
1.97 4979
1.98 4978
1.98 4977
1.98 4976
1.98 4975
1.98 4974
1.99 4973
1.99 4972
1.99 4971
1.99 4970
2.00 4969
2.00 4968
2.00 4967
2.00 4966
2.01 4965
2.01 4964
2.01 4963
2.01 4962
2.02 4961
2.02 4960
2.02 4959
2.02 4958
2.03 4957
2.03 4956
2.03 4955
2.03 4954
2.04 4953
2.04 4952
2.04 4951
2.04 4950
2.05 4949
2.05 4948
2.05 4947
2.05 4946
2.06 4945
2.06 4944
2.06 4943
2.06 4942
2.07 4941
2.07 4940
2.07 4939
2.07 4938
2.08 4937
2.08 4936
2.08 4935
2.09 4934
2.09 4933
2.09 4932
2.09 4931
2.10 4930
2.10 4929
2.10 4928
2.10 4927
2.11 4926
2.11 4925
2.11 4924
2.11 4923
2.12 4922
2.12 4921
2.12 4920
2.12 4919
2.12 4918
2.13 4917
2.13 4916
2.13 4915
2.13 4914
2.14 4913
2.14 4912
2.14 4911
2.15 4910
2.15 4909
2.15 4908
2.15 4907
2.16 4906
2.16 4905
2.16 4904
2.16 4903
2.16 4902
2.17 4901
2.17 4900
2.17 4899
2.17 4898
2.18 4897
2.18 4896
2.18 4895
2.18 4894
2.19 4893
2.19 4892
2.19 4891
2.19 4890
2.20 4889
2.20 4888
2.20 4887
2.20 4886
2.20 4885
2.21 4884
2.21 4883
2.21 4882
2.21 4881
2.22 4880
2.22 4879
2.22 4878
2.22 4877
2.23 4876
2.23 4875
2.23 4874
2.23 4873
2.23 4872
2.24 4871
2.24 4870
2.24 4869
2.24 4868
2.25 4867
2.25 4866
2.25 4865
2.26 4864
2.26 4863
2.26 4862
2.26 4861
2.26 4860
2.27 4859
2.27 4858
2.27 4857
2.28 4856
2.28 4855
2.28 4854
2.28 4853
2.28 4852
2.29 4851
2.29 4850
2.29 4849
2.29 4848
2.30 4847
2.30 4846
2.30 4845
2.30 4844
2.31 4843
2.31 4842
2.31 4841
2.31 4840
2.32 4839
2.32 4838
2.32 4837
2.32 4836
2.32 4835
2.33 4834
2.33 4833
2.33 4832
2.33 4831
2.34 4830
2.34 4829
2.34 4828
2.34 4827
2.35 4826
2.35 4825
2.35 4824
2.35 4823
2.36 4822
2.36 4821
2.36 4820
2.36 4819
2.37 4818
2.37 4817
2.37 4816
2.37 4815
2.38 4814
2.38 4813
2.38 4812
2.38 4811
2.39 4810
2.39 4809
2.39 4808
2.39 4807
2.40 4806
2.40 4805
2.40 4804
2.40 4803
2.41 4802
2.41 4801
2.41 4800
2.41 4799
2.42 4798
2.42 4797
2.42 4796
2.42 4795
2.42 4794
2.43 4793
2.43 4792
2.43 4791
2.43 4790
2.43 4789
2.44 4788
2.44 4787
2.44 4786
2.44 4785
2.45 4784
2.45 4783
2.45 4782
2.46 4781
2.46 4780
2.46 4779
2.46 4778
2.47 4777
2.47 4776
2.47 4775
2.48 4774
2.48 4773
2.48 4772
2.48 4771
2.49 4770
2.49 4769
2.49 4768
2.49 4767
2.50 4766
2.50 4765
2.50 4764
2.50 4763
2.50 4762
2.51 4761
2.51 4760
2.51 4759
2.51 4758
2.52 4757
2.52 4756
2.52 4755
2.52 4754
2.53 4753
2.53 4752
2.53 4751
2.53 4750
2.53 4749
2.54 4748
2.54 4747
2.54 4746
2.54 4745
2.55 4744
2.55 4743
2.55 4742
2.55 4741
2.56 4740
2.56 4739
2.56 4738
2.56 4737
2.56 4736
2.57 4735
2.57 4734
2.57 4733
2.57 4732
2.57 4731
2.58 4730
2.58 4729
2.58 4728
2.58 4727
2.59 4726
2.59 4725
2.59 4724
2.59 4723
2.59 4722
2.60 4721
2.60 4720
2.60 4719
2.60 4718
2.61 4717
2.61 4716
2.61 4715
2.61 4714
2.61 4713
2.62 4712
2.62 4711
2.62 4710
2.62 4709
2.62 4708
2.63 4707
2.63 4706
2.63 4705
2.63 4704
2.64 4703
2.64 4702
2.64 4701
2.64 4700
2.65 4699
2.65 4698
2.65 4697
2.65 4696
2.66 4695
2.66 4694
2.66 4693
2.66 4692
2.67 4691
2.67 4690
2.67 4689
2.67 4688
2.67 4687
2.68 4686
2.68 4685
2.68 4684
2.68 4683
2.68 4682
2.69 4681
2.69 4680
2.69 4679
2.69 4678
2.70 4677
2.70 4676
2.70 4675
2.70 4674
2.70 4673
2.71 4672
2.71 4671
2.71 4670
2.71 4669
2.71 4668
2.72 4667
2.72 4666
2.72 4665
2.72 4664
2.72 4663
2.73 4662
2.73 4661
2.73 4660
2.73 4659
2.73 4658
2.74 4657
2.74 4656
2.74 4655
2.74 4654
2.75 4653
2.75 4652
2.75 4651
2.75 4650
10.69 3308
10.69 3307
27.82 3306
