0.05 5677
0.05 5676
0.05 5675
0.05 5674
0.05 5673
0.05 5672
0.05 5671
0.05 5670
0.05 5669
0.06 5668
0.06 5667
0.06 5666
0.06 5665
0.06 5664
0.06 5663
0.06 5662
0.06 5661
0.06 5660
0.06 5659
0.08 5658
0.08 5657
0.08 5656
0.08 5655
0.08 5654
0.08 5653
0.08 5652
0.08 5651
0.08 5650
0.10 5649
0.10 5648
0.10 5647
0.10 5646
0.10 5645
0.10 5644
0.10 5643
0.11 5642
0.11 5641
0.11 5640
0.11 5639
0.11 5638
0.11 5637
0.11 5636
0.11 5635
0.11 5634
0.11 5633
0.13 5632
0.13 5631
0.13 5630
0.13 5629
0.13 5628
0.13 5627
0.13 5626
0.13 5625
0.13 5624
0.13 5623
0.14 5622
0.14 5621
0.14 5620
0.14 5619
0.14 5618
0.14 5617
0.14 5616
0.14 5615
0.14 5614
0.14 5613
0.16 5612
0.16 5611
0.16 5610
0.16 5609
0.16 5608
0.16 5607
0.16 5606
0.16 5605
0.16 5604
0.16 5603
0.16 5602
0.17 5601
0.17 5600
0.17 5599
0.17 5598
0.18 5597
0.18 5596
0.18 5595
0.18 5594
0.18 5593
0.18 5592
0.19 5591
0.19 5590
0.19 5589
0.19 5588
0.19 5587
0.19 5586
0.19 5585
0.19 5584
0.19 5583
0.19 5582
0.21 5581
0.21 5580
0.21 5579
0.21 5578
0.21 5577
0.21 5576
0.21 5575
0.21 5574
0.21 5573
0.21 5572
0.21 5571
0.22 5570
0.22 5569
0.22 5568
0.22 5567
0.22 5566
0.22 5565
0.22 5564
0.22 5563
0.22 5562
0.22 5561
0.22 5560
0.24 5559
0.24 5558
0.24 5557
0.24 5556
0.24 5555
0.24 5554
0.24 5553
0.24 5552
0.24 5551
0.24 5550
0.25 5549
0.25 5548
0.25 5547
0.25 5546
0.25 5545
0.25 5544
0.25 5543
0.25 5542
0.25 5541
0.25 5540
0.27 5539
0.27 5538
0.27 5537
0.27 5536
0.27 5535
0.27 5534
0.27 5533
0.27 5532
0.28 5531
0.28 5530
0.28 5529
0.28 5528
0.28 5527
0.28 5526
0.28 5525
0.28 5524
0.28 5523
0.28 5522
0.28 5521
0.28 5520
0.28 5519
0.30 5518
0.30 5517
0.30 5516
0.30 5515
0.30 5514
0.30 5513
0.30 5512
0.30 5511
0.30 5510
0.30 5509
0.30 5508
0.32 5507
0.32 5506
0.32 5505
0.32 5504
0.32 5503
0.32 5502
0.32 5501
0.32 5500
0.32 5499
0.32 5498
0.33 5497
0.33 5496
0.33 5495
0.33 5494
0.33 5493
0.33 5492
0.33 5491
0.33 5490
0.33 5489
0.33 5488
0.35 5487
0.35 5486
0.35 5485
0.35 5484
0.35 5483
0.35 5482
0.35 5481
0.35 5480
0.35 5479
0.35 5478
0.35 5477
0.36 5476
0.36 5475
0.36 5474
0.36 5473
0.36 5472
0.36 5471
0.36 5470
0.36 5469
0.36 5468
0.36 5467
0.36 5466
0.38 5465
0.38 5464
0.38 5463
0.38 5462
0.38 5461
0.38 5460
0.38 5459
0.38 5458
0.38 5457
0.39 5456
0.39 5455
0.39 5454
0.39 5453
0.39 5452
0.39 5451
0.39 5450
0.39 5449
0.39 5448
0.39 5447
0.39 5446
0.41 5445
0.41 5444
0.41 5443
0.41 5442
0.41 5441
0.41 5440
0.41 5439
0.41 5438
0.41 5437
0.41 5436
0.43 5435
0.43 5434
0.43 5433
0.43 5432
0.43 5431
0.43 5430
0.43 5429
0.43 5428
0.43 5427
0.43 5426
0.44 5425
0.44 5424
0.44 5423
0.44 5422
0.44 5421
0.44 5420
0.44 5419
0.46 5418
0.46 5417
0.46 5416
0.46 5415
0.46 5414
0.46 5413
0.46 5412
0.46 5411
0.46 5410
0.46 5409
0.47 5408
0.47 5407
0.47 5406
0.47 5405
0.47 5404
0.48 5403
0.48 5402
0.48 5401
0.48 5400
0.49 5399
0.49 5398
0.49 5397
0.49 5396
0.49 5395
0.49 5394
0.49 5393
0.50 5392
0.50 5391
0.50 5390
0.50 5389
0.50 5388
0.50 5387
0.50 5386
0.51 5385
0.51 5384
0.51 5383
0.51 5382
0.51 5381
0.51 5380
0.51 5379
0.51 5378
0.51 5377
0.51 5376
0.51 5375
0.51 5374
0.51 5373
0.51 5372
0.51 5371
0.51 5370
0.51 5369
0.53 5368
0.53 5367
0.53 5366
0.53 5365
0.53 5364
0.53 5363
0.53 5362
0.53 5361
0.53 5360
0.53 5359
0.53 5358
0.54 5357
0.54 5356
0.54 5355
0.54 5354
0.54 5353
0.54 5352
0.54 5351
0.54 5350
0.54 5349
0.54 5348
0.54 5347
0.56 5346
0.56 5345
0.56 5344
0.56 5343
0.56 5342
0.56 5341
0.56 5340
0.56 5339
0.56 5338
0.56 5337
0.58 5336
0.58 5335
0.58 5334
0.58 5333
0.58 5332
0.58 5331
0.58 5330
0.58 5329
0.58 5328
0.58 5327
0.58 5326
0.59 5325
0.59 5324
0.59 5323
0.59 5322
0.59 5321
0.59 5320
0.59 5319
0.59 5318
0.59 5317
0.59 5316
0.59 5315
0.61 5314
0.61 5313
0.61 5312
0.61 5311
0.61 5310
0.61 5309
0.61 5308
0.61 5307
0.61 5306
0.61 5305
0.61 5304
0.62 5303
0.62 5302
0.62 5301
0.62 5300
0.62 5299
0.62 5298
0.62 5297
0.62 5296
0.62 5295
0.62 5294
0.64 5293
0.64 5292
0.64 5291
0.64 5290
0.64 5289
0.64 5288
0.64 5287
0.64 5286
0.64 5285
0.64 5284
0.65 5283
0.65 5282
0.65 5281
0.65 5280
0.65 5279
0.65 5278
0.65 5277
0.65 5276
0.65 5275
0.65 5274
0.65 5273
0.67 5272
0.67 5271
0.67 5270
0.67 5269
0.67 5268
0.68 5267
0.68 5266
0.68 5265
0.69 5264
0.69 5263
0.69 5262
0.69 5261
0.69 5260
0.69 5259
0.69 5258
0.69 5257
0.69 5256
0.69 5255
0.69 5254
0.70 5253
0.70 5252
0.70 5251
0.70 5250
0.70 5249
0.70 5248
0.70 5247
0.70 5246
0.70 5245
0.70 5244
0.70 5243
0.72 5242
0.72 5241
0.72 5240
0.72 5239
0.72 5238
0.72 5237
0.72 5236
0.72 5235
0.72 5234
0.72 5233
0.72 5232
0.73 5231
0.73 5230
0.73 5229
0.73 5228
0.73 5227
0.73 5226
0.73 5225
0.73 5224
0.73 5223
0.73 5222
0.73 5221
0.75 5220
0.75 5219
0.75 5218
0.75 5217
0.75 5216
0.75 5215
0.75 5214
0.75 5213
0.75 5212
0.75 5211
0.75 5210
0.77 5209
0.77 5208
0.77 5207
0.77 5206
0.77 5205
0.77 5204
0.77 5203
0.77 5202
0.77 5201
0.77 5200
0.78 5199
0.78 5198
0.78 5197
0.78 5196
0.78 5195
0.78 5194
0.78 5193
0.78 5192
0.78 5191
0.78 5190
0.78 5189
0.80 5188
0.80 5187
0.80 5186
0.80 5185
0.80 5184
0.80 5183
0.80 5182
0.80 5181
0.80 5180
0.81 5179
0.81 5178
0.81 5177
0.81 5176
0.81 5175
0.81 5174
0.81 5173
0.81 5172
0.81 5171
0.83 5170
0.83 5169
0.83 5168
0.83 5167
0.83 5166
0.83 5165
0.83 5164
0.83 5163
0.83 5162
0.83 5161
0.83 5160
0.84 5159
0.84 5158
0.84 5157
0.84 5156
0.84 5155
0.84 5154
0.84 5153
0.84 5152
0.84 5151
0.84 5150
0.84 5149
0.84 5148
0.84 5147
0.84 5146
0.86 5145
0.86 5144
0.86 5143
0.86 5142
0.86 5141
0.86 5140
0.86 5139
0.86 5138
0.86 5137
0.86 5136
0.86 5135
0.86 5134
0.86 5133
0.88 5132
0.88 5131
0.88 5130
0.88 5129
0.88 5128
0.88 5127
0.88 5126
0.88 5125
0.88 5124
0.89 5123
0.89 5122
0.89 5121
0.89 5120
0.89 5119
0.89 5118
0.89 5117
0.89 5116
0.89 5115
0.89 5114
0.89 5113
0.89 5112
0.89 5111
0.89 5110
0.91 5109
0.91 5108
0.91 5107
0.91 5106
0.91 5105
0.91 5104
0.91 5103
0.91 5102
0.91 5101
0.91 5100
0.91 5099
0.91 5098
0.91 5097
0.91 5096
0.92 5095
0.92 5094
0.92 5093
0.92 5092
0.92 5091
0.92 5090
0.92 5089
0.92 5088
0.92 5087
0.92 5086
0.92 5085
0.92 5084
0.92 5083
0.94 5082
0.94 5081
0.94 5080
0.94 5079
0.94 5078
0.94 5077
0.94 5076
0.94 5075
0.94 5074
0.94 5073
0.95 5072
0.95 5071
0.95 5070
0.95 5069
0.95 5068
0.95 5067
0.95 5066
0.95 5065
0.95 5064
0.95 5063
0.95 5062
0.95 5061
0.95 5060
0.95 5059
0.97 5058
0.97 5057
0.97 5056
0.97 5055
0.97 5054
0.97 5053
0.97 5052
0.97 5051
0.97 5050
0.98 5049
0.98 5048
0.98 5047
0.98 5046
0.99 5045
0.99 5044
0.99 5043
0.99 5042
0.99 5041
0.99 5040
0.99 5039
0.99 5038
0.99 5037
0.99 5036
0.99 5035
0.99 5034
0.99 5033
1.00 5032
1.00 5031
1.00 5030
1.01 5029
1.01 5028
1.01 5027
1.01 5026
1.01 5025
1.01 5024
1.01 5023
1.01 5022
1.01 5021
1.01 5020
1.01 5019
1.01 5018
1.01 5017
1.02 5016
1.02 5015
1.02 5014
1.02 5013
1.02 5012
1.02 5011
1.02 5010
1.02 5009
1.02 5008
1.02 5007
1.02 5006
1.02 5005
1.02 5004
1.04 5003
1.04 5002
1.04 5001
1.04 5000
1.04 4999
1.04 4998
1.04 4997
1.04 4996
1.04 4995
1.04 4994
1.04 4993
1.04 4992
1.04 4991
1.05 4990
1.05 4989
1.05 4988
1.05 4987
1.05 4986
1.05 4985
1.05 4984
1.05 4983
1.05 4982
1.05 4981
1.05 4980
1.05 4979
1.05 4978
1.05 4977
1.07 4976
1.07 4975
1.07 4974
1.07 4973
1.07 4972
1.07 4971
1.07 4970
1.07 4969
1.07 4968
1.07 4967
1.07 4966
1.08 4965
1.08 4964
1.08 4963
1.08 4962
1.08 4961
1.08 4960
1.08 4959
1.08 4958
1.08 4957
1.08 4956
1.08 4955
1.08 4954
1.08 4953
1.08 4952
1.08 4951
1.08 4950
1.10 4949
1.10 4948
1.10 4947
1.10 4946
1.10 4945
1.10 4944
1.10 4943
1.10 4942
1.10 4941
1.10 4940
1.10 4939
1.10 4938
1.10 4937
1.12 4936
1.12 4935
1.12 4934
1.12 4933
1.12 4932
1.12 4931
1.12 4930
1.12 4929
1.12 4928
1.12 4927
1.12 4926
1.12 4925
1.12 4924
1.12 4923
1.13 4922
1.13 4921
1.13 4920
1.13 4919
1.13 4918
1.13 4917
1.13 4916
1.13 4915
1.13 4914
1.13 4913
1.13 4912
1.13 4911
1.13 4910
1.13 4909
1.13 4908
1.15 4907
1.15 4906
1.15 4905
1.15 4904
1.15 4903
1.15 4902
1.15 4901
1.15 4900
1.15 4899
1.15 4898
1.15 4897
1.15 4896
1.15 4895
1.15 4894
1.15 4893
1.16 4892
1.16 4891
1.16 4890
1.16 4889
1.16 4888
1.16 4887
1.16 4886
1.16 4885
1.16 4884
1.16 4883
1.16 4882
1.16 4881
1.16 4880
1.16 4879
1.16 4878
1.18 4877
1.18 4876
1.18 4875
1.18 4874
1.18 4873
1.18 4872
1.18 4871
1.18 4870
1.18 4869
1.18 4868
1.18 4867
1.18 4866
1.18 4865
1.18 4864
1.18 4863
1.19 4862
1.19 4861
1.19 4860
1.19 4859
1.19 4858
1.19 4857
1.19 4856
1.19 4855
1.19 4854
1.19 4853
1.19 4852
1.19 4851
1.19 4850
1.19 4849
1.19 4848
1.21 4847
1.21 4846
1.21 4845
1.21 4844
1.21 4843
1.21 4842
1.21 4841
1.21 4840
1.21 4839
1.21 4838
1.21 4837
1.21 4836
1.21 4835
1.21 4834
1.23 4833
1.23 4832
1.23 4831
1.23 4830
1.23 4829
1.23 4828
1.23 4827
1.23 4826
1.23 4825
1.23 4824
1.23 4823
1.23 4822
1.23 4821
1.23 4820
1.23 4819
1.24 4818
1.24 4817
1.24 4816
1.24 4815
1.24 4814
1.24 4813
1.24 4812
1.24 4811
1.24 4810
1.24 4809
1.24 4808
1.24 4807
1.24 4806
1.24 4805
1.26 4804
1.26 4803
1.26 4802
1.26 4801
1.26 4800
1.26 4799
1.26 4798
1.26 4797
1.26 4796
1.26 4795
1.26 4794
1.26 4793
1.26 4792
1.27 4791
1.27 4790
1.27 4789
1.27 4788
1.27 4787
1.27 4786
1.28 4785
1.28 4784
1.28 4783
1.28 4782
1.28 4781
1.28 4780
1.29 4779
1.29 4778
1.29 4777
1.29 4776
1.29 4775
1.29 4774
1.29 4773
1.29 4772
1.29 4771
1.29 4770
1.29 4769
1.29 4768
1.31 4767
1.31 4766
1.31 4765
1.31 4764
1.31 4763
1.31 4762
1.31 4761
1.31 4760
1.31 4759
1.31 4758
1.31 4757
1.31 4756
1.31 4755
1.31 4754
1.31 4753
1.32 4752
1.32 4751
1.32 4750
1.32 4749
1.32 4748
1.32 4747
1.32 4746
1.32 4745
1.32 4744
1.32 4743
1.32 4742
1.32 4741
1.32 4740
1.32 4739
1.34 4738
1.34 4737
1.34 4736
1.34 4735
1.34 4734
1.34 4733
1.34 4732
1.34 4731
1.34 4730
1.34 4729
1.34 4728
1.34 4727
1.34 4726
1.34 4725
1.34 4724
1.35 4723
1.35 4722
1.35 4721
1.35 4720
1.35 4719
1.35 4718
1.35 4717
1.35 4716
1.35 4715
1.35 4714
1.35 4713
1.35 4712
1.35 4711
1.35 4710
1.35 4709
1.37 4708
1.37 4707
1.37 4706
1.37 4705
1.37 4704
1.37 4703
1.37 4702
1.37 4701
1.37 4700
1.37 4699
1.37 4698
1.37 4697
1.37 4696
1.38 4695
1.38 4694
1.38 4693
1.38 4692
1.38 4691
1.38 4690
1.38 4689
1.38 4688
1.38 4687
1.38 4686
1.38 4685
1.38 4684
1.38 4683
1.38 4682
1.38 4681
1.38 4680
1.40 4679
1.40 4678
1.40 4677
1.40 4676
1.40 4675
1.40 4674
1.40 4673
1.40 4672
1.40 4671
1.40 4670
1.40 4669
1.40 4668
1.40 4667
1.40 4666
1.40 4665
1.42 4664
1.42 4663
1.42 4662
1.42 4661
1.42 4660
1.42 4659
1.42 4658
1.42 4657
1.42 4656
1.42 4655
1.42 4654
1.42 4653
1.42 4652
1.42 4651
1.42 4650
1.43 4649
1.43 4648
1.43 4647
1.43 4646
1.43 4645
1.43 4644
1.43 4643
1.43 4642
1.43 4641
1.43 4640
1.43 4639
1.43 4638
1.43 4637
1.43 4636
1.43 4635
1.45 4634
1.45 4633
1.45 4632
1.45 4631
1.45 4630
1.45 4629
1.45 4628
1.45 4627
1.45 4626
1.45 4625
1.45 4624
1.45 4623
1.45 4622
1.45 4621
1.45 4620
1.46 4619
1.46 4618
1.46 4617
1.46 4616
1.46 4615
1.46 4614
1.46 4613
1.46 4612
1.46 4611
1.46 4610
1.46 4609
1.46 4608
1.48 4607
1.48 4606
1.48 4605
1.48 4604
1.48 4603
1.48 4602
1.48 4601
1.49 4600
1.49 4599
1.49 4598
1.49 4597
1.49 4596
1.49 4595
1.49 4594
1.49 4593
1.49 4592
1.50 4591
1.50 4590
1.50 4589
1.50 4588
1.50 4587
1.50 4586
1.50 4585
1.50 4584
1.50 4583
1.50 4582
1.51 4581
1.51 4580
1.51 4579
1.51 4578
1.51 4577
1.51 4576
1.51 4575
1.51 4574
1.51 4573
1.51 4572
1.51 4571
1.51 4570
1.51 4569
1.51 4568
1.51 4567
1.51 4566
1.51 4565
1.51 4564
1.51 4563
1.53 4562
1.53 4561
1.53 4560
1.53 4559
1.53 4558
1.53 4557
1.53 4556
1.53 4555
1.54 4554
1.54 4553
1.54 4552
1.54 4551
1.54 4550
1.54 4549
1.54 4548
1.54 4547
1.54 4546
1.54 4545
1.54 4544
1.54 4543
1.54 4542
1.56 4541
1.56 4540
1.56 4539
1.56 4538
1.56 4537
1.56 4536
1.56 4535
1.56 4534
1.56 4533
1.56 4532
1.56 4531
1.56 4530
1.56 4529
1.58 4528
1.58 4527
1.58 4526
1.58 4525
1.58 4524
1.58 4523
1.58 4522
1.58 4521
1.58 4520
1.58 4519
1.58 4518
1.59 4517
1.59 4516
1.59 4515
1.59 4514
1.59 4513
1.59 4512
1.59 4511
1.59 4510
1.59 4509
1.59 4508
1.59 4507
1.59 4506
1.59 4505
1.59 4504
1.59 4503
1.61 4502
1.61 4501
1.61 4500
1.61 4499
1.61 4498
1.61 4497
1.61 4496
1.61 4495
1.61 4494
1.61 4493
1.61 4492
1.61 4491
1.61 4490
1.61 4489
1.61 4488
1.62 4487
1.62 4486
1.62 4485
1.62 4484
1.62 4483
1.62 4482
1.62 4481
1.62 4480
1.62 4479
1.62 4478
1.62 4477
1.62 4476
1.62 4475
1.62 4474
1.64 4473
1.64 4472
1.64 4471
1.64 4470
1.64 4469
1.64 4468
1.64 4467
1.64 4466
1.64 4465
1.64 4464
1.64 4463
1.64 4462
1.64 4461
1.64 4460
1.65 4459
1.65 4458
1.65 4457
1.65 4456
1.65 4455
1.65 4454
1.65 4453
1.65 4452
1.65 4451
1.65 4450
1.65 4449
1.65 4448
1.65 4447
1.65 4446
1.67 4445
1.67 4444
1.67 4443
1.67 4442
1.67 4441
1.67 4440
1.67 4439
1.67 4438
1.67 4437
1.67 4436
1.67 4435
1.68 4434
1.68 4433
1.68 4432
1.68 4431
1.69 4430
1.69 4429
1.69 4428
1.69 4427
1.69 4426
1.69 4425
1.69 4424
1.69 4423
1.69 4422
1.69 4421
1.69 4420
1.69 4419
1.69 4418
1.69 4417
1.70 4416
1.70 4415
1.70 4414
1.70 4413
1.70 4412
1.70 4411
1.70 4410
1.70 4409
1.70 4408
1.70 4407
1.70 4406
1.70 4405
1.70 4404
1.70 4403
1.70 4402
1.72 4401
1.72 4400
1.72 4399
1.72 4398
1.72 4397
1.72 4396
1.72 4395
1.72 4394
1.72 4393
1.72 4392
1.72 4391
1.72 4390
1.72 4389
1.72 4388
1.73 4387
1.73 4386
1.73 4385
1.73 4384
1.73 4383
1.73 4382
1.73 4381
1.73 4380
1.73 4379
1.73 4378
1.73 4377
1.73 4376
1.73 4375
1.73 4374
1.73 4373
1.75 4372
1.75 4371
1.75 4370
1.75 4369
1.75 4368
1.75 4367
1.75 4366
1.75 4365
1.75 4364
1.75 4363
1.75 4362
1.75 4361
1.75 4360
1.75 4359
1.75 4358
1.76 4357
1.76 4356
1.76 4355
1.76 4354
1.76 4353
1.76 4352
1.76 4351
1.76 4350
1.76 4349
1.76 4348
1.76 4347
1.76 4346
1.76 4345
1.76 4344
1.76 4343
1.78 4342
1.78 4341
1.78 4340
1.78 4339
1.78 4338
1.78 4337
1.78 4336
1.78 4335
1.78 4334
1.78 4333
1.78 4332
1.78 4331
1.78 4330
1.78 4329
1.78 4328
1.80 4327
1.80 4326
1.80 4325
1.80 4324
1.80 4323
1.80 4322
1.80 4321
1.80 4320
1.80 4319
1.80 4318
1.80 4317
1.80 4316
1.80 4315
1.80 4314
1.80 4313
1.80 4312
1.81 4311
1.81 4310
1.81 4309
1.81 4308
1.81 4307
1.81 4306
1.81 4305
1.81 4304
1.81 4303
1.81 4302
1.81 4301
1.81 4300
1.81 4299
1.81 4298
1.81 4297
1.83 4296
1.83 4295
1.83 4294
1.83 4293
1.83 4292
1.83 4291
1.83 4290
1.83 4289
1.83 4288
1.83 4287
1.83 4286
1.83 4285
1.83 4284
1.83 4283
1.83 4282
1.84 4281
1.84 4280
1.84 4279
1.84 4278
1.84 4277
1.84 4276
1.84 4275
1.84 4274
1.84 4273
1.84 4272
1.84 4271
1.84 4270
1.84 4269
1.84 4268
1.84 4267
1.86 4266
1.86 4265
1.86 4264
1.86 4263
1.86 4262
1.86 4261
1.86 4260
1.86 4259
1.86 4258
1.86 4257
1.86 4256
1.86 4255
1.86 4254
1.86 4253
1.88 4252
1.88 4251
1.88 4250
1.88 4249
1.88 4248
1.88 4247
1.88 4246
1.88 4245
1.88 4244
1.88 4243
1.88 4242
1.88 4241
1.88 4240
1.88 4239
1.88 4238
1.88 4237
1.89 4236
1.89 4235
1.89 4234
1.89 4233
1.89 4232
1.89 4231
1.89 4230
1.89 4229
1.89 4228
1.89 4227
1.89 4226
1.89 4225
1.89 4224
1.89 4223
1.89 4222
1.91 4221
1.91 4220
1.91 4219
1.91 4218
1.91 4217
1.91 4216
1.91 4215
1.91 4214
1.91 4213
1.91 4212
1.91 4211
1.91 4210
1.91 4209
1.91 4208
1.91 4207
1.91 4206
1.92 4205
1.92 4204
1.92 4203
1.92 4202
1.92 4201
1.92 4200
1.92 4199
1.92 4198
1.92 4197
1.92 4196
1.92 4195
1.92 4194
1.92 4193
1.92 4192
1.94 4191
1.94 4190
1.94 4189
1.94 4188
1.94 4187
1.94 4186
1.94 4185
1.94 4184
1.94 4183
1.94 4182
1.94 4181
1.94 4180
1.94 4179
1.94 4178
1.94 4177
1.94 4176
1.95 4175
1.95 4174
1.95 4173
1.95 4172
1.95 4171
1.95 4170
1.95 4169
1.95 4168
1.95 4167
1.95 4166
1.95 4165
1.95 4164
1.95 4163
1.95 4162
1.95 4161
1.97 4160
1.97 4159
1.97 4158
1.97 4157
1.97 4156
1.97 4155
1.97 4154
1.97 4153
1.97 4152
1.97 4151
1.97 4150
1.97 4149
1.98 4148
1.98 4147
1.98 4146
1.99 4145
1.99 4144
1.99 4143
1.99 4142
1.99 4141
1.99 4140
1.99 4139
1.99 4138
1.99 4137
1.99 4136
1.99 4135
1.99 4134
1.99 4133
1.99 4132
1.99 4131
2.00 4130
2.00 4129
2.00 4128
2.00 4127
2.00 4126
2.00 4125
2.00 4124
2.00 4123
2.00 4122
2.00 4121
2.00 4120
2.00 4119
2.00 4118
2.02 4117
2.02 4116
2.02 4115
2.02 4114
2.02 4113
2.02 4112
2.02 4111
2.02 4110
2.02 4109
2.02 4108
2.02 4107
2.02 4106
2.02 4105
2.02 4104
2.03 4103
2.03 4102
2.03 4101
2.03 4100
2.03 4099
2.03 4098
2.03 4097
2.03 4096
2.03 4095
2.03 4094
2.03 4093
2.03 4092
2.03 4091
2.03 4090
2.03 4089
2.05 4088
2.05 4087
2.05 4086
2.05 4085
2.05 4084
2.05 4083
2.05 4082
2.05 4081
2.05 4080
2.05 4079
2.05 4078
2.05 4077
2.05 4076
2.05 4075
2.05 4074
2.07 4073
2.07 4072
2.07 4071
2.07 4070
2.07 4069
2.07 4068
2.07 4067
2.07 4066
2.07 4065
2.07 4064
2.07 4063
2.07 4062
2.07 4061
2.07 4060
2.07 4059
2.08 4058
2.08 4057
2.08 4056
2.08 4055
2.08 4054
2.08 4053
2.08 4052
2.08 4051
2.08 4050
2.08 4049
2.08 4048
2.08 4047
2.08 4046
2.08 4045
2.08 4044
2.08 4043
2.10 4042
5.24 3944
5.24 3943
5.24 3942
5.24 3941
5.25 3940
5.25 3939
5.25 3938
5.25 3937
5.25 3936
