0.01 3735
0.01 3734
0.01 3733
0.01 3732
0.01 3731
0.02 3730
0.02 3729
0.02 3728
0.02 3727
0.02 3726
0.02 3725
0.02 3724
0.02 3723
0.02 3722
0.02 3721
0.02 3720
0.03 3719
0.03 3718
0.03 3717
0.03 3716
0.03 3715
0.03 3714
0.03 3713
0.03 3712
0.03 3711
0.03 3710
0.03 3709
0.03 3708
0.03 3707
0.04 3706
0.04 3705
0.04 3704
0.04 3703
0.04 3702
0.04 3701
0.04 3700
0.04 3699
0.04 3698
0.04 3697
0.04 3696
0.04 3695
0.05 3694
0.05 3693
0.05 3692
0.05 3691
0.05 3690
0.05 3689
0.05 3688
0.05 3687
0.05 3686
0.05 3685
0.05 3684
0.05 3683
0.05 3682
0.05 3681
0.05 3680
0.06 3679
0.06 3678
0.06 3677
0.06 3676
0.06 3675
0.06 3674
0.06 3673
0.06 3672
0.06 3671
0.06 3670
0.06 3669
0.06 3668
0.06 3667
0.06 3666
0.07 3665
0.07 3664
0.07 3663
0.07 3662
0.07 3661
0.07 3660
0.07 3659
0.07 3658
0.07 3657
0.07 3656
0.07 3655
0.07 3654
0.07 3653
0.07 3652
0.08 3651
0.08 3650
0.08 3649
0.08 3648
0.08 3647
0.08 3646
0.08 3645
0.08 3644
0.08 3643
0.08 3642
0.08 3641
0.08 3640
0.08 3639
0.08 3638
0.08 3637
0.09 3636
0.09 3635
0.09 3634
0.09 3633
0.09 3632
0.09 3631
0.09 3630
0.09 3629
0.09 3628
0.09 3627
0.09 3626
0.09 3625
0.10 3624
0.10 3623
0.10 3622
0.10 3621
0.10 3620
0.10 3619
0.10 3618
0.10 3617
0.10 3616
0.10 3615
0.10 3614
0.10 3613
0.10 3612
0.10 3611
0.10 3610
0.10 3609
0.10 3608
0.10 3607
0.11 3606
0.11 3605
0.11 3604
0.11 3603
0.11 3602
0.11 3601
0.11 3600
0.11 3599
0.11 3598
0.11 3597
0.11 3596
0.11 3595
0.11 3594
0.11 3593
0.12 3592
0.12 3591
0.12 3590
0.12 3589
0.12 3588
0.12 3587
0.12 3586
0.12 3585
0.12 3584
0.12 3583
0.12 3582
0.12 3581
0.13 3580
0.13 3579
0.13 3578
0.13 3577
0.13 3576
0.13 3575
0.13 3574
0.13 3573
0.13 3572
0.13 3571
0.13 3570
0.13 3569
0.13 3568
0.14 3567
0.14 3566
0.14 3565
0.14 3564
0.14 3563
0.14 3562
0.14 3561
0.14 3560
0.14 3559
0.14 3558
0.14 3557
0.14 3556
0.14 3555
0.15 3554
0.15 3553
0.15 3552
0.15 3551
0.15 3550
0.15 3549
0.15 3548
0.15 3547
0.15 3546
0.15 3545
0.15 3544
0.15 3543
0.15 3542
0.15 3541
0.16 3540
0.16 3539
0.16 3538
0.16 3537
0.16 3536
0.16 3535
0.16 3534
0.16 3533
0.16 3532
0.16 3531
0.16 3530
0.16 3529
0.16 3528
0.16 3527
0.17 3526
0.17 3525
0.17 3524
0.17 3523
0.17 3522
0.17 3521
0.17 3520
0.17 3519
0.17 3518
0.17 3517
0.17 3516
0.17 3515
0.17 3514
0.17 3513
0.18 3512
0.18 3511
0.18 3510
0.18 3509
0.18 3508
0.18 3507
0.18 3506
0.18 3505
0.18 3504
0.18 3503
0.18 3502
0.18 3501
0.18 3500
0.18 3499
0.19 3498
0.19 3497
0.19 3496
0.19 3495
0.19 3494
0.19 3493
0.19 3492
0.19 3491
0.19 3490
0.19 3489
0.19 3488
0.19 3487
0.19 3486
0.20 3485
0.20 3484
0.20 3483
0.20 3482
0.20 3481
0.20 3480
0.20 3479
0.20 3478
0.20 3477
0.20 3476
0.20 3475
0.20 3474
0.20 3473
0.20 3472
0.21 3471
0.21 3470
0.21 3469
0.21 3468
0.21 3467
0.21 3466
0.21 3465
0.21 3464
0.21 3463
0.21 3462
0.21 3461
0.21 3460
0.21 3459
0.22 3458
0.22 3457
0.22 3456
0.22 3455
0.22 3454
0.22 3453
0.22 3452
0.22 3451
0.22 3450
0.22 3449
0.22 3448
0.22 3447
0.22 3446
0.22 3445
0.22 3444
0.22 3443
0.22 3442
0.23 3441
0.23 3440
0.23 3439
0.23 3438
0.23 3437
0.23 3436
0.23 3435
0.23 3434
0.23 3433
0.23 3432
0.23 3431
0.23 3430
0.23 3429
0.23 3428
0.24 3427
0.24 3426
0.24 3425
0.24 3424
0.24 3423
0.24 3422
0.24 3421
0.24 3420
0.24 3419
0.24 3418
0.24 3417
0.24 3416
0.24 3415
0.24 3414
0.24 3413
0.24 3412
0.25 3411
0.25 3410
0.25 3409
0.25 3408
0.25 3407
0.25 3406
0.25 3405
0.25 3404
0.25 3403
0.25 3402
0.25 3401
0.25 3400
0.25 3399
0.25 3398
0.25 3397
0.25 3396
0.26 3395
0.26 3394
0.26 3393
0.26 3392
0.26 3391
0.26 3390
0.26 3389
0.26 3388
0.26 3387
0.26 3386
0.26 3385
0.26 3384
0.26 3383
0.26 3382
0.26 3381
0.27 3380
0.27 3379
0.27 3378
0.27 3377
0.27 3376
0.27 3375
0.27 3374
0.27 3373
0.27 3372
0.27 3371
0.27 3370
0.27 3369
0.27 3368
0.27 3367
0.27 3366
0.28 3365
0.28 3364
0.28 3363
0.28 3362
0.28 3361
0.28 3360
0.28 3359
0.28 3358
0.28 3357
0.28 3356
0.28 3355
0.28 3354
0.28 3353
0.28 3352
0.28 3351
0.28 3350
0.29 3349
0.29 3348
0.29 3347
0.29 3346
0.29 3345
0.29 3344
0.29 3343
0.29 3342
0.29 3341
0.29 3340
0.29 3339
0.29 3338
0.29 3337
0.30 3336
0.30 3335
0.30 3334
0.30 3333
0.30 3332
0.30 3331
0.30 3330
0.30 3329
0.30 3328
0.30 3327
0.30 3326
0.30 3325
0.30 3324
0.30 3323
0.30 3322
0.30 3321
0.31 3320
0.31 3319
0.31 3318
0.31 3317
0.31 3316
0.31 3315
0.31 3314
0.31 3313
0.31 3312
0.31 3311
0.31 3310
0.31 3309
0.31 3308
0.31 3307
0.31 3306
0.31 3305
0.32 3304
0.32 3303
0.32 3302
0.32 3301
0.32 3300
0.32 3299
0.32 3298
0.32 3297
0.32 3296
0.32 3295
0.32 3294
0.32 3293
0.32 3292
0.32 3291
0.32 3290
0.32 3289
0.33 3288
0.33 3287
0.33 3286
0.33 3285
0.33 3284
0.33 3283
0.33 3282
0.33 3281
0.33 3280
0.33 3279
0.33 3278
0.33 3277
0.33 3276
0.33 3275
0.33 3274
0.33 3273
0.34 3272
0.34 3271
0.34 3270
0.34 3269
0.34 3268
0.34 3267
0.34 3266
0.34 3265
0.34 3264
0.34 3263
0.34 3262
0.34 3261
0.35 3260
0.35 3259
0.35 3258
0.35 3257
0.35 3256
0.35 3255
0.35 3254
0.35 3253
0.35 3252
0.35 3251
0.35 3250
0.35 3249
0.35 3248
0.35 3247
0.35 3246
0.35 3245
0.35 3244
0.36 3243
0.36 3242
0.36 3241
0.36 3240
0.36 3239
0.36 3238
0.36 3237
0.36 3236
0.36 3235
0.36 3234
0.36 3233
0.36 3232
0.36 3231
0.36 3230
0.36 3229
0.37 3228
0.37 3227
0.37 3226
0.37 3225
0.37 3224
0.37 3223
0.37 3222
0.37 3221
0.37 3220
0.37 3219
0.37 3218
0.37 3217
0.37 3216
0.37 3215
0.37 3214
0.38 3213
0.38 3212
0.38 3211
0.38 3210
0.38 3209
0.38 3208
0.38 3207
0.38 3206
0.38 3205
0.38 3204
0.38 3203
0.38 3202
0.38 3201
0.38 3200
0.38 3199
0.38 3198
0.38 3197
0.39 3196
0.39 3195
0.39 3194
0.39 3193
0.39 3192
0.39 3191
0.39 3190
0.39 3189
0.39 3188
0.39 3187
0.39 3186
0.39 3185
0.40 3184
0.40 3183
0.40 3182
0.40 3181
0.40 3180
0.40 3179
0.40 3178
0.40 3177
0.40 3176
0.40 3175
0.40 3174
0.40 3173
0.40 3172
0.40 3171
0.40 3170
0.41 3169
0.41 3168
0.41 3167
0.41 3166
0.41 3165
0.41 3164
0.41 3163
0.41 3162
0.41 3161
0.41 3160
0.41 3159
0.41 3158
0.41 3157
0.41 3156
0.42 3155
0.42 3154
0.42 3153
0.42 3152
0.42 3151
0.42 3150
0.42 3149
0.42 3148
0.42 3147
0.42 3146
0.42 3145
0.42 3144
0.42 3143
0.42 3142
0.42 3141
0.43 3140
0.43 3139
0.43 3138
0.43 3137
0.43 3136
0.43 3135
0.43 3134
0.43 3133
0.43 3132
0.43 3131
0.43 3130
0.43 3129
0.44 3128
0.44 3127
0.44 3126
0.44 3125
0.44 3124
0.44 3123
0.44 3122
0.44 3121
0.44 3120
0.44 3119
0.44 3118
0.44 3117
0.44 3116
0.44 3115
0.45 3114
0.45 3113
0.45 3112
0.45 3111
0.45 3110
0.45 3109
0.45 3108
0.45 3107
0.45 3106
0.45 3105
0.45 3104
0.45 3103
0.45 3102
0.45 3101
0.45 3100
0.45 3099
0.45 3098
0.46 3097
0.46 3096
0.46 3095
0.46 3094
0.46 3093
0.46 3092
0.46 3091
0.46 3090
0.46 3089
0.46 3088
0.46 3087
0.46 3086
0.46 3085
0.46 3084
0.47 3083
0.47 3082
0.47 3081
0.47 3080
0.47 3079
0.47 3078
0.47 3077
0.47 3076
0.47 3075
0.47 3074
0.47 3073
0.47 3072
0.47 3071
0.47 3070
0.47 3069
0.47 3068
0.48 3067
0.48 3066
0.48 3065
0.48 3064
0.48 3063
0.48 3062
0.48 3061
0.48 3060
0.48 3059
0.48 3058
0.48 3057
0.48 3056
0.49 3055
0.49 3054
0.49 3053
0.49 3052
0.49 3051
0.49 3050
0.49 3049
0.49 3048
0.49 3047
0.49 3046
0.49 3045
0.49 3044
0.49 3043
0.49 3042
0.49 3041
0.50 3040
0.50 3039
0.50 3038
0.50 3037
0.50 3036
0.50 3035
0.50 3034
0.50 3033
0.50 3032
0.50 3031
0.50 3030
0.50 3029
0.51 3028
0.51 3027
0.51 3026
0.51 3025
0.51 3024
0.51 3023
0.51 3022
0.51 3021
0.51 3020
0.51 3019
0.51 3018
0.51 3017
0.51 3016
0.51 3015
0.51 3014
0.52 3013
0.52 3012
0.52 3011
0.52 3010
0.52 3009
0.52 3008
0.52 3007
0.52 3006
0.52 3005
0.52 3004
0.52 3003
0.52 3002
0.52 3001
0.52 3000
0.52 2999
0.52 2998
0.53 2997
0.53 2996
0.53 2995
0.53 2994
0.53 2993
0.53 2992
0.53 2991
0.53 2990
0.53 2989
0.53 2988
0.53 2987
0.53 2986
0.53 2985
0.53 2984
0.53 2983
0.53 2982
0.53 2981
0.54 2980
0.54 2979
0.54 2978
0.54 2977
0.54 2976
0.54 2975
0.54 2974
0.54 2973
0.54 2972
0.54 2971
0.54 2970
0.54 2969
0.54 2968
0.54 2967
0.54 2966
0.55 2965
0.55 2964
0.55 2963
0.55 2962
0.55 2961
0.55 2960
0.55 2959
0.55 2958
0.55 2957
0.55 2956
0.55 2955
0.55 2954
0.55 2953
0.55 2952
0.55 2951
0.56 2950
0.56 2949
0.56 2948
0.56 2947
0.56 2946
0.56 2945
0.56 2944
0.56 2943
0.56 2942
0.56 2941
0.56 2940
0.56 2939
0.56 2938
0.56 2937
0.56 2936
0.57 2935
0.57 2934
0.57 2933
0.57 2932
0.57 2931
0.57 2930
0.57 2929
0.57 2928
0.57 2927
0.57 2926
0.57 2925
0.57 2924
0.57 2923
0.57 2922
0.58 2921
0.58 2920
0.58 2919
0.58 2918
0.58 2917
0.58 2916
0.58 2915
0.58 2914
0.58 2913
0.58 2912
0.58 2911
0.58 2910
0.58 2909
0.58 2908
0.59 2907
0.59 2906
0.59 2905
0.59 2904
0.59 2903
0.59 2902
0.59 2901
0.59 2900
0.59 2899
0.59 2898
0.59 2897
0.59 2896
0.59 2895
0.59 2894
0.60 2893
0.60 2892
0.60 2891
0.60 2890
0.60 2889
0.60 2888
0.60 2887
0.60 2886
0.60 2885
0.60 2884
0.60 2883
0.60 2882
0.60 2881
0.60 2880
0.60 2879
0.61 2878
0.61 2877
0.61 2876
0.61 2875
0.61 2874
0.61 2873
0.61 2872
0.61 2871
0.61 2870
0.61 2869
0.61 2868
0.61 2867
0.61 2866
0.61 2865
0.61 2864
0.62 2863
0.62 2862
0.62 2861
0.62 2860
0.62 2859
0.62 2858
0.62 2857
0.62 2856
0.62 2855
0.62 2854
0.62 2853
0.62 2852
0.62 2851
0.62 2850
0.62 2849
0.63 2848
0.63 2847
0.63 2846
0.63 2845
0.63 2844
0.63 2843
0.63 2842
0.63 2841
0.63 2840
0.63 2839
0.63 2838
0.63 2837
0.63 2836
0.63 2835
0.64 2834
0.64 2833
0.64 2832
0.64 2831
0.64 2830
0.64 2829
0.64 2828
0.64 2827
0.64 2826
0.64 2825
0.64 2824
0.64 2823
0.64 2822
0.64 2821
0.64 2820
0.65 2819
0.65 2818
0.65 2817
0.65 2816
0.65 2815
0.65 2814
0.65 2813
0.65 2812
0.65 2811
0.65 2810
0.65 2809
0.65 2808
0.65 2807
0.65 2806
0.65 2805
0.65 2804
0.65 2803
0.66 2802
0.66 2801
0.66 2800
0.66 2799
0.66 2798
0.66 2797
0.66 2796
0.66 2795
0.66 2794
0.66 2793
0.66 2792
0.66 2791
0.66 2790
0.66 2789
0.66 2788
0.66 2787
0.66 2786
0.67 2785
0.67 2784
0.67 2783
0.67 2782
0.67 2781
0.67 2780
0.67 2779
0.67 2778
0.67 2777
0.67 2776
0.67 2775
0.67 2774
0.67 2773
0.67 2772
0.68 2771
0.68 2770
0.68 2769
0.68 2768
0.68 2767
0.68 2766
0.68 2765
0.68 2764
0.68 2763
0.68 2762
0.68 2761
0.68 2760
0.68 2759
0.68 2758
0.68 2757
0.69 2756
0.69 2755
0.69 2754
0.69 2753
0.69 2752
0.69 2751
0.69 2750
0.69 2749
0.69 2748
0.69 2747
0.69 2746
0.69 2745
0.69 2744
0.69 2743
0.69 2742
0.69 2741
0.69 2740
0.70 2739
0.70 2738
0.70 2737
0.70 2736
0.70 2735
0.70 2734
0.70 2733
0.70 2732
0.70 2731
0.70 2730
0.70 2729
0.70 2728
0.70 2727
0.70 2726
0.70 2725
0.71 2724
0.71 2723
0.71 2722
0.71 2721
0.71 2720
0.71 2719
0.71 2718
0.71 2717
0.71 2716
0.71 2715
0.71 2714
0.71 2713
0.71 2712
0.71 2711
0.71 2710
0.71 2709
0.72 2708
0.72 2707
0.72 2706
0.72 2705
0.72 2704
0.72 2703
0.72 2702
0.72 2701
0.72 2700
0.72 2699
0.72 2698
0.72 2697
0.72 2696
0.72 2695
0.72 2694
0.72 2693
0.72 2692
0.72 2691
0.72 2690
0.72 2689
0.73 2688
0.73 2687
0.73 2686
0.73 2685
0.73 2684
0.73 2683
0.73 2682
0.73 2681
0.73 2680
0.73 2679
0.73 2678
0.73 2677
0.73 2676
0.73 2675
0.73 2674
0.73 2673
0.73 2672
0.74 2671
0.74 2670
0.74 2669
0.74 2668
0.74 2667
0.74 2666
0.74 2665
0.74 2664
0.74 2663
0.74 2662
0.74 2661
0.74 2660
0.74 2659
0.74 2658
0.74 2657
0.74 2656
0.74 2655
0.75 2654
0.75 2653
0.75 2652
0.75 2651
0.75 2650
0.75 2649
0.75 2648
0.75 2647
0.75 2646
0.75 2645
0.75 2644
0.75 2643
0.75 2642
0.76 2641
0.76 2640
0.76 2639
0.76 2638
0.76 2637
0.76 2636
0.76 2635
0.76 2634
0.76 2633
0.76 2632
0.76 2631
0.76 2630
0.76 2629
0.76 2628
0.76 2627
0.77 2626
0.77 2625
0.77 2624
0.77 2623
0.77 2622
0.77 2621
0.77 2620
0.77 2619
0.77 2618
0.77 2617
0.77 2616
0.77 2615
0.77 2614
0.77 2613
0.77 2612
0.78 2611
0.78 2610
0.78 2609
0.78 2608
0.78 2607
0.78 2606
0.78 2605
0.78 2604
0.78 2603
0.78 2602
0.78 2601
0.78 2600
0.78 2599
0.78 2598
0.78 2597
0.79 2596
0.79 2595
0.79 2594
0.79 2593
0.79 2592
0.79 2591
0.79 2590
0.79 2589
0.79 2588
0.79 2587
0.79 2586
0.79 2585
0.79 2584
0.79 2583
0.79 2582
0.79 2581
0.79 2580
0.79 2579
0.79 2578
0.79 2577
0.79 2576
0.79 2575
0.79 2574
0.79 2573
0.79 2572
0.79 2571
0.79 2570
0.79 2569
0.79 2568
0.79 2567
0.81 2566
0.81 2565
0.81 2564
0.81 2563
0.81 2562
0.81 2561
0.81 2560
0.81 2559
0.81 2558
0.81 2557
0.81 2556
0.81 2555
0.81 2554
0.81 2553
0.81 2552
0.82 2551
0.82 2550
0.82 2549
0.82 2548
0.82 2547
0.82 2546
0.82 2545
0.82 2544
0.82 2543
0.82 2542
0.82 2541
0.82 2540
0.82 2539
0.82 2538
0.82 2537
0.83 2536
0.83 2535
0.83 2534
0.83 2533
0.83 2532
0.83 2531
0.83 2530
0.83 2529
0.83 2528
0.83 2527
0.83 2526
0.83 2525
0.83 2524
0.83 2523
0.83 2522
0.83 2521
0.83 2520
0.83 2519
0.83 2518
0.84 2517
0.84 2516
0.84 2515
0.84 2514
0.84 2513
0.84 2512
0.84 2511
0.84 2510
0.84 2509
0.84 2508
0.84 2507
0.84 2506
0.84 2505
0.84 2504
0.84 2503
0.84 2502
0.85 2501
0.85 2500
0.85 2499
0.85 2498
0.85 2497
0.85 2496
0.85 2495
0.85 2494
0.85 2493
0.85 2492
0.85 2491
0.85 2490
0.85 2489
0.85 2488
0.86 2487
0.86 2486
0.86 2485
0.86 2484
0.86 2483
0.86 2482
0.86 2481
0.86 2480
0.86 2479
0.86 2478
0.86 2477
0.86 2476
0.86 2475
0.86 2474
0.86 2473
0.86 2472
0.86 2471
0.86 2470
0.86 2469
0.86 2468
0.87 2467
0.87 2466
0.87 2465
0.87 2464
0.87 2463
0.87 2462
0.87 2461
0.87 2460
0.87 2459
0.87 2458
0.87 2457
0.87 2456
0.87 2455
0.87 2454
0.87 2453
0.88 2452
0.88 2451
0.88 2450
0.88 2449
0.88 2448
0.88 2447
0.88 2446
0.88 2445
0.88 2444
0.88 2443
0.88 2442
0.88 2441
0.88 2440
0.88 2439
0.88 2438
0.88 2437
0.88 2436
0.89 2435
0.89 2434
0.89 2433
0.89 2432
0.89 2431
0.89 2430
0.89 2429
0.89 2428
0.89 2427
0.89 2426
0.89 2425
0.89 2424
0.89 2423
0.90 2422
0.90 2421
0.90 2420
0.90 2419
0.90 2418
0.90 2417
0.90 2416
0.90 2415
0.90 2414
0.90 2413
0.90 2412
0.90 2411
0.90 2410
0.90 2409
0.90 2408
0.91 2407
0.91 2406
0.91 2405
0.91 2404
0.91 2403
0.91 2402
0.91 2401
0.91 2400
0.91 2399
0.91 2398
0.91 2397
0.91 2396
0.91 2395
0.91 2394
0.91 2393
0.91 2392
0.92 2391
0.92 2390
0.92 2389
0.92 2388
0.92 2387
0.92 2386
0.92 2385
0.92 2384
0.92 2383
0.92 2382
0.92 2381
0.92 2380
0.92 2379
0.92 2378
0.92 2377
0.92 2376
0.93 2375
0.93 2374
0.93 2373
0.93 2372
0.93 2371
0.93 2370
0.93 2369
0.93 2368
0.93 2367
0.93 2366
0.93 2365
0.93 2364
0.93 2363
0.93 2362
0.93 2361
0.94 2360
0.94 2359
0.94 2358
0.94 2357
0.94 2356
0.94 2355
0.94 2354
0.94 2353
0.94 2352
0.94 2351
0.94 2350
0.94 2349
0.94 2348
0.94 2347
0.94 2346
0.95 2345
0.95 2344
0.95 2343
0.95 2342
0.95 2341
0.95 2340
0.95 2339
0.95 2338
0.95 2337
0.95 2336
0.95 2335
0.95 2334
0.95 2333
0.95 2332
0.95 2331
0.95 2330
0.96 2329
2.36 2272
2.36 2271
2.36 2270
2.36 2269
2.36 2268
2.36 2267
2.36 2266
2.36 2265
2.36 2264
2.36 2263
2.37 2262
2.37 2261
2.37 2260
2.37 2259
2.37 2258
2.37 2257
2.37 2256
2.37 2255
7.09 2254
7.09 2253
7.09 2252
