0.77 1959
0.77 1958
0.77 1957
0.77 1956
0.77 1955
0.77 1954
0.77 1953
0.77 1952
0.77 1951
0.77 1950
0.77 1949
0.78 1948
0.78 1947
0.78 1946
0.78 1945
0.78 1944
0.78 1943
0.78 1942
0.78 1941
0.78 1940
0.78 1939
0.78 1938
0.78 1937
0.78 1936
0.78 1935
0.78 1934
0.78 1933
0.78 1932
0.78 1931
0.78 1930
0.78 1929
0.78 1928
0.78 1927
0.79 1926
0.79 1925
0.79 1924
0.79 1923
0.79 1922
0.79 1921
0.79 1920
0.79 1919
0.79 1918
0.79 1917
0.79 1916
0.79 1915
0.79 1914
0.79 1913
0.79 1912
0.79 1911
0.79 1910
0.79 1909
0.79 1908
0.79 1907
0.79 1906
0.79 1905
0.79 1904
0.79 1903
0.79 1902
0.80 1901
0.80 1900
0.80 1899
0.80 1898
0.80 1897
0.80 1896
0.80 1895
0.80 1894
0.80 1893
0.80 1892
0.80 1891
0.80 1890
0.80 1889
0.80 1888
0.80 1887
0.80 1886
0.80 1885
0.80 1884
0.80 1883
0.80 1882
0.80 1881
0.80 1880
0.80 1879
0.81 1878
0.81 1877
0.81 1876
0.81 1875
0.81 1874
0.81 1873
0.81 1872
0.81 1871
0.81 1870
0.81 1869
0.81 1868
0.81 1867
0.81 1866
0.81 1865
0.81 1864
0.81 1863
0.81 1862
0.81 1861
0.81 1860
0.81 1859
0.81 1858
0.82 1857
0.82 1856
0.82 1855
0.82 1854
0.82 1853
0.82 1852
0.82 1851
0.82 1850
0.82 1849
0.82 1848
0.82 1847
0.82 1846
0.82 1845
0.82 1844
0.82 1843
0.82 1842
0.82 1841
0.82 1840
0.82 1839
0.82 1838
0.82 1837
0.82 1836
0.83 1835
0.83 1834
0.83 1833
0.83 1832
0.83 1831
0.83 1830
0.83 1829
0.83 1828
0.83 1827
0.83 1826
0.83 1825
0.83 1824
0.83 1823
0.83 1822
0.83 1821
0.83 1820
0.83 1819
0.83 1818
0.83 1817
0.83 1816
0.83 1815
0.84 1814
0.84 1813
0.84 1812
0.84 1811
0.84 1810
0.84 1809
0.84 1808
0.84 1807
0.84 1806
0.84 1805
0.84 1804
0.84 1803
0.84 1802
0.84 1801
0.84 1800
0.84 1799
0.84 1798
0.84 1797
0.84 1796
0.84 1795
0.84 1794
0.84 1793
0.85 1792
0.85 1791
0.85 1790
0.85 1789
0.85 1788
0.85 1787
0.85 1786
0.85 1785
0.85 1784
0.85 1783
0.85 1782
0.85 1781
0.85 1780
0.85 1779
0.85 1778
0.85 1777
0.85 1776
0.85 1775
0.85 1774
0.85 1773
0.85 1772
0.85 1771
0.85 1770
0.86 1769
0.86 1768
0.86 1767
0.86 1766
0.86 1765
0.86 1764
0.86 1763
0.86 1762
0.86 1761
0.86 1760
0.86 1759
0.86 1758
0.86 1757
0.86 1756
0.86 1755
0.86 1754
0.86 1753
0.86 1752
0.86 1751
0.86 1750
0.86 1749
0.86 1748
0.87 1747
0.87 1746
0.87 1745
0.87 1744
0.87 1743
0.87 1742
0.87 1741
0.87 1740
0.87 1739
0.87 1738
0.87 1737
0.87 1736
0.87 1735
0.87 1734
0.87 1733
0.87 1732
0.87 1731
0.87 1730
0.87 1729
0.87 1728
0.87 1727
0.87 1726
0.88 1725
0.88 1724
0.88 1723
0.88 1722
0.88 1721
0.88 1720
0.88 1719
0.88 1718
0.88 1717
0.88 1716
0.88 1715
0.88 1714
0.88 1713
0.88 1712
0.88 1711
0.88 1710
0.88 1709
0.88 1708
0.88 1707
0.88 1706
0.88 1705
0.88 1704
0.88 1703
0.89 1702
0.89 1701
0.89 1700
0.89 1699
0.89 1698
0.89 1697
0.89 1696
0.89 1695
0.89 1694
0.89 1693
0.89 1692
0.89 1691
0.89 1690
0.89 1689
0.89 1688
0.89 1687
0.89 1686
0.89 1685
0.89 1684
0.89 1683
0.89 1682
0.89 1681
0.90 1680
0.90 1679
0.90 1678
0.90 1677
0.90 1676
0.90 1675
0.90 1674
0.90 1673
0.90 1672
0.90 1671
0.90 1670
0.90 1669
0.90 1668
0.90 1667
0.90 1666
0.90 1665
0.90 1664
0.90 1663
0.90 1662
0.90 1661
0.90 1660
0.90 1659
0.91 1658
0.91 1657
0.91 1656
0.91 1655
0.91 1654
0.91 1653
0.91 1652
0.91 1651
0.91 1650
0.91 1649
0.91 1648
0.91 1647
0.91 1646
0.91 1645
0.91 1644
0.91 1643
0.91 1642
0.91 1641
0.91 1640
0.91 1639
0.91 1638
0.91 1637
0.91 1636
0.92 1635
0.92 1634
0.92 1633
0.92 1632
0.92 1631
0.92 1630
0.92 1629
0.92 1628
0.92 1627
0.92 1626
0.92 1625
0.92 1624
0.92 1623
0.92 1622
0.92 1621
0.92 1620
0.92 1619
0.92 1618
0.92 1617
0.92 1616
0.92 1615
0.92 1614
0.92 1613
0.92 1612
0.92 1611
0.92 1610
0.92 1609
0.92 1608
0.93 1607
0.93 1606
0.93 1605
0.93 1604
0.93 1603
0.93 1602
0.93 1601
0.93 1600
0.93 1599
0.93 1598
0.93 1597
0.93 1596
0.93 1595
0.93 1594
0.93 1593
0.93 1592
0.93 1591
0.93 1590
0.93 1589
0.93 1588
0.93 1587
0.94 1586
0.94 1585
0.94 1584
0.94 1583
0.94 1582
0.94 1581
0.94 1580
0.94 1579
0.94 1578
0.94 1577
0.94 1576
0.94 1575
0.94 1574
0.94 1573
0.94 1572
0.94 1571
0.94 1570
0.94 1569
0.94 1568
0.94 1567
0.94 1566
0.94 1565
0.94 1564
0.94 1563
0.94 1562
0.94 1561
0.95 1560
0.95 1559
0.95 1558
0.95 1557
0.95 1556
0.95 1555
0.95 1554
0.95 1553
0.95 1552
0.95 1551
0.95 1550
0.95 1549
0.95 1548
0.95 1547
0.95 1546
0.95 1545
0.95 1544
0.95 1543
0.95 1542
0.95 1541
0.95 1540
0.95 1539
0.95 1538
0.96 1537
0.96 1536
0.96 1535
0.96 1534
0.96 1533
0.96 1532
0.96 1531
0.96 1530
0.96 1529
0.96 1528
0.96 1527
0.96 1526
0.96 1525
0.96 1524
0.96 1523
0.96 1522
0.96 1521
0.96 1520
0.96 1519
0.96 1518
0.96 1517
0.96 1516
0.96 1515
0.96 1514
0.97 1513
0.97 1512
0.97 1511
0.97 1510
0.97 1509
0.97 1508
0.97 1507
0.97 1506
0.97 1505
0.97 1504
0.97 1503
0.97 1502
0.97 1501
0.97 1500
0.97 1499
0.97 1498
0.97 1497
0.97 1496
0.97 1495
0.97 1494
0.97 1493
0.98 1492
0.98 1491
0.98 1490
0.98 1489
0.98 1488
0.98 1487
0.98 1486
0.98 1485
0.98 1484
0.98 1483
0.98 1482
0.98 1481
0.98 1480
0.98 1479
0.98 1478
0.98 1477
0.98 1476
0.98 1475
0.98 1474
0.98 1473
0.98 1472
0.98 1471
0.98 1470
0.98 1469
0.99 1468
0.99 1467
0.99 1466
0.99 1465
0.99 1464
0.99 1463
0.99 1462
0.99 1461
0.99 1460
0.99 1459
0.99 1458
0.99 1457
0.99 1456
0.99 1455
0.99 1454
0.99 1453
0.99 1452
0.99 1451
0.99 1450
0.99 1449
0.99 1448
0.99 1447
0.99 1446
0.99 1445
1.00 1444
1.00 1443
1.00 1442
1.00 1441
1.00 1440
1.00 1439
1.00 1438
1.00 1437
1.00 1436
1.00 1435
1.00 1434
1.00 1433
1.00 1432
1.00 1431
1.00 1430
1.00 1429
1.00 1428
1.00 1427
1.00 1426
1.00 1425
1.00 1424
1.00 1423
1.01 1422
1.01 1421
1.01 1420
1.01 1419
1.01 1418
1.01 1417
1.01 1416
1.01 1415
1.01 1414
1.01 1413
1.01 1412
1.01 1411
1.01 1410
1.01 1409
1.01 1408
1.01 1407
1.01 1406
1.01 1405
1.01 1404
1.01 1403
1.01 1402
1.01 1401
1.01 1400
1.01 1399
1.02 1398
1.02 1397
1.02 1396
1.02 1395
1.02 1394
1.02 1393
1.02 1392
1.02 1391
1.02 1390
1.02 1389
1.02 1388
1.02 1387
1.02 1386
1.02 1385
1.02 1384
1.02 1383
1.02 1382
1.02 1381
1.02 1380
1.02 1379
1.02 1378
1.02 1377
1.02 1376
1.02 1375
1.03 1374
1.03 1373
1.03 1372
1.03 1371
1.03 1370
1.03 1369
1.03 1368
1.03 1367
1.03 1366
1.03 1365
1.03 1364
1.03 1363
1.03 1362
1.03 1361
1.03 1360
1.03 1359
1.03 1358
1.03 1357
1.03 1356
1.03 1355
1.03 1354
1.03 1353
1.03 1352
1.03 1351
1.04 1350
1.04 1349
1.04 1348
1.04 1347
1.04 1346
1.04 1345
1.04 1344
1.04 1343
1.04 1342
1.04 1341
1.04 1340
1.04 1339
1.04 1338
1.04 1337
1.04 1336
1.04 1335
1.04 1334
1.04 1333
1.04 1332
1.04 1331
1.04 1330
1.04 1329
1.04 1328
1.04 1327
1.04 1326
1.04 1325
1.05 1324
1.05 1323
1.05 1322
1.05 1321
1.05 1320
1.05 1319
1.05 1318
1.05 1317
1.05 1316
1.05 1315
1.05 1314
1.05 1313
1.05 1312
1.05 1311
1.05 1310
1.05 1309
1.05 1308
1.05 1307
1.05 1306
1.05 1305
1.05 1304
1.05 1303
1.05 1302
1.06 1301
1.06 1300
1.06 1299
1.06 1298
1.06 1297
1.06 1296
1.06 1295
1.06 1294
1.06 1293
1.06 1292
1.06 1291
1.06 1290
1.06 1289
1.06 1288
1.06 1287
1.06 1286
1.06 1285
1.06 1284
1.06 1283
1.06 1282
1.06 1281
1.06 1280
1.06 1279
1.06 1278
1.06 1277
1.07 1276
1.07 1275
1.07 1274
1.07 1273
1.07 1272
1.07 1271
1.07 1270
1.07 1269
1.07 1268
1.07 1267
1.07 1266
1.07 1265
1.07 1264
1.07 1263
1.07 1262
1.07 1261
1.07 1260
1.07 1259
1.07 1258
1.07 1257
1.07 1256
1.07 1255
1.08 1254
1.08 1253
1.08 1252
1.08 1251
1.08 1250
1.08 1249
1.08 1248
1.08 1247
1.08 1246
1.08 1245
1.08 1244
1.08 1243
1.08 1242
1.08 1241
1.08 1240
1.08 1239
1.08 1238
1.08 1237
1.08 1236
1.08 1235
1.08 1234
1.08 1233
1.08 1232
1.08 1231
1.08 1230
1.08 1229
1.09 1228
1.09 1227
1.09 1226
1.09 1225
1.09 1224
1.09 1223
1.09 1222
1.09 1221
1.09 1220
1.09 1219
1.09 1218
1.09 1217
1.09 1216
1.09 1215
1.09 1214
1.09 1213
1.09 1212
1.09 1211
1.09 1210
1.09 1209
1.09 1208
1.09 1207
1.09 1206
1.09 1205
1.09 1204
1.10 1203
1.10 1202
1.10 1201
1.10 1200
1.10 1199
1.10 1198
1.10 1197
1.10 1196
1.10 1195
1.10 1194
1.10 1193
1.10 1192
1.10 1191
1.10 1190
1.10 1189
1.10 1188
1.10 1187
1.10 1186
1.10 1185
1.10 1184
1.10 1183
1.10 1182
1.10 1181
1.10 1180
1.10 1179
1.10 1178
1.11 1177
1.11 1176
1.11 1175
1.11 1174
1.11 1173
1.11 1172
1.11 1171
1.11 1170
1.11 1169
1.11 1168
1.11 1167
1.11 1166
1.11 1165
1.11 1164
1.11 1163
1.11 1162
1.11 1161
1.11 1160
1.11 1159
1.11 1158
1.11 1157
1.11 1156
1.11 1155
1.11 1154
1.11 1153
1.11 1152
1.12 1151
1.12 1150
1.12 1149
1.12 1148
1.12 1147
1.12 1146
1.12 1145
1.12 1144
1.12 1143
1.12 1142
1.12 1141
1.12 1140
1.12 1139
1.12 1138
1.12 1137
1.12 1136
1.12 1135
1.12 1134
1.12 1133
1.12 1132
1.12 1131
1.12 1130
1.12 1129
1.12 1128
1.12 1127
1.13 1126
1.13 1125
1.13 1124
1.13 1123
1.13 1122
1.13 1121
1.13 1120
1.13 1119
1.13 1118
1.13 1117
1.13 1116
1.13 1115
1.13 1114
1.13 1113
1.13 1112
1.13 1111
1.13 1110
1.13 1109
1.13 1108
1.13 1107
1.13 1106
1.13 1105
1.13 1104
1.13 1103
1.13 1102
1.13 1101
1.13 1100
1.14 1099
1.14 1098
1.14 1097
1.14 1096
1.14 1095
1.14 1094
1.14 1093
1.14 1092
1.14 1091
1.14 1090
1.14 1089
1.14 1088
1.14 1087
1.14 1086
1.14 1085
1.14 1084
1.14 1083
1.14 1082
1.14 1081
1.14 1080
1.14 1079
1.14 1078
1.14 1077
1.14 1076
1.14 1075
1.14 1074
1.15 1073
1.15 1072
1.15 1071
1.15 1070
1.15 1069
1.15 1068
1.15 1067
1.15 1066
1.15 1065
1.15 1064
1.15 1063
1.15 1062
1.15 1061
1.15 1060
1.15 1059
1.15 1058
1.15 1057
1.15 1056
1.15 1055
1.15 1054
1.15 1053
1.15 1052
1.15 1051
1.15 1050
1.15 1049
1.15 1048
1.15 1047
1.15 1046
1.16 1045
1.16 1044
1.16 1043
1.16 1042
1.16 1041
1.16 1040
1.16 1039
1.16 1038
1.16 1037
1.16 1036
1.16 1035
1.16 1034
1.16 1033
1.16 1032
1.16 1031
1.16 1030
1.16 1029
1.16 1028
1.16 1027
1.16 1026
1.16 1025
1.16 1024
1.16 1023
1.16 1022
1.16 1021
1.16 1020
1.17 1019
1.17 1018
1.17 1017
1.17 1016
1.17 1015
1.17 1014
1.17 1013
1.17 1012
1.17 1011
1.17 1010
1.17 1009
1.17 1008
1.17 1007
1.17 1006
1.17 1005
1.17 1004
1.17 1003
1.17 1002
1.17 1001
1.17 1000
1.17 999
1.17 998
1.17 997
1.17 996
1.17 995
1.17 994
1.17 993
1.17 992
1.18 991
1.18 990
1.18 989
1.18 988
1.18 987
1.18 986
1.18 985
1.18 984
1.18 983
1.18 982
1.18 981
1.18 980
