0.05 5677
0.05 5676
0.05 5675
0.05 5674
0.05 5673
0.06 5672
0.06 5671
0.06 5670
0.06 5669
0.06 5668
0.07 5667
0.07 5666
0.07 5665
0.07 5664
0.07 5663
0.08 5662
0.08 5661
0.08 5660
0.08 5659
0.08 5658
0.08 5657
0.08 5656
0.08 5655
0.08 5654
0.08 5653
0.09 5652
0.09 5651
0.09 5650
0.09 5649
0.09 5648
0.09 5647
0.09 5646
0.09 5645
0.09 5644
0.09 5643
0.09 5642
0.11 5641
0.11 5640
0.11 5639
0.11 5638
0.11 5637
0.11 5636
0.11 5635
0.11 5634
0.11 5633
0.13 5632
0.13 5631
0.13 5630
0.13 5629
0.13 5628
0.13 5627
0.13 5626
0.13 5625
0.13 5624
0.13 5623
0.14 5622
0.14 5621
0.14 5620
0.14 5619
0.14 5618
0.14 5617
0.14 5616
0.14 5615
0.14 5614
0.14 5613
0.16 5612
0.16 5611
0.16 5610
0.16 5609
0.16 5608
0.16 5607
0.16 5606
0.16 5605
0.16 5604
0.16 5603
0.17 5602
0.17 5601
0.17 5600
0.17 5599
0.17 5598
0.17 5597
0.17 5596
0.17 5595
0.17 5594
0.17 5593
0.17 5592
0.19 5591
0.19 5590
0.19 5589
0.19 5588
0.19 5587
0.19 5586
0.19 5585
0.19 5584
0.19 5583
0.19 5582
0.20 5581
0.20 5580
0.20 5579
0.20 5578
0.20 5577
0.20 5576
0.20 5575
0.20 5574
0.20 5573
0.20 5572
0.20 5571
0.22 5570
0.22 5569
0.22 5568
0.22 5567
0.22 5566
0.22 5565
0.22 5564
0.22 5563
0.22 5562
0.22 5561
0.24 5560
0.24 5559
0.24 5558
0.24 5557
0.24 5556
0.24 5555
0.24 5554
0.24 5553
0.24 5552
0.24 5551
0.24 5550
0.25 5549
0.25 5548
0.25 5547
0.25 5546
0.25 5545
0.25 5544
0.25 5543
0.25 5542
0.25 5541
0.25 5540
0.27 5539
0.27 5538
0.27 5537
0.27 5536
0.27 5535
0.27 5534
0.27 5533
0.27 5532
0.27 5531
0.27 5530
0.27 5529
0.27 5528
0.28 5527
0.28 5526
0.28 5525
0.28 5524
0.28 5523
0.28 5522
0.28 5521
0.28 5520
0.28 5519
0.28 5518
0.30 5517
0.30 5516
0.30 5515
0.30 5514
0.30 5513
0.30 5512
0.30 5511
0.30 5510
0.30 5509
0.30 5508
0.30 5507
0.31 5506
0.31 5505
0.31 5504
0.31 5503
0.31 5502
0.31 5501
0.31 5500
0.31 5499
0.31 5498
0.31 5497
0.31 5496
0.33 5495
0.33 5494
0.33 5493
0.33 5492
0.33 5491
0.33 5490
0.33 5489
0.33 5488
0.33 5487
0.33 5486
0.33 5485
0.35 5484
0.35 5483
0.35 5482
0.35 5481
0.35 5480
0.35 5479
0.35 5478
0.35 5477
0.35 5476
0.35 5475
0.35 5474
0.36 5473
0.36 5472
0.36 5471
0.36 5470
0.36 5469
0.36 5468
0.36 5467
0.37 5466
0.37 5465
0.37 5464
0.37 5463
0.38 5462
0.38 5461
0.38 5460
0.38 5459
0.38 5458
0.38 5457
0.38 5456
0.38 5455
0.38 5454
0.38 5453
0.38 5452
0.38 5451
0.39 5450
0.39 5449
0.39 5448
0.39 5447
0.39 5446
0.39 5445
0.39 5444
0.39 5443
0.39 5442
0.39 5441
0.39 5440
0.41 5439
0.41 5438
0.41 5437
0.41 5436
0.41 5435
0.41 5434
0.41 5433
0.41 5432
0.41 5431
0.41 5430
0.41 5429
0.43 5428
0.43 5427
0.43 5426
0.43 5425
0.43 5424
0.43 5423
0.43 5422
0.43 5421
0.43 5420
0.43 5419
0.43 5418
0.43 5417
0.44 5416
0.44 5415
0.44 5414
0.44 5413
0.44 5412
0.44 5411
0.44 5410
0.44 5409
0.44 5408
0.44 5407
0.44 5406
0.46 5405
0.46 5404
0.46 5403
0.46 5402
0.46 5401
0.46 5400
0.46 5399
0.46 5398
0.46 5397
0.46 5396
0.46 5395
0.47 5394
0.47 5393
0.47 5392
0.47 5391
0.47 5390
0.47 5389
0.47 5388
0.47 5387
0.47 5386
0.47 5385
0.47 5384
0.49 5383
0.49 5382
0.49 5381
0.49 5380
0.49 5379
0.49 5378
0.49 5377
0.49 5376
0.49 5375
0.49 5374
0.50 5373
0.50 5372
0.50 5371
0.50 5370
0.50 5369
0.50 5368
0.50 5367
0.50 5366
0.50 5365
0.50 5364
0.50 5363
0.52 5362
0.52 5361
0.52 5360
0.52 5359
0.52 5358
0.52 5357
0.52 5356
0.52 5355
0.52 5354
0.52 5353
0.52 5352
0.53 5351
0.53 5350
0.53 5349
0.53 5348
0.53 5347
0.53 5346
0.53 5345
0.53 5344
0.53 5343
0.53 5342
0.53 5341
0.55 5340
0.55 5339
0.55 5338
0.55 5337
0.55 5336
0.55 5335
0.55 5334
0.55 5333
0.55 5332
0.57 5331
0.57 5330
0.57 5329
0.57 5328
0.57 5327
0.57 5326
0.57 5325
0.57 5324
0.57 5323
0.57 5322
0.57 5321
0.57 5320
0.58 5319
0.58 5318
0.58 5317
0.58 5316
0.58 5315
0.58 5314
0.58 5313
0.58 5312
0.58 5311
0.58 5310
0.60 5309
0.60 5308
0.60 5307
0.60 5306
0.60 5305
0.60 5304
0.60 5303
0.60 5302
0.60 5301
0.60 5300
0.60 5299
0.61 5298
0.61 5297
0.61 5296
0.61 5295
0.61 5294
0.61 5293
0.61 5292
0.61 5291
0.61 5290
0.61 5289
0.63 5288
0.63 5287
0.63 5286
0.63 5285
0.63 5284
0.63 5283
0.63 5282
0.63 5281
0.63 5280
0.63 5279
0.63 5278
0.65 5277
0.65 5276
0.65 5275
0.65 5274
0.65 5273
0.65 5272
0.65 5271
0.65 5270
0.65 5269
0.65 5268
0.65 5267
0.66 5266
0.66 5265
0.66 5264
0.66 5263
0.66 5262
0.66 5261
0.66 5260
0.66 5259
0.66 5258
0.67 5257
0.67 5256
0.67 5255
0.68 5254
0.68 5253
0.68 5252
0.68 5251
0.68 5250
0.68 5249
0.68 5248
0.68 5247
0.69 5246
0.69 5245
0.69 5244
0.69 5243
0.69 5242
0.69 5241
0.69 5240
0.69 5239
0.69 5238
0.69 5237
0.69 5236
0.71 5235
0.71 5234
0.71 5233
0.71 5232
0.71 5231
0.71 5230
0.71 5229
0.71 5228
0.71 5227
0.71 5226
0.71 5225
0.71 5224
0.72 5223
0.72 5222
0.72 5221
0.72 5220
0.72 5219
0.72 5218
0.72 5217
0.72 5216
0.72 5215
0.72 5214
0.72 5213
0.74 5212
0.74 5211
0.74 5210
0.74 5209
0.74 5208
0.74 5207
0.74 5206
0.74 5205
0.74 5204
0.74 5203
0.74 5202
0.76 5201
0.76 5200
0.76 5199
0.76 5198
0.76 5197
0.76 5196
0.76 5195
0.76 5194
0.76 5193
0.76 5192
0.76 5191
0.76 5190
0.77 5189
0.77 5188
0.77 5187
0.77 5186
0.77 5185
0.77 5184
0.77 5183
0.77 5182
0.77 5181
0.77 5180
0.77 5179
0.79 5178
0.79 5177
0.79 5176
0.79 5175
0.79 5174
0.79 5173
0.79 5172
0.79 5171
0.79 5170
0.79 5169
0.80 5168
0.80 5167
0.80 5166
0.80 5165
0.80 5164
0.80 5163
0.80 5162
0.80 5161
0.80 5160
0.80 5159
0.80 5158
0.80 5157
0.82 5156
0.82 5155
0.82 5154
0.82 5153
0.82 5152
0.82 5151
0.82 5150
0.82 5149
0.82 5148
0.82 5147
0.82 5146
0.83 5145
0.83 5144
0.83 5143
0.83 5142
0.83 5141
0.83 5140
0.83 5139
0.83 5138
0.83 5137
0.83 5136
0.83 5135
0.85 5134
0.85 5133
0.85 5132
0.85 5131
0.85 5130
0.85 5129
0.85 5128
0.85 5127
0.85 5126
0.85 5125
0.85 5124
0.85 5123
0.87 5122
0.87 5121
0.87 5120
0.87 5119
0.87 5118
0.87 5117
0.87 5116
0.87 5115
0.87 5114
0.87 5113
0.87 5112
0.87 5111
0.88 5110
0.88 5109
0.88 5108
0.88 5107
0.88 5106
0.88 5105
0.88 5104
0.88 5103
0.88 5102
0.88 5101
0.88 5100
0.88 5099
0.88 5098
0.88 5097
0.90 5096
0.90 5095
0.90 5094
0.90 5093
0.90 5092
0.90 5091
0.90 5090
0.91 5089
0.91 5088
0.91 5087
0.91 5086
0.91 5085
0.91 5084
0.91 5083
0.91 5082
0.92 5081
0.92 5080
0.92 5079
0.92 5078
0.92 5077
0.92 5076
0.92 5075
0.92 5074
0.92 5073
0.93 5072
0.93 5071
0.93 5070
0.93 5069
0.93 5068
0.93 5067
0.93 5066
0.93 5065
0.93 5064
0.94 5063
0.94 5062
0.94 5061
0.94 5060
0.94 5059
0.94 5058
0.94 5057
0.94 5056
0.94 5055
0.94 5054
0.94 5053
0.94 5052
0.94 5051
0.94 5050
0.95 5049
0.95 5048
0.95 5047
0.95 5046
0.95 5045
0.95 5044
0.95 5043
0.95 5042
0.95 5041
0.95 5040
0.95 5039
0.95 5038
0.95 5037
0.95 5036
0.97 5035
0.97 5034
0.97 5033
0.97 5032
0.97 5031
0.97 5030
0.97 5029
0.97 5028
0.97 5027
0.97 5026
0.97 5025
0.97 5024
0.97 5023
0.98 5022
0.98 5021
0.98 5020
0.98 5019
0.98 5018
0.98 5017
0.98 5016
0.98 5015
0.98 5014
0.98 5013
0.98 5012
0.98 5011
0.98 5010
1.00 5009
1.00 5008
1.00 5007
1.00 5006
1.00 5005
1.00 5004
1.00 5003
1.00 5002
1.00 5001
1.00 5000
1.00 4999
1.00 4998
1.00 4997
1.02 4996
1.02 4995
1.02 4994
1.02 4993
1.02 4992
1.02 4991
1.02 4990
1.02 4989
1.02 4988
1.02 4987
1.02 4986
1.02 4985
1.02 4984
1.03 4983
1.03 4982
1.03 4981
1.03 4980
1.03 4979
1.03 4978
1.03 4977
1.03 4976
1.03 4975
1.03 4974
1.03 4973
1.05 4972
1.05 4971
1.05 4970
1.05 4969
1.05 4968
1.05 4967
1.05 4966
1.05 4965
1.05 4964
1.06 4963
1.06 4962
1.06 4961
1.06 4960
1.06 4959
1.06 4958
1.06 4957
1.06 4956
1.07 4955
1.07 4954
1.07 4953
1.07 4952
1.07 4951
1.07 4950
1.08 4949
1.08 4948
1.08 4947
1.08 4946
1.08 4945
1.08 4944
1.08 4943
1.08 4942
1.08 4941
1.08 4940
1.08 4939
1.08 4938
1.08 4937
1.10 4936
1.10 4935
1.10 4934
1.10 4933
1.10 4932
1.10 4931
1.10 4930
1.10 4929
1.10 4928
1.10 4927
1.10 4926
1.10 4925
1.10 4924
1.10 4923
1.11 4922
1.11 4921
1.11 4920
1.11 4919
1.11 4918
1.11 4917
1.11 4916
1.11 4915
1.11 4914
1.11 4913
1.11 4912
1.11 4911
1.13 4910
1.13 4909
1.13 4908
1.13 4907
1.13 4906
1.13 4905
1.13 4904
1.13 4903
1.13 4902
1.13 4901
1.13 4900
1.13 4899
1.13 4898
1.13 4897
1.13 4896
1.14 4895
1.14 4894
1.14 4893
1.14 4892
1.14 4891
1.14 4890
1.14 4889
1.14 4888
1.14 4887
1.14 4886
1.14 4885
1.14 4884
1.14 4883
1.14 4882
1.16 4881
1.16 4880
1.16 4879
1.16 4878
1.16 4877
1.16 4876
1.16 4875
1.16 4874
1.16 4873
1.16 4872
1.16 4871
1.16 4870
1.16 4869
1.17 4868
1.17 4867
1.17 4866
1.17 4865
1.17 4864
1.17 4863
1.17 4862
1.17 4861
1.17 4860
1.17 4859
1.17 4858
1.17 4857
1.17 4856
1.17 4855
1.17 4854
1.17 4853
1.19 4852
1.19 4851
1.19 4850
1.19 4849
1.19 4848
1.19 4847
1.19 4846
1.19 4845
1.19 4844
1.19 4843
1.19 4842
1.19 4841
1.19 4840
1.19 4839
1.21 4838
1.21 4837
1.21 4836
1.21 4835
1.21 4834
1.21 4833
1.21 4832
1.21 4831
1.21 4830
1.21 4829
1.21 4828
1.21 4827
1.21 4826
1.21 4825
1.22 4824
1.22 4823
1.22 4822
1.22 4821
1.22 4820
1.22 4819
1.22 4818
1.22 4817
1.22 4816
1.22 4815
1.22 4814
1.22 4813
1.24 4812
1.24 4811
1.24 4810
1.24 4809
1.24 4808
1.24 4807
1.24 4806
1.24 4805
1.24 4804
1.24 4803
1.24 4802
1.24 4801
1.24 4800
1.24 4799
1.25 4798
1.25 4797
1.25 4796
1.25 4795
1.25 4794
1.25 4793
1.25 4792
1.25 4791
1.25 4790
1.25 4789
1.25 4788
1.25 4787
1.25 4786
1.25 4785
1.25 4784
1.27 4783
1.27 4782
1.27 4781
1.27 4780
1.27 4779
1.27 4778
1.27 4777
1.27 4776
1.27 4775
1.27 4774
1.27 4773
1.27 4772
1.27 4771
1.27 4770
1.28 4769
1.28 4768
1.28 4767
1.28 4766
1.28 4765
1.28 4764
1.28 4763
1.28 4762
1.28 4761
1.28 4760
1.28 4759
1.28 4758
1.28 4757
1.28 4756
1.28 4755
1.30 4754
1.30 4753
1.30 4752
1.30 4751
1.30 4750
1.30 4749
1.30 4748
1.30 4747
1.30 4746
1.30 4745
1.30 4744
1.30 4743
1.30 4742
1.30 4741
1.32 4740
1.32 4739
1.32 4738
1.32 4737
1.32 4736
1.32 4735
1.32 4734
1.32 4733
1.32 4732
1.32 4731
1.32 4730
1.32 4729
1.32 4728
1.32 4727
1.33 4726
1.33 4725
1.33 4724
1.33 4723
1.33 4722
1.33 4721
1.33 4720
1.33 4719
1.33 4718
1.33 4717
1.33 4716
1.33 4715
1.33 4714
1.33 4713
1.35 4712
1.35 4711
1.35 4710
1.35 4709
1.35 4708
1.35 4707
1.35 4706
1.35 4705
1.35 4704
1.35 4703
1.35 4702
1.35 4701
1.35 4700
1.35 4699
1.35 4698
1.36 4697
1.36 4696
1.36 4695
1.36 4694
1.36 4693
1.37 4692
1.37 4691
1.37 4690
1.38 4689
1.38 4688
1.38 4687
1.38 4686
1.38 4685
1.38 4684
1.38 4683
1.38 4682
1.38 4681
1.38 4680
1.38 4679
1.38 4678
1.38 4677
1.38 4676
1.38 4675
1.40 4674
1.40 4673
1.40 4672
1.40 4671
1.40 4670
1.40 4669
1.40 4668
1.40 4667
1.40 4666
1.40 4665
1.40 4664
1.40 4663
1.40 4662
1.40 4661
1.40 4660
1.41 4659
1.41 4658
1.41 4657
1.41 4656
1.41 4655
1.41 4654
1.41 4653
1.41 4652
1.41 4651
1.41 4650
1.41 4649
1.41 4648
1.41 4647
1.41 4646
1.41 4645
1.41 4644
1.43 4643
1.43 4642
1.43 4641
1.43 4640
1.43 4639
1.43 4638
1.43 4637
1.43 4636
1.43 4635
1.43 4634
1.43 4633
1.43 4632
1.43 4631
1.43 4630
1.44 4629
1.44 4628
1.44 4627
1.44 4626
1.44 4625
1.44 4624
1.44 4623
1.44 4622
1.44 4621
1.44 4620
1.44 4619
1.44 4618
1.44 4617
1.44 4616
1.46 4615
1.46 4614
1.46 4613
1.46 4612
1.46 4611
1.46 4610
1.46 4609
1.46 4608
1.46 4607
1.46 4606
1.46 4605
1.46 4604
1.46 4603
1.46 4602
1.47 4601
1.47 4600
1.47 4599
1.47 4598
1.47 4597
1.47 4596
1.47 4595
1.47 4594
1.47 4593
1.47 4592
1.47 4591
1.47 4590
1.47 4589
1.47 4588
1.47 4587
1.49 4586
1.49 4585
1.49 4584
1.49 4583
1.49 4582
1.49 4581
1.49 4580
1.49 4579
1.49 4578
1.49 4577
1.49 4576
1.49 4575
1.49 4574
1.49 4573
1.51 4572
1.51 4571
1.51 4570
1.51 4569
1.51 4568
1.51 4567
1.51 4566
1.51 4565
1.51 4564
1.51 4563
1.51 4562
1.51 4561
1.51 4560
1.51 4559
1.51 4558
1.52 4557
1.52 4556
1.52 4555
1.52 4554
1.52 4553
1.52 4552
1.52 4551
1.52 4550
1.52 4549
1.52 4548
1.52 4547
1.52 4546
1.54 4545
1.54 4544
1.54 4543
1.54 4542
1.54 4541
1.54 4540
1.54 4539
1.54 4538
1.54 4537
1.54 4536
1.54 4535
1.54 4534
1.54 4533
1.54 4532
1.55 4531
1.55 4530
1.55 4529
1.55 4528
1.55 4527
1.57 4526
1.57 4525
1.57 4524
1.57 4523
1.57 4522
1.57 4521
1.57 4520
1.57 4519
1.57 4518
1.57 4517
1.57 4516
1.57 4515
1.57 4514
1.57 4513
1.57 4512
1.59 4511
1.59 4510
1.59 4509
1.59 4508
1.59 4507
1.59 4506
1.59 4505
1.59 4504
1.59 4503
1.59 4502
1.59 4501
1.59 4500
1.59 4499
1.59 4498
1.59 4497
1.60 4496
1.60 4495
1.60 4494
1.60 4493
1.60 4492
1.60 4491
1.60 4490
1.60 4489
1.60 4488
1.60 4487
1.60 4486
1.60 4485
1.60 4484
1.60 4483
1.62 4482
1.62 4481
1.62 4480
1.62 4479
1.62 4478
1.62 4477
1.62 4476
1.62 4475
1.62 4474
1.62 4473
1.62 4472
1.62 4471
1.62 4470
1.62 4469
1.62 4468
1.63 4467
1.63 4466
1.63 4465
1.63 4464
1.63 4463
1.63 4462
1.63 4461
1.63 4460
1.63 4459
1.63 4458
1.63 4457
1.63 4456
1.63 4455
1.63 4454
1.63 4453
1.63 4452
1.65 4451
1.65 4450
1.65 4449
1.65 4448
1.65 4447
1.65 4446
1.65 4445
1.65 4444
1.65 4443
1.65 4442
1.65 4441
1.65 4440
1.65 4439
1.65 4438
1.65 4437
1.65 4436
1.66 4435
1.66 4434
1.66 4433
1.66 4432
1.66 4431
1.66 4430
1.66 4429
1.66 4428
1.66 4427
1.66 4426
1.67 4425
1.67 4424
1.67 4423
1.67 4422
1.67 4421
1.67 4420
1.68 4419
1.68 4418
1.68 4417
1.68 4416
1.68 4415
1.68 4414
1.68 4413
1.68 4412
1.68 4411
1.68 4410
1.68 4409
1.68 4408
1.68 4407
1.68 4406
1.70 4405
1.70 4404
1.70 4403
1.70 4402
1.70 4401
1.70 4400
1.70 4399
1.70 4398
1.70 4397
1.70 4396
1.70 4395
1.70 4394
1.70 4393
1.70 4392
1.70 4391
1.70 4390
1.71 4389
1.71 4388
1.71 4387
1.71 4386
1.71 4385
1.71 4384
1.71 4383
1.71 4382
1.71 4381
1.71 4380
1.71 4379
1.71 4378
1.71 4377
1.71 4376
1.71 4375
1.73 4374
1.73 4373
1.73 4372
1.73 4371
1.73 4370
1.73 4369
1.73 4368
1.73 4367
1.73 4366
1.73 4365
1.73 4364
1.73 4363
1.73 4362
1.73 4361
1.73 4360
1.74 4359
1.74 4358
1.74 4357
1.74 4356
1.74 4355
1.74 4354
1.74 4353
1.74 4352
1.74 4351
1.74 4350
1.74 4349
1.74 4348
1.74 4347
1.74 4346
1.74 4345
1.74 4344
1.76 4343
1.76 4342
1.76 4341
1.76 4340
1.76 4339
1.76 4338
1.76 4337
1.76 4336
1.76 4335
1.76 4334
1.76 4333
1.76 4332
1.76 4331
1.77 4330
1.77 4329
1.77 4328
1.77 4327
1.77 4326
1.77 4325
1.77 4324
1.77 4323
1.77 4322
1.77 4321
1.77 4320
1.77 4319
1.77 4318
1.77 4317
1.77 4316
1.77 4315
1.77 4314
1.79 4313
1.79 4312
1.79 4311
1.79 4310
1.79 4309
1.79 4308
1.79 4307
1.79 4306
1.79 4305
1.79 4304
1.79 4303
1.79 4302
1.79 4301
1.79 4300
1.79 4299
1.81 4298
1.81 4297
1.81 4296
1.81 4295
1.81 4294
1.81 4293
1.81 4292
1.81 4291
1.81 4290
1.81 4289
1.81 4288
1.81 4287
1.81 4286
1.81 4285
1.81 4284
1.81 4283
1.82 4282
1.82 4281
1.82 4280
1.82 4279
1.82 4278
1.82 4277
1.82 4276
1.82 4275
1.82 4274
1.82 4273
1.82 4272
1.82 4271
1.82 4270
1.82 4269
1.82 4268
1.84 4267
1.84 4266
1.84 4265
1.84 4264
1.84 4263
1.84 4262
1.84 4261
1.84 4260
1.84 4259
1.84 4258
1.84 4257
1.84 4256
1.84 4255
1.84 4254
1.84 4253
1.84 4252
1.85 4251
1.85 4250
1.85 4249
1.85 4248
1.85 4247
1.85 4246
1.85 4245
1.85 4244
1.85 4243
1.85 4242
1.85 4241
1.85 4240
1.85 4239
1.85 4238
1.87 4237
1.87 4236
1.87 4235
1.87 4234
1.87 4233
1.87 4232
1.87 4231
1.87 4230
1.87 4229
1.87 4228
1.87 4227
1.87 4226
1.87 4225
1.87 4224
1.87 4223
1.87 4222
1.88 4221
1.88 4220
1.88 4219
1.88 4218
1.88 4217
1.88 4216
1.88 4215
1.88 4214
1.88 4213
1.88 4212
1.88 4211
1.88 4210
1.88 4209
1.88 4208
1.90 4207
1.90 4206
1.90 4205
1.90 4204
1.91 4203
1.91 4202
1.91 4201
1.91 4200
1.91 4199
1.91 4198
1.91 4197
1.91 4196
1.91 4195
1.91 4194
1.92 4193
1.92 4192
1.92 4191
1.92 4190
1.92 4189
1.92 4188
1.92 4187
1.92 4186
1.92 4185
1.92 4184
1.93 4183
1.93 4182
1.93 4181
1.93 4180
1.93 4179
1.93 4178
1.93 4177
1.93 4176
1.93 4175
1.93 4174
1.94 4173
1.94 4172
1.94 4171
1.94 4170
1.94 4169
1.94 4168
1.94 4167
1.94 4166
1.94 4165
1.94 4164
1.94 4163
1.94 4162
1.94 4161
1.94 4160
1.94 4159
1.94 4158
1.94 4157
1.95 4156
1.95 4155
1.95 4154
1.95 4153
1.95 4152
1.95 4151
1.95 4150
1.95 4149
1.95 4148
1.95 4147
1.95 4146
1.95 4145
1.95 4144
1.95 4143
1.95 4142
1.95 4141
1.97 4140
1.97 4139
1.97 4138
1.97 4137
1.97 4136
1.97 4135
1.97 4134
1.97 4133
1.97 4132
1.97 4131
1.97 4130
1.97 4129
1.97 4128
1.97 4127
1.97 4126
1.98 4125
1.98 4124
1.98 4123
1.98 4122
1.98 4121
1.98 4120
1.98 4119
1.98 4118
1.98 4117
1.98 4116
1.98 4115
1.98 4114
1.98 4113
1.98 4112
1.98 4111
1.98 4110
2.00 4109
2.00 4108
2.00 4107
2.00 4106
2.00 4105
2.00 4104
2.00 4103
2.00 4102
2.00 4101
2.00 4100
2.00 4099
2.00 4098
2.00 4097
2.00 4096
2.00 4095
2.02 4094
2.02 4093
2.02 4092
2.02 4091
2.02 4090
2.02 4089
2.02 4088
2.02 4087
2.02 4086
2.02 4085
2.02 4084
2.02 4083
2.02 4082
2.02 4081
2.02 4080
2.03 4079
2.03 4078
2.03 4077
2.03 4076
2.03 4075
2.03 4074
2.03 4073
2.03 4072
2.03 4071
2.03 4070
2.03 4069
2.03 4068
2.03 4067
2.03 4066
2.03 4065
2.03 4064
2.05 4063
2.05 4062
2.05 4061
2.05 4060
2.05 4059
2.05 4058
2.05 4057
2.05 4056
2.05 4055
2.05 4054
2.05 4053
2.05 4052
2.05 4051
2.05 4050
2.06 4049
2.06 4048
2.06 4047
2.06 4046
2.06 4045
2.06 4044
2.06 4043
2.06 4042
5.19 3942
5.19 3941
5.19 3940
5.19 3939
5.19 3938
5.19 3937
9.57 3936
