0.33 1971
0.33 1970
0.33 1969
0.33 1968
0.33 1967
0.33 1966
0.33 1965
0.33 1964
0.33 1963
0.33 1962
0.33 1961
0.33 1960
0.35 1959
0.35 1958
0.35 1957
0.35 1956
0.35 1955
0.35 1954
0.35 1953
0.35 1952
0.35 1951
0.35 1950
0.35 1949
0.35 1948
0.35 1947
0.35 1946
0.35 1945
0.35 1944
0.35 1943
0.35 1942
0.35 1941
0.35 1940
0.35 1939
0.35 1938
0.35 1937
0.36 1936
0.36 1935
0.36 1934
0.37 1933
0.37 1932
0.37 1931
0.37 1930
0.37 1929
0.37 1928
0.37 1927
0.37 1926
0.37 1925
0.37 1924
0.37 1923
0.37 1922
0.37 1921
0.37 1920
0.37 1919
0.37 1918
0.37 1917
0.37 1916
0.37 1915
0.38 1914
0.38 1913
0.38 1912
0.38 1911
0.38 1910
0.38 1909
0.38 1908
0.38 1907
0.38 1906
0.38 1905
0.38 1904
0.38 1903
0.38 1902
0.38 1901
0.38 1900
0.38 1899
0.38 1898
0.38 1897
0.40 1896
0.40 1895
0.40 1894
0.40 1893
0.40 1892
0.40 1891
0.40 1890
0.40 1889
0.40 1888
0.40 1887
0.40 1886
0.40 1885
0.40 1884
0.40 1883
0.40 1882
0.40 1881
0.40 1880
0.40 1879
0.41 1878
0.41 1877
0.41 1876
0.41 1875
0.41 1874
0.41 1873
0.41 1872
0.41 1871
0.41 1870
0.41 1869
0.41 1868
0.41 1867
0.41 1866
0.41 1865
0.41 1864
0.41 1863
0.41 1862
0.41 1861
0.43 1860
0.43 1859
0.43 1858
0.43 1857
0.43 1856
0.43 1855
0.43 1854
0.43 1853
0.43 1852
0.43 1851
0.43 1850
0.43 1849
0.43 1848
0.43 1847
0.43 1846
0.44 1845
0.44 1844
0.44 1843
0.44 1842
0.44 1841
0.44 1840
0.44 1839
0.44 1838
0.44 1837
0.44 1836
0.44 1835
0.44 1834
0.44 1833
0.44 1832
0.46 1831
0.46 1830
0.46 1829
0.46 1828
0.46 1827
0.46 1826
0.46 1825
0.46 1824
0.46 1823
0.46 1822
0.46 1821
0.46 1820
0.48 1819
0.48 1818
0.48 1817
0.48 1816
0.49 1815
0.49 1814
0.49 1813
0.49 1812
2.76 1811
2.77 1810
2.77 1809
2.77 1808
2.78 1807
2.78 1806
2.79 1805
7.61 1804
7.61 1803
7.61 1802
7.62 1801
10.10 1800
10.10 1799
10.11 1798
17.45 1797
22.50 1796
22.52 1795
