0.03 5677
0.03 5676
0.03 5675
0.03 5674
0.03 5673
0.05 5672
0.05 5671
0.05 5670
0.05 5669
0.05 5668
0.06 5667
0.06 5666
0.06 5665
0.06 5664
0.06 5663
0.06 5662
0.06 5661
0.06 5660
0.06 5659
0.06 5658
0.06 5657
0.06 5656
0.06 5655
0.06 5654
0.06 5653
0.08 5652
0.08 5651
0.08 5650
0.08 5649
0.08 5648
0.08 5647
0.08 5646
0.08 5645
0.08 5644
0.08 5643
0.09 5642
0.09 5641
0.09 5640
0.09 5639
0.09 5638
0.09 5637
0.09 5636
0.09 5635
0.09 5634
0.11 5633
0.11 5632
0.11 5631
0.11 5630
0.11 5629
0.11 5628
0.11 5627
0.11 5626
0.11 5625
0.11 5624
0.13 5623
0.13 5622
0.13 5621
0.13 5620
0.13 5619
0.13 5618
0.13 5617
0.13 5616
0.13 5615
0.14 5614
0.14 5613
0.14 5612
0.14 5611
0.14 5610
0.14 5609
0.14 5608
0.14 5607
0.14 5606
0.16 5605
0.16 5604
0.16 5603
0.16 5602
0.16 5601
0.16 5600
0.16 5599
0.16 5598
0.16 5597
0.16 5596
0.16 5595
0.17 5594
0.17 5593
0.17 5592
0.17 5591
0.17 5590
0.17 5589
0.17 5588
0.17 5587
0.17 5586
0.17 5585
0.19 5584
0.19 5583
0.19 5582
0.19 5581
0.19 5580
0.19 5579
0.19 5578
0.19 5577
0.19 5576
0.21 5575
0.21 5574
0.21 5573
0.21 5572
0.21 5571
0.21 5570
0.21 5569
0.21 5568
0.21 5567
0.21 5566
0.22 5565
0.22 5564
0.22 5563
0.23 5562
0.23 5561
0.23 5560
0.23 5559
0.23 5558
0.23 5557
0.24 5556
0.24 5555
0.24 5554
0.24 5553
0.24 5552
0.24 5551
0.25 5550
0.25 5549
0.25 5548
0.25 5547
0.25 5546
0.25 5545
0.25 5544
0.26 5543
0.26 5542
0.26 5541
0.26 5540
0.26 5539
0.26 5538
0.26 5537
0.26 5536
0.26 5535
0.26 5534
0.26 5533
0.26 5532
0.26 5531
0.27 5530
0.27 5529
0.27 5528
0.27 5527
0.27 5526
0.27 5525
0.27 5524
0.27 5523
0.27 5522
0.27 5521
0.29 5520
0.29 5519
0.29 5518
0.29 5517
0.29 5516
0.29 5515
0.29 5514
0.29 5513
0.29 5512
0.29 5511
0.29 5510
0.31 5509
0.31 5508
0.31 5507
0.31 5506
0.31 5505
0.31 5504
0.31 5503
0.31 5502
0.31 5501
0.31 5500
0.31 5499
0.32 5498
0.32 5497
0.32 5496
0.32 5495
0.32 5494
0.32 5493
0.32 5492
0.32 5491
0.32 5490
0.32 5489
0.34 5488
0.34 5487
0.34 5486
0.34 5485
0.34 5484
0.34 5483
0.34 5482
0.34 5481
0.34 5480
0.34 5479
0.35 5478
0.36 5477
0.36 5476
0.36 5475
0.36 5474
0.36 5473
0.36 5472
0.36 5471
0.36 5470
0.36 5469
0.37 5468
0.37 5467
0.37 5466
0.37 5465
0.37 5464
0.37 5463
0.37 5462
0.37 5461
0.37 5460
0.38 5459
0.38 5458
0.38 5457
0.38 5456
0.38 5455
0.38 5454
0.38 5453
0.38 5452
0.40 5451
0.40 5450
0.40 5449
0.40 5448
0.40 5447
0.40 5446
0.40 5445
0.40 5444
0.40 5443
0.42 5442
0.42 5441
0.42 5440
0.42 5439
0.42 5438
0.42 5437
0.42 5436
0.42 5435
0.42 5434
0.42 5433
0.42 5432
0.43 5431
0.43 5430
0.43 5429
0.43 5428
0.43 5427
0.43 5426
0.43 5425
0.43 5424
0.43 5423
0.43 5422
0.43 5421
0.45 5420
0.45 5419
0.45 5418
0.45 5417
0.45 5416
0.45 5415
0.46 5414
0.46 5413
0.46 5412
0.46 5411
0.46 5410
0.46 5409
0.46 5408
0.46 5407
0.46 5406
0.46 5405
0.46 5404
0.46 5403
0.46 5402
0.46 5401
0.46 5400
0.46 5399
0.48 5398
0.48 5397
0.48 5396
0.48 5395
0.48 5394
0.48 5393
0.48 5392
0.48 5391
0.48 5390
0.48 5389
0.48 5388
0.50 5387
0.50 5386
0.50 5385
0.50 5384
0.50 5383
0.50 5382
0.50 5381
0.50 5380
0.50 5379
0.50 5378
0.51 5377
0.51 5376
0.51 5375
0.51 5374
0.51 5373
0.51 5372
0.51 5371
0.51 5370
0.51 5369
0.51 5368
0.51 5367
0.53 5366
0.53 5365
0.53 5364
0.53 5363
0.53 5362
0.53 5361
0.53 5360
0.53 5359
0.54 5358
0.54 5357
0.54 5356
0.54 5355
0.54 5354
0.54 5353
0.54 5352
0.54 5351
0.54 5350
0.54 5349
0.56 5348
0.56 5347
0.56 5346
0.56 5345
0.56 5344
0.56 5343
0.56 5342
0.56 5341
0.56 5340
0.56 5339
0.57 5338
0.57 5337
0.57 5336
0.57 5335
0.57 5334
0.57 5333
0.57 5332
0.57 5331
0.57 5330
0.57 5329
0.57 5328
0.59 5327
0.59 5326
0.59 5325
0.59 5324
0.59 5323
0.59 5322
0.59 5321
0.59 5320
0.59 5319
0.59 5318
0.59 5317
0.61 5316
0.61 5315
0.61 5314
0.61 5313
0.61 5312
0.61 5311
0.61 5310
0.61 5309
0.61 5308
0.61 5307
0.61 5306
0.62 5305
0.62 5304
0.62 5303
0.62 5302
0.62 5301
0.62 5300
0.62 5299
0.62 5298
0.64 5297
0.64 5296
0.64 5295
0.64 5294
0.64 5293
0.64 5292
0.64 5291
0.64 5290
0.64 5289
0.64 5288
0.64 5287
0.65 5286
0.65 5285
0.66 5284
0.66 5283
0.66 5282
0.66 5281
0.66 5280
0.66 5279
0.66 5278
0.66 5277
0.66 5276
0.67 5275
0.67 5274
0.67 5273
0.67 5272
0.67 5271
0.67 5270
0.67 5269
0.67 5268
0.67 5267
0.67 5266
0.67 5265
0.67 5264
0.69 5263
0.69 5262
0.69 5261
0.69 5260
0.69 5259
0.69 5258
0.69 5257
0.69 5256
0.69 5255
0.69 5254
0.70 5253
0.70 5252
0.70 5251
0.70 5250
0.70 5249
0.70 5248
0.70 5247
0.70 5246
0.70 5245
0.70 5244
0.70 5243
0.72 5242
0.72 5241
0.72 5240
0.72 5239
0.72 5238
0.72 5237
0.72 5236
0.72 5235
0.72 5234
0.72 5233
0.72 5232
0.73 5231
0.73 5230
0.73 5229
0.73 5228
0.73 5227
0.73 5226
0.73 5225
0.73 5224
0.73 5223
0.73 5222
0.73 5221
0.75 5220
0.75 5219
0.75 5218
0.75 5217
0.75 5216
0.75 5215
0.76 5214
0.76 5213
0.76 5212
0.76 5211
0.76 5210
0.76 5209
0.76 5208
0.76 5207
0.76 5206
0.76 5205
0.76 5204
0.76 5203
0.76 5202
0.76 5201
0.76 5200
0.76 5199
0.78 5198
0.78 5197
0.78 5196
0.78 5195
0.78 5194
0.78 5193
0.78 5192
0.78 5191
0.78 5190
0.78 5189
0.78 5188
0.80 5187
0.80 5186
0.80 5185
0.80 5184
0.80 5183
0.80 5182
0.80 5181
0.80 5180
0.80 5179
0.80 5178
0.80 5177
0.81 5176
0.81 5175
0.81 5174
0.81 5173
0.81 5172
0.81 5171
0.81 5170
0.81 5169
0.81 5168
0.81 5167
0.81 5166
0.83 5165
0.83 5164
0.83 5163
0.83 5162
0.83 5161
0.83 5160
0.83 5159
0.83 5158
0.83 5157
0.83 5156
0.84 5155
0.84 5154
0.84 5153
0.84 5152
0.84 5151
0.84 5150
0.84 5149
0.84 5148
0.84 5147
0.84 5146
0.86 5145
0.86 5144
0.86 5143
0.86 5142
0.86 5141
0.86 5140
0.86 5139
0.86 5138
0.86 5137
0.86 5136
0.86 5135
0.86 5134
0.86 5133
0.86 5132
0.87 5131
0.87 5130
0.87 5129
0.87 5128
0.87 5127
0.87 5126
0.87 5125
0.87 5124
0.87 5123
0.87 5122
0.87 5121
0.87 5120
0.87 5119
0.89 5118
0.89 5117
0.89 5116
0.89 5115
0.89 5114
0.89 5113
0.89 5112
0.89 5111
0.89 5110
0.89 5109
0.89 5108
0.89 5107
0.89 5106
0.91 5105
0.91 5104
0.91 5103
0.91 5102
0.91 5101
0.91 5100
0.91 5099
0.91 5098
0.91 5097
0.91 5096
0.91 5095
0.91 5094
0.91 5093
0.91 5092
0.92 5091
0.92 5090
0.92 5089
0.92 5088
0.92 5087
0.92 5086
0.92 5085
0.92 5084
0.92 5083
0.92 5082
0.92 5081
0.92 5080
0.92 5079
0.94 5078
0.94 5077
0.94 5076
0.94 5075
0.94 5074
0.94 5073
0.94 5072
0.94 5071
0.94 5070
0.94 5069
0.94 5068
0.94 5067
0.94 5066
0.94 5065
0.95 5064
0.95 5063
0.95 5062
0.96 5061
0.96 5060
0.96 5059
0.96 5058
0.96 5057
0.96 5056
0.96 5055
0.96 5054
0.96 5053
0.97 5052
0.97 5051
0.97 5050
0.97 5049
0.97 5048
0.97 5047
0.97 5046
0.97 5045
0.97 5044
0.97 5043
0.97 5042
0.97 5041
0.97 5040
0.97 5039
0.99 5038
0.99 5037
0.99 5036
0.99 5035
0.99 5034
0.99 5033
0.99 5032
0.99 5031
0.99 5030
0.99 5029
0.99 5028
0.99 5027
0.99 5026
0.99 5025
1.00 5024
1.00 5023
1.00 5022
1.00 5021
1.00 5020
1.00 5019
1.00 5018
1.00 5017
1.00 5016
1.00 5015
1.00 5014
1.00 5013
1.00 5012
1.02 5011
1.02 5010
1.02 5009
1.02 5008
1.02 5007
1.02 5006
1.02 5005
1.02 5004
1.02 5003
1.02 5002
1.02 5001
1.02 5000
1.02 4999
1.02 4998
1.03 4997
1.03 4996
1.03 4995
1.03 4994
1.03 4993
1.03 4992
1.03 4991
1.03 4990
1.03 4989
1.03 4988
1.03 4987
1.03 4986
1.03 4985
1.05 4984
1.05 4983
1.05 4982
1.05 4981
1.05 4980
1.05 4979
1.05 4978
1.05 4977
1.06 4976
1.06 4975
1.06 4974
1.06 4973
1.06 4972
1.06 4971
1.06 4970
1.06 4969
1.06 4968
1.06 4967
1.06 4966
1.06 4965
1.06 4964
1.06 4963
1.06 4962
1.06 4961
1.06 4960
1.06 4959
1.06 4958
1.06 4957
1.08 4956
1.08 4955
1.08 4954
1.08 4953
1.08 4952
1.08 4951
1.08 4950
1.08 4949
1.08 4948
1.08 4947
1.08 4946
1.08 4945
1.08 4944
1.10 4943
1.10 4942
1.10 4941
1.10 4940
1.10 4939
1.10 4938
1.10 4937
1.10 4936
1.10 4935
1.10 4934
1.10 4933
1.10 4932
1.10 4931
1.11 4930
1.11 4929
1.11 4928
1.11 4927
1.11 4926
1.11 4925
1.11 4924
1.11 4923
1.11 4922
1.11 4921
1.11 4920
1.11 4919
1.11 4918
1.11 4917
1.11 4916
1.13 4915
1.13 4914
1.13 4913
1.13 4912
1.13 4911
1.13 4910
1.13 4909
1.13 4908
1.13 4907
1.13 4906
1.13 4905
1.13 4904
1.14 4903
1.14 4902
1.14 4901
1.14 4900
1.14 4899
1.14 4898
1.14 4897
1.14 4896
1.14 4895
1.14 4894
1.14 4893
1.14 4892
1.14 4891
1.16 4890
1.16 4889
1.16 4888
1.16 4887
1.16 4886
1.16 4885
1.16 4884
1.16 4883
1.16 4882
1.16 4881
1.16 4880
1.17 4879
1.17 4878
1.17 4877
1.17 4876
1.17 4875
1.17 4874
1.17 4873
1.17 4872
1.17 4871
1.17 4870
1.17 4869
1.17 4868
1.19 4867
1.19 4866
1.19 4865
1.19 4864
1.19 4863
1.19 4862
1.19 4861
1.19 4860
1.19 4859
1.19 4858
1.21 4857
1.21 4856
1.21 4855
1.21 4854
1.21 4853
1.21 4852
1.21 4851
1.21 4850
1.21 4849
1.21 4848
1.21 4847
1.21 4846
1.21 4845
1.21 4844
1.22 4843
1.22 4842
1.22 4841
1.22 4840
1.23 4839
1.23 4838
1.23 4837
1.23 4836
1.23 4835
1.23 4834
1.23 4833
1.23 4832
1.24 4831
1.24 4830
1.24 4829
1.24 4828
1.24 4827
1.24 4826
1.24 4825
1.24 4824
1.24 4823
1.25 4822
1.25 4821
1.25 4820
1.25 4819
1.25 4818
1.25 4817
1.25 4816
1.25 4815
1.25 4814
1.26 4813
1.26 4812
1.26 4811
1.26 4810
1.26 4809
1.26 4808
1.26 4807
1.26 4806
1.26 4805
1.26 4804
1.26 4803
1.26 4802
1.26 4801
1.26 4800
1.26 4799
1.26 4798
1.28 4797
1.28 4796
1.28 4795
1.28 4794
1.28 4793
1.28 4792
1.28 4791
1.28 4790
1.28 4789
1.28 4788
1.28 4787
1.28 4786
1.28 4785
1.28 4784
1.29 4783
1.29 4782
1.29 4781
1.29 4780
1.29 4779
1.29 4778
1.29 4777
1.29 4776
1.29 4775
1.29 4774
1.29 4773
1.29 4772
1.29 4771
1.29 4770
1.29 4769
1.31 4768
1.31 4767
1.31 4766
1.31 4765
1.31 4764
1.31 4763
1.31 4762
1.31 4761
1.31 4760
1.31 4759
1.31 4758
1.31 4757
1.31 4756
1.32 4755
1.32 4754
1.32 4753
1.32 4752
1.32 4751
1.32 4750
1.32 4749
1.32 4748
1.32 4747
1.32 4746
1.32 4745
1.32 4744
1.32 4743
1.32 4742
1.34 4741
1.34 4740
1.34 4739
1.34 4738
1.34 4737
1.34 4736
1.34 4735
1.34 4734
1.34 4733
1.34 4732
1.34 4731
1.34 4730
1.34 4729
1.34 4728
1.34 4727
1.35 4726
1.35 4725
1.36 4724
1.36 4723
1.36 4722
1.36 4721
1.36 4720
1.36 4719
1.36 4718
1.36 4717
1.36 4716
1.36 4715
1.36 4714
1.36 4713
1.37 4712
1.37 4711
1.37 4710
1.37 4709
1.37 4708
1.37 4707
1.37 4706
1.37 4705
1.37 4704
1.37 4703
1.37 4702
1.37 4701
1.37 4700
1.37 4699
1.37 4698
1.39 4697
1.39 4696
1.39 4695
1.39 4694
1.39 4693
1.39 4692
1.39 4691
1.39 4690
1.39 4689
1.39 4688
1.39 4687
1.39 4686
1.39 4685
1.39 4684
1.40 4683
1.40 4682
1.40 4681
1.40 4680
1.40 4679
1.40 4678
1.40 4677
1.40 4676
1.40 4675
1.40 4674
1.40 4673
1.40 4672
1.40 4671
1.40 4670
1.40 4669
1.42 4668
1.42 4667
1.42 4666
1.42 4665
1.42 4664
1.42 4663
1.42 4662
1.42 4661
1.42 4660
1.42 4659
1.42 4658
1.42 4657
1.42 4656
1.42 4655
1.42 4654
1.43 4653
1.43 4652
1.43 4651
1.43 4650
1.43 4649
1.43 4648
1.43 4647
1.43 4646
1.43 4645
1.43 4644
1.43 4643
1.43 4642
1.43 4641
1.43 4640
1.45 4639
1.45 4638
1.45 4637
1.45 4636
1.45 4635
1.45 4634
1.45 4633
1.45 4632
1.46 4631
1.46 4630
1.46 4629
1.46 4628
1.46 4627
1.46 4626
1.46 4625
1.47 4624
1.47 4623
1.47 4622
1.47 4621
1.47 4620
1.47 4619
1.47 4618
1.47 4617
1.47 4616
1.47 4615
1.47 4614
1.47 4613
1.47 4612
1.47 4611
1.47 4610
1.48 4609
1.48 4608
1.48 4607
1.48 4606
1.48 4605
1.48 4604
1.48 4603
1.48 4602
1.48 4601
1.48 4600
1.48 4599
1.48 4598
1.48 4597
1.48 4596
1.48 4595
1.50 4594
1.50 4593
1.50 4592
1.50 4591
1.50 4590
1.50 4589
1.50 4588
1.50 4587
1.50 4586
1.50 4585
1.50 4584
1.50 4583
1.50 4582
1.50 4581
1.51 4580
1.51 4579
1.51 4578
1.51 4577
1.51 4576
1.51 4575
1.51 4574
1.51 4573
1.51 4572
1.51 4571
1.51 4570
1.51 4569
1.51 4568
1.51 4567
1.53 4566
1.53 4565
1.53 4564
1.53 4563
1.53 4562
1.53 4561
1.53 4560
1.53 4559
1.53 4558
1.53 4557
1.53 4556
1.53 4555
1.53 4554
1.53 4553
1.53 4552
1.54 4551
1.54 4550
1.54 4549
1.54 4548
1.54 4547
1.54 4546
1.54 4545
1.54 4544
1.54 4543
1.54 4542
1.54 4541
1.54 4540
1.54 4539
1.56 4538
1.56 4537
1.56 4536
1.56 4535
1.56 4534
1.56 4533
1.56 4532
1.56 4531
1.56 4530
1.56 4529
1.56 4528
1.56 4527
1.56 4526
1.56 4525
1.56 4524
1.56 4523
1.56 4522
1.58 4521
1.58 4520
1.58 4519
1.58 4518
1.58 4517
1.58 4516
1.58 4515
1.58 4514
1.58 4513
1.58 4512
1.58 4511
1.58 4510
1.58 4509
1.58 4508
1.58 4507
1.59 4506
1.59 4505
1.59 4504
1.59 4503
1.59 4502
1.59 4501
1.59 4500
1.59 4499
1.59 4498
1.59 4497
1.59 4496
1.59 4495
1.59 4494
1.59 4493
1.61 4492
1.61 4491
1.61 4490
1.61 4489
1.61 4488
1.61 4487
1.61 4486
1.61 4485
1.61 4484
1.61 4483
1.61 4482
1.61 4481
1.61 4480
1.61 4479
1.61 4478
1.62 4477
1.62 4476
1.62 4475
1.62 4474
1.63 4473
1.63 4472
1.63 4471
1.63 4470
1.63 4469
1.63 4468
1.63 4467
1.63 4466
1.64 4465
1.64 4464
1.64 4463
1.64 4462
1.64 4461
1.64 4460
1.64 4459
1.64 4458
1.64 4457
1.65 4456
1.65 4455
1.65 4454
1.65 4453
1.65 4452
1.65 4451
1.65 4450
1.65 4449
1.65 4448
1.65 4447
1.65 4446
1.65 4445
1.65 4444
1.66 4443
1.66 4442
1.66 4441
1.66 4440
1.66 4439
1.66 4438
1.66 4437
1.67 4436
1.67 4435
1.67 4434
1.67 4433
1.67 4432
1.67 4431
1.67 4430
1.67 4429
1.67 4428
1.67 4427
1.67 4426
1.67 4425
1.67 4424
1.67 4423
1.67 4422
1.67 4421
1.67 4420
1.67 4419
1.68 4418
1.68 4417
1.68 4416
1.68 4415
1.68 4414
1.68 4413
1.68 4412
1.68 4411
1.68 4410
1.68 4409
1.68 4408
1.68 4407
1.68 4406
1.68 4405
1.68 4404
1.70 4403
1.70 4402
1.70 4401
1.70 4400
1.70 4399
1.70 4398
1.70 4397
1.70 4396
1.70 4395
1.70 4394
1.70 4393
1.70 4392
1.70 4391
1.70 4390
1.72 4389
1.72 4388
1.72 4387
1.72 4386
1.72 4385
1.72 4384
1.72 4383
1.72 4382
1.72 4381
1.72 4380
1.72 4379
1.72 4378
1.72 4377
1.72 4376
1.73 4375
1.73 4374
1.73 4373
1.73 4372
1.73 4371
1.73 4370
1.73 4369
1.73 4368
1.73 4367
1.73 4366
1.73 4365
1.73 4364
1.73 4363
1.75 4362
1.75 4361
1.75 4360
1.75 4359
1.75 4358
1.75 4357
1.75 4356
1.75 4355
1.75 4354
1.75 4353
1.76 4352
1.76 4351
1.76 4350
1.76 4349
1.76 4348
1.76 4347
1.76 4346
1.76 4345
1.76 4344
1.76 4343
1.76 4342
1.76 4341
1.76 4340
1.76 4339
1.76 4338
1.76 4337
1.76 4336
1.76 4335
1.76 4334
1.76 4333
1.76 4332
1.78 4331
1.78 4330
1.78 4329
1.78 4328
1.78 4327
1.78 4326
1.78 4325
1.78 4324
1.78 4323
1.78 4322
1.78 4321
1.78 4320
1.78 4319
1.78 4318
1.78 4317
1.80 4316
1.80 4315
1.80 4314
1.80 4313
1.80 4312
1.80 4311
1.80 4310
1.80 4309
1.80 4308
1.80 4307
1.80 4306
1.80 4305
1.80 4304
1.80 4303
1.81 4302
1.81 4301
1.81 4300
1.81 4299
1.81 4298
1.81 4297
1.81 4296
1.81 4295
1.81 4294
1.81 4293
1.81 4292
1.81 4291
1.81 4290
1.81 4289
1.81 4288
1.83 4287
1.83 4286
1.83 4285
1.83 4284
1.83 4283
1.83 4282
1.83 4281
1.83 4280
1.83 4279
1.83 4278
1.83 4277
1.83 4276
1.83 4275
1.83 4274
1.84 4273
1.84 4272
1.84 4271
1.84 4270
1.84 4269
1.84 4268
1.84 4267
1.84 4266
1.84 4265
1.84 4264
1.84 4263
1.84 4262
1.84 4261
1.84 4260
1.86 4259
1.86 4258
1.86 4257
1.86 4256
1.86 4255
1.86 4254
1.86 4253
1.86 4252
1.86 4251
1.86 4250
1.86 4249
1.86 4248
1.86 4247
1.86 4246
1.87 4245
1.87 4244
1.87 4243
1.87 4242
1.87 4241
1.87 4240
1.87 4239
1.87 4238
1.87 4237
1.89 4236
1.89 4235
1.89 4234
1.89 4233
1.89 4232
1.89 4231
1.89 4230
1.89 4229
1.89 4228
1.89 4227
1.89 4226
1.89 4225
1.89 4224
1.89 4223
1.91 4222
1.91 4221
1.91 4220
1.91 4219
1.91 4218
1.91 4217
1.91 4216
1.91 4215
1.91 4214
1.91 4213
1.91 4212
1.91 4211
1.91 4210
1.92 4209
1.92 4208
1.92 4207
1.92 4206
1.92 4205
1.92 4204
1.92 4203
1.92 4202
1.92 4201
1.92 4200
1.92 4199
1.92 4198
1.92 4197
1.92 4196
1.94 4195
1.94 4194
1.94 4193
1.94 4192
1.94 4191
1.94 4190
1.94 4189
1.94 4188
1.94 4187
1.94 4186
1.94 4185
1.94 4184
1.94 4183
1.94 4182
1.94 4181
1.94 4180
1.95 4179
1.95 4178
1.95 4177
1.95 4176
1.95 4175
1.96 4174
1.96 4173
1.96 4172
1.96 4171
1.96 4170
1.96 4169
1.96 4168
1.96 4167
1.96 4166
1.96 4165
1.96 4164
1.97 4163
1.97 4162
1.97 4161
1.97 4160
1.97 4159
1.97 4158
1.97 4157
1.97 4156
1.97 4155
1.97 4154
1.97 4153
1.97 4152
1.97 4151
1.97 4150
1.97 4149
1.98 4148
1.98 4147
1.98 4146
1.98 4145
1.98 4144
1.98 4143
1.98 4142
1.98 4141
1.98 4140
1.98 4139
1.98 4138
1.98 4137
1.98 4136
1.98 4135
1.98 4134
1.98 4133
2.00 4132
2.00 4131
2.00 4130
2.00 4129
2.00 4128
2.00 4127
2.00 4126
2.00 4125
2.00 4124
2.00 4123
2.00 4122
2.02 4121
2.02 4120
2.02 4119
2.02 4118
2.02 4117
2.02 4116
2.02 4115
2.02 4114
2.02 4113
2.02 4112
2.02 4111
2.02 4110
2.02 4109
2.02 4108
2.02 4107
2.03 4106
2.03 4105
2.03 4104
2.03 4103
2.03 4102
2.03 4101
2.03 4100
2.03 4099
2.03 4098
2.03 4097
2.03 4096
2.03 4095
2.03 4094
2.03 4093
2.03 4092
2.05 4091
2.05 4090
2.05 4089
2.05 4088
2.05 4087
2.05 4086
2.05 4085
2.05 4084
2.05 4083
2.05 4082
2.06 4081
2.06 4080
2.06 4079
2.06 4078
2.06 4077
2.06 4076
2.06 4075
2.06 4074
2.06 4073
2.06 4072
2.06 4071
2.06 4070
2.06 4069
2.06 4068
2.06 4067
2.06 4066
2.06 4065
2.06 4064
2.06 4063
2.06 4062
2.06 4061
2.08 4060
2.08 4059
2.08 4058
2.08 4057
2.08 4056
2.08 4055
2.08 4054
2.08 4053
2.08 4052
2.08 4051
2.08 4050
2.08 4049
2.08 4048
2.08 4047
2.08 4046
2.10 4045
2.10 4044
2.10 4043
2.10 4042
5.27 3944
5.27 3943
5.27 3942
5.28 3941
5.28 3940
5.28 3939
5.28 3938
23.26 3937
