1.04 1499
1.04 1498
1.04 1497
1.04 1496
1.05 1495
1.05 1494
1.05 1493
1.05 1492
1.05 1491
1.05 1490
1.05 1489
1.05 1488
1.05 1487
1.05 1486
1.05 1485
1.05 1484
1.05 1483
1.05 1482
1.05 1481
1.06 1480
1.06 1479
1.06 1478
1.06 1477
1.06 1476
1.06 1475
1.06 1474
1.06 1473
1.07 1472
1.07 1471
1.07 1470
1.07 1469
1.07 1468
1.07 1467
1.07 1466
1.07 1465
1.07 1464
1.07 1463
1.07 1462
1.07 1461
1.07 1460
1.07 1459
1.07 1458
1.08 1457
1.08 1456
1.08 1455
1.08 1454
1.08 1453
1.08 1452
1.08 1451
1.08 1450
1.08 1449
1.09 1448
1.09 1447
1.09 1446
1.10 1445
1.10 1444
3.92 1442
3.92 1441
3.92 1440
3.94 1439
6.84 1438
