1.01 1499
1.02 1498
1.02 1497
1.02 1496
1.02 1495
1.02 1494
1.02 1493
1.02 1492
1.02 1491
1.02 1490
1.02 1489
1.02 1488
1.02 1487
1.02 1486
1.02 1485
1.02 1484
1.02 1483
1.03 1482
1.03 1481
1.03 1480
1.03 1479
1.03 1478
1.03 1477
1.03 1476
1.04 1475
1.04 1474
1.04 1473
1.04 1472
1.04 1471
1.04 1470
1.04 1469
1.04 1468
1.04 1467
1.04 1466
1.04 1465
1.04 1464
1.04 1463
1.04 1462
1.04 1461
1.06 1460
1.06 1459
1.06 1458
1.06 1457
1.06 1456
1.06 1455
1.06 1454
1.06 1453
1.06 1452
1.06 1451
1.06 1450
1.06 1449
1.06 1448
1.07 1447
1.07 1446
1.07 1445
1.07 1444
3.94 1443
3.96 1442
3.96 1441
3.97 1440
6.76 1439
12.51 1438
