0.74 1999
0.74 1998
0.74 1997
0.74 1996
0.74 1995
0.74 1994
0.74 1993
0.74 1992
0.76 1991
0.76 1990
0.76 1989
0.76 1988
0.76 1987
0.76 1986
0.76 1985
0.76 1984
0.76 1983
0.76 1982
0.76 1981
0.76 1980
0.76 1979
0.76 1978
0.76 1977
0.76 1976
0.76 1975
0.76 1974
0.76 1973
0.76 1972
0.76 1971
0.76 1970
0.76 1969
0.76 1968
0.76 1967
0.76 1966
0.76 1965
0.76 1964
0.76 1963
0.76 1962
0.76 1961
0.76 1960
0.76 1959
0.76 1958
0.76 1957
0.78 1956
0.78 1955
0.78 1954
0.78 1953
0.78 1952
0.78 1951
0.78 1950
0.78 1949
0.78 1948
0.78 1947
0.78 1946
0.78 1945
0.78 1944
0.78 1943
0.78 1942
0.78 1941
0.78 1940
0.78 1939
0.78 1938
0.78 1937
0.78 1936
0.78 1935
0.78 1934
0.78 1933
0.78 1932
0.78 1931
0.78 1930
0.79 1929
0.79 1928
0.79 1927
0.79 1926
0.79 1925
0.79 1924
0.79 1923
0.79 1922
0.79 1921
0.79 1920
0.79 1919
0.79 1918
0.79 1917
0.79 1916
0.79 1915
0.79 1914
0.79 1913
0.79 1912
0.79 1911
0.79 1910
0.79 1909
0.79 1908
0.79 1907
0.79 1906
0.79 1905
0.79 1904
0.79 1903
0.79 1902
0.79 1901
0.79 1900
0.79 1899
0.79 1898
0.79 1897
0.79 1896
0.79 1895
0.79 1894
0.79 1893
0.79 1892
0.79 1891
0.79 1890
0.79 1889
0.79 1888
0.79 1887
0.79 1886
0.81 1885
0.81 1884
0.81 1883
0.81 1882
0.81 1881
0.81 1880
0.81 1879
0.81 1878
0.81 1877
0.81 1876
0.81 1875
0.81 1874
0.81 1873
0.81 1872
0.81 1871
0.81 1870
0.81 1869
0.81 1868
0.81 1867
0.81 1866
0.81 1865
0.81 1864
0.81 1863
0.81 1862
0.81 1861
0.81 1860
0.81 1859
0.81 1858
0.81 1857
0.81 1856
0.81 1855
0.81 1854
0.81 1853
0.81 1852
0.81 1851
0.82 1850
0.82 1849
0.82 1848
0.82 1847
0.82 1846
0.82 1845
0.82 1844
0.82 1843
0.82 1842
0.82 1841
0.82 1840
0.82 1839
0.82 1838
0.82 1837
0.82 1836
0.82 1835
0.84 1834
0.84 1833
0.84 1832
0.84 1831
0.84 1830
0.84 1829
0.84 1828
0.84 1827
0.84 1826
0.84 1825
0.84 1824
0.85 1823
0.85 1822
0.85 1821
0.85 1820
0.85 1819
0.85 1818
0.85 1817
0.85 1816
0.85 1815
0.85 1814
0.85 1813
0.85 1812
0.85 1811
0.85 1810
0.85 1809
0.85 1808
0.85 1807
0.85 1806
0.85 1805
0.85 1804
0.85 1803
0.85 1802
0.85 1801
0.86 1800
0.86 1799
0.86 1798
0.86 1797
0.86 1796
0.86 1795
0.86 1794
0.86 1793
0.86 1792
0.86 1791
0.86 1790
0.86 1789
0.86 1788
0.86 1787
0.86 1786
0.86 1785
0.86 1784
0.86 1783
0.86 1782
0.86 1781
0.86 1780
0.86 1779
0.86 1778
0.87 1777
0.87 1776
0.87 1775
0.87 1774
0.87 1773
0.87 1772
0.87 1771
0.87 1770
0.87 1769
0.87 1768
0.87 1767
0.87 1766
0.87 1765
0.87 1764
0.87 1763
0.87 1762
0.87 1761
0.87 1760
0.87 1759
0.87 1758
0.87 1757
0.87 1756
0.87 1755
0.87 1754
0.87 1753
0.87 1752
0.87 1751
0.87 1750
0.87 1749
0.87 1748
0.87 1747
0.87 1746
0.87 1745
0.87 1744
0.87 1743
0.87 1742
0.87 1741
0.87 1740
0.87 1739
0.87 1738
0.87 1737
0.87 1736
0.87 1735
0.87 1734
0.87 1733
0.87 1732
0.87 1731
0.87 1730
0.87 1729
0.87 1728
0.87 1727
0.87 1726
0.87 1725
0.87 1724
0.89 1723
0.89 1722
0.89 1721
0.89 1720
0.89 1719
0.89 1718
0.89 1717
0.89 1716
0.89 1715
0.89 1714
0.89 1713
0.89 1712
0.89 1711
0.89 1710
0.89 1709
0.89 1708
0.89 1707
0.89 1706
0.89 1705
0.89 1704
0.89 1703
0.89 1702
0.89 1701
0.89 1700
0.89 1699
0.89 1698
0.89 1697
0.89 1696
0.89 1695
0.89 1694
0.89 1693
0.89 1692
0.89 1691
0.89 1690
0.89 1689
0.89 1688
0.89 1687
0.89 1686
0.89 1685
0.91 1684
0.91 1683
0.91 1682
0.91 1681
0.91 1680
0.91 1679
0.91 1678
0.91 1677
0.91 1676
0.91 1675
0.91 1674
0.91 1673
0.91 1672
0.91 1671
0.91 1670
0.91 1669
0.91 1668
0.91 1667
0.91 1666
0.91 1665
0.91 1664
0.91 1663
0.91 1662
0.91 1661
0.91 1660
0.91 1659
0.91 1658
0.91 1657
0.91 1656
0.91 1655
0.91 1654
0.91 1653
0.91 1652
0.91 1651
0.91 1650
0.91 1649
0.91 1648
0.91 1647
0.91 1646
0.91 1645
0.92 1644
0.92 1643
0.92 1642
0.92 1641
0.92 1640
0.92 1639
0.92 1638
0.92 1637
0.92 1636
0.92 1635
0.92 1634
0.92 1633
0.92 1632
0.92 1631
0.92 1630
0.92 1629
0.92 1628
0.92 1627
0.92 1626
0.92 1625
0.92 1624
0.92 1623
0.92 1622
0.92 1621
0.92 1620
0.92 1619
0.92 1618
0.92 1617
0.92 1616
0.92 1615
0.94 1614
0.94 1613
0.94 1612
0.94 1611
0.94 1610
0.94 1609
0.94 1608
0.94 1607
0.94 1606
0.94 1605
0.94 1604
0.94 1603
0.94 1602
0.94 1601
0.94 1600
0.94 1599
0.94 1598
0.94 1597
0.94 1596
0.94 1595
0.94 1594
0.94 1593
0.94 1592
0.94 1591
0.94 1590
0.94 1589
0.94 1588
0.94 1587
0.94 1586
0.94 1585
0.94 1584
0.95 1583
0.95 1582
0.95 1581
0.95 1580
0.95 1579
0.95 1578
0.95 1577
0.95 1576
0.95 1575
0.95 1574
0.95 1573
0.95 1572
0.95 1571
0.95 1570
0.95 1569
0.95 1568
0.95 1567
0.95 1566
0.95 1565
0.95 1564
0.95 1563
0.95 1562
0.95 1561
0.95 1560
0.95 1559
0.95 1558
0.95 1557
0.95 1556
0.95 1555
0.95 1554
0.95 1553
0.97 1552
0.97 1551
0.97 1550
0.97 1549
0.97 1548
0.97 1547
0.97 1546
0.97 1545
0.97 1544
0.97 1543
0.97 1542
0.97 1541
0.97 1540
0.97 1539
0.97 1538
0.97 1537
0.97 1536
0.97 1535
0.97 1534
0.97 1533
0.97 1532
0.97 1531
0.97 1530
0.97 1529
0.97 1528
0.97 1527
0.97 1526
0.97 1525
0.97 1524
0.97 1523
0.97 1522
0.97 1521
0.97 1520
0.97 1519
0.99 1518
0.99 1517
0.99 1516
0.99 1515
0.99 1514
0.99 1513
0.99 1512
0.99 1511
0.99 1510
0.99 1509
0.99 1508
0.99 1507
0.99 1506
0.99 1505
0.99 1504
0.99 1503
0.99 1502
0.99 1501
0.99 1500
0.99 1499
0.99 1498
0.99 1497
0.99 1496
0.99 1495
0.99 1494
0.99 1493
0.99 1492
0.99 1491
0.99 1490
0.99 1489
0.99 1488
0.99 1487
0.99 1486
0.99 1485
0.99 1484
0.99 1483
1.00 1482
1.00 1481
1.00 1480
1.00 1479
1.00 1478
1.00 1477
1.00 1476
1.00 1475
1.00 1474
1.00 1473
1.00 1472
1.00 1471
1.00 1470
1.00 1469
1.00 1468
1.00 1467
1.00 1466
1.00 1465
1.00 1464
1.00 1463
1.00 1462
1.00 1461
1.00 1460
1.00 1459
1.00 1458
1.00 1457
1.00 1456
1.00 1455
1.00 1454
1.00 1453
1.00 1452
1.00 1451
1.00 1450
1.02 1449
1.02 1448
1.02 1447
1.02 1446
1.02 1445
1.02 1444
1.02 1443
1.02 1442
1.02 1441
1.02 1440
1.02 1439
1.02 1438
1.02 1437
1.02 1436
1.02 1435
1.02 1434
1.02 1433
1.02 1432
1.02 1431
1.02 1430
1.02 1429
1.02 1428
1.02 1427
1.02 1426
1.02 1425
1.02 1424
1.02 1423
1.02 1422
1.02 1421
1.02 1420
1.02 1419
1.02 1418
1.02 1417
1.02 1416
1.03 1415
1.03 1414
1.03 1413
1.03 1412
1.03 1411
1.03 1410
1.03 1409
1.03 1408
1.03 1407
1.03 1406
1.03 1405
1.03 1404
1.03 1403
1.03 1402
1.03 1401
1.03 1400
1.03 1399
1.03 1398
1.03 1397
1.03 1396
1.03 1395
1.03 1394
1.03 1393
1.03 1392
1.03 1391
1.03 1390
1.03 1389
1.03 1388
1.03 1387
1.03 1386
1.03 1385
1.03 1384
1.03 1383
1.03 1382
1.05 1381
1.05 1380
1.05 1379
1.05 1378
1.05 1377
1.05 1376
1.05 1375
1.05 1374
1.05 1373
1.05 1372
1.05 1371
1.05 1370
1.05 1369
1.05 1368
1.05 1367
1.05 1366
1.05 1365
1.05 1364
1.05 1363
1.05 1362
1.05 1361
1.05 1360
1.05 1359
1.05 1358
1.05 1357
1.05 1356
1.05 1355
1.05 1354
1.05 1353
1.05 1352
1.05 1351
1.05 1350
1.05 1349
1.05 1348
1.06 1347
1.06 1346
1.06 1345
1.06 1344
1.06 1343
1.06 1342
1.06 1341
1.06 1340
1.06 1339
1.06 1338
1.06 1337
1.06 1336
1.06 1335
1.06 1334
1.06 1333
1.06 1332
1.06 1331
1.06 1330
1.06 1329
1.06 1328
1.06 1327
1.06 1326
1.06 1325
1.06 1324
1.06 1323
1.06 1322
1.06 1321
1.06 1320
1.06 1319
1.06 1318
1.06 1317
1.08 1316
1.08 1315
1.08 1314
1.08 1313
1.08 1312
1.08 1311
1.08 1310
1.08 1309
1.08 1308
1.08 1307
1.08 1306
1.08 1305
1.08 1304
1.08 1303
1.08 1302
1.08 1301
1.09 1300
1.09 1299
1.09 1298
1.09 1297
1.09 1296
1.09 1295
1.09 1294
1.09 1293
1.09 1292
1.09 1291
1.09 1290
1.09 1289
1.09 1288
1.09 1287
1.10 1286
1.10 1285
1.10 1284
1.10 1283
1.10 1282
1.10 1281
1.10 1280
1.10 1279
1.10 1278
1.10 1277
1.10 1276
1.10 1275
1.10 1274
1.10 1273
1.10 1272
1.10 1271
1.10 1270
1.10 1269
1.10 1268
1.10 1267
1.10 1266
1.10 1265
1.10 1264
1.10 1263
1.10 1262
1.10 1261
1.10 1260
1.10 1259
1.10 1258
1.10 1257
1.10 1256
1.10 1255
1.10 1254
1.10 1253
1.11 1252
1.11 1251
1.11 1250
1.11 1249
1.11 1248
1.11 1247
1.11 1246
1.11 1245
1.11 1244
1.11 1243
1.11 1242
1.11 1241
1.11 1240
1.11 1239
1.11 1238
1.11 1237
1.11 1236
1.11 1235
1.11 1234
1.11 1233
1.11 1232
1.11 1231
1.11 1230
1.11 1229
1.11 1228
1.11 1227
1.11 1226
1.11 1225
1.11 1224
1.11 1223
1.11 1222
1.11 1221
1.11 1220
1.11 1219
1.11 1218
1.11 1217
1.11 1216
1.13 1215
1.13 1214
1.13 1213
1.13 1212
1.13 1211
1.13 1210
1.13 1209
1.13 1208
1.13 1207
1.13 1206
1.13 1205
1.13 1204
1.13 1203
1.13 1202
1.13 1201
1.13 1200
1.13 1199
1.13 1198
1.13 1197
1.13 1196
1.13 1195
1.13 1194
1.13 1193
1.13 1192
1.13 1191
1.13 1190
1.13 1189
1.13 1188
1.13 1187
1.13 1186
1.13 1185
1.13 1184
1.13 1183
1.13 1182
1.13 1181
1.14 1180
1.14 1179
1.14 1178
1.14 1177
1.14 1176
1.14 1175
1.14 1174
1.14 1173
1.14 1172
1.14 1171
1.14 1170
1.14 1169
1.14 1168
1.14 1167
1.14 1166
1.14 1165
1.14 1164
1.14 1163
1.14 1162
1.14 1161
1.14 1160
1.14 1159
1.14 1158
1.14 1157
1.14 1156
1.14 1155
1.14 1154
1.14 1153
1.14 1152
1.14 1151
1.14 1150
1.14 1149
1.14 1148
1.14 1147
1.14 1146
1.14 1145
1.16 1144
1.16 1143
1.16 1142
1.16 1141
1.16 1140
1.16 1139
1.16 1138
1.16 1137
1.16 1136
1.16 1135
1.16 1134
1.16 1133
1.16 1132
1.16 1131
1.16 1130
1.16 1129
1.16 1128
1.16 1127
1.16 1126
1.16 1125
1.16 1124
1.16 1123
1.16 1122
1.16 1121
1.16 1120
1.16 1119
1.16 1118
1.16 1117
1.16 1116
1.16 1115
1.16 1114
1.16 1113
1.16 1112
1.16 1111
1.16 1110
1.16 1109
1.16 1108
1.16 1107
1.16 1106
1.18 1105
1.18 1104
1.18 1103
1.18 1102
1.18 1101
1.18 1100
1.18 1099
1.18 1098
1.18 1097
1.18 1096
1.18 1095
1.18 1094
1.18 1093
1.18 1092
1.18 1091
1.18 1090
1.18 1089
1.18 1088
1.18 1087
1.18 1086
1.18 1085
1.18 1084
1.18 1083
1.18 1082
1.18 1081
1.18 1080
1.18 1079
1.18 1078
1.18 1077
1.18 1076
1.18 1075
1.18 1074
1.18 1073
1.18 1072
1.18 1071
1.18 1070
1.18 1069
1.18 1068
1.19 1067
1.19 1066
1.19 1065
1.19 1064
1.19 1063
1.19 1062
1.19 1061
1.19 1060
1.19 1059
1.19 1058
1.19 1057
1.19 1056
1.19 1055
1.19 1054
1.19 1053
1.19 1052
1.19 1051
1.19 1050
1.19 1049
1.19 1048
1.19 1047
1.19 1046
1.19 1045
1.19 1044
1.19 1043
1.19 1042
1.19 1041
1.19 1040
1.19 1039
1.19 1038
1.19 1037
1.19 1036
1.19 1035
1.19 1034
1.19 1033
1.19 1032
1.19 1031
1.19 1030
1.19 1029
1.19 1028
1.19 1027
1.19 1026
1.19 1025
1.19 1024
1.19 1023
1.19 1022
1.19 1021
1.19 1020
1.21 1019
1.21 1018
1.21 1017
1.21 1016
1.21 1015
1.21 1014
1.21 1013
1.21 1012
1.21 1011
1.21 1010
1.21 1009
1.21 1008
1.21 1007
1.21 1006
1.21 1005
1.21 1004
1.21 1003
1.21 1002
1.21 1001
1.21 1000
