0.01 3735
0.01 3734
0.01 3733
0.01 3732
0.01 3731
0.01 3730
0.01 3729
0.01 3728
0.01 3727
0.01 3726
0.03 3725
0.03 3724
0.03 3723
0.03 3722
0.03 3721
0.03 3720
0.03 3719
0.03 3718
0.03 3717
0.04 3716
0.04 3715
0.04 3714
0.04 3713
0.04 3712
0.04 3711
0.04 3710
0.04 3709
0.04 3708
0.04 3707
0.05 3706
0.05 3705
0.05 3704
0.05 3703
0.05 3702
0.05 3701
0.05 3700
0.05 3699
0.05 3698
0.05 3697
0.05 3696
0.05 3695
0.05 3694
0.06 3693
0.06 3692
0.06 3691
0.06 3690
0.06 3689
0.06 3688
0.06 3687
0.06 3686
0.06 3685
0.06 3684
0.06 3683
0.06 3682
0.06 3681
0.07 3680
0.07 3679
0.07 3678
0.07 3677
0.07 3676
0.07 3675
0.07 3674
0.07 3673
0.07 3672
0.07 3671
0.07 3670
0.07 3669
0.07 3668
0.08 3667
0.08 3666
0.08 3665
0.08 3664
0.08 3663
0.08 3662
0.08 3661
0.08 3660
0.08 3659
0.08 3658
0.08 3657
0.08 3656
0.08 3655
0.08 3654
0.08 3653
0.08 3652
0.08 3651
0.08 3650
0.08 3649
0.09 3648
0.10 3647
0.10 3646
0.10 3645
0.10 3644
0.10 3643
0.10 3642
0.10 3641
0.10 3640
0.10 3639
0.10 3638
0.10 3637
0.10 3636
0.10 3635
0.10 3634
0.10 3633
0.10 3632
0.11 3631
0.11 3630
0.11 3629
0.11 3628
0.11 3627
0.12 3626
0.12 3625
0.12 3624
0.12 3623
0.12 3622
0.12 3621
0.12 3620
0.12 3619
0.12 3618
0.12 3617
0.12 3616
0.12 3615
0.13 3614
0.13 3613
0.13 3612
0.13 3611
0.13 3610
0.13 3609
0.14 3608
0.14 3607
0.14 3606
0.14 3605
0.14 3604
0.14 3603
0.14 3602
0.14 3601
0.14 3600
0.15 3599
0.15 3598
0.15 3597
0.15 3596
0.15 3595
0.15 3594
0.15 3593
0.15 3592
0.15 3591
0.16 3590
0.16 3589
0.16 3588
0.16 3587
0.16 3586
0.16 3585
0.16 3584
0.16 3583
0.16 3582
0.16 3581
0.16 3580
0.16 3579
0.17 3578
0.17 3577
0.17 3576
0.17 3575
0.17 3574
0.17 3573
0.17 3572
0.17 3571
0.17 3570
0.17 3569
0.17 3568
0.17 3567
0.18 3566
0.18 3565
0.18 3564
0.18 3563
0.18 3562
0.18 3561
0.18 3560
0.18 3559
0.18 3558
0.18 3557
0.18 3556
0.19 3555
0.19 3554
0.19 3553
0.19 3552
0.19 3551
0.19 3550
0.19 3549
0.19 3548
0.19 3547
0.19 3546
0.19 3545
0.19 3544
0.20 3543
0.20 3542
0.20 3541
0.20 3540
0.20 3539
0.20 3538
0.20 3537
0.20 3536
0.20 3535
0.20 3534
0.20 3533
0.20 3532
0.20 3531
0.20 3530
0.20 3529
0.20 3528
0.21 3527
0.21 3526
0.21 3525
0.21 3524
0.21 3523
0.21 3522
0.22 3521
0.22 3520
0.22 3519
0.22 3518
0.22 3517
0.22 3516
0.22 3515
0.22 3514
0.22 3513
0.22 3512
0.22 3511
0.23 3510
0.23 3509
0.23 3508
0.23 3507
0.23 3506
0.23 3505
0.23 3504
0.23 3503
0.23 3502
0.23 3501
0.23 3500
0.23 3499
0.23 3498
0.23 3497
0.23 3496
0.23 3495
0.23 3494
0.23 3493
0.23 3492
0.24 3491
0.25 3490
0.25 3489
0.25 3488
0.25 3487
0.25 3486
0.25 3485
0.25 3484
0.25 3483
0.25 3482
0.25 3481
0.25 3480
0.25 3479
0.25 3478
0.25 3477
0.25 3476
0.25 3475
0.25 3474
0.26 3473
0.26 3472
0.26 3471
0.26 3470
0.27 3469
0.27 3468
0.27 3467
0.27 3466
0.27 3465
0.27 3464
0.27 3463
0.27 3462
0.27 3461
0.28 3460
0.28 3459
0.28 3458
0.28 3457
0.28 3456
0.28 3455
0.28 3454
0.28 3453
0.29 3452
0.29 3451
0.29 3450
0.29 3449
0.29 3448
0.29 3447
0.29 3446
0.29 3445
0.29 3444
0.29 3443
0.29 3442
0.29 3441
0.29 3440
0.30 3439
0.30 3438
0.30 3437
0.30 3436
0.30 3435
0.30 3434
0.30 3433
0.30 3432
0.30 3431
0.30 3430
0.30 3429
0.30 3428
0.30 3427
0.30 3426
0.30 3425
0.30 3424
0.30 3423
0.31 3422
0.31 3421
0.31 3420
0.31 3419
0.31 3418
0.31 3417
0.31 3416
0.31 3415
0.31 3414
0.31 3413
0.31 3412
0.31 3411
0.31 3410
0.31 3409
0.31 3408
0.31 3407
0.33 3406
0.33 3405
0.33 3404
0.33 3403
0.33 3402
0.33 3401
0.33 3400
0.33 3399
0.39 3398
0.40 3397
0.40 3396
0.40 3395
0.41 3394
0.41 3393
0.41 3392
0.41 3391
0.41 3390
0.41 3389
0.41 3388
0.41 3387
0.41 3386
0.41 3385
0.41 3384
0.41 3383
0.41 3382
0.41 3381
0.41 3380
0.41 3379
0.41 3378
0.41 3377
0.41 3376
0.41 3375
0.41 3374
0.41 3373
0.41 3372
0.41 3371
0.41 3370
0.41 3369
0.43 3368
0.43 3367
0.43 3366
0.43 3365
0.43 3364
0.43 3363
0.43 3362
0.43 3361
0.43 3360
0.43 3359
0.43 3358
0.44 3357
0.44 3356
0.44 3355
0.44 3354
0.44 3353
0.44 3352
0.44 3351
0.44 3350
0.44 3349
0.44 3348
0.44 3347
0.44 3346
0.44 3345
0.44 3344
0.44 3343
0.45 3342
0.45 3341
0.45 3340
0.45 3339
0.45 3338
0.45 3337
0.45 3336
0.45 3335
0.45 3334
0.45 3333
0.45 3332
0.45 3331
0.45 3330
0.45 3329
0.45 3328
0.45 3327
0.46 3326
0.46 3325
0.46 3324
0.46 3323
0.47 3322
0.47 3321
0.47 3320
0.47 3319
0.47 3318
0.47 3317
0.47 3316
0.47 3315
0.47 3314
0.47 3313
0.47 3312
0.47 3311
0.47 3310
0.47 3309
0.47 3308
0.48 3307
0.48 3306
0.48 3305
0.48 3304
0.48 3303
0.48 3302
0.48 3301
0.48 3300
0.48 3299
0.49 3298
0.49 3297
0.49 3296
0.49 3295
0.49 3294
0.49 3293
0.49 3292
0.49 3291
0.49 3290
0.49 3289
0.49 3288
0.49 3287
0.49 3286
0.50 3285
0.50 3284
0.50 3283
0.50 3282
0.50 3281
0.50 3280
0.50 3279
0.50 3278
0.50 3277
0.50 3276
0.50 3275
0.50 3274
0.50 3273
0.50 3272
0.50 3271
0.50 3270
0.50 3269
0.50 3268
0.51 3267
0.51 3266
0.51 3265
0.51 3264
0.52 3263
0.52 3262
0.52 3261
0.52 3260
0.52 3259
0.52 3258
0.52 3257
0.52 3256
0.52 3255
0.52 3254
0.52 3253
0.52 3252
0.52 3251
0.52 3250
0.53 3249
0.53 3248
0.53 3247
0.53 3246
0.53 3245
0.53 3244
0.53 3243
0.53 3242
0.53 3241
0.53 3240
0.53 3239
0.53 3238
0.53 3237
0.53 3236
0.53 3235
0.53 3234
0.53 3233
0.54 3232
0.54 3231
0.54 3230
0.55 3229
0.55 3228
0.55 3227
0.55 3226
0.55 3225
0.55 3224
0.55 3223
0.55 3222
0.55 3221
0.55 3220
0.55 3219
0.55 3218
0.55 3217
0.55 3216
0.55 3215
0.55 3214
0.55 3213
0.56 3212
0.56 3211
0.56 3210
0.56 3209
0.57 3208
0.57 3207
0.57 3206
0.57 3205
0.57 3204
0.57 3203
0.57 3202
0.57 3201
0.57 3200
0.57 3199
0.58 3198
0.58 3197
0.58 3196
0.58 3195
0.58 3194
0.58 3193
0.58 3192
0.58 3191
0.58 3190
0.58 3189
0.59 3188
0.59 3187
0.59 3186
0.59 3185
0.59 3184
0.59 3183
0.59 3182
0.59 3181
0.59 3180
0.59 3179
0.59 3178
0.59 3177
0.59 3176
0.59 3175
0.60 3174
0.60 3173
0.60 3172
0.60 3171
0.60 3170
0.60 3169
0.60 3168
0.60 3167
0.60 3166
0.60 3165
0.60 3164
0.60 3163
0.60 3162
0.60 3161
0.60 3160
0.60 3159
0.60 3158
0.61 3157
0.61 3156
0.61 3155
0.61 3154
0.61 3153
0.61 3152
0.61 3151
0.61 3150
0.61 3149
0.61 3148
0.61 3147
0.61 3146
0.61 3145
0.61 3144
0.61 3143
0.61 3142
0.61 3141
0.61 3140
0.61 3139
0.63 3138
0.63 3137
0.63 3136
0.63 3135
0.63 3134
0.63 3133
0.63 3132
0.63 3131
0.63 3130
0.63 3129
0.63 3128
0.63 3127
0.63 3126
0.63 3125
0.63 3124
0.63 3123
0.63 3122
0.63 3121
0.63 3120
0.63 3119
0.64 3118
0.64 3117
0.65 3116
0.65 3115
0.65 3114
0.65 3113
0.65 3112
0.65 3111
0.65 3110
0.65 3109
0.65 3108
0.65 3107
0.65 3106
0.65 3105
0.65 3104
0.65 3103
0.65 3102
0.65 3101
0.65 3100
0.66 3099
0.66 3098
0.66 3097
0.66 3096
0.66 3095
0.66 3094
0.66 3093
0.66 3092
0.66 3091
0.66 3090
0.66 3089
0.66 3088
0.66 3087
0.66 3086
0.66 3085
0.66 3084
0.66 3083
0.66 3082
0.68 3081
0.68 3080
0.68 3079
0.68 3078
0.68 3077
0.68 3076
0.68 3075
0.68 3074
0.68 3073
0.69 3072
0.69 3071
0.69 3070
0.69 3069
0.69 3068
0.69 3067
0.69 3066
0.69 3065
0.69 3064
0.69 3063
0.69 3062
0.70 3061
0.70 3060
0.70 3059
0.70 3058
0.70 3057
0.70 3056
0.70 3055
0.70 3054
0.70 3053
0.70 3052
0.70 3051
0.70 3050
0.70 3049
0.70 3048
0.70 3047
0.70 3046
0.71 3045
0.71 3044
0.71 3043
0.71 3042
0.71 3041
0.71 3040
0.71 3039
0.71 3038
0.71 3037
0.71 3036
0.71 3035
0.71 3034
0.71 3033
0.71 3032
0.71 3031
0.71 3030
0.71 3029
0.71 3028
0.73 3027
0.73 3026
0.73 3025
0.73 3024
0.73 3023
0.73 3022
0.73 3021
0.73 3020
0.73 3019
0.73 3018
0.73 3017
0.73 3016
0.73 3015
0.73 3014
0.73 3013
0.73 3012
0.74 3011
0.74 3010
0.75 3009
0.75 3008
0.75 3007
0.75 3006
0.75 3005
0.75 3004
0.75 3003
0.75 3002
0.75 3001
0.75 3000
0.75 2999
0.75 2998
0.75 2997
0.75 2996
0.75 2995
0.75 2994
0.75 2993
0.75 2992
0.75 2991
0.75 2990
0.76 2989
0.76 2988
0.76 2987
0.76 2986
0.76 2985
0.76 2984
0.76 2983
0.76 2982
0.76 2981
0.76 2980
0.76 2979
0.76 2978
0.76 2977
0.76 2976
0.76 2975
0.76 2974
0.76 2973
0.76 2972
0.76 2971
0.76 2970
0.76 2969
0.76 2968
0.76 2967
0.78 2966
0.78 2965
0.78 2964
0.78 2963
0.78 2962
0.78 2961
0.78 2960
0.78 2959
0.79 2958
0.79 2957
0.79 2956
0.79 2955
0.79 2954
0.79 2953
0.79 2952
0.79 2951
0.79 2950
0.79 2949
0.80 2948
0.80 2947
0.80 2946
0.80 2945
0.80 2944
0.80 2943
0.80 2942
0.80 2941
0.80 2940
0.80 2939
0.80 2938
0.80 2937
0.80 2936
0.80 2935
0.80 2934
0.80 2933
0.80 2932
0.80 2931
0.80 2930
0.81 2929
0.81 2928
0.81 2927
0.81 2926
0.81 2925
0.82 2924
0.82 2923
0.82 2922
0.82 2921
0.82 2920
0.82 2919
0.82 2918
0.82 2917
0.82 2916
0.82 2915
0.82 2914
0.82 2913
0.83 2912
0.83 2911
0.83 2910
0.83 2909
0.83 2908
0.83 2907
0.83 2906
0.83 2905
0.83 2904
0.83 2903
0.83 2902
0.83 2901
0.83 2900
0.83 2899
0.83 2898
0.83 2897
0.83 2896
0.83 2895
0.83 2894
0.84 2893
0.84 2892
0.85 2891
0.85 2890
0.85 2889
0.85 2888
0.85 2887
0.85 2886
0.85 2885
0.85 2884
0.85 2883
0.85 2882
0.85 2881
0.85 2880
0.85 2879
0.85 2878
0.85 2877
0.85 2876
0.86 2875
0.86 2874
0.86 2873
0.86 2872
0.86 2871
0.86 2870
0.87 2869
0.87 2868
0.87 2867
0.87 2866
0.87 2865
0.87 2864
0.87 2863
0.87 2862
0.87 2861
0.87 2860
0.87 2859
0.87 2858
0.87 2857
0.88 2856
0.88 2855
0.88 2854
0.88 2853
0.88 2852
0.88 2851
0.88 2850
0.88 2849
0.88 2848
0.88 2847
0.89 2846
0.89 2845
0.89 2844
0.89 2843
0.89 2842
0.89 2841
0.89 2840
0.89 2839
0.89 2838
0.89 2837
0.89 2836
0.89 2835
0.89 2834
0.90 2833
0.90 2832
0.90 2831
0.90 2830
0.90 2829
0.90 2828
0.90 2827
0.90 2826
0.90 2825
0.90 2824
0.90 2823
0.90 2822
0.90 2821
0.90 2820
0.91 2819
0.91 2818
0.91 2817
0.91 2816
0.91 2815
0.91 2814
0.91 2813
0.91 2812
0.91 2811
0.91 2810
0.91 2809
0.91 2808
0.91 2807
0.91 2806
0.91 2805
0.91 2804
0.91 2803
0.91 2802
0.91 2801
0.91 2800
0.91 2799
0.91 2798
0.91 2797
0.91 2796
0.91 2795
0.93 2794
0.93 2793
0.93 2792
0.93 2791
0.93 2790
0.93 2789
0.93 2788
0.93 2787
0.93 2786
0.93 2785
0.93 2784
0.93 2783
0.93 2782
0.93 2781
0.93 2780
0.93 2779
0.94 2778
0.94 2777
0.95 2776
0.95 2775
0.95 2774
0.95 2773
0.95 2772
0.95 2771
0.95 2770
0.95 2769
0.95 2768
0.95 2767
0.95 2766
0.95 2765
0.95 2764
0.95 2763
0.95 2762
0.95 2761
0.95 2760
0.95 2759
0.95 2758
0.95 2757
0.95 2756
0.96 2755
0.96 2754
0.96 2753
0.96 2752
0.96 2751
0.96 2750
0.96 2749
0.96 2748
0.96 2747
0.96 2746
0.96 2745
0.96 2744
0.96 2743
0.96 2742
0.96 2741
0.96 2740
0.96 2739
0.96 2738
0.96 2737
0.96 2736
0.98 2735
0.98 2734
0.98 2733
0.98 2732
0.98 2731
0.98 2730
0.98 2729
0.98 2728
0.98 2727
0.98 2726
0.99 2725
0.99 2724
0.99 2723
0.99 2722
0.99 2721
0.99 2720
0.99 2719
0.99 2718
0.99 2717
0.99 2716
1.00 2715
1.00 2714
1.00 2713
1.00 2712
1.00 2711
1.00 2710
1.00 2709
1.00 2708
1.00 2707
1.00 2706
1.00 2705
1.00 2704
1.00 2703
1.00 2702
1.00 2701
1.00 2700
1.00 2699
1.00 2698
1.00 2697
1.00 2696
1.01 2695
1.01 2694
1.01 2693
1.01 2692
1.01 2691
1.01 2690
1.01 2689
1.01 2688
1.01 2687
1.01 2686
1.01 2685
1.01 2684
1.01 2683
1.01 2682
1.01 2681
1.01 2680
1.01 2679
1.01 2678
1.01 2677
1.01 2676
1.01 2675
1.03 2674
1.03 2673
1.03 2672
1.03 2671
1.03 2670
1.03 2669
1.03 2668
1.03 2667
1.03 2666
1.03 2665
1.03 2664
1.03 2663
1.03 2662
1.03 2661
1.03 2660
1.03 2659
1.04 2658
1.04 2657
1.04 2656
1.05 2655
1.05 2654
1.05 2653
1.05 2652
1.05 2651
1.05 2650
1.05 2649
1.05 2648
1.05 2647
1.05 2646
1.05 2645
1.05 2644
1.05 2643
1.05 2642
1.05 2641
1.06 2640
1.06 2639
1.06 2638
1.06 2637
1.06 2636
1.06 2635
1.06 2634
1.06 2633
1.06 2632
1.06 2631
1.06 2630
1.06 2629
1.06 2628
1.06 2627
1.06 2626
1.06 2625
1.06 2624
1.06 2623
1.06 2622
1.08 2621
1.08 2620
1.08 2619
1.08 2618
1.08 2617
1.08 2616
1.08 2615
1.08 2614
1.08 2613
1.09 2612
1.09 2611
1.09 2610
1.09 2609
1.09 2608
1.09 2607
1.09 2606
1.09 2605
1.09 2604
1.09 2603
1.09 2602
1.09 2601
1.09 2600
1.10 2599
1.10 2598
1.10 2597
1.10 2596
1.10 2595
1.10 2594
1.10 2593
1.10 2592
1.10 2591
1.10 2590
1.10 2589
1.10 2588
1.10 2587
1.10 2586
1.10 2585
1.10 2584
1.10 2583
1.10 2582
1.10 2581
1.10 2580
1.10 2579
1.10 2578
1.11 2577
1.11 2576
1.11 2575
1.11 2574
1.11 2573
1.11 2572
1.11 2571
1.12 2570
1.12 2569
1.12 2568
1.12 2567
1.12 2566
1.12 2565
1.12 2564
1.12 2563
1.12 2562
1.12 2561
1.12 2560
1.12 2559
1.12 2558
1.12 2557
1.12 2556
1.13 2555
1.13 2554
1.13 2553
1.13 2552
1.13 2551
1.13 2550
1.13 2549
1.13 2548
1.13 2547
1.14 2546
1.14 2545
1.14 2544
1.14 2543
1.14 2542
1.14 2541
1.14 2540
1.14 2539
1.14 2538
1.15 2537
1.15 2536
1.15 2535
1.15 2534
1.15 2533
1.15 2532
1.15 2531
1.15 2530
1.15 2529
1.15 2528
1.15 2527
1.16 2526
1.16 2525
1.16 2524
1.16 2523
1.16 2522
1.16 2521
1.16 2520
1.16 2519
1.16 2518
1.16 2517
1.16 2516
1.16 2515
1.17 2514
1.17 2513
1.17 2512
1.17 2511
1.17 2510
1.17 2509
1.17 2508
1.17 2507
1.17 2506
1.17 2505
1.17 2504
1.17 2503
1.17 2502
1.18 2501
1.18 2500
1.18 2499
1.18 2498
1.18 2497
1.18 2496
1.18 2495
1.18 2494
1.18 2493
1.18 2492
1.18 2491
1.18 2490
1.19 2489
1.19 2488
1.19 2487
1.19 2486
1.19 2485
1.19 2484
1.19 2483
1.19 2482
1.19 2481
1.19 2480
1.19 2479
1.19 2478
1.19 2477
1.20 2476
1.20 2475
1.20 2474
1.20 2473
1.20 2472
1.20 2471
1.20 2470
1.20 2469
1.20 2468
1.20 2467
1.20 2466
1.20 2465
1.20 2464
1.20 2463
1.20 2462
1.21 2461
1.21 2460
1.21 2459
1.21 2458
1.21 2457
1.22 2456
1.22 2455
1.22 2454
1.22 2453
1.22 2452
1.22 2451
1.22 2450
1.22 2449
1.22 2448
1.22 2447
1.22 2446
1.22 2445
1.22 2444
1.22 2443
1.22 2442
1.23 2441
1.23 2440
1.23 2439
1.23 2438
1.23 2437
1.23 2436
1.23 2435
1.23 2434
1.23 2433
1.23 2432
1.23 2431
1.23 2430
1.23 2429
1.23 2428
1.23 2427
1.23 2426
1.23 2425
1.24 2424
1.25 2423
1.25 2422
1.25 2421
1.25 2420
1.25 2419
1.25 2418
1.25 2417
1.25 2416
1.25 2415
1.25 2414
1.25 2413
1.25 2412
1.25 2411
1.25 2410
1.25 2409
1.25 2408
1.25 2407
1.25 2406
1.25 2405
1.26 2404
1.26 2403
1.26 2402
1.26 2401
1.26 2400
1.26 2399
1.26 2398
1.26 2397
1.26 2396
1.26 2395
1.26 2394
1.26 2393
1.26 2392
1.26 2391
1.26 2390
1.26 2389
1.26 2388
1.26 2387
1.26 2386
1.26 2385
1.28 2384
1.28 2383
1.28 2382
1.28 2381
1.28 2380
1.28 2379
1.28 2378
1.28 2377
1.28 2376
1.28 2375
1.28 2374
1.28 2373
1.28 2372
1.29 2371
1.29 2370
1.29 2369
1.29 2368
1.29 2367
1.29 2366
1.29 2365
1.29 2364
1.29 2363
1.29 2362
1.30 2361
1.30 2360
1.30 2359
1.30 2358
1.30 2357
1.30 2356
1.30 2355
1.30 2354
1.30 2353
1.30 2352
1.30 2351
1.30 2350
1.30 2349
1.30 2348
1.30 2347
1.30 2346
1.30 2345
1.30 2344
1.31 2343
1.31 2342
1.31 2341
1.31 2340
1.31 2339
1.31 2338
1.31 2337
1.31 2336
1.31 2335
1.31 2334
1.31 2333
1.31 2332
1.31 2331
1.31 2330
1.31 2329
2.84 2275
2.84 2274
2.84 2273
2.84 2272
2.84 2271
2.84 2270
2.84 2269
2.84 2268
2.84 2267
2.84 2266
2.84 2265
2.84 2264
2.86 2263
2.86 2262
2.86 2261
2.86 2260
2.86 2259
2.86 2258
5.48 2257
5.48 2256
