0.33 1989
0.33 1988
0.33 1987
0.33 1986
0.33 1985
0.33 1984
0.33 1983
0.33 1982
0.33 1981
0.33 1980
0.33 1979
0.33 1978
0.33 1977
0.33 1976
0.33 1975
0.33 1974
0.33 1973
0.33 1972
0.33 1971
0.33 1970
0.33 1969
0.33 1968
0.33 1967
0.33 1966
0.33 1965
0.35 1964
0.35 1963
0.35 1962
0.35 1961
0.35 1960
0.35 1959
0.35 1958
0.35 1957
0.35 1956
0.35 1955
0.35 1954
0.35 1953
0.35 1952
0.35 1951
0.35 1950
0.35 1949
0.35 1948
0.35 1947
0.35 1946
0.35 1945
0.35 1944
0.35 1943
0.36 1942
0.36 1941
0.36 1940
0.37 1939
0.37 1938
0.37 1937
0.37 1936
0.37 1935
0.37 1934
0.37 1933
0.37 1932
0.38 1931
2.67 1930
2.67 1929
2.67 1928
2.67 1927
2.67 1926
