0.03 3735
0.03 3734
0.03 3733
0.03 3732
0.03 3731
0.03 3730
0.03 3729
0.03 3728
0.03 3727
0.03 3726
0.03 3725
0.03 3724
0.05 3723
0.05 3722
0.05 3721
0.05 3720
0.05 3719
0.05 3718
0.05 3717
0.05 3716
0.05 3715
0.05 3714
0.05 3713
0.05 3712
0.05 3711
0.05 3710
0.06 3709
0.06 3708
0.06 3707
0.06 3706
0.06 3705
0.06 3704
0.06 3703
0.06 3702
0.06 3701
0.06 3700
0.06 3699
0.06 3698
0.06 3697
0.06 3696
0.08 3695
0.08 3694
0.08 3693
0.08 3692
0.08 3691
0.08 3690
0.08 3689
0.08 3688
0.08 3687
0.08 3686
0.09 3685
0.09 3684
0.09 3683
0.09 3682
0.09 3681
0.09 3680
0.09 3679
0.09 3678
0.09 3677
0.09 3676
0.09 3675
0.09 3674
0.09 3673
0.09 3672
0.09 3671
0.09 3670
0.09 3669
0.09 3668
0.11 3667
0.11 3666
0.11 3665
0.11 3664
0.11 3663
0.11 3662
0.11 3661
0.11 3660
0.11 3659
0.11 3658
0.11 3657
0.11 3656
0.11 3655
0.11 3654
0.11 3653
0.13 3652
0.13 3651
0.13 3650
0.13 3649
0.13 3648
0.13 3647
0.13 3646
0.13 3645
0.13 3644
0.13 3643
0.13 3642
0.13 3641
0.13 3640
0.13 3639
0.13 3638
0.14 3637
0.14 3636
0.14 3635
0.14 3634
0.14 3633
0.14 3632
0.14 3631
0.14 3630
0.14 3629
0.14 3628
0.14 3627
0.14 3626
0.14 3625
0.14 3624
0.14 3623
0.16 3622
0.16 3621
0.16 3620
0.16 3619
0.16 3618
0.16 3617
0.16 3616
0.16 3615
0.16 3614
0.16 3613
0.16 3612
0.16 3611
0.16 3610
0.17 3609
0.17 3608
0.17 3607
0.17 3606
0.17 3605
0.17 3604
0.17 3603
0.17 3602
0.17 3601
0.17 3600
0.17 3599
0.17 3598
0.17 3597
0.19 3596
0.19 3595
0.19 3594
0.19 3593
0.19 3592
0.19 3591
0.19 3590
0.19 3589
0.19 3588
0.19 3587
0.19 3586
0.19 3585
0.19 3584
0.19 3583
0.19 3582
0.21 3581
0.21 3580
0.21 3579
0.21 3578
0.21 3577
0.21 3576
0.21 3575
0.21 3574
0.21 3573
0.21 3572
0.21 3571
0.21 3570
0.21 3569
0.21 3568
0.21 3567
0.22 3566
0.22 3565
0.22 3564
0.22 3563
0.22 3562
0.22 3561
0.22 3560
0.22 3559
0.22 3558
0.22 3557
0.22 3556
0.22 3555
0.22 3554
0.22 3553
0.22 3552
0.24 3551
0.24 3550
0.24 3549
0.24 3548
0.24 3547
0.24 3546
0.24 3545
0.24 3544
0.24 3543
0.24 3542
0.24 3541
0.24 3540
0.24 3539
0.24 3538
0.24 3537
0.24 3536
0.25 3535
0.25 3534
0.25 3533
0.25 3532
0.25 3531
0.25 3530
0.25 3529
0.25 3528
0.25 3527
0.25 3526
0.25 3525
0.25 3524
0.25 3523
0.25 3522
0.25 3521
0.25 3520
0.27 3519
0.27 3518
0.27 3517
0.27 3516
0.27 3515
0.27 3514
0.27 3513
0.27 3512
0.27 3511
0.27 3510
0.27 3509
0.27 3508
0.27 3507
0.27 3506
0.27 3505
0.27 3504
0.27 3503
0.28 3502
0.28 3501
0.28 3500
0.28 3499
0.28 3498
0.28 3497
0.28 3496
0.29 3495
0.29 3494
0.29 3493
0.29 3492
0.29 3491
0.29 3490
0.29 3489
0.29 3488
0.29 3487
0.29 3486
0.30 3485
0.30 3484
0.30 3483
0.30 3482
0.30 3481
0.30 3480
0.30 3479
0.30 3478
0.30 3477
0.30 3476
0.30 3475
0.30 3474
0.30 3473
0.30 3472
0.30 3471
0.30 3470
0.32 3469
0.32 3468
0.32 3467
0.32 3466
0.32 3465
0.32 3464
0.32 3463
0.32 3462
0.32 3461
0.32 3460
0.32 3459
0.32 3458
0.32 3457
0.32 3456
0.32 3455
0.32 3454
0.32 3453
0.33 3452
0.33 3451
0.33 3450
0.33 3449
0.33 3448
0.33 3447
0.33 3446
0.33 3445
0.33 3444
0.33 3443
0.33 3442
0.33 3441
0.33 3440
0.35 3439
0.35 3438
0.35 3437
0.35 3436
0.35 3435
0.35 3434
0.35 3433
0.35 3432
0.35 3431
0.35 3430
0.35 3429
0.35 3428
0.35 3427
0.35 3426
0.35 3425
0.36 3424
0.36 3423
0.36 3422
0.37 3421
0.37 3420
0.37 3419
0.37 3418
0.37 3417
0.37 3416
0.37 3415
0.37 3414
0.37 3413
0.38 3412
0.38 3411
0.38 3410
0.38 3409
0.38 3408
0.38 3407
0.38 3406
0.38 3405
0.38 3404
0.38 3403
0.38 3402
0.39 3401
0.39 3400
0.39 3399
0.39 3398
0.39 3397
0.39 3396
0.39 3395
0.39 3394
0.39 3393
0.39 3392
0.40 3391
0.40 3390
0.40 3389
0.40 3388
0.40 3387
0.40 3386
0.40 3385
0.40 3384
0.40 3383
0.40 3382
0.40 3381
0.40 3380
0.40 3379
0.40 3378
0.40 3377
0.40 3376
0.40 3375
0.40 3374
0.40 3373
0.40 3372
0.41 3371
0.41 3370
0.41 3369
0.41 3368
0.41 3367
0.41 3366
0.41 3365
0.41 3364
0.41 3363
0.41 3362
0.41 3361
0.41 3360
0.41 3359
0.41 3358
0.41 3357
0.41 3356
0.41 3355
0.43 3354
0.43 3353
0.43 3352
0.43 3351
0.43 3350
0.43 3349
0.43 3348
0.43 3347
0.43 3346
0.43 3345
0.43 3344
0.44 3343
0.44 3342
0.44 3341
0.44 3340
0.44 3339
0.44 3338
0.45 3337
0.45 3336
0.45 3335
0.45 3334
0.45 3333
0.45 3332
0.45 3331
0.45 3330
0.45 3329
0.45 3328
0.45 3327
0.46 3326
0.46 3325
0.46 3324
0.46 3323
0.46 3322
0.46 3321
0.46 3320
0.46 3319
0.46 3318
0.46 3317
0.46 3316
0.47 3315
0.47 3314
0.47 3313
0.47 3312
0.47 3311
0.47 3310
0.47 3309
0.47 3308
0.47 3307
0.47 3306
0.47 3305
0.47 3304
0.47 3303
0.48 3302
0.48 3301
0.48 3300
0.48 3299
0.48 3298
0.48 3297
0.48 3296
0.48 3295
0.48 3294
0.48 3293
0.48 3292
0.48 3291
0.48 3290
0.48 3289
0.48 3288
0.48 3287
0.48 3286
0.49 3285
0.49 3284
0.49 3283
0.49 3282
0.49 3281
0.49 3280
0.49 3279
0.49 3278
0.49 3277
0.49 3276
0.49 3275
0.49 3274
0.49 3273
0.49 3272
0.49 3271
0.49 3270
0.49 3269
0.51 3268
0.51 3267
0.51 3266
0.51 3265
0.51 3264
0.51 3263
0.51 3262
0.51 3261
0.51 3260
0.51 3259
0.51 3258
0.51 3257
0.51 3256
0.51 3255
0.51 3254
0.51 3253
0.52 3252
0.52 3251
0.52 3250
0.52 3249
0.52 3248
0.52 3247
0.52 3246
0.52 3245
0.52 3244
0.52 3243
0.52 3242
0.52 3241
0.52 3240
0.52 3239
0.52 3238
0.52 3237
0.52 3236
0.54 3235
0.54 3234
0.54 3233
0.54 3232
0.54 3231
0.54 3230
0.54 3229
0.54 3228
0.54 3227
0.54 3226
0.54 3225
0.54 3224
0.54 3223
0.54 3222
0.54 3221
0.54 3220
0.54 3219
0.56 3218
0.56 3217
0.56 3216
0.56 3215
0.56 3214
0.56 3213
0.56 3212
0.56 3211
0.56 3210
0.56 3209
0.56 3208
0.56 3207
0.56 3206
0.56 3205
0.56 3204
0.56 3203
0.56 3202
0.56 3201
0.56 3200
0.57 3199
0.57 3198
0.57 3197
0.57 3196
0.57 3195
0.57 3194
0.57 3193
0.57 3192
0.57 3191
0.57 3190
0.57 3189
0.57 3188
0.57 3187
0.57 3186
0.57 3185
0.57 3184
0.57 3183
0.59 3182
0.59 3181
0.59 3180
0.59 3179
0.59 3178
0.59 3177
0.59 3176
0.59 3175
0.59 3174
0.59 3173
0.59 3172
0.59 3171
0.59 3170
0.59 3169
0.59 3168
0.59 3167
0.59 3166
0.59 3165
0.59 3164
0.59 3163
0.60 3162
0.60 3161
0.60 3160
0.60 3159
0.60 3158
0.60 3157
0.60 3156
0.60 3155
0.60 3154
0.60 3153
0.60 3152
0.60 3151
0.60 3150
0.60 3149
0.60 3148
0.60 3147
0.62 3146
0.62 3145
0.62 3144
0.62 3143
0.62 3142
0.62 3141
0.62 3140
0.62 3139
0.62 3138
0.62 3137
0.62 3136
0.62 3135
0.62 3134
0.62 3133
0.62 3132
0.62 3131
0.62 3130
0.63 3129
0.63 3128
0.63 3127
0.63 3126
0.63 3125
0.63 3124
0.63 3123
0.63 3122
0.63 3121
0.63 3120
0.63 3119
0.63 3118
0.63 3117
0.63 3116
0.63 3115
0.63 3114
0.63 3113
0.63 3112
0.63 3111
0.63 3110
0.65 3109
0.65 3108
0.65 3107
0.65 3106
0.65 3105
0.65 3104
0.65 3103
0.65 3102
0.65 3101
0.65 3100
0.65 3099
0.65 3098
0.65 3097
0.65 3096
0.65 3095
0.65 3094
0.65 3093
0.65 3092
0.65 3091
0.67 3090
0.67 3089
0.67 3088
0.67 3087
0.67 3086
0.67 3085
0.67 3084
0.67 3083
0.67 3082
0.67 3081
0.67 3080
0.67 3079
0.67 3078
0.67 3077
0.67 3076
0.67 3075
0.67 3074
0.67 3073
0.67 3072
0.68 3071
0.68 3070
0.68 3069
0.68 3068
0.68 3067
0.68 3066
0.68 3065
0.68 3064
0.68 3063
0.68 3062
0.68 3061
0.68 3060
0.69 3059
0.69 3058
0.69 3057
0.69 3056
0.69 3055
0.69 3054
0.69 3053
0.69 3052
0.70 3051
0.70 3050
0.70 3049
0.70 3048
0.70 3047
0.70 3046
0.70 3045
0.70 3044
0.70 3043
0.70 3042
0.70 3041
0.70 3040
0.70 3039
0.70 3038
0.70 3037
0.70 3036
0.70 3035
0.70 3034
0.70 3033
0.71 3032
0.71 3031
0.71 3030
0.71 3029
0.71 3028
0.71 3027
0.71 3026
0.71 3025
0.71 3024
0.71 3023
0.71 3022
0.71 3021
0.71 3020
0.71 3019
0.71 3018
0.71 3017
0.71 3016
0.71 3015
0.71 3014
0.71 3013
0.73 3012
0.73 3011
0.73 3010
0.73 3009
0.73 3008
0.73 3007
0.73 3006
0.73 3005
0.73 3004
0.73 3003
0.73 3002
0.73 3001
0.73 3000
0.73 2999
0.74 2998
0.74 2997
0.74 2996
0.74 2995
0.74 2994
0.74 2993
0.74 2992
0.74 2991
0.74 2990
0.74 2989
0.74 2988
0.74 2987
0.74 2986
0.74 2985
0.74 2984
0.74 2983
0.74 2982
0.76 2981
0.76 2980
0.76 2979
0.76 2978
0.76 2977
0.76 2976
0.76 2975
0.76 2974
0.76 2973
0.76 2972
0.76 2971
0.76 2970
0.76 2969
0.76 2968
0.76 2967
0.76 2966
0.76 2965
0.76 2964
0.76 2963
0.78 2962
0.78 2961
0.78 2960
0.78 2959
0.78 2958
0.78 2957
0.78 2956
0.78 2955
0.78 2954
0.78 2953
0.78 2952
0.78 2951
0.78 2950
0.78 2949
0.78 2948
0.78 2947
0.78 2946
0.79 2945
0.79 2944
0.79 2943
0.79 2942
0.79 2941
0.79 2940
0.79 2939
0.79 2938
0.79 2937
0.79 2936
0.79 2935
0.79 2934
0.79 2933
0.79 2932
0.79 2931
0.79 2930
0.79 2929
0.79 2928
0.81 2927
0.81 2926
0.81 2925
0.81 2924
0.81 2923
0.81 2922
0.81 2921
0.81 2920
0.81 2919
0.81 2918
0.81 2917
0.81 2916
0.81 2915
0.81 2914
0.81 2913
0.81 2912
0.81 2911
0.81 2910
0.81 2909
0.81 2908
0.81 2907
0.82 2906
0.82 2905
0.82 2904
0.82 2903
0.82 2902
0.82 2901
0.82 2900
0.82 2899
0.82 2898
0.82 2897
0.82 2896
0.82 2895
0.82 2894
0.82 2893
0.82 2892
0.82 2891
0.82 2890
0.82 2889
0.82 2888
0.82 2887
0.84 2886
0.84 2885
0.84 2884
0.84 2883
0.84 2882
0.84 2881
0.84 2880
0.84 2879
0.84 2878
0.84 2877
0.84 2876
0.84 2875
0.84 2874
0.84 2873
0.84 2872
0.84 2871
0.84 2870
0.84 2869
0.84 2868
0.84 2867
0.84 2866
0.85 2865
0.85 2864
0.85 2863
0.85 2862
0.85 2861
0.85 2860
0.85 2859
0.85 2858
0.85 2857
0.85 2856
0.85 2855
0.85 2854
0.85 2853
0.85 2852
0.85 2851
0.85 2850
0.85 2849
0.85 2848
0.85 2847
0.85 2846
0.85 2845
0.85 2844
0.87 2843
0.87 2842
0.87 2841
0.87 2840
0.87 2839
0.87 2838
0.87 2837
0.87 2836
0.87 2835
0.87 2834
0.87 2833
0.87 2832
0.87 2831
0.87 2830
0.87 2829
0.87 2828
0.87 2827
0.87 2826
0.87 2825
0.87 2824
0.87 2823
0.87 2822
0.89 2821
0.89 2820
0.89 2819
0.89 2818
0.89 2817
0.89 2816
0.89 2815
0.89 2814
0.89 2813
0.89 2812
0.89 2811
0.89 2810
0.89 2809
0.89 2808
0.89 2807
0.89 2806
0.89 2805
0.89 2804
0.89 2803
0.89 2802
0.89 2801
0.89 2800
0.89 2799
0.90 2798
0.90 2797
0.90 2796
0.90 2795
0.90 2794
0.90 2793
0.90 2792
0.90 2791
0.90 2790
0.90 2789
0.90 2788
0.90 2787
0.90 2786
0.92 2785
0.92 2784
0.92 2783
0.92 2782
0.92 2781
0.92 2780
0.92 2779
0.92 2778
0.92 2777
0.92 2776
0.92 2775
0.92 2774
0.92 2773
0.92 2772
0.92 2771
0.92 2770
0.92 2769
0.92 2768
0.92 2767
0.93 2766
0.93 2765
0.93 2764
0.93 2763
0.93 2762
0.93 2761
0.93 2760
0.93 2759
0.93 2758
0.93 2757
0.93 2756
0.93 2755
0.93 2754
0.93 2753
0.93 2752
0.93 2751
0.93 2750
0.93 2749
0.93 2748
0.95 2747
0.95 2746
0.95 2745
0.95 2744
0.95 2743
0.95 2742
0.95 2741
0.95 2740
0.95 2739
0.95 2738
0.95 2737
0.95 2736
0.95 2735
0.95 2734
0.95 2733
0.95 2732
0.95 2731
0.95 2730
0.95 2729
0.95 2728
0.97 2727
0.97 2726
0.97 2725
0.97 2724
0.97 2723
0.97 2722
0.97 2721
0.97 2720
0.97 2719
0.97 2718
0.97 2717
0.97 2716
0.97 2715
0.97 2714
0.97 2713
0.97 2712
0.97 2711
0.97 2710
0.97 2709
0.97 2708
0.98 2707
0.98 2706
0.98 2705
0.98 2704
0.98 2703
0.98 2702
0.98 2701
0.98 2700
0.98 2699
0.98 2698
0.98 2697
0.98 2696
0.98 2695
0.99 2694
0.99 2693
0.99 2692
0.99 2691
0.99 2690
0.99 2689
1.00 2688
1.00 2687
1.00 2686
1.00 2685
1.00 2684
1.00 2683
1.00 2682
1.00 2681
1.00 2680
1.00 2679
1.00 2678
1.00 2677
1.00 2676
1.00 2675
1.00 2674
1.00 2673
1.00 2672
1.00 2671
1.00 2670
1.00 2669
1.01 2668
1.01 2667
1.01 2666
1.01 2665
1.01 2664
1.01 2663
1.01 2662
1.01 2661
1.01 2660
1.01 2659
1.01 2658
1.01 2657
1.01 2656
1.01 2655
1.01 2654
1.01 2653
1.01 2652
1.01 2651
1.01 2650
1.01 2649
1.03 2648
1.03 2647
1.03 2646
1.03 2645
1.03 2644
1.03 2643
1.03 2642
1.03 2641
1.03 2640
1.03 2639
1.03 2638
1.03 2637
1.03 2636
1.03 2635
1.03 2634
1.03 2633
1.03 2632
1.03 2631
1.03 2630
1.03 2629
1.04 2628
1.04 2627
1.04 2626
1.04 2625
1.04 2624
1.04 2623
1.04 2622
1.04 2621
1.04 2620
1.04 2619
1.04 2618
1.04 2617
1.04 2616
1.04 2615
1.04 2614
1.04 2613
1.04 2612
1.04 2611
1.04 2610
1.04 2609
1.04 2608
1.06 2607
1.06 2606
1.06 2605
1.06 2604
1.06 2603
1.06 2602
1.06 2601
1.06 2600
1.06 2599
1.06 2598
1.06 2597
1.06 2596
1.06 2595
1.06 2594
1.06 2593
1.06 2592
1.06 2591
1.06 2590
1.06 2589
1.06 2588
1.08 2587
1.08 2586
1.08 2585
1.08 2584
1.08 2583
1.08 2582
1.08 2581
1.08 2580
1.08 2579
1.08 2578
1.08 2577
1.08 2576
1.08 2575
1.08 2574
1.08 2573
1.08 2572
1.08 2571
1.08 2570
1.08 2569
1.08 2568
1.08 2567
1.08 2566
1.08 2565
1.09 2564
1.09 2563
1.09 2562
1.09 2561
1.09 2560
1.09 2559
1.09 2558
1.09 2557
1.09 2556
1.09 2555
1.09 2554
1.09 2553
1.09 2552
1.09 2551
1.09 2550
1.09 2549
1.09 2548
1.09 2547
1.09 2546
1.09 2545
1.09 2544
1.09 2543
1.11 2542
1.11 2541
1.11 2540
1.11 2539
1.11 2538
1.11 2537
1.11 2536
1.11 2535
1.11 2534
1.11 2533
1.11 2532
1.11 2531
1.11 2530
1.11 2529
1.11 2528
1.11 2527
1.11 2526
1.11 2525
1.11 2524
1.11 2523
1.11 2522
1.11 2521
1.11 2520
1.12 2519
1.12 2518
1.12 2517
1.12 2516
1.12 2515
1.12 2514
1.12 2513
1.12 2512
1.12 2511
1.12 2510
1.12 2509
1.12 2508
1.12 2507
1.12 2506
1.12 2505
1.12 2504
1.12 2503
1.12 2502
1.12 2501
1.12 2500
1.12 2499
1.12 2498
1.12 2497
1.14 2496
1.14 2495
1.14 2494
1.14 2493
1.14 2492
1.14 2491
1.14 2490
1.14 2489
1.14 2488
1.14 2487
1.14 2486
1.14 2485
1.14 2484
1.14 2483
1.14 2482
1.14 2481
1.14 2480
1.14 2479
1.14 2478
1.14 2477
1.14 2476
1.14 2475
1.15 2474
1.15 2473
1.15 2472
1.15 2471
1.15 2470
1.15 2469
1.15 2468
1.15 2467
1.15 2466
1.15 2465
1.15 2464
1.15 2463
1.15 2462
1.15 2461
1.15 2460
1.15 2459
1.15 2458
1.15 2457
1.15 2456
1.15 2455
1.15 2454
1.15 2453
1.15 2452
1.17 2451
1.17 2450
1.17 2449
1.17 2448
1.17 2447
1.17 2446
1.17 2445
1.17 2444
1.17 2443
1.17 2442
1.17 2441
1.17 2440
1.17 2439
1.17 2438
1.17 2437
1.17 2436
1.19 2435
1.19 2434
1.19 2433
1.19 2432
1.19 2431
1.19 2430
1.19 2429
1.19 2428
1.19 2427
1.19 2426
1.19 2425
1.19 2424
1.19 2423
1.19 2422
1.19 2421
1.19 2420
1.19 2419
1.19 2418
1.19 2417
1.19 2416
1.20 2415
1.20 2414
1.20 2413
1.20 2412
1.20 2411
1.20 2410
1.20 2409
1.20 2408
1.20 2407
1.20 2406
1.20 2405
1.20 2404
1.20 2403
1.20 2402
1.20 2401
1.20 2400
1.20 2399
1.20 2398
1.20 2397
1.20 2396
1.22 2395
1.22 2394
1.22 2393
1.22 2392
1.22 2391
1.22 2390
1.22 2389
1.22 2388
1.22 2387
1.22 2386
1.22 2385
1.22 2384
1.22 2383
1.22 2382
1.22 2381
1.22 2380
1.22 2379
1.22 2378
1.22 2377
1.22 2376
1.22 2375
1.23 2374
1.23 2373
1.23 2372
1.23 2371
1.23 2370
1.23 2369
1.23 2368
1.23 2367
1.23 2366
1.23 2365
1.23 2364
1.23 2363
1.23 2362
1.23 2361
1.23 2360
1.23 2359
1.23 2358
1.23 2357
1.23 2356
1.23 2355
1.23 2354
1.25 2353
1.25 2352
1.25 2351
1.25 2350
1.25 2349
1.25 2348
1.25 2347
1.25 2346
1.25 2345
1.25 2344
1.25 2343
1.25 2342
1.25 2341
1.25 2340
1.25 2339
1.25 2338
1.25 2337
1.25 2336
1.25 2335
1.25 2334
1.25 2333
1.27 2332
1.27 2331
1.27 2330
1.27 2329
2.62 2278
2.62 2277
2.62 2276
2.62 2275
2.62 2274
2.62 2273
2.62 2272
2.62 2271
2.64 2270
2.64 2269
2.64 2268
2.64 2267
2.64 2266
2.64 2265
2.64 2264
2.64 2263
2.64 2262
2.64 2261
2.64 2260
2.64 2259
2.64 2258
2.64 2257
11.28 2256
