0.96 1499
0.96 1498
0.96 1497
0.96 1496
0.96 1495
0.96 1494
0.96 1493
0.96 1492
0.96 1491
0.96 1490
0.96 1489
0.96 1488
0.96 1487
0.96 1486
0.97 1485
0.97 1484
0.97 1483
0.97 1482
0.97 1481
0.97 1480
0.97 1479
0.97 1478
0.97 1477
0.97 1476
0.97 1475
0.97 1474
0.97 1473
0.97 1472
0.97 1471
0.97 1470
0.97 1469
0.97 1468
0.97 1467
0.97 1466
0.97 1465
0.97 1464
0.99 1463
0.99 1462
0.99 1461
0.99 1460
0.99 1459
0.99 1458
0.99 1457
0.99 1456
1.00 1455
1.00 1454
1.00 1453
1.00 1452
1.00 1451
1.00 1450
1.00 1449
1.00 1448
1.00 1447
1.00 1446
1.00 1445
1.00 1444
3.76 1442
3.76 1441
3.79 1440
3.79 1439
3.80 1438
