0.40 1989
0.41 1988
0.41 1987
0.41 1986
0.41 1985
0.41 1984
0.41 1983
0.41 1982
0.41 1981
0.41 1980
0.41 1979
0.41 1978
0.41 1977
0.41 1976
0.41 1975
0.41 1974
0.41 1973
0.41 1972
0.42 1971
0.42 1970
0.42 1969
0.42 1968
0.42 1967
0.42 1966
0.42 1965
0.42 1964
0.42 1963
0.42 1962
0.42 1961
0.42 1960
0.42 1959
0.42 1958
0.42 1957
0.42 1956
0.42 1955
0.42 1954
0.42 1953
0.42 1952
0.42 1951
0.42 1950
0.42 1949
0.44 1948
0.44 1947
0.44 1946
0.44 1945
0.44 1944
0.44 1943
0.44 1942
0.44 1941
0.44 1940
0.44 1939
0.44 1938
0.44 1937
0.44 1936
0.45 1935
0.45 1934
0.45 1933
0.45 1932
0.46 1931
3.12 1930
3.12 1929
3.12 1928
3.12 1927
3.12 1926
3.14 1925
