0.29 1971
0.29 1970
0.29 1969
0.29 1968
0.29 1967
0.29 1966
0.30 1965
0.30 1964
0.30 1963
0.30 1962
0.30 1961
0.30 1960
0.30 1959
0.30 1958
0.30 1957
0.30 1956
0.30 1955
0.30 1954
0.30 1953
0.30 1952
0.30 1951
0.30 1950
0.30 1949
0.30 1948
0.30 1947
0.30 1946
0.30 1945
0.31 1944
0.31 1943
0.31 1942
0.31 1941
0.31 1940
0.31 1939
0.31 1938
0.31 1937
0.31 1936
0.31 1935
0.31 1934
0.31 1933
0.32 1932
0.32 1931
0.32 1930
0.32 1929
0.32 1928
0.32 1927
0.32 1926
0.32 1925
0.32 1924
0.32 1923
0.32 1922
0.32 1921
0.32 1920
0.32 1919
0.32 1918
0.33 1917
0.33 1916
0.33 1915
0.33 1914
0.33 1913
0.33 1912
0.33 1911
0.33 1910
0.33 1909
0.33 1908
0.33 1907
0.33 1906
0.33 1905
0.33 1904
0.33 1903
0.33 1902
0.33 1901
0.33 1900
0.33 1899
0.33 1898
0.33 1897
0.33 1896
0.33 1895
0.33 1894
0.33 1893
0.33 1892
0.33 1891
0.33 1890
0.33 1889
0.33 1888
0.33 1887
0.34 1886
0.34 1885
0.34 1884
0.34 1883
0.34 1882
0.34 1881
0.34 1880
0.34 1879
0.34 1878
0.34 1877
0.34 1876
0.34 1875
0.34 1874
0.35 1873
0.35 1872
0.35 1871
0.35 1870
0.35 1869
0.35 1868
0.35 1867
0.35 1866
0.35 1865
0.35 1864
0.35 1863
0.35 1862
0.35 1861
0.35 1860
0.35 1859
0.35 1858
0.35 1857
0.35 1856
0.35 1855
0.35 1854
0.36 1853
0.36 1852
0.36 1851
0.36 1850
0.36 1849
0.36 1848
0.36 1847
0.36 1846
0.36 1845
0.36 1844
0.36 1843
0.36 1842
0.36 1841
0.36 1840
0.37 1839
0.37 1838
0.37 1837
0.37 1836
0.37 1835
0.38 1834
0.38 1833
0.38 1832
0.38 1831
0.38 1830
0.38 1829
0.38 1828
0.38 1827
0.38 1826
0.38 1825
0.38 1824
0.38 1823
0.38 1822
0.38 1821
0.38 1820
0.40 1819
0.40 1818
0.40 1817
0.40 1816
0.41 1815
0.41 1814
0.41 1813
0.42 1812
2.38 1811
2.38 1810
2.38 1809
2.38 1808
2.38 1807
2.40 1806
2.40 1805
2.40 1804
2.40 1803
2.41 1802
2.42 1801
5.33 1800
