0.07 5677
0.07 5676
0.07 5675
0.07 5674
0.07 5673
0.08 5672
0.08 5671
0.08 5670
0.08 5669
0.08 5668
0.09 5667
0.09 5666
0.10 5665
0.10 5664
0.10 5663
0.10 5662
0.10 5661
0.10 5660
0.10 5659
0.10 5658
0.11 5657
0.11 5656
0.11 5655
0.11 5654
0.11 5653
0.12 5652
0.12 5651
0.12 5650
0.12 5649
0.12 5648
0.13 5647
0.13 5646
0.13 5645
0.13 5644
0.13 5643
0.14 5642
0.14 5641
0.14 5640
0.15 5639
0.15 5638
0.15 5637
0.15 5636
0.15 5635
0.16 5634
0.16 5633
0.16 5632
0.16 5631
0.17 5630
0.17 5629
0.17 5628
0.17 5627
0.17 5626
0.17 5625
0.18 5624
0.18 5623
0.18 5622
0.18 5621
0.18 5620
0.18 5619
0.18 5618
0.18 5617
0.19 5616
0.19 5615
0.20 5614
0.20 5613
0.20 5612
0.21 5611
0.21 5610
0.21 5609
0.21 5608
0.21 5607
0.22 5606
0.22 5605
0.22 5604
0.22 5603
0.22 5602
0.23 5601
0.23 5600
0.23 5599
0.23 5598
0.23 5597
0.23 5596
0.23 5595
0.24 5594
0.24 5593
0.24 5592
0.25 5591
0.25 5590
0.25 5589
0.25 5588
0.25 5587
0.25 5586
0.25 5585
0.26 5584
0.26 5583
0.26 5582
0.26 5581
0.26 5580
0.26 5579
0.26 5578
0.26 5577
0.26 5576
0.26 5575
0.26 5574
0.27 5573
0.28 5572
0.28 5571
0.28 5570
0.28 5569
0.28 5568
0.28 5567
0.28 5566
0.28 5565
0.28 5564
0.29 5563
0.29 5562
0.30 5561
0.30 5560
0.30 5559
0.30 5558
0.30 5557
0.30 5556
0.30 5555
0.31 5554
0.31 5553
0.31 5552
0.31 5551
0.31 5550
0.31 5549
0.31 5548
0.31 5547
0.32 5546
0.32 5545
0.32 5544
0.32 5543
0.32 5542
0.32 5541
0.32 5540
0.32 5539
0.32 5538
0.32 5537
0.32 5536
0.32 5535
0.32 5534
0.34 5533
0.34 5532
0.34 5531
0.34 5530
0.34 5529
0.34 5528
0.34 5527
0.34 5526
0.34 5525
0.34 5524
0.35 5523
0.35 5522
0.36 5521
0.36 5520
0.36 5519
0.36 5518
0.36 5517
0.36 5516
0.36 5515
0.36 5514
0.37 5513
0.37 5512
0.37 5511
0.37 5510
0.37 5509
0.37 5508
0.38 5507
0.38 5506
0.38 5505
0.38 5504
0.38 5503
0.38 5502
0.38 5501
0.38 5500
0.39 5499
0.39 5498
0.39 5497
0.39 5496
0.39 5495
0.39 5494
0.40 5493
0.40 5492
0.40 5491
0.40 5490
0.40 5489
0.40 5488
0.40 5487
0.40 5486
0.41 5485
0.41 5484
0.41 5483
0.41 5482
0.41 5481
0.41 5480
0.41 5479
0.42 5478
0.42 5477
0.42 5476
0.42 5475
0.42 5474
0.42 5473
0.42 5472
0.43 5471
0.43 5470
0.43 5469
0.43 5468
0.43 5467
0.43 5466
0.43 5465
0.43 5464
0.44 5463
0.44 5462
0.44 5461
0.44 5460
0.44 5459
0.44 5458
0.44 5457
0.45 5456
0.45 5455
0.45 5454
0.45 5453
0.45 5452
0.45 5451
0.45 5450
0.46 5449
0.46 5448
0.46 5447
0.46 5446
0.46 5445
0.46 5444
0.46 5443
0.47 5442
0.47 5441
0.47 5440
0.47 5439
0.47 5438
0.47 5437
0.48 5436
0.48 5435
0.48 5434
0.48 5433
0.48 5432
0.48 5431
0.49 5430
0.49 5429
0.49 5428
0.49 5427
0.49 5426
0.49 5425
0.49 5424
0.49 5423
0.50 5422
0.50 5421
0.50 5420
0.50 5419
0.50 5418
0.50 5417
0.50 5416
0.50 5415
0.51 5414
0.51 5413
0.51 5412
0.51 5411
0.51 5410
0.51 5409
0.51 5408
0.52 5407
0.52 5406
0.52 5405
0.52 5404
0.52 5403
0.52 5402
0.53 5401
0.53 5400
0.53 5399
0.53 5398
0.53 5397
0.53 5396
0.53 5395
0.53 5394
0.53 5393
0.53 5392
0.53 5391
0.53 5390
0.53 5389
0.55 5388
0.55 5387
0.55 5386
0.55 5385
0.55 5384
0.55 5383
0.56 5382
0.56 5381
0.56 5380
0.56 5379
0.56 5378
0.56 5377
0.57 5376
0.57 5375
0.57 5374
0.57 5373
0.57 5372
0.57 5371
0.58 5370
0.58 5369
0.58 5368
0.58 5367
0.58 5366
0.58 5365
0.58 5364
0.59 5363
0.59 5362
0.59 5361
0.59 5360
0.59 5359
0.59 5358
0.59 5357
0.60 5356
0.60 5355
0.60 5354
0.60 5353
0.60 5352
0.60 5351
0.61 5350
0.61 5349
0.61 5348
0.61 5347
0.61 5346
0.61 5345
0.61 5344
0.61 5343
0.62 5342
0.62 5341
0.62 5340
0.62 5339
0.62 5338
0.62 5337
0.62 5336
0.63 5335
0.63 5334
0.63 5333
0.63 5332
0.63 5331
0.63 5330
0.64 5329
0.64 5328
0.64 5327
0.64 5326
0.64 5325
0.64 5324
0.64 5323
0.65 5322
0.65 5321
0.65 5320
0.65 5319
0.65 5318
0.65 5317
0.65 5316
0.65 5315
0.66 5314
0.66 5313
0.66 5312
0.66 5311
0.66 5310
0.66 5309
0.66 5308
0.67 5307
0.67 5306
0.67 5305
0.67 5304
0.67 5303
0.67 5302
0.67 5301
0.68 5300
0.68 5299
0.68 5298
0.68 5297
0.68 5296
0.68 5295
0.68 5294
0.69 5293
0.69 5292
0.69 5291
0.69 5290
0.69 5289
0.69 5288
0.70 5287
0.70 5286
0.70 5285
0.70 5284
0.70 5283
0.70 5282
0.70 5281
0.71 5280
0.71 5279
0.71 5278
0.71 5277
0.71 5276
0.71 5275
0.71 5274
0.72 5273
0.72 5272
0.72 5271
0.72 5270
0.72 5269
0.72 5268
0.72 5267
0.73 5266
0.73 5265
0.73 5264
0.73 5263
0.73 5262
0.73 5261
0.73 5260
0.74 5259
0.74 5258
0.74 5257
0.74 5256
0.74 5255
0.74 5254
0.75 5253
0.75 5252
0.75 5251
0.75 5250
0.75 5249
0.75 5248
0.75 5247
0.75 5246
0.76 5245
0.76 5244
0.76 5243
0.76 5242
0.76 5241
0.76 5240
0.76 5239
0.76 5238
0.77 5237
0.77 5236
0.77 5235
0.77 5234
0.77 5233
0.77 5232
0.78 5231
0.78 5230
0.78 5229
0.78 5228
0.78 5227
0.78 5226
0.78 5225
0.78 5224
0.79 5223
0.79 5222
0.79 5221
0.79 5220
0.79 5219
0.79 5218
0.79 5217
0.80 5216
0.80 5215
0.80 5214
0.80 5213
0.80 5212
0.81 5211
0.81 5210
0.81 5209
0.81 5208
0.81 5207
0.81 5206
0.81 5205
0.81 5204
0.81 5203
0.81 5202
0.81 5201
0.81 5200
0.81 5199
0.81 5198
0.81 5197
0.81 5196
0.83 5195
0.83 5194
0.83 5193
0.83 5192
0.83 5191
0.83 5190
0.83 5189
0.83 5188
0.83 5187
0.83 5186
0.83 5185
0.83 5184
0.85 5183
0.85 5182
0.85 5181
0.85 5180
0.85 5179
0.85 5178
0.85 5177
0.86 5176
0.86 5175
0.86 5174
0.86 5173
0.87 5172
0.87 5171
0.87 5170
0.87 5169
0.87 5168
0.88 5167
0.88 5166
0.88 5165
0.88 5164
0.88 5163
0.88 5162
0.88 5161
0.88 5160
0.88 5159
0.88 5158
0.88 5157
0.88 5156
0.89 5155
0.89 5154
0.89 5153
0.90 5152
0.90 5151
0.90 5150
0.90 5149
0.90 5148
0.90 5147
0.90 5146
0.90 5145
0.90 5144
0.91 5143
0.91 5142
0.91 5141
0.91 5140
0.91 5139
0.91 5138
0.91 5137
0.91 5136
0.91 5135
0.91 5134
0.91 5133
0.91 5132
0.92 5131
0.92 5130
0.92 5129
0.92 5128
0.92 5127
0.92 5126
0.92 5125
0.92 5124
0.92 5123
0.92 5122
0.92 5121
0.92 5120
0.92 5119
0.94 5118
0.94 5117
0.94 5116
0.94 5115
0.94 5114
0.94 5113
0.94 5112
0.94 5111
0.94 5110
0.94 5109
0.94 5108
0.94 5107
0.96 5106
0.96 5105
0.96 5104
0.96 5103
0.96 5102
0.96 5101
0.96 5100
0.96 5099
0.96 5098
0.96 5097
0.96 5096
0.97 5095
0.97 5094
0.97 5093
0.97 5092
0.97 5091
0.97 5090
0.97 5089
0.97 5088
0.98 5087
0.98 5086
0.98 5085
0.98 5084
0.98 5083
0.99 5082
0.99 5081
0.99 5080
0.99 5079
0.99 5078
0.99 5077
0.99 5076
0.99 5075
1.00 5074
1.00 5073
1.00 5072
1.00 5071
1.00 5070
1.00 5069
1.00 5068
1.00 5067
1.00 5066
1.00 5065
1.00 5064
1.00 5063
1.00 5062
1.01 5061
1.01 5060
1.01 5059
1.02 5058
1.02 5057
1.02 5056
1.02 5055
1.02 5054
1.02 5053
1.02 5052
1.02 5051
1.02 5050
1.03 5049
1.03 5048
1.03 5047
1.03 5046
1.03 5045
1.03 5044
1.04 5043
1.04 5042
1.04 5041
1.04 5040
1.04 5039
1.04 5038
1.04 5037
1.04 5036
1.04 5035
1.04 5034
1.05 5033
1.05 5032
1.05 5031
1.05 5030
1.05 5029
1.05 5028
1.05 5027
1.05 5026
1.06 5025
1.06 5024
1.06 5023
1.06 5022
1.06 5021
1.06 5020
1.06 5019
1.06 5018
1.06 5017
1.07 5016
1.07 5015
1.07 5014
1.07 5013
1.07 5012
1.07 5011
1.07 5010
1.07 5009
1.08 5008
1.08 5007
1.08 5006
1.08 5005
1.08 5004
1.08 5003
1.08 5002
1.08 5001
1.09 5000
1.09 4999
1.09 4998
1.09 4997
1.09 4996
1.09 4995
1.09 4994
1.09 4993
1.09 4992
1.10 4991
1.10 4990
1.10 4989
1.10 4988
1.10 4987
1.10 4986
1.10 4985
1.10 4984
1.10 4983
1.11 4982
1.11 4981
1.11 4980
1.11 4979
1.11 4978
1.11 4977
1.11 4976
1.11 4975
1.12 4974
1.12 4973
1.12 4972
1.12 4971
1.12 4970
1.12 4969
1.12 4968
1.12 4967
1.12 4966
1.13 4965
1.13 4964
1.13 4963
1.13 4962
1.13 4961
1.13 4960
1.13 4959
1.13 4958
1.14 4957
1.14 4956
1.14 4955
1.14 4954
1.14 4953
1.14 4952
1.14 4951
1.14 4950
1.15 4949
1.15 4948
1.15 4947
1.15 4946
1.15 4945
1.15 4944
1.15 4943
1.15 4942
1.15 4941
1.16 4940
1.16 4939
1.16 4938
1.16 4937
1.16 4936
1.16 4935
1.16 4934
1.16 4933
1.17 4932
1.17 4931
1.17 4930
1.17 4929
1.17 4928
1.17 4927
1.18 4926
1.18 4925
1.18 4924
1.18 4923
1.18 4922
1.18 4921
1.18 4920
1.18 4919
1.18 4918
1.18 4917
1.18 4916
1.18 4915
1.18 4914
1.19 4913
1.19 4912
1.19 4911
1.19 4910
1.19 4909
1.19 4908
1.19 4907
1.19 4906
1.20 4905
1.20 4904
1.20 4903
1.20 4902
1.20 4901
1.21 4900
1.21 4899
1.21 4898
1.21 4897
1.21 4896
1.21 4895
1.21 4894
1.21 4893
1.21 4892
1.22 4891
1.22 4890
1.22 4889
1.22 4888
1.22 4887
1.22 4886
1.22 4885
1.22 4884
1.22 4883
1.23 4882
1.23 4881
1.23 4880
1.23 4879
1.23 4878
1.23 4877
1.23 4876
1.23 4875
1.23 4874
1.23 4873
1.24 4872
1.24 4871
1.24 4870
1.24 4869
1.24 4868
1.24 4867
1.24 4866
1.24 4865
1.24 4864
1.25 4863
1.25 4862
1.25 4861
1.25 4860
1.25 4859
1.25 4858
1.25 4857
1.25 4856
1.25 4855
1.26 4854
1.26 4853
1.26 4852
1.26 4851
1.26 4850
1.26 4849
1.26 4848
1.26 4847
1.26 4846
1.26 4845
1.27 4844
1.27 4843
1.27 4842
1.27 4841
1.27 4840
1.27 4839
1.27 4838
1.27 4837
1.27 4836
1.28 4835
1.28 4834
1.28 4833
1.28 4832
1.28 4831
1.28 4830
1.28 4829
1.28 4828
1.28 4827
1.28 4826
1.28 4825
1.28 4824
1.28 4823
1.29 4822
1.29 4821
1.29 4820
1.29 4819
1.29 4818
1.29 4817
1.29 4816
1.29 4815
1.30 4814
1.30 4813
1.30 4812
1.30 4811
1.30 4810
1.30 4809
1.31 4808
1.31 4807
1.31 4806
1.31 4805
1.31 4804
1.31 4803
1.31 4802
1.31 4801
1.31 4800
1.31 4799
1.32 4798
1.32 4797
1.32 4796
1.32 4795
1.32 4794
1.32 4793
1.32 4792
1.32 4791
1.32 4790
1.33 4789
1.33 4788
1.33 4787
1.33 4786
1.33 4785
1.33 4784
1.33 4783
1.33 4782
1.33 4781
1.34 4780
1.34 4779
1.34 4778
1.34 4777
1.34 4776
1.34 4775
1.34 4774
1.34 4773
1.35 4772
1.35 4771
1.35 4770
1.35 4769
1.35 4768
1.35 4767
1.35 4766
1.35 4765
1.35 4764
1.36 4763
1.36 4762
1.36 4761
1.36 4760
1.36 4759
1.36 4758
1.36 4757
1.37 4756
1.37 4755
1.37 4754
1.37 4753
1.37 4752
1.37 4751
1.37 4750
1.37 4749
1.37 4748
1.37 4747
1.38 4746
1.38 4745
1.38 4744
1.38 4743
1.38 4742
1.38 4741
1.38 4740
1.38 4739
1.38 4738
1.39 4737
1.39 4736
1.39 4735
1.39 4734
1.39 4733
1.39 4732
1.39 4731
1.39 4730
1.39 4729
1.39 4728
1.39 4727
1.40 4726
1.40 4725
1.40 4724
1.40 4723
1.40 4722
1.40 4721
1.40 4720
1.40 4719
1.40 4718
1.40 4717
1.41 4716
1.41 4715
1.41 4714
1.41 4713
1.41 4712
1.41 4711
1.41 4710
1.41 4709
1.42 4708
1.42 4707
1.42 4706
1.42 4705
1.42 4704
1.42 4703
1.42 4702
1.42 4701
1.42 4700
1.42 4699
1.42 4698
1.43 4697
1.43 4696
1.43 4695
1.43 4694
1.43 4693
1.43 4692
1.43 4691
1.43 4690
1.43 4689
1.44 4688
1.44 4687
1.44 4686
1.44 4685
1.44 4684
1.44 4683
1.44 4682
1.44 4681
1.44 4680
1.45 4679
1.45 4678
1.45 4677
1.45 4676
1.45 4675
1.45 4674
1.45 4673
1.45 4672
1.45 4671
1.45 4670
1.46 4669
1.46 4668
1.46 4667
1.46 4666
1.46 4665
1.46 4664
1.46 4663
1.46 4662
1.46 4661
1.47 4660
1.47 4659
1.47 4658
1.47 4657
1.47 4656
1.47 4655
1.47 4654
1.47 4653
1.47 4652
1.48 4651
1.48 4650
1.48 4649
1.48 4648
1.48 4647
1.48 4646
1.48 4645
1.48 4644
1.48 4643
1.49 4642
1.49 4641
1.49 4640
1.49 4639
1.49 4638
1.49 4637
1.49 4636
1.49 4635
1.49 4634
1.49 4633
1.50 4632
1.50 4631
1.50 4630
1.50 4629
1.50 4628
1.50 4627
1.50 4626
1.50 4625
1.50 4624
1.51 4623
1.51 4622
1.51 4621
1.51 4620
1.51 4619
1.51 4618
1.51 4617
1.51 4616
1.52 4615
1.52 4614
1.52 4613
1.52 4612
1.52 4611
1.52 4610
1.52 4609
1.52 4608
1.52 4607
1.52 4606
1.53 4605
1.53 4604
1.53 4603
1.53 4602
1.53 4601
1.53 4600
1.53 4599
1.53 4598
1.53 4597
1.54 4596
1.54 4595
1.54 4594
1.54 4593
1.54 4592
1.54 4591
1.54 4590
1.54 4589
1.54 4588
1.55 4587
1.55 4586
1.55 4585
1.55 4584
1.55 4583
1.55 4582
1.55 4581
1.55 4580
1.55 4579
1.55 4578
1.55 4577
1.55 4576
1.55 4575
1.56 4574
1.56 4573
1.56 4572
1.56 4571
1.56 4570
1.56 4569
1.56 4568
1.56 4567
1.56 4566
1.56 4565
1.56 4564
1.56 4563
1.56 4562
1.58 4561
1.58 4560
1.58 4559
1.58 4558
1.58 4557
1.58 4556
1.58 4555
1.58 4554
1.58 4553
1.58 4552
1.58 4551
1.58 4550
1.58 4549
1.59 4548
1.59 4547
1.59 4546
1.59 4545
1.60 4544
1.60 4543
1.60 4542
1.60 4541
1.60 4540
1.60 4539
1.60 4538
1.60 4537
1.61 4536
1.61 4535
1.61 4534
1.61 4533
1.61 4532
1.61 4531
1.61 4530
1.61 4529
1.61 4528
1.61 4527
1.62 4526
1.62 4525
1.62 4524
1.62 4523
1.62 4522
1.62 4521
1.62 4520
1.62 4519
1.62 4518
1.62 4517
1.62 4516
1.62 4515
1.62 4514
1.62 4513
1.62 4512
1.62 4511
1.62 4510
1.62 4509
1.62 4508
1.62 4507
1.62 4506
1.64 4505
1.64 4504
1.64 4503
1.64 4502
1.64 4501
1.64 4500
1.64 4499
1.64 4498
1.64 4497
1.64 4496
1.64 4495
1.64 4494
1.64 4493
1.64 4492
1.66 4491
1.66 4490
1.66 4489
1.66 4488
1.66 4487
1.66 4486
1.66 4485
1.66 4484
1.66 4483
1.67 4482
1.67 4481
1.67 4480
1.67 4479
1.67 4478
1.67 4477
1.67 4476
1.67 4475
1.67 4474
1.67 4473
1.68 4472
1.68 4471
1.68 4470
1.68 4469
1.68 4468
1.68 4467
1.68 4466
1.68 4465
1.69 4464
1.69 4463
1.69 4462
1.69 4461
1.69 4460
1.69 4459
1.69 4458
1.69 4457
1.70 4456
1.70 4455
1.70 4454
1.70 4453
1.70 4452
1.70 4451
1.70 4450
1.70 4449
1.70 4448
1.70 4447
1.71 4446
1.71 4445
1.71 4444
1.71 4443
1.71 4442
1.71 4441
1.71 4440
1.71 4439
1.71 4438
1.71 4437
1.72 4436
1.72 4435
1.72 4434
1.72 4433
1.72 4432
1.72 4431
1.72 4430
1.72 4429
1.72 4428
1.73 4427
1.73 4426
1.73 4425
1.73 4424
1.73 4423
1.73 4422
1.73 4421
1.73 4420
1.73 4419
1.74 4418
1.74 4417
1.74 4416
1.74 4415
1.74 4414
1.74 4413
1.74 4412
1.75 4411
1.75 4410
1.75 4409
1.75 4408
1.75 4407
1.75 4406
1.75 4405
1.75 4404
1.76 4403
1.76 4402
1.76 4401
1.76 4400
1.76 4399
1.76 4398
1.76 4397
1.77 4396
1.77 4395
1.77 4394
1.77 4393
1.77 4392
1.77 4391
1.77 4390
1.77 4389
1.78 4388
1.78 4387
1.78 4386
1.78 4385
1.78 4384
1.78 4383
1.78 4382
1.78 4381
1.79 4380
1.79 4379
1.79 4378
1.79 4377
1.79 4376
1.79 4375
1.79 4374
1.80 4373
1.80 4372
1.80 4371
1.80 4370
1.80 4369
1.80 4368
1.80 4367
1.80 4366
1.81 4365
1.81 4364
1.81 4363
1.81 4362
1.81 4361
1.81 4360
1.81 4359
1.81 4358
1.81 4357
1.82 4356
1.82 4355
1.82 4354
1.82 4353
1.82 4352
1.82 4351
1.82 4350
1.82 4349
1.82 4348
1.82 4347
1.83 4346
1.83 4345
1.83 4344
1.83 4343
1.83 4342
1.83 4341
1.83 4340
1.83 4339
1.83 4338
1.83 4337
1.83 4336
1.83 4335
1.84 4334
1.84 4333
1.84 4332
1.84 4331
1.84 4330
1.84 4329
1.85 4328
1.85 4327
1.85 4326
1.85 4325
1.85 4324
1.85 4323
1.85 4322
1.85 4321
1.85 4320
1.86 4319
1.86 4318
1.86 4317
1.86 4316
1.86 4315
1.86 4314
1.86 4313
1.86 4312
1.86 4311
1.86 4310
1.86 4309
1.87 4308
1.87 4307
1.87 4306
1.87 4305
1.87 4304
1.87 4303
1.87 4302
1.87 4301
1.87 4300
1.88 4299
1.88 4298
1.88 4297
1.88 4296
1.88 4295
1.88 4294
1.88 4293
1.88 4292
1.88 4291
1.88 4290
1.89 4289
1.89 4288
1.89 4287
1.89 4286
1.89 4285
1.89 4284
1.89 4283
1.90 4282
1.90 4281
1.90 4280
1.90 4279
1.90 4278
1.90 4277
1.90 4276
1.90 4275
1.90 4274
1.90 4273
1.90 4272
1.91 4271
1.91 4270
1.91 4269
1.91 4268
1.91 4267
1.91 4266
1.92 4265
1.92 4264
1.92 4263
1.92 4262
1.92 4261
1.92 4260
1.92 4259
1.92 4258
1.92 4257
1.92 4256
1.92 4255
1.92 4254
1.92 4253
1.92 4252
1.92 4251
1.92 4250
1.92 4249
1.92 4248
1.94 4247
1.94 4246
1.94 4245
1.94 4244
1.94 4243
1.94 4242
1.94 4241
1.94 4240
1.94 4239
1.94 4238
1.95 4237
1.95 4236
1.95 4235
1.95 4234
1.95 4233
1.95 4232
1.95 4231
1.95 4230
1.95 4229
1.95 4228
1.96 4227
1.96 4226
1.96 4225
1.96 4224
1.96 4223
1.96 4222
1.96 4221
1.96 4220
1.97 4219
1.97 4218
1.97 4217
1.97 4216
1.97 4215
1.97 4214
1.97 4213
1.97 4212
1.98 4211
1.98 4210
1.98 4209
1.98 4208
1.98 4207
1.98 4206
1.98 4205
1.98 4204
1.99 4203
1.99 4202
1.99 4201
1.99 4200
1.99 4199
1.99 4198
1.99 4197
1.99 4196
1.99 4195
2.00 4194
2.00 4193
2.00 4192
2.00 4191
2.00 4190
2.00 4189
2.00 4188
2.00 4187
2.00 4186
2.01 4185
2.01 4184
2.01 4183
2.01 4182
2.01 4181
2.01 4180
2.01 4179
2.01 4178
2.01 4177
2.01 4176
2.02 4175
2.02 4174
2.02 4173
2.02 4172
2.02 4171
2.02 4170
2.02 4169
2.02 4168
2.02 4167
2.02 4166
2.02 4165
2.02 4164
2.02 4163
2.02 4162
2.03 4161
2.04 4160
2.04 4159
2.04 4158
2.04 4157
2.04 4156
2.04 4155
2.05 4154
2.05 4153
2.05 4152
2.05 4151
2.05 4150
2.05 4149
2.05 4148
2.05 4147
2.06 4146
2.06 4145
2.06 4144
2.06 4143
2.06 4142
2.06 4141
2.06 4140
2.06 4139
2.07 4138
2.07 4137
2.07 4136
2.07 4135
2.07 4134
2.07 4133
2.07 4132
2.07 4131
2.07 4130
2.08 4129
2.08 4128
2.08 4127
2.08 4126
2.08 4125
2.08 4124
2.08 4123
2.08 4122
2.08 4121
2.08 4120
2.09 4119
2.09 4118
2.09 4117
2.09 4116
2.09 4115
2.09 4114
2.09 4113
2.10 4112
2.10 4111
2.10 4110
2.10 4109
2.10 4108
2.10 4107
2.10 4106
2.10 4105
2.10 4104
2.10 4103
2.10 4102
2.10 4101
2.10 4100
2.10 4099
2.10 4098
2.10 4097
2.11 4096
2.11 4095
2.11 4094
2.12 4093
2.12 4092
2.12 4091
2.12 4090
2.12 4089
2.12 4088
2.12 4087
2.12 4086
2.12 4085
2.12 4084
2.13 4083
2.13 4082
2.13 4081
2.13 4080
2.13 4079
2.13 4078
2.13 4077
2.13 4076
2.13 4075
2.13 4074
2.14 4073
2.14 4072
2.14 4071
2.14 4070
2.15 4069
2.15 4068
2.15 4067
2.15 4066
2.15 4065
2.15 4064
2.15 4063
2.15 4062
2.15 4061
2.15 4060
2.15 4059
2.16 4058
2.16 4057
2.16 4056
2.16 4055
2.16 4054
2.16 4053
2.16 4052
2.16 4051
2.16 4050
2.16 4049
2.16 4048
2.16 4047
2.17 4046
2.17 4045
2.17 4044
2.17 4043
2.17 4042
5.41 3942
5.41 3941
5.41 3940
5.42 3939
14.30 3938
14.31 3937
