1.55 1959
1.55 1958
1.55 1957
1.55 1956
1.55 1955
1.55 1954
1.55 1953
1.55 1952
1.55 1951
1.55 1950
1.56 1949
1.56 1948
1.56 1947
1.56 1946
1.56 1945
1.56 1944
1.56 1943
1.56 1942
1.56 1941
1.56 1940
1.56 1939
1.58 1938
1.58 1937
1.58 1936
1.58 1935
1.58 1934
1.58 1933
1.58 1932
1.58 1931
1.58 1930
1.58 1929
1.58 1928
1.58 1927
1.58 1926
1.58 1925
1.58 1924
1.58 1923
1.59 1922
1.59 1921
1.59 1920
1.59 1919
1.59 1918
1.59 1917
1.59 1916
1.59 1915
1.59 1914
1.59 1913
1.59 1912
1.59 1911
1.59 1910
1.59 1909
1.59 1908
1.59 1907
1.61 1906
1.61 1905
1.61 1904
1.61 1903
1.61 1902
1.61 1901
1.61 1900
1.61 1899
1.61 1898
1.61 1897
1.61 1896
1.61 1895
1.61 1894
1.61 1893
1.61 1892
1.61 1891
1.62 1890
1.62 1889
1.62 1888
1.62 1887
1.62 1886
1.62 1885
1.62 1884
1.62 1883
1.62 1882
1.62 1881
1.62 1880
1.62 1879
1.64 1878
1.64 1877
1.64 1876
1.64 1875
1.64 1874
1.64 1873
1.64 1872
1.64 1871
1.64 1870
1.65 1869
1.65 1868
1.65 1867
1.65 1866
1.65 1865
1.65 1864
1.65 1863
1.65 1862
1.65 1861
1.65 1860
1.65 1859
1.65 1858
1.65 1857
1.65 1856
1.65 1855
1.65 1854
1.65 1853
1.65 1852
1.65 1851
1.65 1850
1.65 1849
1.65 1848
1.65 1847
1.65 1846
1.67 1845
1.67 1844
1.67 1843
1.67 1842
1.67 1841
1.67 1840
1.67 1839
1.67 1838
1.67 1837
1.67 1836
1.67 1835
1.67 1834
1.67 1833
1.67 1832
1.67 1831
1.67 1830
1.67 1829
1.69 1828
1.69 1827
1.69 1826
1.69 1825
1.69 1824
1.69 1823
1.69 1822
1.69 1821
1.69 1820
1.69 1819
1.69 1818
1.69 1817
1.69 1816
1.69 1815
1.69 1814
1.69 1813
1.70 1812
1.70 1811
1.70 1810
1.70 1809
1.70 1808
1.70 1807
1.70 1806
1.70 1805
1.70 1804
1.70 1803
1.70 1802
1.70 1801
1.70 1800
1.72 1799
1.72 1798
1.72 1797
1.72 1796
1.72 1795
1.72 1794
1.72 1793
1.72 1792
1.72 1791
1.72 1790
1.72 1789
1.72 1788
1.73 1787
1.73 1786
1.73 1785
1.73 1784
1.73 1783
1.73 1782
1.73 1781
1.73 1780
1.73 1779
1.73 1778
1.73 1777
1.73 1776
1.73 1775
1.73 1774
1.75 1773
1.75 1772
1.75 1771
1.75 1770
1.75 1769
1.75 1768
1.75 1767
1.75 1766
1.75 1765
1.75 1764
1.75 1763
1.75 1762
1.75 1761
1.75 1760
1.75 1759
1.75 1758
1.75 1757
1.75 1756
1.75 1755
1.77 1754
1.77 1753
1.77 1752
1.77 1751
1.77 1750
1.77 1749
1.77 1748
1.77 1747
1.77 1746
1.77 1745
1.77 1744
1.77 1743
1.77 1742
1.77 1741
1.77 1740
1.77 1739
1.77 1738
1.78 1737
1.78 1736
1.78 1735
1.78 1734
1.78 1733
1.78 1732
1.78 1731
1.78 1730
1.78 1729
1.80 1728
1.80 1727
1.80 1726
1.80 1725
1.80 1724
1.80 1723
1.80 1722
1.80 1721
1.80 1720
1.80 1719
1.80 1718
1.80 1717
1.81 1716
1.81 1715
1.81 1714
1.81 1713
1.81 1712
1.81 1711
1.81 1710
1.81 1709
1.81 1708
1.81 1707
1.81 1706
1.81 1705
1.81 1704
1.81 1703
1.81 1702
1.81 1701
1.83 1700
1.83 1699
1.83 1698
1.83 1697
1.83 1696
1.83 1695
1.83 1694
1.83 1693
1.83 1692
1.83 1691
1.83 1690
1.83 1689
1.83 1688
1.84 1687
1.84 1686
1.84 1685
1.85 1684
1.85 1683
1.85 1682
1.85 1681
1.85 1680
1.85 1679
1.85 1678
1.85 1677
1.85 1676
1.85 1675
1.85 1674
1.85 1673
1.85 1672
1.85 1671
1.86 1670
1.86 1669
1.86 1668
1.86 1667
1.86 1666
1.86 1665
1.86 1664
1.86 1663
1.86 1662
1.86 1661
1.86 1660
1.86 1659
1.88 1658
1.88 1657
1.88 1656
1.88 1655
1.88 1654
1.88 1653
1.88 1652
1.88 1651
1.88 1650
1.88 1649
1.88 1648
1.88 1647
1.88 1646
1.89 1645
1.89 1644
1.89 1643
1.89 1642
1.89 1641
1.89 1640
1.89 1639
1.89 1638
1.89 1637
1.89 1636
1.89 1635
1.89 1634
1.89 1633
1.91 1632
1.91 1631
1.91 1630
1.91 1629
1.91 1628
1.91 1627
1.91 1626
1.91 1625
1.91 1624
1.91 1623
1.91 1622
1.91 1621
1.91 1620
1.92 1619
1.92 1618
1.92 1617
1.92 1616
1.92 1615
1.92 1614
1.92 1613
1.92 1612
1.92 1611
1.92 1610
1.92 1609
1.92 1608
1.92 1607
1.92 1606
1.92 1605
1.94 1604
1.94 1603
1.94 1602
1.94 1601
1.94 1600
1.94 1599
1.94 1598
1.94 1597
1.95 1596
1.95 1595
1.95 1594
1.95 1593
1.95 1592
1.95 1591
1.95 1590
1.95 1589
1.95 1588
1.95 1587
1.95 1586
1.95 1585
1.95 1584
1.95 1583
1.95 1582
1.95 1581
1.95 1580
1.95 1579
1.97 1578
1.97 1577
1.97 1576
1.97 1575
1.97 1574
1.97 1573
1.97 1572
1.97 1571
1.97 1570
1.97 1569
1.97 1568
1.97 1567
1.97 1566
1.97 1565
1.97 1564
1.97 1563
1.97 1562
1.97 1561
1.99 1560
1.99 1559
1.99 1558
1.99 1557
1.99 1556
1.99 1555
1.99 1554
1.99 1553
1.99 1552
1.99 1551
1.99 1550
1.99 1549
2.00 1548
2.00 1547
2.00 1546
2.00 1545
2.00 1544
2.00 1543
2.00 1542
2.00 1541
2.00 1540
2.00 1539
2.00 1538
2.00 1537
2.02 1536
2.02 1535
2.02 1534
2.02 1533
2.02 1532
2.02 1531
2.02 1530
2.02 1529
2.02 1528
2.02 1527
2.02 1526
2.02 1525
2.02 1524
2.02 1523
2.02 1522
2.02 1521
2.02 1520
2.02 1519
2.03 1518
2.03 1517
2.03 1516
2.03 1515
2.03 1514
2.03 1513
2.03 1512
2.03 1511
2.03 1510
2.03 1509
2.03 1508
2.05 1507
2.05 1506
2.05 1505
2.05 1504
2.05 1503
2.05 1502
2.05 1501
2.05 1500
2.05 1499
2.05 1498
2.05 1497
2.05 1496
2.05 1495
2.05 1494
2.05 1493
2.05 1492
2.05 1491
2.05 1490
2.06 1489
2.06 1488
2.06 1487
2.06 1486
2.06 1485
2.06 1484
2.06 1483
2.06 1482
2.06 1481
2.06 1480
2.06 1479
2.06 1478
2.06 1477
2.06 1476
2.06 1475
2.06 1474
2.06 1473
2.08 1472
2.08 1471
2.08 1470
2.08 1469
2.08 1468
2.08 1467
2.08 1466
2.08 1465
2.08 1464
2.08 1463
2.08 1462
2.08 1461
2.08 1460
2.08 1459
2.08 1458
2.08 1457
2.08 1456
2.10 1455
2.10 1454
2.10 1453
2.10 1452
2.10 1451
2.10 1450
2.10 1449
2.10 1448
2.10 1447
2.10 1446
2.10 1445
2.10 1444
2.10 1443
2.10 1442
2.10 1441
2.10 1440
2.10 1439
2.10 1438
2.11 1437
2.11 1436
2.11 1435
2.11 1434
2.11 1433
2.11 1432
2.11 1431
2.11 1430
2.11 1429
2.11 1428
2.11 1427
2.11 1426
2.11 1425
2.13 1424
2.13 1423
2.13 1422
2.13 1421
2.13 1420
2.13 1419
2.13 1418
2.13 1417
2.13 1416
2.13 1415
2.13 1414
2.13 1413
2.14 1412
2.14 1411
2.14 1410
2.14 1409
2.15 1408
2.15 1407
2.15 1406
2.15 1405
2.15 1404
2.15 1403
2.15 1402
2.15 1401
2.15 1400
2.15 1399
2.15 1398
2.15 1397
2.16 1396
2.16 1395
2.16 1394
2.16 1393
2.16 1392
2.16 1391
2.16 1390
2.17 1389
2.17 1388
2.17 1387
2.17 1386
2.17 1385
2.17 1384
2.17 1383
2.17 1382
2.17 1381
2.17 1380
2.17 1379
2.17 1378
2.17 1377
2.17 1376
2.17 1375
2.17 1374
2.17 1373
2.18 1372
2.18 1371
2.18 1370
2.18 1369
2.18 1368
2.18 1367
2.18 1366
2.18 1365
2.19 1364
2.19 1363
2.19 1362
2.19 1361
2.19 1360
2.19 1359
2.20 1358
2.20 1357
2.20 1356
2.20 1355
2.20 1354
2.20 1353
2.20 1352
2.21 1351
2.21 1350
2.21 1349
2.21 1348
2.21 1347
2.21 1346
2.21 1345
2.21 1344
2.21 1343
2.21 1342
2.21 1341
2.21 1340
2.22 1339
2.22 1338
2.22 1337
2.22 1336
2.22 1335
2.22 1334
2.22 1333
2.22 1332
2.22 1331
2.22 1330
2.22 1329
2.22 1328
2.22 1327
2.22 1326
2.22 1325
2.22 1324
2.24 1323
2.24 1322
2.24 1321
2.24 1320
2.24 1319
2.24 1318
2.25 1317
2.25 1316
2.25 1315
2.25 1314
2.25 1313
2.25 1312
2.25 1311
2.25 1310
2.25 1309
2.25 1308
2.25 1307
2.25 1306
2.25 1305
2.25 1304
2.25 1303
2.25 1302
2.25 1301
2.25 1300
2.25 1299
2.25 1298
2.25 1297
2.25 1296
2.27 1295
2.27 1294
2.27 1293
2.27 1292
2.27 1291
2.27 1290
2.27 1289
2.27 1288
2.27 1287
2.27 1286
2.27 1285
2.27 1284
2.27 1283
2.27 1282
2.27 1281
2.29 1280
2.29 1279
2.29 1278
2.29 1277
2.29 1276
2.29 1275
2.29 1274
2.29 1273
2.29 1272
2.29 1271
2.29 1270
2.29 1269
2.29 1268
2.30 1267
2.30 1266
2.30 1265
2.30 1264
2.30 1263
2.30 1262
2.30 1261
2.30 1260
2.30 1259
2.30 1258
2.30 1257
2.30 1256
2.30 1255
2.30 1254
2.30 1253
2.30 1252
2.30 1251
2.30 1250
2.30 1249
2.32 1248
2.32 1247
2.32 1246
2.32 1245
2.32 1244
2.32 1243
2.32 1242
2.32 1241
2.32 1240
2.32 1239
2.32 1238
2.32 1237
2.32 1236
2.32 1235
2.32 1234
2.32 1233
2.32 1232
2.32 1231
2.33 1230
2.33 1229
2.33 1228
2.33 1227
2.33 1226
2.33 1225
2.33 1224
2.33 1223
2.33 1222
2.33 1221
2.33 1220
2.33 1219
2.33 1218
2.33 1217
2.33 1216
2.33 1215
2.33 1214
2.33 1213
2.35 1212
2.35 1211
2.35 1210
2.35 1209
2.35 1208
2.35 1207
2.35 1206
2.35 1205
2.35 1204
2.35 1203
2.35 1202
2.35 1201
2.35 1200
2.35 1199
2.35 1198
2.35 1197
2.35 1196
2.35 1195
2.35 1194
2.35 1193
2.37 1192
2.37 1191
2.37 1190
2.37 1189
2.37 1188
2.37 1187
2.37 1186
2.37 1185
2.37 1184
2.37 1183
2.37 1182
2.37 1181
2.37 1180
2.37 1179
2.37 1178
2.38 1177
2.38 1176
2.38 1175
2.38 1174
2.38 1173
2.38 1172
2.38 1171
2.38 1170
2.38 1169
2.38 1168
2.38 1167
2.38 1166
2.38 1165
2.38 1164
2.38 1163
2.38 1162
2.38 1161
2.38 1160
2.40 1159
2.40 1158
2.40 1157
2.40 1156
2.40 1155
2.40 1154
2.40 1153
2.40 1152
2.40 1151
2.40 1150
2.40 1149
2.40 1148
2.40 1147
2.40 1146
2.40 1145
2.40 1144
2.40 1143
2.40 1142
2.40 1141
2.41 1140
2.41 1139
2.41 1138
2.41 1137
2.41 1136
2.41 1135
2.41 1134
2.41 1133
2.41 1132
2.41 1131
2.41 1130
2.41 1129
2.41 1128
2.41 1127
2.41 1126
2.41 1125
2.41 1124
2.41 1123
2.41 1122
2.43 1121
2.43 1120
2.43 1119
2.43 1118
2.43 1117
2.43 1116
2.43 1115
2.43 1114
2.43 1113
2.43 1112
2.43 1111
2.43 1110
2.43 1109
2.43 1108
2.43 1107
2.43 1106
2.43 1105
2.44 1104
2.44 1103
2.44 1102
2.44 1101
2.44 1100
2.45 1099
2.45 1098
2.45 1097
2.45 1096
2.45 1095
2.45 1094
2.45 1093
2.45 1092
2.45 1091
2.45 1090
2.45 1089
2.45 1088
2.45 1087
2.45 1086
2.46 1085
2.46 1084
2.46 1083
2.46 1082
2.46 1081
2.46 1080
2.46 1079
2.46 1078
2.46 1077
2.46 1076
2.46 1075
2.46 1074
2.46 1073
2.46 1072
2.46 1071
2.46 1070
2.46 1069
2.46 1068
2.46 1067
2.48 1066
2.48 1065
2.48 1064
2.48 1063
2.48 1062
2.48 1061
2.48 1060
2.48 1059
2.48 1058
2.48 1057
2.48 1056
2.48 1055
2.48 1054
2.48 1053
2.48 1052
2.48 1051
2.48 1050
2.48 1049
2.48 1048
2.48 1047
2.49 1046
2.49 1045
2.49 1044
2.49 1043
2.49 1042
2.49 1041
2.49 1040
2.49 1039
2.49 1038
2.49 1037
2.49 1036
2.49 1035
2.49 1034
2.49 1033
2.49 1032
2.49 1031
2.49 1030
2.49 1029
2.49 1028
2.51 1027
2.51 1026
2.51 1025
2.51 1024
2.51 1023
2.51 1022
2.51 1021
2.51 1020
2.51 1019
2.51 1018
2.51 1017
2.51 1016
2.51 1015
2.51 1014
2.51 1013
2.51 1012
2.51 1011
2.51 1010
2.51 1009
2.51 1008
2.52 1007
2.52 1006
2.52 1005
2.52 1004
2.52 1003
2.52 1002
2.52 1001
2.52 1000
2.52 999
2.52 998
2.52 997
2.52 996
2.52 995
2.52 994
2.52 993
2.52 992
2.52 991
2.54 990
2.54 989
2.54 988
2.54 987
2.54 986
2.54 985
2.54 984
2.54 983
2.54 982
2.54 981
2.54 980
