0.38 1989
0.38 1988
0.39 1987
0.39 1986
0.39 1985
0.39 1984
0.39 1983
0.39 1982
0.39 1981
0.39 1980
0.39 1979
0.39 1978
0.39 1977
0.39 1976
0.39 1975
0.39 1974
0.39 1973
0.39 1972
0.39 1971
0.39 1970
0.39 1969
0.39 1968
0.39 1967
0.39 1966
0.41 1965
0.41 1964
0.41 1963
0.41 1962
0.41 1961
0.41 1960
0.41 1959
0.41 1958
0.41 1957
0.41 1956
0.41 1955
0.41 1954
0.41 1953
0.41 1952
0.41 1951
0.41 1950
0.41 1949
0.41 1948
0.41 1947
0.41 1946
0.41 1945
0.41 1944
0.41 1943
0.41 1942
0.43 1941
0.43 1940
0.43 1939
0.43 1938
0.43 1937
0.43 1936
0.43 1935
0.43 1934
0.43 1933
0.43 1932
0.44 1931
2.97 1930
2.97 1929
11.12 1928
11.12 1927
21.84 1926
