0.12 5683
0.12 5682
0.12 5681
0.12 5680
0.14 5679
0.14 5678
0.14 5677
0.14 5676
0.15 5675
0.15 5674
0.15 5673
0.16 5672
0.16 5671
0.16 5670
0.16 5669
0.17 5668
0.17 5667
0.17 5666
0.18 5665
0.18 5664
0.18 5663
0.18 5662
0.18 5661
0.18 5660
0.19 5659
0.19 5658
0.19 5657
0.20 5656
0.20 5655
0.20 5654
0.21 5653
0.21 5652
0.21 5651
0.21 5650
0.21 5649
0.21 5648
0.22 5647
0.22 5646
0.22 5645
0.22 5644
0.22 5643
0.22 5642
0.24 5641
0.24 5640
0.24 5639
0.24 5638
0.24 5637
0.24 5636
0.24 5635
0.25 5634
0.25 5633
0.25 5632
0.25 5631
0.25 5630
0.25 5629
0.27 5628
0.27 5627
0.27 5626
0.27 5625
0.27 5624
0.27 5623
0.29 5622
0.29 5621
0.29 5620
0.29 5619
0.29 5618
0.29 5617
0.30 5616
0.30 5615
0.30 5614
0.30 5613
0.30 5612
0.30 5611
0.30 5610
0.30 5609
0.32 5608
0.32 5607
0.32 5606
0.32 5605
0.32 5604
0.33 5603
0.33 5602
0.33 5601
0.33 5600
0.33 5599
0.33 5598
0.33 5597
0.35 5596
0.35 5595
0.35 5594
0.35 5593
0.35 5592
0.35 5591
0.35 5590
0.37 5589
0.37 5588
0.37 5587
0.37 5586
0.38 5585
0.38 5584
0.38 5583
0.38 5582
0.39 5581
0.39 5580
0.39 5579
0.39 5578
0.39 5577
0.40 5576
0.40 5575
0.40 5574
0.40 5573
0.40 5572
0.40 5571
0.41 5570
0.41 5569
0.41 5568
0.41 5567
0.41 5566
0.41 5565
0.41 5564
0.41 5563
0.43 5562
0.43 5561
0.43 5560
0.43 5559
0.43 5558
0.43 5557
0.43 5556
0.43 5555
0.44 5554
0.44 5553
0.44 5552
0.44 5551
0.44 5550
0.44 5549
0.44 5548
0.44 5547
0.46 5546
0.46 5545
0.46 5544
0.46 5543
0.46 5542
0.46 5541
0.46 5540
0.48 5539
0.48 5538
0.48 5537
0.48 5536
0.49 5535
0.49 5534
0.49 5533
0.49 5532
0.50 5531
0.50 5530
0.50 5529
0.51 5528
0.51 5527
0.51 5526
0.51 5525
0.51 5524
0.51 5523
0.52 5522
0.52 5521
0.52 5520
0.52 5519
0.52 5518
0.52 5517
0.52 5516
0.52 5515
0.54 5514
0.54 5513
0.54 5512
0.54 5511
0.54 5510
0.54 5509
0.55 5508
0.55 5507
0.55 5506
0.55 5505
0.55 5504
0.55 5503
0.55 5502
0.57 5501
0.57 5500
0.57 5499
0.57 5498
0.57 5497
0.57 5496
0.57 5495
0.59 5494
0.59 5493
0.59 5492
0.59 5491
0.59 5490
0.59 5489
0.60 5488
0.60 5487
0.60 5486
0.60 5485
0.60 5484
0.62 5483
0.62 5482
0.62 5481
0.62 5480
0.62 5479
0.62 5478
0.62 5477
0.63 5476
0.63 5475
0.63 5474
0.63 5473
0.63 5472
0.63 5471
0.63 5470
0.65 5469
0.65 5468
0.65 5467
0.65 5466
0.65 5465
0.65 5464
0.65 5463
0.67 5462
0.67 5461
0.67 5460
0.67 5459
0.67 5458
0.67 5457
0.67 5456
0.68 5455
0.68 5454
0.68 5453
0.68 5452
0.68 5451
0.68 5450
0.68 5449
0.70 5448
0.70 5447
0.70 5446
0.70 5445
0.70 5444
0.71 5443
0.71 5442
0.71 5441
0.71 5440
0.71 5439
0.71 5438
0.71 5437
0.73 5436
0.73 5435
0.73 5434
0.73 5433
0.73 5432
0.73 5431
0.73 5430
0.73 5429
0.74 5428
0.74 5427
0.74 5426
0.74 5425
0.74 5424
0.74 5423
0.74 5422
0.76 5421
0.76 5420
0.76 5419
0.76 5418
0.76 5417
0.76 5416
0.76 5415
0.78 5414
0.78 5413
0.78 5412
0.78 5411
0.78 5410
0.78 5409
0.78 5408
0.79 5407
0.79 5406
0.79 5405
0.79 5404
0.80 5403
0.80 5402
0.80 5401
0.81 5400
0.81 5399
0.81 5398
0.81 5397
0.81 5396
0.81 5395
0.81 5394
0.82 5393
0.82 5392
0.82 5391
0.82 5390
0.82 5389
0.82 5388
0.82 5387
0.84 5386
0.84 5385
0.84 5384
0.84 5383
0.84 5382
0.84 5381
0.84 5380
0.85 5379
0.85 5378
0.85 5377
0.85 5376
0.85 5375
0.85 5374
0.85 5373
0.87 5372
0.87 5371
0.87 5370
0.87 5369
0.87 5368
0.87 5367
0.87 5366
0.89 5365
0.89 5364
0.89 5363
0.89 5362
0.89 5361
0.89 5360
0.89 5359
0.90 5358
0.90 5357
0.90 5356
0.90 5355
0.92 5354
0.92 5353
0.92 5352
0.92 5351
0.92 5350
0.92 5349
0.93 5348
0.93 5347
0.93 5346
0.93 5345
0.93 5344
0.93 5343
0.93 5342
0.95 5341
0.95 5340
0.95 5339
0.95 5338
0.95 5337
0.95 5336
0.95 5335
0.96 5334
0.96 5333
0.96 5332
0.96 5331
0.96 5330
0.96 5329
0.96 5328
0.98 5327
0.98 5326
0.98 5325
0.98 5324
0.98 5323
0.98 5322
0.98 5321
1.00 5320
1.00 5319
1.00 5318
1.00 5317
1.00 5316
1.00 5315
1.00 5314
1.01 5313
1.01 5312
1.01 5311
1.01 5310
1.01 5309
1.01 5308
1.01 5307
1.03 5306
1.03 5305
1.03 5304
1.03 5303
1.03 5302
1.03 5301
1.03 5300
1.04 5299
1.04 5298
1.04 5297
1.04 5296
1.04 5295
1.04 5294
1.04 5293
1.06 5292
1.06 5291
1.06 5290
1.06 5289
1.06 5288
1.06 5287
1.08 5286
1.08 5285
1.08 5284
1.08 5283
1.08 5282
1.08 5281
1.08 5280
1.09 5279
1.09 5278
1.09 5277
1.09 5276
1.09 5275
1.10 5274
1.10 5273
1.11 5272
1.11 5271
1.11 5270
1.11 5269
1.11 5268
1.11 5267
1.11 5266
1.12 5265
1.12 5264
1.12 5263
1.12 5262
1.12 5261
1.14 5260
1.14 5259
1.14 5258
1.15 5257
1.15 5256
1.15 5255
1.15 5254
1.16 5253
1.16 5252
1.16 5251
1.16 5250
1.17 5249
1.17 5248
1.18 5247
1.18 5246
1.18 5245
1.18 5244
1.19 5243
1.19 5242
1.19 5241
1.19 5240
1.19 5239
1.20 5238
1.20 5237
1.21 5236
1.21 5235
1.21 5234
1.21 5233
1.21 5232
1.21 5231
1.21 5230
1.22 5229
1.22 5228
1.22 5227
1.22 5226
1.22 5225
1.22 5224
1.24 5223
1.24 5222
1.24 5221
1.24 5220
1.24 5219
1.24 5218
1.24 5217
1.25 5216
1.25 5215
1.25 5214
1.25 5213
1.25 5212
1.25 5211
1.27 5210
1.27 5209
1.27 5208
1.27 5207
1.27 5206
1.27 5205
1.27 5204
1.28 5203
1.28 5202
1.28 5201
1.28 5200
1.28 5199
1.28 5198
1.30 5197
1.30 5196
1.30 5195
1.30 5194
1.30 5193
1.30 5192
1.32 5191
1.32 5190
1.32 5189
1.32 5188
1.32 5187
1.32 5186
1.32 5185
1.33 5184
1.33 5183
1.33 5182
1.33 5181
1.33 5180
1.33 5179
1.35 5178
1.35 5177
1.35 5176
1.35 5175
1.35 5174
1.35 5173
1.35 5172
1.36 5171
1.36 5170
1.36 5169
1.36 5168
1.36 5167
1.36 5166
1.38 5165
1.38 5164
1.38 5163
1.38 5162
1.38 5161
1.38 5160
1.39 5159
1.39 5158
1.40 5157
1.40 5156
1.40 5155
1.40 5154
1.41 5153
1.41 5152
1.41 5151
1.41 5150
1.41 5149
1.41 5148
1.41 5147
1.43 5146
1.43 5145
1.43 5144
1.43 5143
1.43 5142
1.43 5141
1.44 5140
1.44 5139
1.44 5138
1.44 5137
1.44 5136
1.44 5135
1.46 5134
1.46 5133
1.46 5132
1.46 5131
1.46 5130
1.46 5129
1.46 5128
1.47 5127
1.47 5126
1.47 5125
1.47 5124
1.47 5123
1.47 5122
1.49 5121
1.49 5120
1.49 5119
1.49 5118
1.49 5117
1.50 5116
1.51 5115
1.51 5114
1.51 5113
1.51 5112
1.51 5111
1.51 5110
1.52 5109
1.52 5108
1.52 5107
1.52 5106
1.52 5105
1.52 5104
1.52 5103
1.54 5102
1.54 5101
1.54 5100
1.54 5099
1.54 5098
1.54 5097
1.55 5096
1.55 5095
1.55 5094
1.55 5093
1.55 5092
1.57 5091
1.57 5090
1.57 5089
1.57 5088
1.57 5087
1.57 5086
1.58 5085
1.58 5084
1.58 5083
1.58 5082
1.58 5081
1.58 5080
1.58 5079
1.60 5078
1.60 5077
1.60 5076
1.60 5075
1.60 5074
1.60 5073
1.62 5072
1.62 5071
1.62 5070
1.62 5069
1.62 5068
1.63 5067
1.63 5066
1.63 5065
1.63 5064
1.63 5063
1.63 5062
1.65 5061
1.65 5060
1.65 5059
1.65 5058
1.65 5057
1.65 5056
1.66 5055
1.66 5054
1.66 5053
1.66 5052
1.66 5051
1.66 5050
1.66 5049
1.68 5048
1.68 5047
1.68 5046
1.68 5045
1.68 5044
1.68 5043
1.69 5042
1.69 5041
1.69 5040
1.70 5039
1.70 5038
1.70 5037
1.71 5036
1.71 5035
1.71 5034
1.71 5033
1.71 5032
1.71 5031
1.73 5030
1.73 5029
1.73 5028
1.73 5027
1.73 5026
1.73 5025
1.74 5024
1.74 5023
1.74 5022
1.74 5021
1.74 5020
1.74 5019
1.76 5018
1.76 5017
1.76 5016
1.76 5015
1.76 5014
1.76 5013
1.77 5012
1.77 5011
1.77 5010
1.77 5009
1.77 5008
1.77 5007
1.79 5006
1.79 5005
1.79 5004
1.79 5003
1.79 5002
1.80 5001
1.80 5000
1.80 4999
1.80 4998
1.80 4997
1.80 4996
1.80 4995
1.82 4994
1.82 4993
1.82 4992
1.82 4991
1.82 4990
1.82 4989
1.84 4988
1.84 4987
1.84 4986
1.84 4985
1.84 4984
1.84 4983
1.85 4982
1.85 4981
1.85 4980
1.85 4979
1.85 4978
1.85 4977
1.87 4976
1.87 4975
1.87 4974
1.87 4973
1.87 4972
1.87 4971
1.88 4970
1.88 4969
1.88 4968
1.88 4967
1.88 4966
1.88 4965
1.90 4964
1.90 4963
1.90 4962
1.90 4961
1.90 4960
1.90 4959
1.91 4958
1.91 4957
1.91 4956
1.91 4955
1.91 4954
1.91 4953
1.93 4952
1.93 4951
1.93 4950
1.93 4949
1.93 4948
1.93 4947
1.93 4946
1.95 4945
1.95 4944
1.95 4943
1.95 4942
1.95 4941
1.95 4940
1.96 4939
1.96 4938
1.96 4937
1.96 4936
1.96 4935
1.96 4934
1.98 4933
1.98 4932
1.98 4931
1.98 4930
1.99 4929
1.99 4928
1.99 4927
2.00 4926
2.00 4925
2.00 4924
2.01 4923
2.01 4922
2.01 4921
2.01 4920
2.01 4919
2.01 4918
2.02 4917
2.02 4916
2.02 4915
2.02 4914
2.02 4913
2.02 4912
2.04 4911
2.04 4910
2.04 4909
2.04 4908
2.04 4907
2.04 4906
2.04 4905
2.06 4904
2.06 4903
2.06 4902
2.06 4901
2.06 4900
2.06 4899
2.07 4898
2.07 4897
2.07 4896
2.07 4895
2.07 4894
2.07 4893
2.09 4892
2.09 4891
2.09 4890
2.09 4889
2.09 4888
2.09 4887
2.10 4886
2.10 4885
2.10 4884
2.10 4883
2.10 4882
2.10 4881
2.10 4880
2.12 4879
2.12 4878
2.12 4877
2.12 4876
2.14 4875
2.14 4874
2.14 4873
2.14 4872
2.14 4871
2.14 4870
2.15 4869
2.15 4868
2.16 4867
2.16 4866
2.16 4865
2.17 4864
2.17 4863
2.17 4862
2.17 4861
2.18 4860
2.18 4859
2.18 4858
2.18 4857
2.19 4856
2.19 4855
2.19 4854
2.19 4853
2.19 4852
2.19 4851
2.19 4850
2.20 4849
2.20 4848
2.21 4847
2.21 4846
2.21 4845
2.21 4844
2.21 4843
2.22 4842
2.22 4841
2.22 4840
2.22 4839
2.22 4838
2.22 4837
2.22 4836
2.24 4835
2.24 4834
2.24 4833
2.24 4832
2.25 4831
2.25 4830
2.25 4829
2.25 4828
2.25 4827
2.25 4826
2.27 4825
2.27 4824
2.27 4823
2.27 4822
2.27 4821
2.27 4820
2.29 4819
2.29 4818
2.29 4817
2.29 4816
2.29 4815
2.29 4814
2.29 4813
2.30 4812
2.30 4811
2.30 4810
2.30 4809
2.30 4808
2.30 4807
2.30 4806
2.32 4805
2.32 4804
2.32 4803
2.32 4802
2.32 4801
2.32 4800
2.32 4799
2.33 4798
2.33 4797
2.33 4796
2.33 4795
2.33 4794
2.33 4793
2.35 4792
2.35 4791
2.35 4790
2.35 4789
2.35 4788
2.35 4787
2.35 4786
2.36 4785
2.36 4784
2.36 4783
2.36 4782
2.36 4781
2.38 4780
2.38 4779
2.38 4778
2.38 4777
2.38 4776
2.38 4775
2.38 4774
2.40 4773
2.40 4772
2.40 4771
2.40 4770
2.40 4769
2.40 4768
2.41 4767
2.41 4766
2.41 4765
2.41 4764
2.41 4763
2.41 4762
2.41 4761
2.43 4760
2.43 4759
2.43 4758
2.43 4757
2.43 4756
2.43 4755
2.44 4754
2.44 4753
2.44 4752
2.44 4751
2.44 4750
2.44 4749
2.46 4748
2.46 4747
2.46 4746
2.46 4745
2.46 4744
2.46 4743
2.46 4742
2.47 4741
2.47 4740
2.47 4739
2.47 4738
2.47 4737
2.47 4736
2.49 4735
2.49 4734
2.49 4733
2.49 4732
2.49 4731
2.50 4730
2.50 4729
2.51 4728
2.51 4727
2.51 4726
2.51 4725
2.51 4724
2.51 4723
2.51 4722
2.52 4721
2.52 4720
2.52 4719
2.52 4718
2.52 4717
2.52 4716
2.52 4715
2.54 4714
2.54 4713
2.54 4712
2.54 4711
2.55 4710
2.55 4709
2.55 4708
2.55 4707
2.55 4706
2.57 4705
2.57 4704
2.57 4703
2.57 4702
2.57 4701
2.57 4700
2.59 4699
2.59 4698
2.59 4697
2.59 4696
2.60 4695
2.60 4694
2.60 4693
2.60 4692
2.61 4691
2.61 4690
2.61 4689
2.61 4688
2.62 4687
2.62 4686
2.62 4685
2.62 4684
2.63 4683
2.63 4682
2.63 4681
2.63 4680
2.63 4679
2.63 4678
2.63 4677
2.65 4676
2.65 4675
2.65 4674
2.65 4673
2.65 4672
2.65 4671
2.66 4670
2.66 4669
2.66 4668
2.66 4667
2.66 4666
2.66 4665
2.66 4664
2.68 4663
2.68 4662
2.68 4661
2.68 4660
2.68 4659
2.68 4658
2.68 4657
2.70 4656
2.70 4655
2.70 4654
2.70 4653
2.70 4652
2.70 4651
2.71 4650
9.59 3306
