0.40 1989
0.40 1988
0.40 1987
0.42 1986
0.42 1985
0.42 1984
0.42 1983
0.42 1982
0.42 1981
0.42 1980
0.42 1979
0.42 1978
0.42 1977
0.42 1976
0.42 1975
0.42 1974
0.42 1973
0.42 1972
0.42 1971
0.42 1970
0.42 1969
0.42 1968
0.42 1967
0.42 1966
0.44 1965
0.44 1964
0.44 1963
0.44 1962
0.44 1961
0.44 1960
0.44 1959
0.44 1958
0.44 1957
0.44 1956
0.44 1955
0.44 1954
0.44 1953
0.44 1952
0.44 1951
0.44 1950
0.44 1949
0.44 1948
0.44 1947
0.44 1946
0.44 1945
0.44 1944
0.44 1943
0.45 1942
0.45 1941
0.45 1940
0.45 1939
0.45 1938
0.45 1937
0.46 1936
0.46 1935
0.46 1934
0.47 1933
0.47 1932
0.48 1931
3.20 1930
3.20 1929
3.20 1928
3.20 1927
16.92 1926
16.95 1925
