0.06 5677
0.06 5676
0.06 5675
0.06 5674
0.06 5673
0.07 5672
0.07 5671
0.07 5670
0.07 5669
0.07 5668
0.07 5667
0.08 5666
0.08 5665
0.08 5664
0.08 5663
0.08 5662
0.09 5661
0.09 5660
0.09 5659
0.09 5658
0.10 5657
0.10 5656
0.11 5655
0.11 5654
0.11 5653
0.11 5652
0.11 5651
0.12 5650
0.12 5649
0.12 5648
0.12 5647
0.13 5646
0.13 5645
0.13 5644
0.14 5643
0.14 5642
0.14 5641
0.14 5640
0.14 5639
0.14 5638
0.14 5637
0.15 5636
0.15 5635
0.15 5634
0.15 5633
0.15 5632
0.15 5631
0.15 5630
0.15 5629
0.15 5628
0.15 5627
0.16 5626
0.16 5625
0.16 5624
0.16 5623
0.16 5622
0.16 5621
0.16 5620
0.16 5619
0.16 5618
0.16 5617
0.18 5616
0.18 5615
0.18 5614
0.18 5613
0.18 5612
0.18 5611
0.18 5610
0.18 5609
0.18 5608
0.19 5607
0.19 5606
0.19 5605
0.19 5604
0.19 5603
0.19 5602
0.19 5601
0.19 5600
0.20 5599
0.21 5598
0.21 5597
0.21 5596
0.21 5595
0.21 5594
0.21 5593
0.21 5592
0.21 5591
0.21 5590
0.21 5589
0.21 5588
0.21 5587
0.22 5586
0.22 5585
0.22 5584
0.22 5583
0.22 5582
0.23 5581
0.23 5580
0.23 5579
0.23 5578
0.23 5577
0.23 5576
0.24 5575
0.24 5574
0.24 5573
0.24 5572
0.24 5571
0.24 5570
0.24 5569
0.24 5568
0.24 5567
0.26 5566
0.26 5565
0.26 5564
0.26 5563
0.26 5562
0.26 5561
0.26 5560
0.26 5559
0.26 5558
0.26 5557
0.27 5556
0.27 5555
0.27 5554
0.27 5553
0.27 5552
0.27 5551
0.27 5550
0.27 5549
0.27 5548
0.27 5547
0.27 5546
0.29 5545
0.29 5544
0.29 5543
0.29 5542
0.29 5541
0.29 5540
0.29 5539
0.29 5538
0.29 5537
0.29 5536
0.30 5535
0.30 5534
0.30 5533
0.30 5532
0.30 5531
0.30 5530
0.30 5529
0.30 5528
0.30 5527
0.30 5526
0.32 5525
0.32 5524
0.32 5523
0.32 5522
0.32 5521
0.32 5520
0.32 5519
0.32 5518
0.33 5517
0.33 5516
0.33 5515
0.33 5514
0.33 5513
0.33 5512
0.33 5511
0.33 5510
0.33 5509
0.33 5508
0.33 5507
0.33 5506
0.33 5505
0.33 5504
0.35 5503
0.35 5502
0.35 5501
0.35 5500
0.35 5499
0.35 5498
0.35 5497
0.35 5496
0.37 5495
0.37 5494
0.37 5493
0.37 5492
0.37 5491
0.37 5490
0.37 5489
0.37 5488
0.37 5487
0.37 5486
0.38 5485
0.38 5484
0.38 5483
0.38 5482
0.38 5481
0.38 5480
0.38 5479
0.38 5478
0.38 5477
0.40 5476
0.40 5475
0.40 5474
0.40 5473
0.40 5472
0.40 5471
0.40 5470
0.40 5469
0.40 5468
0.40 5467
0.40 5466
0.40 5465
0.41 5464
0.41 5463
0.41 5462
0.41 5461
0.41 5460
0.41 5459
0.41 5458
0.41 5457
0.41 5456
0.41 5455
0.41 5454
0.41 5453
0.43 5452
0.43 5451
0.43 5450
0.43 5449
0.43 5448
0.43 5447
0.43 5446
0.43 5445
0.43 5444
0.43 5443
0.43 5442
0.43 5441
0.45 5440
0.45 5439
0.45 5438
0.45 5437
0.45 5436
0.45 5435
0.45 5434
0.45 5433
0.45 5432
0.45 5431
0.45 5430
0.45 5429
0.46 5428
0.46 5427
0.46 5426
0.46 5425
0.46 5424
0.46 5423
0.46 5422
0.46 5421
0.46 5420
0.46 5419
0.46 5418
0.48 5417
0.48 5416
0.48 5415
0.48 5414
0.48 5413
0.48 5412
0.48 5411
0.48 5410
0.48 5409
0.48 5408
0.49 5407
0.49 5406
0.49 5405
0.49 5404
0.49 5403
0.49 5402
0.49 5401
0.49 5400
0.51 5399
0.51 5398
0.51 5397
0.51 5396
0.51 5395
0.51 5394
0.51 5393
0.51 5392
0.51 5391
0.51 5390
0.51 5389
0.53 5388
0.53 5387
0.53 5386
0.53 5385
0.53 5384
0.53 5383
0.53 5382
0.53 5381
0.53 5380
0.53 5379
0.53 5378
0.54 5377
0.54 5376
0.54 5375
0.54 5374
0.54 5373
0.54 5372
0.56 5371
0.56 5370
0.56 5369
0.56 5368
0.56 5367
0.56 5366
0.56 5365
0.56 5364
0.56 5363
0.57 5362
0.57 5361
0.57 5360
0.57 5359
0.57 5358
0.57 5357
0.57 5356
0.57 5355
0.57 5354
0.57 5353
0.57 5352
0.59 5351
0.59 5350
0.59 5349
0.59 5348
0.59 5347
0.59 5346
0.59 5345
0.59 5344
0.59 5343
0.59 5342
0.59 5341
0.61 5340
0.61 5339
0.61 5338
0.61 5337
0.61 5336
0.61 5335
0.61 5334
0.61 5333
0.61 5332
0.61 5331
0.62 5330
0.62 5329
0.62 5328
0.62 5327
0.62 5326
0.62 5325
0.62 5324
0.63 5323
0.63 5322
0.63 5321
0.63 5320
0.64 5319
0.64 5318
0.64 5317
0.64 5316
0.64 5315
0.64 5314
0.64 5313
0.64 5312
0.64 5311
0.64 5310
0.64 5309
0.65 5308
0.65 5307
0.65 5306
0.65 5305
0.65 5304
0.65 5303
0.65 5302
0.65 5301
0.65 5300
0.65 5299
0.65 5298
0.67 5297
0.67 5296
0.67 5295
0.67 5294
0.67 5293
0.67 5292
0.67 5291
0.67 5290
0.67 5289
0.67 5288
0.68 5287
0.68 5286
0.68 5285
0.68 5284
0.68 5283
0.68 5282
0.68 5281
0.68 5280
0.70 5279
0.70 5278
0.70 5277
0.71 5276
0.71 5275
0.71 5274
0.71 5273
0.72 5272
0.72 5271
0.72 5270
0.72 5269
0.72 5268
0.73 5267
0.73 5266
0.73 5265
0.73 5264
0.73 5263
0.73 5262
0.74 5261
0.74 5260
0.74 5259
0.74 5258
0.74 5257
0.74 5256
0.74 5255
0.74 5254
0.75 5253
0.75 5252
0.75 5251
0.75 5250
0.75 5249
0.75 5248
0.75 5247
0.75 5246
0.75 5245
0.75 5244
0.75 5243
0.75 5242
0.77 5241
0.77 5240
0.77 5239
0.77 5238
0.77 5237
0.77 5236
0.77 5235
0.77 5234
0.77 5233
0.77 5232
0.77 5231
0.77 5230
0.77 5229
0.78 5228
0.78 5227
0.78 5226
0.78 5225
0.78 5224
0.78 5223
0.78 5222
0.78 5221
0.78 5220
0.78 5219
0.78 5218
0.78 5217
0.80 5216
0.80 5215
0.80 5214
0.80 5213
0.80 5212
0.80 5211
0.80 5210
0.80 5209
0.81 5208
0.81 5207
0.81 5206
0.81 5205
0.81 5204
0.81 5203
0.81 5202
0.81 5201
0.83 5200
0.83 5199
0.83 5198
0.83 5197
0.83 5196
0.83 5195
0.83 5194
0.83 5193
0.83 5192
0.85 5191
0.85 5190
0.85 5189
0.85 5188
0.85 5187
0.85 5186
0.85 5185
0.85 5184
0.85 5183
0.85 5182
0.85 5181
0.86 5180
0.86 5179
0.86 5178
0.86 5177
0.86 5176
0.86 5175
0.86 5174
0.86 5173
0.86 5172
0.88 5171
0.88 5170
0.88 5169
0.88 5168
0.88 5167
0.88 5166
0.88 5165
0.88 5164
0.89 5163
0.89 5162
0.89 5161
0.89 5160
0.89 5159
0.89 5158
0.89 5157
0.89 5156
0.89 5155
0.89 5154
0.89 5153
0.89 5152
0.89 5151
0.91 5150
0.91 5149
0.91 5148
0.91 5147
0.91 5146
0.91 5145
0.91 5144
0.91 5143
0.91 5142
0.91 5141
0.91 5140
0.91 5139
0.93 5138
0.93 5137
0.93 5136
0.93 5135
0.93 5134
0.93 5133
0.93 5132
0.93 5131
0.93 5130
0.93 5129
0.93 5128
0.93 5127
0.93 5126
0.94 5125
0.94 5124
0.94 5123
0.94 5122
0.94 5121
0.94 5120
0.94 5119
0.94 5118
0.94 5117
0.94 5116
0.94 5115
0.94 5114
0.94 5113
0.96 5112
0.96 5111
0.96 5110
0.96 5109
0.96 5108
0.96 5107
0.96 5106
0.96 5105
0.96 5104
0.96 5103
0.96 5102
0.96 5101
0.97 5100
0.97 5099
0.97 5098
0.97 5097
0.97 5096
0.97 5095
0.97 5094
0.97 5093
0.97 5092
0.97 5091
0.97 5090
0.99 5089
0.99 5088
0.99 5087
0.99 5086
1.00 5085
1.00 5084
1.00 5083
1.00 5082
1.01 5081
1.01 5080
1.01 5079
1.01 5078
1.01 5077
1.01 5076
1.01 5075
1.01 5074
1.01 5073
1.01 5072
1.01 5071
1.02 5070
1.02 5069
1.02 5068
1.02 5067
1.02 5066
1.02 5065
1.02 5064
1.02 5063
1.02 5062
1.03 5061
1.03 5060
1.03 5059
1.03 5058
1.03 5057
1.03 5056
1.04 5055
1.04 5054
1.04 5053
1.04 5052
1.04 5051
1.04 5050
1.04 5049
1.04 5048
1.04 5047
1.05 5046
1.05 5045
1.05 5044
1.05 5043
1.05 5042
1.05 5041
1.05 5040
1.05 5039
1.06 5038
1.06 5037
1.06 5036
1.06 5035
1.06 5034
1.06 5033
1.06 5032
1.06 5031
1.07 5030
1.07 5029
1.07 5028
1.07 5027
1.07 5026
1.07 5025
1.07 5024
1.07 5023
1.07 5022
1.07 5021
1.07 5020
1.07 5019
1.08 5018
1.08 5017
1.09 5016
1.09 5015
1.09 5014
1.09 5013
1.09 5012
1.09 5011
1.09 5010
1.09 5009
1.10 5008
1.10 5007
1.10 5006
1.10 5005
1.10 5004
1.10 5003
1.10 5002
1.10 5001
1.10 5000
1.11 4999
1.11 4998
1.11 4997
1.11 4996
1.11 4995
1.11 4994
1.11 4993
1.12 4992
1.12 4991
1.12 4990
1.12 4989
1.12 4988
1.12 4987
1.12 4986
1.12 4985
1.12 4984
1.13 4983
1.13 4982
1.13 4981
1.13 4980
1.13 4979
1.13 4978
1.13 4977
1.13 4976
1.14 4975
1.14 4974
1.14 4973
1.14 4972
1.14 4971
1.14 4970
1.14 4969
1.14 4968
1.14 4967
1.15 4966
1.15 4965
1.15 4964
1.15 4963
1.15 4962
1.15 4961
1.15 4960
1.15 4959
1.15 4958
1.16 4957
1.16 4956
1.16 4955
1.16 4954
1.16 4953
1.16 4952
1.16 4951
1.16 4950
1.16 4949
1.16 4948
1.16 4947
1.16 4946
1.16 4945
1.18 4944
1.18 4943
1.18 4942
1.18 4941
1.18 4940
1.18 4939
1.18 4938
1.18 4937
1.18 4936
1.18 4935
1.18 4934
1.18 4933
1.18 4932
1.18 4931
1.18 4930
1.19 4929
1.19 4928
1.19 4927
1.19 4926
1.19 4925
1.19 4924
1.19 4923
1.19 4922
1.19 4921
1.19 4920
1.19 4919
1.19 4918
1.19 4917
1.19 4916
1.21 4915
1.21 4914
1.21 4913
1.21 4912
1.21 4911
1.21 4910
1.21 4909
1.21 4908
1.21 4907
1.21 4906
1.21 4905
1.21 4904
1.21 4903
1.21 4902
1.23 4901
1.23 4900
1.23 4899
1.23 4898
1.23 4897
1.23 4896
1.23 4895
1.23 4894
1.23 4893
1.23 4892
1.23 4891
1.23 4890
1.23 4889
1.23 4888
1.23 4887
1.24 4886
1.24 4885
1.24 4884
1.24 4883
1.24 4882
1.24 4881
1.24 4880
1.24 4879
1.24 4878
1.24 4877
1.24 4876
1.26 4875
1.26 4874
1.26 4873
1.26 4872
1.26 4871
1.26 4870
1.26 4869
1.26 4868
1.26 4867
1.26 4866
1.26 4865
1.26 4864
1.27 4863
1.27 4862
1.27 4861
1.27 4860
1.27 4859
1.27 4858
1.27 4857
1.27 4856
1.27 4855
1.29 4854
1.29 4853
1.29 4852
1.29 4851
1.29 4850
1.29 4849
1.29 4848
1.29 4847
1.29 4846
1.29 4845
1.29 4844
1.30 4843
1.30 4842
1.30 4841
1.30 4840
1.30 4839
1.30 4838
1.30 4837
1.30 4836
1.30 4835
1.30 4834
1.30 4833
1.30 4832
1.30 4831
1.30 4830
1.30 4829
1.32 4828
1.32 4827
1.32 4826
1.32 4825
1.32 4824
1.32 4823
1.32 4822
1.32 4821
1.32 4820
1.32 4819
1.33 4818
1.33 4817
1.33 4816
1.34 4815
1.34 4814
1.34 4813
1.34 4812
1.34 4811
1.34 4810
1.34 4809
1.34 4808
1.34 4807
1.34 4806
1.34 4805
1.34 4804
1.34 4803
1.35 4802
1.35 4801
1.35 4800
1.35 4799
1.35 4798
1.35 4797
1.35 4796
1.35 4795
1.35 4794
1.35 4793
1.35 4792
1.35 4791
1.35 4790
1.35 4789
1.37 4788
1.37 4787
1.37 4786
1.37 4785
1.37 4784
1.37 4783
1.37 4782
1.37 4781
1.37 4780
1.37 4779
1.37 4778
1.37 4777
1.37 4776
1.37 4775
1.38 4774
1.38 4773
1.38 4772
1.38 4771
1.38 4770
1.38 4769
1.38 4768
1.38 4767
1.38 4766
1.38 4765
1.38 4764
1.38 4763
1.38 4762
1.38 4761
1.40 4760
1.40 4759
1.40 4758
1.40 4757
1.40 4756
1.40 4755
1.40 4754
1.40 4753
1.41 4752
1.41 4751
1.41 4750
1.41 4749
1.41 4748
1.41 4747
1.41 4746
1.41 4745
1.41 4744
1.41 4743
1.41 4742
1.41 4741
1.41 4740
1.41 4739
1.41 4738
1.43 4737
1.43 4736
1.43 4735
1.43 4734
1.43 4733
1.43 4732
1.43 4731
1.43 4730
1.43 4729
1.43 4728
1.43 4727
1.45 4726
1.45 4725
1.45 4724
1.45 4723
1.45 4722
1.45 4721
1.45 4720
1.45 4719
1.45 4718
1.45 4717
1.45 4716
1.45 4715
1.45 4714
1.46 4713
1.46 4712
1.46 4711
1.46 4710
1.46 4709
1.46 4708
1.46 4707
1.46 4706
1.46 4705
1.46 4704
1.46 4703
1.46 4702
1.46 4701
1.48 4700
1.48 4699
1.48 4698
1.48 4697
1.48 4696
1.48 4695
1.48 4694
1.48 4693
1.48 4692
1.48 4691
1.48 4690
1.48 4689
1.48 4688
1.49 4687
1.49 4686
1.49 4685
1.49 4684
1.49 4683
1.49 4682
1.49 4681
1.49 4680
1.49 4679
1.49 4678
1.49 4677
1.49 4676
1.51 4675
1.51 4674
1.51 4673
1.51 4672
1.51 4671
1.51 4670
1.51 4669
1.51 4668
1.51 4667
1.51 4666
1.51 4665
1.51 4664
1.51 4663
1.51 4662
1.53 4661
1.53 4660
1.53 4659
1.53 4658
1.53 4657
1.53 4656
1.53 4655
1.53 4654
1.53 4653
1.53 4652
1.53 4651
1.53 4650
1.53 4649
1.53 4648
1.54 4647
1.54 4646
1.54 4645
1.54 4644
1.55 4643
1.55 4642
1.55 4641
1.55 4640
1.55 4639
1.55 4638
1.55 4637
1.56 4636
1.56 4635
1.56 4634
1.56 4633
1.56 4632
1.56 4631
1.56 4630
1.56 4629
1.56 4628
1.56 4627
1.56 4626
1.57 4625
1.57 4624
1.57 4623
1.57 4622
1.58 4621
1.58 4620
1.58 4619
1.58 4618
1.58 4617
1.58 4616
1.58 4615
1.58 4614
1.58 4613
1.58 4612
1.58 4611
1.59 4610
1.59 4609
1.59 4608
1.59 4607
1.59 4606
1.59 4605
1.59 4604
1.59 4603
1.59 4602
1.59 4601
1.59 4600
1.59 4599
1.59 4598
1.60 4597
1.60 4596
1.60 4595
1.60 4594
1.60 4593
1.60 4592
1.60 4591
1.60 4590
1.60 4589
1.60 4588
1.60 4587
1.60 4586
1.60 4585
1.62 4584
1.62 4583
1.62 4582
1.62 4581
1.62 4580
1.62 4579
1.62 4578
1.62 4577
1.62 4576
1.62 4575
1.63 4574
1.63 4573
1.63 4572
1.63 4571
1.64 4570
1.64 4569
1.64 4568
1.64 4567
1.64 4566
1.64 4565
1.64 4564
1.64 4563
1.64 4562
1.64 4561
1.64 4560
1.64 4559
1.64 4558
1.64 4557
1.65 4556
1.65 4555
1.65 4554
1.65 4553
1.65 4552
1.65 4551
1.65 4550
1.65 4549
1.65 4548
1.67 4547
1.67 4546
1.67 4545
1.67 4544
1.67 4543
1.67 4542
1.67 4541
1.67 4540
1.67 4539
1.67 4538
1.67 4537
1.67 4536
1.67 4535
1.68 4534
1.68 4533
1.68 4532
1.68 4531
1.68 4530
1.68 4529
1.68 4528
1.68 4527
1.68 4526
1.68 4525
1.68 4524
1.68 4523
1.68 4522
1.70 4521
1.70 4520
1.70 4519
1.70 4518
1.70 4517
1.70 4516
1.72 4515
1.72 4514
1.72 4513
1.72 4512
1.72 4511
1.72 4510
1.72 4509
1.72 4508
1.72 4507
1.72 4506
1.73 4505
1.73 4504
1.73 4503
1.73 4502
1.73 4501
1.74 4500
1.74 4499
1.74 4498
1.74 4497
1.74 4496
1.74 4495
1.74 4494
1.74 4493
1.75 4492
1.75 4491
1.75 4490
1.75 4489
1.75 4488
1.75 4487
1.75 4486
1.75 4485
1.75 4484
1.75 4483
1.75 4482
1.75 4481
1.75 4480
1.75 4479
1.75 4478
1.75 4477
1.75 4476
1.75 4475
1.75 4474
1.75 4473
1.77 4472
1.77 4471
1.77 4470
1.77 4469
1.77 4468
1.77 4467
1.77 4466
1.77 4465
1.77 4464
1.77 4463
1.77 4462
1.77 4461
1.77 4460
1.78 4459
1.78 4458
1.78 4457
1.78 4456
1.78 4455
1.78 4454
1.78 4453
1.78 4452
1.78 4451
1.78 4450
1.78 4449
1.78 4448
1.78 4447
1.80 4446
1.80 4445
1.80 4444
1.80 4443
1.80 4442
1.80 4441
1.80 4440
1.80 4439
1.80 4438
1.80 4437
1.80 4436
1.80 4435
1.80 4434
1.80 4433
1.80 4432
1.81 4431
1.81 4430
1.81 4429
1.81 4428
1.81 4427
1.81 4426
1.81 4425
1.81 4424
1.81 4423
1.81 4422
1.81 4421
1.83 4420
1.83 4419
1.83 4418
1.83 4417
1.83 4416
1.83 4415
1.83 4414
1.83 4413
1.83 4412
1.83 4411
1.83 4410
1.83 4409
1.83 4408
1.83 4407
1.83 4406
1.85 4405
1.85 4404
1.85 4403
1.85 4402
1.85 4401
1.85 4400
1.85 4399
1.85 4398
1.85 4397
1.85 4396
1.85 4395
1.85 4394
1.85 4393
1.85 4392
1.86 4391
1.86 4390
1.86 4389
1.86 4388
1.86 4387
1.86 4386
1.86 4385
1.86 4384
1.86 4383
1.86 4382
1.86 4381
1.86 4380
1.86 4379
1.86 4378
1.88 4377
1.88 4376
1.88 4375
1.88 4374
1.88 4373
1.88 4372
1.88 4371
1.88 4370
1.88 4369
1.88 4368
1.88 4367
1.88 4366
1.88 4365
1.88 4364
1.88 4363
1.89 4362
1.89 4361
1.89 4360
1.89 4359
1.89 4358
1.89 4357
1.89 4356
1.89 4355
1.89 4354
1.89 4353
1.89 4352
1.89 4351
1.89 4350
1.89 4349
1.89 4348
1.91 4347
1.91 4346
1.91 4345
1.91 4344
1.91 4343
1.91 4342
1.91 4341
1.91 4340
1.91 4339
1.91 4338
1.91 4337
1.91 4336
1.91 4335
1.91 4334
1.91 4333
1.93 4332
1.93 4331
1.93 4330
1.93 4329
1.93 4328
1.93 4327
1.93 4326
1.93 4325
1.93 4324
1.93 4323
1.93 4322
1.93 4321
1.93 4320
1.93 4319
1.94 4318
1.94 4317
1.94 4316
1.94 4315
1.94 4314
1.94 4313
1.94 4312
1.94 4311
1.94 4310
1.94 4309
1.94 4308
1.94 4307
1.94 4306
1.94 4305
1.94 4304
1.96 4303
1.96 4302
1.96 4301
1.96 4300
1.96 4299
1.96 4298
1.96 4297
1.96 4296
1.96 4295
1.96 4294
1.96 4293
1.96 4292
1.96 4291
1.96 4290
1.96 4289
1.97 4288
1.97 4287
1.97 4286
1.97 4285
1.97 4284
1.97 4283
1.97 4282
1.97 4281
1.97 4280
1.97 4279
1.97 4278
1.97 4277
1.97 4276
1.97 4275
1.97 4274
1.99 4273
1.99 4272
1.99 4271
1.99 4270
1.99 4269
1.99 4268
1.99 4267
1.99 4266
1.99 4265
1.99 4264
1.99 4263
1.99 4262
1.99 4261
1.99 4260
2.00 4259
2.00 4258
2.00 4257
2.00 4256
2.00 4255
2.00 4254
2.00 4253
2.00 4252
2.00 4251
2.00 4250
2.00 4249
2.00 4248
2.00 4247
2.00 4246
2.00 4245
2.02 4244
2.02 4243
2.02 4242
2.02 4241
2.02 4240
2.02 4239
2.02 4238
2.02 4237
2.02 4236
2.02 4235
2.02 4234
2.03 4233
2.03 4232
2.03 4231
2.04 4230
2.04 4229
2.04 4228
2.04 4227
2.04 4226
2.04 4225
2.04 4224
2.04 4223
2.04 4222
2.04 4221
2.04 4220
2.04 4219
2.04 4218
2.04 4217
2.04 4216
2.05 4215
2.05 4214
2.05 4213
2.05 4212
2.05 4211
2.05 4210
2.05 4209
2.05 4208
2.05 4207
2.05 4206
2.05 4205
2.05 4204
2.05 4203
2.05 4202
2.07 4201
2.07 4200
2.07 4199
2.07 4198
2.07 4197
2.07 4196
2.07 4195
2.07 4194
2.07 4193
2.07 4192
2.07 4191
2.07 4190
2.07 4189
2.07 4188
2.08 4187
2.08 4186
2.08 4185
2.08 4184
2.08 4183
2.08 4182
2.08 4181
2.08 4180
2.08 4179
2.08 4178
2.08 4177
2.08 4176
2.08 4175
2.08 4174
2.10 4173
2.10 4172
2.10 4171
2.10 4170
2.10 4169
2.10 4168
2.10 4167
2.10 4166
2.10 4165
2.10 4164
2.10 4163
2.10 4162
2.10 4161
2.10 4160
2.11 4159
2.11 4158
2.11 4157
2.11 4156
2.11 4155
2.11 4154
2.11 4153
2.11 4152
2.11 4151
2.11 4150
2.11 4149
2.11 4148
2.11 4147
2.11 4146
2.13 4145
2.13 4144
2.13 4143
2.13 4142
2.13 4141
2.13 4140
2.13 4139
2.13 4138
2.13 4137
2.13 4136
2.13 4135
2.13 4134
2.13 4133
2.13 4132
2.15 4131
2.15 4130
2.15 4129
2.15 4128
2.15 4127
2.15 4126
2.15 4125
2.15 4124
2.15 4123
2.15 4122
2.15 4121
2.15 4120
2.15 4119
2.15 4118
2.16 4117
2.16 4116
2.16 4115
2.16 4114
2.16 4113
2.16 4112
2.16 4111
2.16 4110
2.16 4109
2.16 4108
2.16 4107
2.16 4106
2.16 4105
2.18 4104
2.18 4103
2.18 4102
2.18 4101
2.18 4100
2.18 4099
2.18 4098
2.18 4097
2.18 4096
2.18 4095
2.18 4094
2.18 4093
2.18 4092
2.18 4091
2.19 4090
2.19 4089
2.19 4088
2.19 4087
2.19 4086
2.19 4085
2.19 4084
2.19 4083
2.19 4082
2.19 4081
2.19 4080
2.19 4079
2.19 4078
2.19 4077
2.19 4076
2.21 4075
2.21 4074
2.21 4073
2.21 4072
2.21 4071
2.21 4070
2.21 4069
2.21 4068
2.21 4067
2.21 4066
2.21 4065
2.21 4064
2.21 4063
2.21 4062
2.23 4061
2.23 4060
2.23 4059
2.23 4058
2.23 4057
2.23 4056
2.23 4055
2.23 4054
2.23 4053
2.23 4052
2.23 4051
2.23 4050
2.23 4049
2.23 4048
2.23 4047
2.23 4046
2.24 4045
2.24 4044
2.24 4043
2.24 4042
5.48 3942
5.48 3941
5.48 3940
10.17 3939
10.17 3938
10.17 3937
20.05 3936
