0.78 1999
0.79 1998
0.79 1997
0.79 1996
0.79 1995
0.79 1994
0.79 1993
0.79 1992
0.79 1991
0.79 1990
0.79 1989
0.79 1988
0.79 1987
0.79 1986
0.79 1985
0.79 1984
0.79 1983
0.79 1982
0.79 1981
0.79 1980
0.79 1979
0.79 1978
0.79 1977
0.80 1976
0.80 1975
0.80 1974
0.80 1973
0.80 1972
0.80 1971
0.80 1970
0.80 1969
0.80 1968
0.80 1967
0.80 1966
0.80 1965
0.80 1964
0.81 1963
0.81 1962
0.81 1961
0.81 1960
0.81 1959
0.81 1958
0.81 1957
0.81 1956
0.81 1955
0.81 1954
0.81 1953
0.82 1952
0.82 1951
0.82 1950
0.82 1949
0.82 1948
0.82 1947
0.82 1946
0.82 1945
0.82 1944
0.82 1943
0.82 1942
0.82 1941
0.82 1940
0.82 1939
0.82 1938
0.82 1937
0.82 1936
0.82 1935
0.82 1934
0.82 1933
0.82 1932
0.83 1931
0.83 1930
0.83 1929
0.83 1928
0.83 1927
0.83 1926
0.83 1925
0.83 1924
0.83 1923
0.83 1922
0.83 1921
0.83 1920
0.83 1919
0.83 1918
0.83 1917
0.83 1916
0.83 1915
0.83 1914
0.83 1913
0.83 1912
0.83 1911
0.83 1910
0.83 1909
0.83 1908
0.84 1907
0.84 1906
0.84 1905
0.84 1904
0.84 1903
0.84 1902
0.84 1901
0.84 1900
0.84 1899
0.84 1898
0.84 1897
0.84 1896
0.84 1895
0.84 1894
0.84 1893
0.84 1892
0.84 1891
0.84 1890
0.84 1889
0.84 1888
0.84 1887
0.85 1886
0.85 1885
0.85 1884
0.85 1883
0.85 1882
0.85 1881
0.85 1880
0.85 1879
0.85 1878
0.85 1877
0.85 1876
0.85 1875
0.85 1874
0.85 1873
0.85 1872
0.85 1871
0.85 1870
0.85 1869
0.86 1868
0.86 1867
0.86 1866
0.86 1865
0.86 1864
0.86 1863
0.86 1862
0.86 1861
0.86 1860
0.86 1859
0.86 1858
0.86 1857
0.86 1856
0.86 1855
0.86 1854
0.86 1853
0.86 1852
0.87 1851
0.87 1850
0.87 1849
0.87 1848
0.87 1847
0.87 1846
0.87 1845
0.87 1844
0.87 1843
0.87 1842
0.87 1841
0.87 1840
0.87 1839
0.87 1838
0.87 1837
0.87 1836
0.87 1835
0.87 1834
0.87 1833
0.87 1832
0.87 1831
0.87 1830
0.87 1829
0.87 1828
0.87 1827
0.88 1826
0.88 1825
0.88 1824
0.88 1823
0.88 1822
0.88 1821
0.88 1820
0.88 1819
0.88 1818
0.88 1817
0.88 1816
0.88 1815
0.88 1814
0.88 1813
0.88 1812
0.88 1811
0.88 1810
0.88 1809
0.88 1808
0.88 1807
0.88 1806
0.88 1805
0.88 1804
0.89 1803
0.89 1802
0.89 1801
0.89 1800
0.89 1799
0.89 1798
0.89 1797
0.89 1796
0.89 1795
0.89 1794
0.89 1793
0.89 1792
0.89 1791
0.89 1790
0.89 1789
0.89 1788
0.89 1787
0.89 1786
0.89 1785
0.89 1784
0.89 1783
0.89 1782
0.90 1781
0.90 1780
0.90 1779
0.90 1778
0.90 1777
0.90 1776
0.90 1775
0.90 1774
0.90 1773
0.90 1772
0.90 1771
0.90 1770
0.90 1769
0.90 1768
0.90 1767
0.90 1766
0.90 1765
0.90 1764
0.90 1763
0.90 1762
0.90 1761
0.90 1760
0.90 1759
0.91 1758
0.91 1757
0.91 1756
0.91 1755
0.91 1754
0.91 1753
0.91 1752
0.91 1751
0.91 1750
0.91 1749
0.91 1748
0.91 1747
0.91 1746
0.91 1745
0.91 1744
0.91 1743
0.91 1742
0.91 1741
0.91 1740
0.91 1739
0.91 1738
0.91 1737
0.92 1736
0.92 1735
0.92 1734
0.92 1733
0.92 1732
0.92 1731
0.92 1730
0.92 1729
0.92 1728
0.92 1727
0.92 1726
0.92 1725
0.92 1724
0.92 1723
0.92 1722
0.92 1721
0.92 1720
0.92 1719
0.92 1718
0.92 1717
0.92 1716
0.92 1715
0.92 1714
0.93 1713
0.93 1712
0.93 1711
0.93 1710
0.93 1709
0.93 1708
0.93 1707
0.93 1706
0.93 1705
0.93 1704
0.93 1703
0.93 1702
0.93 1701
0.93 1700
0.93 1699
0.93 1698
0.93 1697
0.93 1696
0.93 1695
0.93 1694
0.93 1693
0.93 1692
0.93 1691
0.93 1690
0.93 1689
0.93 1688
0.94 1687
0.94 1686
0.94 1685
0.94 1684
0.94 1683
0.94 1682
0.94 1681
0.94 1680
0.94 1679
0.94 1678
0.94 1677
0.94 1676
0.94 1675
0.94 1674
0.94 1673
0.94 1672
0.94 1671
0.94 1670
0.94 1669
0.94 1668
0.94 1667
0.95 1666
0.95 1665
0.95 1664
0.95 1663
0.95 1662
0.95 1661
0.95 1660
0.95 1659
0.95 1658
0.95 1657
0.95 1656
0.95 1655
0.95 1654
0.95 1653
0.95 1652
0.95 1651
0.95 1650
0.95 1649
0.95 1648
0.95 1647
0.95 1646
0.95 1645
0.95 1644
0.95 1643
0.96 1642
0.96 1641
0.96 1640
0.96 1639
0.96 1638
0.96 1637
0.96 1636
0.96 1635
0.96 1634
0.96 1633
0.96 1632
0.96 1631
0.96 1630
0.96 1629
0.96 1628
0.96 1627
0.96 1626
0.96 1625
0.96 1624
0.96 1623
0.96 1622
0.96 1621
0.96 1620
0.96 1619
0.97 1618
0.97 1617
0.97 1616
0.97 1615
0.97 1614
0.97 1613
0.97 1612
0.97 1611
0.97 1610
0.97 1609
0.97 1608
0.97 1607
0.97 1606
0.97 1605
0.97 1604
0.97 1603
0.97 1602
0.97 1601
0.97 1600
0.97 1599
0.97 1598
0.97 1597
0.97 1596
0.97 1595
0.98 1594
0.98 1593
0.98 1592
0.98 1591
0.98 1590
0.98 1589
0.98 1588
0.98 1587
0.98 1586
0.98 1585
0.98 1584
0.98 1583
0.98 1582
0.98 1581
0.98 1580
0.98 1579
0.98 1578
0.98 1577
0.98 1576
0.98 1575
0.98 1574
0.98 1573
0.98 1572
0.98 1571
0.99 1570
0.99 1569
0.99 1568
0.99 1567
0.99 1566
0.99 1565
0.99 1564
0.99 1563
0.99 1562
0.99 1561
0.99 1560
0.99 1559
0.99 1558
0.99 1557
0.99 1556
0.99 1555
0.99 1554
0.99 1553
0.99 1552
0.99 1551
0.99 1550
0.99 1549
0.99 1548
0.99 1547
0.99 1546
0.99 1545
0.99 1544
0.99 1543
0.99 1542
0.99 1541
0.99 1540
0.99 1539
0.99 1538
0.99 1537
0.99 1536
0.99 1535
0.99 1534
0.99 1533
0.99 1532
1.00 1531
1.00 1530
1.00 1529
1.00 1528
1.00 1527
1.00 1526
1.00 1525
1.00 1524
1.00 1523
1.00 1522
1.00 1521
1.00 1520
1.00 1519
1.00 1518
1.00 1517
1.00 1516
1.00 1515
1.00 1514
1.00 1513
1.00 1512
1.00 1511
1.00 1510
1.00 1509
1.00 1508
1.00 1507
1.00 1506
1.00 1505
1.00 1504
1.00 1503
1.00 1502
1.00 1501
1.01 1500
1.01 1499
1.01 1498
1.01 1497
1.01 1496
1.02 1495
1.02 1494
1.02 1493
1.02 1492
1.02 1491
1.02 1490
1.02 1489
1.02 1488
1.02 1487
1.02 1486
1.02 1485
1.02 1484
1.02 1483
1.02 1482
1.02 1481
1.02 1480
1.02 1479
1.02 1478
1.02 1477
1.02 1476
1.02 1475
1.02 1474
1.02 1473
1.02 1472
1.02 1471
1.02 1470
1.02 1469
1.02 1468
1.02 1467
1.02 1466
1.02 1465
1.02 1464
1.02 1463
1.02 1462
1.03 1461
1.03 1460
1.03 1459
1.03 1458
1.03 1457
1.03 1456
1.03 1455
1.03 1454
1.03 1453
1.03 1452
1.03 1451
1.03 1450
1.03 1449
1.03 1448
1.04 1447
1.04 1446
1.04 1445
1.04 1444
1.04 1443
1.04 1442
1.04 1441
1.04 1440
1.04 1439
1.04 1438
1.04 1437
1.04 1436
1.04 1435
1.04 1434
1.04 1433
1.04 1432
1.04 1431
1.04 1430
1.04 1429
1.04 1428
1.04 1427
1.04 1426
1.04 1425
1.04 1424
1.04 1423
1.04 1422
1.04 1421
1.04 1420
1.04 1419
1.05 1418
1.05 1417
1.05 1416
1.05 1415
1.05 1414
1.05 1413
1.05 1412
1.05 1411
1.05 1410
1.05 1409
1.05 1408
1.05 1407
1.05 1406
1.05 1405
1.05 1404
1.05 1403
1.05 1402
1.05 1401
1.06 1400
1.06 1399
1.06 1398
1.06 1397
1.06 1396
1.06 1395
1.06 1394
1.06 1393
1.06 1392
1.06 1391
1.06 1390
1.06 1389
1.06 1388
1.06 1387
1.06 1386
1.06 1385
1.06 1384
1.06 1383
1.06 1382
1.06 1381
1.06 1380
1.06 1379
1.06 1378
1.06 1377
1.06 1376
1.06 1375
1.06 1374
1.06 1373
1.06 1372
1.06 1371
1.06 1370
1.06 1369
1.06 1368
1.06 1367
1.06 1366
1.06 1365
1.06 1364
1.06 1363
1.06 1362
1.07 1361
1.07 1360
1.07 1359
1.07 1358
1.07 1357
1.07 1356
1.07 1355
1.07 1354
1.07 1353
1.07 1352
1.07 1351
1.07 1350
1.07 1349
1.08 1348
1.08 1347
1.08 1346
1.08 1345
1.08 1344
1.08 1343
1.08 1342
1.08 1341
1.08 1340
1.08 1339
1.08 1338
1.08 1337
1.08 1336
1.08 1335
1.08 1334
1.08 1333
1.08 1332
1.08 1331
1.08 1330
1.08 1329
1.08 1328
1.09 1327
1.09 1326
1.09 1325
1.09 1324
1.09 1323
1.09 1322
1.09 1321
1.09 1320
1.09 1319
1.09 1318
1.09 1317
1.09 1316
1.09 1315
1.09 1314
1.09 1313
1.09 1312
1.09 1311
1.09 1310
1.09 1309
1.10 1308
1.10 1307
1.10 1306
1.10 1305
1.10 1304
1.10 1303
1.10 1302
1.10 1301
1.10 1300
1.10 1299
1.10 1298
1.10 1297
1.10 1296
1.10 1295
1.10 1294
1.10 1293
1.10 1292
1.10 1291
1.10 1290
1.10 1289
1.10 1288
1.10 1287
1.10 1286
1.10 1285
1.11 1284
1.11 1283
1.11 1282
1.11 1281
1.11 1280
1.11 1279
1.11 1278
1.11 1277
1.11 1276
1.11 1275
1.11 1274
1.11 1273
1.11 1272
1.11 1271
1.11 1270
1.11 1269
1.11 1268
1.11 1267
1.11 1266
1.11 1265
1.11 1264
1.11 1263
1.11 1262
1.11 1261
1.11 1260
1.11 1259
1.12 1258
1.12 1257
1.12 1256
1.12 1255
1.12 1254
1.12 1253
1.12 1252
1.12 1251
1.12 1250
1.12 1249
1.12 1248
1.12 1247
1.12 1246
1.12 1245
1.12 1244
1.12 1243
1.12 1242
1.12 1241
1.12 1240
1.12 1239
1.12 1238
1.12 1237
1.12 1236
1.12 1235
1.12 1234
1.13 1233
1.13 1232
1.13 1231
1.13 1230
1.13 1229
1.13 1228
1.13 1227
1.13 1226
1.13 1225
1.13 1224
1.13 1223
1.13 1222
1.13 1221
1.13 1220
1.13 1219
1.13 1218
1.13 1217
1.13 1216
1.13 1215
1.13 1214
1.13 1213
1.13 1212
1.13 1211
1.13 1210
1.13 1209
1.13 1208
1.13 1207
1.13 1206
1.13 1205
1.13 1204
1.13 1203
1.13 1202
1.14 1201
1.14 1200
1.14 1199
1.14 1198
1.14 1197
1.14 1196
1.14 1195
1.14 1194
1.14 1193
1.14 1192
1.14 1191
1.14 1190
1.14 1189
1.14 1188
1.14 1187
1.14 1186
1.14 1185
1.14 1184
1.14 1183
1.14 1182
1.14 1181
1.15 1180
1.15 1179
1.15 1178
1.15 1177
1.15 1176
1.15 1175
1.15 1174
1.15 1173
1.15 1172
1.15 1171
1.15 1170
1.15 1169
1.15 1168
1.15 1167
1.15 1166
1.15 1165
1.15 1164
1.15 1163
1.15 1162
1.15 1161
1.15 1160
1.15 1159
1.15 1158
1.15 1157
1.15 1156
1.15 1155
1.15 1154
1.15 1153
1.15 1152
1.15 1151
1.15 1150
1.15 1149
1.15 1148
1.16 1147
1.16 1146
1.16 1145
1.16 1144
1.16 1143
1.16 1142
1.16 1141
1.16 1140
1.16 1139
1.16 1138
1.16 1137
1.16 1136
1.16 1135
1.16 1134
1.16 1133
1.16 1132
1.16 1131
1.16 1130
1.16 1129
1.16 1128
1.17 1127
1.17 1126
1.17 1125
1.17 1124
1.17 1123
1.17 1122
1.17 1121
1.17 1120
1.17 1119
1.17 1118
1.17 1117
1.17 1116
1.17 1115
1.17 1114
1.17 1113
1.17 1112
1.17 1111
1.17 1110
1.17 1109
1.17 1108
1.17 1107
1.17 1106
1.18 1105
1.18 1104
1.18 1103
1.18 1102
1.18 1101
1.18 1100
1.18 1099
1.18 1098
1.18 1097
1.18 1096
1.18 1095
1.18 1094
1.18 1093
1.18 1092
1.18 1091
1.18 1090
1.18 1089
1.18 1088
1.18 1087
1.18 1086
1.18 1085
1.18 1084
1.18 1083
1.18 1082
1.18 1081
1.18 1080
1.18 1079
1.18 1078
1.18 1077
1.19 1076
1.19 1075
1.19 1074
1.19 1073
1.19 1072
1.19 1071
1.19 1070
1.19 1069
1.19 1068
1.19 1067
1.19 1066
1.19 1065
1.19 1064
1.19 1063
1.19 1062
1.19 1061
1.19 1060
1.19 1059
1.19 1058
1.20 1057
1.20 1056
1.20 1055
1.20 1054
1.20 1053
1.20 1052
1.20 1051
1.20 1050
1.20 1049
1.20 1048
1.20 1047
1.20 1046
1.20 1045
1.20 1044
1.20 1043
1.20 1042
1.20 1041
1.20 1040
1.20 1039
1.20 1038
1.20 1037
1.20 1036
1.20 1035
1.20 1034
1.20 1033
1.20 1032
1.20 1031
1.21 1030
1.21 1029
1.21 1028
1.21 1027
1.21 1026
1.21 1025
1.21 1024
1.21 1023
1.21 1022
1.21 1021
1.21 1020
1.21 1019
1.21 1018
1.21 1017
1.21 1016
1.21 1015
1.21 1014
1.21 1013
1.21 1012
1.21 1011
1.21 1010
1.21 1009
1.21 1008
1.21 1007
1.21 1006
1.21 1005
1.21 1004
1.22 1003
1.22 1002
1.22 1001
1.22 1000
