0.43 999
0.44 998
0.44 997
0.44 996
0.44 995
0.44 994
0.44 993
0.44 992
0.44 991
0.44 990
0.44 989
0.44 988
0.44 987
0.44 986
0.44 985
0.44 984
0.44 983
0.44 982
0.44 981
0.44 980
0.44 979
0.44 978
0.44 977
0.44 976
0.44 975
0.44 974
0.44 973
0.44 972
0.44 971
0.44 970
0.44 969
0.44 968
0.44 967
0.44 966
0.44 965
0.44 964
0.45 963
0.45 962
0.45 961
0.45 960
0.45 959
0.45 958
0.45 957
0.45 956
0.45 955
0.45 954
0.45 953
0.45 952
0.45 951
0.45 950
0.45 949
0.46 948
0.46 947
0.46 946
0.46 945
0.46 944
0.46 943
0.46 942
0.46 941
0.46 940
0.46 939
0.46 938
0.46 937
0.46 936
0.46 935
0.47 934
2.59 933
