0.02 3735
0.02 3734
0.02 3733
0.02 3732
0.02 3731
0.02 3730
0.02 3729
0.02 3728
0.02 3727
0.02 3726
0.03 3725
0.03 3724
0.03 3723
0.03 3722
0.03 3721
0.03 3720
0.03 3719
0.03 3718
0.03 3717
0.03 3716
0.03 3715
0.03 3714
0.03 3713
0.03 3712
0.03 3711
0.05 3710
0.05 3709
0.05 3708
0.05 3707
0.05 3706
0.05 3705
0.05 3704
0.05 3703
0.05 3702
0.05 3701
0.05 3700
0.05 3699
0.06 3698
0.06 3697
0.06 3696
0.06 3695
0.06 3694
0.06 3693
0.06 3692
0.06 3691
0.06 3690
0.06 3689
0.06 3688
0.06 3687
0.08 3686
0.08 3685
0.08 3684
0.08 3683
0.08 3682
0.08 3681
0.08 3680
0.08 3679
0.08 3678
0.08 3677
0.08 3676
0.09 3675
0.09 3674
0.09 3673
0.09 3672
0.09 3671
0.09 3670
0.09 3669
0.09 3668
0.09 3667
0.09 3666
0.09 3665
0.09 3664
0.13 3663
0.14 3662
0.14 3661
0.14 3660
0.14 3659
0.14 3658
0.14 3657
0.14 3656
0.14 3655
0.14 3654
0.15 3653
0.15 3652
0.15 3651
0.15 3650
0.15 3649
0.15 3648
0.15 3647
0.15 3646
0.15 3645
0.15 3644
0.16 3643
0.16 3642
0.16 3641
0.16 3640
0.16 3639
0.16 3638
0.16 3637
0.16 3636
0.16 3635
0.16 3634
0.16 3633
0.16 3632
0.16 3631
0.16 3630
0.16 3629
0.16 3628
0.16 3627
0.17 3626
0.17 3625
0.17 3624
0.17 3623
0.17 3622
0.17 3621
0.17 3620
0.17 3619
0.17 3618
0.17 3617
0.17 3616
0.17 3615
0.17 3614
0.17 3613
0.17 3612
0.19 3611
0.19 3610
0.19 3609
0.19 3608
0.19 3607
0.19 3606
0.19 3605
0.19 3604
0.19 3603
0.19 3602
0.19 3601
0.19 3600
0.19 3599
0.19 3598
0.19 3597
0.21 3596
0.21 3595
0.21 3594
0.21 3593
0.21 3592
0.21 3591
0.21 3590
0.21 3589
0.21 3588
0.21 3587
0.21 3586
0.21 3585
0.21 3584
0.22 3583
0.22 3582
0.22 3581
0.22 3580
0.22 3579
0.22 3578
0.22 3577
0.22 3576
0.22 3575
0.22 3574
0.22 3573
0.22 3572
0.22 3571
0.22 3570
0.22 3569
0.22 3568
0.22 3567
0.24 3566
0.24 3565
0.24 3564
0.24 3563
0.24 3562
0.24 3561
0.24 3560
0.24 3559
0.24 3558
0.24 3557
0.24 3556
0.24 3555
0.24 3554
0.24 3553
0.24 3552
0.25 3551
0.25 3550
0.25 3549
0.25 3548
0.25 3547
0.25 3546
0.25 3545
0.25 3544
0.25 3543
0.25 3542
0.25 3541
0.25 3540
0.27 3539
0.27 3538
0.27 3537
0.27 3536
0.27 3535
0.27 3534
0.27 3533
0.27 3532
0.27 3531
0.27 3530
0.27 3529
0.27 3528
0.27 3527
0.27 3526
0.27 3525
0.27 3524
0.27 3523
0.27 3522
0.27 3521
0.29 3520
0.29 3519
0.29 3518
0.29 3517
0.29 3516
0.29 3515
0.29 3514
0.29 3513
0.29 3512
0.29 3511
0.29 3510
0.29 3509
0.29 3508
0.29 3507
0.29 3506
0.29 3505
0.29 3504
0.29 3503
0.29 3502
0.29 3501
0.29 3500
0.29 3499
0.30 3498
0.30 3497
0.30 3496
0.30 3495
0.30 3494
0.30 3493
0.30 3492
0.31 3491
0.31 3490
0.31 3489
0.31 3488
0.31 3487
0.31 3486
0.31 3485
0.32 3484
0.32 3483
0.32 3482
0.32 3481
0.32 3480
0.32 3479
0.32 3478
0.32 3477
0.32 3476
0.32 3475
0.32 3474
0.32 3473
0.33 3472
0.33 3471
0.33 3470
0.33 3469
0.33 3468
0.33 3467
0.33 3466
0.33 3465
0.33 3464
0.33 3463
0.33 3462
0.33 3461
0.33 3460
0.33 3459
0.35 3458
0.35 3457
0.35 3456
0.35 3455
0.35 3454
0.36 3453
0.36 3452
0.36 3451
0.36 3450
0.36 3449
0.36 3448
0.36 3447
0.36 3446
0.36 3445
0.36 3444
0.36 3443
0.36 3442
0.36 3441
0.37 3440
0.37 3439
0.37 3438
0.37 3437
0.37 3436
0.37 3435
0.37 3434
0.37 3433
0.37 3432
0.37 3431
0.37 3430
0.37 3429
0.37 3428
0.38 3427
0.38 3426
0.38 3425
0.38 3424
0.38 3423
0.38 3422
0.38 3421
0.38 3420
0.38 3419
0.38 3418
0.38 3417
0.38 3416
0.38 3415
0.38 3414
0.38 3413
0.38 3412
0.38 3411
0.38 3410
0.40 3409
0.40 3408
0.40 3407
0.40 3406
0.40 3405
0.40 3404
0.40 3403
0.40 3402
0.40 3401
0.40 3400
0.40 3399
0.40 3398
0.40 3397
0.40 3396
0.41 3395
0.41 3394
0.41 3393
0.41 3392
0.42 3391
0.42 3390
0.42 3389
0.42 3388
0.42 3387
0.42 3386
0.42 3385
0.42 3384
0.42 3383
0.42 3382
0.43 3381
0.43 3380
0.43 3379
0.43 3378
0.43 3377
0.43 3376
0.43 3375
0.43 3374
0.43 3373
0.43 3372
0.43 3371
0.43 3370
0.43 3369
0.43 3368
0.43 3367
0.43 3366
0.43 3365
0.44 3364
0.45 3363
0.45 3362
0.45 3361
0.45 3360
0.45 3359
0.45 3358
0.45 3357
0.45 3356
0.45 3355
0.45 3354
0.46 3353
0.46 3352
0.46 3351
0.46 3350
0.46 3349
0.46 3348
0.46 3347
0.46 3346
0.46 3345
0.46 3344
0.46 3343
0.46 3342
0.46 3341
0.46 3340
0.46 3339
0.46 3338
0.46 3337
0.46 3336
0.46 3335
0.46 3334
0.46 3333
0.46 3332
0.48 3331
0.48 3330
0.48 3329
0.48 3328
0.48 3327
0.48 3326
0.48 3325
0.48 3324
0.48 3323
0.48 3322
0.48 3321
0.48 3320
0.48 3319
0.48 3318
0.48 3317
0.48 3316
0.48 3315
0.48 3314
0.49 3313
0.49 3312
0.49 3311
0.49 3310
0.49 3309
0.49 3308
0.49 3307
0.49 3306
0.49 3305
0.49 3304
0.49 3303
0.49 3302
0.49 3301
0.49 3300
0.49 3299
0.49 3298
0.49 3297
0.49 3296
0.49 3295
0.49 3294
0.51 3293
0.51 3292
0.51 3291
0.51 3290
0.51 3289
0.51 3288
0.51 3287
0.51 3286
0.51 3285
0.51 3284
0.51 3283
0.51 3282
0.51 3281
0.51 3280
0.51 3279
0.51 3278
0.51 3277
0.51 3276
0.51 3275
0.51 3274
0.51 3273
0.51 3272
0.52 3271
0.52 3270
0.52 3269
0.52 3268
0.52 3267
0.52 3266
0.52 3265
0.52 3264
0.52 3263
0.52 3262
0.52 3261
0.52 3260
0.52 3259
0.52 3258
0.52 3257
0.52 3256
0.52 3255
0.52 3254
0.52 3253
0.52 3252
0.52 3251
0.52 3250
0.52 3249
0.54 3248
0.54 3247
0.54 3246
0.54 3245
0.54 3244
0.54 3243
0.54 3242
0.54 3241
0.54 3240
0.54 3239
0.54 3238
0.54 3237
0.54 3236
0.54 3235
0.54 3234
0.54 3233
0.54 3232
0.54 3231
0.54 3230
0.54 3229
0.54 3228
0.54 3227
0.56 3226
0.56 3225
0.56 3224
0.56 3223
0.56 3222
0.56 3221
0.56 3220
0.56 3219
0.56 3218
0.56 3217
0.56 3216
0.56 3215
0.56 3214
0.56 3213
0.56 3212
0.56 3211
0.56 3210
0.56 3209
0.56 3208
0.56 3207
0.56 3206
0.56 3205
0.57 3204
0.57 3203
0.57 3202
0.57 3201
0.57 3200
0.57 3199
0.57 3198
0.57 3197
0.57 3196
0.57 3195
0.57 3194
0.57 3193
0.57 3192
0.57 3191
0.57 3190
0.57 3189
0.57 3188
0.57 3187
0.57 3186
0.57 3185
0.57 3184
0.57 3183
0.57 3182
0.59 3181
0.59 3180
0.59 3179
0.59 3178
0.59 3177
0.59 3176
0.59 3175
0.59 3174
0.59 3173
0.59 3172
0.59 3171
0.59 3170
0.59 3169
0.59 3168
0.59 3167
0.59 3166
0.59 3165
0.59 3164
0.59 3163
0.59 3162
0.59 3161
0.59 3160
0.59 3159
0.59 3158
0.59 3157
0.60 3156
0.60 3155
0.60 3154
0.60 3153
0.60 3152
0.60 3151
0.60 3150
0.60 3149
0.60 3148
0.60 3147
0.60 3146
0.60 3145
0.60 3144
0.61 3143
0.61 3142
0.61 3141
0.61 3140
0.61 3139
0.61 3138
0.61 3137
0.61 3136
0.61 3135
0.61 3134
0.62 3133
0.62 3132
0.62 3131
0.62 3130
0.62 3129
0.62 3128
0.62 3127
0.62 3126
0.62 3125
0.62 3124
0.62 3123
0.62 3122
0.62 3121
0.62 3120
0.62 3119
0.62 3118
0.62 3117
0.62 3116
0.62 3115
0.62 3114
0.62 3113
0.63 3112
0.63 3111
0.63 3110
0.63 3109
0.63 3108
0.63 3107
0.63 3106
0.63 3105
0.63 3104
0.63 3103
0.63 3102
0.63 3101
0.63 3100
0.63 3099
0.63 3098
0.63 3097
0.63 3096
0.63 3095
0.63 3094
0.63 3093
0.63 3092
0.63 3091
0.65 3090
0.65 3089
0.65 3088
0.65 3087
0.65 3086
0.65 3085
0.65 3084
0.65 3083
0.65 3082
0.65 3081
0.65 3080
0.65 3079
0.65 3078
0.65 3077
0.65 3076
0.65 3075
0.65 3074
0.65 3073
0.65 3072
0.65 3071
0.65 3070
0.65 3069
0.67 3068
0.67 3067
0.67 3066
0.67 3065
0.67 3064
0.67 3063
0.67 3062
0.67 3061
0.67 3060
0.67 3059
0.67 3058
0.67 3057
0.67 3056
0.67 3055
0.67 3054
0.67 3053
0.67 3052
0.67 3051
0.67 3050
0.67 3049
0.67 3048
0.68 3047
0.68 3046
0.68 3045
0.68 3044
0.68 3043
0.68 3042
0.68 3041
0.68 3040
0.68 3039
0.68 3038
0.68 3037
0.68 3036
0.68 3035
0.68 3034
0.68 3033
0.68 3032
0.68 3031
0.68 3030
0.68 3029
0.68 3028
0.68 3027
0.68 3026
0.70 3025
0.70 3024
0.70 3023
0.70 3022
0.70 3021
0.70 3020
0.70 3019
0.70 3018
0.70 3017
0.70 3016
0.70 3015
0.70 3014
0.70 3013
0.70 3012
0.70 3011
0.70 3010
0.70 3009
0.70 3008
0.70 3007
0.70 3006
0.71 3005
0.71 3004
0.71 3003
0.71 3002
0.71 3001
0.71 3000
0.71 2999
0.71 2998
0.71 2997
0.71 2996
0.71 2995
0.71 2994
0.71 2993
0.71 2992
0.71 2991
0.71 2990
0.71 2989
0.71 2988
0.71 2987
0.71 2986
0.71 2985
0.71 2984
0.71 2983
0.71 2982
0.73 2981
0.73 2980
0.73 2979
0.73 2978
0.73 2977
0.73 2976
0.73 2975
0.73 2974
0.73 2973
0.73 2972
0.73 2971
0.73 2970
0.73 2969
0.73 2968
0.73 2967
0.73 2966
0.73 2965
0.73 2964
0.73 2963
0.73 2962
0.73 2961
0.73 2960
0.73 2959
0.74 2958
0.74 2957
0.74 2956
0.74 2955
0.74 2954
0.74 2953
0.74 2952
0.74 2951
0.74 2950
0.74 2949
0.74 2948
0.74 2947
0.74 2946
0.74 2945
0.74 2944
0.74 2943
0.74 2942
0.74 2941
0.74 2940
0.74 2939
0.74 2938
0.74 2937
0.74 2936
0.76 2935
0.76 2934
0.76 2933
0.76 2932
0.76 2931
0.76 2930
0.76 2929
0.76 2928
0.76 2927
0.76 2926
0.76 2925
0.76 2924
0.76 2923
0.76 2922
0.76 2921
0.76 2920
0.76 2919
0.76 2918
0.76 2917
0.76 2916
0.76 2915
0.78 2914
0.78 2913
0.78 2912
0.78 2911
0.78 2910
0.78 2909
0.78 2908
0.78 2907
0.78 2906
0.78 2905
0.78 2904
0.78 2903
0.78 2902
0.78 2901
0.78 2900
0.78 2899
0.78 2898
0.78 2897
0.78 2896
0.78 2895
0.78 2894
0.78 2893
0.78 2892
0.79 2891
0.79 2890
0.79 2889
0.79 2888
0.79 2887
0.79 2886
0.79 2885
0.79 2884
0.79 2883
0.79 2882
0.79 2881
0.79 2880
0.79 2879
0.81 2878
0.81 2877
0.81 2876
0.81 2875
0.81 2874
0.81 2873
0.81 2872
0.81 2871
0.81 2870
0.81 2869
0.81 2868
0.81 2867
0.81 2866
0.81 2865
0.81 2864
0.81 2863
0.82 2862
0.82 2861
0.82 2860
0.82 2859
0.82 2858
0.82 2857
0.82 2856
0.82 2855
0.82 2854
0.82 2853
0.82 2852
0.82 2851
0.82 2850
0.82 2849
0.82 2848
0.82 2847
0.82 2846
0.82 2845
0.82 2844
0.82 2843
0.82 2842
0.82 2841
0.82 2840
0.84 2839
0.84 2838
0.84 2837
0.84 2836
0.84 2835
0.84 2834
0.85 2833
0.85 2832
0.85 2831
0.85 2830
0.85 2829
0.85 2828
0.85 2827
0.85 2826
0.85 2825
0.85 2824
0.85 2823
0.85 2822
0.85 2821
0.86 2820
0.86 2819
0.86 2818
0.86 2817
0.86 2816
0.86 2815
0.86 2814
0.86 2813
0.87 2812
0.87 2811
0.87 2810
0.87 2809
0.87 2808
0.87 2807
0.87 2806
0.88 2805
0.88 2804
0.88 2803
0.88 2802
0.88 2801
0.89 2800
0.89 2799
0.89 2798
0.89 2797
0.89 2796
0.89 2795
0.89 2794
0.89 2793
0.89 2792
0.89 2791
0.89 2790
0.89 2789
0.89 2788
0.90 2787
0.90 2786
0.90 2785
0.90 2784
0.90 2783
0.90 2782
0.90 2781
0.90 2780
0.90 2779
0.90 2778
0.90 2777
0.90 2776
0.90 2775
0.90 2774
0.90 2773
0.90 2772
0.91 2771
0.91 2770
0.91 2769
0.91 2768
0.91 2767
0.91 2766
0.91 2765
0.91 2764
0.91 2763
0.91 2762
0.91 2761
0.91 2760
0.91 2759
0.91 2758
0.91 2757
0.91 2756
0.91 2755
0.91 2754
0.91 2753
0.92 2752
0.92 2751
0.92 2750
0.92 2749
0.92 2748
0.92 2747
0.92 2746
0.92 2745
0.92 2744
0.92 2743
0.92 2742
0.92 2741
0.92 2740
0.92 2739
0.92 2738
0.92 2737
0.92 2736
0.92 2735
0.92 2734
0.92 2733
0.92 2732
0.92 2731
0.92 2730
0.92 2729
0.92 2728
0.92 2727
0.92 2726
0.93 2725
0.93 2724
0.94 2723
0.94 2722
0.94 2721
0.94 2720
0.94 2719
0.94 2718
0.94 2717
0.94 2716
0.94 2715
0.94 2714
0.94 2713
0.94 2712
0.94 2711
0.94 2710
0.94 2709
0.94 2708
0.94 2707
0.94 2706
0.94 2705
0.95 2704
0.95 2703
0.95 2702
0.95 2701
0.95 2700
0.95 2699
0.95 2698
0.95 2697
0.95 2696
0.95 2695
0.95 2694
0.95 2693
0.95 2692
0.95 2691
0.95 2690
0.95 2689
0.95 2688
0.95 2687
0.95 2686
0.95 2685
0.95 2684
0.95 2683
0.95 2682
0.97 2681
0.97 2680
0.97 2679
0.97 2678
0.97 2677
0.97 2676
0.97 2675
0.97 2674
0.97 2673
0.97 2672
0.97 2671
0.97 2670
0.97 2669
0.97 2668
0.97 2667
0.97 2666
0.97 2665
0.97 2664
0.97 2663
0.98 2662
0.98 2661
0.98 2660
0.98 2659
0.98 2658
0.98 2657
0.98 2656
0.98 2655
0.98 2654
0.98 2653
0.98 2652
0.98 2651
0.98 2650
0.98 2649
0.98 2648
0.98 2647
0.98 2646
0.98 2645
1.00 2644
1.00 2643
1.00 2642
1.00 2641
1.00 2640
1.00 2639
1.00 2638
1.00 2637
1.00 2636
1.00 2635
1.00 2634
1.00 2633
1.00 2632
1.00 2631
1.00 2630
1.00 2629
1.00 2628
1.00 2627
1.00 2626
1.00 2625
1.01 2624
1.01 2623
1.01 2622
1.01 2621
1.01 2620
1.01 2619
1.01 2618
1.01 2617
1.01 2616
1.01 2615
1.01 2614
1.01 2613
1.01 2612
1.01 2611
1.01 2610
1.01 2609
1.01 2608
1.01 2607
1.01 2606
1.01 2605
1.01 2604
1.01 2603
1.03 2602
1.03 2601
1.03 2600
1.03 2599
1.03 2598
1.03 2597
1.03 2596
1.03 2595
1.03 2594
1.03 2593
1.03 2592
1.03 2591
1.03 2590
1.03 2589
1.03 2588
1.03 2587
1.03 2586
1.03 2585
1.04 2584
1.04 2583
1.04 2582
1.04 2581
1.04 2580
1.04 2579
1.04 2578
1.04 2577
1.04 2576
1.04 2575
1.04 2574
1.04 2573
1.04 2572
1.04 2571
1.04 2570
1.04 2569
1.04 2568
1.04 2567
1.04 2566
1.04 2565
1.04 2564
1.04 2563
1.04 2562
1.06 2561
1.06 2560
1.06 2559
1.06 2558
1.06 2557
1.06 2556
1.06 2555
1.06 2554
1.06 2553
1.06 2552
1.06 2551
1.06 2550
1.06 2549
1.06 2548
1.06 2547
1.06 2546
1.06 2545
1.08 2544
1.08 2543
1.08 2542
1.08 2541
1.08 2540
1.08 2539
1.08 2538
1.08 2537
1.08 2536
1.08 2535
1.08 2534
1.08 2533
1.08 2532
1.08 2531
1.08 2530
1.08 2529
1.08 2528
1.08 2527
1.08 2526
1.08 2525
1.09 2524
1.09 2523
1.09 2522
1.09 2521
1.09 2520
1.09 2519
1.09 2518
1.09 2517
1.09 2516
1.09 2515
1.09 2514
1.09 2513
1.09 2512
1.09 2511
1.09 2510
1.09 2509
1.09 2508
1.11 2507
1.11 2506
1.11 2505
1.11 2504
1.11 2503
1.11 2502
1.11 2501
1.11 2500
1.11 2499
1.11 2498
1.12 2497
1.12 2496
1.13 2495
1.13 2494
1.13 2493
1.13 2492
1.13 2491
1.13 2490
1.13 2489
1.13 2488
1.13 2487
1.14 2486
1.14 2485
1.14 2484
1.14 2483
1.14 2482
1.14 2481
1.14 2480
1.14 2479
1.14 2478
1.14 2477
1.15 2476
1.15 2475
1.15 2474
1.15 2473
1.15 2472
1.15 2471
1.15 2470
1.15 2469
1.16 2468
1.16 2467
1.16 2466
1.16 2465
1.16 2464
1.16 2463
1.16 2462
1.16 2461
1.16 2460
1.16 2459
1.16 2458
1.16 2457
1.16 2456
1.16 2455
1.16 2454
1.16 2453
1.16 2452
1.16 2451
1.16 2450
1.16 2449
1.16 2448
1.16 2447
1.16 2446
1.16 2445
1.16 2444
1.16 2443
1.17 2442
1.17 2441
1.17 2440
1.17 2439
1.17 2438
1.17 2437
1.17 2436
1.17 2435
1.17 2434
1.17 2433
1.17 2432
1.17 2431
1.17 2430
1.17 2429
1.17 2428
1.17 2427
1.17 2426
1.17 2425
1.17 2424
1.17 2423
1.17 2422
1.17 2421
1.17 2420
1.17 2419
1.17 2418
1.17 2417
1.19 2416
1.19 2415
1.19 2414
1.19 2413
1.19 2412
1.19 2411
1.19 2410
1.19 2409
1.19 2408
1.19 2407
1.19 2406
1.19 2405
1.19 2404
1.19 2403
1.19 2402
1.19 2401
1.19 2400
1.19 2399
1.19 2398
1.19 2397
1.19 2396
1.19 2395
1.19 2394
1.19 2393
1.19 2392
1.21 2391
1.21 2390
1.21 2389
1.21 2388
1.21 2387
1.21 2386
1.21 2385
1.21 2384
1.21 2383
1.21 2382
1.21 2381
1.21 2380
1.21 2379
1.21 2378
1.21 2377
1.21 2376
1.21 2375
1.21 2374
1.21 2373
1.21 2372
1.21 2371
1.21 2370
1.21 2369
1.21 2368
1.22 2367
1.22 2366
1.22 2365
1.22 2364
1.22 2363
1.22 2362
1.22 2361
1.22 2360
1.22 2359
1.22 2358
1.22 2357
1.22 2356
1.22 2355
1.22 2354
1.22 2353
1.22 2352
1.24 2351
1.24 2350
1.24 2349
1.24 2348
1.24 2347
1.24 2346
1.24 2345
1.24 2344
1.24 2343
1.24 2342
1.24 2341
1.24 2340
1.24 2339
1.24 2338
1.24 2337
1.24 2336
1.24 2335
1.24 2334
1.24 2333
1.25 2332
1.25 2331
1.25 2330
1.25 2329
2.59 2275
2.59 2274
2.59 2273
2.59 2272
2.59 2271
2.59 2270
2.59 2269
2.59 2268
2.59 2267
2.60 2266
2.60 2265
2.60 2264
2.60 2263
2.60 2262
7.87 2261
7.87 2260
7.87 2259
7.87 2258
7.89 2257
10.35 2256
18.02 2255
18.02 2254
