0.39 1989
0.39 1988
0.39 1987
0.39 1986
0.39 1985
0.39 1984
0.39 1983
0.39 1982
0.39 1981
0.40 1980
0.40 1979
0.40 1978
0.40 1977
0.40 1976
0.40 1975
0.40 1974
0.40 1973
0.40 1972
0.40 1971
0.40 1970
0.40 1969
0.40 1968
0.40 1967
0.40 1966
0.40 1965
0.40 1964
0.40 1963
0.42 1962
0.42 1961
0.42 1960
0.42 1959
0.42 1958
0.42 1957
0.42 1956
0.42 1955
0.42 1954
0.42 1953
0.42 1952
0.42 1951
0.42 1950
0.42 1949
0.42 1948
0.42 1947
0.42 1946
0.42 1945
0.44 1944
0.44 1943
0.44 1942
0.44 1941
0.44 1940
0.44 1939
0.44 1938
0.44 1937
0.44 1936
0.45 1935
0.45 1934
0.45 1933
0.45 1932
0.46 1931
3.22 1930
3.22 1929
3.22 1928
3.22 1927
3.24 1926
5.90 1925
