1.07 1959
1.07 1958
1.07 1957
1.07 1956
1.07 1955
1.07 1954
1.07 1953
1.07 1952
1.07 1951
1.07 1950
1.07 1949
1.07 1948
1.08 1947
1.08 1946
1.08 1945
1.08 1944
1.08 1943
1.08 1942
1.08 1941
1.08 1940
1.08 1939
1.08 1938
1.08 1937
1.08 1936
1.08 1935
1.08 1934
1.08 1933
1.08 1932
1.08 1931
1.10 1930
1.10 1929
1.10 1928
1.10 1927
1.10 1926
1.10 1925
1.10 1924
1.10 1923
1.10 1922
1.10 1921
1.10 1920
1.10 1919
1.10 1918
1.10 1917
1.10 1916
1.10 1915
1.10 1914
1.10 1913
1.11 1912
1.11 1911
1.11 1910
1.11 1909
1.11 1908
1.11 1907
1.11 1906
1.11 1905
1.11 1904
1.11 1903
1.11 1902
1.11 1901
1.11 1900
1.11 1899
1.11 1898
1.11 1897
1.11 1896
1.13 1895
1.13 1894
1.13 1893
1.13 1892
1.13 1891
1.13 1890
1.13 1889
1.13 1888
1.13 1887
1.13 1886
1.13 1885
1.13 1884
1.13 1883
1.13 1882
1.13 1881
1.14 1880
1.14 1879
1.14 1878
1.14 1877
1.14 1876
1.14 1875
1.14 1874
1.14 1873
1.14 1872
1.14 1871
1.14 1870
1.14 1869
1.14 1868
1.14 1867
1.14 1866
1.14 1865
1.14 1864
1.14 1863
1.15 1862
1.15 1861
1.15 1860
1.15 1859
1.15 1858
1.15 1857
1.15 1856
1.15 1855
1.15 1854
1.15 1853
1.15 1852
1.15 1851
1.15 1850
1.15 1849
1.15 1848
1.15 1847
1.15 1846
1.16 1845
1.16 1844
1.16 1843
1.16 1842
1.16 1841
1.16 1840
1.16 1839
1.17 1838
1.17 1837
1.17 1836
1.17 1835
1.17 1834
1.17 1833
1.17 1832
1.17 1831
1.17 1830
1.17 1829
1.17 1828
1.17 1827
1.17 1826
1.17 1825
1.17 1824
1.17 1823
1.18 1822
1.18 1821
1.18 1820
1.18 1819
1.18 1818
1.18 1817
1.18 1816
1.18 1815
1.18 1814
1.18 1813
1.18 1812
1.18 1811
1.18 1810
1.18 1809
1.18 1808
1.18 1807
1.18 1806
1.18 1805
1.18 1804
1.18 1803
1.18 1802
1.18 1801
1.18 1800
1.19 1799
1.19 1798
1.19 1797
1.19 1796
1.19 1795
1.19 1794
1.19 1793
1.19 1792
1.19 1791
1.19 1790
1.19 1789
1.19 1788
1.19 1787
1.19 1786
1.19 1785
1.19 1784
1.19 1783
1.19 1782
1.19 1781
1.19 1780
1.19 1779
1.19 1778
1.19 1777
1.19 1776
1.21 1775
1.21 1774
1.21 1773
1.21 1772
1.21 1771
1.21 1770
1.21 1769
1.21 1768
1.21 1767
1.21 1766
1.21 1765
1.21 1764
1.21 1763
1.21 1762
1.21 1761
1.21 1760
1.21 1759
1.21 1758
1.21 1757
1.21 1756
1.21 1755
1.21 1754
1.21 1753
1.22 1752
1.22 1751
1.22 1750
1.22 1749
1.23 1748
1.23 1747
1.23 1746
1.23 1745
1.23 1744
1.23 1743
1.23 1742
1.23 1741
1.23 1740
1.23 1739
1.23 1738
1.23 1737
1.23 1736
1.23 1735
1.23 1734
1.23 1733
1.23 1732
1.23 1731
1.23 1730
1.23 1729
1.23 1728
1.23 1727
1.23 1726
1.24 1725
1.24 1724
1.24 1723
1.24 1722
1.24 1721
1.24 1720
1.24 1719
1.24 1718
1.24 1717
1.24 1716
1.24 1715
1.24 1714
1.24 1713
1.24 1712
1.24 1711
1.24 1710
1.24 1709
1.24 1708
1.24 1707
1.24 1706
1.24 1705
1.24 1704
1.24 1703
1.24 1702
1.26 1701
1.26 1700
1.26 1699
1.26 1698
1.26 1697
1.26 1696
1.26 1695
1.26 1694
1.26 1693
1.26 1692
1.26 1691
1.26 1690
1.26 1689
1.26 1688
1.26 1687
1.26 1686
1.26 1685
1.26 1684
1.26 1683
1.26 1682
1.26 1681
1.26 1680
1.26 1679
1.27 1678
1.27 1677
1.27 1676
1.27 1675
1.27 1674
1.27 1673
1.27 1672
1.27 1671
1.27 1670
1.27 1669
1.27 1668
1.27 1667
1.27 1666
1.27 1665
1.27 1664
1.27 1663
1.27 1662
1.27 1661
1.27 1660
1.27 1659
1.29 1658
1.29 1657
1.29 1656
1.29 1655
1.29 1654
1.29 1653
1.29 1652
1.29 1651
1.29 1650
1.29 1649
1.29 1648
1.29 1647
1.29 1646
1.29 1645
1.29 1644
1.29 1643
1.29 1642
1.29 1641
1.29 1640
1.30 1639
1.30 1638
1.30 1637
1.30 1636
1.30 1635
1.30 1634
1.30 1633
1.30 1632
1.30 1631
1.30 1630
1.30 1629
1.30 1628
1.30 1627
1.30 1626
1.30 1625
1.30 1624
1.30 1623
1.30 1622
1.30 1621
1.30 1620
1.32 1619
1.32 1618
1.32 1617
1.32 1616
1.32 1615
1.32 1614
1.32 1613
1.32 1612
1.32 1611
1.32 1610
1.33 1609
1.33 1608
1.33 1607
1.33 1606
1.33 1605
1.33 1604
1.33 1603
1.33 1602
1.33 1601
1.33 1600
1.33 1599
1.33 1598
1.33 1597
1.33 1596
1.33 1595
1.33 1594
1.33 1593
1.33 1592
1.33 1591
1.33 1590
1.33 1589
1.33 1588
1.33 1587
1.33 1586
1.33 1585
1.33 1584
1.33 1583
1.33 1582
1.33 1581
1.33 1580
1.33 1579
1.35 1578
1.35 1577
1.35 1576
1.35 1575
1.35 1574
1.35 1573
1.35 1572
1.35 1571
1.35 1570
1.35 1569
1.35 1568
1.35 1567
1.35 1566
1.35 1565
1.35 1564
1.35 1563
1.35 1562
1.35 1561
1.35 1560
1.35 1559
1.35 1558
1.35 1557
1.35 1556
1.35 1555
1.35 1554
1.35 1553
1.35 1552
1.35 1551
1.37 1550
1.37 1549
1.37 1548
1.37 1547
1.37 1546
1.37 1545
1.37 1544
1.37 1543
1.37 1542
1.37 1541
1.37 1540
1.37 1539
1.37 1538
1.37 1537
1.37 1536
1.37 1535
1.37 1534
1.37 1533
1.37 1532
1.37 1531
1.37 1530
1.37 1529
1.37 1528
1.37 1527
1.37 1526
1.37 1525
1.37 1524
1.38 1523
1.38 1522
1.38 1521
1.38 1520
1.38 1519
1.38 1518
1.38 1517
1.38 1516
1.38 1515
1.38 1514
1.38 1513
1.38 1512
1.38 1511
1.38 1510
1.38 1509
1.38 1508
1.38 1507
1.38 1506
1.38 1505
1.38 1504
1.38 1503
1.38 1502
1.38 1501
1.38 1500
1.38 1499
1.38 1498
1.38 1497
1.38 1496
1.40 1495
1.40 1494
1.40 1493
1.40 1492
1.40 1491
1.40 1490
1.40 1489
1.40 1488
1.40 1487
1.40 1486
1.40 1485
1.40 1484
1.40 1483
1.40 1482
1.40 1481
1.40 1480
1.40 1479
1.40 1478
1.40 1477
1.40 1476
1.40 1475
1.41 1474
1.41 1473
1.41 1472
1.41 1471
1.41 1470
1.41 1469
1.41 1468
1.41 1467
1.41 1466
1.41 1465
1.41 1464
1.41 1463
1.41 1462
1.41 1461
1.41 1460
1.41 1459
1.41 1458
1.41 1457
1.41 1456
1.43 1455
1.43 1454
1.43 1453
1.43 1452
1.43 1451
1.43 1450
1.43 1449
1.43 1448
1.43 1447
1.43 1446
1.43 1445
1.43 1444
1.43 1443
1.43 1442
1.43 1441
1.43 1440
1.43 1439
1.43 1438
1.43 1437
1.43 1436
1.43 1435
1.43 1434
1.43 1433
1.43 1432
1.43 1431
1.43 1430
1.43 1429
1.43 1428
1.43 1427
1.43 1426
1.43 1425
1.43 1424
1.43 1423
1.44 1422
1.44 1421
1.44 1420
1.44 1419
1.44 1418
1.44 1417
1.44 1416
1.44 1415
1.44 1414
1.44 1413
1.44 1412
1.44 1411
1.44 1410
1.44 1409
1.44 1408
1.44 1407
1.44 1406
1.44 1405
1.44 1404
1.44 1403
1.44 1402
1.44 1401
1.44 1400
1.44 1399
1.44 1398
1.44 1397
1.44 1396
1.44 1395
1.46 1394
1.46 1393
1.46 1392
1.46 1391
1.46 1390
1.46 1389
1.46 1388
1.46 1387
1.46 1386
1.46 1385
1.46 1384
1.46 1383
1.46 1382
1.46 1381
1.46 1380
1.46 1379
1.46 1378
1.46 1377
1.46 1376
1.46 1375
1.46 1374
1.46 1373
1.46 1372
1.46 1371
1.46 1370
1.46 1369
1.46 1368
1.46 1367
1.48 1366
1.48 1365
1.48 1364
1.48 1363
1.48 1362
1.48 1361
1.48 1360
1.48 1359
1.48 1358
1.48 1357
1.48 1356
1.48 1355
1.48 1354
1.48 1353
1.48 1352
1.48 1351
1.48 1350
1.48 1349
1.48 1348
1.48 1347
1.48 1346
1.48 1345
1.48 1344
1.48 1343
1.48 1342
1.48 1341
1.49 1340
1.49 1339
1.49 1338
1.49 1337
1.49 1336
1.49 1335
1.49 1334
1.49 1333
1.49 1332
1.49 1331
1.49 1330
1.49 1329
1.49 1328
1.49 1327
1.49 1326
1.49 1325
1.49 1324
1.49 1323
1.49 1322
1.49 1321
1.49 1320
1.49 1319
1.49 1318
1.49 1317
1.49 1316
1.49 1315
1.49 1314
1.49 1313
1.51 1312
1.51 1311
1.51 1310
1.51 1309
1.51 1308
1.51 1307
1.51 1306
1.51 1305
1.51 1304
1.51 1303
1.51 1302
1.51 1301
1.51 1300
1.51 1299
1.51 1298
1.51 1297
1.51 1296
1.51 1295
1.51 1294
1.51 1293
1.51 1292
1.51 1291
1.51 1290
1.51 1289
1.51 1288
1.51 1287
1.51 1286
1.51 1285
1.51 1284
1.51 1283
1.52 1282
1.52 1281
1.52 1280
1.52 1279
1.52 1278
1.52 1277
1.53 1276
1.53 1275
1.53 1274
1.53 1273
1.53 1272
1.53 1271
1.53 1270
1.53 1269
1.53 1268
1.53 1267
1.53 1266
1.53 1265
1.53 1264
1.53 1263
1.53 1262
1.53 1261
1.53 1260
1.54 1259
1.54 1258
1.54 1257
1.54 1256
1.54 1255
1.54 1254
1.54 1253
1.54 1252
1.54 1251
1.54 1250
1.54 1249
1.54 1248
1.54 1247
1.54 1246
1.54 1245
1.54 1244
1.54 1243
1.54 1242
1.54 1241
1.54 1240
1.54 1239
1.54 1238
1.54 1237
1.54 1236
1.54 1235
1.54 1234
1.54 1233
1.54 1232
1.54 1231
1.56 1230
1.56 1229
1.56 1228
1.56 1227
1.56 1226
1.56 1225
1.56 1224
1.56 1223
1.56 1222
1.56 1221
1.56 1220
1.56 1219
1.56 1218
1.56 1217
1.56 1216
1.56 1215
1.56 1214
1.56 1213
1.56 1212
1.56 1211
1.56 1210
1.56 1209
1.56 1208
1.56 1207
1.56 1206
1.56 1205
1.56 1204
1.56 1203
1.56 1202
1.56 1201
1.57 1200
1.57 1199
1.57 1198
1.57 1197
1.57 1196
1.57 1195
1.57 1194
1.57 1193
1.57 1192
1.57 1191
1.57 1190
1.57 1189
1.57 1188
1.57 1187
1.57 1186
1.57 1185
1.57 1184
1.57 1183
1.57 1182
1.57 1181
1.57 1180
1.57 1179
1.57 1178
1.57 1177
1.57 1176
1.57 1175
1.57 1174
1.57 1173
1.57 1172
1.57 1171
1.57 1170
1.59 1169
1.59 1168
1.59 1167
1.59 1166
1.59 1165
1.59 1164
1.59 1163
1.59 1162
1.59 1161
1.59 1160
1.59 1159
1.59 1158
1.59 1157
1.59 1156
1.59 1155
1.59 1154
1.59 1153
1.59 1152
1.59 1151
1.59 1150
1.59 1149
1.59 1148
1.59 1147
1.59 1146
1.59 1145
1.59 1144
1.59 1143
1.59 1142
1.60 1141
1.60 1140
1.60 1139
1.60 1138
1.60 1137
1.60 1136
1.60 1135
1.60 1134
1.60 1133
1.60 1132
1.60 1131
1.60 1130
1.60 1129
1.60 1128
1.60 1127
1.60 1126
1.60 1125
1.60 1124
1.60 1123
1.60 1122
1.60 1121
1.60 1120
1.60 1119
1.60 1118
1.60 1117
1.60 1116
1.60 1115
1.60 1114
1.62 1113
1.62 1112
1.62 1111
1.62 1110
1.62 1109
1.62 1108
1.62 1107
1.62 1106
1.62 1105
1.62 1104
1.62 1103
1.62 1102
1.62 1101
1.62 1100
1.62 1099
1.62 1098
1.63 1097
1.63 1096
1.63 1095
1.63 1094
1.63 1093
1.63 1092
1.63 1091
1.63 1090
1.63 1089
1.63 1088
1.63 1087
1.63 1086
1.63 1085
1.63 1084
1.63 1083
1.63 1082
1.63 1081
1.63 1080
1.63 1079
1.63 1078
1.63 1077
1.63 1076
1.63 1075
1.63 1074
1.63 1073
1.63 1072
1.63 1071
1.63 1070
1.63 1069
1.63 1068
1.63 1067
1.65 1066
1.65 1065
1.65 1064
1.65 1063
1.65 1062
1.65 1061
1.65 1060
1.65 1059
1.65 1058
1.65 1057
1.65 1056
1.65 1055
1.65 1054
1.65 1053
1.65 1052
1.65 1051
1.65 1050
1.65 1049
1.65 1048
1.65 1047
1.65 1046
1.65 1045
1.65 1044
1.65 1043
1.65 1042
1.65 1041
1.67 1040
1.67 1039
1.67 1038
1.67 1037
1.67 1036
1.67 1035
1.67 1034
1.67 1033
1.67 1032
1.67 1031
1.67 1030
1.67 1029
1.67 1028
1.67 1027
1.67 1026
1.67 1025
1.67 1024
1.67 1023
1.67 1022
1.67 1021
1.67 1020
1.67 1019
1.67 1018
1.67 1017
1.67 1016
1.67 1015
1.67 1014
1.67 1013
1.67 1012
1.67 1011
1.68 1010
1.68 1009
1.68 1008
1.68 1007
1.68 1006
1.68 1005
1.68 1004
1.68 1003
1.68 1002
1.68 1001
1.68 1000
1.68 999
1.68 998
1.68 997
1.68 996
1.68 995
1.68 994
1.68 993
1.68 992
1.68 991
1.68 990
1.68 989
1.70 988
1.70 987
1.70 986
1.70 985
1.70 984
1.70 983
1.70 982
1.70 981
1.70 980
