0.40 999
0.40 998
0.40 997
0.40 996
0.40 995
0.40 994
0.40 993
0.40 992
0.40 991
0.41 990
0.41 989
0.41 988
0.41 987
0.41 986
0.41 985
0.41 984
0.41 983
0.41 982
0.41 981
0.41 980
0.41 979
0.41 978
0.42 977
0.42 976
0.42 975
0.42 974
0.42 973
0.42 972
0.42 971
0.42 970
0.42 969
0.42 968
0.42 967
0.42 966
0.42 965
0.42 964
0.42 963
0.42 962
0.42 961
0.42 960
0.42 959
0.42 958
0.42 957
0.42 956
0.42 955
0.42 954
0.42 953
0.42 952
0.43 951
0.43 950
0.43 949
0.43 948
0.43 947
0.43 946
0.43 945
0.43 944
0.43 943
0.43 942
0.43 941
0.44 940
0.44 939
0.44 938
0.44 937
0.44 936
0.44 935
0.44 934
2.40 933
