0.80 1999
0.80 1998
0.80 1997
0.80 1996
0.80 1995
0.80 1994
0.80 1993
0.80 1992
0.81 1991
0.81 1990
0.81 1989
0.81 1988
0.81 1987
0.81 1986
0.81 1985
0.81 1984
0.81 1983
0.81 1982
0.81 1981
0.81 1980
0.81 1979
0.81 1978
0.81 1977
0.81 1976
0.81 1975
0.81 1974
0.81 1973
0.81 1972
0.81 1971
0.81 1970
0.81 1969
0.81 1968
0.81 1967
0.81 1966
0.81 1965
0.81 1964
0.81 1963
0.81 1962
0.81 1961
0.81 1960
0.81 1959
0.81 1958
0.83 1957
0.83 1956
0.83 1955
0.83 1954
0.83 1953
0.83 1952
0.83 1951
0.83 1950
0.83 1949
0.83 1948
0.83 1947
0.83 1946
0.83 1945
0.83 1944
0.83 1943
0.83 1942
0.83 1941
0.83 1940
0.83 1939
0.83 1938
0.83 1937
0.83 1936
0.83 1935
0.83 1934
0.83 1933
0.83 1932
0.83 1931
0.83 1930
0.83 1929
0.83 1928
0.83 1927
0.83 1926
0.83 1925
0.83 1924
0.83 1923
0.84 1922
0.84 1921
0.84 1920
0.84 1919
0.84 1918
0.84 1917
0.84 1916
0.84 1915
0.84 1914
0.84 1913
0.84 1912
0.84 1911
0.84 1910
0.84 1909
0.84 1908
0.84 1907
0.84 1906
0.84 1905
0.84 1904
0.84 1903
0.84 1902
0.84 1901
0.84 1900
0.84 1899
0.84 1898
0.84 1897
0.84 1896
0.84 1895
0.84 1894
0.84 1893
0.84 1892
0.84 1891
0.84 1890
0.84 1889
0.84 1888
0.86 1887
0.86 1886
0.86 1885
0.86 1884
0.86 1883
0.86 1882
0.86 1881
0.86 1880
0.86 1879
0.86 1878
0.86 1877
0.86 1876
0.86 1875
0.86 1874
0.86 1873
0.86 1872
0.86 1871
0.86 1870
0.86 1869
0.86 1868
0.86 1867
0.86 1866
0.86 1865
0.86 1864
0.86 1863
0.86 1862
0.87 1861
0.87 1860
0.87 1859
0.88 1858
0.88 1857
0.88 1856
0.88 1855
0.88 1854
0.88 1853
0.88 1852
0.88 1851
0.88 1850
0.88 1849
0.88 1848
0.88 1847
0.88 1846
0.88 1845
0.88 1844
0.88 1843
0.88 1842
0.88 1841
0.88 1840
0.88 1839
0.88 1838
0.88 1837
0.88 1836
0.88 1835
0.88 1834
0.88 1833
0.88 1832
0.88 1831
0.88 1830
0.89 1829
0.89 1828
0.89 1827
0.89 1826
0.89 1825
0.89 1824
0.89 1823
0.89 1822
0.89 1821
0.89 1820
0.89 1819
0.89 1818
0.89 1817
0.89 1816
0.89 1815
0.89 1814
0.89 1813
0.89 1812
0.89 1811
0.89 1810
0.89 1809
0.89 1808
0.89 1807
0.89 1806
0.89 1805
0.89 1804
0.89 1803
0.89 1802
0.89 1801
0.89 1800
0.89 1799
0.89 1798
0.89 1797
0.89 1796
0.89 1795
0.89 1794
0.91 1793
0.91 1792
0.91 1791
0.91 1790
0.91 1789
0.91 1788
0.91 1787
0.91 1786
0.91 1785
0.91 1784
0.91 1783
0.91 1782
0.91 1781
0.91 1780
0.91 1779
0.91 1778
0.91 1777
0.91 1776
0.91 1775
0.91 1774
0.91 1773
0.91 1772
0.91 1771
0.91 1770
0.91 1769
0.91 1768
0.91 1767
0.91 1766
0.91 1765
0.91 1764
0.91 1763
0.91 1762
0.91 1761
0.91 1760
0.91 1759
0.92 1758
0.92 1757
0.92 1756
0.92 1755
0.92 1754
0.92 1753
0.92 1752
0.92 1751
0.92 1750
0.92 1749
0.92 1748
0.92 1747
0.92 1746
0.92 1745
0.92 1744
0.92 1743
0.92 1742
0.92 1741
0.92 1740
0.92 1739
0.92 1738
0.92 1737
0.92 1736
0.92 1735
0.92 1734
0.92 1733
0.92 1732
0.92 1731
0.92 1730
0.92 1729
0.92 1728
0.92 1727
0.92 1726
0.92 1725
0.92 1724
0.94 1723
0.94 1722
0.94 1721
0.94 1720
0.94 1719
0.94 1718
0.94 1717
0.94 1716
0.94 1715
0.94 1714
0.94 1713
0.94 1712
0.94 1711
0.94 1710
0.94 1709
0.94 1708
0.94 1707
0.94 1706
0.94 1705
0.94 1704
0.94 1703
0.94 1702
0.94 1701
0.94 1700
0.94 1699
0.94 1698
0.94 1697
0.94 1696
0.94 1695
0.94 1694
0.94 1693
0.94 1692
0.94 1691
0.94 1690
0.94 1689
0.95 1688
0.95 1687
0.95 1686
0.95 1685
0.95 1684
0.95 1683
0.95 1682
0.95 1681
0.95 1680
0.95 1679
0.95 1678
0.95 1677
0.95 1676
0.95 1675
0.95 1674
0.95 1673
0.95 1672
0.95 1671
0.95 1670
0.95 1669
0.95 1668
0.95 1667
0.95 1666
0.95 1665
0.95 1664
0.95 1663
0.95 1662
0.95 1661
0.95 1660
0.95 1659
0.95 1658
0.97 1657
0.97 1656
0.97 1655
0.97 1654
0.97 1653
0.97 1652
0.97 1651
0.97 1650
0.97 1649
0.97 1648
0.97 1647
0.97 1646
0.97 1645
0.97 1644
0.97 1643
0.97 1642
0.97 1641
0.97 1640
0.97 1639
0.97 1638
0.97 1637
0.97 1636
0.97 1635
0.97 1634
0.97 1633
0.97 1632
0.97 1631
0.97 1630
0.97 1629
0.97 1628
0.97 1627
0.99 1626
0.99 1625
0.99 1624
0.99 1623
0.99 1622
0.99 1621
0.99 1620
0.99 1619
0.99 1618
0.99 1617
0.99 1616
0.99 1615
0.99 1614
0.99 1613
0.99 1612
0.99 1611
0.99 1610
0.99 1609
0.99 1608
0.99 1607
0.99 1606
0.99 1605
0.99 1604
0.99 1603
0.99 1602
0.99 1601
1.00 1600
1.00 1599
1.00 1598
1.00 1597
1.00 1596
1.00 1595
1.00 1594
1.00 1593
1.00 1592
1.00 1591
1.00 1590
1.00 1589
1.00 1588
1.00 1587
1.00 1586
1.00 1585
1.00 1584
1.00 1583
1.00 1582
1.00 1581
1.00 1580
1.00 1579
1.00 1578
1.00 1577
1.00 1576
1.00 1575
1.00 1574
1.00 1573
1.00 1572
1.02 1571
1.02 1570
1.02 1569
1.02 1568
1.02 1567
1.02 1566
1.02 1565
1.02 1564
1.02 1563
1.02 1562
1.02 1561
1.02 1560
1.02 1559
1.02 1558
1.02 1557
1.02 1556
1.02 1555
1.02 1554
1.02 1553
1.02 1552
1.02 1551
1.02 1550
1.02 1549
1.02 1548
1.02 1547
1.02 1546
1.02 1545
1.02 1544
1.02 1543
1.02 1542
1.02 1541
1.02 1540
1.02 1539
1.02 1538
1.03 1537
1.03 1536
1.03 1535
1.03 1534
1.03 1533
1.03 1532
1.03 1531
1.03 1530
1.03 1529
1.03 1528
1.03 1527
1.03 1526
1.03 1525
1.03 1524
1.03 1523
1.03 1522
1.03 1521
1.03 1520
1.03 1519
1.03 1518
1.03 1517
1.03 1516
1.03 1515
1.03 1514
1.03 1513
1.03 1512
1.03 1511
1.03 1510
1.03 1509
1.03 1508
1.03 1507
1.03 1506
1.03 1505
1.03 1504
1.03 1503
1.05 1502
1.05 1501
1.05 1500
1.05 1499
1.05 1498
1.05 1497
1.05 1496
1.05 1495
1.05 1494
1.05 1493
1.05 1492
1.05 1491
1.05 1490
1.05 1489
1.05 1488
1.05 1487
1.05 1486
1.05 1485
1.05 1484
1.05 1483
1.05 1482
1.05 1481
1.05 1480
1.05 1479
1.05 1478
1.05 1477
1.05 1476
1.05 1475
1.05 1474
1.05 1473
1.05 1472
1.05 1471
1.05 1470
1.05 1469
1.05 1468
1.05 1467
1.07 1466
1.07 1465
1.07 1464
1.07 1463
1.07 1462
1.07 1461
1.07 1460
1.07 1459
1.07 1458
1.07 1457
1.07 1456
1.07 1455
1.07 1454
1.07 1453
1.07 1452
1.07 1451
1.07 1450
1.07 1449
1.07 1448
1.07 1447
1.07 1446
1.07 1445
1.07 1444
1.07 1443
1.07 1442
1.07 1441
1.07 1440
1.07 1439
1.07 1438
1.07 1437
1.07 1436
1.08 1435
1.08 1434
1.08 1433
1.08 1432
1.08 1431
1.08 1430
1.08 1429
1.08 1428
1.08 1427
1.08 1426
1.08 1425
1.08 1424
1.08 1423
1.08 1422
1.08 1421
1.08 1420
1.08 1419
1.08 1418
1.08 1417
1.08 1416
1.08 1415
1.08 1414
1.08 1413
1.08 1412
1.08 1411
1.08 1410
1.08 1409
1.08 1408
1.08 1407
1.10 1406
1.10 1405
1.10 1404
1.10 1403
1.10 1402
1.10 1401
1.10 1400
1.10 1399
1.10 1398
1.10 1397
1.10 1396
1.10 1395
1.10 1394
1.10 1393
1.10 1392
1.10 1391
1.10 1390
1.10 1389
1.10 1388
1.10 1387
1.10 1386
1.10 1385
1.10 1384
1.10 1383
1.10 1382
1.10 1381
1.10 1380
1.10 1379
1.10 1378
1.10 1377
1.11 1376
1.11 1375
1.11 1374
1.11 1373
1.11 1372
1.11 1371
1.11 1370
1.11 1369
1.11 1368
1.11 1367
1.11 1366
1.11 1365
1.11 1364
1.11 1363
1.11 1362
1.11 1361
1.11 1360
1.11 1359
1.11 1358
1.11 1357
1.11 1356
1.11 1355
1.11 1354
1.11 1353
1.11 1352
1.11 1351
1.11 1350
1.11 1349
1.11 1348
1.11 1347
1.11 1346
1.11 1345
1.11 1344
1.11 1343
1.11 1342
1.11 1341
1.13 1340
1.13 1339
1.13 1338
1.13 1337
1.13 1336
1.13 1335
1.13 1334
1.13 1333
1.13 1332
1.13 1331
1.13 1330
1.13 1329
1.13 1328
1.13 1327
1.13 1326
1.13 1325
1.13 1324
1.13 1323
1.13 1322
1.13 1321
1.13 1320
1.13 1319
1.13 1318
1.13 1317
1.13 1316
1.13 1315
1.13 1314
1.13 1313
1.13 1312
1.13 1311
1.13 1310
1.13 1309
1.13 1308
1.13 1307
1.15 1306
1.15 1305
1.15 1304
1.15 1303
1.15 1302
1.15 1301
1.15 1300
1.15 1299
1.15 1298
1.15 1297
1.15 1296
1.15 1295
1.15 1294
1.15 1293
1.15 1292
1.15 1291
1.15 1290
1.15 1289
1.15 1288
1.15 1287
1.15 1286
1.15 1285
1.15 1284
1.15 1283
1.15 1282
1.15 1281
1.15 1280
1.15 1279
1.15 1278
1.15 1277
1.15 1276
1.15 1275
1.15 1274
1.15 1273
1.15 1272
1.15 1271
1.15 1270
1.15 1269
1.15 1268
1.15 1267
1.16 1266
1.16 1265
1.16 1264
1.16 1263
1.16 1262
1.16 1261
1.16 1260
1.16 1259
1.16 1258
1.16 1257
1.16 1256
1.16 1255
1.16 1254
1.16 1253
1.16 1252
1.16 1251
1.16 1250
1.16 1249
1.16 1248
1.16 1247
1.16 1246
1.16 1245
1.16 1244
1.16 1243
1.16 1242
1.17 1241
1.17 1240
1.17 1239
1.17 1238
1.17 1237
1.17 1236
1.18 1235
1.18 1234
1.18 1233
1.18 1232
1.18 1231
1.18 1230
1.18 1229
1.18 1228
1.18 1227
1.18 1226
1.18 1225
1.18 1224
1.18 1223
1.18 1222
1.18 1221
1.18 1220
1.18 1219
1.18 1218
1.18 1217
1.18 1216
1.18 1215
1.18 1214
1.18 1213
1.18 1212
1.18 1211
1.18 1210
1.18 1209
1.18 1208
1.18 1207
1.18 1206
1.18 1205
1.18 1204
1.18 1203
1.18 1202
1.18 1201
1.19 1200
1.19 1199
1.19 1198
1.19 1197
1.19 1196
1.19 1195
1.19 1194
1.19 1193
1.19 1192
1.19 1191
1.19 1190
1.19 1189
1.19 1188
1.19 1187
1.19 1186
1.19 1185
1.19 1184
1.19 1183
1.19 1182
1.19 1181
1.19 1180
1.19 1179
1.19 1178
1.19 1177
1.19 1176
1.19 1175
1.19 1174
1.19 1173
1.19 1172
1.19 1171
1.19 1170
1.19 1169
1.19 1168
1.19 1167
1.19 1166
1.19 1165
1.19 1164
1.19 1163
1.21 1162
1.21 1161
1.21 1160
1.21 1159
1.21 1158
1.21 1157
1.21 1156
1.21 1155
1.21 1154
1.21 1153
1.21 1152
1.21 1151
1.21 1150
1.21 1149
1.21 1148
1.21 1147
1.21 1146
1.21 1145
1.21 1144
1.21 1143
1.21 1142
1.21 1141
1.21 1140
1.21 1139
1.21 1138
1.21 1137
1.21 1136
1.21 1135
1.21 1134
1.21 1133
1.21 1132
1.21 1131
1.21 1130
1.21 1129
1.21 1128
1.21 1127
1.21 1126
1.21 1125
1.22 1124
1.22 1123
1.22 1122
1.22 1121
1.22 1120
1.22 1119
1.22 1118
1.22 1117
1.22 1116
1.22 1115
1.22 1114
1.22 1113
1.22 1112
1.22 1111
1.22 1110
1.22 1109
1.22 1108
1.22 1107
1.22 1106
1.22 1105
1.22 1104
1.22 1103
1.22 1102
1.22 1101
1.22 1100
1.22 1099
1.22 1098
1.22 1097
1.22 1096
1.22 1095
1.22 1094
1.22 1093
1.22 1092
1.22 1091
1.24 1090
1.24 1089
1.24 1088
1.24 1087
1.24 1086
1.24 1085
1.24 1084
1.24 1083
1.24 1082
1.24 1081
1.24 1080
1.24 1079
1.24 1078
1.24 1077
1.24 1076
1.24 1075
1.24 1074
1.24 1073
1.24 1072
1.24 1071
1.24 1070
1.24 1069
1.26 1068
1.26 1067
1.26 1066
1.26 1065
1.26 1064
1.26 1063
1.26 1062
1.26 1061
1.26 1060
1.26 1059
1.26 1058
1.26 1057
1.26 1056
1.26 1055
1.26 1054
1.26 1053
1.26 1052
1.26 1051
1.26 1050
1.26 1049
1.26 1048
1.27 1047
1.27 1046
1.27 1045
1.27 1044
1.27 1043
1.27 1042
1.27 1041
1.27 1040
1.27 1039
1.27 1038
1.27 1037
1.27 1036
1.27 1035
1.27 1034
1.27 1033
1.27 1032
1.27 1031
1.27 1030
1.27 1029
1.27 1028
1.27 1027
1.27 1026
1.27 1025
1.27 1024
1.27 1023
1.27 1022
1.27 1021
1.28 1020
1.28 1019
1.28 1018
1.28 1017
1.28 1016
1.28 1015
1.28 1014
1.28 1013
1.28 1012
1.28 1011
1.28 1010
1.28 1009
1.28 1008
1.28 1007
1.28 1006
1.28 1005
1.28 1004
1.28 1003
1.28 1002
1.28 1001
1.28 1000
