0.81 1999
0.81 1998
0.81 1997
0.81 1996
0.81 1995
0.81 1994
0.81 1993
0.81 1992
0.81 1991
0.81 1990
0.81 1989
0.81 1988
0.81 1987
0.81 1986
0.81 1985
0.81 1984
0.81 1983
0.81 1982
0.81 1981
0.81 1980
0.81 1979
0.81 1978
0.81 1977
0.81 1976
0.81 1975
0.81 1974
0.81 1973
0.81 1972
0.81 1971
0.81 1970
0.81 1969
0.83 1968
0.83 1967
0.83 1966
0.83 1965
0.83 1964
0.83 1963
0.83 1962
0.83 1961
0.83 1960
0.83 1959
0.83 1958
0.83 1957
0.83 1956
0.83 1955
0.83 1954
0.83 1953
0.83 1952
0.83 1951
0.83 1950
0.83 1949
0.83 1948
0.83 1947
0.83 1946
0.83 1945
0.83 1944
0.83 1943
0.83 1942
0.83 1941
0.83 1940
0.83 1939
0.83 1938
0.83 1937
0.83 1936
0.83 1935
0.83 1934
0.84 1933
0.84 1932
0.84 1931
0.84 1930
0.84 1929
0.84 1928
0.84 1927
0.84 1926
0.84 1925
0.84 1924
0.84 1923
0.84 1922
0.84 1921
0.84 1920
0.84 1919
0.84 1918
0.84 1917
0.84 1916
0.84 1915
0.84 1914
0.84 1913
0.84 1912
0.84 1911
0.84 1910
0.84 1909
0.84 1908
0.84 1907
0.84 1906
0.84 1905
0.84 1904
0.84 1903
0.84 1902
0.84 1901
0.84 1900
0.84 1899
0.84 1898
0.86 1897
0.86 1896
0.86 1895
0.86 1894
0.86 1893
0.86 1892
0.86 1891
0.86 1890
0.86 1889
0.86 1888
0.86 1887
0.86 1886
0.86 1885
0.86 1884
0.86 1883
0.86 1882
0.86 1881
0.86 1880
0.86 1879
0.86 1878
0.86 1877
0.86 1876
0.86 1875
0.86 1874
0.86 1873
0.86 1872
0.86 1871
0.86 1870
0.86 1869
0.86 1868
0.86 1867
0.86 1866
0.86 1865
0.86 1864
0.87 1863
0.87 1862
0.87 1861
0.87 1860
0.87 1859
0.87 1858
0.87 1857
0.87 1856
0.87 1855
0.87 1854
0.87 1853
0.87 1852
0.87 1851
0.87 1850
0.87 1849
0.87 1848
0.87 1847
0.87 1846
0.87 1845
0.87 1844
0.87 1843
0.87 1842
0.87 1841
0.87 1840
0.87 1839
0.87 1838
0.87 1837
0.87 1836
0.87 1835
0.87 1834
0.87 1833
0.87 1832
0.87 1831
0.87 1830
0.87 1829
0.87 1828
0.89 1827
0.89 1826
0.89 1825
0.89 1824
0.89 1823
0.89 1822
0.89 1821
0.89 1820
0.89 1819
0.89 1818
0.89 1817
0.89 1816
0.89 1815
0.89 1814
0.89 1813
0.89 1812
0.89 1811
0.89 1810
0.89 1809
0.89 1808
0.89 1807
0.89 1806
0.89 1805
0.89 1804
0.89 1803
0.89 1802
0.89 1801
0.89 1800
0.89 1799
0.90 1798
0.90 1797
0.90 1796
0.90 1795
0.90 1794
0.90 1793
0.90 1792
0.90 1791
0.90 1790
0.90 1789
0.90 1788
0.90 1787
0.90 1786
0.90 1785
0.90 1784
0.90 1783
0.90 1782
0.90 1781
0.90 1780
0.90 1779
0.90 1778
0.90 1777
0.90 1776
0.90 1775
0.90 1774
0.92 1773
0.92 1772
0.92 1771
0.92 1770
0.92 1769
0.92 1768
0.92 1767
0.92 1766
0.92 1765
0.92 1764
0.92 1763
0.92 1762
0.92 1761
0.92 1760
0.92 1759
0.92 1758
0.92 1757
0.92 1756
0.92 1755
0.92 1754
0.92 1753
0.92 1752
0.92 1751
0.92 1750
0.92 1749
0.92 1748
0.92 1747
0.92 1746
0.92 1745
0.94 1744
0.94 1743
0.94 1742
0.94 1741
0.94 1740
0.94 1739
0.94 1738
0.94 1737
0.94 1736
0.94 1735
0.94 1734
0.94 1733
0.94 1732
0.94 1731
0.94 1730
0.94 1729
0.94 1728
0.94 1727
0.94 1726
0.94 1725
0.94 1724
0.94 1723
0.94 1722
0.94 1721
0.94 1720
0.94 1719
0.94 1718
0.94 1717
0.94 1716
0.94 1715
0.94 1714
0.94 1713
0.94 1712
0.95 1711
0.95 1710
0.95 1709
0.95 1708
0.95 1707
0.95 1706
0.95 1705
0.95 1704
0.95 1703
0.95 1702
0.95 1701
0.95 1700
0.95 1699
0.95 1698
0.95 1697
0.95 1696
0.95 1695
0.95 1694
0.95 1693
0.95 1692
0.95 1691
0.95 1690
0.95 1689
0.95 1688
0.95 1687
0.95 1686
0.95 1685
0.95 1684
0.95 1683
0.95 1682
0.95 1681
0.95 1680
0.97 1679
0.97 1678
0.97 1677
0.97 1676
0.97 1675
0.97 1674
0.97 1673
0.97 1672
0.97 1671
0.97 1670
0.97 1669
0.97 1668
0.97 1667
0.97 1666
0.97 1665
0.97 1664
0.97 1663
0.97 1662
0.97 1661
0.97 1660
0.97 1659
0.97 1658
0.97 1657
0.97 1656
0.97 1655
0.97 1654
0.97 1653
0.97 1652
0.97 1651
0.98 1650
0.98 1649
0.98 1648
0.98 1647
0.98 1646
0.98 1645
0.98 1644
0.98 1643
0.98 1642
0.98 1641
0.98 1640
0.98 1639
0.98 1638
0.98 1637
0.98 1636
0.98 1635
0.98 1634
0.98 1633
0.98 1632
0.98 1631
0.98 1630
0.98 1629
0.98 1628
0.98 1627
0.98 1626
0.98 1625
0.98 1624
0.98 1623
0.98 1622
0.98 1621
0.98 1620
0.98 1619
0.98 1618
0.98 1617
0.98 1616
1.00 1615
1.00 1614
1.00 1613
1.00 1612
1.00 1611
1.00 1610
1.00 1609
1.00 1608
1.00 1607
1.00 1606
1.00 1605
1.00 1604
1.00 1603
1.00 1602
1.00 1601
1.00 1600
1.00 1599
1.00 1598
1.00 1597
1.00 1596
1.00 1595
1.00 1594
1.00 1593
1.00 1592
1.00 1591
1.00 1590
1.00 1589
1.00 1588
1.00 1587
1.00 1586
1.00 1585
1.00 1584
1.00 1583
1.00 1582
1.00 1581
1.00 1580
1.00 1579
1.00 1578
1.00 1577
1.02 1576
1.02 1575
1.02 1574
1.02 1573
1.02 1572
1.02 1571
1.02 1570
1.02 1569
1.02 1568
1.02 1567
1.02 1566
1.02 1565
1.02 1564
1.02 1563
1.02 1562
1.02 1561
1.02 1560
1.02 1559
1.02 1558
1.02 1557
1.02 1556
1.02 1555
1.02 1554
1.02 1553
1.02 1552
1.02 1551
1.02 1550
1.02 1549
1.02 1548
1.02 1547
1.02 1546
1.02 1545
1.02 1544
1.02 1543
1.02 1542
1.02 1541
1.02 1540
1.02 1539
1.03 1538
1.03 1537
1.03 1536
1.03 1535
1.03 1534
1.03 1533
1.03 1532
1.03 1531
1.03 1530
1.03 1529
1.03 1528
1.03 1527
1.03 1526
1.03 1525
1.03 1524
1.03 1523
1.03 1522
1.03 1521
1.03 1520
1.03 1519
1.03 1518
1.03 1517
1.03 1516
1.03 1515
1.03 1514
1.03 1513
1.03 1512
1.03 1511
1.03 1510
1.03 1509
1.03 1508
1.04 1507
1.04 1506
1.04 1505
1.04 1504
1.04 1503
1.04 1502
1.04 1501
1.05 1500
1.05 1499
1.05 1498
1.05 1497
1.05 1496
1.05 1495
1.05 1494
1.05 1493
1.05 1492
1.05 1491
1.05 1490
1.05 1489
1.05 1488
1.05 1487
1.05 1486
1.05 1485
1.05 1484
1.05 1483
1.05 1482
1.05 1481
1.05 1480
1.05 1479
1.05 1478
1.05 1477
1.05 1476
1.05 1475
1.05 1474
1.05 1473
1.05 1472
1.05 1471
1.05 1470
1.05 1469
1.05 1468
1.05 1467
1.05 1466
1.05 1465
1.05 1464
1.05 1463
1.05 1462
1.06 1461
1.06 1460
1.06 1459
1.06 1458
1.06 1457
1.06 1456
1.06 1455
1.06 1454
1.06 1453
1.06 1452
1.06 1451
1.06 1450
1.06 1449
1.06 1448
1.06 1447
1.06 1446
1.06 1445
1.06 1444
1.06 1443
1.06 1442
1.06 1441
1.06 1440
1.06 1439
1.06 1438
1.06 1437
1.06 1436
1.06 1435
1.06 1434
1.06 1433
1.06 1432
1.06 1431
1.06 1430
1.06 1429
1.06 1428
1.06 1427
1.06 1426
1.06 1425
1.08 1424
1.08 1423
1.08 1422
1.08 1421
1.08 1420
1.08 1419
1.08 1418
1.08 1417
1.08 1416
1.08 1415
1.08 1414
1.08 1413
1.08 1412
1.08 1411
1.08 1410
1.08 1409
1.08 1408
1.08 1407
1.08 1406
1.08 1405
1.08 1404
1.08 1403
1.08 1402
1.08 1401
1.08 1400
1.08 1399
1.08 1398
1.08 1397
1.08 1396
1.08 1395
1.08 1394
1.08 1393
1.08 1392
1.08 1391
1.08 1390
1.08 1389
1.08 1388
1.08 1387
1.09 1386
1.09 1385
1.09 1384
1.09 1383
1.09 1382
1.09 1381
1.09 1380
1.09 1379
1.09 1378
1.09 1377
1.09 1376
1.09 1375
1.09 1374
1.09 1373
1.09 1372
1.09 1371
1.09 1370
1.09 1369
1.09 1368
1.09 1367
1.09 1366
1.09 1365
1.09 1364
1.09 1363
1.09 1362
1.09 1361
1.09 1360
1.09 1359
1.09 1358
1.09 1357
1.09 1356
1.09 1355
1.09 1354
1.09 1353
1.09 1352
1.09 1351
1.09 1350
1.09 1349
1.09 1348
1.11 1347
1.11 1346
1.11 1345
1.11 1344
1.11 1343
1.11 1342
1.11 1341
1.11 1340
1.11 1339
1.11 1338
1.11 1337
1.11 1336
1.11 1335
1.11 1334
1.11 1333
1.11 1332
1.11 1331
1.11 1330
1.11 1329
1.11 1328
1.11 1327
1.11 1326
1.11 1325
1.11 1324
1.11 1323
1.11 1322
1.11 1321
1.11 1320
1.11 1319
1.11 1318
1.11 1317
1.11 1316
1.11 1315
1.11 1314
1.13 1313
1.13 1312
1.13 1311
1.13 1310
1.13 1309
1.13 1308
1.13 1307
1.13 1306
1.13 1305
1.13 1304
1.13 1303
1.13 1302
1.13 1301
1.13 1300
1.13 1299
1.13 1298
1.13 1297
1.13 1296
1.13 1295
1.13 1294
1.13 1293
1.13 1292
1.13 1291
1.13 1290
1.13 1289
1.13 1288
1.13 1287
1.13 1286
1.13 1285
1.13 1284
1.13 1283
1.13 1282
1.13 1281
1.13 1280
1.13 1279
1.13 1278
1.13 1277
1.13 1276
1.13 1275
1.13 1274
1.14 1273
1.14 1272
1.14 1271
1.14 1270
1.14 1269
1.14 1268
1.14 1267
1.14 1266
1.14 1265
1.14 1264
1.14 1263
1.14 1262
1.14 1261
1.14 1260
1.14 1259
1.14 1258
1.14 1257
1.14 1256
1.14 1255
1.14 1254
1.14 1253
1.14 1252
1.14 1251
1.14 1250
1.14 1249
1.14 1248
1.14 1247
1.14 1246
1.14 1245
1.14 1244
1.14 1243
1.14 1242
1.14 1241
1.14 1240
1.14 1239
1.14 1238
1.14 1237
1.14 1236
1.14 1235
1.14 1234
1.14 1233
1.16 1232
1.16 1231
1.16 1230
1.16 1229
1.16 1228
1.16 1227
1.16 1226
1.16 1225
1.16 1224
1.16 1223
1.16 1222
1.16 1221
1.16 1220
1.16 1219
1.16 1218
1.16 1217
1.16 1216
1.16 1215
1.16 1214
1.16 1213
1.16 1212
1.16 1211
1.16 1210
1.16 1209
1.16 1208
1.16 1207
1.16 1206
1.16 1205
1.16 1204
1.16 1203
1.16 1202
1.16 1201
1.16 1200
1.16 1199
1.16 1198
1.16 1197
1.16 1196
1.16 1195
1.16 1194
1.16 1193
1.16 1192
1.17 1191
1.17 1190
1.17 1189
1.17 1188
1.17 1187
1.17 1186
1.17 1185
1.17 1184
1.17 1183
1.17 1182
1.17 1181
1.17 1180
1.17 1179
1.17 1178
1.17 1177
1.17 1176
1.17 1175
1.17 1174
1.17 1173
1.17 1172
1.17 1171
1.17 1170
1.17 1169
1.17 1168
1.17 1167
1.17 1166
1.17 1165
1.17 1164
1.17 1163
1.17 1162
1.17 1161
1.17 1160
1.17 1159
1.17 1158
1.17 1157
1.17 1156
1.17 1155
1.17 1154
1.17 1153
1.17 1152
1.17 1151
1.19 1150
1.19 1149
1.19 1148
1.19 1147
1.19 1146
1.19 1145
1.19 1144
1.19 1143
1.19 1142
1.19 1141
1.19 1140
1.19 1139
1.19 1138
1.19 1137
1.19 1136
1.19 1135
1.19 1134
1.19 1133
1.19 1132
1.19 1131
1.19 1130
1.19 1129
1.19 1128
1.19 1127
1.19 1126
1.19 1125
1.19 1124
1.19 1123
1.19 1122
1.19 1121
1.19 1120
1.19 1119
1.19 1118
1.19 1117
1.19 1116
1.19 1115
1.19 1114
1.19 1113
1.19 1112
1.19 1111
1.19 1110
1.19 1109
1.21 1108
1.21 1107
1.21 1106
1.21 1105
1.21 1104
1.21 1103
1.21 1102
1.21 1101
1.21 1100
1.21 1099
1.21 1098
1.21 1097
1.21 1096
1.21 1095
1.21 1094
1.21 1093
1.21 1092
1.21 1091
1.21 1090
1.21 1089
1.21 1088
1.21 1087
1.21 1086
1.21 1085
1.21 1084
1.21 1083
1.21 1082
1.21 1081
1.21 1080
1.21 1079
1.21 1078
1.21 1077
1.21 1076
1.21 1075
1.21 1074
1.21 1073
1.21 1072
1.21 1071
1.21 1070
1.21 1069
1.21 1068
1.21 1067
1.21 1066
1.22 1065
1.22 1064
1.22 1063
1.22 1062
1.22 1061
1.22 1060
1.22 1059
1.22 1058
1.22 1057
1.22 1056
1.22 1055
1.22 1054
1.22 1053
1.22 1052
1.22 1051
1.22 1050
1.22 1049
1.22 1048
1.22 1047
1.22 1046
1.22 1045
1.22 1044
1.22 1043
1.22 1042
1.22 1041
1.22 1040
1.22 1039
1.22 1038
1.22 1037
1.22 1036
1.22 1035
1.22 1034
1.22 1033
1.22 1032
1.22 1031
1.22 1030
1.22 1029
1.22 1028
1.22 1027
1.22 1026
1.22 1025
1.22 1024
1.22 1023
1.22 1022
1.24 1021
1.24 1020
1.24 1019
1.24 1018
1.24 1017
1.24 1016
1.24 1015
1.24 1014
1.24 1013
1.24 1012
1.24 1011
1.24 1010
1.24 1009
1.24 1008
1.24 1007
1.24 1006
1.24 1005
1.24 1004
1.24 1003
1.24 1002
1.24 1001
1.24 1000
