1.43 1499
1.43 1498
1.43 1497
1.43 1496
1.43 1495
1.43 1494
1.43 1493
1.43 1492
1.43 1491
1.43 1490
1.44 1489
1.44 1488
1.44 1487
1.44 1486
1.44 1485
1.44 1484
1.44 1483
1.44 1482
1.45 1481
1.45 1480
1.45 1479
1.45 1478
1.45 1477
1.45 1476
1.45 1475
1.45 1474
1.45 1473
1.45 1472
1.45 1471
1.45 1470
1.45 1469
1.45 1468
1.46 1467
1.46 1466
1.46 1465
1.46 1464
1.46 1463
1.46 1462
1.47 1461
1.47 1460
1.47 1459
1.47 1458
1.47 1457
1.48 1456
1.48 1455
1.48 1454
1.48 1453
1.48 1452
1.48 1451
1.48 1450
1.49 1449
1.49 1448
1.50 1447
1.50 1446
1.50 1445
1.51 1444
5.12 1441
5.12 1440
5.13 1439
