0.03 5677
0.03 5676
0.03 5675
0.03 5674
0.03 5673
0.05 5672
0.05 5671
0.05 5670
0.05 5669
0.05 5668
0.05 5667
0.05 5666
0.05 5665
0.05 5664
0.05 5663
0.06 5662
0.06 5661
0.06 5660
0.06 5659
0.06 5658
0.06 5657
0.06 5656
0.06 5655
0.06 5654
0.08 5653
0.08 5652
0.08 5651
0.08 5650
0.08 5649
0.08 5648
0.08 5647
0.08 5646
0.08 5645
0.08 5644
0.08 5643
0.09 5642
0.09 5641
0.09 5640
0.09 5639
0.09 5638
0.09 5637
0.11 5636
0.11 5635
0.11 5634
0.11 5633
0.11 5632
0.11 5631
0.11 5630
0.11 5629
0.11 5628
0.13 5627
0.13 5626
0.13 5625
0.13 5624
0.13 5623
0.13 5622
0.13 5621
0.13 5620
0.13 5619
0.14 5618
0.14 5617
0.14 5616
0.14 5615
0.14 5614
0.14 5613
0.14 5612
0.16 5611
0.16 5610
0.16 5609
0.16 5608
0.16 5607
0.16 5606
0.16 5605
0.16 5604
0.16 5603
0.17 5602
0.17 5601
0.17 5600
0.17 5599
0.17 5598
0.18 5597
0.18 5596
0.18 5595
0.18 5594
0.19 5593
0.19 5592
0.19 5591
0.19 5590
0.19 5589
0.19 5588
0.19 5587
0.19 5586
0.19 5585
0.21 5584
0.21 5583
0.21 5582
0.21 5581
0.21 5580
0.21 5579
0.21 5578
0.21 5577
0.21 5576
0.22 5575
0.22 5574
0.22 5573
0.22 5572
0.22 5571
0.22 5570
0.22 5569
0.22 5568
0.22 5567
0.24 5566
0.24 5565
0.24 5564
0.24 5563
0.24 5562
0.24 5561
0.24 5560
0.24 5559
0.24 5558
0.24 5557
0.25 5556
0.25 5555
0.25 5554
0.25 5553
0.25 5552
0.25 5551
0.25 5550
0.25 5549
0.25 5548
0.25 5547
0.27 5546
0.27 5545
0.27 5544
0.27 5543
0.27 5542
0.27 5541
0.27 5540
0.27 5539
0.28 5538
0.28 5537
0.28 5536
0.28 5535
0.28 5534
0.28 5533
0.28 5532
0.28 5531
0.28 5530
0.28 5529
0.28 5528
0.30 5527
0.30 5526
0.30 5525
0.30 5524
0.30 5523
0.30 5522
0.30 5521
0.30 5520
0.30 5519
0.30 5518
0.32 5517
0.32 5516
0.32 5515
0.32 5514
0.32 5513
0.32 5512
0.32 5511
0.32 5510
0.32 5509
0.32 5508
0.32 5507
0.33 5506
0.33 5505
0.33 5504
0.33 5503
0.33 5502
0.33 5501
0.33 5500
0.33 5499
0.33 5498
0.33 5497
0.35 5496
0.35 5495
0.35 5494
0.35 5493
0.35 5492
0.35 5491
0.35 5490
0.35 5489
0.35 5488
0.35 5487
0.35 5486
0.36 5485
0.36 5484
0.36 5483
0.36 5482
0.36 5481
0.36 5480
0.36 5479
0.36 5478
0.36 5477
0.36 5476
0.38 5475
0.38 5474
0.38 5473
0.38 5472
0.38 5471
0.38 5470
0.38 5469
0.38 5468
0.38 5467
0.38 5466
0.39 5465
0.39 5464
0.39 5463
0.39 5462
0.39 5461
0.39 5460
0.39 5459
0.39 5458
0.39 5457
0.39 5456
0.41 5455
0.41 5454
0.41 5453
0.41 5452
0.41 5451
0.41 5450
0.41 5449
0.41 5448
0.41 5447
0.43 5446
0.43 5445
0.43 5444
0.43 5443
0.43 5442
0.43 5441
0.43 5440
0.43 5439
0.43 5438
0.43 5437
0.43 5436
0.44 5435
0.44 5434
0.44 5433
0.44 5432
0.44 5431
0.44 5430
0.44 5429
0.44 5428
0.46 5427
0.46 5426
0.46 5425
0.46 5424
0.47 5423
0.47 5422
0.47 5421
0.47 5420
0.47 5419
0.47 5418
0.47 5417
0.47 5416
0.47 5415
0.48 5414
0.48 5413
0.48 5412
0.48 5411
0.49 5410
0.49 5409
0.49 5408
0.49 5407
0.49 5406
0.49 5405
0.49 5404
0.49 5403
0.50 5402
0.50 5401
0.50 5400
0.50 5399
0.50 5398
0.50 5397
0.50 5396
0.50 5395
0.50 5394
0.50 5393
0.50 5392
0.50 5391
0.50 5390
0.52 5389
0.52 5388
0.52 5387
0.52 5386
0.52 5385
0.52 5384
0.52 5383
0.52 5382
0.52 5381
0.52 5380
0.52 5379
0.54 5378
0.54 5377
0.54 5376
0.54 5375
0.54 5374
0.54 5373
0.54 5372
0.54 5371
0.54 5370
0.54 5369
0.55 5368
0.55 5367
0.55 5366
0.55 5365
0.55 5364
0.55 5363
0.55 5362
0.55 5361
0.55 5360
0.55 5359
0.57 5358
0.57 5357
0.57 5356
0.57 5355
0.57 5354
0.57 5353
0.57 5352
0.58 5351
0.59 5350
0.59 5349
0.59 5348
0.59 5347
0.59 5346
0.59 5345
0.60 5344
0.60 5343
0.60 5342
0.60 5341
0.60 5340
0.61 5339
0.61 5338
0.61 5337
0.61 5336
0.61 5335
0.61 5334
0.62 5333
0.62 5332
0.62 5331
0.62 5330
0.62 5329
0.62 5328
0.62 5327
0.62 5326
0.62 5325
0.62 5324
0.62 5323
0.62 5322
0.64 5321
0.64 5320
0.64 5319
0.64 5318
0.64 5317
0.64 5316
0.64 5315
0.64 5314
0.64 5313
0.65 5312
0.65 5311
0.65 5310
0.65 5309
0.65 5308
0.65 5307
0.65 5306
0.65 5305
0.65 5304
0.67 5303
0.67 5302
0.67 5301
0.67 5300
0.67 5299
0.67 5298
0.67 5297
0.67 5296
0.67 5295
0.68 5294
0.68 5293
0.68 5292
0.68 5291
0.68 5290
0.68 5289
0.68 5288
0.68 5287
0.68 5286
0.68 5285
0.68 5284
0.70 5283
0.70 5282
0.70 5281
0.70 5280
0.70 5279
0.70 5278
0.70 5277
0.70 5276
0.70 5275
0.70 5274
0.70 5273
0.71 5272
0.71 5271
0.71 5270
0.71 5269
0.71 5268
0.71 5267
0.71 5266
0.71 5265
0.71 5264
0.71 5263
0.73 5262
0.73 5261
0.73 5260
0.73 5259
0.73 5258
0.73 5257
0.73 5256
0.73 5255
0.73 5254
0.73 5253
0.75 5252
0.75 5251
0.75 5250
0.75 5249
0.75 5248
0.75 5247
0.75 5246
0.75 5245
0.75 5244
0.75 5243
0.76 5242
0.76 5241
0.76 5240
0.76 5239
0.76 5238
0.76 5237
0.76 5236
0.76 5235
0.76 5234
0.76 5233
0.76 5232
0.78 5231
0.78 5230
0.78 5229
0.78 5228
0.78 5227
0.78 5226
0.78 5225
0.78 5224
0.78 5223
0.78 5222
0.79 5221
0.79 5220
0.79 5219
0.79 5218
0.79 5217
0.79 5216
0.79 5215
0.79 5214
0.79 5213
0.79 5212
0.81 5211
0.81 5210
0.81 5209
0.81 5208
0.81 5207
0.81 5206
0.81 5205
0.81 5204
0.81 5203
0.82 5202
0.82 5201
0.82 5200
0.82 5199
0.82 5198
0.82 5197
0.82 5196
0.82 5195
0.82 5194
0.82 5193
0.84 5192
0.84 5191
0.84 5190
0.84 5189
0.84 5188
0.84 5187
0.84 5186
0.84 5185
0.84 5184
0.84 5183
0.84 5182
0.86 5181
0.86 5180
0.86 5179
0.86 5178
0.86 5177
0.86 5176
0.86 5175
0.86 5174
0.87 5173
0.87 5172
0.87 5171
0.87 5170
0.87 5169
0.87 5168
0.87 5167
0.87 5166
0.88 5165
0.88 5164
0.88 5163
0.89 5162
0.89 5161
0.89 5160
0.89 5159
0.89 5158
0.89 5157
0.89 5156
0.89 5155
0.89 5154
0.89 5153
0.90 5152
0.90 5151
0.90 5150
0.90 5149
0.90 5148
0.90 5147
0.90 5146
0.90 5145
0.90 5144
0.90 5143
0.90 5142
0.92 5141
0.92 5140
0.92 5139
0.92 5138
0.92 5137
0.92 5136
0.92 5135
0.92 5134
0.92 5133
0.92 5132
0.93 5131
0.93 5130
0.93 5129
0.93 5128
0.93 5127
0.93 5126
0.93 5125
0.93 5124
0.93 5123
0.93 5122
0.93 5121
0.95 5120
0.95 5119
0.95 5118
0.95 5117
0.95 5116
0.95 5115
0.95 5114
0.95 5113
0.95 5112
0.95 5111
0.95 5110
0.95 5109
0.95 5108
0.97 5107
0.97 5106
0.97 5105
0.97 5104
0.97 5103
0.97 5102
0.97 5101
0.97 5100
0.97 5099
0.97 5098
0.97 5097
0.97 5096
0.97 5095
0.98 5094
0.98 5093
0.98 5092
0.98 5091
0.98 5090
0.98 5089
0.98 5088
0.98 5087
0.98 5086
0.98 5085
0.98 5084
0.98 5083
1.00 5082
1.00 5081
1.00 5080
1.00 5079
1.00 5078
1.00 5077
1.00 5076
1.00 5075
1.00 5074
1.00 5073
1.00 5072
1.01 5071
1.01 5070
1.01 5069
1.01 5068
1.01 5067
1.01 5066
1.01 5065
1.01 5064
1.01 5063
1.01 5062
1.01 5061
1.01 5060
1.01 5059
1.03 5058
1.03 5057
1.03 5056
1.03 5055
1.03 5054
1.03 5053
1.03 5052
1.03 5051
1.03 5050
1.03 5049
1.03 5048
1.03 5047
1.03 5046
1.04 5045
1.04 5044
1.04 5043
1.04 5042
1.04 5041
1.04 5040
1.04 5039
1.04 5038
1.04 5037
1.04 5036
1.04 5035
1.04 5034
1.04 5033
1.06 5032
1.06 5031
1.06 5030
1.06 5029
1.06 5028
1.06 5027
1.06 5026
1.06 5025
1.06 5024
1.06 5023
1.08 5022
1.08 5021
1.08 5020
1.08 5019
1.08 5018
1.08 5017
1.08 5016
1.08 5015
1.08 5014
1.08 5013
1.08 5012
1.08 5011
1.08 5010
1.09 5009
1.09 5008
1.09 5007
1.09 5006
1.09 5005
1.09 5004
1.09 5003
1.09 5002
1.09 5001
1.09 5000
1.09 4999
1.09 4998
1.09 4997
1.11 4996
1.11 4995
1.11 4994
1.11 4993
1.11 4992
1.11 4991
1.11 4990
1.11 4989
1.11 4988
1.11 4987
1.11 4986
1.11 4985
1.11 4984
1.12 4983
1.12 4982
1.12 4981
1.12 4980
1.12 4979
1.12 4978
1.12 4977
1.12 4976
1.12 4975
1.12 4974
1.12 4973
1.12 4972
1.12 4971
1.14 4970
1.14 4969
1.14 4968
1.14 4967
1.14 4966
1.14 4965
1.14 4964
1.14 4963
1.14 4962
1.14 4961
1.14 4960
1.14 4959
1.14 4958
1.14 4957
1.15 4956
1.15 4955
1.15 4954
1.15 4953
1.15 4952
1.15 4951
1.15 4950
1.15 4949
1.15 4948
1.15 4947
1.15 4946
1.17 4945
1.17 4944
1.17 4943
1.17 4942
1.17 4941
1.17 4940
1.17 4939
1.17 4938
1.18 4937
1.18 4936
1.18 4935
1.19 4934
1.19 4933
1.19 4932
1.19 4931
1.19 4930
1.19 4929
1.19 4928
1.19 4927
1.19 4926
1.20 4925
1.20 4924
1.20 4923
1.20 4922
1.20 4921
1.20 4920
1.20 4919
1.20 4918
1.20 4917
1.20 4916
1.20 4915
1.20 4914
1.22 4913
1.22 4912
1.22 4911
1.22 4910
1.22 4909
1.22 4908
1.22 4907
1.22 4906
1.22 4905
1.22 4904
1.22 4903
1.22 4902
1.22 4901
1.22 4900
1.23 4899
1.23 4898
1.23 4897
1.23 4896
1.23 4895
1.23 4894
1.23 4893
1.23 4892
1.23 4891
1.23 4890
1.23 4889
1.23 4888
1.23 4887
1.23 4886
1.25 4885
1.25 4884
1.25 4883
1.25 4882
1.25 4881
1.25 4880
1.25 4879
1.25 4878
1.25 4877
1.25 4876
1.25 4875
1.27 4874
1.27 4873
1.27 4872
1.27 4871
1.27 4870
1.27 4869
1.27 4868
1.27 4867
1.27 4866
1.27 4865
1.27 4864
1.27 4863
1.28 4862
1.28 4861
1.28 4860
1.28 4859
1.28 4858
1.28 4857
1.28 4856
1.28 4855
1.28 4854
1.28 4853
1.28 4852
1.28 4851
1.28 4850
1.28 4849
1.30 4848
1.30 4847
1.30 4846
1.30 4845
1.30 4844
1.30 4843
1.30 4842
1.30 4841
1.30 4840
1.30 4839
1.30 4838
1.30 4837
1.31 4836
1.31 4835
1.31 4834
1.31 4833
1.31 4832
1.31 4831
1.31 4830
1.31 4829
1.31 4828
1.31 4827
1.31 4826
1.31 4825
1.31 4824
1.31 4823
1.33 4822
1.33 4821
1.33 4820
1.33 4819
1.33 4818
1.33 4817
1.33 4816
1.33 4815
1.33 4814
1.33 4813
1.33 4812
1.33 4811
1.33 4810
1.34 4809
1.34 4808
1.34 4807
1.34 4806
1.34 4805
1.34 4804
1.34 4803
1.34 4802
1.34 4801
1.34 4800
1.34 4799
1.34 4798
1.36 4797
1.36 4796
1.36 4795
1.36 4794
1.36 4793
1.36 4792
1.36 4791
1.36 4790
1.36 4789
1.36 4788
1.36 4787
1.36 4786
1.38 4785
1.38 4784
1.38 4783
1.38 4782
1.38 4781
1.38 4780
1.38 4779
1.38 4778
1.38 4777
1.38 4776
1.38 4775
1.38 4774
1.39 4773
1.39 4772
1.39 4771
1.39 4770
1.39 4769
1.39 4768
1.39 4767
1.39 4766
1.39 4765
1.39 4764
1.39 4763
1.39 4762
1.39 4761
1.41 4760
1.41 4759
1.41 4758
1.41 4757
1.41 4756
1.41 4755
1.41 4754
1.41 4753
1.41 4752
1.41 4751
1.41 4750
1.41 4749
1.41 4748
1.41 4747
1.42 4746
1.42 4745
1.42 4744
1.42 4743
1.42 4742
1.42 4741
1.42 4740
1.42 4739
1.42 4738
1.42 4737
1.42 4736
1.44 4735
1.44 4734
1.44 4733
1.44 4732
1.44 4731
1.44 4730
1.44 4729
1.44 4728
1.44 4727
1.44 4726
1.44 4725
1.44 4724
1.44 4723
1.46 4722
1.46 4721
1.46 4720
1.46 4719
1.46 4718
1.46 4717
1.46 4716
1.46 4715
1.46 4714
1.46 4713
1.46 4712
1.46 4711
1.46 4710
1.46 4709
1.47 4708
1.47 4707
1.47 4706
1.47 4705
1.47 4704
1.47 4703
1.47 4702
1.47 4701
1.47 4700
1.47 4699
1.47 4698
1.48 4697
1.48 4696
1.48 4695
1.48 4694
1.49 4693
1.49 4692
1.49 4691
1.49 4690
1.49 4689
1.49 4688
1.49 4687
1.49 4686
1.49 4685
1.49 4684
1.49 4683
1.49 4682
1.49 4681
1.49 4680
1.50 4679
1.50 4678
1.50 4677
1.50 4676
1.50 4675
1.50 4674
1.50 4673
1.50 4672
1.50 4671
1.50 4670
1.50 4669
1.50 4668
1.50 4667
1.50 4666
1.52 4665
1.52 4664
1.52 4663
1.52 4662
1.52 4661
1.52 4660
1.52 4659
1.52 4658
1.52 4657
1.52 4656
1.52 4655
1.52 4654
1.52 4653
1.52 4652
1.53 4651
1.53 4650
1.53 4649
1.53 4648
1.53 4647
1.53 4646
1.53 4645
1.53 4644
1.53 4643
1.53 4642
1.53 4641
1.53 4640
1.53 4639
1.53 4638
1.55 4637
1.55 4636
1.55 4635
1.55 4634
1.55 4633
1.55 4632
1.55 4631
1.55 4630
1.55 4629
1.55 4628
1.55 4627
1.55 4626
1.55 4625
1.55 4624
1.57 4623
1.57 4622
1.57 4621
1.57 4620
1.58 4619
1.58 4618
1.58 4617
1.59 4616
1.59 4615
1.59 4614
1.59 4613
1.59 4612
1.59 4611
1.59 4610
1.59 4609
1.59 4608
1.60 4607
1.60 4606
1.60 4605
1.60 4604
1.60 4603
1.60 4602
1.60 4601
1.60 4600
1.60 4599
1.61 4598
1.61 4597
1.61 4596
1.61 4595
1.61 4594
1.61 4593
1.61 4592
1.61 4591
1.61 4590
1.62 4589
1.62 4588
1.62 4587
1.62 4586
1.62 4585
1.62 4584
1.62 4583
1.62 4582
1.62 4581
1.62 4580
1.62 4579
1.62 4578
1.62 4577
1.62 4576
1.62 4575
1.62 4574
1.62 4573
1.63 4572
1.63 4571
1.63 4570
1.63 4569
1.63 4568
1.63 4567
1.63 4566
1.63 4565
1.63 4564
1.63 4563
1.63 4562
1.65 4561
1.65 4560
1.65 4559
1.65 4558
1.65 4557
1.65 4556
1.65 4555
1.65 4554
1.65 4553
1.65 4552
1.65 4551
1.65 4550
1.65 4549
1.66 4548
1.66 4547
1.66 4546
1.66 4545
1.66 4544
1.66 4543
1.66 4542
1.66 4541
1.66 4540
1.66 4539
1.66 4538
1.66 4537
1.66 4536
1.68 4535
1.68 4534
1.68 4533
1.68 4532
1.68 4531
1.68 4530
1.68 4529
1.68 4528
1.68 4527
1.68 4526
1.68 4525
1.68 4524
1.70 4523
1.70 4522
1.70 4521
1.70 4520
1.70 4519
1.70 4518
1.70 4517
1.70 4516
1.70 4515
1.70 4514
1.70 4513
1.70 4512
1.70 4511
1.71 4510
1.71 4509
1.71 4508
1.71 4507
1.71 4506
1.71 4505
1.71 4504
1.71 4503
1.71 4502
1.71 4501
1.71 4500
1.71 4499
1.73 4498
1.73 4497
1.73 4496
1.73 4495
1.73 4494
1.73 4493
1.73 4492
1.73 4491
1.73 4490
1.73 4489
1.73 4488
1.73 4487
1.73 4486
1.73 4485
1.73 4484
1.74 4483
1.74 4482
1.74 4481
1.74 4480
1.74 4479
1.74 4478
1.74 4477
1.74 4476
1.74 4475
1.74 4474
1.74 4473
1.76 4472
1.76 4471
1.76 4470
1.76 4469
1.76 4468
1.76 4467
1.76 4466
1.76 4465
1.76 4464
1.76 4463
1.76 4462
1.76 4461
1.76 4460
1.76 4459
1.78 4458
1.78 4457
1.78 4456
1.78 4455
1.78 4454
1.78 4453
1.78 4452
1.78 4451
1.78 4450
1.78 4449
1.78 4448
1.78 4447
1.78 4446
1.78 4445
1.78 4444
1.79 4443
1.79 4442
1.79 4441
1.79 4440
1.79 4439
1.79 4438
1.79 4437
1.79 4436
1.79 4435
1.79 4434
1.79 4433
1.81 4432
1.81 4431
1.81 4430
1.81 4429
1.81 4428
1.81 4427
1.81 4426
1.81 4425
1.81 4424
1.81 4423
1.81 4422
1.82 4421
1.82 4420
1.82 4419
1.82 4418
1.82 4417
1.82 4416
1.82 4415
1.82 4414
1.82 4413
1.82 4412
1.82 4411
1.82 4410
1.82 4409
1.82 4408
1.84 4407
1.84 4406
1.84 4405
1.84 4404
1.84 4403
1.84 4402
1.84 4401
1.84 4400
1.84 4399
1.84 4398
1.84 4397
1.84 4396
1.84 4395
1.84 4394
1.85 4393
1.85 4392
1.85 4391
1.85 4390
1.85 4389
1.85 4388
1.85 4387
1.85 4386
1.85 4385
1.85 4384
1.85 4383
1.85 4382
1.85 4381
1.85 4380
1.85 4379
1.87 4378
1.87 4377
1.87 4376
1.87 4375
1.87 4374
1.87 4373
1.87 4372
1.87 4371
1.87 4370
1.87 4369
1.87 4368
1.88 4367
1.88 4366
1.88 4365
1.89 4364
1.89 4363
1.89 4362
1.89 4361
1.89 4360
1.89 4359
1.89 4358
1.89 4357
1.89 4356
1.89 4355
1.89 4354
1.89 4353
1.89 4352
1.89 4351
1.90 4350
1.90 4349
1.90 4348
1.90 4347
1.90 4346
1.90 4345
1.90 4344
1.90 4343
1.90 4342
1.90 4341
1.90 4340
1.90 4339
1.92 4338
1.92 4337
1.92 4336
1.92 4335
1.92 4334
1.92 4333
1.92 4332
1.92 4331
1.92 4330
1.92 4329
1.92 4328
1.93 4327
1.93 4326
1.93 4325
1.93 4324
1.93 4323
1.93 4322
1.93 4321
1.93 4320
1.93 4319
1.93 4318
1.93 4317
1.93 4316
1.95 4315
1.95 4314
1.95 4313
1.95 4312
1.95 4311
1.95 4310
1.95 4309
1.95 4308
1.95 4307
1.95 4306
1.95 4305
1.96 4304
1.96 4303
1.96 4302
1.96 4301
1.96 4300
1.96 4299
1.96 4298
1.96 4297
1.96 4296
1.96 4295
1.96 4294
1.96 4293
1.98 4292
1.98 4291
1.98 4290
1.98 4289
1.98 4288
1.98 4287
1.98 4286
1.98 4285
1.98 4284
1.98 4283
1.98 4282
1.98 4281
1.98 4280
1.98 4279
2.00 4278
2.00 4277
2.00 4276
2.00 4275
2.00 4274
2.00 4273
2.00 4272
2.00 4271
2.00 4270
2.00 4269
2.00 4268
2.00 4267
2.01 4266
2.01 4265
2.01 4264
2.01 4263
2.01 4262
2.01 4261
2.01 4260
2.01 4259
2.01 4258
2.01 4257
2.01 4256
2.01 4255
2.01 4254
2.01 4253
2.01 4252
2.03 4251
2.03 4250
2.03 4249
2.03 4248
2.03 4247
2.03 4246
2.03 4245
2.03 4244
2.03 4243
2.03 4242
2.03 4241
2.03 4240
2.03 4239
2.03 4238
2.04 4237
2.04 4236
2.04 4235
2.04 4234
2.04 4233
2.04 4232
2.04 4231
2.04 4230
2.04 4229
2.04 4228
2.04 4227
2.04 4226
2.04 4225
2.04 4224
2.04 4223
2.06 4222
2.06 4221
2.06 4220
2.06 4219
2.06 4218
2.06 4217
2.06 4216
2.06 4215
2.06 4214
2.06 4213
2.06 4212
2.06 4211
2.06 4210
2.06 4209
2.06 4208
2.07 4207
2.07 4206
2.07 4205
2.07 4204
2.07 4203
2.07 4202
2.07 4201
2.08 4200
2.08 4199
2.08 4198
2.08 4197
2.08 4196
2.08 4195
2.08 4194
2.09 4193
2.09 4192
2.09 4191
2.09 4190
2.09 4189
2.09 4188
2.09 4187
2.09 4186
2.09 4185
2.09 4184
2.09 4183
2.09 4182
2.09 4181
2.09 4180
2.11 4179
2.11 4178
2.11 4177
2.11 4176
2.11 4175
2.11 4174
2.11 4173
2.11 4172
2.11 4171
2.11 4170
2.11 4169
2.11 4168
2.11 4167
2.11 4166
2.12 4165
2.12 4164
2.12 4163
2.12 4162
2.12 4161
2.12 4160
2.12 4159
2.12 4158
2.12 4157
2.12 4156
2.12 4155
2.12 4154
2.12 4153
2.14 4152
2.14 4151
2.14 4150
2.14 4149
2.14 4148
2.14 4147
2.14 4146
2.14 4145
2.14 4144
2.14 4143
2.14 4142
2.14 4141
2.15 4140
2.15 4139
2.15 4138
2.15 4137
2.15 4136
2.15 4135
2.15 4134
2.15 4133
2.15 4132
2.15 4131
2.15 4130
2.15 4129
2.15 4128
2.17 4127
2.17 4126
2.17 4125
2.17 4124
2.17 4123
2.17 4122
2.17 4121
2.17 4120
2.17 4119
2.17 4118
2.18 4117
2.18 4116
2.18 4115
2.18 4114
2.18 4113
2.18 4112
2.18 4111
2.18 4110
2.18 4109
2.18 4108
2.18 4107
2.18 4106
2.18 4105
2.18 4104
2.18 4103
2.18 4102
2.20 4101
2.20 4100
2.20 4099
2.20 4098
2.20 4097
2.20 4096
2.20 4095
2.20 4094
2.20 4093
2.20 4092
2.20 4091
2.20 4090
2.20 4089
2.20 4088
2.22 4087
2.22 4086
2.22 4085
2.22 4084
2.22 4083
2.22 4082
2.22 4081
2.22 4080
2.22 4079
2.22 4078
2.22 4077
2.22 4076
2.22 4075
2.22 4074
2.23 4073
2.23 4072
2.23 4071
2.23 4070
2.23 4069
2.23 4068
2.23 4067
2.23 4066
2.23 4065
2.23 4064
2.23 4063
2.23 4062
2.23 4061
2.23 4060
2.23 4059
2.25 4058
2.25 4057
2.25 4056
2.25 4055
2.25 4054
2.25 4053
2.25 4052
2.25 4051
2.25 4050
2.25 4049
2.25 4048
2.25 4047
2.25 4046
2.25 4045
2.26 4044
2.26 4043
2.26 4042
5.70 3942
5.70 3941
5.70 3940
5.70 3939
5.70 3938
10.23 3937
10.23 3936
