0.14 5683
0.14 5682
0.14 5681
0.14 5680
0.16 5679
0.16 5678
0.16 5677
0.16 5676
0.16 5675
0.18 5674
0.18 5673
0.18 5672
0.19 5671
0.19 5670
0.19 5669
0.20 5668
0.20 5667
0.20 5666
0.20 5665
0.20 5664
0.20 5663
0.22 5662
0.22 5661
0.22 5660
0.22 5659
0.22 5658
0.23 5657
0.23 5656
0.23 5655
0.23 5654
0.23 5653
0.25 5652
0.25 5651
0.25 5650
0.25 5649
0.26 5648
0.26 5647
0.26 5646
0.26 5645
0.26 5644
0.28 5643
0.28 5642
0.28 5641
0.28 5640
0.30 5639
0.30 5638
0.30 5637
0.30 5636
0.30 5635
0.31 5634
0.31 5633
0.31 5632
0.31 5631
0.31 5630
0.33 5629
0.33 5628
0.34 5627
0.34 5626
0.34 5625
0.35 5624
0.35 5623
0.35 5622
0.36 5621
0.36 5620
0.36 5619
0.37 5618
0.37 5617
0.37 5616
0.38 5615
0.38 5614
0.38 5613
0.39 5612
0.39 5611
0.39 5610
0.40 5609
0.40 5608
0.40 5607
0.41 5606
0.41 5605
0.41 5604
0.42 5603
0.42 5602
0.42 5601
0.43 5600
0.43 5599
0.43 5598
0.44 5597
0.44 5596
0.44 5595
0.44 5594
0.45 5593
0.45 5592
0.45 5591
0.46 5590
0.46 5589
0.46 5588
0.47 5587
0.47 5586
0.47 5585
0.47 5584
0.47 5583
0.47 5582
0.48 5581
0.48 5580
0.48 5579
0.48 5578
0.50 5577
0.50 5576
0.50 5575
0.50 5574
0.50 5573
0.50 5572
0.52 5571
0.52 5570
0.52 5569
0.52 5568
0.52 5567
0.53 5566
0.53 5565
0.53 5564
0.53 5563
0.53 5562
0.53 5561
0.55 5560
0.55 5559
0.55 5558
0.55 5557
0.55 5556
0.56 5555
0.56 5554
0.56 5553
0.56 5552
0.56 5551
0.56 5550
0.58 5549
0.58 5548
0.58 5547
0.58 5546
0.58 5545
0.58 5544
0.59 5543
0.59 5542
0.59 5541
0.59 5540
0.59 5539
0.59 5538
0.61 5537
0.61 5536
0.61 5535
0.61 5534
0.61 5533
0.63 5532
0.63 5531
0.63 5530
0.63 5529
0.64 5528
0.64 5527
0.64 5526
0.64 5525
0.64 5524
0.66 5523
0.66 5522
0.66 5521
0.66 5520
0.66 5519
0.67 5518
0.67 5517
0.67 5516
0.67 5515
0.69 5514
0.69 5513
0.69 5512
0.69 5511
0.69 5510
0.71 5509
0.71 5508
0.71 5507
0.72 5506
0.72 5505
0.73 5504
0.73 5503
0.73 5502
0.73 5501
0.73 5500
0.73 5499
0.73 5498
0.73 5497
0.75 5496
0.75 5495
0.75 5494
0.75 5493
0.77 5492
0.77 5491
0.77 5490
0.77 5489
0.77 5488
0.78 5487
0.79 5486
0.79 5485
0.79 5484
0.80 5483
0.81 5482
0.81 5481
0.81 5480
0.81 5479
0.82 5478
0.82 5477
0.82 5476
0.82 5475
0.84 5474
0.84 5473
0.84 5472
0.84 5471
0.84 5470
0.85 5469
0.86 5468
0.86 5467
0.86 5466
0.87 5465
0.87 5464
0.87 5463
0.88 5462
0.88 5461
0.88 5460
0.89 5459
0.89 5458
0.89 5457
0.90 5456
0.90 5455
0.91 5454
0.91 5453
0.91 5452
0.92 5451
0.92 5450
0.93 5449
0.93 5448
0.93 5447
0.94 5446
0.94 5445
0.94 5444
0.94 5443
0.94 5442
0.97 5441
0.97 5440
0.97 5439
0.97 5438
0.98 5437
0.99 5436
0.99 5435
1.00 5434
1.00 5433
1.00 5432
1.01 5431
1.01 5430
1.01 5429
1.01 5428
1.02 5427
1.02 5426
1.02 5425
1.02 5424
1.02 5423
1.04 5422
1.04 5421
1.04 5420
1.05 5419
1.05 5418
1.05 5417
1.06 5416
1.06 5415
1.06 5414
1.07 5413
1.07 5412
1.07 5411
1.08 5410
1.08 5409
1.09 5408
1.09 5407
1.09 5406
1.09 5405
1.09 5404
1.10 5403
1.11 5402
1.11 5401
1.11 5400
1.11 5399
1.12 5398
1.12 5397
1.12 5396
1.12 5395
1.12 5394
1.13 5393
1.14 5392
1.14 5391
1.14 5390
1.14 5389
1.15 5388
1.15 5387
1.16 5386
1.16 5385
1.16 5384
1.17 5383
1.17 5382
1.17 5381
1.17 5380
1.17 5379
1.19 5378
1.19 5377
1.19 5376
1.19 5375
1.19 5374
1.20 5373
1.21 5372
1.21 5371
1.21 5370
1.21 5369
1.22 5368
1.22 5367
1.22 5366
1.22 5365
1.22 5364
1.22 5363
1.24 5362
1.24 5361
1.24 5360
1.25 5359
1.25 5358
1.25 5357
1.26 5356
1.26 5355
1.26 5354
1.26 5353
1.27 5352
1.27 5351
1.27 5350
1.27 5349
1.27 5348
1.29 5347
1.29 5346
1.29 5345
1.29 5344
1.29 5343
1.30 5342
1.30 5341
1.31 5340
1.31 5339
1.31 5338
1.31 5337
1.32 5336
1.32 5335
1.33 5334
1.33 5333
1.33 5332
1.34 5331
1.34 5330
1.34 5329
1.35 5328
1.35 5327
1.35 5326
1.36 5325
1.36 5324
1.36 5323
1.36 5322
1.37 5321
1.37 5320
1.37 5319
1.37 5318
1.37 5317
1.37 5316
1.37 5315
1.38 5314
1.38 5313
1.38 5312
1.38 5311
1.38 5310
1.38 5309
1.40 5308
1.40 5307
1.40 5306
1.42 5305
1.42 5304
1.42 5303
1.42 5302
1.42 5301
1.43 5300
1.44 5299
1.44 5298
1.44 5297
1.44 5296
1.45 5295
1.45 5294
1.45 5293
1.45 5292
1.45 5291
1.46 5290
1.46 5289
1.46 5288
1.46 5287
1.46 5286
1.48 5285
1.48 5284
1.48 5283
1.48 5282
1.48 5281
1.50 5280
1.50 5279
1.50 5278
1.50 5277
1.50 5276
1.51 5275
1.51 5274
1.51 5273
1.51 5272
1.51 5271
1.53 5270
1.53 5269
1.54 5268
1.54 5267
1.54 5266
1.55 5265
1.55 5264
1.55 5263
1.55 5262
1.55 5261
1.55 5260
1.55 5259
1.57 5258
1.57 5257
1.57 5256
1.58 5255
1.58 5254
1.58 5253
1.58 5252
1.59 5251
1.59 5250
1.59 5249
1.60 5248
1.60 5247
1.60 5246
1.60 5245
1.60 5244
1.60 5243
1.60 5242
1.60 5241
1.62 5240
1.62 5239
1.62 5238
1.62 5237
1.62 5236
1.62 5235
1.64 5234
1.64 5233
1.64 5232
1.64 5231
1.64 5230
1.65 5229
1.65 5228
1.65 5227
1.65 5226
1.65 5225
1.67 5224
1.67 5223
1.67 5222
1.67 5221
1.67 5220
1.68 5219
1.68 5218
1.68 5217
1.68 5216
1.70 5215
1.70 5214
1.70 5213
1.70 5212
1.70 5211
1.70 5210
1.72 5209
1.72 5208
1.72 5207
1.72 5206
1.72 5205
1.73 5204
1.74 5203
1.74 5202
1.74 5201
1.75 5200
1.75 5199
1.75 5198
1.75 5197
1.76 5196
1.76 5195
1.76 5194
1.77 5193
1.77 5192
1.77 5191
1.77 5190
1.77 5189
1.77 5188
1.78 5187
1.79 5186
1.79 5185
1.79 5184
1.79 5183
1.80 5182
1.80 5181
1.80 5180
1.80 5179
1.80 5178
1.80 5177
1.80 5176
1.80 5175
1.82 5174
1.82 5173
1.82 5172
1.82 5171
1.82 5170
1.82 5169
1.83 5168
1.84 5167
1.84 5166
1.84 5165
1.84 5164
1.84 5163
1.85 5162
1.85 5161
1.85 5160
1.85 5159
1.85 5158
1.85 5157
1.85 5156
1.86 5155
1.86 5154
1.86 5153
1.86 5152
1.86 5151
1.86 5150
1.88 5149
1.88 5148
1.88 5147
1.88 5146
1.88 5145
1.88 5144
1.90 5143
1.90 5142
1.90 5141
1.90 5140
1.90 5139
1.90 5138
1.91 5137
1.91 5136
1.91 5135
1.91 5134
1.91 5133
1.91 5132
1.93 5131
1.93 5130
1.94 5129
1.94 5128
1.94 5127
1.94 5126
1.94 5125
1.94 5124
1.94 5123
1.94 5122
1.96 5121
1.96 5120
1.96 5119
1.96 5118
1.96 5117
1.96 5116
1.97 5115
1.97 5114
1.97 5113
1.97 5112
1.97 5111
1.97 5110
1.99 5109
1.99 5108
1.99 5107
1.99 5106
1.99 5105
2.01 5104
2.01 5103
2.01 5102
2.01 5101
2.01 5100
2.02 5099
2.02 5098
2.02 5097
2.02 5096
2.02 5095
2.02 5094
2.04 5093
2.04 5092
2.04 5091
2.04 5090
2.04 5089
2.04 5088
2.05 5087
2.05 5086
2.05 5085
2.05 5084
2.05 5083
2.05 5082
2.07 5081
2.07 5080
2.07 5079
2.07 5078
2.07 5077
2.08 5076
2.08 5075
2.08 5074
2.08 5073
2.08 5072
2.10 5071
2.10 5070
2.10 5069
2.10 5068
2.10 5067
2.10 5066
2.12 5065
2.12 5064
2.12 5063
2.12 5062
2.12 5061
2.13 5060
2.14 5059
2.14 5058
2.14 5057
2.14 5056
2.15 5055
2.15 5054
2.15 5053
2.15 5052
2.15 5051
2.16 5050
2.16 5049
2.16 5048
2.16 5047
2.18 5046
2.18 5045
2.18 5044
2.18 5043
2.18 5042
2.20 5041
2.20 5040
2.20 5039
2.20 5038
2.20 5037
2.21 5036
2.22 5035
2.22 5034
2.22 5033
2.22 5032
2.22 5031
2.22 5030
2.24 5029
2.24 5028
2.24 5027
2.25 5026
2.25 5025
2.25 5024
2.26 5023
2.26 5022
2.26 5021
2.27 5020
2.27 5019
2.27 5018
2.28 5017
2.28 5016
2.28 5015
2.28 5014
2.29 5013
2.29 5012
2.29 5011
2.29 5010
2.29 5009
2.29 5008
2.30 5007
2.30 5006
2.31 5005
2.31 5004
2.31 5003
2.31 5002
2.32 5001
2.32 5000
2.32 4999
2.32 4998
2.33 4997
2.34 4996
2.34 4995
2.34 4994
2.35 4993
2.35 4992
2.35 4991
2.36 4990
2.36 4989
2.36 4988
2.37 4987
2.37 4986
2.37 4985
2.38 4984
2.38 4983
2.38 4982
2.38 4981
2.38 4980
2.38 4979
2.38 4978
2.38 4977
2.40 4976
2.40 4975
2.40 4974
2.40 4973
2.40 4972
2.42 4971
2.42 4970
2.42 4969
2.42 4968
2.42 4967
2.43 4966
2.44 4965
2.44 4964
2.44 4963
2.44 4962
2.45 4961
2.45 4960
2.45 4959
2.45 4958
2.45 4957
2.46 4956
2.46 4955
2.46 4954
2.46 4953
2.46 4952
2.48 4951
2.48 4950
2.48 4949
2.48 4948
2.48 4947
2.49 4946
2.49 4945
2.49 4944
2.49 4943
2.49 4942
2.51 4941
2.51 4940
2.51 4939
2.51 4938
2.53 4937
2.53 4936
2.53 4935
2.53 4934
2.54 4933
2.54 4932
2.54 4931
2.54 4930
2.54 4929
2.54 4928
2.54 4927
2.54 4926
2.54 4925
2.56 4924
2.56 4923
2.56 4922
2.56 4921
2.56 4920
2.56 4919
2.57 4918
2.57 4917
2.57 4916
2.57 4915
2.57 4914
2.57 4913
2.59 4912
2.59 4911
2.59 4910
2.59 4909
2.59 4908
2.59 4907
2.60 4906
2.60 4905
2.60 4904
2.60 4903
2.60 4902
2.60 4901
2.62 4900
2.62 4899
2.62 4898
2.62 4897
2.62 4896
2.62 4895
2.62 4894
2.64 4893
2.64 4892
2.64 4891
2.64 4890
2.64 4889
2.64 4888
2.65 4887
2.65 4886
2.65 4885
2.65 4884
2.65 4883
2.65 4882
2.67 4881
2.67 4880
2.67 4879
2.67 4878
2.67 4877
2.67 4876
2.68 4875
2.68 4874
2.68 4873
2.68 4872
2.70 4871
2.70 4870
2.70 4869
2.70 4868
2.70 4867
2.70 4866
2.71 4865
2.71 4864
2.71 4863
2.71 4862
2.73 4861
2.73 4860
2.74 4859
2.74 4858
2.74 4857
2.74 4856
2.74 4855
2.75 4854
2.75 4853
2.75 4852
2.75 4851
2.75 4850
2.75 4849
2.75 4848
2.77 4847
2.77 4846
2.77 4845
2.78 4844
2.78 4843
2.78 4842
2.78 4841
2.79 4840
2.79 4839
2.79 4838
2.80 4837
2.80 4836
2.80 4835
2.80 4834
2.80 4833
2.80 4832
2.80 4831
2.80 4830
2.82 4829
2.82 4828
2.82 4827
2.82 4826
2.82 4825
2.82 4824
2.83 4823
2.84 4822
2.84 4821
2.84 4820
2.85 4819
2.85 4818
2.85 4817
2.85 4816
2.85 4815
2.85 4814
2.85 4813
2.87 4812
2.87 4811
2.87 4810
2.87 4809
2.87 4808
2.89 4807
2.89 4806
2.89 4805
2.90 4804
2.90 4803
2.90 4802
2.90 4801
2.90 4800
2.90 4799
2.90 4798
2.90 4797
2.90 4796
2.92 4795
2.92 4794
2.92 4793
2.92 4792
2.92 4791
2.92 4790
2.94 4789
2.94 4788
2.94 4787
2.94 4786
2.95 4785
2.95 4784
2.95 4783
2.95 4782
2.96 4781
2.96 4780
2.96 4779
2.96 4778
2.97 4777
2.97 4776
2.97 4775
2.97 4774
2.97 4773
2.97 4772
2.98 4771
2.98 4770
2.98 4769
2.98 4768
2.98 4767
3.00 4766
3.00 4765
3.00 4764
3.00 4763
3.00 4762
3.02 4761
3.02 4760
3.02 4759
3.02 4758
3.02 4757
3.03 4756
3.03 4755
3.04 4754
3.04 4753
3.04 4752
3.04 4751
3.04 4750
3.05 4749
3.05 4748
3.05 4747
3.05 4746
3.05 4745
3.05 4744
3.05 4743
3.06 4742
3.06 4741
3.06 4740
3.06 4739
3.06 4738
3.06 4737
3.06 4736
3.08 4735
3.08 4734
3.08 4733
3.08 4732
3.08 4731
3.08 4730
3.09 4729
3.09 4728
3.09 4727
3.09 4726
3.09 4725
3.09 4724
3.09 4723
3.11 4722
3.11 4721
3.11 4720
3.11 4719
3.11 4718
3.11 4717
3.13 4716
3.13 4715
3.14 4714
3.14 4713
3.14 4712
3.14 4711
3.14 4710
3.14 4709
3.14 4708
3.16 4707
3.16 4706
3.16 4705
3.16 4704
3.16 4703
3.17 4702
3.17 4701
3.17 4700
3.17 4699
3.17 4698
3.19 4697
3.19 4696
3.19 4695
3.19 4694
3.19 4693
3.21 4692
3.21 4691
3.21 4690
3.21 4689
3.21 4688
3.21 4687
3.22 4686
3.22 4685
3.22 4684
3.22 4683
3.22 4682
3.24 4681
3.24 4680
3.24 4679
3.24 4678
3.24 4677
3.25 4676
3.25 4675
3.25 4674
3.25 4673
3.25 4672
3.25 4671
3.27 4670
3.27 4669
3.28 4668
3.28 4667
3.28 4666
3.29 4665
3.29 4664
3.29 4663
3.30 4662
3.30 4661
3.30 4660
3.30 4659
3.31 4658
3.31 4657
3.31 4656
3.32 4655
3.32 4654
3.32 4653
3.32 4652
3.33 4651
3.33 4650
9.59 3307
9.60 3306
9.60 3305
