1.15 1959
1.15 1958
1.15 1957
1.15 1956
1.15 1955
1.15 1954
1.15 1953
1.15 1952
1.15 1951
1.15 1950
1.15 1949
1.15 1948
1.15 1947
1.15 1946
1.15 1945
1.15 1944
1.15 1943
1.15 1942
1.15 1941
1.15 1940
1.15 1939
1.15 1938
1.16 1937
1.16 1936
1.16 1935
1.17 1934
1.17 1933
1.17 1932
1.17 1931
1.17 1930
1.17 1929
1.17 1928
1.17 1927
1.17 1926
1.17 1925
1.18 1924
1.18 1923
1.18 1922
1.18 1921
1.18 1920
1.18 1919
1.18 1918
1.18 1917
1.19 1916
1.19 1915
1.19 1914
1.19 1913
1.19 1912
1.19 1911
1.19 1910
1.19 1909
1.19 1908
1.19 1907
1.19 1906
1.19 1905
1.19 1904
1.19 1903
1.19 1902
1.20 1901
1.20 1900
1.20 1899
1.20 1898
1.20 1897
1.20 1896
1.20 1895
1.20 1894
1.20 1893
1.20 1892
1.20 1891
1.20 1890
1.20 1889
1.20 1888
1.20 1887
1.20 1886
1.20 1885
1.21 1884
1.21 1883
1.21 1882
1.21 1881
1.21 1880
1.21 1879
1.21 1878
1.21 1877
1.22 1876
1.22 1875
1.22 1874
1.22 1873
1.22 1872
1.22 1871
1.22 1870
1.22 1869
1.22 1868
1.22 1867
1.22 1866
1.23 1865
1.23 1864
1.23 1863
1.23 1862
1.23 1861
1.23 1860
1.23 1859
1.23 1858
1.23 1857
1.23 1856
1.23 1855
1.23 1854
1.23 1853
1.23 1852
1.23 1851
1.23 1850
1.23 1849
1.23 1848
1.23 1847
1.23 1846
1.23 1845
1.23 1844
1.23 1843
1.23 1842
1.23 1841
1.25 1840
1.25 1839
1.25 1838
1.25 1837
1.25 1836
1.25 1835
1.25 1834
1.25 1833
1.25 1832
1.25 1831
1.25 1830
1.25 1829
1.25 1828
1.25 1827
1.25 1826
1.25 1825
1.25 1824
1.25 1823
1.25 1822
1.25 1821
1.25 1820
1.25 1819
1.25 1818
1.25 1817
1.26 1816
1.27 1815
1.27 1814
1.27 1813
1.27 1812
1.27 1811
1.27 1810
1.27 1809
1.27 1808
1.27 1807
1.27 1806
1.27 1805
1.27 1804
1.27 1803
1.27 1802
1.27 1801
1.27 1800
1.27 1799
1.27 1798
1.27 1797
1.27 1796
1.27 1795
1.27 1794
1.27 1793
1.28 1792
1.28 1791
1.28 1790
1.28 1789
1.28 1788
1.28 1787
1.28 1786
1.28 1785
1.28 1784
1.28 1783
1.28 1782
1.28 1781
1.28 1780
1.28 1779
1.29 1778
1.29 1777
1.29 1776
1.29 1775
1.29 1774
1.29 1773
1.29 1772
1.29 1771
1.29 1770
1.29 1769
1.29 1768
1.29 1767
1.29 1766
1.30 1765
1.30 1764
1.30 1763
1.30 1762
1.30 1761
1.30 1760
1.30 1759
1.30 1758
1.30 1757
1.30 1756
1.30 1755
1.30 1754
1.30 1753
1.30 1752
1.30 1751
1.30 1750
1.30 1749
1.30 1748
1.30 1747
1.30 1746
1.30 1745
1.30 1744
1.30 1743
1.30 1742
1.30 1741
1.30 1740
1.31 1739
1.31 1738
1.31 1737
1.31 1736
1.31 1735
1.31 1734
1.31 1733
1.31 1732
1.31 1731
1.31 1730
1.31 1729
1.31 1728
1.31 1727
1.31 1726
1.32 1725
1.32 1724
1.32 1723
1.32 1722
1.32 1721
1.32 1720
1.32 1719
1.32 1718
1.32 1717
1.32 1716
1.32 1715
1.32 1714
1.32 1713
1.32 1712
1.32 1711
1.32 1710
1.32 1709
1.32 1708
1.32 1707
1.32 1706
1.32 1705
1.32 1704
1.32 1703
1.32 1702
1.32 1701
1.32 1700
1.32 1699
1.32 1698
1.34 1697
1.34 1696
1.34 1695
1.34 1694
1.34 1693
1.34 1692
1.34 1691
1.34 1690
1.34 1689
1.34 1688
1.34 1687
1.34 1686
1.34 1685
1.34 1684
1.34 1683
1.34 1682
1.34 1681
1.34 1680
1.34 1679
1.34 1678
1.34 1677
1.34 1676
1.34 1675
1.34 1674
1.35 1673
1.35 1672
1.35 1671
1.35 1670
1.35 1669
1.35 1668
1.35 1667
1.35 1666
1.35 1665
1.35 1664
1.35 1663
1.35 1662
1.35 1661
1.35 1660
1.35 1659
1.35 1658
1.35 1657
1.35 1656
1.35 1655
1.35 1654
1.35 1653
1.35 1652
1.35 1651
1.35 1650
1.35 1649
1.35 1648
1.35 1647
1.35 1646
1.37 1645
1.37 1644
1.37 1643
1.37 1642
1.37 1641
1.37 1640
1.37 1639
1.37 1638
1.37 1637
1.37 1636
1.37 1635
1.37 1634
1.37 1633
1.37 1632
1.37 1631
1.37 1630
1.37 1629
1.37 1628
1.37 1627
1.37 1626
1.37 1625
1.37 1624
1.37 1623
1.37 1622
1.37 1621
1.37 1620
1.37 1619
1.37 1618
1.38 1617
1.38 1616
1.38 1615
1.38 1614
1.38 1613
1.38 1612
1.38 1611
1.38 1610
1.38 1609
1.38 1608
1.38 1607
1.38 1606
1.38 1605
1.38 1604
1.38 1603
1.38 1602
1.38 1601
1.38 1600
1.38 1599
1.38 1598
1.38 1597
1.38 1596
1.38 1595
1.38 1594
1.38 1593
1.38 1592
1.38 1591
1.38 1590
1.40 1589
1.40 1588
1.40 1587
1.40 1586
1.40 1585
1.40 1584
1.40 1583
1.40 1582
1.40 1581
1.40 1580
1.40 1579
1.40 1578
1.40 1577
1.40 1576
1.40 1575
1.40 1574
1.40 1573
1.40 1572
1.40 1571
1.40 1570
1.40 1569
1.40 1568
1.40 1567
1.40 1566
1.40 1565
1.40 1564
1.42 1563
1.42 1562
1.42 1561
1.42 1560
1.42 1559
1.42 1558
1.42 1557
1.42 1556
1.42 1555
1.42 1554
1.42 1553
1.42 1552
1.42 1551
1.42 1550
1.42 1549
1.42 1548
1.42 1547
1.43 1546
1.43 1545
1.43 1544
1.43 1543
1.43 1542
1.43 1541
1.43 1540
1.43 1539
1.43 1538
1.43 1537
1.43 1536
1.43 1535
1.43 1534
1.43 1533
1.43 1532
1.43 1531
1.43 1530
1.43 1529
1.43 1528
1.43 1527
1.43 1526
1.43 1525
1.43 1524
1.43 1523
1.43 1522
1.43 1521
1.45 1520
1.45 1519
1.45 1518
1.45 1517
1.45 1516
1.45 1515
1.45 1514
1.45 1513
1.45 1512
1.45 1511
1.45 1510
1.45 1509
1.45 1508
1.45 1507
1.45 1506
1.45 1505
1.45 1504
1.45 1503
1.45 1502
1.45 1501
1.45 1500
1.45 1499
1.45 1498
1.45 1497
1.45 1496
1.45 1495
1.45 1494
1.45 1493
1.45 1492
1.46 1491
1.46 1490
1.46 1489
1.46 1488
1.46 1487
1.46 1486
1.46 1485
1.46 1484
1.46 1483
1.46 1482
1.46 1481
1.46 1480
1.46 1479
1.46 1478
1.46 1477
1.46 1476
1.46 1475
1.46 1474
1.46 1473
1.46 1472
1.46 1471
1.46 1470
1.46 1469
1.46 1468
1.46 1467
1.46 1466
1.46 1465
1.46 1464
1.48 1463
1.48 1462
1.48 1461
1.48 1460
1.48 1459
1.48 1458
1.48 1457
1.48 1456
1.48 1455
1.48 1454
1.48 1453
1.48 1452
1.48 1451
1.48 1450
1.48 1449
1.48 1448
1.48 1447
1.48 1446
1.48 1445
1.49 1444
1.49 1443
1.49 1442
1.49 1441
1.49 1440
1.49 1439
1.49 1438
1.49 1437
1.49 1436
1.49 1435
1.49 1434
1.49 1433
1.49 1432
1.49 1431
1.49 1430
1.49 1429
1.49 1428
1.49 1427
1.49 1426
1.49 1425
1.49 1424
1.49 1423
1.51 1422
1.51 1421
1.51 1420
1.51 1419
1.51 1418
1.51 1417
1.51 1416
1.51 1415
1.51 1414
1.51 1413
1.51 1412
1.51 1411
1.51 1410
1.51 1409
1.51 1408
1.51 1407
1.51 1406
1.51 1405
1.51 1404
1.51 1403
1.51 1402
1.51 1401
1.51 1400
1.51 1399
1.51 1398
1.51 1397
1.51 1396
1.53 1395
1.53 1394
1.53 1393
1.53 1392
1.53 1391
1.53 1390
1.53 1389
1.53 1388
1.53 1387
1.53 1386
1.53 1385
1.53 1384
1.53 1383
1.53 1382
1.53 1381
1.53 1380
1.53 1379
1.53 1378
1.53 1377
1.53 1376
1.53 1375
1.53 1374
1.53 1373
1.53 1372
1.53 1371
1.53 1370
1.53 1369
1.53 1368
1.53 1367
1.54 1366
1.54 1365
1.54 1364
1.54 1363
1.54 1362
1.54 1361
1.54 1360
1.54 1359
1.54 1358
1.54 1357
1.54 1356
1.54 1355
1.54 1354
1.54 1353
1.54 1352
1.54 1351
1.54 1350
1.54 1349
1.54 1348
1.54 1347
1.54 1346
1.54 1345
1.55 1344
1.55 1343
1.55 1342
1.55 1341
1.55 1340
1.56 1339
1.56 1338
1.56 1337
1.56 1336
1.56 1335
1.56 1334
1.56 1333
1.56 1332
1.56 1331
1.56 1330
1.56 1329
1.56 1328
1.56 1327
1.56 1326
1.56 1325
1.56 1324
1.56 1323
1.56 1322
1.56 1321
1.56 1320
1.56 1319
1.56 1318
1.56 1317
1.56 1316
1.56 1315
1.56 1314
1.56 1313
1.57 1312
1.57 1311
1.57 1310
1.57 1309
1.57 1308
1.57 1307
1.57 1306
1.57 1305
1.57 1304
1.57 1303
1.57 1302
1.57 1301
1.57 1300
1.57 1299
1.57 1298
1.57 1297
1.57 1296
1.57 1295
1.57 1294
1.57 1293
1.59 1292
1.59 1291
1.59 1290
1.59 1289
1.59 1288
1.59 1287
1.59 1286
1.59 1285
1.59 1284
1.59 1283
1.59 1282
1.59 1281
1.59 1280
1.59 1279
1.59 1278
1.59 1277
1.59 1276
1.59 1275
1.59 1274
1.59 1273
1.59 1272
1.59 1271
1.59 1270
1.60 1269
1.60 1268
1.60 1267
1.60 1266
1.60 1265
1.60 1264
1.60 1263
1.60 1262
1.60 1261
1.60 1260
1.60 1259
1.60 1258
1.60 1257
1.60 1256
1.60 1255
1.60 1254
1.60 1253
1.60 1252
1.60 1251
1.60 1250
1.60 1249
1.60 1248
1.60 1247
1.60 1246
1.60 1245
1.60 1244
1.60 1243
1.60 1242
1.60 1241
1.60 1240
1.62 1239
1.62 1238
1.62 1237
1.62 1236
1.62 1235
1.62 1234
1.62 1233
1.62 1232
1.62 1231
1.62 1230
1.62 1229
1.62 1228
1.62 1227
1.62 1226
1.62 1225
1.62 1224
1.62 1223
1.64 1222
1.64 1221
1.64 1220
1.64 1219
1.64 1218
1.64 1217
1.64 1216
1.64 1215
1.64 1214
1.64 1213
1.64 1212
1.64 1211
1.64 1210
1.64 1209
1.64 1208
1.64 1207
1.64 1206
1.64 1205
1.64 1204
1.64 1203
1.65 1202
1.65 1201
1.65 1200
1.65 1199
1.65 1198
1.65 1197
1.65 1196
1.65 1195
1.65 1194
1.65 1193
1.65 1192
1.65 1191
1.65 1190
1.66 1189
1.66 1188
1.66 1187
1.66 1186
1.66 1185
1.66 1184
1.66 1183
1.66 1182
1.66 1181
1.66 1180
1.66 1179
1.66 1178
1.66 1177
1.66 1176
1.66 1175
1.66 1174
1.66 1173
1.67 1172
1.67 1171
1.67 1170
1.67 1169
1.67 1168
1.67 1167
1.67 1166
1.67 1165
1.67 1164
1.67 1163
1.67 1162
1.67 1161
1.67 1160
1.67 1159
1.67 1158
1.67 1157
1.67 1156
1.67 1155
1.67 1154
1.67 1153
1.67 1152
1.67 1151
1.67 1150
1.67 1149
1.67 1148
1.68 1147
1.68 1146
1.68 1145
1.68 1144
1.68 1143
1.68 1142
1.68 1141
1.68 1140
1.68 1139
1.68 1138
1.68 1137
1.68 1136
1.68 1135
1.68 1134
1.68 1133
1.68 1132
1.68 1131
1.68 1130
1.68 1129
1.68 1128
1.68 1127
1.68 1126
1.68 1125
1.68 1124
1.68 1123
1.68 1122
1.68 1121
1.68 1120
1.68 1119
1.70 1118
1.70 1117
1.70 1116
1.70 1115
1.70 1114
1.70 1113
1.70 1112
1.70 1111
1.70 1110
1.70 1109
1.70 1108
1.70 1107
1.70 1106
1.70 1105
1.70 1104
1.70 1103
1.70 1102
1.70 1101
1.70 1100
1.70 1099
1.70 1098
1.70 1097
1.70 1096
1.71 1095
1.71 1094
1.71 1093
1.71 1092
1.71 1091
1.71 1090
1.71 1089
1.71 1088
1.71 1087
1.71 1086
1.71 1085
1.72 1084
1.72 1083
1.72 1082
1.72 1081
1.72 1080
1.72 1079
1.72 1078
1.72 1077
1.72 1076
1.72 1075
1.72 1074
1.72 1073
1.72 1072
1.72 1071
1.72 1070
1.72 1069
1.72 1068
1.72 1067
1.72 1066
1.72 1065
1.72 1064
1.72 1063
1.72 1062
1.73 1061
1.73 1060
1.73 1059
1.73 1058
1.73 1057
1.73 1056
1.73 1055
1.73 1054
1.73 1053
1.73 1052
1.73 1051
1.73 1050
1.73 1049
1.73 1048
1.73 1047
1.74 1046
1.74 1045
1.74 1044
1.74 1043
1.74 1042
1.74 1041
1.74 1040
1.74 1039
1.74 1038
1.74 1037
1.74 1036
1.75 1035
1.75 1034
1.75 1033
1.75 1032
1.75 1031
1.75 1030
1.75 1029
1.75 1028
1.75 1027
1.75 1026
1.75 1025
1.75 1024
1.75 1023
1.75 1022
1.75 1021
1.75 1020
1.75 1019
1.75 1018
1.75 1017
1.75 1016
1.75 1015
1.75 1014
1.75 1013
1.75 1012
1.75 1011
1.75 1010
1.75 1009
1.75 1008
1.75 1007
1.75 1006
1.77 1005
1.77 1004
1.77 1003
1.77 1002
1.77 1001
1.77 1000
1.77 999
1.77 998
1.77 997
1.77 996
1.77 995
1.77 994
1.77 993
1.77 992
1.77 991
1.77 990
1.77 989
1.77 988
1.77 987
1.77 986
1.77 985
1.77 984
1.77 983
1.77 982
1.77 981
1.77 980
