1.00 1499
1.00 1498
1.00 1497
1.01 1496
1.01 1495
1.01 1494
1.01 1493
1.01 1492
1.01 1491
1.01 1490
1.02 1489
1.02 1488
1.02 1487
1.02 1486
1.02 1485
1.02 1484
1.02 1483
1.02 1482
1.02 1481
1.02 1480
1.02 1479
1.02 1478
1.02 1477
1.03 1476
1.03 1475
1.03 1474
1.03 1473
1.03 1472
1.03 1471
1.03 1470
1.03 1469
1.03 1468
1.03 1467
1.03 1466
1.03 1465
1.03 1464
1.03 1463
1.03 1462
1.03 1461
1.03 1460
1.03 1459
1.03 1458
1.03 1457
1.03 1456
1.03 1455
1.03 1454
1.03 1453
1.03 1452
1.03 1451
1.03 1450
1.05 1449
1.05 1448
1.05 1447
1.05 1446
1.05 1445
1.06 1444
3.72 1439
3.72 1438
