0.42 999
0.42 998
0.42 997
0.42 996
0.42 995
0.42 994
0.42 993
0.42 992
0.42 991
0.42 990
0.42 989
0.42 988
0.42 987
0.42 986
0.42 985
0.42 984
0.42 983
0.42 982
0.42 981
0.42 980
0.42 979
0.43 978
0.43 977
0.43 976
0.43 975
0.43 974
0.43 973
0.43 972
0.43 971
0.43 970
0.43 969
0.43 968
0.43 967
0.43 966
0.43 965
0.43 964
0.43 963
0.43 962
0.43 961
0.43 960
0.43 959
0.43 958
0.43 957
0.43 956
0.43 955
0.43 954
0.43 953
0.43 952
0.43 951
0.43 950
0.43 949
0.43 948
0.43 947
0.43 946
0.45 945
0.45 944
0.45 943
0.45 942
0.45 941
0.45 940
0.45 939
0.45 938
0.45 937
0.45 936
0.45 935
0.45 934
2.60 933
