0.41 999
0.41 998
0.41 997
0.41 996
0.41 995
0.41 994
0.41 993
0.41 992
0.41 991
0.41 990
0.41 989
0.41 988
0.43 987
0.43 986
0.43 985
0.43 984
0.43 983
0.43 982
0.43 981
0.43 980
0.43 979
0.43 978
0.43 977
0.43 976
0.43 975
0.43 974
0.43 973
0.43 972
0.43 971
0.43 970
0.43 969
0.43 968
0.43 967
0.43 966
0.43 965
0.43 964
0.43 963
0.43 962
0.43 961
0.43 960
0.43 959
0.43 958
0.43 957
0.43 956
0.43 955
0.44 954
0.44 953
0.44 952
0.44 951
0.44 950
0.44 949
0.44 948
0.44 947
0.44 946
0.44 945
0.44 944
0.44 943
0.44 942
0.44 941
0.44 940
0.44 939
0.44 938
0.44 937
0.44 936
0.44 935
0.44 934
4.78 933
