1.12 1959
1.12 1958
1.12 1957
1.12 1956
1.12 1955
1.12 1954
1.12 1953
1.12 1952
1.12 1951
1.12 1950
1.12 1949
1.13 1948
1.13 1947
1.13 1946
1.13 1945
1.13 1944
1.13 1943
1.13 1942
1.13 1941
1.13 1940
1.13 1939
1.13 1938
1.13 1937
1.13 1936
1.13 1935
1.13 1934
1.13 1933
1.13 1932
1.13 1931
1.14 1930
1.14 1929
1.14 1928
1.14 1927
1.14 1926
1.14 1925
1.14 1924
1.14 1923
1.15 1922
1.15 1921
1.15 1920
1.15 1919
1.15 1918
1.15 1917
1.15 1916
1.15 1915
1.15 1914
1.15 1913
1.15 1912
1.15 1911
1.15 1910
1.15 1909
1.16 1908
1.16 1907
1.16 1906
1.16 1905
1.16 1904
1.16 1903
1.16 1902
1.16 1901
1.16 1900
1.16 1899
1.16 1898
1.16 1897
1.16 1896
1.16 1895
1.16 1894
1.16 1893
1.16 1892
1.16 1891
1.16 1890
1.16 1889
1.16 1888
1.17 1887
1.17 1886
1.17 1885
1.17 1884
1.17 1883
1.17 1882
1.17 1881
1.17 1880
1.17 1879
1.17 1878
1.18 1877
1.18 1876
1.18 1875
1.18 1874
1.18 1873
1.18 1872
1.18 1871
1.18 1870
1.18 1869
1.18 1868
1.18 1867
1.18 1866
1.18 1865
1.18 1864
1.18 1863
1.19 1862
1.19 1861
1.19 1860
1.19 1859
1.19 1858
1.19 1857
1.19 1856
1.19 1855
1.19 1854
1.19 1853
1.19 1852
1.20 1851
1.20 1850
1.20 1849
1.20 1848
1.20 1847
1.20 1846
1.20 1845
1.20 1844
1.20 1843
1.20 1842
1.20 1841
1.20 1840
1.20 1839
1.20 1838
1.20 1837
1.20 1836
1.21 1835
1.21 1834
1.21 1833
1.21 1832
1.21 1831
1.21 1830
1.21 1829
1.21 1828
1.21 1827
1.21 1826
1.21 1825
1.21 1824
1.21 1823
1.21 1822
1.21 1821
1.21 1820
1.21 1819
1.21 1818
1.21 1817
1.21 1816
1.21 1815
1.21 1814
1.21 1813
1.21 1812
1.21 1811
1.22 1810
1.22 1809
1.22 1808
1.22 1807
1.22 1806
1.22 1805
1.22 1804
1.22 1803
1.22 1802
1.22 1801
1.22 1800
1.22 1799
1.23 1798
1.23 1797
1.23 1796
1.23 1795
1.23 1794
1.23 1793
1.23 1792
1.23 1791
1.23 1790
1.23 1789
1.24 1788
1.24 1787
1.24 1786
1.24 1785
1.24 1784
1.24 1783
1.24 1782
1.24 1781
1.24 1780
1.24 1779
1.24 1778
1.24 1777
1.24 1776
1.24 1775
1.24 1774
1.24 1773
1.24 1772
1.24 1771
1.24 1770
1.24 1769
1.24 1768
1.24 1767
1.24 1766
1.24 1765
1.25 1764
1.25 1763
1.25 1762
1.25 1761
1.25 1760
1.25 1759
1.25 1758
1.25 1757
1.25 1756
1.25 1755
1.25 1754
1.25 1753
1.25 1752
1.25 1751
1.25 1750
1.25 1749
1.25 1748
1.25 1747
1.25 1746
1.25 1745
1.25 1744
1.25 1743
1.25 1742
1.25 1741
1.25 1740
1.25 1739
1.27 1738
1.27 1737
1.27 1736
1.27 1735
1.27 1734
1.27 1733
1.27 1732
1.27 1731
1.27 1730
1.27 1729
1.27 1728
1.27 1727
1.28 1726
1.28 1725
1.28 1724
1.28 1723
1.28 1722
1.28 1721
1.28 1720
1.28 1719
1.28 1718
1.28 1717
1.28 1716
1.28 1715
1.28 1714
1.28 1713
1.28 1712
1.28 1711
1.28 1710
1.28 1709
1.28 1708
1.29 1707
1.29 1706
1.29 1705
1.29 1704
1.29 1703
1.29 1702
1.29 1701
1.29 1700
1.29 1699
1.29 1698
1.30 1697
1.30 1696
1.30 1695
1.30 1694
1.30 1693
1.30 1692
1.30 1691
1.30 1690
1.31 1689
1.31 1688
1.31 1687
1.31 1686
1.31 1685
1.31 1684
1.31 1683
1.31 1682
1.31 1681
1.31 1680
1.31 1679
1.31 1678
1.31 1677
1.31 1676
1.31 1675
1.31 1674
1.32 1673
1.32 1672
1.32 1671
1.32 1670
1.32 1669
1.32 1668
1.32 1667
1.32 1666
1.32 1665
1.32 1664
1.32 1663
1.32 1662
1.32 1661
1.32 1660
1.32 1659
1.32 1658
1.32 1657
1.32 1656
1.32 1655
1.32 1654
1.32 1653
1.32 1652
1.32 1651
1.32 1650
1.32 1649
1.32 1648
1.32 1647
1.32 1646
1.32 1645
1.32 1644
1.32 1643
1.32 1642
1.32 1641
1.32 1640
1.32 1639
1.32 1638
1.32 1637
1.34 1636
1.34 1635
1.34 1634
1.34 1633
1.34 1632
1.34 1631
1.34 1630
1.34 1629
1.34 1628
1.34 1627
1.34 1626
1.34 1625
1.34 1624
1.34 1623
1.34 1622
1.34 1621
1.34 1620
1.34 1619
1.36 1618
1.36 1617
1.36 1616
1.36 1615
1.36 1614
1.36 1613
1.36 1612
1.36 1611
1.36 1610
1.36 1609
1.36 1608
1.36 1607
1.36 1606
1.36 1605
1.36 1604
1.36 1603
1.36 1602
1.36 1601
1.37 1600
1.37 1599
1.37 1598
1.37 1597
1.37 1596
1.37 1595
1.37 1594
1.37 1593
1.37 1592
1.37 1591
1.37 1590
1.37 1589
1.37 1588
1.37 1587
1.37 1586
1.37 1585
1.37 1584
1.37 1583
1.37 1582
1.37 1581
1.37 1580
1.37 1579
1.37 1578
1.37 1577
1.39 1576
1.39 1575
1.39 1574
1.39 1573
1.39 1572
1.39 1571
1.39 1570
1.39 1569
1.39 1568
1.39 1567
1.39 1566
1.39 1565
1.39 1564
1.39 1563
1.40 1562
1.40 1561
1.40 1560
1.40 1559
1.40 1558
1.40 1557
1.40 1556
1.40 1555
1.40 1554
1.40 1553
1.40 1552
1.40 1551
1.41 1550
1.41 1549
1.41 1548
1.41 1547
1.41 1546
1.41 1545
1.41 1544
1.41 1543
1.41 1542
1.41 1541
1.41 1540
1.41 1539
1.41 1538
1.41 1537
1.41 1536
1.41 1535
1.41 1534
1.41 1533
1.41 1532
1.41 1531
1.41 1530
1.41 1529
1.41 1528
1.41 1527
1.41 1526
1.41 1525
1.42 1524
1.42 1523
1.42 1522
1.42 1521
1.42 1520
1.42 1519
1.42 1518
1.42 1517
1.42 1516
1.42 1515
1.42 1514
1.42 1513
1.43 1512
1.43 1511
1.43 1510
1.43 1509
1.43 1508
1.43 1507
1.43 1506
1.43 1505
1.43 1504
1.43 1503
1.43 1502
1.43 1501
1.43 1500
1.44 1499
1.44 1498
1.44 1497
1.44 1496
1.44 1495
1.44 1494
1.44 1493
1.44 1492
1.44 1491
1.44 1490
1.44 1489
1.44 1488
1.44 1487
1.45 1486
1.45 1485
1.45 1484
1.45 1483
1.45 1482
1.45 1481
1.45 1480
1.45 1479
1.45 1478
1.45 1477
1.45 1476
1.45 1475
1.45 1474
1.45 1473
1.45 1472
1.45 1471
1.46 1470
1.46 1469
1.46 1468
1.46 1467
1.46 1466
1.46 1465
1.46 1464
1.46 1463
1.46 1462
1.46 1461
1.46 1460
1.46 1459
1.46 1458
1.46 1457
1.46 1456
1.46 1455
1.46 1454
1.46 1453
1.46 1452
1.46 1451
1.46 1450
1.46 1449
1.46 1448
1.46 1447
1.47 1446
1.47 1445
1.47 1444
1.47 1443
1.47 1442
1.47 1441
1.47 1440
1.47 1439
1.47 1438
1.47 1437
1.47 1436
1.47 1435
1.47 1434
1.48 1433
1.48 1432
1.48 1431
1.48 1430
1.48 1429
1.48 1428
1.48 1427
1.48 1426
1.48 1425
1.48 1424
1.48 1423
1.48 1422
1.48 1421
1.48 1420
1.48 1419
1.48 1418
1.48 1417
1.49 1416
1.49 1415
1.49 1414
1.49 1413
1.49 1412
1.49 1411
1.49 1410
1.49 1409
1.49 1408
1.49 1407
1.49 1406
1.49 1405
1.50 1404
1.50 1403
1.50 1402
1.50 1401
1.50 1400
1.50 1399
1.50 1398
1.50 1397
1.50 1396
1.50 1395
1.50 1394
1.50 1393
1.51 1392
1.51 1391
1.51 1390
1.51 1389
1.51 1388
1.51 1387
1.51 1386
1.51 1385
1.51 1384
1.51 1383
1.51 1382
1.51 1381
1.51 1380
1.51 1379
1.51 1378
1.51 1377
1.51 1376
1.51 1375
1.51 1374
1.51 1373
1.51 1372
1.51 1371
1.51 1370
1.51 1369
1.51 1368
1.51 1367
1.51 1366
1.51 1365
1.51 1364
1.52 1363
1.52 1362
1.52 1361
1.52 1360
1.52 1359
1.53 1358
1.53 1357
1.53 1356
1.53 1355
1.53 1354
1.53 1353
1.53 1352
1.53 1351
1.53 1350
1.53 1349
1.53 1348
1.53 1347
1.53 1346
1.53 1345
1.53 1344
1.53 1343
1.53 1342
1.53 1341
1.53 1340
1.53 1339
1.53 1338
1.53 1337
1.53 1336
1.54 1335
1.54 1334
1.54 1333
1.54 1332
1.54 1331
1.54 1330
1.54 1329
1.54 1328
1.54 1327
1.54 1326
1.54 1325
1.54 1324
1.54 1323
1.54 1322
1.54 1321
1.54 1320
1.54 1319
1.54 1318
1.54 1317
1.54 1316
1.54 1315
1.54 1314
1.54 1313
1.54 1312
1.56 1311
1.56 1310
1.56 1309
1.56 1308
1.56 1307
1.56 1306
1.56 1305
1.56 1304
1.56 1303
1.56 1302
1.56 1301
1.56 1300
1.56 1299
1.56 1298
1.56 1297
1.56 1296
1.56 1295
1.56 1294
1.56 1293
1.56 1292
1.56 1291
1.56 1290
1.56 1289
1.56 1288
1.56 1287
1.56 1286
1.56 1285
1.56 1284
1.56 1283
1.56 1282
1.57 1281
1.57 1280
1.57 1279
1.57 1278
1.57 1277
1.57 1276
1.57 1275
1.57 1274
1.57 1273
1.58 1272
1.58 1271
1.58 1270
1.58 1269
1.58 1268
1.58 1267
1.58 1266
1.58 1265
1.58 1264
1.58 1263
1.58 1262
1.58 1261
1.58 1260
1.59 1259
1.59 1258
1.59 1257
1.59 1256
1.59 1255
1.59 1254
1.59 1253
1.59 1252
1.59 1251
1.59 1250
1.59 1249
1.59 1248
1.59 1247
1.59 1246
1.59 1245
1.59 1244
1.59 1243
1.59 1242
1.59 1241
1.59 1240
1.59 1239
1.59 1238
1.59 1237
1.59 1236
1.59 1235
1.59 1234
1.59 1233
1.59 1232
1.60 1231
1.60 1230
1.60 1229
1.61 1228
1.61 1227
1.61 1226
1.61 1225
1.61 1224
1.61 1223
1.61 1222
1.61 1221
1.61 1220
1.61 1219
1.61 1218
1.61 1217
1.61 1216
1.61 1215
1.61 1214
1.61 1213
1.61 1212
1.61 1211
1.61 1210
1.61 1209
1.61 1208
1.61 1207
1.61 1206
1.61 1205
1.61 1204
1.61 1203
1.61 1202
1.61 1201
1.61 1200
1.62 1199
1.62 1198
1.62 1197
1.62 1196
1.62 1195
1.62 1194
1.63 1193
1.63 1192
1.63 1191
1.63 1190
1.63 1189
1.63 1188
1.63 1187
1.63 1186
1.63 1185
1.63 1184
1.63 1183
1.63 1182
1.63 1181
1.63 1180
1.63 1179
1.63 1178
1.63 1177
1.63 1176
1.63 1175
1.64 1174
1.64 1173
1.64 1172
1.64 1171
1.64 1170
1.64 1169
1.64 1168
1.64 1167
1.64 1166
1.64 1165
1.64 1164
1.64 1163
1.64 1162
1.64 1161
1.64 1160
1.64 1159
1.65 1158
1.65 1157
1.65 1156
1.65 1155
1.65 1154
1.65 1153
1.65 1152
1.65 1151
1.65 1150
1.65 1149
1.65 1148
1.65 1147
1.65 1146
1.65 1145
1.65 1144
1.65 1143
1.65 1142
1.66 1141
1.66 1140
1.66 1139
1.66 1138
1.66 1137
1.66 1136
1.66 1135
1.66 1134
1.66 1133
1.66 1132
1.66 1131
1.66 1130
1.66 1129
1.66 1128
1.66 1127
1.66 1126
1.66 1125
1.66 1124
1.66 1123
1.66 1122
1.66 1121
1.66 1120
1.66 1119
1.66 1118
1.67 1117
1.67 1116
1.67 1115
1.67 1114
1.67 1113
1.67 1112
1.67 1111
1.67 1110
1.67 1109
1.67 1108
1.67 1107
1.67 1106
1.67 1105
1.67 1104
1.67 1103
1.67 1102
1.68 1101
1.68 1100
1.68 1099
1.68 1098
1.68 1097
1.68 1096
1.68 1095
1.68 1094
1.68 1093
1.68 1092
1.68 1091
1.68 1090
1.68 1089
1.68 1088
1.68 1087
1.68 1086
1.68 1085
1.69 1084
1.69 1083
1.69 1082
1.69 1081
1.69 1080
1.69 1079
1.69 1078
1.69 1077
1.69 1076
1.69 1075
1.69 1074
1.69 1073
1.69 1072
1.69 1071
1.69 1070
1.69 1069
1.69 1068
1.69 1067
1.69 1066
1.69 1065
1.69 1064
1.69 1063
1.69 1062
1.69 1061
1.69 1060
1.69 1059
1.69 1058
1.69 1057
1.69 1056
1.69 1055
1.69 1054
1.70 1053
1.71 1052
1.71 1051
1.71 1050
1.71 1049
1.71 1048
1.71 1047
1.71 1046
1.71 1045
1.71 1044
1.71 1043
1.71 1042
1.71 1041
1.71 1040
1.71 1039
1.71 1038
1.71 1037
1.71 1036
1.71 1035
1.71 1034
1.71 1033
1.71 1032
1.71 1031
1.71 1030
1.71 1029
1.71 1028
1.71 1027
1.71 1026
1.71 1025
1.71 1024
1.71 1023
1.72 1022
1.72 1021
1.72 1020
1.72 1019
1.72 1018
1.72 1017
1.72 1016
1.72 1015
1.72 1014
1.72 1013
1.72 1012
1.72 1011
1.72 1010
1.72 1009
1.72 1008
1.72 1007
1.72 1006
1.72 1005
1.72 1004
1.72 1003
1.72 1002
1.72 1001
1.72 1000
1.72 999
1.72 998
1.72 997
1.72 996
1.74 995
1.74 994
1.74 993
1.74 992
1.74 991
1.74 990
1.74 989
1.74 988
1.74 987
1.74 986
1.74 985
1.74 984
1.74 983
1.74 982
1.74 981
1.74 980
