0.04 5677
0.04 5676
0.04 5675
0.04 5674
0.04 5673
0.05 5672
0.05 5671
0.05 5670
0.05 5669
0.05 5668
0.05 5667
0.05 5666
0.05 5665
0.07 5664
0.07 5663
0.07 5662
0.07 5661
0.07 5660
0.07 5659
0.07 5658
0.08 5657
0.08 5656
0.08 5655
0.08 5654
0.08 5653
0.08 5652
0.08 5651
0.10 5650
0.10 5649
0.10 5648
0.10 5647
0.10 5646
0.10 5645
0.10 5644
0.10 5643
0.12 5642
0.12 5641
0.12 5640
0.12 5639
0.12 5638
0.13 5637
0.13 5636
0.13 5635
0.13 5634
0.13 5633
0.13 5632
0.13 5631
0.15 5630
0.15 5629
0.15 5628
0.15 5627
0.15 5626
0.15 5625
0.15 5624
0.15 5623
0.15 5622
0.16 5621
0.16 5620
0.16 5619
0.16 5618
0.16 5617
0.16 5616
0.16 5615
0.16 5614
0.16 5613
0.18 5612
0.18 5611
0.18 5610
0.18 5609
0.18 5608
0.18 5607
0.18 5606
0.18 5605
0.18 5604
0.18 5603
0.19 5602
0.19 5601
0.19 5600
0.20 5599
0.20 5598
0.20 5597
0.20 5596
0.20 5595
0.20 5594
0.21 5593
0.21 5592
0.21 5591
0.21 5590
0.21 5589
0.21 5588
0.21 5587
0.21 5586
0.21 5585
0.21 5584
0.23 5583
0.23 5582
0.23 5581
0.23 5580
0.23 5579
0.23 5578
0.23 5577
0.23 5576
0.23 5575
0.23 5574
0.24 5573
0.24 5572
0.24 5571
0.24 5570
0.24 5569
0.24 5568
0.24 5567
0.24 5566
0.26 5565
0.26 5564
0.26 5563
0.26 5562
0.26 5561
0.26 5560
0.26 5559
0.26 5558
0.26 5557
0.26 5556
0.27 5555
0.27 5554
0.27 5553
0.27 5552
0.27 5551
0.27 5550
0.27 5549
0.27 5548
0.27 5547
0.29 5546
0.29 5545
0.29 5544
0.29 5543
0.29 5542
0.29 5541
0.29 5540
0.30 5539
0.30 5538
0.30 5537
0.30 5536
0.30 5535
0.30 5534
0.30 5533
0.30 5532
0.30 5531
0.30 5530
0.30 5529
0.30 5528
0.30 5527
0.32 5526
0.32 5525
0.32 5524
0.32 5523
0.32 5522
0.32 5521
0.32 5520
0.32 5519
0.32 5518
0.32 5517
0.32 5516
0.34 5515
0.34 5514
0.34 5513
0.34 5512
0.34 5511
0.34 5510
0.34 5509
0.34 5508
0.34 5507
0.34 5506
0.35 5505
0.35 5504
0.35 5503
0.35 5502
0.35 5501
0.35 5500
0.35 5499
0.35 5498
0.35 5497
0.35 5496
0.37 5495
0.37 5494
0.37 5493
0.37 5492
0.37 5491
0.37 5490
0.37 5489
0.37 5488
0.37 5487
0.37 5486
0.37 5485
0.38 5484
0.38 5483
0.38 5482
0.38 5481
0.38 5480
0.38 5479
0.38 5478
0.38 5477
0.38 5476
0.38 5475
0.40 5474
0.40 5473
0.40 5472
0.40 5471
0.40 5470
0.40 5469
0.40 5468
0.40 5467
0.40 5466
0.40 5465
0.42 5464
0.42 5463
0.42 5462
0.42 5461
0.42 5460
0.42 5459
0.42 5458
0.42 5457
0.42 5456
0.42 5455
0.42 5454
0.43 5453
0.43 5452
0.43 5451
0.43 5450
0.43 5449
0.43 5448
0.43 5447
0.43 5446
0.43 5445
0.43 5444
0.45 5443
0.45 5442
0.45 5441
0.45 5440
0.45 5439
0.45 5438
0.45 5437
0.45 5436
0.45 5435
0.45 5434
0.46 5433
0.46 5432
0.46 5431
0.46 5430
0.46 5429
0.46 5428
0.46 5427
0.46 5426
0.46 5425
0.46 5424
0.46 5423
0.48 5422
0.48 5421
0.48 5420
0.48 5419
0.48 5418
0.48 5417
0.48 5416
0.48 5415
0.48 5414
0.48 5413
0.48 5412
0.49 5411
0.49 5410
0.49 5409
0.49 5408
0.49 5407
0.50 5406
0.50 5405
0.50 5404
0.50 5403
0.50 5402
0.50 5401
0.51 5400
0.51 5399
0.51 5398
0.51 5397
0.51 5396
0.51 5395
0.51 5394
0.51 5393
0.51 5392
0.51 5391
0.51 5390
0.53 5389
0.53 5388
0.53 5387
0.53 5386
0.53 5385
0.53 5384
0.53 5383
0.53 5382
0.53 5381
0.53 5380
0.53 5379
0.53 5378
0.54 5377
0.54 5376
0.54 5375
0.54 5374
0.54 5373
0.54 5372
0.54 5371
0.54 5370
0.54 5369
0.54 5368
0.54 5367
0.56 5366
0.56 5365
0.56 5364
0.56 5363
0.56 5362
0.56 5361
0.56 5360
0.56 5359
0.56 5358
0.56 5357
0.56 5356
0.57 5355
0.57 5354
0.57 5353
0.57 5352
0.57 5351
0.57 5350
0.57 5349
0.57 5348
0.57 5347
0.57 5346
0.57 5345
0.57 5344
0.59 5343
0.59 5342
0.59 5341
0.59 5340
0.59 5339
0.59 5338
0.59 5337
0.59 5336
0.59 5335
0.60 5334
0.60 5333
0.60 5332
0.60 5331
0.60 5330
0.60 5329
0.60 5328
0.60 5327
0.60 5326
0.60 5325
0.60 5324
0.60 5323
0.60 5322
0.62 5321
0.62 5320
0.62 5319
0.62 5318
0.62 5317
0.62 5316
0.62 5315
0.62 5314
0.62 5313
0.62 5312
0.62 5311
0.64 5310
0.64 5309
0.64 5308
0.64 5307
0.64 5306
0.64 5305
0.64 5304
0.64 5303
0.64 5302
0.64 5301
0.64 5300
0.64 5299
0.65 5298
0.65 5297
0.65 5296
0.66 5295
0.66 5294
0.66 5293
0.66 5292
0.66 5291
0.66 5290
0.66 5289
0.66 5288
0.67 5287
0.67 5286
0.67 5285
0.67 5284
0.67 5283
0.67 5282
0.67 5281
0.67 5280
0.68 5279
0.68 5278
0.68 5277
0.68 5276
0.68 5275
0.68 5274
0.68 5273
0.68 5272
0.68 5271
0.68 5270
0.68 5269
0.68 5268
0.68 5267
0.68 5266
0.68 5265
0.68 5264
0.70 5263
0.70 5262
0.70 5261
0.70 5260
0.71 5259
0.71 5258
0.71 5257
0.71 5256
0.71 5255
0.71 5254
0.71 5253
0.72 5252
0.72 5251
0.72 5250
0.72 5249
0.72 5248
0.72 5247
0.72 5246
0.72 5245
0.72 5244
0.72 5243
0.72 5242
0.72 5241
0.72 5240
0.73 5239
0.73 5238
0.74 5237
0.74 5236
0.74 5235
0.74 5234
0.74 5233
0.74 5232
0.74 5231
0.74 5230
0.74 5229
0.75 5228
0.75 5227
0.75 5226
0.75 5225
0.75 5224
0.75 5223
0.75 5222
0.75 5221
0.75 5220
0.75 5219
0.75 5218
0.75 5217
0.76 5216
0.76 5215
0.76 5214
0.76 5213
0.76 5212
0.76 5211
0.76 5210
0.76 5209
0.76 5208
0.76 5207
0.76 5206
0.78 5205
0.78 5204
0.78 5203
0.78 5202
0.78 5201
0.78 5200
0.78 5199
0.78 5198
0.78 5197
0.78 5196
0.78 5195
0.79 5194
0.80 5193
0.80 5192
0.80 5191
0.80 5190
0.80 5189
0.80 5188
0.80 5187
0.80 5186
0.80 5185
0.80 5184
0.80 5183
0.81 5182
0.81 5181
0.81 5180
0.81 5179
0.81 5178
0.81 5177
0.81 5176
0.81 5175
0.81 5174
0.81 5173
0.81 5172
0.81 5171
0.83 5170
0.83 5169
0.83 5168
0.83 5167
0.83 5166
0.83 5165
0.83 5164
0.83 5163
0.83 5162
0.83 5161
0.83 5160
0.84 5159
0.84 5158
0.84 5157
0.84 5156
0.84 5155
0.84 5154
0.84 5153
0.84 5152
0.84 5151
0.84 5150
0.84 5149
0.84 5148
0.86 5147
0.86 5146
0.86 5145
0.86 5144
0.86 5143
0.86 5142
0.86 5141
0.86 5140
0.86 5139
0.86 5138
0.86 5137
0.86 5136
0.87 5135
0.87 5134
0.87 5133
0.87 5132
0.87 5131
0.87 5130
0.87 5129
0.87 5128
0.87 5127
0.87 5126
0.87 5125
0.87 5124
0.89 5123
0.89 5122
0.89 5121
0.89 5120
0.89 5119
0.89 5118
0.89 5117
0.89 5116
0.89 5115
0.90 5114
0.90 5113
0.90 5112
0.90 5111
0.90 5110
0.90 5109
0.90 5108
0.90 5107
0.90 5106
0.90 5105
0.90 5104
0.90 5103
0.90 5102
0.90 5101
0.92 5100
0.92 5099
0.92 5098
0.92 5097
0.92 5096
0.92 5095
0.92 5094
0.92 5093
0.92 5092
0.92 5091
0.92 5090
0.94 5089
0.94 5088
0.94 5087
0.94 5086
0.94 5085
0.94 5084
0.94 5083
0.94 5082
0.94 5081
0.94 5080
0.94 5079
0.94 5078
0.95 5077
0.95 5076
0.95 5075
0.95 5074
0.95 5073
0.95 5072
0.95 5071
0.95 5070
0.95 5069
0.95 5068
0.97 5067
0.97 5066
0.97 5065
0.97 5064
0.97 5063
0.97 5062
0.97 5061
0.97 5060
0.97 5059
0.97 5058
0.97 5057
0.98 5056
0.98 5055
0.98 5054
0.98 5053
0.98 5052
0.98 5051
0.98 5050
0.98 5049
0.98 5048
0.98 5047
0.98 5046
0.98 5045
1.00 5044
1.00 5043
1.00 5042
1.00 5041
1.00 5040
1.00 5039
1.00 5038
1.00 5037
1.00 5036
1.00 5035
1.00 5034
1.02 5033
1.02 5032
1.02 5031
1.02 5030
1.02 5029
1.02 5028
1.02 5027
1.02 5026
1.02 5025
1.02 5024
1.02 5023
1.03 5022
1.03 5021
1.03 5020
1.03 5019
1.03 5018
1.03 5017
1.03 5016
1.03 5015
1.03 5014
1.03 5013
1.05 5012
1.05 5011
1.05 5010
1.05 5009
1.05 5008
1.05 5007
1.05 5006
1.05 5005
1.05 5004
1.05 5003
1.05 5002
1.06 5001
1.06 5000
1.06 4999
1.06 4998
1.06 4997
1.06 4996
1.06 4995
1.06 4994
1.06 4993
1.06 4992
1.08 4991
1.08 4990
1.08 4989
1.08 4988
1.08 4987
1.08 4986
1.08 4985
1.08 4984
1.08 4983
1.08 4982
1.08 4981
1.09 4980
1.09 4979
1.09 4978
1.09 4977
1.09 4976
1.09 4975
1.10 4974
1.10 4973
1.10 4972
1.10 4971
1.10 4970
1.11 4969
1.11 4968
1.11 4967
1.11 4966
1.11 4965
1.11 4964
1.11 4963
1.11 4962
1.11 4961
1.11 4960
1.11 4959
1.13 4958
1.13 4957
1.13 4956
1.13 4955
1.13 4954
1.13 4953
1.13 4952
1.13 4951
1.13 4950
1.13 4949
1.14 4948
1.14 4947
1.14 4946
1.14 4945
1.14 4944
1.14 4943
1.14 4942
1.14 4941
1.14 4940
1.14 4939
1.14 4938
1.16 4937
1.16 4936
1.16 4935
1.16 4934
1.16 4933
1.16 4932
1.16 4931
1.16 4930
1.16 4929
1.16 4928
1.17 4927
1.17 4926
1.17 4925
1.17 4924
1.17 4923
1.17 4922
1.17 4921
1.17 4920
1.17 4919
1.17 4918
1.17 4917
1.19 4916
1.19 4915
1.19 4914
1.19 4913
1.19 4912
1.19 4911
1.19 4910
1.19 4909
1.19 4908
1.19 4907
1.19 4906
1.19 4905
1.20 4904
1.20 4903
1.20 4902
1.20 4901
1.20 4900
1.20 4899
1.20 4898
1.20 4897
1.20 4896
1.20 4895
1.20 4894
1.20 4893
1.20 4892
1.20 4891
1.20 4890
1.20 4889
1.20 4888
1.22 4887
1.22 4886
1.22 4885
1.22 4884
1.22 4883
1.22 4882
1.22 4881
1.22 4880
1.22 4879
1.22 4878
1.22 4877
1.22 4876
1.22 4875
1.22 4874
1.22 4873
1.24 4872
1.24 4871
1.24 4870
1.24 4869
1.24 4868
1.24 4867
1.24 4866
1.24 4865
1.24 4864
1.24 4863
1.24 4862
1.25 4861
1.25 4860
1.25 4859
1.25 4858
1.25 4857
1.25 4856
1.25 4855
1.25 4854
1.25 4853
1.25 4852
1.25 4851
1.25 4850
1.25 4849
1.25 4848
1.25 4847
1.27 4846
1.27 4845
1.27 4844
1.27 4843
1.27 4842
1.27 4841
1.27 4840
1.27 4839
1.27 4838
1.27 4837
1.27 4836
1.27 4835
1.27 4834
1.27 4833
1.27 4832
1.28 4831
1.28 4830
1.28 4829
1.28 4828
1.28 4827
1.28 4826
1.28 4825
1.28 4824
1.28 4823
1.28 4822
1.28 4821
1.28 4820
1.28 4819
1.28 4818
1.28 4817
1.30 4816
1.30 4815
1.30 4814
1.30 4813
1.30 4812
1.30 4811
1.30 4810
1.30 4809
1.30 4808
1.30 4807
1.30 4806
1.30 4805
1.30 4804
1.30 4803
1.30 4802
1.30 4801
1.32 4800
1.32 4799
1.32 4798
1.32 4797
1.32 4796
1.32 4795
1.32 4794
1.32 4793
1.32 4792
1.32 4791
1.32 4790
1.32 4789
1.32 4788
1.32 4787
1.32 4786
1.32 4785
1.33 4784
1.33 4783
1.33 4782
1.33 4781
1.33 4780
1.33 4779
1.33 4778
1.33 4777
1.33 4776
1.33 4775
1.33 4774
1.33 4773
1.35 4772
1.35 4771
1.35 4770
1.35 4769
1.35 4768
1.35 4767
1.35 4766
1.35 4765
1.35 4764
1.35 4763
1.35 4762
1.35 4761
1.36 4760
1.36 4759
1.36 4758
1.36 4757
1.36 4756
1.36 4755
1.36 4754
1.36 4753
1.36 4752
1.36 4751
1.36 4750
1.36 4749
1.36 4748
1.36 4747
1.36 4746
1.38 4745
1.38 4744
1.38 4743
1.38 4742
1.38 4741
1.38 4740
1.38 4739
1.38 4738
1.38 4737
1.38 4736
1.38 4735
1.38 4734
1.38 4733
1.38 4732
1.38 4731
1.38 4730
1.39 4729
1.39 4728
1.39 4727
1.39 4726
1.39 4725
1.39 4724
1.39 4723
1.39 4722
1.39 4721
1.40 4720
1.40 4719
1.40 4718
1.40 4717
1.40 4716
1.40 4715
1.41 4714
1.41 4713
1.41 4712
1.41 4711
1.41 4710
1.41 4709
1.41 4708
1.41 4707
1.41 4706
1.41 4705
1.41 4704
1.41 4703
1.41 4702
1.41 4701
1.43 4700
1.43 4699
1.43 4698
1.43 4697
1.43 4696
1.43 4695
1.43 4694
1.43 4693
1.43 4692
1.43 4691
1.43 4690
1.43 4689
1.43 4688
1.44 4687
1.44 4686
1.44 4685
1.44 4684
1.44 4683
1.44 4682
1.44 4681
1.44 4680
1.44 4679
1.44 4678
1.44 4677
1.44 4676
1.44 4675
1.44 4674
1.44 4673
1.46 4672
1.46 4671
1.46 4670
1.46 4669
1.46 4668
1.46 4667
1.46 4666
1.46 4665
1.46 4664
1.46 4663
1.46 4662
1.46 4661
1.46 4660
1.46 4659
1.47 4658
1.47 4657
1.47 4656
1.47 4655
1.47 4654
1.47 4653
1.47 4652
1.47 4651
1.47 4650
1.47 4649
1.47 4648
1.47 4647
1.47 4646
1.47 4645
1.47 4644
1.47 4643
1.49 4642
1.49 4641
1.49 4640
1.49 4639
1.49 4638
1.49 4637
1.49 4636
1.49 4635
1.49 4634
1.49 4633
1.49 4632
1.49 4631
1.49 4630
1.49 4629
1.50 4628
1.50 4627
1.50 4626
1.50 4625
1.50 4624
1.50 4623
1.50 4622
1.50 4621
1.50 4620
1.50 4619
1.50 4618
1.50 4617
1.50 4616
1.50 4615
1.50 4614
1.50 4613
1.50 4612
1.52 4611
1.52 4610
1.52 4609
1.52 4608
1.52 4607
1.52 4606
1.52 4605
1.52 4604
1.52 4603
1.52 4602
1.52 4601
1.52 4600
1.52 4599
1.52 4598
1.52 4597
1.54 4596
1.54 4595
1.54 4594
1.54 4593
1.54 4592
1.54 4591
1.54 4590
1.54 4589
1.54 4588
1.54 4587
1.54 4586
1.54 4585
1.54 4584
1.54 4583
1.54 4582
1.54 4581
1.55 4580
1.55 4579
1.55 4578
1.55 4577
1.55 4576
1.55 4575
1.55 4574
1.55 4573
1.55 4572
1.55 4571
1.55 4570
1.55 4569
1.55 4568
1.55 4567
1.55 4566
1.55 4565
1.57 4564
1.57 4563
1.57 4562
1.57 4561
1.57 4560
1.57 4559
1.57 4558
1.57 4557
1.57 4556
1.57 4555
1.57 4554
1.57 4553
1.57 4552
1.57 4551
1.57 4550
1.58 4549
1.58 4548
1.58 4547
1.58 4546
1.58 4545
1.58 4544
1.58 4543
1.58 4542
1.58 4541
1.58 4540
1.58 4539
1.58 4538
1.58 4537
1.58 4536
1.58 4535
1.58 4534
1.60 4533
1.60 4532
1.60 4531
1.60 4530
1.60 4529
1.60 4528
1.60 4527
1.60 4526
1.60 4525
1.60 4524
1.60 4523
1.61 4522
1.61 4521
1.61 4520
1.61 4519
1.61 4518
1.61 4517
1.61 4516
1.61 4515
1.61 4514
1.61 4513
1.61 4512
1.61 4511
1.61 4510
1.61 4509
1.61 4508
1.63 4507
1.63 4506
1.63 4505
1.63 4504
1.63 4503
1.63 4502
1.63 4501
1.63 4500
1.63 4499
1.63 4498
1.63 4497
1.63 4496
1.63 4495
1.65 4494
1.65 4493
1.65 4492
1.65 4491
1.65 4490
1.65 4489
1.65 4488
1.65 4487
1.65 4486
1.65 4485
1.65 4484
1.65 4483
1.65 4482
1.66 4481
1.66 4480
1.66 4479
1.66 4478
1.66 4477
1.66 4476
1.67 4475
1.67 4474
1.67 4473
1.67 4472
1.67 4471
1.67 4470
1.67 4469
1.67 4468
1.68 4467
1.68 4466
1.68 4465
1.68 4464
1.68 4463
1.68 4462
1.68 4461
1.68 4460
1.68 4459
1.68 4458
1.69 4457
1.69 4456
1.69 4455
1.69 4454
1.69 4453
1.69 4452
1.69 4451
1.69 4450
1.69 4449
1.70 4448
1.70 4447
1.70 4446
1.70 4445
1.70 4444
1.70 4443
1.70 4442
1.70 4441
1.70 4440
1.70 4439
1.70 4438
1.70 4437
1.70 4436
1.70 4435
1.70 4434
1.70 4433
1.70 4432
1.70 4431
1.70 4430
1.70 4429
1.70 4428
1.72 4427
1.72 4426
1.72 4425
1.72 4424
1.72 4423
1.72 4422
1.72 4421
1.72 4420
1.72 4419
1.72 4418
1.72 4417
1.72 4416
1.72 4415
1.72 4414
1.72 4413
1.72 4412
1.73 4411
1.73 4410
1.73 4409
1.73 4408
1.73 4407
1.73 4406
1.73 4405
1.73 4404
1.73 4403
1.73 4402
1.73 4401
1.73 4400
1.73 4399
1.73 4398
1.73 4397
1.73 4396
1.75 4395
1.75 4394
1.75 4393
1.75 4392
1.75 4391
1.75 4390
1.75 4389
1.75 4388
1.75 4387
1.75 4386
1.75 4385
1.75 4384
1.75 4383
1.75 4382
1.75 4381
1.76 4380
1.76 4379
1.76 4378
1.76 4377
1.76 4376
1.76 4375
1.76 4374
1.76 4373
1.76 4372
1.76 4371
1.76 4370
1.76 4369
1.76 4368
1.76 4367
1.76 4366
1.76 4365
1.78 4364
1.78 4363
1.78 4362
1.78 4361
1.78 4360
1.78 4359
1.78 4358
1.78 4357
1.78 4356
1.78 4355
1.78 4354
1.78 4353
1.78 4352
1.78 4351
1.78 4350
1.80 4349
1.80 4348
1.80 4347
1.80 4346
1.80 4345
1.80 4344
1.80 4343
1.80 4342
1.80 4341
1.80 4340
1.80 4339
1.80 4338
1.80 4337
1.80 4336
1.80 4335
1.80 4334
1.81 4333
1.81 4332
1.81 4331
1.81 4330
1.81 4329
1.81 4328
1.81 4327
1.81 4326
1.81 4325
1.81 4324
1.81 4323
1.81 4322
1.81 4321
1.81 4320
1.81 4319
1.81 4318
1.83 4317
1.83 4316
1.83 4315
1.83 4314
1.83 4313
1.83 4312
1.83 4311
1.83 4310
1.83 4309
1.83 4308
1.83 4307
1.84 4306
1.84 4305
1.84 4304
1.84 4303
1.84 4302
1.84 4301
1.84 4300
1.84 4299
1.84 4298
1.84 4297
1.84 4296
1.84 4295
1.84 4294
1.84 4293
1.84 4292
1.84 4291
1.84 4290
1.86 4289
1.86 4288
1.86 4287
1.86 4286
1.86 4285
1.86 4284
1.86 4283
1.86 4282
1.86 4281
1.86 4280
1.86 4279
1.86 4278
1.86 4277
1.86 4276
1.86 4275
1.87 4274
1.87 4273
1.87 4272
1.87 4271
1.87 4270
1.87 4269
1.87 4268
1.87 4267
1.87 4266
1.87 4265
1.87 4264
1.87 4263
1.87 4262
1.87 4261
1.87 4260
1.87 4259
1.89 4258
1.89 4257
1.89 4256
1.89 4255
1.89 4254
1.89 4253
1.89 4252
1.89 4251
1.89 4250
1.89 4249
1.89 4248
1.89 4247
1.89 4246
1.90 4245
1.90 4244
1.91 4243
1.91 4242
1.91 4241
1.91 4240
1.91 4239
1.91 4238
1.91 4237
1.91 4236
1.91 4235
1.91 4234
1.91 4233
1.91 4232
1.91 4231
1.91 4230
1.91 4229
1.91 4228
1.92 4227
1.92 4226
1.92 4225
1.92 4224
1.92 4223
1.92 4222
1.92 4221
1.92 4220
1.92 4219
1.92 4218
1.92 4217
1.92 4216
1.92 4215
1.92 4214
1.92 4213
1.92 4212
1.92 4211
1.94 4210
1.94 4209
1.94 4208
1.94 4207
1.94 4206
1.94 4205
1.94 4204
1.94 4203
1.94 4202
1.94 4201
1.94 4200
1.94 4199
1.94 4198
1.94 4197
1.94 4196
1.94 4195
1.95 4194
1.95 4193
1.95 4192
1.95 4191
1.95 4190
1.95 4189
1.95 4188
1.95 4187
1.95 4186
1.95 4185
1.95 4184
1.95 4183
1.95 4182
1.95 4181
1.95 4180
1.95 4179
1.97 4178
1.97 4177
1.97 4176
1.97 4175
1.97 4174
1.97 4173
1.97 4172
1.97 4171
1.97 4170
1.97 4169
1.97 4168
1.97 4167
1.97 4166
1.97 4165
1.97 4164
1.97 4163
1.98 4162
1.98 4161
1.98 4160
1.98 4159
1.98 4158
1.98 4157
1.98 4156
1.98 4155
1.98 4154
1.98 4153
1.98 4152
1.98 4151
1.98 4150
1.98 4149
1.98 4148
1.98 4147
2.00 4146
2.00 4145
2.00 4144
2.00 4143
2.00 4142
2.00 4141
2.00 4140
2.00 4139
2.00 4138
2.00 4137
2.00 4136
2.00 4135
2.00 4134
2.00 4133
2.00 4132
2.00 4131
2.02 4130
2.02 4129
2.02 4128
2.02 4127
2.02 4126
2.02 4125
2.02 4124
2.02 4123
2.02 4122
2.02 4121
2.02 4120
2.02 4119
2.02 4118
2.02 4117
2.03 4116
2.03 4115
2.03 4114
2.03 4113
2.03 4112
2.03 4111
2.03 4110
2.03 4109
2.03 4108
2.03 4107
2.03 4106
2.03 4105
2.03 4104
2.03 4103
2.03 4102
2.03 4101
2.05 4100
2.05 4099
2.05 4098
2.05 4097
2.05 4096
2.05 4095
2.05 4094
2.05 4093
2.05 4092
2.05 4091
2.05 4090
2.05 4089
2.05 4088
2.05 4087
2.05 4086
2.06 4085
2.06 4084
2.06 4083
2.06 4082
2.06 4081
2.06 4080
2.06 4079
2.06 4078
2.06 4077
2.06 4076
2.06 4075
2.06 4074
2.06 4073
2.06 4072
2.06 4071
2.06 4070
2.08 4069
2.08 4068
2.08 4067
2.08 4066
2.08 4065
2.08 4064
2.08 4063
2.08 4062
2.08 4061
2.08 4060
2.08 4059
2.08 4058
2.08 4057
2.08 4056
2.08 4055
2.09 4054
2.09 4053
2.09 4052
2.09 4051
2.09 4050
2.09 4049
2.09 4048
2.09 4047
2.09 4046
2.10 4045
2.10 4044
2.10 4043
2.10 4042
5.18 3943
5.18 3942
5.18 3941
5.18 3940
9.57 3939
9.57 3938
