1.00 1499
1.00 1498
1.00 1497
1.00 1496
1.00 1495
1.01 1494
1.01 1493
1.01 1492
1.01 1491
1.01 1490
1.01 1489
1.01 1488
1.01 1487
1.01 1486
1.01 1485
1.01 1484
1.01 1483
1.01 1482
1.01 1481
1.01 1480
1.01 1479
1.01 1478
1.02 1477
1.02 1476
1.02 1475
1.02 1474
1.02 1473
1.02 1472
1.02 1471
1.02 1470
1.02 1469
1.02 1468
1.03 1467
1.03 1466
1.03 1465
1.03 1464
1.03 1463
1.03 1462
1.04 1461
1.04 1460
1.04 1459
1.04 1458
1.05 1457
1.05 1456
1.05 1455
1.05 1454
1.05 1453
1.05 1452
1.05 1451
1.05 1450
1.05 1449
1.05 1448
1.05 1447
1.05 1446
1.06 1445
1.06 1444
3.85 1441
3.85 1440
3.87 1439
9.50 1438
