0.01 3735
0.01 3734
0.02 3733
0.02 3732
0.02 3731
0.02 3730
0.02 3729
0.02 3728
0.02 3727
0.02 3726
0.02 3725
0.02 3724
0.02 3723
0.02 3722
0.02 3721
0.02 3720
0.03 3719
0.03 3718
0.03 3717
0.03 3716
0.03 3715
0.03 3714
0.03 3713
0.03 3712
0.03 3711
0.03 3710
0.04 3709
0.04 3708
0.04 3707
0.04 3706
0.04 3705
0.04 3704
0.04 3703
0.04 3702
0.04 3701
0.05 3700
0.05 3699
0.05 3698
0.05 3697
0.05 3696
0.05 3695
0.05 3694
0.05 3693
0.05 3692
0.05 3691
0.05 3690
0.05 3689
0.05 3688
0.05 3687
0.05 3686
0.06 3685
0.06 3684
0.06 3683
0.06 3682
0.06 3681
0.06 3680
0.06 3679
0.06 3678
0.06 3677
0.06 3676
0.06 3675
0.06 3674
0.06 3673
0.06 3672
0.07 3671
0.07 3670
0.07 3669
0.07 3668
0.07 3667
0.07 3666
0.07 3665
0.07 3664
0.07 3663
0.07 3662
0.07 3661
0.08 3660
0.08 3659
0.08 3658
0.08 3657
0.08 3656
0.08 3655
0.08 3654
0.08 3653
0.08 3652
0.08 3651
0.08 3650
0.08 3649
0.09 3648
0.09 3647
0.09 3646
0.09 3645
0.09 3644
0.09 3643
0.09 3642
0.09 3641
0.09 3640
0.09 3639
0.09 3638
0.09 3637
0.10 3636
0.10 3635
0.10 3634
0.10 3633
0.10 3632
0.10 3631
0.10 3630
0.10 3629
0.10 3628
0.10 3627
0.10 3626
0.10 3625
0.11 3624
0.11 3623
0.11 3622
0.11 3621
0.11 3620
0.11 3619
0.11 3618
0.11 3617
0.11 3616
0.11 3615
0.11 3614
0.12 3613
0.12 3612
0.12 3611
0.12 3610
0.12 3609
0.12 3608
0.12 3607
0.12 3606
0.12 3605
0.12 3604
0.12 3603
0.12 3602
0.12 3601
0.13 3600
0.13 3599
0.13 3598
0.13 3597
0.13 3596
0.13 3595
0.13 3594
0.13 3593
0.13 3592
0.13 3591
0.13 3590
0.14 3589
0.14 3588
0.14 3587
0.14 3586
0.14 3585
0.14 3584
0.14 3583
0.14 3582
0.14 3581
0.14 3580
0.14 3579
0.14 3578
0.15 3577
0.15 3576
0.15 3575
0.15 3574
0.15 3573
0.15 3572
0.15 3571
0.15 3570
0.15 3569
0.15 3568
0.15 3567
0.15 3566
0.16 3565
0.16 3564
0.16 3563
0.16 3562
0.16 3561
0.16 3560
0.16 3559
0.16 3558
0.16 3557
0.16 3556
0.16 3555
0.16 3554
0.17 3553
0.17 3552
0.17 3551
0.17 3550
0.17 3549
0.17 3548
0.17 3547
0.17 3546
0.17 3545
0.17 3544
0.17 3543
0.18 3542
0.18 3541
0.18 3540
0.18 3539
0.18 3538
0.18 3537
0.18 3536
0.18 3535
0.18 3534
0.18 3533
0.18 3532
0.19 3531
0.19 3530
0.19 3529
0.19 3528
0.19 3527
0.19 3526
0.19 3525
0.19 3524
0.19 3523
0.19 3522
0.19 3521
0.19 3520
0.20 3519
0.20 3518
0.20 3517
0.20 3516
0.20 3515
0.20 3514
0.20 3513
0.20 3512
0.20 3511
0.20 3510
0.20 3509
0.20 3508
0.21 3507
0.21 3506
0.21 3505
0.21 3504
0.21 3503
0.21 3502
0.21 3501
0.22 3500
0.22 3499
0.22 3498
0.22 3497
0.22 3496
0.22 3495
0.22 3494
0.22 3493
0.22 3492
0.22 3491
0.22 3490
0.22 3489
0.23 3488
0.23 3487
0.23 3486
0.23 3485
0.23 3484
0.23 3483
0.23 3482
0.23 3481
0.23 3480
0.23 3479
0.24 3478
0.24 3477
0.24 3476
0.24 3475
0.24 3474
0.24 3473
0.24 3472
0.24 3471
0.25 3470
0.25 3469
0.25 3468
0.25 3467
0.25 3466
0.25 3465
0.25 3464
0.25 3463
0.25 3462
0.25 3461
0.25 3460
0.25 3459
0.25 3458
0.25 3457
0.26 3456
0.26 3455
0.26 3454
0.26 3453
0.26 3452
0.26 3451
0.26 3450
0.26 3449
0.26 3448
0.26 3447
0.26 3446
0.26 3445
0.26 3444
0.26 3443
0.26 3442
0.27 3441
0.27 3440
0.27 3439
0.27 3438
0.27 3437
0.27 3436
0.27 3435
0.27 3434
0.27 3433
0.27 3432
0.27 3431
0.27 3430
0.28 3429
0.28 3428
0.28 3427
0.28 3426
0.28 3425
0.28 3424
0.28 3423
0.28 3422
0.28 3421
0.28 3420
0.28 3419
0.28 3418
0.28 3417
0.28 3416
0.29 3415
0.29 3414
0.29 3413
0.29 3412
0.29 3411
0.29 3410
0.29 3409
0.29 3408
0.29 3407
0.29 3406
0.29 3405
0.29 3404
0.29 3403
0.30 3402
0.30 3401
0.30 3400
0.30 3399
0.30 3398
0.30 3397
0.30 3396
0.30 3395
0.30 3394
0.30 3393
0.30 3392
0.30 3391
0.31 3390
0.31 3389
0.31 3388
0.31 3387
0.31 3386
0.31 3385
0.31 3384
0.31 3383
0.31 3382
0.31 3381
0.31 3380
0.31 3379
0.32 3378
0.32 3377
0.32 3376
0.32 3375
0.32 3374
0.32 3373
0.32 3372
0.32 3371
0.32 3370
0.32 3369
0.32 3368
0.32 3367
0.32 3366
0.32 3365
0.32 3364
0.33 3363
0.33 3362
0.33 3361
0.33 3360
0.33 3359
0.33 3358
0.33 3357
0.33 3356
0.33 3355
0.33 3354
0.33 3353
0.34 3352
0.34 3351
0.34 3350
0.34 3349
0.34 3348
0.34 3347
0.34 3346
0.34 3345
0.34 3344
0.34 3343
0.34 3342
0.34 3341
0.35 3340
0.35 3339
0.35 3338
0.35 3337
0.35 3336
0.35 3335
0.35 3334
0.35 3333
0.35 3332
0.35 3331
0.35 3330
0.35 3329
0.35 3328
0.36 3327
0.36 3326
0.36 3325
0.36 3324
0.36 3323
0.36 3322
0.36 3321
0.36 3320
0.36 3319
0.36 3318
0.36 3317
0.36 3316
0.36 3315
0.36 3314
0.37 3313
0.37 3312
0.37 3311
0.37 3310
0.37 3309
0.37 3308
0.37 3307
0.37 3306
0.37 3305
0.37 3304
0.37 3303
0.37 3302
0.37 3301
0.37 3300
0.38 3299
0.38 3298
0.38 3297
0.38 3296
0.38 3295
0.38 3294
0.38 3293
0.38 3292
0.38 3291
0.38 3290
0.38 3289
0.38 3288
0.38 3287
0.39 3286
0.39 3285
0.39 3284
0.39 3283
0.39 3282
0.39 3281
0.39 3280
0.39 3279
0.39 3278
0.39 3277
0.39 3276
0.39 3275
0.39 3274
0.39 3273
0.40 3272
0.40 3271
0.40 3270
0.40 3269
0.40 3268
0.40 3267
0.40 3266
0.40 3265
0.40 3264
0.40 3263
0.40 3262
0.40 3261
0.40 3260
0.40 3259
0.41 3258
0.41 3257
0.41 3256
0.41 3255
0.41 3254
0.41 3253
0.41 3252
0.41 3251
0.41 3250
0.41 3249
0.41 3248
0.41 3247
0.41 3246
0.41 3245
0.41 3244
0.42 3243
0.42 3242
0.42 3241
0.42 3240
0.42 3239
0.42 3238
0.42 3237
0.42 3236
0.42 3235
0.42 3234
0.42 3233
0.42 3232
0.42 3231
0.42 3230
0.42 3229
0.43 3228
0.43 3227
0.43 3226
0.43 3225
0.43 3224
0.43 3223
0.43 3222
0.43 3221
0.43 3220
0.43 3219
0.43 3218
0.43 3217
0.43 3216
0.43 3215
0.43 3214
0.44 3213
0.44 3212
0.44 3211
0.44 3210
0.44 3209
0.44 3208
0.44 3207
0.44 3206
0.44 3205
0.44 3204
0.44 3203
0.44 3202
0.44 3201
0.44 3200
0.44 3199
0.45 3198
0.45 3197
0.45 3196
0.45 3195
0.45 3194
0.45 3193
0.45 3192
0.45 3191
0.45 3190
0.45 3189
0.45 3188
0.45 3187
0.45 3186
0.45 3185
0.46 3184
0.46 3183
0.46 3182
0.46 3181
0.46 3180
0.46 3179
0.46 3178
0.46 3177
0.46 3176
0.46 3175
0.46 3174
0.46 3173
0.46 3172
0.46 3171
0.46 3170
0.47 3169
0.47 3168
0.47 3167
0.47 3166
0.47 3165
0.47 3164
0.47 3163
0.47 3162
0.47 3161
0.47 3160
0.47 3159
0.47 3158
0.47 3157
0.47 3156
0.47 3155
0.47 3154
0.48 3153
0.48 3152
0.48 3151
0.48 3150
0.48 3149
0.48 3148
0.48 3147
0.48 3146
0.48 3145
0.48 3144
0.48 3143
0.48 3142
0.48 3141
0.48 3140
0.48 3139
0.49 3138
0.49 3137
0.49 3136
0.49 3135
0.49 3134
0.49 3133
0.49 3132
0.49 3131
0.49 3130
0.49 3129
0.49 3128
0.49 3127
0.49 3126
0.49 3125
0.49 3124
0.50 3123
0.50 3122
0.50 3121
0.50 3120
0.50 3119
0.50 3118
0.50 3117
0.50 3116
0.50 3115
0.50 3114
0.50 3113
0.50 3112
0.50 3111
0.50 3110
0.50 3109
0.51 3108
0.51 3107
0.51 3106
0.51 3105
0.51 3104
0.51 3103
0.51 3102
0.51 3101
0.51 3100
0.51 3099
0.51 3098
0.51 3097
0.51 3096
0.51 3095
0.51 3094
0.51 3093
0.51 3092
0.51 3091
0.52 3090
0.52 3089
0.52 3088
0.52 3087
0.52 3086
0.52 3085
0.52 3084
0.52 3083
0.52 3082
0.52 3081
0.52 3080
0.52 3079
0.52 3078
0.52 3077
0.52 3076
0.53 3075
0.53 3074
0.53 3073
0.53 3072
0.53 3071
0.53 3070
0.53 3069
0.53 3068
0.53 3067
0.53 3066
0.53 3065
0.53 3064
0.53 3063
0.53 3062
0.53 3061
0.54 3060
0.54 3059
0.54 3058
0.54 3057
0.54 3056
0.54 3055
0.54 3054
0.54 3053
0.54 3052
0.54 3051
0.54 3050
0.54 3049
0.54 3048
0.54 3047
0.55 3046
0.55 3045
0.55 3044
0.55 3043
0.55 3042
0.55 3041
0.55 3040
0.55 3039
0.55 3038
0.55 3037
0.55 3036
0.55 3035
0.55 3034
0.55 3033
0.56 3032
0.56 3031
0.56 3030
0.56 3029
0.56 3028
0.56 3027
0.56 3026
0.56 3025
0.56 3024
0.56 3023
0.56 3022
0.56 3021
0.56 3020
0.56 3019
0.56 3018
0.56 3017
0.56 3016
0.57 3015
0.57 3014
0.57 3013
0.57 3012
0.57 3011
0.57 3010
0.57 3009
0.57 3008
0.57 3007
0.57 3006
0.57 3005
0.57 3004
0.57 3003
0.57 3002
0.57 3001
0.58 3000
0.58 2999
0.58 2998
0.58 2997
0.58 2996
0.58 2995
0.58 2994
0.58 2993
0.58 2992
0.58 2991
0.58 2990
0.58 2989
0.58 2988
0.58 2987
0.58 2986
0.59 2985
0.59 2984
0.59 2983
0.59 2982
0.59 2981
0.59 2980
0.59 2979
0.59 2978
0.59 2977
0.59 2976
0.59 2975
0.59 2974
0.59 2973
0.59 2972
0.59 2971
0.60 2970
0.60 2969
0.60 2968
0.60 2967
0.60 2966
0.60 2965
0.60 2964
0.60 2963
0.60 2962
0.60 2961
0.60 2960
0.60 2959
0.60 2958
0.60 2957
0.60 2956
0.61 2955
0.61 2954
0.61 2953
0.61 2952
0.61 2951
0.61 2950
0.61 2949
0.61 2948
0.61 2947
0.61 2946
0.61 2945
0.61 2944
0.61 2943
0.61 2942
0.61 2941
0.61 2940
0.62 2939
0.62 2938
0.62 2937
0.62 2936
0.62 2935
0.62 2934
0.62 2933
0.62 2932
0.62 2931
0.62 2930
0.62 2929
0.62 2928
0.62 2927
0.62 2926
0.62 2925
0.63 2924
0.63 2923
0.63 2922
0.63 2921
0.63 2920
0.63 2919
0.63 2918
0.63 2917
0.63 2916
0.63 2915
0.63 2914
0.63 2913
0.63 2912
0.63 2911
0.63 2910
0.64 2909
0.64 2908
0.64 2907
0.64 2906
0.64 2905
0.64 2904
0.64 2903
0.64 2902
0.64 2901
0.64 2900
0.64 2899
0.64 2898
0.64 2897
0.64 2896
0.64 2895
0.64 2894
0.65 2893
0.65 2892
0.65 2891
0.65 2890
0.65 2889
0.65 2888
0.65 2887
0.65 2886
0.65 2885
0.65 2884
0.65 2883
0.65 2882
0.65 2881
0.65 2880
0.65 2879
0.66 2878
0.66 2877
0.66 2876
0.66 2875
0.66 2874
0.66 2873
0.66 2872
0.66 2871
0.66 2870
0.66 2869
0.66 2868
0.66 2867
0.66 2866
0.66 2865
0.66 2864
0.66 2863
0.67 2862
0.67 2861
0.67 2860
0.67 2859
0.67 2858
0.67 2857
0.67 2856
0.67 2855
0.67 2854
0.67 2853
0.67 2852
0.67 2851
0.67 2850
0.67 2849
0.67 2848
0.68 2847
0.68 2846
0.68 2845
0.68 2844
0.68 2843
0.68 2842
0.68 2841
0.68 2840
0.68 2839
0.68 2838
0.68 2837
0.68 2836
0.68 2835
0.68 2834
0.68 2833
0.69 2832
0.69 2831
0.69 2830
0.69 2829
0.69 2828
0.69 2827
0.69 2826
0.69 2825
0.69 2824
0.69 2823
0.69 2822
0.69 2821
0.69 2820
0.69 2819
0.69 2818
0.69 2817
0.70 2816
0.70 2815
0.70 2814
0.70 2813
0.70 2812
0.70 2811
0.70 2810
0.70 2809
0.70 2808
0.70 2807
0.70 2806
0.70 2805
0.70 2804
0.70 2803
0.70 2802
0.70 2801
0.70 2800
0.70 2799
0.70 2798
0.71 2797
0.71 2796
0.71 2795
0.71 2794
0.71 2793
0.71 2792
0.71 2791
0.71 2790
0.71 2789
0.71 2788
0.71 2787
0.71 2786
0.71 2785
0.71 2784
0.71 2783
0.71 2782
0.72 2781
0.72 2780
0.72 2779
0.72 2778
0.72 2777
0.72 2776
0.72 2775
0.72 2774
0.72 2773
0.72 2772
0.72 2771
0.72 2770
0.72 2769
0.72 2768
0.72 2767
0.72 2766
0.73 2765
0.73 2764
0.73 2763
0.73 2762
0.73 2761
0.73 2760
0.73 2759
0.73 2758
0.73 2757
0.73 2756
0.73 2755
0.73 2754
0.73 2753
0.73 2752
0.73 2751
0.74 2750
0.74 2749
0.74 2748
0.74 2747
0.74 2746
0.74 2745
0.74 2744
0.74 2743
0.74 2742
0.74 2741
0.74 2740
0.74 2739
0.74 2738
0.74 2737
0.75 2736
0.75 2735
0.75 2734
0.75 2733
0.75 2732
0.75 2731
0.75 2730
0.75 2729
0.76 2728
0.76 2727
0.76 2726
0.76 2725
0.76 2724
0.76 2723
0.76 2722
0.76 2721
0.76 2720
0.76 2719
0.76 2718
0.77 2717
0.77 2716
0.77 2715
0.77 2714
0.77 2713
0.77 2712
0.77 2711
0.77 2710
0.77 2709
0.77 2708
0.77 2707
0.77 2706
0.77 2705
0.77 2704
0.78 2703
0.78 2702
0.78 2701
0.78 2700
0.78 2699
0.78 2698
0.78 2697
0.78 2696
0.78 2695
0.78 2694
0.78 2693
0.78 2692
0.78 2691
0.78 2690
0.79 2689
0.79 2688
0.79 2687
0.79 2686
0.79 2685
0.79 2684
0.79 2683
0.79 2682
0.79 2681
0.79 2680
0.79 2679
0.79 2678
0.80 2677
0.80 2676
0.80 2675
0.80 2674
0.80 2673
0.80 2672
0.80 2671
0.80 2670
0.80 2669
0.80 2668
0.80 2667
0.80 2666
0.80 2665
0.80 2664
0.80 2663
0.80 2662
0.81 2661
0.81 2660
0.81 2659
0.81 2658
0.81 2657
0.81 2656
0.81 2655
0.81 2654
0.81 2653
0.81 2652
0.81 2651
0.81 2650
0.81 2649
0.81 2648
0.81 2647
0.81 2646
0.82 2645
0.82 2644
0.82 2643
0.82 2642
0.82 2641
0.82 2640
0.82 2639
0.82 2638
0.82 2637
0.82 2636
0.82 2635
0.82 2634
0.82 2633
0.82 2632
0.82 2631
0.82 2630
0.82 2629
0.82 2628
0.82 2627
0.83 2626
0.83 2625
0.83 2624
0.83 2623
0.83 2622
0.83 2621
0.83 2620
0.83 2619
0.83 2618
0.83 2617
0.83 2616
0.83 2615
0.83 2614
0.83 2613
0.83 2612
0.83 2611
0.84 2610
0.84 2609
0.84 2608
0.84 2607
0.84 2606
0.84 2605
0.84 2604
0.84 2603
0.84 2602
0.84 2601
0.84 2600
0.84 2599
0.84 2598
0.84 2597
0.84 2596
0.84 2595
0.85 2594
0.85 2593
0.85 2592
0.85 2591
0.85 2590
0.85 2589
0.85 2588
0.85 2587
0.85 2586
0.85 2585
0.85 2584
0.85 2583
0.85 2582
0.85 2581
0.85 2580
0.86 2579
0.86 2578
0.86 2577
0.86 2576
0.86 2575
0.86 2574
0.86 2573
0.86 2572
0.86 2571
0.86 2570
0.86 2569
0.86 2568
0.86 2567
0.86 2566
0.86 2565
0.86 2564
0.86 2563
0.86 2562
0.87 2561
0.87 2560
0.87 2559
0.87 2558
0.87 2557
0.87 2556
0.87 2555
0.87 2554
0.87 2553
0.87 2552
0.87 2551
0.87 2550
0.88 2549
0.88 2548
0.88 2547
0.88 2546
0.88 2545
0.88 2544
0.88 2543
0.88 2542
0.88 2541
0.88 2540
0.88 2539
0.88 2538
0.88 2537
0.88 2536
0.88 2535
0.89 2534
0.89 2533
0.89 2532
0.89 2531
0.89 2530
0.89 2529
0.89 2528
0.89 2527
0.89 2526
0.89 2525
0.89 2524
0.89 2523
0.89 2522
0.89 2521
0.90 2520
0.90 2519
0.90 2518
0.90 2517
0.90 2516
0.90 2515
0.90 2514
0.90 2513
0.90 2512
0.90 2511
0.90 2510
0.90 2509
0.90 2508
0.90 2507
0.90 2506
0.90 2505
0.91 2504
0.91 2503
0.91 2502
0.91 2501
0.91 2500
0.91 2499
0.91 2498
0.91 2497
0.91 2496
0.91 2495
0.91 2494
0.91 2493
0.91 2492
0.92 2491
0.92 2490
0.92 2489
0.92 2488
0.92 2487
0.92 2486
0.92 2485
0.92 2484
0.92 2483
0.92 2482
0.92 2481
0.92 2480
0.92 2479
0.92 2478
0.92 2477
0.92 2476
0.92 2475
0.93 2474
0.93 2473
0.93 2472
0.93 2471
0.93 2470
0.93 2469
0.93 2468
0.93 2467
0.93 2466
0.93 2465
0.93 2464
0.93 2463
0.93 2462
0.93 2461
0.93 2460
0.93 2459
0.94 2458
0.94 2457
0.94 2456
0.94 2455
0.94 2454
0.94 2453
0.94 2452
0.94 2451
0.94 2450
0.94 2449
0.94 2448
0.94 2447
0.94 2446
0.94 2445
0.95 2444
0.95 2443
0.95 2442
0.95 2441
0.95 2440
0.95 2439
0.95 2438
0.95 2437
0.95 2436
0.95 2435
0.95 2434
0.95 2433
0.95 2432
0.95 2431
0.96 2430
0.96 2429
0.96 2428
0.96 2427
0.96 2426
0.96 2425
0.96 2424
0.96 2423
0.96 2422
0.96 2421
0.96 2420
0.96 2419
0.96 2418
0.96 2417
0.97 2416
0.97 2415
0.97 2414
0.97 2413
0.97 2412
0.97 2411
0.97 2410
0.97 2409
0.97 2408
0.97 2407
0.97 2406
0.97 2405
0.97 2404
0.97 2403
0.97 2402
0.98 2401
0.98 2400
0.98 2399
0.98 2398
0.98 2397
0.98 2396
0.98 2395
0.98 2394
0.98 2393
0.98 2392
0.98 2391
0.98 2390
0.98 2389
0.98 2388
0.98 2387
0.98 2386
0.99 2385
0.99 2384
0.99 2383
0.99 2382
0.99 2381
0.99 2380
0.99 2379
0.99 2378
0.99 2377
0.99 2376
0.99 2375
0.99 2374
0.99 2373
0.99 2372
0.99 2371
0.99 2370
0.99 2369
1.00 2368
1.00 2367
1.00 2366
1.00 2365
1.00 2364
1.00 2363
1.00 2362
1.00 2361
1.00 2360
1.00 2359
1.00 2358
1.00 2357
1.00 2356
1.00 2355
1.00 2354
1.00 2353
1.01 2352
1.01 2351
1.01 2350
1.01 2349
1.01 2348
1.01 2347
1.01 2346
1.01 2345
1.01 2344
1.01 2343
1.01 2342
1.01 2341
1.01 2340
1.01 2339
1.02 2338
1.02 2337
1.02 2336
1.02 2335
1.02 2334
1.02 2333
1.02 2332
1.02 2331
1.02 2330
1.02 2329
2.52 2278
2.53 2277
2.53 2276
2.53 2275
2.53 2274
2.53 2273
2.53 2272
2.53 2271
2.53 2270
2.53 2269
2.53 2268
2.53 2267
2.53 2266
2.53 2265
4.94 2264
4.94 2263
4.94 2262
4.94 2261
4.95 2260
4.95 2259
4.95 2258
7.40 2257
