0.11 5683
0.11 5682
0.11 5681
0.12 5680
0.12 5679
0.12 5678
0.13 5677
0.13 5676
0.13 5675
0.13 5674
0.14 5673
0.14 5672
0.15 5671
0.15 5670
0.15 5669
0.15 5668
0.16 5667
0.16 5666
0.16 5665
0.17 5664
0.17 5663
0.17 5662
0.18 5661
0.18 5660
0.18 5659
0.18 5658
0.19 5657
0.19 5656
0.19 5655
0.19 5654
0.20 5653
0.20 5652
0.20 5651
0.21 5650
0.21 5649
0.21 5648
0.21 5647
0.22 5646
0.22 5645
0.22 5644
0.23 5643
0.23 5642
0.23 5641
0.23 5640
0.24 5639
0.24 5638
0.24 5637
0.25 5636
0.25 5635
0.25 5634
0.26 5633
0.26 5632
0.26 5631
0.26 5630
0.26 5629
0.26 5628
0.27 5627
0.27 5626
0.27 5625
0.27 5624
0.27 5623
0.27 5622
0.29 5621
0.29 5620
0.29 5619
0.29 5618
0.29 5617
0.29 5616
0.30 5615
0.31 5614
0.31 5613
0.31 5612
0.31 5611
0.32 5610
0.32 5609
0.32 5608
0.33 5607
0.33 5606
0.33 5605
0.33 5604
0.34 5603
0.34 5602
0.34 5601
0.34 5600
0.35 5599
0.35 5598
0.35 5597
0.35 5596
0.36 5595
0.36 5594
0.36 5593
0.36 5592
0.37 5591
0.37 5590
0.38 5589
0.38 5588
0.38 5587
0.38 5586
0.39 5585
0.39 5584
0.40 5583
0.40 5582
0.40 5581
0.40 5580
0.41 5579
0.41 5578
0.41 5577
0.41 5576
0.42 5575
0.42 5574
0.42 5573
0.42 5572
0.42 5571
0.42 5570
0.42 5569
0.44 5568
0.44 5567
0.44 5566
0.44 5565
0.44 5564
0.44 5563
0.44 5562
0.46 5561
0.46 5560
0.46 5559
0.47 5558
0.47 5557
0.48 5556
0.48 5555
0.48 5554
0.49 5553
0.49 5552
0.49 5551
0.49 5550
0.50 5549
0.50 5548
0.50 5547
0.50 5546
0.51 5545
0.51 5544
0.51 5543
0.51 5542
0.52 5541
0.52 5540
0.52 5539
0.52 5538
0.52 5537
0.52 5536
0.52 5535
0.52 5534
0.54 5533
0.54 5532
0.54 5531
0.54 5530
0.54 5529
0.54 5528
0.54 5527
0.55 5526
0.55 5525
0.55 5524
0.55 5523
0.56 5522
0.56 5521
0.57 5520
0.57 5519
0.57 5518
0.57 5517
0.57 5516
0.58 5515
0.59 5514
0.59 5513
0.59 5512
0.59 5511
0.60 5510
0.60 5509
0.60 5508
0.61 5507
0.61 5506
0.61 5505
0.62 5504
0.62 5503
0.63 5502
0.63 5501
0.63 5500
0.63 5499
0.63 5498
0.64 5497
0.64 5496
0.64 5495
0.65 5494
0.65 5493
0.65 5492
0.65 5491
0.66 5490
0.66 5489
0.66 5488
0.66 5487
0.67 5486
0.67 5485
0.67 5484
0.67 5483
0.67 5482
0.67 5481
0.67 5480
0.69 5479
0.69 5478
0.69 5477
0.70 5476
0.70 5475
0.70 5474
0.70 5473
0.71 5472
0.71 5471
0.71 5470
0.72 5469
0.72 5468
0.72 5467
0.72 5466
0.73 5465
0.73 5464
0.73 5463
0.73 5462
0.74 5461
0.74 5460
0.74 5459
0.75 5458
0.75 5457
0.75 5456
0.76 5455
0.76 5454
0.76 5453
0.76 5452
0.76 5451
0.77 5450
0.77 5449
0.78 5448
0.78 5447
0.78 5446
0.78 5445
0.79 5444
0.79 5443
0.79 5442
0.79 5441
0.80 5440
0.80 5439
0.80 5438
0.80 5437
0.81 5436
0.81 5435
0.81 5434
0.81 5433
0.82 5432
0.82 5431
0.83 5430
0.83 5429
0.83 5428
0.83 5427
0.84 5426
0.84 5425
0.84 5424
0.84 5423
0.85 5422
0.85 5421
0.85 5420
0.86 5419
0.86 5418
0.86 5417
0.86 5416
0.87 5415
0.87 5414
0.87 5413
0.87 5412
0.88 5411
0.88 5410
0.88 5409
0.88 5408
0.89 5407
0.89 5406
0.89 5405
0.90 5404
0.90 5403
0.90 5402
0.90 5401
0.91 5400
0.91 5399
0.91 5398
0.91 5397
0.92 5396
0.92 5395
0.92 5394
0.93 5393
0.93 5392
0.93 5391
0.93 5390
0.94 5389
0.94 5388
0.94 5387
0.94 5386
0.94 5385
0.94 5384
0.96 5383
0.96 5382
0.96 5381
0.96 5380
0.97 5379
0.97 5378
0.97 5377
0.97 5376
0.98 5375
0.98 5374
0.98 5373
0.98 5372
0.99 5371
0.99 5370
0.99 5369
1.00 5368
1.00 5367
1.00 5366
1.00 5365
1.01 5364
1.01 5363
1.01 5362
1.02 5361
1.02 5360
1.02 5359
1.03 5358
1.03 5357
1.03 5356
1.03 5355
1.04 5354
1.04 5353
1.04 5352
1.05 5351
1.05 5350
1.05 5349
1.06 5348
1.06 5347
1.06 5346
1.06 5345
1.07 5344
1.07 5343
1.08 5342
1.08 5341
1.08 5340
1.08 5339
1.09 5338
1.09 5337
1.10 5336
1.10 5335
1.10 5334
1.10 5333
1.11 5332
1.11 5331
1.11 5330
1.12 5329
1.12 5328
1.13 5327
1.13 5326
1.13 5325
1.13 5324
1.14 5323
1.14 5322
1.14 5321
1.14 5320
1.14 5319
1.15 5318
1.15 5317
1.18 5316
1.18 5315
1.18 5314
1.19 5313
1.19 5312
1.19 5311
1.20 5310
1.20 5309
1.20 5308
1.20 5307
1.21 5306
1.21 5305
1.21 5304
1.22 5303
1.22 5302
1.22 5301
1.22 5300
1.23 5299
1.23 5298
1.23 5297
1.24 5296
1.24 5295
1.24 5294
1.24 5293
1.25 5292
1.25 5291
1.25 5290
1.25 5289
1.26 5288
1.26 5287
1.26 5286
1.27 5285
1.27 5284
1.27 5283
1.27 5282
1.28 5281
1.28 5280
1.28 5279
1.28 5278
1.29 5277
1.29 5276
1.29 5275
1.29 5274
1.30 5273
1.30 5272
1.30 5271
1.31 5270
1.31 5269
1.31 5268
1.32 5267
1.32 5266
1.32 5265
1.32 5264
1.33 5263
1.33 5262
1.33 5261
1.34 5260
1.34 5259
1.34 5258
1.34 5257
1.35 5256
1.35 5255
1.35 5254
1.35 5253
1.36 5252
1.36 5251
1.36 5250
1.37 5249
1.37 5248
1.37 5247
1.38 5246
1.38 5245
1.38 5244
1.38 5243
1.39 5242
1.39 5241
1.39 5240
1.39 5239
1.40 5238
1.40 5237
1.40 5236
1.41 5235
1.41 5234
1.41 5233
1.41 5232
1.42 5231
1.42 5230
1.42 5229
1.42 5228
1.43 5227
1.43 5226
1.43 5225
1.44 5224
1.44 5223
1.44 5222
1.44 5221
1.45 5220
1.45 5219
1.45 5218
1.46 5217
1.46 5216
1.46 5215
1.46 5214
1.47 5213
1.47 5212
1.47 5211
1.47 5210
1.48 5209
1.48 5208
1.48 5207
1.49 5206
1.49 5205
1.49 5204
1.49 5203
1.49 5202
1.49 5201
1.49 5200
1.50 5199
1.50 5198
1.50 5197
1.50 5196
1.50 5195
1.52 5194
1.52 5193
1.52 5192
1.53 5191
1.53 5190
1.53 5189
1.53 5188
1.54 5187
1.54 5186
1.54 5185
1.54 5184
1.55 5183
1.55 5182
1.55 5181
1.56 5180
1.56 5179
1.56 5178
1.56 5177
1.57 5176
1.57 5175
1.57 5174
1.57 5173
1.58 5172
1.58 5171
1.58 5170
1.58 5169
1.59 5168
1.59 5167
1.59 5166
1.60 5165
1.60 5164
1.60 5163
1.60 5162
1.61 5161
1.61 5160
1.62 5159
1.62 5158
1.62 5157
1.62 5156
1.63 5155
1.63 5154
1.63 5153
1.64 5152
1.64 5151
1.64 5150
1.64 5149
1.65 5148
1.65 5147
1.65 5146
1.65 5145
1.65 5144
1.65 5143
1.65 5142
1.65 5141
1.65 5140
1.67 5139
1.67 5138
1.67 5137
1.67 5136
1.67 5135
1.68 5134
1.69 5133
1.69 5132
1.69 5131
1.69 5130
1.69 5129
1.70 5128
1.70 5127
1.71 5126
1.71 5125
1.72 5124
1.72 5123
1.72 5122
1.73 5121
1.73 5120
1.73 5119
1.74 5118
1.74 5117
1.74 5116
1.75 5115
1.75 5114
1.75 5113
1.76 5112
1.76 5111
1.77 5110
1.77 5109
1.78 5108
1.78 5107
1.78 5106
1.78 5105
1.79 5104
1.80 5103
1.80 5102
1.80 5101
1.81 5100
1.81 5099
1.82 5098
1.82 5097
1.82 5096
1.83 5095
1.83 5094
1.83 5093
1.83 5092
1.84 5091
1.84 5090
1.84 5089
1.85 5088
1.85 5087
1.85 5086
1.86 5085
1.86 5084
1.86 5083
1.86 5082
1.87 5081
1.87 5080
1.87 5079
1.88 5078
1.88 5077
1.88 5076
1.89 5075
1.89 5074
1.90 5073
1.90 5072
1.90 5071
1.91 5070
1.91 5069
1.91 5068
1.91 5067
1.92 5066
1.92 5065
1.92 5064
1.93 5063
1.93 5062
1.93 5061
1.93 5060
1.94 5059
1.94 5058
1.94 5057
1.95 5056
1.95 5055
1.95 5054
1.96 5053
1.96 5052
1.96 5051
1.96 5050
1.97 5049
1.97 5048
1.97 5047
1.98 5046
1.98 5045
1.98 5044
1.99 5043
1.99 5042
1.99 5041
2.00 5040
2.00 5039
2.01 5038
2.02 5037
2.04 5036
2.04 5035
2.05 5034
2.10 5033
2.13 5032
2.14 5031
2.14 5030
2.15 5029
2.15 5028
2.16 5027
2.16 5026
2.16 5025
2.17 5024
2.17 5023
2.17 5022
2.17 5021
2.17 5020
2.17 5019
2.19 5018
2.19 5017
2.19 5016
2.19 5015
2.19 5014
2.20 5013
2.20 5012
2.21 5011
2.21 5010
2.21 5009
2.22 5008
2.22 5007
2.22 5006
2.22 5005
2.23 5004
2.23 5003
2.24 5002
2.24 5001
2.24 5000
2.24 4999
2.25 4998
2.25 4997
2.26 4996
2.26 4995
2.26 4994
2.27 4993
2.27 4992
2.27 4991
2.28 4990
2.28 4989
2.28 4988
2.28 4987
2.29 4986
2.29 4985
2.30 4984
2.30 4983
2.30 4982
2.30 4981
2.31 4980
2.31 4979
2.31 4978
2.31 4977
2.31 4976
2.32 4975
2.32 4974
2.32 4973
2.32 4972
2.33 4971
2.34 4970
2.34 4969
2.35 4968
2.35 4967
2.35 4966
2.36 4965
2.36 4964
2.36 4963
2.36 4962
2.36 4961
2.37 4960
2.37 4959
2.37 4958
2.37 4957
2.37 4956
2.37 4955
2.39 4954
2.39 4953
2.39 4952
2.39 4951
2.39 4950
2.39 4949
2.40 4948
2.41 4947
2.41 4946
2.41 4945
2.41 4944
2.42 4943
2.42 4942
2.42 4941
2.42 4940
2.43 4939
2.43 4938
2.43 4937
2.43 4936
2.44 4935
2.44 4934
2.44 4933
2.44 4932
2.45 4931
2.45 4930
2.45 4929
2.45 4928
2.46 4927
2.46 4926
2.46 4925
2.46 4924
2.47 4923
2.47 4922
2.47 4921
2.47 4920
2.48 4919
2.48 4918
2.48 4917
2.49 4916
2.49 4915
2.49 4914
2.49 4913
2.50 4912
2.50 4911
2.50 4910
2.50 4909
2.51 4908
2.51 4907
2.51 4906
2.51 4905
2.51 4904
2.52 4903
2.52 4902
2.52 4901
2.52 4900
2.53 4899
2.53 4898
2.53 4897
2.53 4896
2.53 4895
2.54 4894
2.54 4893
2.55 4892
2.55 4891
2.55 4890
2.56 4889
2.56 4888
2.56 4887
2.56 4886
2.57 4885
2.57 4884
2.57 4883
2.57 4882
2.57 4881
2.57 4880
2.57 4879
2.57 4878
2.57 4877
2.59 4876
2.59 4875
2.59 4874
2.59 4873
2.60 4872
2.60 4871
2.60 4870
2.60 4869
2.61 4868
2.61 4867
2.61 4866
2.61 4865
2.61 4864
2.62 4863
2.62 4862
2.63 4861
2.63 4860
2.64 4859
2.64 4858
2.64 4857
2.64 4856
2.64 4855
2.65 4854
2.65 4853
2.65 4852
2.65 4851
2.66 4850
2.66 4849
2.66 4848
2.67 4847
2.67 4846
2.67 4845
2.67 4844
2.67 4843
2.68 4842
2.68 4841
2.68 4840
2.68 4839
2.68 4838
2.69 4837
2.69 4836
2.69 4835
2.69 4834
2.69 4833
2.69 4832
2.69 4831
2.70 4830
2.71 4829
2.71 4828
2.71 4827
2.71 4826
2.72 4825
2.72 4824
2.72 4823
2.72 4822
2.72 4821
2.72 4820
2.72 4819
2.72 4818
2.74 4817
2.74 4816
2.74 4815
2.74 4814
2.74 4813
2.74 4812
2.74 4811
2.75 4810
2.75 4809
2.75 4808
2.75 4807
2.75 4806
2.75 4805
2.75 4804
2.77 4803
2.77 4802
2.78 4801
2.78 4800
2.78 4799
2.78 4798
2.79 4797
2.79 4796
2.79 4795
2.80 4794
2.80 4793
2.80 4792
2.80 4791
2.81 4790
2.81 4789
2.81 4788
2.82 4787
2.82 4786
2.82 4785
2.83 4784
2.83 4783
2.83 4782
2.83 4781
2.84 4780
2.84 4779
2.84 4778
2.84 4777
2.85 4776
2.85 4775
2.85 4774
2.85 4773
2.86 4772
2.86 4771
2.86 4770
2.86 4769
2.86 4768
2.86 4767
2.87 4766
2.88 4765
2.88 4764
2.88 4763
2.88 4762
2.88 4761
2.89 4760
2.89 4759
2.89 4758
2.89 4757
2.89 4756
2.89 4755
2.90 4754
2.91 4753
2.91 4752
2.91 4751
2.91 4750
2.92 4749
2.92 4748
2.93 4747
2.93 4746
2.93 4745
2.94 4744
2.94 4743
2.94 4742
2.95 4741
2.95 4740
2.95 4739
2.96 4738
2.96 4737
2.96 4736
2.97 4735
2.97 4734
2.97 4733
2.98 4732
2.98 4731
2.98 4730
2.99 4729
2.99 4728
2.99 4727
3.00 4726
3.00 4725
3.00 4724
3.01 4723
3.01 4722
3.01 4721
3.02 4720
3.02 4719
3.02 4718
3.03 4717
3.03 4716
3.03 4715
3.04 4714
3.04 4713
3.04 4712
3.05 4711
3.05 4710
3.05 4709
3.06 4708
3.06 4707
3.06 4706
3.07 4705
3.07 4704
3.08 4703
3.08 4702
3.08 4701
3.09 4700
3.09 4699
3.09 4698
3.10 4697
3.10 4696
3.10 4695
3.12 4694
3.13 4693
3.13 4692
3.14 4691
3.14 4690
3.15 4689
3.15 4688
3.15 4687
3.17 4686
3.17 4685
3.19 4684
3.19 4683
3.19 4682
3.19 4681
3.20 4680
3.20 4679
3.20 4678
3.20 4677
3.22 4676
3.22 4675
3.22 4674
3.22 4673
3.22 4672
3.24 4671
3.24 4670
3.24 4669
3.24 4668
3.25 4667
3.25 4666
3.25 4665
3.26 4664
3.26 4663
3.26 4662
3.27 4661
3.27 4660
3.27 4659
3.27 4658
3.27 4657
3.27 4656
3.29 4655
3.29 4654
3.30 4653
3.30 4652
3.30 4651
3.31 4650
11.45 3307
29.97 3306
29.98 3305
