0.36 1971
0.36 1970
0.36 1969
0.36 1968
0.36 1967
0.36 1966
0.36 1965
0.36 1964
0.36 1963
0.36 1962
0.36 1961
0.36 1960
0.36 1959
0.36 1958
0.36 1957
0.36 1956
0.36 1955
0.36 1954
0.36 1953
0.36 1952
0.36 1951
0.36 1950
0.36 1949
0.36 1948
0.36 1947
0.37 1946
0.37 1945
0.37 1944
0.37 1943
0.37 1942
0.37 1941
0.37 1940
0.37 1939
0.37 1938
0.37 1937
0.37 1936
0.37 1935
0.37 1934
0.37 1933
0.37 1932
0.37 1931
0.37 1930
0.37 1929
0.37 1928
0.37 1927
0.37 1926
0.37 1925
0.37 1924
0.37 1923
0.39 1922
0.39 1921
0.39 1920
0.39 1919
0.39 1918
0.39 1917
0.39 1916
0.39 1915
0.39 1914
0.39 1913
0.39 1912
0.39 1911
0.39 1910
0.39 1909
0.39 1908
0.39 1907
0.39 1906
0.39 1905
0.39 1904
0.39 1903
0.39 1902
0.39 1901
0.39 1900
0.39 1899
0.39 1898
0.39 1897
0.40 1896
0.40 1895
0.40 1894
0.40 1893
0.40 1892
0.40 1891
0.40 1890
0.40 1889
0.40 1888
0.40 1887
0.40 1886
0.40 1885
0.40 1884
0.40 1883
0.40 1882
0.40 1881
0.40 1880
0.40 1879
0.40 1878
0.40 1877
0.40 1876
0.40 1875
0.40 1874
0.40 1873
0.40 1872
0.40 1871
0.42 1870
0.42 1869
0.42 1868
0.42 1867
0.42 1866
0.42 1865
0.42 1864
0.42 1863
0.42 1862
0.43 1861
0.43 1860
0.43 1859
0.43 1858
0.43 1857
0.43 1856
0.43 1855
0.43 1854
0.43 1853
0.43 1852
0.43 1851
0.43 1850
0.43 1849
0.44 1848
0.44 1847
0.44 1846
0.44 1845
0.44 1844
0.44 1843
0.44 1842
0.45 1841
0.45 1840
0.45 1839
0.45 1838
0.45 1837
0.46 1836
0.46 1835
0.46 1834
0.46 1833
0.46 1832
0.46 1831
0.46 1830
0.46 1829
0.46 1828
0.46 1827
0.47 1826
0.47 1825
0.47 1824
0.47 1823
0.47 1822
0.47 1821
0.47 1820
0.47 1819
0.47 1818
0.47 1817
0.49 1816
0.49 1815
0.49 1814
0.49 1813
0.50 1812
5.21 1811
5.21 1810
5.21 1809
5.21 1808
5.23 1807
5.23 1806
5.23 1805
5.23 1804
5.23 1803
5.23 1802
5.23 1801
5.23 1800
5.25 1799
5.25 1798
5.25 1797
