0.31 1989
0.31 1988
0.31 1987
0.31 1986
0.31 1985
0.31 1984
0.31 1983
0.31 1982
0.31 1981
0.31 1980
0.31 1979
0.31 1978
0.31 1977
0.31 1976
0.31 1975
0.32 1974
0.32 1973
0.32 1972
0.32 1971
0.32 1970
0.32 1969
0.32 1968
0.32 1967
0.32 1966
0.32 1965
0.32 1964
0.32 1963
0.32 1962
0.32 1961
0.32 1960
0.32 1959
0.32 1958
0.32 1957
0.32 1956
0.32 1955
0.32 1954
0.32 1953
0.32 1952
0.32 1951
0.32 1950
0.32 1949
0.32 1948
0.32 1947
0.32 1946
0.32 1945
0.32 1944
0.32 1943
0.34 1942
0.34 1941
0.34 1940
0.34 1939
0.34 1938
0.34 1937
0.34 1936
0.34 1935
0.34 1934
0.34 1933
0.34 1932
0.34 1931
7.21 1930
7.21 1929
9.53 1928
14.12 1927
16.41 1926
18.66 1925
