0.14 5683
0.14 5682
0.14 5681
0.15 5680
0.15 5679
0.15 5678
0.15 5677
0.15 5676
0.17 5675
0.17 5674
0.17 5673
0.17 5672
0.17 5671
0.17 5670
0.17 5669
0.19 5668
0.19 5667
0.19 5666
0.19 5665
0.19 5664
0.19 5663
0.20 5662
0.20 5661
0.20 5660
0.20 5659
0.20 5658
0.20 5657
0.22 5656
0.22 5655
0.22 5654
0.23 5653
0.23 5652
0.23 5651
0.23 5650
0.24 5649
0.24 5648
0.24 5647
0.24 5646
0.25 5645
0.25 5644
0.25 5643
0.25 5642
0.26 5641
0.26 5640
0.26 5639
0.26 5638
0.26 5637
0.26 5636
0.26 5635
0.27 5634
0.27 5633
0.27 5632
0.27 5631
0.27 5630
0.27 5629
0.29 5628
0.29 5627
0.29 5626
0.29 5625
0.29 5624
0.29 5623
0.30 5622
0.30 5621
0.30 5620
0.30 5619
0.30 5618
0.30 5617
0.32 5616
0.32 5615
0.32 5614
0.32 5613
0.32 5612
0.32 5611
0.33 5610
0.33 5609
0.33 5608
0.33 5607
0.33 5606
0.33 5605
0.33 5604
0.35 5603
0.35 5602
0.35 5601
0.35 5600
0.35 5599
0.35 5598
0.37 5597
0.37 5596
0.37 5595
0.37 5594
0.38 5593
0.38 5592
0.38 5591
0.38 5590
0.38 5589
0.38 5588
0.40 5587
0.40 5586
0.40 5585
0.40 5584
0.40 5583
0.40 5582
0.41 5581
0.41 5580
0.41 5579
0.41 5578
0.42 5577
0.42 5576
0.43 5575
0.43 5574
0.43 5573
0.43 5572
0.43 5571
0.43 5570
0.44 5569
0.44 5568
0.44 5567
0.44 5566
0.44 5565
0.44 5564
0.46 5563
0.46 5562
0.46 5561
0.46 5560
0.46 5559
0.46 5558
0.46 5557
0.48 5556
0.48 5555
0.48 5554
0.48 5553
0.48 5552
0.48 5551
0.49 5550
0.49 5549
0.49 5548
0.49 5547
0.49 5546
0.49 5545
0.51 5544
0.51 5543
0.51 5542
0.51 5541
0.51 5540
0.51 5539
0.52 5538
0.52 5537
0.52 5536
0.52 5535
0.52 5534
0.52 5533
0.54 5532
0.54 5531
0.54 5530
0.54 5529
0.54 5528
0.54 5527
0.56 5526
0.56 5525
0.56 5524
0.56 5523
0.56 5522
0.56 5521
0.57 5520
0.57 5519
0.57 5518
0.57 5517
0.57 5516
0.57 5515
0.59 5514
0.59 5513
0.59 5512
0.59 5511
0.59 5510
0.59 5509
0.60 5508
0.60 5507
0.60 5506
0.60 5505
0.60 5504
0.60 5503
0.60 5502
0.62 5501
0.62 5500
0.62 5499
0.62 5498
0.62 5497
0.62 5496
0.63 5495
0.64 5494
0.64 5493
0.64 5492
0.64 5491
0.65 5490
0.65 5489
0.65 5488
0.65 5487
0.66 5486
0.66 5485
0.66 5484
0.66 5483
0.66 5482
0.66 5481
0.67 5480
0.67 5479
0.67 5478
0.67 5477
0.67 5476
0.67 5475
0.69 5474
0.69 5473
0.69 5472
0.69 5471
0.69 5470
0.69 5469
0.70 5468
0.70 5467
0.70 5466
0.70 5465
0.70 5464
0.70 5463
0.70 5462
0.72 5461
0.72 5460
0.72 5459
0.72 5458
0.72 5457
0.74 5456
0.74 5455
0.74 5454
0.74 5453
0.74 5452
0.74 5451
0.74 5450
0.75 5449
0.75 5448
0.75 5447
0.75 5446
0.75 5445
0.75 5444
0.77 5443
0.77 5442
0.77 5441
0.77 5440
0.77 5439
0.77 5438
0.78 5437
0.78 5436
0.78 5435
0.78 5434
0.78 5433
0.78 5432
0.78 5431
0.80 5430
0.80 5429
0.80 5428
0.80 5427
0.80 5426
0.80 5425
0.81 5424
0.81 5423
0.81 5422
0.82 5421
0.82 5420
0.82 5419
0.83 5418
0.83 5417
0.83 5416
0.83 5415
0.83 5414
0.83 5413
0.85 5412
0.85 5411
0.85 5410
0.85 5409
0.85 5408
0.85 5407
0.85 5406
0.86 5405
0.86 5404
0.86 5403
0.86 5402
0.86 5401
0.86 5400
0.88 5399
0.88 5398
0.88 5397
0.88 5396
0.88 5395
0.88 5394
0.89 5393
0.89 5392
0.89 5391
0.89 5390
0.89 5389
0.89 5388
0.91 5387
0.91 5386
0.91 5385
0.91 5384
0.91 5383
0.91 5382
0.92 5381
0.93 5380
0.93 5379
0.93 5378
0.93 5377
0.93 5376
0.93 5375
0.94 5374
0.94 5373
0.94 5372
0.94 5371
0.94 5370
0.94 5369
0.96 5368
0.96 5367
0.96 5366
0.96 5365
0.96 5364
0.96 5363
0.96 5362
0.97 5361
0.97 5360
0.97 5359
0.97 5358
0.97 5357
0.97 5356
0.99 5355
0.99 5354
0.99 5353
0.99 5352
1.00 5351
1.00 5350
1.00 5349
1.00 5348
1.00 5347
1.00 5346
1.02 5345
1.02 5344
1.02 5343
1.02 5342
1.02 5341
1.02 5340
1.02 5339
1.04 5338
1.04 5337
1.04 5336
1.04 5335
1.04 5334
1.04 5333
1.05 5332
1.05 5331
1.05 5330
1.05 5329
1.05 5328
1.05 5327
1.07 5326
1.07 5325
1.07 5324
1.07 5323
1.07 5322
1.08 5321
1.08 5320
1.08 5319
1.08 5318
1.08 5317
1.08 5316
1.08 5315
1.10 5314
1.10 5313
1.10 5312
1.10 5311
1.10 5310
1.10 5309
1.11 5308
1.11 5307
1.11 5306
1.11 5305
1.12 5304
1.12 5303
1.12 5302
1.13 5301
1.13 5300
1.13 5299
1.13 5298
1.13 5297
1.13 5296
1.15 5295
1.15 5294
1.15 5293
1.15 5292
1.15 5291
1.16 5290
1.16 5289
1.16 5288
1.16 5287
1.16 5286
1.16 5285
1.18 5284
1.18 5283
1.18 5282
1.18 5281
1.18 5280
1.19 5279
1.19 5278
1.20 5277
1.20 5276
1.20 5275
1.20 5274
1.21 5273
1.21 5272
1.21 5271
1.21 5270
1.21 5269
1.21 5268
1.22 5267
1.22 5266
1.22 5265
1.22 5264
1.22 5263
1.24 5262
1.24 5261
1.25 5260
1.25 5259
1.25 5258
1.25 5257
1.25 5256
1.26 5255
1.26 5254
1.26 5253
1.26 5252
1.27 5251
1.27 5250
1.27 5249
1.27 5248
1.27 5247
1.27 5246
1.27 5245
1.27 5244
1.27 5243
1.27 5242
1.29 5241
1.29 5240
1.29 5239
1.29 5238
1.29 5237
1.29 5236
1.31 5235
1.31 5234
1.31 5233
1.31 5232
1.31 5231
1.31 5230
1.31 5229
1.32 5228
1.32 5227
1.32 5226
1.32 5225
1.32 5224
1.32 5223
1.34 5222
1.34 5221
1.34 5220
1.35 5219
1.35 5218
1.35 5217
1.35 5216
1.35 5215
1.35 5214
1.36 5213
1.36 5212
1.36 5211
1.37 5210
1.37 5209
1.37 5208
1.38 5207
1.38 5206
1.38 5205
1.38 5204
1.38 5203
1.38 5202
1.38 5201
1.38 5200
1.38 5199
1.38 5198
1.40 5197
1.40 5196
1.40 5195
1.40 5194
1.40 5193
1.40 5192
1.42 5191
1.42 5190
1.42 5189
1.42 5188
1.42 5187
1.42 5186
1.43 5185
1.43 5184
1.43 5183
1.43 5182
1.43 5181
1.43 5180
1.45 5179
1.45 5178
1.45 5177
1.45 5176
1.45 5175
1.45 5174
1.46 5173
1.46 5172
1.46 5171
1.46 5170
1.46 5169
1.46 5168
1.48 5167
1.48 5166
1.48 5165
1.48 5164
1.48 5163
1.48 5162
1.48 5161
1.49 5160
1.49 5159
1.49 5158
1.49 5157
1.51 5156
1.51 5155
1.51 5154
1.51 5153
1.53 5152
1.53 5151
1.53 5150
1.53 5149
1.53 5148
1.54 5147
1.54 5146
1.54 5145
1.54 5144
1.54 5143
1.54 5142
1.56 5141
1.56 5140
1.56 5139
1.56 5138
1.56 5137
1.56 5136
1.56 5135
1.57 5134
1.57 5133
1.57 5132
1.57 5131
1.57 5130
1.57 5129
1.59 5128
1.59 5127
1.59 5126
1.59 5125
1.59 5124
1.59 5123
1.60 5122
1.60 5121
1.60 5120
1.60 5119
1.60 5118
1.60 5117
1.62 5116
1.62 5115
1.62 5114
1.62 5113
1.62 5112
1.62 5111
1.62 5110
1.64 5109
1.64 5108
1.64 5107
1.64 5106
1.64 5105
1.64 5104
1.65 5103
1.65 5102
1.65 5101
1.65 5100
1.65 5099
1.65 5098
1.65 5097
1.67 5096
1.67 5095
1.67 5094
1.67 5093
1.67 5092
1.67 5091
1.68 5090
1.68 5089
1.68 5088
1.68 5087
1.68 5086
1.68 5085
1.70 5084
1.70 5083
1.70 5082
1.71 5081
1.71 5080
1.71 5079
1.71 5078
1.72 5077
1.72 5076
1.72 5075
1.72 5074
1.72 5073
1.72 5072
1.72 5071
1.72 5070
1.72 5069
1.74 5068
1.74 5067
1.74 5066
1.74 5065
1.74 5064
1.74 5063
1.75 5062
1.75 5061
1.75 5060
1.75 5059
1.75 5058
1.75 5057
1.77 5056
1.77 5055
1.77 5054
1.77 5053
1.77 5052
1.77 5051
1.79 5050
1.79 5049
1.79 5048
1.79 5047
1.79 5046
1.79 5045
1.80 5044
1.80 5043
1.80 5042
1.80 5041
1.80 5040
1.80 5039
1.80 5038
1.82 5037
1.82 5036
1.82 5035
1.82 5034
1.82 5033
1.82 5032
1.83 5031
1.83 5030
1.83 5029
1.83 5028
1.83 5027
1.83 5026
1.85 5025
1.85 5024
1.85 5023
1.85 5022
1.85 5021
1.86 5020
1.86 5019
1.86 5018
1.86 5017
1.86 5016
1.86 5015
1.88 5014
1.88 5013
1.88 5012
1.88 5011
1.88 5010
1.88 5009
1.88 5008
1.90 5007
1.90 5006
1.90 5005
1.90 5004
1.90 5003
1.90 5002
1.91 5001
1.91 5000
1.91 4999
1.91 4998
1.91 4997
1.92 4996
1.93 4995
1.93 4994
1.93 4993
1.93 4992
1.93 4991
1.93 4990
1.93 4989
1.94 4988
1.94 4987
1.94 4986
1.94 4985
1.94 4984
1.94 4983
1.96 4982
1.96 4981
1.96 4980
1.96 4979
1.96 4978
1.96 4977
1.96 4976
1.97 4975
1.97 4974
1.97 4973
1.97 4972
1.97 4971
1.97 4970
1.99 4969
1.99 4968
1.99 4967
1.99 4966
1.99 4965
1.99 4964
1.99 4963
2.01 4962
2.01 4961
2.01 4960
2.01 4959
2.01 4958
2.01 4957
2.02 4956
2.02 4955
2.03 4954
2.03 4953
2.03 4952
2.03 4951
2.03 4950
2.04 4949
2.04 4948
2.04 4947
2.04 4946
2.04 4945
2.04 4944
2.05 4943
2.05 4942
2.05 4941
2.05 4940
2.05 4939
2.05 4938
2.05 4937
2.07 4936
2.07 4935
2.07 4934
2.07 4933
2.07 4932
2.07 4931
2.08 4930
2.08 4929
2.08 4928
2.08 4927
2.08 4926
2.08 4925
2.10 4924
2.10 4923
2.10 4922
2.10 4921
2.10 4920
2.10 4919
2.10 4918
2.12 4917
2.12 4916
2.12 4915
2.13 4914
2.13 4913
2.13 4912
2.13 4911
2.13 4910
2.13 4909
2.13 4908
2.13 4907
2.13 4906
2.13 4905
2.15 4904
2.15 4903
2.15 4902
2.15 4901
2.15 4900
2.15 4899
2.16 4898
2.16 4897
2.16 4896
2.16 4895
2.16 4894
2.16 4893
2.18 4892
2.18 4891
2.18 4890
2.18 4889
2.18 4888
2.18 4887
2.20 4886
2.20 4885
2.20 4884
2.20 4883
2.20 4882
2.20 4881
2.21 4880
2.21 4879
2.21 4878
2.21 4877
2.21 4876
2.21 4875
2.23 4874
2.23 4873
2.23 4872
2.23 4871
2.24 4870
2.24 4869
2.24 4868
2.25 4867
2.25 4866
2.25 4865
2.25 4864
2.26 4863
2.26 4862
2.26 4861
2.26 4860
2.27 4859
2.27 4858
2.27 4857
2.27 4856
2.27 4855
2.27 4854
2.27 4853
2.27 4852
2.27 4851
2.27 4850
2.29 4849
2.29 4848
2.29 4847
2.29 4846
2.29 4845
2.29 4844
2.29 4843
2.30 4842
2.30 4841
2.30 4840
2.30 4839
2.30 4838
2.30 4837
2.30 4836
2.32 4835
2.32 4834
2.33 4833
2.33 4832
2.33 4831
2.33 4830
2.34 4829
2.34 4828
2.34 4827
2.34 4826
2.34 4825
2.34 4824
2.34 4823
2.35 4822
2.35 4821
2.35 4820
2.35 4819
2.35 4818
2.35 4817
2.35 4816
2.37 4815
2.37 4814
2.37 4813
2.37 4812
2.37 4811
2.37 4810
2.38 4809
2.38 4808
2.38 4807
2.38 4806
2.38 4805
2.38 4804
2.38 4803
2.40 4802
2.40 4801
2.40 4800
2.40 4799
2.40 4798
2.40 4797
2.40 4796
2.41 4795
2.41 4794
2.41 4793
2.41 4792
2.41 4791
2.43 4790
2.43 4789
2.43 4788
2.43 4787
2.43 4786
2.43 4785
2.43 4784
2.43 4783
2.45 4782
2.45 4781
2.45 4780
2.45 4779
2.45 4778
2.45 4777
2.45 4776
2.46 4775
2.46 4774
2.46 4773
2.46 4772
2.46 4771
2.46 4770
2.46 4769
2.48 4768
2.48 4767
2.48 4766
2.48 4765
2.48 4764
2.48 4763
2.48 4762
2.49 4761
2.49 4760
2.49 4759
2.49 4758
2.49 4757
2.49 4756
2.51 4755
2.51 4754
2.51 4753
2.51 4752
2.51 4751
2.51 4750
2.51 4749
2.52 4748
2.53 4747
2.53 4746
2.53 4745
2.53 4744
2.53 4743
2.53 4742
2.54 4741
2.54 4740
2.54 4739
2.54 4738
2.56 4737
2.56 4736
2.56 4735
2.56 4734
2.56 4733
2.56 4732
2.56 4731
2.57 4730
2.57 4729
2.57 4728
2.57 4727
2.57 4726
2.57 4725
2.59 4724
2.59 4723
2.59 4722
2.59 4721
2.59 4720
2.59 4719
2.59 4718
2.60 4717
2.60 4716
2.60 4715
2.60 4714
2.60 4713
2.60 4712
2.62 4711
2.62 4710
2.62 4709
2.63 4708
2.63 4707
2.63 4706
2.63 4705
2.63 4704
2.63 4703
2.63 4702
2.63 4701
2.63 4700
2.63 4699
2.65 4698
2.65 4697
2.65 4696
2.65 4695
2.65 4694
2.65 4693
2.65 4692
2.67 4691
2.67 4690
2.67 4689
2.67 4688
2.67 4687
2.67 4686
2.68 4685
2.68 4684
2.68 4683
2.68 4682
2.68 4681
2.68 4680
2.68 4679
2.70 4678
2.70 4677
2.70 4676
2.70 4675
2.70 4674
2.70 4673
2.70 4672
2.71 4671
2.71 4670
2.71 4669
2.71 4668
2.71 4667
2.73 4666
2.73 4665
2.73 4664
2.73 4663
2.73 4662
2.73 4661
2.73 4660
2.73 4659
2.74 4658
2.74 4657
2.74 4656
2.74 4655
2.74 4654
2.74 4653
2.74 4652
2.76 4651
2.76 4650
8.09 3307
18.01 3306
