0.01 3735
0.01 3734
0.01 3733
0.02 3732
0.02 3731
0.02 3730
0.02 3729
0.02 3728
0.02 3727
0.02 3726
0.02 3725
0.02 3724
0.02 3723
0.02 3722
0.02 3721
0.03 3720
0.03 3719
0.03 3718
0.03 3717
0.03 3716
0.03 3715
0.03 3714
0.03 3713
0.03 3712
0.03 3711
0.03 3710
0.03 3709
0.03 3708
0.03 3707
0.04 3706
0.04 3705
0.04 3704
0.04 3703
0.04 3702
0.04 3701
0.04 3700
0.04 3699
0.04 3698
0.04 3697
0.04 3696
0.04 3695
0.05 3694
0.05 3693
0.05 3692
0.05 3691
0.05 3690
0.05 3689
0.05 3688
0.05 3687
0.05 3686
0.05 3685
0.05 3684
0.05 3683
0.05 3682
0.06 3681
0.06 3680
0.06 3679
0.06 3678
0.06 3677
0.06 3676
0.06 3675
0.06 3674
0.06 3673
0.06 3672
0.07 3671
0.07 3670
0.07 3669
0.07 3668
0.07 3667
0.07 3666
0.07 3665
0.07 3664
0.07 3663
0.07 3662
0.07 3661
0.07 3660
0.07 3659
0.07 3658
0.08 3657
0.08 3656
0.08 3655
0.08 3654
0.08 3653
0.08 3652
0.08 3651
0.08 3650
0.08 3649
0.08 3648
0.08 3647
0.08 3646
0.08 3645
0.09 3644
0.09 3643
0.09 3642
0.09 3641
0.09 3640
0.09 3639
0.09 3638
0.09 3637
0.09 3636
0.09 3635
0.09 3634
0.09 3633
0.09 3632
0.09 3631
0.09 3630
0.09 3629
0.09 3628
0.09 3627
0.09 3626
0.09 3625
0.10 3624
0.10 3623
0.10 3622
0.11 3621
0.11 3620
0.11 3619
0.11 3618
0.11 3617
0.11 3616
0.11 3615
0.11 3614
0.11 3613
0.11 3612
0.11 3611
0.11 3610
0.11 3609
0.11 3608
0.12 3607
0.12 3606
0.12 3605
0.12 3604
0.12 3603
0.12 3602
0.12 3601
0.12 3600
0.12 3599
0.12 3598
0.12 3597
0.13 3596
0.13 3595
0.13 3594
0.13 3593
0.13 3592
0.13 3591
0.13 3590
0.13 3589
0.13 3588
0.13 3587
0.13 3586
0.13 3585
0.13 3584
0.13 3583
0.13 3582
0.14 3581
0.14 3580
0.14 3579
0.14 3578
0.14 3577
0.14 3576
0.14 3575
0.14 3574
0.14 3573
0.14 3572
0.14 3571
0.15 3570
0.15 3569
0.15 3568
0.15 3567
0.15 3566
0.15 3565
0.15 3564
0.15 3563
0.15 3562
0.15 3561
0.15 3560
0.15 3559
0.15 3558
0.16 3557
0.16 3556
0.16 3555
0.16 3554
0.16 3553
0.16 3552
0.16 3551
0.16 3550
0.16 3549
0.16 3548
0.16 3547
0.16 3546
0.16 3545
0.16 3544
0.17 3543
0.17 3542
0.17 3541
0.17 3540
0.17 3539
0.17 3538
0.17 3537
0.17 3536
0.17 3535
0.17 3534
0.17 3533
0.18 3532
0.18 3531
0.18 3530
0.18 3529
0.18 3528
0.18 3527
0.18 3526
0.18 3525
0.18 3524
0.18 3523
0.18 3522
0.18 3521
0.18 3520
0.19 3519
0.19 3518
0.19 3517
0.19 3516
0.19 3515
0.19 3514
0.19 3513
0.19 3512
0.19 3511
0.19 3510
0.19 3509
0.19 3508
0.20 3507
0.20 3506
0.20 3505
0.20 3504
0.20 3503
0.20 3502
0.20 3501
0.20 3500
0.20 3499
0.20 3498
0.20 3497
0.20 3496
0.20 3495
0.21 3494
0.21 3493
0.21 3492
0.21 3491
0.21 3490
0.21 3489
0.21 3488
0.21 3487
0.21 3486
0.21 3485
0.21 3484
0.21 3483
0.21 3482
0.22 3481
0.22 3480
0.22 3479
0.22 3478
0.22 3477
0.22 3476
0.22 3475
0.22 3474
0.22 3473
0.22 3472
0.22 3471
0.22 3470
0.23 3469
0.23 3468
0.23 3467
0.23 3466
0.23 3465
0.23 3464
0.23 3463
0.23 3462
0.23 3461
0.23 3460
0.23 3459
0.23 3458
0.23 3457
0.24 3456
0.24 3455
0.24 3454
0.24 3453
0.24 3452
0.24 3451
0.24 3450
0.24 3449
0.24 3448
0.24 3447
0.24 3446
0.24 3445
0.24 3444
0.24 3443
0.24 3442
0.25 3441
0.25 3440
0.25 3439
0.25 3438
0.25 3437
0.25 3436
0.25 3435
0.25 3434
0.25 3433
0.25 3432
0.25 3431
0.25 3430
0.25 3429
0.25 3428
0.25 3427
0.26 3426
0.26 3425
0.26 3424
0.26 3423
0.26 3422
0.26 3421
0.26 3420
0.26 3419
0.26 3418
0.26 3417
0.26 3416
0.26 3415
0.27 3414
0.27 3413
0.27 3412
0.27 3411
0.27 3410
0.27 3409
0.27 3408
0.27 3407
0.27 3406
0.27 3405
0.27 3404
0.27 3403
0.27 3402
0.27 3401
0.28 3400
0.28 3399
0.28 3398
0.28 3397
0.28 3396
0.28 3395
0.28 3394
0.28 3393
0.28 3392
0.28 3391
0.28 3390
0.28 3389
0.28 3388
0.28 3387
0.28 3386
0.28 3385
0.29 3384
0.29 3383
0.29 3382
0.29 3381
0.29 3380
0.29 3379
0.29 3378
0.29 3377
0.29 3376
0.29 3375
0.29 3374
0.29 3373
0.29 3372
0.30 3371
0.30 3370
0.30 3369
0.30 3368
0.30 3367
0.30 3366
0.31 3365
0.31 3364
0.31 3363
0.31 3362
0.31 3361
0.31 3360
0.31 3359
0.31 3358
0.31 3357
0.31 3356
0.31 3355
0.31 3354
0.31 3353
0.31 3352
0.32 3351
0.32 3350
0.32 3349
0.32 3348
0.32 3347
0.32 3346
0.32 3345
0.32 3344
0.32 3343
0.32 3342
0.32 3341
0.32 3340
0.33 3339
0.33 3338
0.33 3337
0.33 3336
0.33 3335
0.33 3334
0.33 3333
0.33 3332
0.33 3331
0.33 3330
0.33 3329
0.33 3328
0.34 3327
0.34 3326
0.34 3325
0.34 3324
0.34 3323
0.34 3322
0.34 3321
0.34 3320
0.34 3319
0.34 3318
0.34 3317
0.34 3316
0.34 3315
0.34 3314
0.34 3313
0.34 3312
0.35 3311
0.35 3310
0.35 3309
0.35 3308
0.35 3307
0.35 3306
0.35 3305
0.35 3304
0.35 3303
0.35 3302
0.35 3301
0.35 3300
0.35 3299
0.35 3298
0.36 3297
0.36 3296
0.36 3295
0.36 3294
0.36 3293
0.36 3292
0.36 3291
0.36 3290
0.36 3289
0.36 3288
0.36 3287
0.36 3286
0.36 3285
0.36 3284
0.36 3283
0.37 3282
0.37 3281
0.37 3280
0.37 3279
0.37 3278
0.37 3277
0.37 3276
0.37 3275
0.37 3274
0.37 3273
0.37 3272
0.37 3271
0.37 3270
0.37 3269
0.38 3268
0.38 3267
0.38 3266
0.38 3265
0.38 3264
0.38 3263
0.38 3262
0.38 3261
0.38 3260
0.38 3259
0.38 3258
0.38 3257
0.38 3256
0.38 3255
0.38 3254
0.39 3253
0.39 3252
0.39 3251
0.39 3250
0.39 3249
0.39 3248
0.39 3247
0.39 3246
0.39 3245
0.39 3244
0.39 3243
0.39 3242
0.39 3241
0.39 3240
0.40 3239
0.40 3238
0.40 3237
0.40 3236
0.40 3235
0.40 3234
0.40 3233
0.40 3232
0.40 3231
0.40 3230
0.40 3229
0.40 3228
0.40 3227
0.40 3226
0.41 3225
0.41 3224
0.41 3223
0.41 3222
0.41 3221
0.41 3220
0.41 3219
0.41 3218
0.41 3217
0.41 3216
0.41 3215
0.41 3214
0.41 3213
0.41 3212
0.41 3211
0.42 3210
0.42 3209
0.42 3208
0.42 3207
0.42 3206
0.42 3205
0.42 3204
0.42 3203
0.42 3202
0.42 3201
0.42 3200
0.42 3199
0.42 3198
0.42 3197
0.42 3196
0.43 3195
0.43 3194
0.43 3193
0.43 3192
0.43 3191
0.43 3190
0.43 3189
0.43 3188
0.43 3187
0.43 3186
0.43 3185
0.43 3184
0.43 3183
0.43 3182
0.43 3181
0.44 3180
0.44 3179
0.44 3178
0.44 3177
0.44 3176
0.44 3175
0.44 3174
0.44 3173
0.44 3172
0.44 3171
0.44 3170
0.44 3169
0.44 3168
0.44 3167
0.44 3166
0.44 3165
0.44 3164
0.44 3163
0.45 3162
0.45 3161
0.45 3160
0.45 3159
0.45 3158
0.45 3157
0.45 3156
0.45 3155
0.45 3154
0.45 3153
0.45 3152
0.45 3151
0.45 3150
0.45 3149
0.46 3148
0.46 3147
0.46 3146
0.46 3145
0.46 3144
0.46 3143
0.46 3142
0.46 3141
0.46 3140
0.46 3139
0.46 3138
0.46 3137
0.46 3136
0.46 3135
0.46 3134
0.47 3133
0.47 3132
0.47 3131
0.47 3130
0.47 3129
0.47 3128
0.47 3127
0.47 3126
0.47 3125
0.47 3124
0.47 3123
0.47 3122
0.47 3121
0.47 3120
0.47 3119
0.48 3118
0.48 3117
0.48 3116
0.48 3115
0.48 3114
0.48 3113
0.48 3112
0.48 3111
0.48 3110
0.48 3109
0.48 3108
0.48 3107
0.48 3106
0.48 3105
0.48 3104
0.49 3103
0.49 3102
0.49 3101
0.49 3100
0.49 3099
0.49 3098
0.49 3097
0.49 3096
0.49 3095
0.49 3094
0.49 3093
0.49 3092
0.49 3091
0.49 3090
0.49 3089
0.50 3088
0.50 3087
0.50 3086
0.50 3085
0.50 3084
0.50 3083
0.50 3082
0.50 3081
0.50 3080
0.50 3079
0.51 3078
0.51 3077
0.51 3076
0.51 3075
0.51 3074
0.51 3073
0.51 3072
0.51 3071
0.51 3070
0.51 3069
0.51 3068
0.52 3067
0.52 3066
0.52 3065
0.52 3064
0.52 3063
0.52 3062
0.52 3061
0.52 3060
0.52 3059
0.52 3058
0.52 3057
0.53 3056
0.53 3055
0.53 3054
0.53 3053
0.53 3052
0.53 3051
0.53 3050
0.53 3049
0.53 3048
0.53 3047
0.53 3046
0.54 3045
0.54 3044
0.54 3043
0.54 3042
0.54 3041
0.54 3040
0.54 3039
0.54 3038
0.54 3037
0.54 3036
0.54 3035
0.54 3034
0.54 3033
0.55 3032
0.55 3031
0.55 3030
0.55 3029
0.55 3028
0.55 3027
0.55 3026
0.55 3025
0.55 3024
0.55 3023
0.55 3022
0.55 3021
0.56 3020
0.56 3019
0.56 3018
0.56 3017
0.56 3016
0.56 3015
0.56 3014
0.56 3013
0.56 3012
0.56 3011
0.56 3010
0.56 3009
0.56 3008
0.57 3007
0.57 3006
0.57 3005
0.57 3004
0.57 3003
0.57 3002
0.57 3001
0.57 3000
0.57 2999
0.57 2998
0.57 2997
0.57 2996
0.57 2995
0.58 2994
0.58 2993
0.58 2992
0.58 2991
0.58 2990
0.58 2989
0.58 2988
0.58 2987
0.58 2986
0.58 2985
0.58 2984
0.59 2983
0.59 2982
0.59 2981
0.59 2980
0.59 2979
0.59 2978
0.59 2977
0.59 2976
0.59 2975
0.59 2974
0.59 2973
0.59 2972
0.59 2971
0.60 2970
0.60 2969
0.60 2968
0.60 2967
0.60 2966
0.60 2965
0.60 2964
0.60 2963
0.60 2962
0.60 2961
0.60 2960
0.61 2959
0.61 2958
0.61 2957
0.61 2956
0.61 2955
0.61 2954
0.61 2953
0.61 2952
0.61 2951
0.61 2950
0.61 2949
0.61 2948
0.61 2947
0.62 2946
0.62 2945
0.62 2944
0.62 2943
0.62 2942
0.62 2941
0.62 2940
0.62 2939
0.62 2938
0.62 2937
0.62 2936
0.62 2935
0.62 2934
0.63 2933
0.63 2932
0.63 2931
0.63 2930
0.63 2929
0.63 2928
0.63 2927
0.63 2926
0.63 2925
0.63 2924
0.63 2923
0.63 2922
0.63 2921
0.63 2920
0.64 2919
0.64 2918
0.64 2917
0.64 2916
0.64 2915
0.64 2914
0.64 2913
0.64 2912
0.64 2911
0.64 2910
0.64 2909
0.64 2908
0.65 2907
0.65 2906
0.65 2905
0.65 2904
0.65 2903
0.65 2902
0.65 2901
0.65 2900
0.65 2899
0.65 2898
0.65 2897
0.65 2896
0.65 2895
0.66 2894
0.66 2893
0.66 2892
0.66 2891
0.66 2890
0.66 2889
0.66 2888
0.66 2887
0.66 2886
0.66 2885
0.66 2884
0.67 2883
0.67 2882
0.67 2881
0.67 2880
0.67 2879
0.67 2878
0.67 2877
0.67 2876
0.67 2875
0.67 2874
0.67 2873
0.68 2872
0.68 2871
0.68 2870
0.68 2869
0.68 2868
0.68 2867
0.68 2866
0.68 2865
0.68 2864
0.68 2863
0.68 2862
0.69 2861
0.69 2860
0.69 2859
0.69 2858
0.69 2857
0.69 2856
0.69 2855
0.69 2854
0.69 2853
0.69 2852
0.69 2851
0.69 2850
0.70 2849
0.70 2848
0.70 2847
0.70 2846
0.70 2845
0.70 2844
0.70 2843
0.70 2842
0.70 2841
0.70 2840
0.70 2839
0.70 2838
0.70 2837
0.71 2836
0.71 2835
0.71 2834
0.71 2833
0.71 2832
0.71 2831
0.71 2830
0.71 2829
0.71 2828
0.71 2827
0.71 2826
0.71 2825
0.71 2824
0.72 2823
0.72 2822
0.72 2821
0.72 2820
0.72 2819
0.72 2818
0.72 2817
0.72 2816
0.72 2815
0.72 2814
0.72 2813
0.72 2812
0.72 2811
0.72 2810
0.72 2809
0.72 2808
0.73 2807
0.73 2806
0.73 2805
0.73 2804
0.73 2803
0.73 2802
0.73 2801
0.73 2800
0.73 2799
0.73 2798
0.73 2797
0.74 2796
0.74 2795
0.74 2794
0.74 2793
0.74 2792
0.74 2791
0.74 2790
0.74 2789
0.74 2788
0.74 2787
0.74 2786
0.75 2785
0.75 2784
0.75 2783
0.75 2782
0.75 2781
0.75 2780
0.75 2779
0.75 2778
0.75 2777
0.75 2776
0.75 2775
0.75 2774
0.75 2773
0.76 2772
0.76 2771
0.76 2770
0.76 2769
0.76 2768
0.76 2767
0.76 2766
0.76 2765
0.76 2764
0.76 2763
0.76 2762
0.77 2761
0.77 2760
0.77 2759
0.77 2758
0.77 2757
0.77 2756
0.77 2755
0.77 2754
0.77 2753
0.77 2752
0.77 2751
0.77 2750
0.78 2749
0.78 2748
0.78 2747
0.78 2746
0.78 2745
0.78 2744
0.78 2743
0.78 2742
0.78 2741
0.78 2740
0.78 2739
0.78 2738
0.79 2737
0.79 2736
0.79 2735
0.79 2734
0.79 2733
0.79 2732
0.79 2731
0.79 2730
0.79 2729
0.79 2728
0.79 2727
0.79 2726
0.79 2725
0.79 2724
0.80 2723
0.80 2722
0.80 2721
0.80 2720
0.80 2719
0.80 2718
0.80 2717
0.80 2716
0.80 2715
0.80 2714
0.80 2713
0.80 2712
0.80 2711
0.81 2710
0.81 2709
0.81 2708
0.81 2707
0.81 2706
0.81 2705
0.81 2704
0.81 2703
0.81 2702
0.81 2701
0.81 2700
0.81 2699
0.82 2698
0.82 2697
0.82 2696
0.82 2695
0.82 2694
0.82 2693
0.82 2692
0.82 2691
0.82 2690
0.82 2689
0.82 2688
0.82 2687
0.82 2686
0.82 2685
0.83 2684
0.83 2683
0.83 2682
0.83 2681
0.83 2680
0.83 2679
0.83 2678
0.83 2677
0.83 2676
0.83 2675
0.83 2674
0.83 2673
0.83 2672
0.83 2671
0.83 2670
0.84 2669
0.84 2668
0.84 2667
0.84 2666
0.84 2665
0.84 2664
0.84 2663
0.84 2662
0.84 2661
0.84 2660
0.84 2659
0.84 2658
0.84 2657
0.84 2656
0.84 2655
0.84 2654
0.85 2653
0.85 2652
0.85 2651
0.85 2650
0.85 2649
0.85 2648
0.85 2647
0.85 2646
0.85 2645
0.85 2644
0.85 2643
0.85 2642
0.85 2641
0.85 2640
0.85 2639
0.86 2638
0.86 2637
0.86 2636
0.86 2635
0.86 2634
0.86 2633
0.86 2632
0.86 2631
0.86 2630
0.86 2629
0.86 2628
0.86 2627
0.86 2626
0.86 2625
0.86 2624
0.87 2623
0.87 2622
0.87 2621
0.87 2620
0.87 2619
0.87 2618
0.87 2617
0.87 2616
0.87 2615
0.87 2614
0.87 2613
0.87 2612
0.87 2611
0.87 2610
0.87 2609
0.87 2608
0.87 2607
0.88 2606
0.88 2605
0.88 2604
0.88 2603
0.88 2602
0.88 2601
0.88 2600
0.88 2599
0.88 2598
0.88 2597
0.88 2596
0.88 2595
0.88 2594
0.88 2593
0.88 2592
0.88 2591
0.89 2590
0.89 2589
0.89 2588
0.89 2587
0.89 2586
0.89 2585
0.89 2584
0.89 2583
0.89 2582
0.89 2581
0.89 2580
0.89 2579
0.89 2578
0.89 2577
0.89 2576
0.90 2575
0.90 2574
0.90 2573
0.90 2572
0.90 2571
0.90 2570
0.90 2569
0.90 2568
0.90 2567
0.90 2566
0.90 2565
0.90 2564
0.90 2563
0.90 2562
0.90 2561
0.90 2560
0.91 2559
0.91 2558
0.91 2557
0.91 2556
0.91 2555
0.91 2554
0.91 2553
0.91 2552
0.91 2551
0.91 2550
0.91 2549
0.91 2548
0.91 2547
0.91 2546
0.91 2545
0.91 2544
0.92 2543
0.92 2542
0.92 2541
0.92 2540
0.92 2539
0.92 2538
0.92 2537
0.92 2536
0.92 2535
0.92 2534
0.92 2533
0.92 2532
0.92 2531
0.92 2530
0.92 2529
0.92 2528
0.92 2527
0.93 2526
0.93 2525
0.93 2524
0.93 2523
0.93 2522
0.93 2521
0.93 2520
0.93 2519
0.93 2518
0.93 2517
0.93 2516
0.93 2515
0.93 2514
0.93 2513
0.93 2512
0.93 2511
0.93 2510
0.93 2509
0.94 2508
0.94 2507
0.94 2506
0.94 2505
0.94 2504
0.94 2503
0.94 2502
0.94 2501
0.94 2500
0.94 2499
0.94 2498
0.94 2497
0.94 2496
0.94 2495
0.94 2494
0.94 2493
0.95 2492
0.95 2491
0.95 2490
0.95 2489
0.95 2488
0.95 2487
0.95 2486
0.95 2485
0.95 2484
0.95 2483
0.95 2482
0.95 2481
0.96 2480
0.96 2479
0.96 2478
0.96 2477
0.96 2476
0.96 2475
0.96 2474
0.96 2473
0.96 2472
0.96 2471
0.96 2470
0.96 2469
0.96 2468
0.97 2467
0.97 2466
0.97 2465
0.97 2464
0.97 2463
0.97 2462
0.97 2461
0.97 2460
0.97 2459
0.97 2458
0.97 2457
0.97 2456
0.97 2455
0.97 2454
0.98 2453
0.98 2452
0.98 2451
0.98 2450
0.98 2449
0.98 2448
0.98 2447
0.98 2446
0.98 2445
0.98 2444
0.98 2443
0.98 2442
0.98 2441
0.98 2440
0.99 2439
0.99 2438
0.99 2437
0.99 2436
0.99 2435
0.99 2434
0.99 2433
0.99 2432
0.99 2431
0.99 2430
0.99 2429
0.99 2428
0.99 2427
0.99 2426
1.00 2425
1.00 2424
1.00 2423
1.00 2422
1.00 2421
1.00 2420
1.00 2419
1.00 2418
1.00 2417
1.00 2416
1.00 2415
1.00 2414
1.00 2413
1.00 2412
1.00 2411
1.01 2410
1.01 2409
1.01 2408
1.01 2407
1.01 2406
1.01 2405
1.01 2404
1.01 2403
1.01 2402
1.01 2401
1.01 2400
1.01 2399
1.01 2398
1.01 2397
1.01 2396
1.01 2395
1.02 2394
1.02 2393
1.02 2392
1.02 2391
1.02 2390
1.02 2389
1.02 2388
1.02 2387
1.02 2386
1.02 2385
1.02 2384
1.02 2383
1.02 2382
1.02 2381
1.02 2380
1.02 2379
1.02 2378
1.03 2377
1.03 2376
1.03 2375
1.03 2374
1.03 2373
1.03 2372
1.03 2371
1.03 2370
1.03 2369
1.03 2368
1.03 2367
1.03 2366
1.03 2365
1.03 2364
1.03 2363
1.03 2362
1.03 2361
1.03 2360
1.03 2359
1.04 2358
1.04 2357
1.04 2356
1.04 2355
1.04 2354
1.04 2353
1.04 2352
1.04 2351
1.04 2350
1.04 2349
1.04 2348
1.04 2347
1.04 2346
1.04 2345
1.04 2344
1.05 2343
1.05 2342
1.05 2341
1.05 2340
1.05 2339
1.05 2338
1.05 2337
1.05 2336
1.05 2335
1.05 2334
1.05 2333
1.05 2332
1.05 2331
1.05 2330
1.05 2329
2.55 2275
2.55 2274
2.55 2273
2.56 2272
2.56 2271
2.56 2270
2.56 2269
2.56 2268
2.56 2267
2.56 2266
2.56 2265
2.56 2264
2.56 2263
2.56 2262
2.56 2261
2.56 2260
2.56 2259
7.46 2258
7.46 2257
