0.28 1971
0.28 1970
0.28 1969
0.28 1968
0.28 1967
0.28 1966
0.28 1965
0.28 1964
0.29 1963
0.29 1962
0.29 1961
0.29 1960
0.29 1959
0.29 1958
0.29 1957
0.29 1956
0.29 1955
0.29 1954
0.29 1953
0.29 1952
0.29 1951
0.29 1950
0.29 1949
0.29 1948
0.29 1947
0.29 1946
0.29 1945
0.29 1944
0.29 1943
0.29 1942
0.29 1941
0.29 1940
0.29 1939
0.30 1938
0.30 1937
0.30 1936
0.30 1935
0.30 1934
0.30 1933
0.30 1932
0.30 1931
0.30 1930
0.30 1929
0.30 1928
0.30 1927
0.30 1926
0.30 1925
0.30 1924
0.31 1923
0.31 1922
0.31 1921
0.31 1920
0.31 1919
0.31 1918
0.31 1917
0.31 1916
0.31 1915
0.31 1914
0.31 1913
0.31 1912
0.31 1911
0.31 1910
0.31 1909
0.31 1908
0.31 1907
0.32 1906
0.32 1905
0.32 1904
0.32 1903
0.32 1902
0.32 1901
0.32 1900
0.32 1899
0.32 1898
0.32 1897
0.32 1896
0.32 1895
0.32 1894
0.32 1893
0.32 1892
0.32 1891
0.32 1890
0.32 1889
0.32 1888
0.32 1887
0.32 1886
0.32 1885
0.32 1884
0.32 1883
0.32 1882
0.32 1881
0.32 1880
0.32 1879
0.32 1878
0.33 1877
0.33 1876
0.33 1875
0.33 1874
0.33 1873
0.33 1872
0.33 1871
0.33 1870
0.33 1869
0.33 1868
0.33 1867
0.33 1866
0.33 1865
0.33 1864
0.33 1863
0.33 1862
0.33 1861
0.34 1860
0.34 1859
0.34 1858
0.34 1857
0.34 1856
0.34 1855
0.34 1854
0.34 1853
0.34 1852
0.34 1851
0.34 1850
0.34 1849
0.34 1848
0.35 1847
0.35 1846
0.35 1845
0.35 1844
0.35 1843
0.35 1842
0.35 1841
0.35 1840
0.35 1839
0.36 1838
0.36 1837
0.36 1836
0.36 1835
0.36 1834
0.36 1833
0.36 1832
0.36 1831
0.36 1830
0.37 1829
0.37 1828
0.37 1827
0.37 1826
0.37 1825
0.37 1824
0.37 1823
0.37 1822
0.37 1821
0.37 1820
0.38 1819
0.38 1818
0.38 1817
0.39 1816
0.39 1815
0.40 1814
0.40 1813
0.40 1812
2.50 1811
2.51 1810
2.51 1809
2.52 1808
2.52 1807
2.52 1806
2.52 1805
2.52 1804
2.52 1803
2.53 1802
2.53 1801
2.53 1800
16.86 1799
16.88 1798
