1.03 1499
1.03 1498
1.03 1497
1.03 1496
1.03 1495
1.03 1494
1.03 1493
1.03 1492
1.03 1491
1.04 1490
1.04 1489
1.04 1488
1.05 1487
1.05 1486
1.05 1485
1.05 1484
1.05 1483
1.05 1482
1.05 1481
1.05 1480
1.06 1479
1.06 1478
1.06 1477
1.06 1476
1.06 1475
1.06 1474
1.06 1473
1.06 1472
1.06 1471
1.07 1470
1.07 1469
1.07 1468
1.07 1467
1.07 1466
1.07 1465
1.07 1464
1.07 1463
1.07 1462
1.08 1461
1.08 1460
1.08 1459
1.08 1458
1.08 1457
1.08 1456
1.08 1455
1.08 1454
1.08 1453
1.08 1452
1.08 1451
1.09 1450
1.09 1449
1.10 1448
1.10 1447
1.10 1446
1.12 1445
1.12 1444
4.09 1440
4.09 1439
12.99 1438
