0.00 3735
0.00 3734
0.00 3733
0.02 3732
0.02 3731
0.02 3730
0.02 3729
0.02 3728
0.02 3727
0.02 3726
0.02 3725
0.02 3724
0.03 3723
0.03 3722
0.03 3721
0.03 3720
0.03 3719
0.03 3718
0.03 3717
0.03 3716
0.03 3715
0.03 3714
0.03 3713
0.03 3712
0.03 3711
0.03 3710
0.04 3709
0.04 3708
0.04 3707
0.04 3706
0.04 3705
0.04 3704
0.04 3703
0.04 3702
0.04 3701
0.04 3700
0.04 3699
0.04 3698
0.04 3697
0.04 3696
0.05 3695
0.05 3694
0.05 3693
0.05 3692
0.05 3691
0.05 3690
0.05 3689
0.05 3688
0.05 3687
0.05 3686
0.05 3685
0.05 3684
0.05 3683
0.05 3682
0.05 3681
0.05 3680
0.05 3679
0.05 3678
0.05 3677
0.05 3676
0.05 3675
0.05 3674
0.05 3673
0.05 3672
0.05 3671
0.05 3670
0.05 3669
0.05 3668
0.05 3667
0.05 3666
0.07 3665
0.07 3664
0.07 3663
0.07 3662
0.07 3661
0.07 3660
0.07 3659
0.07 3658
0.07 3657
0.07 3656
0.07 3655
0.07 3654
0.07 3653
0.07 3652
0.07 3651
0.07 3650
0.07 3649
0.07 3648
0.07 3647
0.07 3646
0.07 3645
0.08 3644
0.08 3643
0.08 3642
0.08 3641
0.08 3640
0.08 3639
0.08 3638
0.08 3637
0.08 3636
0.08 3635
0.08 3634
0.08 3633
0.08 3632
0.08 3631
0.08 3630
0.08 3629
0.08 3628
0.08 3627
0.08 3626
0.08 3625
0.08 3624
0.10 3623
0.10 3622
0.10 3621
0.10 3620
0.10 3619
0.10 3618
0.10 3617
0.10 3616
0.10 3615
0.10 3614
0.10 3613
0.10 3612
0.10 3611
0.10 3610
0.10 3609
0.10 3608
0.10 3607
0.10 3606
0.10 3605
0.10 3604
0.10 3603
0.10 3602
0.10 3601
0.12 3600
0.12 3599
0.12 3598
0.12 3597
0.12 3596
0.12 3595
0.12 3594
0.12 3593
0.12 3592
0.12 3591
0.12 3590
0.12 3589
0.12 3588
0.13 3587
0.13 3586
0.13 3585
0.13 3584
0.13 3583
0.13 3582
0.13 3581
0.13 3580
0.13 3579
0.13 3578
0.13 3577
0.13 3576
0.13 3575
0.13 3574
0.13 3573
0.13 3572
0.13 3571
0.13 3570
0.13 3569
0.13 3568
0.13 3567
0.13 3566
0.15 3565
0.15 3564
0.15 3563
0.15 3562
0.15 3561
0.15 3560
0.15 3559
0.15 3558
0.15 3557
0.15 3556
0.15 3555
0.15 3554
0.15 3553
0.15 3552
0.15 3551
0.15 3550
0.15 3549
0.15 3548
0.15 3547
0.16 3546
0.16 3545
0.16 3544
0.16 3543
0.16 3542
0.16 3541
0.16 3540
0.16 3539
0.16 3538
0.16 3537
0.16 3536
0.16 3535
0.16 3534
0.16 3533
0.16 3532
0.16 3531
0.16 3530
0.16 3529
0.16 3528
0.16 3527
0.18 3526
0.18 3525
0.18 3524
0.18 3523
0.18 3522
0.18 3521
0.18 3520
0.18 3519
0.18 3518
0.18 3517
0.18 3516
0.18 3515
0.18 3514
0.18 3513
0.18 3512
0.18 3511
0.18 3510
0.18 3509
0.18 3508
0.18 3507
0.18 3506
0.18 3505
0.18 3504
0.19 3503
0.19 3502
0.19 3501
0.19 3500
0.19 3499
0.19 3498
0.20 3497
0.20 3496
0.20 3495
0.20 3494
0.20 3493
0.20 3492
0.20 3491
0.20 3490
0.20 3489
0.20 3488
0.20 3487
0.20 3486
0.20 3485
0.20 3484
0.21 3483
0.21 3482
0.21 3481
0.21 3480
0.21 3479
0.21 3478
0.21 3477
0.21 3476
0.21 3475
0.21 3474
0.21 3473
0.21 3472
0.21 3471
0.21 3470
0.21 3469
0.21 3468
0.21 3467
0.21 3466
0.21 3465
0.21 3464
0.21 3463
0.23 3462
0.23 3461
0.23 3460
0.23 3459
0.23 3458
0.23 3457
0.23 3456
0.23 3455
0.23 3454
0.23 3453
0.23 3452
0.23 3451
0.23 3450
0.23 3449
0.23 3448
0.23 3447
0.23 3446
0.23 3445
0.23 3444
0.23 3443
0.24 3442
0.24 3441
0.24 3440
0.24 3439
0.24 3438
0.24 3437
0.24 3436
0.24 3435
0.24 3434
0.24 3433
0.24 3432
0.24 3431
0.24 3430
0.24 3429
0.24 3428
0.24 3427
0.24 3426
0.24 3425
0.24 3424
0.24 3423
0.24 3422
0.26 3421
0.26 3420
0.26 3419
0.26 3418
0.26 3417
0.26 3416
0.26 3415
0.26 3414
0.26 3413
0.26 3412
0.26 3411
0.26 3410
0.26 3409
0.26 3408
0.26 3407
0.26 3406
0.26 3405
0.26 3404
0.26 3403
0.26 3402
0.27 3401
0.27 3400
0.27 3399
0.27 3398
0.27 3397
0.27 3396
0.27 3395
0.27 3394
0.27 3393
0.27 3392
0.27 3391
0.27 3390
0.27 3389
0.27 3388
0.27 3387
0.27 3386
0.27 3385
0.27 3384
0.27 3383
0.27 3382
0.27 3381
0.27 3380
0.29 3379
0.29 3378
0.29 3377
0.29 3376
0.29 3375
0.29 3374
0.29 3373
0.29 3372
0.29 3371
0.29 3370
0.29 3369
0.30 3368
0.30 3367
0.30 3366
0.30 3365
0.30 3364
0.30 3363
0.30 3362
0.30 3361
0.31 3360
0.31 3359
0.31 3358
0.31 3357
0.31 3356
0.31 3355
0.31 3354
0.31 3353
0.31 3352
0.31 3351
0.31 3350
0.31 3349
0.31 3348
0.31 3347
0.31 3346
0.31 3345
0.31 3344
0.31 3343
0.31 3342
0.31 3341
0.31 3340
0.31 3339
0.32 3338
0.32 3337
0.32 3336
0.32 3335
0.32 3334
0.32 3333
0.32 3332
0.32 3331
0.32 3330
0.32 3329
0.32 3328
0.32 3327
0.32 3326
0.32 3325
0.32 3324
0.32 3323
0.32 3322
0.32 3321
0.32 3320
0.32 3319
0.34 3318
0.34 3317
0.34 3316
0.34 3315
0.34 3314
0.34 3313
0.34 3312
0.34 3311
0.34 3310
0.34 3309
0.34 3308
0.34 3307
0.34 3306
0.34 3305
0.34 3304
0.34 3303
0.34 3302
0.34 3301
0.34 3300
0.34 3299
0.34 3298
0.34 3297
0.35 3296
0.35 3295
0.35 3294
0.35 3293
0.35 3292
0.35 3291
0.35 3290
0.35 3289
0.35 3288
0.35 3287
0.35 3286
0.35 3285
0.35 3284
0.35 3283
0.35 3282
0.35 3281
0.35 3280
0.35 3279
0.35 3278
0.35 3277
0.35 3276
0.35 3275
0.37 3274
0.37 3273
0.37 3272
0.37 3271
0.37 3270
0.37 3269
0.37 3268
0.37 3267
0.37 3266
0.37 3265
0.37 3264
0.37 3263
0.37 3262
0.37 3261
0.37 3260
0.37 3259
0.37 3258
0.37 3257
0.37 3256
0.37 3255
0.37 3254
0.37 3253
0.39 3252
0.39 3251
0.39 3250
0.39 3249
0.39 3248
0.39 3247
0.39 3246
0.39 3245
0.39 3244
0.39 3243
0.39 3242
0.39 3241
0.39 3240
0.39 3239
0.39 3238
0.39 3237
0.39 3236
0.39 3235
0.39 3234
0.40 3233
0.40 3232
0.40 3231
0.40 3230
0.40 3229
0.40 3228
0.40 3227
0.40 3226
0.40 3225
0.40 3224
0.40 3223
0.40 3222
0.40 3221
0.40 3220
0.40 3219
0.40 3218
0.40 3217
0.40 3216
0.40 3215
0.40 3214
0.40 3213
0.40 3212
0.40 3211
0.40 3210
0.42 3209
0.42 3208
0.42 3207
0.42 3206
0.42 3205
0.42 3204
0.42 3203
0.42 3202
0.42 3201
0.42 3200
0.42 3199
0.42 3198
0.42 3197
0.43 3196
0.43 3195
0.43 3194
0.43 3193
0.43 3192
0.43 3191
0.43 3190
0.43 3189
0.43 3188
0.43 3187
0.43 3186
0.43 3185
0.43 3184
0.43 3183
0.43 3182
0.43 3181
0.43 3180
0.43 3179
0.43 3178
0.43 3177
0.43 3176
0.43 3175
0.45 3174
0.45 3173
0.45 3172
0.45 3171
0.45 3170
0.45 3169
0.45 3168
0.45 3167
0.45 3166
0.45 3165
0.45 3164
0.45 3163
0.45 3162
0.45 3161
0.45 3160
0.45 3159
0.45 3158
0.45 3157
0.45 3156
0.45 3155
0.45 3154
0.46 3153
0.46 3152
0.46 3151
0.46 3150
0.46 3149
0.46 3148
0.46 3147
0.46 3146
0.46 3145
0.46 3144
0.46 3143
0.46 3142
0.46 3141
0.46 3140
0.47 3139
0.47 3138
0.47 3137
0.48 3136
0.48 3135
0.48 3134
0.48 3133
0.48 3132
0.48 3131
0.48 3130
0.48 3129
0.48 3128
0.48 3127
0.48 3126
0.48 3125
0.48 3124
0.48 3123
0.48 3122
0.49 3121
0.49 3120
0.49 3119
0.49 3118
0.49 3117
0.49 3116
0.49 3115
0.49 3114
0.49 3113
0.49 3112
0.49 3111
0.49 3110
0.49 3109
0.49 3108
0.49 3107
0.49 3106
0.49 3105
0.50 3104
0.50 3103
0.50 3102
0.50 3101
0.50 3100
0.50 3099
0.50 3098
0.50 3097
0.50 3096
0.50 3095
0.50 3094
0.50 3093
0.50 3092
0.51 3091
0.51 3090
0.51 3089
0.51 3088
0.51 3087
0.51 3086
0.51 3085
0.51 3084
0.51 3083
0.51 3082
0.51 3081
0.51 3080
0.51 3079
0.51 3078
0.51 3077
0.51 3076
0.51 3075
0.51 3074
0.51 3073
0.51 3072
0.51 3071
0.51 3070
0.51 3069
0.51 3068
0.51 3067
0.51 3066
0.51 3065
0.51 3064
0.51 3063
0.51 3062
0.51 3061
0.51 3060
0.53 3059
0.53 3058
0.53 3057
0.53 3056
0.53 3055
0.53 3054
0.53 3053
0.53 3052
0.53 3051
0.53 3050
0.53 3049
0.53 3048
0.53 3047
0.53 3046
0.53 3045
0.53 3044
0.53 3043
0.53 3042
0.53 3041
0.53 3040
0.53 3039
0.53 3038
0.53 3037
0.53 3036
0.53 3035
0.54 3034
0.54 3033
0.54 3032
0.54 3031
0.54 3030
0.54 3029
0.54 3028
0.54 3027
0.54 3026
0.54 3025
0.54 3024
0.54 3023
0.54 3022
0.54 3021
0.54 3020
0.54 3019
0.54 3018
0.54 3017
0.54 3016
0.54 3015
0.54 3014
0.54 3013
0.54 3012
0.54 3011
0.54 3010
0.56 3009
0.56 3008
0.56 3007
0.56 3006
0.56 3005
0.56 3004
0.56 3003
0.56 3002
0.56 3001
0.56 3000
0.56 2999
0.56 2998
0.56 2997
0.56 2996
0.56 2995
0.56 2994
0.56 2993
0.56 2992
0.56 2991
0.56 2990
0.56 2989
0.56 2988
0.56 2987
0.56 2986
0.56 2985
0.56 2984
0.58 2983
0.58 2982
0.58 2981
0.58 2980
0.58 2979
0.58 2978
0.58 2977
0.58 2976
0.58 2975
0.58 2974
0.58 2973
0.58 2972
0.58 2971
0.58 2970
0.58 2969
0.58 2968
0.58 2967
0.58 2966
0.58 2965
0.58 2964
0.58 2963
0.58 2962
0.58 2961
0.58 2960
0.59 2959
0.59 2958
0.59 2957
0.59 2956
0.59 2955
0.59 2954
0.59 2953
0.59 2952
0.59 2951
0.59 2950
0.59 2949
0.59 2948
0.59 2947
0.59 2946
0.60 2945
0.60 2944
0.60 2943
0.60 2942
0.60 2941
0.60 2940
0.60 2939
0.60 2938
0.60 2937
0.60 2936
0.60 2935
0.60 2934
0.61 2933
0.61 2932
0.61 2931
0.61 2930
0.61 2929
0.61 2928
0.61 2927
0.61 2926
0.61 2925
0.61 2924
0.61 2923
0.61 2922
0.61 2921
0.61 2920
0.61 2919
0.61 2918
0.61 2917
0.61 2916
0.61 2915
0.61 2914
0.61 2913
0.61 2912
0.61 2911
0.61 2910
0.62 2909
0.62 2908
0.62 2907
0.62 2906
0.62 2905
0.62 2904
0.62 2903
0.62 2902
0.62 2901
0.62 2900
0.62 2899
0.62 2898
0.62 2897
0.62 2896
0.62 2895
0.62 2894
0.62 2893
0.62 2892
0.62 2891
0.62 2890
0.62 2889
0.62 2888
0.62 2887
0.62 2886
0.64 2885
0.64 2884
0.64 2883
0.64 2882
0.64 2881
0.64 2880
0.64 2879
0.64 2878
0.64 2877
0.64 2876
0.64 2875
0.64 2874
0.64 2873
0.64 2872
0.64 2871
0.64 2870
0.64 2869
0.64 2868
0.64 2867
0.64 2866
0.64 2865
0.64 2864
0.64 2863
0.64 2862
0.64 2861
0.65 2860
0.65 2859
0.65 2858
0.65 2857
0.65 2856
0.65 2855
0.65 2854
0.65 2853
0.65 2852
0.65 2851
0.65 2850
0.65 2849
0.65 2848
0.65 2847
0.65 2846
0.65 2845
0.65 2844
0.65 2843
0.65 2842
0.65 2841
0.65 2840
0.67 2839
0.67 2838
0.67 2837
0.67 2836
0.67 2835
0.67 2834
0.67 2833
0.67 2832
0.67 2831
0.67 2830
0.67 2829
0.67 2828
0.67 2827
0.67 2826
0.67 2825
0.67 2824
0.67 2823
0.67 2822
0.67 2821
0.67 2820
0.67 2819
0.67 2818
0.69 2817
0.69 2816
0.69 2815
0.69 2814
0.69 2813
0.69 2812
0.69 2811
0.69 2810
0.69 2809
0.69 2808
0.69 2807
0.69 2806
0.69 2805
0.69 2804
0.69 2803
0.69 2802
0.69 2801
0.69 2800
0.70 2799
0.70 2798
0.70 2797
0.70 2796
0.70 2795
0.70 2794
0.70 2793
0.70 2792
0.70 2791
0.70 2790
0.70 2789
0.70 2788
0.70 2787
0.70 2786
0.70 2785
0.70 2784
0.70 2783
0.70 2782
0.70 2781
0.70 2780
0.70 2779
0.70 2778
0.70 2777
0.70 2776
0.70 2775
0.70 2774
0.72 2773
0.72 2772
0.72 2771
0.72 2770
0.72 2769
0.72 2768
0.72 2767
0.72 2766
0.72 2765
0.72 2764
0.72 2763
0.72 2762
0.72 2761
0.72 2760
0.72 2759
0.72 2758
0.72 2757
0.72 2756
0.72 2755
0.72 2754
0.72 2753
0.72 2752
0.72 2751
0.73 2750
0.73 2749
0.73 2748
0.73 2747
0.73 2746
0.73 2745
0.73 2744
0.73 2743
0.73 2742
0.73 2741
0.73 2740
0.73 2739
0.73 2738
0.73 2737
0.73 2736
0.73 2735
0.73 2734
0.73 2733
0.73 2732
0.73 2731
0.73 2730
0.73 2729
0.75 2728
0.75 2727
0.75 2726
0.75 2725
0.75 2724
0.75 2723
0.75 2722
0.75 2721
0.75 2720
0.75 2719
0.75 2718
0.75 2717
0.75 2716
0.75 2715
0.75 2714
0.75 2713
0.75 2712
0.75 2711
0.75 2710
0.75 2709
0.75 2708
0.75 2707
0.75 2706
0.77 2705
0.77 2704
0.77 2703
0.77 2702
0.77 2701
0.77 2700
0.77 2699
0.77 2698
0.77 2697
0.77 2696
0.77 2695
0.77 2694
0.77 2693
0.77 2692
0.77 2691
0.77 2690
0.77 2689
0.77 2688
0.77 2687
0.77 2686
0.77 2685
0.77 2684
0.77 2683
0.77 2682
0.77 2681
0.77 2680
0.78 2679
0.78 2678
0.78 2677
0.78 2676
0.78 2675
0.78 2674
0.78 2673
0.78 2672
0.78 2671
0.78 2670
0.78 2669
0.78 2668
0.78 2667
0.78 2666
0.78 2665
0.78 2664
0.78 2663
0.78 2662
0.78 2661
0.78 2660
0.78 2659
0.78 2658
0.78 2657
0.78 2656
0.78 2655
0.78 2654
0.80 2653
0.80 2652
0.80 2651
0.80 2650
0.80 2649
0.80 2648
0.80 2647
0.80 2646
0.80 2645
0.80 2644
0.80 2643
0.80 2642
0.80 2641
0.80 2640
0.80 2639
0.80 2638
0.80 2637
0.80 2636
0.80 2635
0.80 2634
0.80 2633
0.80 2632
0.80 2631
0.80 2630
0.80 2629
0.80 2628
0.80 2627
0.80 2626
0.82 2625
0.82 2624
0.82 2623
0.82 2622
0.82 2621
0.82 2620
0.82 2619
0.82 2618
0.82 2617
0.82 2616
0.82 2615
0.82 2614
0.82 2613
0.82 2612
0.82 2611
0.82 2610
0.82 2609
0.82 2608
0.82 2607
0.82 2606
0.82 2605
0.83 2604
0.83 2603
0.83 2602
0.83 2601
0.83 2600
0.83 2599
0.83 2598
0.83 2597
0.83 2596
0.83 2595
0.83 2594
0.83 2593
0.83 2592
0.83 2591
0.83 2590
0.83 2589
0.83 2588
0.83 2587
0.83 2586
0.83 2585
0.85 2584
0.85 2583
0.85 2582
0.85 2581
0.85 2580
0.85 2579
0.85 2578
0.85 2577
0.85 2576
0.85 2575
0.85 2574
0.85 2573
0.85 2572
0.85 2571
0.85 2570
0.85 2569
0.85 2568
0.85 2567
0.86 2566
0.86 2565
0.86 2564
0.86 2563
0.86 2562
0.86 2561
0.86 2560
0.86 2559
0.86 2558
0.86 2557
0.86 2556
0.86 2555
0.86 2554
0.86 2553
0.86 2552
0.86 2551
0.86 2550
0.86 2549
0.86 2548
0.86 2547
0.86 2546
0.86 2545
0.86 2544
0.88 2543
0.88 2542
0.88 2541
0.88 2540
0.88 2539
0.88 2538
0.88 2537
0.88 2536
0.88 2535
0.88 2534
0.88 2533
0.88 2532
0.88 2531
0.88 2530
0.88 2529
0.88 2528
0.88 2527
0.88 2526
0.88 2525
0.88 2524
0.88 2523
0.88 2522
0.88 2521
0.88 2520
0.89 2519
0.89 2518
0.89 2517
0.89 2516
0.89 2515
0.89 2514
0.89 2513
0.89 2512
0.89 2511
0.89 2510
0.90 2509
0.90 2508
0.90 2507
0.90 2506
0.90 2505
0.90 2504
0.90 2503
0.90 2502
0.90 2501
0.90 2500
0.90 2499
0.90 2498
0.90 2497
0.90 2496
0.91 2495
0.91 2494
0.91 2493
0.91 2492
0.91 2491
0.91 2490
0.91 2489
0.91 2488
0.91 2487
0.91 2486
0.91 2485
0.91 2484
0.91 2483
0.91 2482
0.91 2481
0.91 2480
0.91 2479
0.91 2478
0.91 2477
0.91 2476
0.91 2475
0.91 2474
0.91 2473
0.93 2472
0.93 2471
0.93 2470
0.93 2469
0.93 2468
0.93 2467
0.93 2466
0.93 2465
0.93 2464
0.93 2463
0.93 2462
0.93 2461
0.93 2460
0.93 2459
0.93 2458
0.93 2457
0.93 2456
0.93 2455
0.93 2454
0.93 2453
0.93 2452
0.93 2451
0.93 2450
0.94 2449
0.94 2448
0.94 2447
0.94 2446
0.94 2445
0.94 2444
0.94 2443
0.94 2442
0.94 2441
0.94 2440
0.94 2439
0.94 2438
0.94 2437
0.94 2436
0.94 2435
0.94 2434
0.94 2433
0.94 2432
0.94 2431
0.94 2430
0.94 2429
0.94 2428
0.96 2427
0.96 2426
0.96 2425
0.96 2424
0.96 2423
0.96 2422
0.96 2421
0.96 2420
0.96 2419
0.96 2418
0.96 2417
0.96 2416
0.96 2415
0.96 2414
0.96 2413
0.96 2412
0.96 2411
0.96 2410
0.96 2409
0.96 2408
0.96 2407
0.96 2406
0.96 2405
0.96 2404
0.97 2403
0.97 2402
0.97 2401
0.97 2400
0.97 2399
0.97 2398
0.97 2397
0.97 2396
0.97 2395
0.97 2394
0.97 2393
0.97 2392
0.97 2391
0.97 2390
0.97 2389
0.97 2388
0.97 2387
0.97 2386
0.97 2385
0.97 2384
0.97 2383
0.97 2382
0.97 2381
0.97 2380
0.99 2379
0.99 2378
0.99 2377
0.99 2376
0.99 2375
0.99 2374
0.99 2373
0.99 2372
0.99 2371
0.99 2370
0.99 2369
0.99 2368
0.99 2367
0.99 2366
0.99 2365
0.99 2364
0.99 2363
1.00 2362
1.00 2361
1.00 2360
1.00 2359
1.00 2358
1.00 2357
1.00 2356
1.00 2355
1.00 2354
1.00 2353
1.00 2352
1.00 2351
1.00 2350
1.00 2349
1.00 2348
1.00 2347
1.00 2346
1.00 2345
1.00 2344
1.00 2343
1.00 2342
1.00 2341
1.00 2340
1.00 2339
1.00 2338
1.00 2337
1.00 2336
1.00 2335
1.02 2334
1.02 2333
1.02 2332
1.02 2331
1.02 2330
1.02 2329
2.50 2283
2.50 2282
2.50 2281
2.50 2280
2.50 2279
2.50 2278
2.50 2277
2.50 2276
2.50 2275
2.50 2274
2.50 2273
2.50 2272
2.50 2271
2.50 2270
2.50 2269
2.50 2268
2.50 2267
2.50 2266
2.51 2265
4.97 2264
4.97 2263
4.97 2262
4.97 2261
4.97 2260
4.97 2259
4.97 2258
4.97 2257
4.97 2256
4.97 2255
4.99 2254
12.37 2253
12.37 2252
