0.02 813
0.02 812
0.02 811
0.02 810
0.02 809
0.02 808
0.02 807
0.02 806
0.02 805
0.02 804
0.02 803
0.02 802
0.02 801
0.02 800
0.02 799
0.02 798
0.02 797
0.02 796
0.02 795
0.02 794
0.02 793
0.02 792
0.02 791
0.02 790
0.02 789
0.02 788
0.02 787
0.02 786
0.02 785
0.02 784
0.02 783
0.02 782
0.02 781
0.02 780
0.02 779
0.02 778
0.02 777
0.02 776
0.02 775
0.02 774
0.02 773
0.02 772
0.02 771
0.02 770
0.02 769
0.02 768
0.02 767
0.02 766
0.02 765
0.02 764
0.02 763
0.02 762
0.02 761
0.02 760
0.02 759
0.02 758
0.02 757
0.02 756
0.02 755
0.02 754
0.02 753
0.02 752
0.02 751
0.02 750
0.02 749
0.02 748
0.02 747
0.02 746
0.02 745
0.02 744
0.02 743
0.02 742
0.02 741
0.02 740
0.02 739
0.03 738
0.03 737
0.03 736
0.03 735
0.03 734
0.03 733
0.03 732
0.03 731
0.03 730
0.03 729
0.03 728
0.03 727
0.03 726
0.03 725
0.03 724
0.03 723
0.03 722
0.03 721
0.03 720
0.03 719
0.03 718
0.03 717
0.03 716
0.03 715
0.03 714
0.03 713
0.03 712
0.03 711
0.03 710
0.03 709
0.03 708
0.03 707
0.03 706
0.03 705
0.03 704
0.03 703
0.03 702
0.03 701
0.03 700
0.03 699
0.03 698
0.03 697
0.03 696
0.03 695
0.03 694
0.03 693
0.03 692
0.03 691
0.03 690
0.03 689
0.03 688
0.03 687
0.03 686
0.04 685
0.04 684
0.04 683
0.04 682
0.04 681
0.04 680
0.04 679
0.04 678
0.04 677
0.04 676
0.04 675
0.04 674
0.04 673
0.04 672
0.04 671
0.04 670
0.04 669
0.04 668
0.04 667
0.04 666
0.04 665
0.04 664
0.04 663
0.04 662
0.04 661
0.04 660
0.04 659
0.04 658
0.04 657
0.04 656
0.04 655
0.04 654
0.04 653
0.04 652
0.04 651
0.04 650
0.04 649
0.04 648
0.04 647
0.04 646
0.04 645
0.04 644
0.04 643
0.04 642
0.04 641
0.04 640
0.04 639
0.04 638
0.04 637
0.04 636
0.05 635
0.05 634
0.05 633
0.05 632
0.05 631
0.05 630
0.05 629
0.05 628
0.05 627
0.05 626
0.05 625
0.05 624
0.05 623
0.05 622
0.05 621
0.05 620
0.05 619
0.05 618
0.05 617
0.05 616
1.35 602
1.35 601
16.10 600
16.10 599
