0.42 1989
0.42 1988
0.42 1987
0.42 1986
0.42 1985
0.42 1984
0.42 1983
0.42 1982
0.42 1981
0.42 1980
0.42 1979
0.42 1978
0.42 1977
0.42 1976
0.42 1975
0.44 1974
0.44 1973
0.44 1972
0.44 1971
0.44 1970
0.44 1969
0.44 1968
0.44 1967
0.44 1966
0.44 1965
0.44 1964
0.44 1963
0.44 1962
0.44 1961
0.45 1960
0.45 1959
0.45 1958
0.45 1957
0.45 1956
0.45 1955
0.45 1954
0.45 1953
0.45 1952
0.45 1951
0.46 1950
0.46 1949
0.46 1948
0.46 1947
0.46 1946
0.46 1945
0.46 1944
0.46 1943
0.46 1942
0.46 1941
0.46 1940
0.47 1939
0.47 1938
0.47 1937
0.47 1936
0.48 1935
0.48 1934
0.48 1933
0.48 1932
0.48 1931
6.00 1930
6.00 1929
8.81 1928
8.81 1927
11.47 1926
16.99 1925
