0.29 1989
0.29 1988
0.29 1987
0.29 1986
0.29 1985
0.29 1984
0.29 1983
0.29 1982
0.29 1981
0.29 1980
0.29 1979
0.29 1978
0.29 1977
0.29 1976
0.29 1975
0.29 1974
0.29 1973
0.29 1972
0.30 1971
0.30 1970
0.30 1969
0.30 1968
0.30 1967
0.30 1966
0.30 1965
0.30 1964
0.30 1963
0.30 1962
0.30 1961
0.30 1960
0.30 1959
0.30 1958
0.30 1957
0.30 1956
0.30 1955
0.30 1954
0.30 1953
0.30 1952
0.30 1951
0.30 1950
0.30 1949
0.30 1948
0.30 1947
0.30 1946
0.30 1945
0.30 1944
0.30 1943
0.30 1942
0.30 1941
0.30 1940
0.32 1939
0.32 1938
0.32 1937
0.32 1936
0.32 1935
0.32 1934
0.32 1933
0.32 1932
0.32 1931
2.45 1930
4.66 1929
9.16 1928
9.16 1927
20.23 1926
20.25 1925
20.25 1924
