0.06 5677
0.06 5676
0.06 5675
0.06 5674
0.08 5673
0.08 5672
0.09 5671
0.09 5670
0.09 5669
0.09 5668
0.10 5667
0.10 5666
0.10 5665
0.10 5664
0.10 5663
0.10 5662
0.11 5661
0.11 5660
0.11 5659
0.11 5658
0.11 5657
0.11 5656
0.13 5655
0.13 5654
0.13 5653
0.13 5652
0.13 5651
0.13 5650
0.14 5649
0.14 5648
0.14 5647
0.14 5646
0.14 5645
0.14 5644
0.16 5643
0.16 5642
0.16 5641
0.16 5640
0.16 5639
0.16 5638
0.16 5637
0.17 5636
0.17 5635
0.17 5634
0.17 5633
0.17 5632
0.17 5631
0.17 5630
0.19 5629
0.19 5628
0.19 5627
0.19 5626
0.19 5625
0.19 5624
0.19 5623
0.19 5622
0.21 5621
0.21 5620
0.21 5619
0.21 5618
0.21 5617
0.21 5616
0.21 5615
0.22 5614
0.22 5613
0.22 5612
0.22 5611
0.22 5610
0.22 5609
0.24 5608
0.24 5607
0.24 5606
0.24 5605
0.24 5604
0.24 5603
0.25 5602
0.25 5601
0.25 5600
0.25 5599
0.25 5598
0.25 5597
0.27 5596
0.27 5595
0.27 5594
0.27 5593
0.27 5592
0.28 5591
0.28 5590
0.29 5589
0.29 5588
0.29 5587
0.29 5586
0.30 5585
0.30 5584
0.30 5583
0.30 5582
0.30 5581
0.30 5580
0.30 5579
0.30 5578
0.32 5577
0.32 5576
0.32 5575
0.32 5574
0.32 5573
0.32 5572
0.32 5571
0.32 5570
0.32 5569
0.33 5568
0.33 5567
0.33 5566
0.33 5565
0.33 5564
0.33 5563
0.33 5562
0.33 5561
0.33 5560
0.35 5559
0.35 5558
0.35 5557
0.35 5556
0.35 5555
0.35 5554
0.35 5553
0.35 5552
0.35 5551
0.36 5550
0.36 5549
0.36 5548
0.36 5547
0.36 5546
0.36 5545
0.36 5544
0.36 5543
0.38 5542
0.38 5541
0.38 5540
0.38 5539
0.39 5538
0.39 5537
0.39 5536
0.39 5535
0.39 5534
0.40 5533
0.40 5532
0.40 5531
0.40 5530
0.40 5529
0.40 5528
0.40 5527
0.40 5526
0.41 5525
0.41 5524
0.41 5523
0.41 5522
0.41 5521
0.41 5520
0.41 5519
0.41 5518
0.43 5517
0.43 5516
0.43 5515
0.43 5514
0.43 5513
0.43 5512
0.43 5511
0.43 5510
0.44 5509
0.44 5508
0.44 5507
0.44 5506
0.44 5505
0.44 5504
0.44 5503
0.44 5502
0.44 5501
0.44 5500
0.46 5499
0.46 5498
0.46 5497
0.46 5496
0.46 5495
0.46 5494
0.46 5493
0.46 5492
0.46 5491
0.47 5490
0.47 5489
0.47 5488
0.47 5487
0.47 5486
0.47 5485
0.47 5484
0.47 5483
0.47 5482
0.49 5481
0.49 5480
0.49 5479
0.49 5478
0.49 5477
0.49 5476
0.49 5475
0.49 5474
0.49 5473
0.49 5472
0.51 5471
0.51 5470
0.51 5469
0.51 5468
0.51 5467
0.51 5466
0.51 5465
0.51 5464
0.51 5463
0.52 5462
0.52 5461
0.52 5460
0.52 5459
0.52 5458
0.52 5457
0.52 5456
0.52 5455
0.52 5454
0.52 5453
0.54 5452
0.54 5451
0.54 5450
0.54 5449
0.54 5448
0.54 5447
0.54 5446
0.54 5445
0.54 5444
0.55 5443
0.55 5442
0.55 5441
0.55 5440
0.55 5439
0.55 5438
0.55 5437
0.55 5436
0.55 5435
0.55 5434
0.57 5433
0.57 5432
0.57 5431
0.57 5430
0.57 5429
0.57 5428
0.57 5427
0.57 5426
0.57 5425
0.58 5424
0.58 5423
0.58 5422
0.58 5421
0.59 5420
0.59 5419
0.59 5418
0.59 5417
0.59 5416
0.59 5415
0.59 5414
0.59 5413
0.60 5412
0.60 5411
0.60 5410
0.60 5409
0.60 5408
0.60 5407
0.60 5406
0.60 5405
0.60 5404
0.60 5403
0.62 5402
0.62 5401
0.62 5400
0.62 5399
0.62 5398
0.62 5397
0.62 5396
0.62 5395
0.62 5394
0.62 5393
0.63 5392
0.63 5391
0.63 5390
0.63 5389
0.63 5388
0.63 5387
0.63 5386
0.65 5385
0.65 5384
0.65 5383
0.65 5382
0.65 5381
0.65 5380
0.65 5379
0.65 5378
0.65 5377
0.65 5376
0.66 5375
0.66 5374
0.66 5373
0.66 5372
0.66 5371
0.66 5370
0.66 5369
0.66 5368
0.66 5367
0.66 5366
0.66 5365
0.68 5364
0.68 5363
0.68 5362
0.68 5361
0.68 5360
0.68 5359
0.68 5358
0.69 5357
0.69 5356
0.69 5355
0.69 5354
0.69 5353
0.70 5352
0.70 5351
0.70 5350
0.70 5349
0.70 5348
0.71 5347
0.71 5346
0.71 5345
0.71 5344
0.71 5343
0.71 5342
0.72 5341
0.72 5340
0.72 5339
0.72 5338
0.72 5337
0.72 5336
0.72 5335
0.73 5334
0.73 5333
0.73 5332
0.73 5331
0.73 5330
0.73 5329
0.73 5328
0.73 5327
0.73 5326
0.73 5325
0.73 5324
0.74 5323
0.74 5322
0.74 5321
0.74 5320
0.74 5319
0.74 5318
0.74 5317
0.74 5316
0.74 5315
0.76 5314
0.76 5313
0.76 5312
0.76 5311
0.76 5310
0.76 5309
0.76 5308
0.76 5307
0.76 5306
0.76 5305
0.77 5304
0.77 5303
0.77 5302
0.77 5301
0.77 5300
0.77 5299
0.77 5298
0.77 5297
0.77 5296
0.77 5295
0.79 5294
0.79 5293
0.79 5292
0.79 5291
0.79 5290
0.79 5289
0.79 5288
0.79 5287
0.79 5286
0.80 5285
0.80 5284
0.80 5283
0.80 5282
0.80 5281
0.80 5280
0.80 5279
0.82 5278
0.82 5277
0.82 5276
0.82 5275
0.82 5274
0.82 5273
0.82 5272
0.82 5271
0.82 5270
0.84 5269
0.84 5268
0.84 5267
0.84 5266
0.84 5265
0.84 5264
0.84 5263
0.84 5262
0.84 5261
0.84 5260
0.84 5259
0.84 5258
0.85 5257
0.85 5256
0.85 5255
0.85 5254
0.85 5253
0.85 5252
0.85 5251
0.85 5250
0.85 5249
0.85 5248
0.87 5247
0.87 5246
0.87 5245
0.87 5244
0.87 5243
0.87 5242
0.87 5241
0.87 5240
0.87 5239
0.87 5238
0.87 5237
0.88 5236
0.88 5235
0.88 5234
0.88 5233
0.89 5232
0.89 5231
0.89 5230
0.89 5229
0.89 5228
0.89 5227
0.90 5226
0.90 5225
0.90 5224
0.90 5223
0.90 5222
0.90 5221
0.90 5220
0.90 5219
0.90 5218
0.90 5217
0.92 5216
0.92 5215
0.92 5214
0.92 5213
0.92 5212
0.92 5211
0.92 5210
0.92 5209
0.92 5208
0.92 5207
0.93 5206
0.93 5205
0.93 5204
0.93 5203
0.93 5202
0.93 5201
0.93 5200
0.93 5199
0.93 5198
0.93 5197
0.95 5196
0.95 5195
0.95 5194
0.95 5193
0.95 5192
0.95 5191
0.95 5190
0.95 5189
0.95 5188
0.95 5187
0.95 5186
0.96 5185
0.96 5184
0.96 5183
0.96 5182
0.96 5181
0.96 5180
0.96 5179
0.96 5178
0.96 5177
0.98 5176
0.98 5175
0.98 5174
0.98 5173
0.98 5172
0.98 5171
0.98 5170
0.99 5169
0.99 5168
0.99 5167
0.99 5166
0.99 5165
0.99 5164
0.99 5163
0.99 5162
0.99 5161
0.99 5160
0.99 5159
0.99 5158
1.01 5157
1.01 5156
1.01 5155
1.01 5154
1.01 5153
1.01 5152
1.01 5151
1.01 5150
1.01 5149
1.03 5148
1.03 5147
1.03 5146
1.03 5145
1.03 5144
1.03 5143
1.03 5142
1.03 5141
1.03 5140
1.04 5139
1.04 5138
1.04 5137
1.05 5136
1.05 5135
1.05 5134
1.05 5133
1.06 5132
1.06 5131
1.06 5130
1.06 5129
1.06 5128
1.06 5127
1.06 5126
1.07 5125
1.07 5124
1.07 5123
1.07 5122
1.07 5121
1.08 5120
1.08 5119
1.08 5118
1.08 5117
1.08 5116
1.08 5115
1.08 5114
1.08 5113
1.08 5112
1.09 5111
1.09 5110
1.09 5109
1.09 5108
1.10 5107
1.10 5106
1.10 5105
1.10 5104
1.10 5103
1.10 5102
1.10 5101
1.10 5100
1.10 5099
1.10 5098
1.11 5097
1.11 5096
1.11 5095
1.11 5094
1.11 5093
1.11 5092
1.11 5091
1.11 5090
1.11 5089
1.13 5088
1.13 5087
1.13 5086
1.13 5085
1.13 5084
1.13 5083
1.13 5082
1.13 5081
1.13 5080
1.13 5079
1.14 5078
1.14 5077
1.14 5076
1.14 5075
1.14 5074
1.14 5073
1.14 5072
1.14 5071
1.14 5070
1.14 5069
1.16 5068
1.16 5067
1.16 5066
1.16 5065
1.16 5064
1.16 5063
1.16 5062
1.16 5061
1.16 5060
1.16 5059
1.18 5058
1.18 5057
1.18 5056
1.18 5055
1.18 5054
1.18 5053
1.18 5052
1.18 5051
1.18 5050
1.19 5049
1.19 5048
1.19 5047
1.19 5046
1.19 5045
1.19 5044
1.19 5043
1.19 5042
1.19 5041
1.19 5040
1.21 5039
1.21 5038
1.21 5037
1.21 5036
1.21 5035
1.21 5034
1.21 5033
1.21 5032
1.21 5031
1.21 5030
1.22 5029
1.22 5028
1.22 5027
1.22 5026
1.22 5025
1.22 5024
1.22 5023
1.22 5022
1.22 5021
1.22 5020
1.22 5019
1.24 5018
1.24 5017
1.24 5016
1.24 5015
1.24 5014
1.24 5013
1.24 5012
1.25 5011
1.25 5010
1.25 5009
1.25 5008
1.25 5007
1.25 5006
1.25 5005
1.25 5004
1.27 5003
1.27 5002
1.27 5001
1.27 5000
1.27 4999
1.27 4998
1.27 4997
1.27 4996
1.27 4995
1.29 4994
1.29 4993
1.29 4992
1.29 4991
1.29 4990
1.29 4989
1.29 4988
1.30 4987
1.30 4986
1.30 4985
1.30 4984
1.30 4983
1.30 4982
1.30 4981
1.32 4980
1.32 4979
1.32 4978
1.32 4977
1.32 4976
1.32 4975
1.33 4974
1.33 4973
1.33 4972
1.33 4971
1.33 4970
1.33 4969
1.33 4968
1.33 4967
1.33 4966
1.33 4965
1.33 4964
1.35 4963
1.35 4962
1.35 4961
1.35 4960
1.35 4959
1.35 4958
1.35 4957
1.35 4956
1.35 4955
1.35 4954
1.36 4953
1.36 4952
1.36 4951
1.36 4950
1.36 4949
1.36 4948
1.36 4947
1.36 4946
1.36 4945
1.36 4944
1.38 4943
1.38 4942
1.38 4941
1.38 4940
1.38 4939
1.38 4938
1.39 4937
1.39 4936
1.39 4935
1.39 4934
1.40 4933
1.40 4932
1.40 4931
1.40 4930
1.40 4929
1.40 4928
1.40 4927
1.40 4926
1.40 4925
1.40 4924
1.41 4923
1.41 4922
1.41 4921
1.41 4920
1.41 4919
1.41 4918
1.41 4917
1.41 4916
1.41 4915
1.43 4914
1.43 4913
1.43 4912
1.43 4911
1.43 4910
1.43 4909
1.43 4908
1.43 4907
1.43 4906
1.43 4905
1.43 4904
1.43 4903
1.44 4902
1.44 4901
1.44 4900
1.44 4899
1.44 4898
1.44 4897
1.44 4896
1.44 4895
1.44 4894
1.44 4893
1.44 4892
1.44 4891
1.46 4890
1.46 4889
1.46 4888
1.46 4887
1.46 4886
1.46 4885
1.46 4884
1.46 4883
1.46 4882
1.46 4881
1.46 4880
1.46 4879
1.46 4878
1.47 4877
1.47 4876
1.47 4875
1.47 4874
1.47 4873
1.47 4872
1.47 4871
1.47 4870
1.49 4869
1.49 4868
1.49 4867
1.49 4866
1.49 4865
1.49 4864
1.49 4863
1.49 4862
1.49 4861
1.51 4860
1.51 4859
1.51 4858
1.51 4857
1.51 4856
1.51 4855
1.51 4854
1.51 4853
1.52 4852
1.52 4851
1.52 4850
1.52 4849
1.52 4848
1.52 4847
1.52 4846
1.52 4845
1.54 4844
1.54 4843
1.54 4842
1.54 4841
1.54 4840
1.54 4839
1.54 4838
1.54 4837
1.54 4836
1.54 4835
1.54 4834
1.55 4833
1.55 4832
1.55 4831
1.55 4830
1.55 4829
1.56 4828
1.56 4827
1.56 4826
1.56 4825
1.56 4824
1.56 4823
1.57 4822
1.57 4821
1.57 4820
1.57 4819
1.57 4818
1.57 4817
1.57 4816
1.57 4815
1.57 4814
1.58 4813
1.58 4812
1.58 4811
1.58 4810
1.58 4809
1.58 4808
1.58 4807
1.58 4806
1.59 4805
1.59 4804
1.59 4803
1.59 4802
1.59 4801
1.59 4800
1.59 4799
1.59 4798
1.59 4797
1.59 4796
1.60 4795
1.60 4794
1.60 4793
1.60 4792
1.60 4791
1.60 4790
1.60 4789
1.60 4788
1.60 4787
1.60 4786
1.61 4785
1.61 4784
1.61 4783
1.61 4782
1.61 4781
1.61 4780
1.61 4779
1.61 4778
1.61 4777
1.61 4776
1.61 4775
1.61 4774
1.61 4773
1.61 4772
1.61 4771
1.61 4770
1.61 4769
1.61 4768
1.61 4767
1.61 4766
1.61 4765
1.61 4764
1.61 4763
1.61 4762
1.63 4761
1.63 4760
1.63 4759
1.63 4758
1.63 4757
1.63 4756
1.63 4755
1.63 4754
1.63 4753
1.63 4752
1.63 4751
1.63 4750
1.63 4749
1.63 4748
1.63 4747
1.63 4746
1.65 4745
1.65 4744
1.65 4743
1.65 4742
1.65 4741
1.65 4740
1.65 4739
1.65 4738
1.66 4737
1.66 4736
1.66 4735
1.66 4734
1.66 4733
1.66 4732
1.66 4731
1.66 4730
1.68 4729
1.68 4728
1.68 4727
1.68 4726
1.68 4725
1.69 4724
1.69 4723
1.69 4722
1.69 4721
1.69 4720
1.69 4719
1.69 4718
1.69 4717
1.69 4716
1.69 4715
1.69 4714
1.69 4713
1.69 4712
1.69 4711
1.69 4710
1.69 4709
1.69 4708
1.69 4707
1.69 4706
1.71 4705
1.71 4704
1.71 4703
1.71 4702
1.71 4701
1.71 4700
1.71 4699
1.71 4698
1.71 4697
1.71 4696
1.71 4695
1.71 4694
1.73 4693
1.73 4692
1.73 4691
1.73 4690
1.73 4689
1.73 4688
1.73 4687
1.73 4686
1.73 4685
1.73 4684
1.73 4683
1.73 4682
1.73 4681
1.73 4680
1.73 4679
1.73 4678
1.74 4677
1.74 4676
1.74 4675
1.74 4674
1.74 4673
1.74 4672
1.74 4671
1.76 4670
1.76 4669
1.76 4668
1.76 4667
1.76 4666
1.76 4665
1.76 4664
1.76 4663
1.76 4662
1.76 4661
1.76 4660
1.76 4659
1.76 4658
1.76 4657
1.76 4656
1.77 4655
1.77 4654
1.77 4653
1.77 4652
1.77 4651
1.77 4650
1.77 4649
1.77 4648
1.77 4647
1.77 4646
1.77 4645
1.77 4644
1.77 4643
1.77 4642
1.79 4641
1.79 4640
1.79 4639
1.79 4638
1.79 4637
1.79 4636
1.79 4635
1.79 4634
1.79 4633
1.79 4632
1.79 4631
1.79 4630
1.79 4629
1.79 4628
1.79 4627
1.79 4626
1.80 4625
1.80 4624
1.80 4623
1.80 4622
1.80 4621
1.80 4620
1.80 4619
1.80 4618
1.80 4617
1.80 4616
1.80 4615
1.82 4614
1.82 4613
1.82 4612
1.82 4611
1.82 4610
1.82 4609
1.82 4608
1.82 4607
1.82 4606
1.82 4605
1.82 4604
1.82 4603
1.82 4602
1.84 4601
1.84 4600
1.84 4599
1.84 4598
1.84 4597
1.84 4596
1.84 4595
1.84 4594
1.84 4593
1.84 4592
1.84 4591
1.84 4590
1.84 4589
1.85 4588
1.85 4587
1.85 4586
1.85 4585
1.85 4584
1.85 4583
1.85 4582
1.85 4581
1.85 4580
1.85 4579
1.85 4578
1.85 4577
1.85 4576
1.85 4575
1.85 4574
1.85 4573
1.87 4572
1.87 4571
1.87 4570
1.87 4569
1.87 4568
1.87 4567
1.87 4566
1.87 4565
1.87 4564
1.87 4563
1.87 4562
1.87 4561
1.87 4560
1.87 4559
1.87 4558
1.87 4557
1.88 4556
1.88 4555
1.88 4554
1.88 4553
1.88 4552
1.88 4551
1.88 4550
1.88 4549
1.89 4548
1.89 4547
1.89 4546
1.89 4545
1.89 4544
1.89 4543
1.89 4542
1.89 4541
1.90 4540
1.90 4539
1.90 4538
1.90 4537
1.90 4536
1.90 4535
1.90 4534
1.90 4533
1.90 4532
1.90 4531
1.90 4530
1.90 4529
1.90 4528
1.90 4527
1.90 4526
1.90 4525
1.91 4524
1.91 4523
1.91 4522
1.91 4521
1.91 4520
1.91 4519
1.91 4518
1.91 4517
1.91 4516
1.91 4515
1.91 4514
1.91 4513
1.91 4512
1.91 4511
1.91 4510
1.93 4509
1.93 4508
1.93 4507
1.93 4506
1.93 4505
1.93 4504
1.93 4503
1.93 4502
1.93 4501
1.93 4500
1.93 4499
1.93 4498
1.93 4497
1.93 4496
1.95 4495
1.95 4494
1.95 4493
1.95 4492
1.95 4491
1.95 4490
1.95 4489
1.95 4488
1.95 4487
1.95 4486
1.95 4485
1.95 4484
1.95 4483
1.95 4482
1.96 4481
1.96 4480
1.96 4479
1.96 4478
1.96 4477
1.96 4476
1.96 4475
1.96 4474
1.96 4473
1.96 4472
1.96 4471
1.96 4470
1.96 4469
1.98 4468
1.98 4467
1.98 4466
1.98 4465
1.98 4464
1.98 4463
1.98 4462
1.98 4461
1.98 4460
1.98 4459
1.98 4458
1.99 4457
1.99 4456
1.99 4455
1.99 4454
1.99 4453
1.99 4452
1.99 4451
1.99 4450
1.99 4449
1.99 4448
1.99 4447
2.01 4446
2.01 4445
2.01 4444
2.01 4443
2.01 4442
2.01 4441
2.01 4440
2.01 4439
2.01 4438
2.02 4437
2.02 4436
2.02 4435
2.02 4434
2.02 4433
2.02 4432
2.02 4431
2.02 4430
2.02 4429
2.04 4428
2.04 4427
2.04 4426
2.04 4425
2.05 4424
2.05 4423
2.05 4422
2.05 4421
2.06 4420
2.06 4419
2.06 4418
2.06 4417
2.06 4416
2.07 4415
2.07 4414
2.07 4413
2.07 4412
2.07 4411
2.07 4410
2.08 4409
2.08 4408
2.08 4407
2.08 4406
2.08 4405
2.08 4404
2.08 4403
2.08 4402
2.09 4401
2.09 4400
2.09 4399
2.09 4398
2.10 4397
2.10 4396
2.10 4395
2.10 4394
2.10 4393
2.10 4392
2.10 4391
2.10 4390
2.11 4389
2.11 4388
2.11 4387
2.11 4386
2.11 4385
2.11 4384
2.11 4383
2.11 4382
2.11 4381
2.11 4380
2.11 4379
2.11 4378
2.13 4377
2.13 4376
2.13 4375
2.13 4374
2.13 4373
2.13 4372
2.13 4371
2.13 4370
2.14 4369
2.14 4368
2.14 4367
2.14 4366
2.14 4365
2.14 4364
2.14 4363
2.14 4362
2.14 4361
2.14 4360
2.14 4359
2.14 4358
2.14 4357
2.14 4356
2.14 4355
2.16 4354
2.16 4353
2.16 4352
2.16 4351
2.16 4350
2.16 4349
2.16 4348
2.16 4347
2.16 4346
2.17 4345
2.17 4344
2.17 4343
2.17 4342
2.17 4341
2.17 4340
2.17 4339
2.17 4338
2.17 4337
2.19 4336
2.19 4335
2.19 4334
2.19 4333
2.19 4332
2.19 4331
2.19 4330
2.19 4329
2.19 4328
2.19 4327
2.19 4326
2.19 4325
2.21 4324
2.21 4323
2.21 4322
2.21 4321
2.21 4320
2.21 4319
2.21 4318
2.21 4317
2.21 4316
2.21 4315
2.21 4314
2.21 4313
2.21 4312
2.21 4311
2.21 4310
2.21 4309
2.22 4308
2.22 4307
2.22 4306
2.22 4305
2.22 4304
2.22 4303
2.22 4302
2.22 4301
2.22 4300
2.22 4299
2.24 4298
2.24 4297
2.24 4296
2.24 4295
2.24 4294
2.24 4293
2.24 4292
2.24 4291
2.24 4290
2.25 4289
2.25 4288
2.25 4287
2.25 4286
2.25 4285
2.25 4284
2.25 4283
2.25 4282
2.25 4281
2.27 4280
2.27 4279
2.27 4278
2.27 4277
2.27 4276
2.27 4275
2.27 4274
2.27 4273
2.27 4272
2.27 4271
2.27 4270
2.27 4269
2.27 4268
2.27 4267
2.27 4266
2.29 4265
2.29 4264
2.29 4263
2.29 4262
2.29 4261
2.29 4260
2.29 4259
2.29 4258
2.29 4257
2.29 4256
2.29 4255
2.29 4254
2.29 4253
2.29 4252
2.29 4251
2.29 4250
2.30 4249
2.30 4248
2.30 4247
2.30 4246
2.30 4245
2.30 4244
2.30 4243
2.30 4242
2.30 4241
2.30 4240
2.30 4239
2.30 4238
2.30 4237
2.30 4236
2.30 4235
2.32 4234
2.32 4233
2.32 4232
2.32 4231
2.32 4230
2.32 4229
2.32 4228
2.32 4227
2.32 4226
2.32 4225
2.32 4224
2.32 4223
2.32 4222
2.32 4221
2.32 4220
2.32 4219
2.33 4218
2.33 4217
2.33 4216
2.33 4215
2.33 4214
2.33 4213
2.33 4212
2.33 4211
2.33 4210
2.33 4209
2.33 4208
2.33 4207
2.33 4206
2.33 4205
2.33 4204
2.35 4203
2.35 4202
2.35 4201
2.35 4200
2.35 4199
2.35 4198
2.35 4197
2.35 4196
2.36 4195
2.36 4194
2.36 4193
2.36 4192
2.36 4191
2.36 4190
2.36 4189
2.36 4188
2.36 4187
2.38 4186
2.38 4185
2.38 4184
2.38 4183
2.38 4182
2.38 4181
2.39 4180
2.39 4179
2.39 4178
2.40 4177
2.40 4176
2.40 4175
2.40 4174
2.40 4173
2.40 4172
2.40 4171
2.40 4170
2.40 4169
2.41 4168
2.41 4167
2.41 4166
2.41 4165
2.41 4164
2.41 4163
2.41 4162
2.41 4161
2.43 4160
2.43 4159
2.43 4158
2.43 4157
2.43 4156
2.43 4155
2.43 4154
2.43 4153
2.43 4152
2.44 4151
2.44 4150
2.44 4149
2.44 4148
2.44 4147
2.44 4146
2.44 4145
2.44 4144
2.44 4143
2.44 4142
2.44 4141
2.46 4140
2.46 4139
2.46 4138
2.46 4137
2.46 4136
2.46 4135
2.46 4134
2.46 4133
2.46 4132
2.46 4131
2.46 4130
2.46 4129
2.46 4128
2.46 4127
2.46 4126
2.46 4125
2.46 4124
2.47 4123
2.47 4122
2.47 4121
2.47 4120
2.47 4119
2.47 4118
2.47 4117
2.47 4116
2.47 4115
2.47 4114
2.47 4113
2.47 4112
2.47 4111
2.47 4110
2.47 4109
2.47 4108
2.47 4107
2.49 4106
2.49 4105
2.49 4104
2.49 4103
2.49 4102
2.49 4101
2.49 4100
2.49 4099
2.49 4098
2.49 4097
2.49 4096
2.49 4095
2.49 4094
2.49 4093
2.49 4092
2.49 4091
2.49 4090
2.51 4089
2.51 4088
2.51 4087
2.51 4086
2.51 4085
2.51 4084
2.51 4083
2.51 4082
2.51 4081
2.51 4080
2.51 4079
2.51 4078
2.51 4077
2.51 4076
2.51 4075
2.51 4074
2.51 4073
2.52 4072
2.52 4071
2.52 4070
2.52 4069
2.52 4068
2.52 4067
2.52 4066
2.52 4065
2.52 4064
2.52 4063
2.52 4062
2.52 4061
2.52 4060
2.52 4059
2.52 4058
2.52 4057
2.54 4056
2.54 4055
2.54 4054
2.54 4053
2.54 4052
2.54 4051
2.54 4050
2.54 4049
2.54 4048
2.54 4047
2.54 4046
2.54 4045
2.54 4044
2.54 4043
2.54 4042
5.58 3941
5.58 3940
5.58 3939
5.60 3938
13.77 3937
