0.06 5677
0.06 5676
0.06 5675
0.06 5674
0.06 5673
0.06 5672
0.06 5671
0.06 5670
0.08 5669
0.08 5668
0.09 5667
0.09 5666
0.09 5665
0.09 5664
0.10 5663
0.10 5662
0.10 5661
0.10 5660
0.11 5659
0.11 5658
0.11 5657
0.11 5656
0.12 5655
0.12 5654
0.12 5653
0.12 5652
0.13 5651
0.13 5650
0.13 5649
0.13 5648
0.13 5647
0.14 5646
0.14 5645
0.14 5644
0.14 5643
0.14 5642
0.14 5641
0.16 5640
0.16 5639
0.16 5638
0.16 5637
0.16 5636
0.16 5635
0.17 5634
0.17 5633
0.17 5632
0.17 5631
0.19 5630
0.19 5629
0.19 5628
0.19 5627
0.19 5626
0.19 5625
0.19 5624
0.19 5623
0.21 5622
0.21 5621
0.21 5620
0.21 5619
0.21 5618
0.22 5617
0.22 5616
0.22 5615
0.22 5614
0.22 5613
0.22 5612
0.24 5611
0.24 5610
0.24 5609
0.24 5608
0.24 5607
0.24 5606
0.26 5605
0.26 5604
0.26 5603
0.26 5602
0.27 5601
0.27 5600
0.27 5599
0.27 5598
0.27 5597
0.27 5596
0.27 5595
0.27 5594
0.27 5593
0.27 5592
0.27 5591
0.28 5590
0.29 5589
0.29 5588
0.29 5587
0.29 5586
0.29 5585
0.29 5584
0.29 5583
0.29 5582
0.29 5581
0.30 5580
0.30 5579
0.30 5578
0.30 5577
0.30 5576
0.30 5575
0.30 5574
0.32 5573
0.32 5572
0.32 5571
0.32 5570
0.32 5569
0.32 5568
0.32 5567
0.32 5566
0.33 5565
0.33 5564
0.33 5563
0.33 5562
0.33 5561
0.33 5560
0.33 5559
0.33 5558
0.33 5557
0.33 5556
0.35 5555
0.35 5554
0.35 5553
0.35 5552
0.35 5551
0.35 5550
0.35 5549
0.35 5548
0.36 5547
0.36 5546
0.36 5545
0.36 5544
0.36 5543
0.36 5542
0.36 5541
0.38 5540
0.38 5539
0.38 5538
0.39 5537
0.39 5536
0.39 5535
0.39 5534
0.39 5533
0.39 5532
0.39 5531
0.40 5530
0.40 5529
0.40 5528
0.40 5527
0.40 5526
0.40 5525
0.40 5524
0.40 5523
0.40 5522
0.40 5521
0.40 5520
0.41 5519
0.41 5518
0.41 5517
0.41 5516
0.41 5515
0.41 5514
0.41 5513
0.41 5512
0.43 5511
0.43 5510
0.43 5509
0.43 5508
0.43 5507
0.43 5506
0.44 5505
0.44 5504
0.44 5503
0.44 5502
0.44 5501
0.46 5500
0.46 5499
0.46 5498
0.46 5497
0.46 5496
0.46 5495
0.47 5494
0.47 5493
0.47 5492
0.47 5491
0.49 5490
0.49 5489
0.49 5488
0.49 5487
0.49 5486
0.49 5485
0.49 5484
0.49 5483
0.49 5482
0.51 5481
0.51 5480
0.51 5479
0.51 5478
0.51 5477
0.51 5476
0.52 5475
0.52 5474
0.52 5473
0.52 5472
0.52 5471
0.52 5470
0.52 5469
0.52 5468
0.52 5467
0.52 5466
0.52 5465
0.54 5464
0.54 5463
0.54 5462
0.54 5461
0.54 5460
0.54 5459
0.54 5458
0.54 5457
0.54 5456
0.54 5455
0.54 5454
0.55 5453
0.55 5452
0.55 5451
0.55 5450
0.55 5449
0.55 5448
0.55 5447
0.55 5446
0.55 5445
0.55 5444
0.57 5443
0.57 5442
0.57 5441
0.57 5440
0.57 5439
0.57 5438
0.57 5437
0.57 5436
0.57 5435
0.59 5434
0.59 5433
0.59 5432
0.59 5431
0.59 5430
0.59 5429
0.59 5428
0.59 5427
0.59 5426
0.59 5425
0.60 5424
0.60 5423
0.60 5422
0.60 5421
0.60 5420
0.60 5419
0.60 5418
0.60 5417
0.62 5416
0.62 5415
0.62 5414
0.62 5413
0.62 5412
0.62 5411
0.62 5410
0.62 5409
0.62 5408
0.63 5407
0.63 5406
0.63 5405
0.63 5404
0.63 5403
0.63 5402
0.65 5401
0.65 5400
0.65 5399
0.65 5398
0.65 5397
0.65 5396
0.65 5395
0.65 5394
0.65 5393
0.65 5392
0.65 5391
0.66 5390
0.66 5389
0.66 5388
0.66 5387
0.66 5386
0.66 5385
0.66 5384
0.66 5383
0.66 5382
0.66 5381
0.66 5380
0.68 5379
0.68 5378
0.68 5377
0.68 5376
0.69 5375
0.69 5374
0.69 5373
0.69 5372
0.69 5371
0.69 5370
0.70 5369
0.70 5368
0.70 5367
0.70 5366
0.70 5365
0.70 5364
0.70 5363
0.70 5362
0.70 5361
0.71 5360
0.71 5359
0.71 5358
0.71 5357
0.71 5356
0.71 5355
0.71 5354
0.71 5353
0.71 5352
0.73 5351
0.73 5350
0.73 5349
0.73 5348
0.73 5347
0.73 5346
0.73 5345
0.73 5344
0.74 5343
0.74 5342
0.74 5341
0.74 5340
0.74 5339
0.74 5338
0.74 5337
0.74 5336
0.74 5335
0.74 5334
0.76 5333
0.76 5332
0.76 5331
0.76 5330
0.76 5329
0.76 5328
0.76 5327
0.76 5326
0.76 5325
0.78 5324
0.78 5323
0.78 5322
0.78 5321
0.79 5320
0.79 5319
0.79 5318
0.79 5317
0.79 5316
0.79 5315
0.79 5314
0.79 5313
0.79 5312
0.81 5311
0.81 5310
0.81 5309
0.81 5308
0.81 5307
0.81 5306
0.81 5305
0.81 5304
0.81 5303
0.82 5302
0.82 5301
0.82 5300
0.82 5299
0.82 5298
0.82 5297
0.82 5296
0.82 5295
0.84 5294
0.84 5293
0.84 5292
0.84 5291
0.84 5290
0.84 5289
0.84 5288
0.84 5287
0.84 5286
0.85 5285
0.85 5284
0.85 5283
0.85 5282
0.85 5281
0.85 5280
0.85 5279
0.85 5278
0.85 5277
0.87 5276
0.87 5275
0.87 5274
0.87 5273
0.87 5272
0.87 5271
0.87 5270
0.87 5269
0.87 5268
0.87 5267
0.87 5266
0.89 5265
0.89 5264
0.89 5263
0.89 5262
0.89 5261
0.89 5260
0.89 5259
0.89 5258
0.90 5257
0.90 5256
0.90 5255
0.90 5254
0.90 5253
0.90 5252
0.90 5251
0.90 5250
0.90 5249
0.92 5248
0.92 5247
0.92 5246
0.92 5245
0.92 5244
0.92 5243
0.92 5242
0.92 5241
0.92 5240
0.92 5239
0.93 5238
0.93 5237
0.93 5236
0.93 5235
0.93 5234
0.93 5233
0.93 5232
0.93 5231
0.93 5230
0.93 5229
0.93 5228
0.93 5227
0.95 5226
0.95 5225
0.95 5224
0.95 5223
0.95 5222
0.95 5221
0.95 5220
0.95 5219
0.97 5218
0.97 5217
0.97 5216
0.97 5215
0.97 5214
0.98 5213
0.98 5212
0.98 5211
0.98 5210
0.99 5209
0.99 5208
0.99 5207
0.99 5206
0.99 5205
0.99 5204
0.99 5203
1.00 5202
1.00 5201
1.00 5200
1.00 5199
1.00 5198
1.00 5197
1.00 5196
1.00 5195
1.00 5194
1.00 5193
1.00 5192
1.01 5191
1.02 5190
1.02 5189
1.02 5188
1.02 5187
1.02 5186
1.02 5185
1.02 5184
1.03 5183
1.03 5182
1.03 5181
1.05 5180
1.05 5179
1.05 5178
1.05 5177
1.06 5176
1.06 5175
1.06 5174
1.06 5173
1.07 5172
1.07 5171
1.07 5170
1.07 5169
1.08 5168
1.08 5167
1.08 5166
1.08 5165
1.09 5164
1.09 5163
1.09 5162
1.09 5161
1.10 5160
1.10 5159
1.10 5158
1.10 5157
1.11 5156
1.11 5155
1.11 5154
1.11 5153
1.11 5152
1.11 5151
1.11 5150
1.12 5149
1.12 5148
1.12 5147
1.12 5146
1.12 5145
1.12 5144
1.12 5143
1.13 5142
1.13 5141
1.13 5140
1.13 5139
1.13 5138
1.13 5137
1.14 5136
1.14 5135
1.14 5134
1.14 5133
1.14 5132
1.14 5131
1.14 5130
1.14 5129
1.14 5128
1.14 5127
1.16 5126
1.16 5125
1.16 5124
1.17 5123
1.17 5122
1.17 5121
1.17 5120
1.18 5119
1.18 5118
1.18 5117
1.18 5116
1.18 5115
1.19 5114
1.19 5113
1.19 5112
1.19 5111
1.20 5110
1.20 5109
1.20 5108
1.20 5107
1.20 5106
1.21 5105
1.21 5104
1.21 5103
1.21 5102
1.21 5101
1.21 5100
1.21 5099
1.22 5098
1.22 5097
1.22 5096
1.22 5095
1.22 5094
1.22 5093
1.22 5092
1.22 5091
1.24 5090
1.24 5089
1.24 5088
1.24 5087
1.25 5086
1.25 5085
1.25 5084
1.26 5083
1.26 5082
1.26 5081
1.26 5080
1.26 5079
1.26 5078
1.26 5077
1.27 5076
1.27 5075
1.27 5074
1.27 5073
1.27 5072
1.27 5071
1.28 5070
1.29 5069
1.29 5068
1.30 5067
1.30 5066
1.30 5065
1.30 5064
1.30 5063
1.31 5062
1.31 5061
1.31 5060
1.31 5059
1.31 5058
1.31 5057
1.32 5056
1.32 5055
1.33 5054
1.33 5053
1.33 5052
1.33 5051
1.34 5050
1.34 5049
1.34 5048
1.34 5047
1.34 5046
1.35 5045
1.35 5044
1.35 5043
1.35 5042
1.36 5041
1.36 5040
1.36 5039
1.36 5038
1.37 5037
1.37 5036
1.37 5035
1.37 5034
1.37 5033
1.38 5032
1.38 5031
1.38 5030
1.38 5029
1.38 5028
1.39 5027
1.39 5026
1.39 5025
1.39 5024
1.39 5023
1.40 5022
1.40 5021
1.40 5020
1.40 5019
1.40 5018
1.41 5017
1.41 5016
1.41 5015
1.41 5014
1.41 5013
1.41 5012
1.42 5011
1.42 5010
1.42 5009
1.42 5008
1.42 5007
1.42 5006
1.42 5005
1.43 5004
1.43 5003
1.43 5002
1.43 5001
1.44 5000
1.44 4999
1.44 4998
1.44 4997
1.44 4996
1.44 4995
1.45 4994
1.45 4993
1.45 4992
1.45 4991
1.45 4990
1.45 4989
1.45 4988
1.46 4987
1.46 4986
1.46 4985
1.46 4984
1.46 4983
1.46 4982
1.46 4981
1.46 4980
1.47 4979
1.47 4978
1.47 4977
1.47 4976
1.47 4975
1.48 4974
1.48 4973
1.48 4972
1.48 4971
1.48 4970
1.49 4969
1.49 4968
1.49 4967
1.49 4966
1.49 4965
1.49 4964
1.49 4963
1.49 4962
1.50 4961
1.50 4960
1.50 4959
1.50 4958
1.50 4957
1.50 4956
1.51 4955
1.51 4954
1.51 4953
1.51 4952
1.51 4951
1.51 4950
1.51 4949
1.51 4948
1.52 4947
1.52 4946
1.52 4945
1.52 4944
1.53 4943
1.53 4942
1.53 4941
1.53 4940
1.53 4939
1.53 4938
1.54 4937
1.54 4936
1.54 4935
1.54 4934
1.54 4933
1.54 4932
1.54 4931
1.54 4930
1.54 4929
1.55 4928
1.55 4927
1.55 4926
1.55 4925
1.56 4924
1.56 4923
1.56 4922
1.56 4921
1.56 4920
1.57 4919
1.57 4918
1.57 4917
1.57 4916
1.57 4915
1.57 4914
1.57 4913
1.57 4912
1.57 4911
1.57 4910
1.57 4909
1.57 4908
1.57 4907
1.57 4906
1.57 4905
1.57 4904
1.57 4903
1.59 4902
1.59 4901
1.59 4900
1.59 4899
1.59 4898
1.59 4897
1.59 4896
1.59 4895
1.59 4894
1.59 4893
1.59 4892
1.59 4891
1.59 4890
1.59 4889
1.59 4888
1.60 4887
1.60 4886
1.60 4885
1.60 4884
1.61 4883
1.61 4882
1.61 4881
1.61 4880
1.61 4879
1.61 4878
1.61 4877
1.61 4876
1.61 4875
1.61 4874
1.61 4873
1.62 4872
1.62 4871
1.62 4870
1.62 4869
1.62 4868
1.62 4867
1.62 4866
1.62 4865
1.62 4864
1.62 4863
1.62 4862
1.62 4861
1.62 4860
1.62 4859
1.63 4858
1.63 4857
1.63 4856
1.63 4855
1.63 4854
1.63 4853
1.65 4852
1.65 4851
1.65 4850
1.65 4849
1.65 4848
1.65 4847
1.65 4846
1.65 4845
1.65 4844
1.65 4843
1.65 4842
1.65 4841
1.67 4840
1.67 4839
1.67 4838
1.67 4837
1.67 4836
1.67 4835
1.67 4834
1.67 4833
1.67 4832
1.67 4831
1.67 4830
1.67 4829
1.68 4828
1.68 4827
1.68 4826
1.68 4825
1.68 4824
1.69 4823
1.69 4822
1.69 4821
1.69 4820
1.69 4819
1.69 4818
1.69 4817
1.70 4816
1.70 4815
1.70 4814
1.70 4813
1.70 4812
1.70 4811
1.70 4810
1.70 4809
1.70 4808
1.70 4807
1.70 4806
1.70 4805
1.70 4804
1.70 4803
1.71 4802
1.71 4801
1.71 4800
1.71 4799
1.71 4798
1.71 4797
1.71 4796
1.71 4795
1.71 4794
1.71 4793
1.73 4792
1.73 4791
1.73 4790
1.73 4789
1.73 4788
1.73 4787
1.73 4786
1.73 4785
1.73 4784
1.73 4783
1.73 4782
1.73 4781
1.74 4780
1.74 4779
1.74 4778
1.74 4777
1.74 4776
1.74 4775
1.74 4774
1.74 4773
1.74 4772
1.74 4771
1.74 4770
1.74 4769
1.74 4768
1.76 4767
1.76 4766
1.76 4765
1.76 4764
1.76 4763
1.76 4762
1.76 4761
1.76 4760
1.76 4759
1.76 4758
1.76 4757
1.76 4756
1.76 4755
1.78 4754
1.78 4753
1.78 4752
1.78 4751
1.78 4750
1.78 4749
1.78 4748
1.78 4747
1.79 4746
1.79 4745
1.79 4744
1.79 4743
1.79 4742
1.79 4741
1.79 4740
1.79 4739
1.79 4738
1.79 4737
1.79 4736
1.79 4735
1.79 4734
1.79 4733
1.79 4732
1.79 4731
1.79 4730
1.79 4729
1.81 4728
1.81 4727
1.81 4726
1.81 4725
1.81 4724
1.81 4723
1.81 4722
1.81 4721
1.81 4720
1.81 4719
1.81 4718
1.81 4717
1.81 4716
1.82 4715
1.82 4714
1.82 4713
1.82 4712
1.82 4711
1.82 4710
1.82 4709
1.82 4708
1.82 4707
1.82 4706
1.82 4705
1.82 4704
1.84 4703
1.84 4702
1.84 4701
1.84 4700
1.84 4699
1.84 4698
1.84 4697
1.84 4696
1.84 4695
1.84 4694
1.84 4693
1.84 4692
1.84 4691
1.86 4690
1.86 4689
1.86 4688
1.86 4687
1.86 4686
1.86 4685
1.86 4684
1.86 4683
1.86 4682
1.86 4681
1.86 4680
1.86 4679
1.86 4678
1.86 4677
1.86 4676
1.87 4675
1.87 4674
1.87 4673
1.87 4672
1.87 4671
1.87 4670
1.87 4669
1.87 4668
1.87 4667
1.87 4666
1.87 4665
1.87 4664
1.87 4663
1.89 4662
1.89 4661
1.89 4660
1.89 4659
1.89 4658
1.89 4657
1.89 4656
1.89 4655
1.89 4654
1.89 4653
1.89 4652
1.89 4651
1.89 4650
1.90 4649
1.90 4648
1.90 4647
1.90 4646
1.90 4645
1.90 4644
1.90 4643
1.90 4642
1.90 4641
1.90 4640
1.90 4639
1.90 4638
1.92 4637
1.92 4636
1.92 4635
1.92 4634
1.92 4633
1.92 4632
1.92 4631
1.92 4630
1.92 4629
1.92 4628
1.92 4627
1.92 4626
1.92 4625
1.93 4624
1.93 4623
1.93 4622
1.93 4621
1.93 4620
1.93 4619
1.93 4618
1.93 4617
1.95 4616
1.95 4615
1.95 4614
1.95 4613
1.95 4612
1.95 4611
1.95 4610
1.95 4609
1.95 4608
1.95 4607
1.95 4606
1.95 4605
1.97 4604
1.97 4603
1.97 4602
1.97 4601
1.97 4600
1.97 4599
1.97 4598
1.97 4597
1.97 4596
1.97 4595
1.97 4594
1.97 4593
1.97 4592
1.97 4591
1.97 4590
1.97 4589
1.98 4588
1.98 4587
1.98 4586
1.99 4585
1.99 4584
1.99 4583
1.99 4582
1.99 4581
1.99 4580
1.99 4579
1.99 4578
1.99 4577
2.00 4576
2.00 4575
2.00 4574
2.00 4573
2.00 4572
2.00 4571
2.00 4570
2.00 4569
2.00 4568
2.00 4567
2.00 4566
2.00 4565
2.00 4564
2.01 4563
2.01 4562
2.01 4561
2.01 4560
2.01 4559
2.01 4558
2.01 4557
2.01 4556
2.01 4555
2.01 4554
2.01 4553
2.01 4552
2.01 4551
2.01 4550
2.03 4549
2.03 4548
2.03 4547
2.03 4546
2.03 4545
2.03 4544
2.03 4543
2.03 4542
2.03 4541
2.03 4540
2.03 4539
2.03 4538
2.03 4537
2.03 4536
2.05 4535
2.05 4534
2.05 4533
2.05 4532
2.05 4531
2.05 4530
2.05 4529
2.05 4528
2.05 4527
2.05 4526
2.05 4525
2.05 4524
2.05 4523
2.05 4522
2.06 4521
2.06 4520
2.06 4519
2.06 4518
2.06 4517
2.06 4516
2.06 4515
2.06 4514
2.06 4513
2.06 4512
2.06 4511
2.06 4510
2.06 4509
2.08 4508
2.08 4507
2.08 4506
2.08 4505
2.08 4504
2.08 4503
2.08 4502
2.08 4501
2.08 4500
2.09 4499
2.09 4498
2.09 4497
2.09 4496
2.09 4495
2.09 4494
2.09 4493
2.09 4492
2.09 4491
2.09 4490
2.09 4489
2.09 4488
2.09 4487
2.09 4486
2.09 4485
2.09 4484
2.09 4483
2.11 4482
2.11 4481
2.11 4480
2.11 4479
2.12 4478
2.12 4477
2.12 4476
2.12 4475
2.12 4474
2.13 4473
2.13 4472
2.13 4471
2.13 4470
2.13 4469
2.14 4468
2.14 4467
2.14 4466
2.14 4465
2.14 4464
2.14 4463
2.14 4462
2.14 4461
2.14 4460
2.14 4459
2.14 4458
2.14 4457
2.14 4456
2.14 4455
2.14 4454
2.14 4453
2.14 4452
2.16 4451
2.16 4450
2.16 4449
2.16 4448
2.16 4447
2.16 4446
2.16 4445
2.16 4444
2.16 4443
2.16 4442
2.16 4441
2.16 4440
2.16 4439
2.18 4438
2.18 4437
2.18 4436
2.18 4435
2.18 4434
2.18 4433
2.18 4432
2.18 4431
2.18 4430
2.19 4429
2.19 4428
2.19 4427
2.19 4426
2.19 4425
2.19 4424
2.19 4423
2.19 4422
2.19 4421
2.19 4420
2.19 4419
2.19 4418
2.19 4417
2.19 4416
2.19 4415
2.21 4414
2.21 4413
2.21 4412
2.21 4411
2.21 4410
2.21 4409
2.21 4408
2.21 4407
2.21 4406
2.21 4405
2.21 4404
2.21 4403
2.22 4402
2.22 4401
2.22 4400
2.22 4399
2.22 4398
2.22 4397
2.22 4396
2.22 4395
2.22 4394
2.22 4393
2.22 4392
2.22 4391
2.22 4390
2.24 4389
2.24 4388
2.24 4387
2.24 4386
2.24 4385
2.24 4384
2.24 4383
2.24 4382
2.24 4381
2.24 4380
2.24 4379
2.24 4378
2.24 4377
2.24 4376
2.25 4375
2.25 4374
2.25 4373
2.25 4372
2.25 4371
2.25 4370
2.25 4369
2.25 4368
2.25 4367
2.25 4366
2.25 4365
2.25 4364
2.25 4363
2.25 4362
2.25 4361
2.27 4360
2.27 4359
2.27 4358
2.27 4357
2.27 4356
2.27 4355
2.27 4354
2.27 4353
2.27 4352
2.27 4351
2.27 4350
2.27 4349
2.27 4348
2.27 4347
2.27 4346
2.27 4345
2.29 4344
2.29 4343
2.29 4342
2.29 4341
2.29 4340
2.29 4339
2.29 4338
2.30 4337
2.30 4336
2.30 4335
2.30 4334
2.30 4333
2.31 4332
2.31 4331
2.31 4330
2.31 4329
2.31 4328
2.31 4327
2.31 4326
2.31 4325
2.31 4324
2.31 4323
2.32 4322
2.32 4321
2.32 4320
2.32 4319
2.32 4318
2.32 4317
2.32 4316
2.32 4315
2.32 4314
2.32 4313
2.32 4312
2.32 4311
2.32 4310
2.32 4309
2.32 4308
2.32 4307
2.33 4306
2.33 4305
2.33 4304
2.33 4303
2.33 4302
2.33 4301
2.33 4300
2.33 4299
2.34 4298
2.34 4297
2.34 4296
2.34 4295
2.35 4294
2.35 4293
2.35 4292
2.35 4291
2.35 4290
2.35 4289
2.35 4288
2.35 4287
2.35 4286
2.36 4285
2.36 4284
2.36 4283
2.36 4282
2.36 4281
2.36 4280
2.36 4279
2.36 4278
2.36 4277
2.37 4276
2.37 4275
2.37 4274
2.37 4273
2.37 4272
2.37 4271
2.37 4270
2.37 4269
2.37 4268
2.37 4267
2.37 4266
2.37 4265
2.37 4264
2.37 4263
2.37 4262
2.37 4261
2.38 4260
2.38 4259
2.38 4258
2.38 4257
2.38 4256
2.38 4255
2.39 4254
2.39 4253
2.39 4252
2.39 4251
2.39 4250
2.39 4249
2.39 4248
2.39 4247
2.40 4246
2.40 4245
2.40 4244
2.40 4243
2.40 4242
2.40 4241
2.40 4240
2.41 4239
2.41 4238
2.41 4237
2.41 4236
2.41 4235
2.41 4234
2.42 4233
2.42 4232
2.42 4231
2.42 4230
2.42 4229
2.42 4228
2.43 4227
2.43 4226
2.43 4225
2.43 4224
2.43 4223
2.43 4222
2.43 4221
2.43 4220
2.44 4219
2.44 4218
2.44 4217
2.44 4216
2.44 4215
2.44 4214
2.44 4213
2.44 4212
2.44 4211
2.44 4210
2.44 4209
2.44 4208
2.44 4207
2.45 4206
2.45 4205
2.45 4204
2.45 4203
2.45 4202
2.46 4201
2.46 4200
2.46 4199
2.46 4198
2.46 4197
2.46 4196
2.46 4195
2.46 4194
2.46 4193
2.47 4192
2.47 4191
2.47 4190
2.47 4189
2.47 4188
2.47 4187
2.47 4186
2.47 4185
2.47 4184
2.47 4183
2.48 4182
2.48 4181
2.48 4180
2.48 4179
2.48 4178
2.48 4177
2.48 4176
2.48 4175
2.48 4174
2.48 4173
2.48 4172
2.49 4171
2.49 4170
2.49 4169
2.49 4168
2.49 4167
2.49 4166
2.49 4165
2.50 4164
2.50 4163
2.50 4162
2.50 4161
2.50 4160
2.50 4159
2.50 4158
2.50 4157
2.50 4156
2.50 4155
2.51 4154
2.51 4153
2.51 4152
2.51 4151
2.51 4150
2.51 4149
2.51 4148
2.51 4147
2.51 4146
2.51 4145
2.52 4144
2.52 4143
2.52 4142
2.52 4141
2.52 4140
2.52 4139
2.52 4138
2.52 4137
2.53 4136
2.53 4135
2.53 4134
2.53 4133
2.53 4132
2.53 4131
2.53 4130
2.53 4129
2.53 4128
2.54 4127
2.54 4126
2.54 4125
2.54 4124
2.54 4123
2.54 4122
2.54 4121
2.54 4120
2.54 4119
2.55 4118
2.55 4117
2.55 4116
2.55 4115
2.55 4114
2.55 4113
2.55 4112
2.56 4111
2.56 4110
2.56 4109
2.56 4108
2.56 4107
2.56 4106
2.56 4105
2.56 4104
2.57 4103
2.57 4102
2.57 4101
2.57 4100
2.57 4099
2.57 4098
2.57 4097
2.57 4096
2.57 4095
2.57 4094
2.58 4093
2.58 4092
2.58 4091
2.58 4090
2.58 4089
2.58 4088
2.58 4087
2.58 4086
2.58 4085
2.59 4084
2.59 4083
2.59 4082
2.59 4081
2.59 4080
2.59 4079
2.59 4078
2.59 4077
2.59 4076
2.60 4075
2.60 4074
2.60 4073
2.60 4072
2.60 4071
2.60 4070
2.60 4069
2.60 4068
2.60 4067
2.60 4066
2.61 4065
2.61 4064
2.61 4063
2.61 4062
2.61 4061
2.61 4060
2.61 4059
2.61 4058
2.61 4057
2.61 4056
2.62 4055
2.62 4054
2.62 4053
2.62 4052
2.62 4051
2.62 4050
2.62 4049
2.62 4048
2.62 4047
2.62 4046
2.62 4045
2.63 4044
2.63 4043
2.63 4042
5.92 3943
5.92 3942
5.92 3941
5.94 3940
5.94 3939
5.94 3938
5.94 3937
5.94 3936
24.19 3935
