0.99 1499
0.99 1498
0.99 1497
0.99 1496
0.99 1495
0.99 1494
0.99 1493
0.99 1492
0.99 1491
0.99 1490
1.01 1489
1.01 1488
1.01 1487
1.01 1486
1.01 1485
1.01 1484
1.01 1483
1.01 1482
1.01 1481
1.01 1480
1.01 1479
1.01 1478
1.01 1477
1.01 1476
1.01 1475
1.01 1474
1.01 1473
1.01 1472
1.01 1471
1.01 1470
1.01 1469
1.02 1468
1.02 1467
1.02 1466
1.02 1465
1.02 1464
1.02 1463
1.02 1462
1.02 1461
1.02 1460
1.02 1459
1.02 1458
1.02 1457
1.02 1456
1.02 1455
1.02 1454
1.02 1453
1.02 1452
1.04 1451
1.04 1450
1.04 1449
1.04 1448
1.04 1447
1.04 1446
1.05 1445
1.05 1444
3.87 1443
3.87 1442
3.87 1441
3.88 1440
3.89 1439
9.70 1438
