0.32 1971
0.32 1970
0.32 1969
0.32 1968
0.32 1967
0.32 1966
0.32 1965
0.32 1964
0.32 1963
0.32 1962
0.32 1961
0.32 1960
0.32 1959
0.32 1958
0.32 1957
0.32 1956
0.34 1955
0.34 1954
0.34 1953
0.34 1952
0.34 1951
0.34 1950
0.34 1949
0.34 1948
0.34 1947
0.34 1946
0.34 1945
0.34 1944
0.34 1943
0.34 1942
0.34 1941
0.34 1940
0.34 1939
0.34 1938
0.34 1937
0.34 1936
0.34 1935
0.34 1934
0.34 1933
0.34 1932
0.34 1931
0.36 1930
0.36 1929
0.36 1928
0.36 1927
0.36 1926
0.36 1925
0.36 1924
0.36 1923
0.36 1922
0.36 1921
0.36 1920
0.36 1919
0.36 1918
0.36 1917
0.36 1916
0.36 1915
0.36 1914
0.36 1913
0.36 1912
0.36 1911
0.36 1910
0.36 1909
0.36 1908
0.36 1907
0.36 1906
0.36 1905
0.37 1904
0.37 1903
0.37 1902
0.37 1901
0.37 1900
0.37 1899
0.37 1898
0.37 1897
0.37 1896
0.37 1895
0.37 1894
0.37 1893
0.37 1892
0.37 1891
0.37 1890
0.37 1889
0.37 1888
0.37 1887
0.37 1886
0.37 1885
0.37 1884
0.37 1883
0.37 1882
0.37 1881
0.37 1880
0.37 1879
0.39 1878
0.39 1877
0.39 1876
0.39 1875
0.39 1874
0.39 1873
0.39 1872
0.39 1871
0.39 1870
0.39 1869
0.39 1868
0.39 1867
0.39 1866
0.39 1865
0.39 1864
0.39 1863
0.39 1862
0.39 1861
0.39 1860
0.39 1859
0.39 1858
0.39 1857
0.39 1856
0.39 1855
0.39 1854
0.39 1853
0.40 1852
0.40 1851
0.40 1850
0.40 1849
0.40 1848
0.40 1847
0.40 1846
0.40 1845
0.40 1844
0.40 1843
0.40 1842
0.40 1841
0.40 1840
0.40 1839
0.40 1838
0.40 1837
0.42 1836
0.42 1835
0.42 1834
0.42 1833
0.42 1832
0.42 1831
0.42 1830
0.42 1829
0.42 1828
0.42 1827
0.42 1826
0.42 1825
0.42 1824
0.42 1823
0.44 1822
0.44 1821
0.44 1820
0.44 1819
0.44 1818
0.45 1817
0.45 1816
0.45 1815
0.46 1814
0.46 1813
0.47 1812
2.68 1811
2.68 1810
2.68 1809
2.68 1808
2.68 1807
2.68 1806
2.69 1805
2.69 1804
2.69 1803
2.69 1802
2.69 1801
5.01 1800
9.77 1799
9.77 1798
9.79 1797
12.14 1796
12.14 1795
