1.57 1959
1.57 1958
1.57 1957
1.57 1956
1.57 1955
1.57 1954
1.57 1953
1.57 1952
1.59 1951
1.59 1950
1.59 1949
1.59 1948
1.59 1947
1.59 1946
1.59 1945
1.59 1944
1.59 1943
1.59 1942
1.59 1941
1.59 1940
1.59 1939
1.59 1938
1.59 1937
1.59 1936
1.61 1935
1.61 1934
1.61 1933
1.61 1932
1.61 1931
1.61 1930
1.61 1929
1.61 1928
1.61 1927
1.61 1926
1.61 1925
1.61 1924
1.61 1923
1.61 1922
1.61 1921
1.61 1920
1.62 1919
1.62 1918
1.62 1917
1.62 1916
1.63 1915
1.63 1914
1.63 1913
1.63 1912
1.63 1911
1.63 1910
1.63 1909
1.63 1908
1.63 1907
1.63 1906
1.64 1905
1.64 1904
1.64 1903
1.64 1902
1.64 1901
1.64 1900
1.64 1899
1.64 1898
1.64 1897
1.64 1896
1.64 1895
1.64 1894
1.65 1893
1.65 1892
1.65 1891
1.65 1890
1.65 1889
1.65 1888
1.65 1887
1.65 1886
1.65 1885
1.65 1884
1.65 1883
1.67 1882
1.67 1881
1.67 1880
1.67 1879
1.67 1878
1.67 1877
1.67 1876
1.67 1875
1.67 1874
1.67 1873
1.67 1872
1.69 1871
1.69 1870
1.69 1869
1.69 1868
1.69 1867
1.69 1866
1.69 1865
1.69 1864
1.69 1863
1.69 1862
1.69 1861
1.70 1860
1.70 1859
1.70 1858
1.70 1857
1.70 1856
1.70 1855
1.70 1854
1.70 1853
1.70 1852
1.70 1851
1.70 1850
1.70 1849
1.72 1848
1.72 1847
1.72 1846
1.72 1845
1.72 1844
1.72 1843
1.72 1842
1.72 1841
1.73 1840
1.73 1839
1.73 1838
1.73 1837
1.73 1836
1.73 1835
1.73 1834
1.73 1833
1.73 1832
1.73 1831
1.73 1830
1.73 1829
1.73 1828
1.73 1827
1.73 1826
1.73 1825
1.73 1824
1.73 1823
1.73 1822
1.75 1821
1.75 1820
1.75 1819
1.75 1818
1.75 1817
1.75 1816
1.75 1815
1.75 1814
1.75 1813
1.75 1812
1.75 1811
1.75 1810
1.75 1809
1.76 1808
1.76 1807
1.76 1806
1.76 1805
1.76 1804
1.76 1803
1.76 1802
1.76 1801
1.76 1800
1.76 1799
1.76 1798
1.78 1797
1.78 1796
1.78 1795
1.78 1794
1.78 1793
1.78 1792
1.78 1791
1.78 1790
1.78 1789
1.78 1788
1.78 1787
1.78 1786
1.80 1785
1.80 1784
1.80 1783
1.80 1782
1.80 1781
1.80 1780
1.80 1779
1.80 1778
1.80 1777
1.80 1776
1.80 1775
1.80 1774
1.80 1773
1.80 1772
1.80 1771
1.80 1770
1.80 1769
1.81 1768
1.81 1767
1.81 1766
1.81 1765
1.81 1764
1.81 1763
1.81 1762
1.81 1761
1.81 1760
1.81 1759
1.81 1758
1.81 1757
1.81 1756
1.81 1755
1.81 1754
1.83 1753
1.83 1752
1.83 1751
1.83 1750
1.83 1749
1.83 1748
1.83 1747
1.83 1746
1.83 1745
1.83 1744
1.83 1743
1.83 1742
1.83 1741
1.83 1740
1.83 1739
1.83 1738
1.84 1737
1.84 1736
1.84 1735
1.84 1734
1.84 1733
1.84 1732
1.84 1731
1.84 1730
1.84 1729
1.84 1728
1.84 1727
1.84 1726
1.84 1725
1.84 1724
1.84 1723
1.84 1722
1.86 1721
1.86 1720
1.86 1719
1.86 1718
1.86 1717
1.86 1716
1.86 1715
1.86 1714
1.86 1713
1.86 1712
1.86 1711
1.86 1710
1.86 1709
1.86 1708
1.86 1707
1.86 1706
1.87 1705
1.87 1704
1.87 1703
1.87 1702
1.87 1701
1.87 1700
1.87 1699
1.87 1698
1.87 1697
1.87 1696
1.87 1695
1.87 1694
1.87 1693
1.87 1692
1.87 1691
1.87 1690
1.89 1689
1.89 1688
1.89 1687
1.89 1686
1.89 1685
1.89 1684
1.89 1683
1.89 1682
1.89 1681
1.89 1680
1.89 1679
1.89 1678
1.89 1677
1.89 1676
1.89 1675
1.89 1674
1.89 1673
1.91 1672
1.91 1671
1.91 1670
1.91 1669
1.91 1668
1.91 1667
1.91 1666
1.91 1665
1.91 1664
1.91 1663
1.91 1662
1.91 1661
1.91 1660
1.91 1659
1.91 1658
1.91 1657
1.91 1656
1.92 1655
1.92 1654
1.92 1653
1.92 1652
1.92 1651
1.93 1650
1.93 1649
1.93 1648
1.93 1647
1.93 1646
1.93 1645
1.93 1644
1.93 1643
1.93 1642
1.93 1641
1.93 1640
1.94 1639
1.94 1638
1.94 1637
1.94 1636
1.94 1635
1.94 1634
1.94 1633
1.94 1632
1.94 1631
1.94 1630
1.94 1629
1.94 1628
1.94 1627
1.94 1626
1.94 1625
1.94 1624
1.94 1623
1.95 1622
1.95 1621
1.95 1620
1.95 1619
1.95 1618
1.95 1617
1.95 1616
1.95 1615
1.95 1614
1.95 1613
1.95 1612
1.95 1611
1.95 1610
1.95 1609
1.95 1608
1.95 1607
1.95 1606
1.97 1605
1.97 1604
1.97 1603
1.97 1602
1.97 1601
1.97 1600
1.97 1599
1.97 1598
1.97 1597
1.97 1596
1.97 1595
1.97 1594
1.97 1593
1.98 1592
1.98 1591
1.98 1590
1.98 1589
1.98 1588
1.98 1587
1.98 1586
1.98 1585
1.98 1584
1.98 1583
1.98 1582
1.98 1581
1.98 1580
1.98 1579
1.98 1578
1.98 1577
2.00 1576
2.00 1575
2.00 1574
2.00 1573
2.00 1572
2.00 1571
2.00 1570
2.00 1569
2.00 1568
2.00 1567
2.00 1566
2.00 1565
2.00 1564
2.02 1563
2.02 1562
2.02 1561
2.02 1560
2.02 1559
2.02 1558
2.02 1557
2.02 1556
2.03 1555
2.03 1554
2.03 1553
2.03 1552
2.03 1551
2.03 1550
2.03 1549
2.03 1548
2.03 1547
2.03 1546
2.03 1545
2.03 1544
2.03 1543
2.03 1542
2.03 1541
2.03 1540
2.03 1539
2.05 1538
2.05 1537
2.05 1536
2.05 1535
2.05 1534
2.05 1533
2.05 1532
2.05 1531
2.05 1530
2.05 1529
2.05 1528
2.05 1527
2.05 1526
2.05 1525
2.05 1524
2.05 1523
2.05 1522
2.05 1521
2.06 1520
2.06 1519
2.06 1518
2.06 1517
2.06 1516
2.06 1515
2.06 1514
2.06 1513
2.06 1512
2.06 1511
2.06 1510
2.06 1509
2.08 1508
2.08 1507
2.08 1506
2.08 1505
2.08 1504
2.08 1503
2.08 1502
2.08 1501
2.08 1500
2.08 1499
2.08 1498
2.08 1497
2.08 1496
2.10 1495
2.10 1494
2.10 1493
2.10 1492
2.10 1491
2.10 1490
2.10 1489
2.10 1488
2.10 1487
2.10 1486
2.10 1485
2.10 1484
2.10 1483
2.10 1482
2.10 1481
2.10 1480
2.10 1479
2.11 1478
2.11 1477
2.11 1476
2.11 1475
2.11 1474
2.11 1473
2.11 1472
2.11 1471
2.11 1470
2.11 1469
2.11 1468
2.11 1467
2.11 1466
2.11 1465
2.11 1464
2.11 1463
2.11 1462
2.11 1461
2.13 1460
2.13 1459
2.13 1458
2.13 1457
2.13 1456
2.13 1455
2.13 1454
2.13 1453
2.13 1452
2.13 1451
2.13 1450
2.13 1449
2.13 1448
2.13 1447
2.13 1446
2.13 1445
2.13 1444
2.13 1443
2.14 1442
2.14 1441
2.14 1440
2.14 1439
2.14 1438
2.14 1437
2.14 1436
2.14 1435
2.14 1434
2.14 1433
2.14 1432
2.14 1431
2.14 1430
2.14 1429
2.14 1428
2.14 1427
2.14 1426
2.16 1425
2.16 1424
2.16 1423
2.16 1422
2.16 1421
2.16 1420
2.16 1419
2.16 1418
2.16 1417
2.16 1416
2.16 1415
2.16 1414
2.16 1413
2.16 1412
2.16 1411
2.16 1410
2.17 1409
2.17 1408
2.17 1407
2.17 1406
2.17 1405
2.17 1404
2.17 1403
2.17 1402
2.17 1401
2.17 1400
2.17 1399
2.17 1398
2.17 1397
2.17 1396
2.17 1395
2.17 1394
2.17 1393
2.19 1392
2.19 1391
2.19 1390
2.19 1389
2.19 1388
2.19 1387
2.19 1386
2.19 1385
2.19 1384
2.19 1383
2.19 1382
2.19 1381
2.19 1380
2.19 1379
2.19 1378
2.19 1377
2.19 1376
2.19 1375
2.21 1374
2.21 1373
2.21 1372
2.21 1371
2.21 1370
2.21 1369
2.21 1368
2.21 1367
2.21 1366
2.21 1365
2.21 1364
2.21 1363
2.21 1362
2.21 1361
2.21 1360
2.21 1359
2.22 1358
2.22 1357
2.22 1356
2.22 1355
2.22 1354
2.22 1353
2.22 1352
2.23 1351
2.23 1350
2.23 1349
2.23 1348
2.23 1347
2.23 1346
2.23 1345
2.23 1344
2.23 1343
2.23 1342
2.23 1341
2.24 1340
2.24 1339
2.24 1338
2.24 1337
2.24 1336
2.24 1335
2.24 1334
2.24 1333
2.24 1332
2.24 1331
2.24 1330
2.24 1329
2.24 1328
2.24 1327
2.24 1326
2.24 1325
2.24 1324
2.24 1323
2.25 1322
2.25 1321
2.25 1320
2.25 1319
2.25 1318
2.25 1317
2.25 1316
2.25 1315
2.25 1314
2.25 1313
2.25 1312
2.25 1311
2.25 1310
2.25 1309
2.25 1308
2.25 1307
2.25 1306
2.25 1305
2.27 1304
2.27 1303
2.27 1302
2.27 1301
2.27 1300
2.27 1299
2.27 1298
2.27 1297
2.27 1296
2.27 1295
2.27 1294
2.27 1293
2.27 1292
2.27 1291
2.27 1290
2.27 1289
2.27 1288
2.27 1287
2.28 1286
2.28 1285
2.28 1284
2.28 1283
2.28 1282
2.28 1281
2.28 1280
2.28 1279
2.28 1278
2.28 1277
2.28 1276
2.28 1275
2.28 1274
2.28 1273
2.30 1272
2.30 1271
2.30 1270
2.30 1269
2.30 1268
2.30 1267
2.30 1266
2.30 1265
2.30 1264
2.30 1263
2.30 1262
2.30 1261
2.30 1260
2.30 1259
2.30 1258
2.30 1257
2.30 1256
2.30 1255
2.30 1254
2.30 1253
2.32 1252
2.32 1251
2.32 1250
2.32 1249
2.32 1248
2.32 1247
2.32 1246
2.32 1245
2.32 1244
2.32 1243
2.32 1242
2.32 1241
2.32 1240
2.32 1239
2.32 1238
2.33 1237
2.33 1236
2.33 1235
2.33 1234
2.33 1233
2.33 1232
2.33 1231
2.33 1230
2.33 1229
2.33 1228
2.33 1227
2.33 1226
2.33 1225
2.33 1224
2.33 1223
2.33 1222
2.33 1221
2.33 1220
2.33 1219
2.33 1218
2.33 1217
2.33 1216
2.33 1215
2.35 1214
2.35 1213
2.35 1212
2.35 1211
2.35 1210
2.35 1209
2.35 1208
2.35 1207
2.35 1206
2.35 1205
2.35 1204
2.35 1203
2.35 1202
2.35 1201
2.35 1200
2.35 1199
2.35 1198
2.35 1197
2.36 1196
2.36 1195
2.36 1194
2.36 1193
2.36 1192
2.36 1191
2.36 1190
2.36 1189
2.36 1188
2.36 1187
2.36 1186
2.36 1185
2.36 1184
2.36 1183
2.36 1182
2.36 1181
2.36 1180
2.36 1179
2.36 1178
2.38 1177
2.38 1176
2.38 1175
2.38 1174
2.38 1173
2.38 1172
2.38 1171
2.38 1170
2.38 1169
2.38 1168
2.38 1167
2.38 1166
2.38 1165
2.38 1164
2.38 1163
2.38 1162
2.38 1161
2.38 1160
2.38 1159
2.40 1158
2.40 1157
2.40 1156
2.40 1155
2.40 1154
2.40 1153
2.40 1152
2.40 1151
2.40 1150
2.40 1149
2.40 1148
2.40 1147
2.40 1146
2.40 1145
2.40 1144
2.40 1143
2.40 1142
2.40 1141
2.40 1140
2.40 1139
2.41 1138
2.41 1137
2.41 1136
2.41 1135
2.41 1134
2.41 1133
2.41 1132
2.41 1131
2.41 1130
2.41 1129
2.41 1128
2.41 1127
2.41 1126
2.41 1125
2.41 1124
2.41 1123
2.41 1122
2.41 1121
2.41 1120
2.43 1119
2.43 1118
2.43 1117
2.43 1116
2.43 1115
2.43 1114
2.43 1113
2.43 1112
2.43 1111
2.43 1110
2.43 1109
2.43 1108
2.43 1107
2.43 1106
2.43 1105
2.43 1104
2.43 1103
2.43 1102
2.43 1101
2.43 1100
2.43 1099
2.44 1098
2.44 1097
2.44 1096
2.44 1095
2.44 1094
2.44 1093
2.44 1092
2.44 1091
2.44 1090
2.44 1089
2.44 1088
2.44 1087
2.44 1086
2.44 1085
2.44 1084
2.44 1083
2.44 1082
2.44 1081
2.44 1080
2.46 1079
2.46 1078
2.46 1077
2.46 1076
2.46 1075
2.46 1074
2.46 1073
2.46 1072
2.46 1071
2.46 1070
2.46 1069
2.46 1068
2.46 1067
2.46 1066
2.46 1065
2.47 1064
2.47 1063
2.47 1062
2.47 1061
2.47 1060
2.47 1059
2.47 1058
2.47 1057
2.47 1056
2.47 1055
2.47 1054
2.47 1053
2.47 1052
2.47 1051
2.49 1050
2.49 1049
2.49 1048
2.49 1047
2.49 1046
2.49 1045
2.49 1044
2.49 1043
2.49 1042
2.49 1041
2.49 1040
2.49 1039
2.49 1038
2.49 1037
2.49 1036
2.51 1035
2.51 1034
2.51 1033
2.51 1032
2.51 1031
2.51 1030
2.51 1029
2.51 1028
2.51 1027
2.51 1026
2.51 1025
2.51 1024
2.51 1023
2.51 1022
2.51 1021
2.51 1020
2.51 1019
2.51 1018
2.51 1017
2.51 1016
2.52 1015
2.52 1014
2.52 1013
2.52 1012
2.52 1011
2.52 1010
2.52 1009
2.53 1008
2.53 1007
2.53 1006
2.53 1005
2.53 1004
2.53 1003
2.53 1002
2.53 1001
2.53 1000
2.53 999
2.53 998
2.53 997
2.53 996
2.54 995
2.54 994
2.54 993
2.54 992
2.54 991
2.54 990
2.54 989
2.54 988
2.54 987
2.54 986
2.54 985
2.55 984
2.55 983
2.55 982
2.55 981
2.55 980
