0.07 5677
0.07 5676
0.08 5675
0.08 5674
0.08 5673
0.08 5672
0.09 5671
0.09 5670
0.09 5669
0.09 5668
0.09 5667
0.09 5666
0.09 5665
0.09 5664
0.09 5663
0.10 5662
0.11 5661
0.11 5660
0.11 5659
0.11 5658
0.12 5657
0.12 5656
0.12 5655
0.12 5654
0.13 5653
0.15 5652
0.15 5651
0.15 5650
0.15 5649
0.15 5648
0.16 5647
0.16 5646
0.16 5645
0.16 5644
0.16 5643
0.17 5642
0.17 5641
0.17 5640
0.17 5639
0.17 5638
0.18 5637
0.18 5636
0.18 5635
0.18 5634
0.18 5633
0.19 5632
0.19 5631
0.19 5630
0.20 5629
0.20 5628
0.20 5627
0.20 5626
0.21 5625
0.22 5624
0.22 5623
0.22 5622
0.22 5621
0.22 5620
0.23 5619
0.23 5618
0.23 5617
0.24 5616
0.24 5615
0.24 5614
0.25 5613
0.25 5612
0.25 5611
0.25 5610
0.26 5609
0.26 5608
0.26 5607
0.26 5606
0.26 5605
0.26 5604
0.27 5603
0.27 5602
0.27 5601
0.27 5600
0.27 5599
0.28 5598
0.28 5597
0.28 5596
0.28 5595
0.29 5594
0.29 5593
0.29 5592
0.29 5591
0.30 5590
0.30 5589
0.30 5588
0.30 5587
0.30 5586
0.30 5585
0.30 5584
0.30 5583
0.30 5582
0.30 5581
0.32 5580
0.32 5579
0.33 5578
0.33 5577
0.33 5576
0.34 5575
0.34 5574
0.34 5573
0.34 5572
0.35 5571
0.35 5570
0.35 5569
0.35 5568
0.36 5567
0.36 5566
0.36 5565
0.36 5564
0.36 5563
0.37 5562
0.37 5561
0.37 5560
0.37 5559
0.37 5558
0.37 5557
0.37 5556
0.38 5555
0.38 5554
0.38 5553
0.38 5552
0.38 5551
0.39 5550
0.39 5549
0.39 5548
0.39 5547
0.40 5546
0.40 5545
0.40 5544
0.40 5543
0.40 5542
0.41 5541
0.41 5540
0.41 5539
0.41 5538
0.41 5537
0.42 5536
0.42 5535
0.42 5534
0.42 5533
0.42 5532
0.42 5531
0.43 5530
0.43 5529
0.43 5528
0.43 5527
0.43 5526
0.43 5525
0.43 5524
0.43 5523
0.43 5522
0.45 5521
0.45 5520
0.45 5519
0.45 5518
0.45 5517
0.45 5516
0.45 5515
0.46 5514
0.46 5513
0.46 5512
0.46 5511
0.46 5510
0.46 5509
0.46 5508
0.48 5507
0.48 5506
0.48 5505
0.48 5504
0.48 5503
0.48 5502
0.49 5501
0.49 5500
0.49 5499
0.49 5498
0.49 5497
0.49 5496
0.49 5495
0.49 5494
0.49 5493
0.49 5492
0.51 5491
0.51 5490
0.51 5489
0.51 5488
0.51 5487
0.51 5486
0.51 5485
0.51 5484
0.51 5483
0.53 5482
0.53 5481
0.53 5480
0.53 5479
0.53 5478
0.53 5477
0.53 5476
0.53 5475
0.53 5474
0.53 5473
0.53 5472
0.53 5471
0.54 5470
0.54 5469
0.55 5468
0.55 5467
0.55 5466
0.55 5465
0.55 5464
0.55 5463
0.55 5462
0.56 5461
0.56 5460
0.56 5459
0.56 5458
0.56 5457
0.56 5456
0.57 5455
0.57 5454
0.57 5453
0.57 5452
0.57 5451
0.57 5450
0.59 5449
0.59 5448
0.59 5447
0.59 5446
0.59 5445
0.59 5444
0.61 5443
0.61 5442
0.61 5441
0.61 5440
0.61 5439
0.61 5438
0.61 5437
0.62 5436
0.62 5435
0.62 5434
0.62 5433
0.62 5432
0.62 5431
0.64 5430
0.64 5429
0.64 5428
0.64 5427
0.65 5426
0.65 5425
0.65 5424
0.65 5423
0.65 5422
0.65 5421
0.65 5420
0.65 5419
0.65 5418
0.67 5417
0.67 5416
0.67 5415
0.67 5414
0.67 5413
0.67 5412
0.67 5411
0.67 5410
0.68 5409
0.68 5408
0.68 5407
0.68 5406
0.68 5405
0.68 5404
0.68 5403
0.70 5402
0.70 5401
0.70 5400
0.70 5399
0.70 5398
0.70 5397
0.70 5396
0.72 5395
0.72 5394
0.72 5393
0.72 5392
0.72 5391
0.72 5390
0.73 5389
0.73 5388
0.73 5387
0.73 5386
0.73 5385
0.73 5384
0.73 5383
0.75 5382
0.75 5381
0.75 5380
0.75 5379
0.76 5378
0.76 5377
0.76 5376
0.76 5375
0.77 5374
0.77 5373
0.77 5372
0.77 5371
0.77 5370
0.77 5369
0.77 5368
0.77 5367
0.77 5366
0.78 5365
0.78 5364
0.78 5363
0.78 5362
0.78 5361
0.78 5360
0.78 5359
0.79 5358
0.79 5357
0.79 5356
0.79 5355
0.80 5354
0.80 5353
0.80 5352
0.80 5351
0.80 5350
0.80 5349
0.80 5348
0.81 5347
0.81 5346
0.81 5345
0.81 5344
0.81 5343
0.81 5342
0.81 5341
0.83 5340
0.83 5339
0.83 5338
0.83 5337
0.83 5336
0.83 5335
0.84 5334
0.84 5333
0.85 5332
0.85 5331
0.85 5330
0.85 5329
0.86 5328
0.86 5327
0.86 5326
0.86 5325
0.86 5324
0.86 5323
0.86 5322
0.87 5321
0.87 5320
0.87 5319
0.87 5318
0.87 5317
0.87 5316
0.87 5315
0.89 5314
0.89 5313
0.89 5312
0.89 5311
0.89 5310
0.89 5309
0.91 5308
0.91 5307
0.91 5306
0.91 5305
0.91 5304
0.91 5303
0.92 5302
0.92 5301
0.92 5300
0.92 5299
0.92 5298
0.92 5297
0.92 5296
0.94 5295
0.94 5294
0.94 5293
0.94 5292
0.94 5291
0.95 5290
0.95 5289
0.95 5288
0.95 5287
0.95 5286
0.95 5285
0.95 5284
0.95 5283
0.95 5282
0.95 5281
0.97 5280
0.97 5279
0.97 5278
0.97 5277
0.97 5276
0.97 5275
0.97 5274
0.98 5273
0.98 5272
0.98 5271
0.98 5270
0.98 5269
0.98 5268
0.98 5267
1.00 5266
1.00 5265
1.00 5264
1.00 5263
1.00 5262
1.00 5261
1.00 5260
1.02 5259
1.02 5258
1.02 5257
1.02 5256
1.02 5255
1.02 5254
1.02 5253
1.03 5252
1.03 5251
1.03 5250
1.03 5249
1.03 5248
1.03 5247
1.05 5246
1.05 5245
1.05 5244
1.05 5243
1.05 5242
1.05 5241
1.05 5240
1.05 5239
1.05 5238
1.05 5237
1.05 5236
1.06 5235
1.06 5234
1.06 5233
1.06 5232
1.06 5231
1.06 5230
1.06 5229
1.06 5228
1.06 5227
1.06 5226
1.06 5225
1.08 5224
1.08 5223
1.08 5222
1.08 5221
1.08 5220
1.08 5219
1.08 5218
1.08 5217
1.08 5216
1.08 5215
1.08 5214
1.10 5213
1.10 5212
1.10 5211
1.10 5210
1.10 5209
1.10 5208
1.10 5207
1.10 5206
1.10 5205
1.10 5204
1.10 5203
1.11 5202
1.11 5201
1.11 5200
1.11 5199
1.11 5198
1.11 5197
1.11 5196
1.11 5195
1.13 5194
1.13 5193
1.13 5192
1.13 5191
1.13 5190
1.13 5189
1.13 5188
1.13 5187
1.13 5186
1.13 5185
1.13 5184
1.13 5183
1.14 5182
1.15 5181
1.15 5180
1.15 5179
1.15 5178
1.15 5177
1.15 5176
1.15 5175
1.15 5174
1.15 5173
1.16 5172
1.16 5171
1.16 5170
1.17 5169
1.17 5168
1.17 5167
1.17 5166
1.17 5165
1.18 5164
1.18 5163
1.18 5162
1.18 5161
1.18 5160
1.19 5159
1.19 5158
1.19 5157
1.19 5156
1.19 5155
1.20 5154
1.20 5153
1.20 5152
1.20 5151
1.20 5150
1.20 5149
1.20 5148
1.20 5147
1.20 5146
1.21 5145
1.21 5144
1.21 5143
1.21 5142
1.21 5141
1.21 5140
1.21 5139
1.21 5138
1.21 5137
1.21 5136
1.23 5135
1.23 5134
1.23 5133
1.23 5132
1.23 5131
1.23 5130
1.23 5129
1.23 5128
1.23 5127
1.23 5126
1.24 5125
1.24 5124
1.24 5123
1.24 5122
1.25 5121
1.25 5120
1.25 5119
1.25 5118
1.25 5117
1.25 5116
1.25 5115
1.26 5114
1.26 5113
1.26 5112
1.26 5111
1.26 5110
1.26 5109
1.26 5108
1.26 5107
1.26 5106
1.26 5105
1.27 5104
1.27 5103
1.27 5102
1.27 5101
1.27 5100
1.27 5099
1.27 5098
1.27 5097
1.27 5096
1.27 5095
1.29 5094
1.29 5093
1.29 5092
1.29 5091
1.29 5090
1.29 5089
1.29 5088
1.29 5087
1.29 5086
1.29 5085
1.31 5084
1.31 5083
1.31 5082
1.31 5081
1.31 5080
1.31 5079
1.31 5078
1.32 5077
1.32 5076
1.32 5075
1.32 5074
1.32 5073
1.32 5072
1.32 5071
1.32 5070
1.32 5069
1.32 5068
1.32 5067
1.32 5066
1.34 5065
1.34 5064
1.34 5063
1.34 5062
1.34 5061
1.34 5060
1.35 5059
1.35 5058
1.35 5057
1.35 5056
1.35 5055
1.35 5054
1.35 5053
1.35 5052
1.35 5051
1.35 5050
1.35 5049
1.35 5048
1.35 5047
1.35 5046
1.37 5045
1.37 5044
1.37 5043
1.37 5042
1.37 5041
1.37 5040
1.37 5039
1.37 5038
1.37 5037
1.38 5036
1.38 5035
1.38 5034
1.38 5033
1.38 5032
1.38 5031
1.40 5030
1.40 5029
1.40 5028
1.40 5027
1.40 5026
1.40 5025
1.42 5024
1.42 5023
1.42 5022
1.42 5021
1.42 5020
1.42 5019
1.42 5018
1.42 5017
1.42 5016
1.42 5015
1.43 5014
1.43 5013
1.43 5012
1.43 5011
1.43 5010
1.45 5009
1.45 5008
1.45 5007
1.45 5006
1.45 5005
1.45 5004
1.45 5003
1.45 5002
1.46 5001
1.46 5000
1.46 4999
1.46 4998
1.46 4997
1.46 4996
1.46 4995
1.46 4994
1.46 4993
1.46 4992
1.46 4991
1.48 4990
1.48 4989
1.48 4988
1.48 4987
1.48 4986
1.48 4985
1.48 4984
1.48 4983
1.48 4982
1.48 4981
1.48 4980
1.48 4979
1.49 4978
1.49 4977
1.49 4976
1.49 4975
1.49 4974
1.49 4973
1.49 4972
1.49 4971
1.49 4970
1.49 4969
1.49 4968
1.51 4967
1.51 4966
1.51 4965
1.51 4964
1.51 4963
1.51 4962
1.51 4961
1.51 4960
1.51 4959
1.51 4958
1.51 4957
1.51 4956
1.53 4955
1.53 4954
1.53 4953
1.53 4952
1.53 4951
1.53 4950
1.53 4949
1.53 4948
1.53 4947
1.53 4946
1.53 4945
1.54 4944
1.54 4943
1.54 4942
1.54 4941
1.55 4940
1.55 4939
1.55 4938
1.55 4937
1.55 4936
1.55 4935
1.55 4934
1.56 4933
1.56 4932
1.56 4931
1.56 4930
1.56 4929
1.56 4928
1.56 4927
1.56 4926
1.56 4925
1.56 4924
1.56 4923
1.57 4922
1.57 4921
1.57 4920
1.57 4919
1.57 4918
1.57 4917
1.57 4916
1.57 4915
1.57 4914
1.57 4913
1.57 4912
1.59 4911
1.59 4910
1.59 4909
1.59 4908
1.59 4907
1.59 4906
1.59 4905
1.59 4904
1.59 4903
1.59 4902
1.59 4901
1.59 4900
1.59 4899
1.61 4898
1.61 4897
1.61 4896
1.61 4895
1.61 4894
1.61 4893
1.61 4892
1.61 4891
1.61 4890
1.61 4889
1.61 4888
1.61 4887
1.61 4886
1.62 4885
1.62 4884
1.62 4883
1.62 4882
1.62 4881
1.62 4880
1.62 4879
1.62 4878
1.62 4877
1.62 4876
1.62 4875
1.62 4874
1.64 4873
1.64 4872
1.64 4871
1.64 4870
1.64 4869
1.64 4868
1.64 4867
1.64 4866
1.65 4865
1.65 4864
1.65 4863
1.65 4862
1.65 4861
1.65 4860
1.65 4859
1.65 4858
1.65 4857
1.65 4856
1.65 4855
1.65 4854
1.65 4853
1.65 4852
1.67 4851
1.67 4850
1.67 4849
1.67 4848
1.67 4847
1.67 4846
1.67 4845
1.67 4844
1.67 4843
1.67 4842
1.67 4841
1.67 4840
1.67 4839
1.68 4838
1.68 4837
1.68 4836
1.68 4835
1.68 4834
1.68 4833
1.68 4832
1.68 4831
1.68 4830
1.68 4829
1.68 4828
1.68 4827
1.68 4826
1.70 4825
1.70 4824
1.70 4823
1.70 4822
1.70 4821
1.70 4820
1.70 4819
1.70 4818
1.70 4817
1.70 4816
1.70 4815
1.70 4814
1.70 4813
1.70 4812
1.72 4811
1.72 4810
1.72 4809
1.72 4808
1.72 4807
1.72 4806
1.72 4805
1.72 4804
1.72 4803
1.72 4802
1.72 4801
1.72 4800
1.72 4799
1.72 4798
1.73 4797
1.73 4796
1.73 4795
1.73 4794
1.73 4793
1.73 4792
1.73 4791
1.73 4790
1.73 4789
1.73 4788
1.73 4787
1.73 4786
1.73 4785
1.73 4784
1.75 4783
1.75 4782
1.75 4781
1.75 4780
1.75 4779
1.75 4778
1.75 4777
1.75 4776
1.75 4775
1.75 4774
1.75 4773
1.75 4772
1.75 4771
1.76 4770
1.76 4769
1.76 4768
1.76 4767
1.76 4766
1.76 4765
1.76 4764
1.76 4763
1.76 4762
1.76 4761
1.76 4760
1.78 4759
1.78 4758
1.78 4757
1.78 4756
1.78 4755
1.78 4754
1.78 4753
1.78 4752
1.78 4751
1.78 4750
1.79 4749
1.79 4748
1.79 4747
1.79 4746
1.79 4745
1.79 4744
1.79 4743
1.79 4742
1.79 4741
1.79 4740
1.79 4739
1.79 4738
1.81 4737
1.81 4736
1.81 4735
1.81 4734
1.81 4733
1.81 4732
1.81 4731
1.81 4730
1.81 4729
1.81 4728
1.81 4727
1.81 4726
1.83 4725
1.83 4724
1.83 4723
1.83 4722
1.83 4721
1.83 4720
1.83 4719
1.83 4718
1.83 4717
1.83 4716
1.83 4715
1.83 4714
1.84 4713
1.84 4712
1.84 4711
1.85 4710
1.85 4709
1.85 4708
1.85 4707
1.85 4706
1.85 4705
1.86 4704
1.86 4703
1.86 4702
1.86 4701
1.86 4700
1.86 4699
1.86 4698
1.86 4697
1.86 4696
1.86 4695
1.86 4694
1.86 4693
1.86 4692
1.87 4691
1.87 4690
1.87 4689
1.87 4688
1.87 4687
1.87 4686
1.87 4685
1.87 4684
1.87 4683
1.87 4682
1.87 4681
1.87 4680
1.87 4679
1.89 4678
1.89 4677
1.89 4676
1.89 4675
1.89 4674
1.89 4673
1.89 4672
1.89 4671
1.89 4670
1.89 4669
1.89 4668
1.89 4667
1.91 4666
1.91 4665
1.91 4664
1.91 4663
1.91 4662
1.91 4661
1.91 4660
1.91 4659
1.91 4658
1.91 4657
1.91 4656
1.92 4655
1.92 4654
1.92 4653
1.92 4652
1.92 4651
1.92 4650
1.92 4649
1.92 4648
1.92 4647
1.92 4646
1.92 4645
1.92 4644
1.92 4643
1.94 4642
1.94 4641
1.94 4640
1.94 4639
1.95 4638
1.95 4637
1.95 4636
1.95 4635
1.95 4634
1.95 4633
1.95 4632
1.96 4631
1.96 4630
1.96 4629
1.96 4628
1.96 4627
1.96 4626
1.96 4625
1.96 4624
1.96 4623
1.96 4622
1.96 4621
1.97 4620
1.97 4619
1.97 4618
1.97 4617
1.97 4616
1.98 4615
1.98 4614
1.98 4613
1.98 4612
1.98 4611
1.98 4610
1.98 4609
1.99 4608
1.99 4607
1.99 4606
1.99 4605
2.00 4604
2.00 4603
2.00 4602
2.00 4601
2.00 4600
2.00 4599
2.00 4598
2.00 4597
2.00 4596
2.00 4595
2.01 4594
2.01 4593
2.01 4592
2.01 4591
2.01 4590
2.02 4589
2.02 4588
2.02 4587
2.02 4586
2.02 4585
2.02 4584
2.02 4583
2.02 4582
2.03 4581
2.03 4580
2.03 4579
2.03 4578
2.03 4577
2.03 4576
2.03 4575
2.03 4574
2.04 4573
2.04 4572
2.04 4571
2.04 4570
2.04 4569
2.04 4568
2.04 4567
2.04 4566
2.05 4565
2.05 4564
2.05 4563
2.05 4562
2.05 4561
2.05 4560
2.05 4559
2.05 4558
2.05 4557
2.06 4556
2.06 4555
2.06 4554
2.06 4553
2.06 4552
2.06 4551
2.06 4550
2.06 4549
2.07 4548
2.07 4547
2.07 4546
2.07 4545
2.07 4544
2.07 4543
2.07 4542
2.07 4541
2.08 4540
2.08 4539
2.08 4538
2.08 4537
2.08 4536
2.08 4535
2.08 4534
2.08 4533
2.09 4532
2.09 4531
2.09 4530
2.09 4529
2.09 4528
2.09 4527
2.10 4526
2.10 4525
2.10 4524
2.10 4523
2.10 4522
2.10 4521
2.10 4520
2.11 4519
2.11 4518
2.11 4517
2.11 4516
2.11 4515
2.11 4514
2.11 4513
2.11 4512
2.11 4511
2.12 4510
2.12 4509
2.12 4508
2.12 4507
2.12 4506
2.12 4505
2.12 4504
2.12 4503
2.13 4502
2.13 4501
2.13 4500
2.13 4499
2.13 4498
2.13 4497
2.13 4496
2.13 4495
2.14 4494
2.14 4493
2.14 4492
2.14 4491
2.14 4490
2.14 4489
2.14 4488
2.14 4487
2.15 4486
2.15 4485
2.15 4484
2.15 4483
2.15 4482
2.15 4481
2.15 4480
2.15 4479
2.15 4478
2.16 4477
2.16 4476
2.16 4475
2.16 4474
2.16 4473
2.16 4472
2.16 4471
2.16 4470
2.17 4469
2.17 4468
2.17 4467
2.17 4466
2.17 4465
2.17 4464
2.17 4463
2.18 4462
2.18 4461
2.18 4460
2.18 4459
2.18 4458
2.18 4457
2.18 4456
2.19 4455
2.19 4454
2.19 4453
2.19 4452
2.20 4451
2.20 4450
2.20 4449
2.20 4448
2.21 4447
2.21 4446
2.21 4445
2.21 4444
2.21 4443
2.21 4442
2.22 4441
2.22 4440
2.22 4439
2.22 4438
2.22 4437
2.23 4436
2.23 4435
2.23 4434
2.23 4433
2.23 4432
2.24 4431
2.24 4430
2.24 4429
2.24 4428
2.24 4427
2.25 4426
2.25 4425
2.25 4424
2.25 4423
2.25 4422
2.25 4421
2.26 4420
2.26 4419
2.26 4418
2.26 4417
2.27 4416
2.27 4415
2.27 4414
2.27 4413
2.27 4412
2.27 4411
2.28 4410
2.28 4409
2.28 4408
2.28 4407
2.28 4406
2.29 4405
2.29 4404
2.29 4403
2.29 4402
2.29 4401
2.30 4400
2.30 4399
2.30 4398
2.30 4397
2.30 4396
2.30 4395
2.30 4394
2.31 4393
2.31 4392
2.31 4391
2.31 4390
2.31 4389
2.31 4388
2.32 4387
2.32 4386
2.32 4385
2.32 4384
2.32 4383
2.32 4382
2.33 4381
2.33 4380
2.33 4379
2.33 4378
2.34 4377
2.34 4376
2.34 4375
2.34 4374
2.34 4373
2.34 4372
2.34 4371
2.34 4370
2.34 4369
2.35 4368
2.35 4367
2.35 4366
2.35 4365
2.35 4364
2.35 4363
2.35 4362
2.35 4361
2.36 4360
2.36 4359
2.36 4358
2.36 4357
2.36 4356
2.36 4355
2.36 4354
2.36 4353
2.36 4352
2.37 4351
2.37 4350
2.37 4349
2.37 4348
2.37 4347
2.37 4346
2.37 4345
2.37 4344
2.38 4343
2.38 4342
2.38 4341
2.38 4340
2.38 4339
2.38 4338
2.38 4337
2.38 4336
2.38 4335
2.39 4334
2.39 4333
2.39 4332
2.39 4331
2.39 4330
2.39 4329
2.39 4328
2.39 4327
2.39 4326
2.39 4325
2.40 4324
2.40 4323
2.40 4322
2.40 4321
2.40 4320
2.40 4319
2.40 4318
2.40 4317
2.41 4316
2.41 4315
2.41 4314
2.41 4313
2.41 4312
2.41 4311
2.41 4310
2.41 4309
2.42 4308
2.42 4307
2.42 4306
2.42 4305
2.42 4304
2.43 4303
2.43 4302
2.43 4301
2.43 4300
2.43 4299
2.43 4298
2.43 4297
2.43 4296
2.43 4295
2.44 4294
2.44 4293
2.44 4292
2.45 4291
2.45 4290
2.45 4289
2.45 4288
2.45 4287
2.45 4286
2.45 4285
2.45 4284
2.45 4283
2.45 4282
2.45 4281
2.45 4280
2.45 4279
2.46 4278
2.46 4277
2.46 4276
2.46 4275
2.46 4274
2.46 4273
2.46 4272
2.46 4271
2.46 4270
2.46 4269
2.46 4268
2.46 4267
2.46 4266
2.48 4265
2.48 4264
2.48 4263
2.48 4262
2.48 4261
2.48 4260
2.48 4259
2.48 4258
2.48 4257
2.48 4256
2.48 4255
2.48 4254
2.48 4253
2.48 4252
2.48 4251
2.49 4250
2.50 4249
2.50 4248
2.50 4247
2.50 4246
2.50 4245
2.50 4244
2.50 4243
2.50 4242
2.50 4241
2.50 4240
2.50 4239
2.50 4238
2.50 4237
2.50 4236
2.50 4235
2.50 4234
2.51 4233
2.51 4232
2.51 4231
2.51 4230
2.51 4229
2.51 4228
2.51 4227
2.51 4226
2.51 4225
2.51 4224
2.51 4223
2.51 4222
2.51 4221
2.51 4220
2.51 4219
2.53 4218
2.53 4217
2.53 4216
2.53 4215
2.53 4214
2.53 4213
2.53 4212
2.53 4211
2.53 4210
2.53 4209
2.53 4208
2.53 4207
2.53 4206
2.53 4205
2.53 4204
2.53 4203
2.53 4202
2.54 4201
2.54 4200
2.54 4199
2.54 4198
2.54 4197
2.54 4196
2.54 4195
2.55 4194
2.55 4193
2.55 4192
2.55 4191
2.55 4190
2.55 4189
2.55 4188
2.55 4187
2.55 4186
2.56 4185
2.56 4184
2.56 4183
2.56 4182
2.56 4181
2.56 4180
2.56 4179
2.56 4178
2.56 4177
2.56 4176
2.56 4175
2.56 4174
2.56 4173
2.56 4172
2.56 4171
2.57 4170
2.57 4169
2.57 4168
2.57 4167
2.57 4166
2.57 4165
2.57 4164
2.57 4163
2.57 4162
2.57 4161
2.57 4160
2.57 4159
2.57 4158
2.57 4157
2.59 4156
2.59 4155
2.59 4154
2.59 4153
2.59 4152
2.59 4151
2.59 4150
2.59 4149
2.59 4148
2.59 4147
2.59 4146
2.59 4145
2.59 4144
2.61 4143
2.61 4142
2.61 4141
2.61 4140
2.61 4139
2.61 4138
2.61 4137
2.61 4136
2.61 4135
2.61 4134
2.61 4133
2.61 4132
2.61 4131
2.61 4130
2.61 4129
2.62 4128
2.62 4127
2.62 4126
2.62 4125
2.62 4124
2.62 4123
2.62 4122
2.62 4121
2.62 4120
2.62 4119
2.62 4118
2.62 4117
2.62 4116
2.62 4115
2.62 4114
2.62 4113
2.62 4112
2.64 4111
2.64 4110
2.64 4109
2.64 4108
2.64 4107
2.64 4106
2.64 4105
2.64 4104
2.64 4103
2.64 4102
2.65 4101
2.65 4100
2.65 4099
2.65 4098
2.65 4097
2.65 4096
2.65 4095
2.65 4094
2.65 4093
2.65 4092
2.65 4091
2.65 4090
2.65 4089
2.65 4088
2.65 4087
2.65 4086
2.65 4085
2.65 4084
2.65 4083
2.65 4082
2.67 4081
2.67 4080
2.67 4079
2.67 4078
2.67 4077
2.67 4076
2.67 4075
2.67 4074
2.67 4073
2.67 4072
2.67 4071
2.67 4070
2.67 4069
2.68 4068
2.68 4067
2.68 4066
2.68 4065
2.68 4064
2.68 4063
2.68 4062
2.68 4061
2.68 4060
2.68 4059
2.68 4058
2.70 4057
2.70 4056
2.70 4055
2.70 4054
2.70 4053
2.70 4052
2.70 4051
2.70 4050
2.70 4049
2.70 4048
2.70 4047
2.70 4046
2.70 4045
2.72 4044
2.72 4043
2.72 4042
6.18 3942
6.18 3941
6.18 3940
6.19 3939
10.66 3938
19.66 3937
