0.83 1999
0.83 1998
0.83 1997
0.83 1996
0.83 1995
0.83 1994
0.83 1993
0.83 1992
0.83 1991
0.83 1990
0.83 1989
0.83 1988
0.83 1987
0.83 1986
0.83 1985
0.83 1984
0.83 1983
0.83 1982
0.83 1981
0.84 1980
0.84 1979
0.84 1978
0.84 1977
0.84 1976
0.84 1975
0.84 1974
0.84 1973
0.84 1972
0.84 1971
0.84 1970
0.84 1969
0.84 1968
0.84 1967
0.84 1966
0.84 1965
0.84 1964
0.84 1963
0.84 1962
0.85 1961
0.85 1960
0.85 1959
0.85 1958
0.85 1957
0.85 1956
0.85 1955
0.85 1954
0.85 1953
0.85 1952
0.85 1951
0.85 1950
0.85 1949
0.85 1948
0.85 1947
0.85 1946
0.85 1945
0.85 1944
0.85 1943
0.85 1942
0.86 1941
0.86 1940
0.86 1939
0.86 1938
0.86 1937
0.86 1936
0.86 1935
0.86 1934
0.86 1933
0.86 1932
0.86 1931
0.86 1930
0.86 1929
0.86 1928
0.86 1927
0.86 1926
0.86 1925
0.86 1924
0.87 1923
0.87 1922
0.87 1921
0.87 1920
0.87 1919
0.87 1918
0.87 1917
0.87 1916
0.87 1915
0.87 1914
0.87 1913
0.87 1912
0.87 1911
0.87 1910
0.87 1909
0.87 1908
0.87 1907
0.87 1906
0.87 1905
0.87 1904
0.87 1903
0.87 1902
0.87 1901
0.87 1900
0.87 1899
0.87 1898
0.87 1897
0.87 1896
0.87 1895
0.87 1894
0.87 1893
0.87 1892
0.87 1891
0.87 1890
0.87 1889
0.87 1888
0.87 1887
0.87 1886
0.89 1885
0.89 1884
0.89 1883
0.89 1882
0.89 1881
0.89 1880
0.89 1879
0.89 1878
0.89 1877
0.89 1876
0.89 1875
0.89 1874
0.89 1873
0.89 1872
0.89 1871
0.89 1870
0.89 1869
0.89 1868
0.89 1867
0.89 1866
0.89 1865
0.89 1864
0.89 1863
0.89 1862
0.89 1861
0.89 1860
0.89 1859
0.89 1858
0.89 1857
0.89 1856
0.89 1855
0.90 1854
0.90 1853
0.90 1852
0.90 1851
0.90 1850
0.90 1849
0.90 1848
0.90 1847
0.90 1846
0.90 1845
0.90 1844
0.90 1843
0.90 1842
0.90 1841
0.90 1840
0.90 1839
0.90 1838
0.90 1837
0.90 1836
0.90 1835
0.90 1834
0.90 1833
0.90 1832
0.90 1831
0.90 1830
0.92 1829
0.92 1828
0.92 1827
0.92 1826
0.92 1825
0.92 1824
0.92 1823
0.92 1822
0.92 1821
0.92 1820
0.92 1819
0.92 1818
0.92 1817
0.92 1816
0.92 1815
0.92 1814
0.92 1813
0.92 1812
0.92 1811
0.92 1810
0.92 1809
0.92 1808
0.92 1807
0.92 1806
0.92 1805
0.92 1804
0.92 1803
0.94 1802
0.94 1801
0.94 1800
0.94 1799
0.94 1798
0.94 1797
0.94 1796
0.94 1795
0.94 1794
0.94 1793
0.94 1792
0.94 1791
0.94 1790
0.94 1789
0.94 1788
0.94 1787
0.94 1786
0.94 1785
0.94 1784
0.94 1783
0.94 1782
0.94 1781
0.94 1780
0.94 1779
0.94 1778
0.95 1777
0.95 1776
0.95 1775
0.95 1774
0.95 1773
0.95 1772
0.95 1771
0.95 1770
0.95 1769
0.95 1768
0.95 1767
0.95 1766
0.95 1765
0.96 1764
0.96 1763
0.96 1762
0.96 1761
0.96 1760
0.96 1759
0.96 1758
0.96 1757
0.96 1756
0.96 1755
0.96 1754
0.96 1753
0.96 1752
0.96 1751
0.96 1750
0.96 1749
0.97 1748
0.97 1747
0.97 1746
0.97 1745
0.97 1744
0.97 1743
0.97 1742
0.97 1741
0.97 1740
0.97 1739
0.97 1738
0.97 1737
0.97 1736
0.97 1735
0.97 1734
0.97 1733
0.97 1732
0.98 1731
0.98 1730
0.98 1729
0.98 1728
0.98 1727
0.98 1726
0.98 1725
0.98 1724
0.98 1723
0.98 1722
0.98 1721
0.98 1720
0.98 1719
0.98 1718
0.98 1717
0.98 1716
0.98 1715
0.98 1714
0.98 1713
0.99 1712
0.99 1711
0.99 1710
0.99 1709
0.99 1708
0.99 1707
0.99 1706
0.99 1705
0.99 1704
0.99 1703
0.99 1702
0.99 1701
0.99 1700
0.99 1699
0.99 1698
0.99 1697
0.99 1696
0.99 1695
0.99 1694
1.00 1693
1.00 1692
1.00 1691
1.00 1690
1.00 1689
1.00 1688
1.00 1687
1.00 1686
1.00 1685
1.00 1684
1.00 1683
1.00 1682
1.00 1681
1.00 1680
1.00 1679
1.00 1678
1.00 1677
1.00 1676
1.00 1675
1.00 1674
1.00 1673
1.00 1672
1.00 1671
1.00 1670
1.00 1669
1.00 1668
1.00 1667
1.00 1666
1.00 1665
1.00 1664
1.00 1663
1.00 1662
1.01 1661
1.01 1660
1.01 1659
1.01 1658
1.01 1657
1.01 1656
1.01 1655
1.01 1654
1.01 1653
1.01 1652
1.01 1651
1.01 1650
1.01 1649
1.01 1648
1.01 1647
1.01 1646
1.01 1645
1.01 1644
1.01 1643
1.01 1642
1.01 1641
1.01 1640
1.01 1639
1.01 1638
1.03 1637
1.03 1636
1.03 1635
1.03 1634
1.03 1633
1.03 1632
1.03 1631
1.03 1630
1.03 1629
1.03 1628
1.03 1627
1.03 1626
1.03 1625
1.03 1624
1.03 1623
1.03 1622
1.03 1621
1.03 1620
1.04 1619
1.04 1618
1.04 1617
1.04 1616
1.04 1615
1.04 1614
1.04 1613
1.04 1612
1.04 1611
1.04 1610
1.04 1609
1.04 1608
1.04 1607
1.04 1606
1.04 1605
1.04 1604
1.04 1603
1.04 1602
1.04 1601
1.04 1600
1.05 1599
1.05 1598
1.05 1597
1.05 1596
1.05 1595
1.05 1594
1.05 1593
1.05 1592
1.05 1591
1.05 1590
1.05 1589
1.05 1588
1.05 1587
1.05 1586
1.05 1585
1.05 1584
1.05 1583
1.05 1582
1.05 1581
1.05 1580
1.05 1579
1.05 1578
1.05 1577
1.05 1576
1.05 1575
1.05 1574
1.06 1573
1.06 1572
1.06 1571
1.06 1570
1.06 1569
1.06 1568
1.07 1567
1.07 1566
1.07 1565
1.07 1564
1.07 1563
1.07 1562
1.07 1561
1.07 1560
1.07 1559
1.07 1558
1.07 1557
1.07 1556
1.07 1555
1.07 1554
1.07 1553
1.07 1552
1.07 1551
1.07 1550
1.07 1549
1.07 1548
1.07 1547
1.07 1546
1.08 1545
1.08 1544
1.08 1543
1.08 1542
1.08 1541
1.08 1540
1.08 1539
1.08 1538
1.08 1537
1.08 1536
1.08 1535
1.08 1534
1.08 1533
1.08 1532
1.08 1531
1.08 1530
1.08 1529
1.09 1528
1.09 1527
1.09 1526
1.09 1525
1.09 1524
1.09 1523
1.09 1522
1.09 1521
1.09 1520
1.09 1519
1.09 1518
1.09 1517
1.09 1516
1.09 1515
1.09 1514
1.09 1513
1.09 1512
1.09 1511
1.09 1510
1.09 1509
1.09 1508
1.09 1507
1.09 1506
1.09 1505
1.09 1504
1.09 1503
1.09 1502
1.09 1501
1.09 1500
1.09 1499
1.09 1498
1.09 1497
1.09 1496
1.09 1495
1.09 1494
1.09 1493
1.09 1492
1.09 1491
1.09 1490
1.09 1489
1.09 1488
1.09 1487
1.11 1486
1.11 1485
1.11 1484
1.11 1483
1.11 1482
1.11 1481
1.11 1480
1.11 1479
1.11 1478
1.11 1477
1.11 1476
1.11 1475
1.11 1474
1.11 1473
1.11 1472
1.11 1471
1.11 1470
1.11 1469
1.11 1468
1.11 1467
1.11 1466
1.11 1465
1.11 1464
1.11 1463
1.11 1462
1.11 1461
1.11 1460
1.11 1459
1.11 1458
1.11 1457
1.11 1456
1.13 1455
1.13 1454
1.13 1453
1.13 1452
1.13 1451
1.13 1450
1.13 1449
1.13 1448
1.13 1447
1.13 1446
1.13 1445
1.13 1444
1.13 1443
1.13 1442
1.13 1441
1.13 1440
1.13 1439
1.13 1438
1.13 1437
1.13 1436
1.13 1435
1.13 1434
1.13 1433
1.13 1432
1.13 1431
1.14 1430
1.14 1429
1.14 1428
1.14 1427
1.14 1426
1.14 1425
1.14 1424
1.14 1423
1.14 1422
1.14 1421
1.14 1420
1.14 1419
1.14 1418
1.14 1417
1.14 1416
1.14 1415
1.14 1414
1.14 1413
1.14 1412
1.14 1411
1.14 1410
1.14 1409
1.14 1408
1.14 1407
1.14 1406
1.14 1405
1.14 1404
1.14 1403
1.14 1402
1.16 1401
1.16 1400
1.16 1399
1.16 1398
1.16 1397
1.16 1396
1.16 1395
1.16 1394
1.16 1393
1.16 1392
1.16 1391
1.16 1390
1.16 1389
1.16 1388
1.16 1387
1.16 1386
1.17 1385
1.17 1384
1.17 1383
1.17 1382
1.17 1381
1.17 1380
1.17 1379
1.17 1378
1.17 1377
1.17 1376
1.17 1375
1.17 1374
1.17 1373
1.17 1372
1.17 1371
1.17 1370
1.17 1369
1.17 1368
1.17 1367
1.17 1366
1.17 1365
1.17 1364
1.17 1363
1.17 1362
1.17 1361
1.17 1360
1.17 1359
1.17 1358
1.17 1357
1.17 1356
1.17 1355
1.17 1354
1.17 1353
1.17 1352
1.17 1351
1.17 1350
1.17 1349
1.17 1348
1.17 1347
1.17 1346
1.17 1345
1.17 1344
1.17 1343
1.17 1342
1.17 1341
1.17 1340
1.17 1339
1.17 1338
1.17 1337
1.17 1336
1.17 1335
1.17 1334
1.17 1333
1.17 1332
1.17 1331
1.17 1330
1.19 1329
1.19 1328
1.19 1327
1.19 1326
1.19 1325
1.19 1324
1.19 1323
1.19 1322
1.19 1321
1.19 1320
1.19 1319
1.19 1318
1.19 1317
1.19 1316
1.19 1315
1.19 1314
1.19 1313
1.19 1312
1.19 1311
1.19 1310
1.19 1309
1.19 1308
1.19 1307
1.19 1306
1.19 1305
1.19 1304
1.19 1303
1.19 1302
1.19 1301
1.19 1300
1.19 1299
1.19 1298
1.19 1297
1.19 1296
1.21 1295
1.21 1294
1.21 1293
1.21 1292
1.21 1291
1.21 1290
1.21 1289
1.21 1288
1.21 1287
1.21 1286
1.21 1285
1.21 1284
1.21 1283
1.21 1282
1.21 1281
1.21 1280
1.21 1279
1.21 1278
1.21 1277
1.21 1276
1.21 1275
1.21 1274
1.21 1273
1.21 1272
1.21 1271
1.21 1270
1.21 1269
1.21 1268
1.21 1267
1.21 1266
1.21 1265
1.21 1264
1.21 1263
1.21 1262
1.21 1261
1.21 1260
1.21 1259
1.21 1258
1.21 1257
1.21 1256
1.22 1255
1.22 1254
1.22 1253
1.22 1252
1.22 1251
1.22 1250
1.22 1249
1.22 1248
1.22 1247
1.22 1246
1.22 1245
1.22 1244
1.22 1243
1.22 1242
1.22 1241
1.22 1240
1.22 1239
1.22 1238
1.22 1237
1.22 1236
1.22 1235
1.23 1234
1.23 1233
1.23 1232
1.23 1231
1.23 1230
1.23 1229
1.23 1228
1.23 1227
1.23 1226
1.23 1225
1.23 1224
1.23 1223
1.23 1222
1.23 1221
1.23 1220
1.23 1219
1.23 1218
1.23 1217
1.23 1216
1.23 1215
1.24 1214
1.24 1213
1.24 1212
1.24 1211
1.24 1210
1.24 1209
1.24 1208
1.24 1207
1.24 1206
1.24 1205
1.24 1204
1.24 1203
1.24 1202
1.24 1201
1.24 1200
1.24 1199
1.24 1198
1.24 1197
1.24 1196
1.24 1195
1.24 1194
1.24 1193
1.24 1192
1.24 1191
1.24 1190
1.24 1189
1.24 1188
1.24 1187
1.24 1186
1.24 1185
1.24 1184
1.25 1183
1.25 1182
1.25 1181
1.25 1180
1.25 1179
1.25 1178
1.25 1177
1.25 1176
1.25 1175
1.25 1174
1.25 1173
1.25 1172
1.25 1171
1.25 1170
1.25 1169
1.25 1168
1.25 1167
1.25 1166
1.25 1165
1.25 1164
1.25 1163
1.25 1162
1.25 1161
1.25 1160
1.25 1159
1.25 1158
1.25 1157
1.25 1156
1.25 1155
1.25 1154
1.25 1153
1.25 1152
1.27 1151
1.27 1150
1.27 1149
1.27 1148
1.27 1147
1.27 1146
1.27 1145
1.27 1144
1.27 1143
1.27 1142
1.27 1141
1.27 1140
1.27 1139
1.27 1138
1.27 1137
1.27 1136
1.27 1135
1.27 1134
1.27 1133
1.27 1132
1.27 1131
1.27 1130
1.27 1129
1.27 1128
1.27 1127
1.27 1126
1.27 1125
1.27 1124
1.27 1123
1.27 1122
1.27 1121
1.27 1120
1.27 1119
1.27 1118
1.27 1117
1.27 1116
1.27 1115
1.27 1114
1.27 1113
1.27 1112
1.28 1111
1.28 1110
1.28 1109
1.29 1108
1.29 1107
1.29 1106
1.29 1105
1.29 1104
1.29 1103
1.29 1102
1.29 1101
1.29 1100
1.29 1099
1.29 1098
1.29 1097
1.29 1096
1.29 1095
1.29 1094
1.29 1093
1.29 1092
1.29 1091
1.29 1090
1.29 1089
1.29 1088
1.29 1087
1.30 1086
1.30 1085
1.30 1084
1.30 1083
1.30 1082
1.30 1081
1.30 1080
1.30 1079
1.30 1078
1.30 1077
1.30 1076
1.30 1075
1.30 1074
1.30 1073
1.30 1072
1.30 1071
1.30 1070
1.30 1069
1.30 1068
1.30 1067
1.30 1066
1.30 1065
1.30 1064
1.30 1063
1.30 1062
1.30 1061
1.30 1060
1.30 1059
1.30 1058
1.30 1057
1.30 1056
1.30 1055
1.30 1054
1.30 1053
1.30 1052
1.30 1051
1.30 1050
1.30 1049
1.30 1048
1.30 1047
1.30 1046
1.30 1045
1.30 1044
1.30 1043
1.30 1042
1.30 1041
1.30 1040
1.30 1039
1.30 1038
1.30 1037
1.30 1036
1.32 1035
1.32 1034
1.32 1033
1.32 1032
1.32 1031
1.32 1030
1.32 1029
1.32 1028
1.32 1027
1.32 1026
1.32 1025
1.32 1024
1.32 1023
1.32 1022
1.32 1021
1.32 1020
1.32 1019
1.32 1018
1.32 1017
1.32 1016
1.32 1015
1.32 1014
1.32 1013
1.32 1012
1.32 1011
1.32 1010
1.32 1009
1.32 1008
1.32 1007
1.32 1006
1.32 1005
1.32 1004
1.32 1003
1.32 1002
1.32 1001
1.32 1000
