0.08 5677
0.08 5676
0.08 5675
0.10 5674
0.10 5673
0.10 5672
0.10 5671
0.10 5670
0.10 5669
0.10 5668
0.11 5667
0.11 5666
0.11 5665
0.11 5664
0.11 5663
0.11 5662
0.13 5661
0.13 5660
0.13 5659
0.13 5658
0.14 5657
0.14 5656
0.14 5655
0.14 5654
0.16 5653
0.16 5652
0.16 5651
0.16 5650
0.17 5649
0.17 5648
0.17 5647
0.17 5646
0.17 5645
0.19 5644
0.19 5643
0.19 5642
0.19 5641
0.19 5640
0.19 5639
0.21 5638
0.21 5637
0.21 5636
0.21 5635
0.22 5634
0.22 5633
0.22 5632
0.22 5631
0.22 5630
0.24 5629
0.24 5628
0.24 5627
0.24 5626
0.24 5625
0.24 5624
0.25 5623
0.25 5622
0.25 5621
0.25 5620
0.26 5619
0.26 5618
0.27 5617
0.27 5616
0.27 5615
0.27 5614
0.29 5613
0.29 5612
0.29 5611
0.29 5610
0.29 5609
0.29 5608
0.29 5607
0.30 5606
0.30 5605
0.30 5604
0.32 5603
0.32 5602
0.32 5601
0.33 5600
0.33 5599
0.33 5598
0.35 5597
0.35 5596
0.35 5595
0.35 5594
0.36 5593
0.37 5592
0.37 5591
0.37 5590
0.37 5589
0.37 5588
0.37 5587
0.38 5586
0.38 5585
0.38 5584
0.38 5583
0.38 5582
0.38 5581
0.40 5580
0.40 5579
0.40 5578
0.40 5577
0.40 5576
0.40 5575
0.40 5574
0.40 5573
0.41 5572
0.41 5571
0.41 5570
0.41 5569
0.41 5568
0.41 5567
0.41 5566
0.41 5565
0.41 5564
0.43 5563
0.43 5562
0.43 5561
0.43 5560
0.43 5559
0.43 5558
0.43 5557
0.44 5556
0.44 5555
0.44 5554
0.44 5553
0.44 5552
0.44 5551
0.44 5550
0.44 5549
0.44 5548
0.46 5547
0.46 5546
0.46 5545
0.46 5544
0.46 5543
0.46 5542
0.46 5541
0.46 5540
0.46 5539
0.46 5538
0.46 5537
0.48 5536
0.48 5535
0.48 5534
0.48 5533
0.48 5532
0.48 5531
0.48 5530
0.48 5529
0.48 5528
0.48 5527
0.48 5526
0.48 5525
0.49 5524
0.49 5523
0.49 5522
0.49 5521
0.49 5520
0.49 5519
0.51 5518
0.51 5517
0.51 5516
0.51 5515
0.51 5514
0.51 5513
0.51 5512
0.52 5511
0.52 5510
0.52 5509
0.52 5508
0.52 5507
0.52 5506
0.54 5505
0.54 5504
0.54 5503
0.55 5502
0.55 5501
0.55 5500
0.56 5499
0.56 5498
0.56 5497
0.56 5496
0.56 5495
0.57 5494
0.57 5493
0.57 5492
0.57 5491
0.58 5490
0.58 5489
0.58 5488
0.58 5487
0.58 5486
0.58 5485
0.58 5484
0.59 5483
0.59 5482
0.59 5481
0.59 5480
0.59 5479
0.59 5478
0.61 5477
0.61 5476
0.61 5475
0.61 5474
0.61 5473
0.61 5472
0.61 5471
0.63 5470
0.63 5469
0.63 5468
0.63 5467
0.63 5466
0.63 5465
0.64 5464
0.64 5463
0.64 5462
0.64 5461
0.64 5460
0.64 5459
0.66 5458
0.66 5457
0.66 5456
0.66 5455
0.66 5454
0.66 5453
0.66 5452
0.67 5451
0.67 5450
0.67 5449
0.67 5448
0.67 5447
0.67 5446
0.69 5445
0.69 5444
0.69 5443
0.69 5442
0.69 5441
0.69 5440
0.69 5439
0.70 5438
0.70 5437
0.70 5436
0.70 5435
0.70 5434
0.70 5433
0.72 5432
0.72 5431
0.72 5430
0.72 5429
0.72 5428
0.72 5427
0.74 5426
0.74 5425
0.74 5424
0.74 5423
0.74 5422
0.74 5421
0.74 5420
0.75 5419
0.75 5418
0.75 5417
0.75 5416
0.75 5415
0.76 5414
0.77 5413
0.77 5412
0.77 5411
0.77 5410
0.77 5409
0.77 5408
0.77 5407
0.78 5406
0.78 5405
0.78 5404
0.78 5403
0.78 5402
0.78 5401
0.78 5400
0.80 5399
0.80 5398
0.80 5397
0.80 5396
0.80 5395
0.80 5394
0.81 5393
0.81 5392
0.81 5391
0.81 5390
0.81 5389
0.81 5388
0.81 5387
0.83 5386
0.83 5385
0.83 5384
0.83 5383
0.83 5382
0.83 5381
0.85 5380
0.85 5379
0.85 5378
0.85 5377
0.85 5376
0.85 5375
0.85 5374
0.86 5373
0.86 5372
0.86 5371
0.86 5370
0.86 5369
0.86 5368
0.86 5367
0.88 5366
0.88 5365
0.88 5364
0.88 5363
0.88 5362
0.88 5361
0.89 5360
0.89 5359
0.89 5358
0.89 5357
0.89 5356
0.89 5355
0.89 5354
0.91 5353
0.91 5352
0.91 5351
0.91 5350
0.91 5349
0.91 5348
0.93 5347
0.93 5346
0.93 5345
0.93 5344
0.93 5343
0.93 5342
0.93 5341
0.94 5340
0.94 5339
0.94 5338
0.94 5337
0.94 5336
0.94 5335
0.96 5334
0.96 5333
0.96 5332
0.96 5331
0.96 5330
0.96 5329
0.96 5328
0.97 5327
0.97 5326
0.97 5325
0.97 5324
0.97 5323
0.97 5322
0.97 5321
0.99 5320
0.99 5319
0.99 5318
0.99 5317
0.99 5316
0.99 5315
0.99 5314
1.00 5313
1.00 5312
1.00 5311
1.00 5310
1.00 5309
1.00 5308
1.00 5307
1.02 5306
1.02 5305
1.02 5304
1.02 5303
1.02 5302
1.02 5301
1.02 5300
1.02 5299
1.04 5298
1.04 5297
1.04 5296
1.04 5295
1.04 5294
1.04 5293
1.04 5292
1.05 5291
1.05 5290
1.05 5289
1.05 5288
1.05 5287
1.05 5286
1.07 5285
1.07 5284
1.07 5283
1.07 5282
1.07 5281
1.07 5280
1.07 5279
1.07 5278
1.07 5277
1.08 5276
1.08 5275
1.08 5274
1.08 5273
1.08 5272
1.08 5271
1.08 5270
1.08 5269
1.10 5268
1.10 5267
1.10 5266
1.10 5265
1.10 5264
1.10 5263
1.10 5262
1.10 5261
1.11 5260
1.11 5259
1.11 5258
1.11 5257
1.11 5256
1.11 5255
1.11 5254
1.11 5253
1.13 5252
1.13 5251
1.13 5250
1.13 5249
1.13 5248
1.13 5247
1.13 5246
1.13 5245
1.15 5244
1.15 5243
1.15 5242
1.15 5241
1.15 5240
1.15 5239
1.15 5238
1.15 5237
1.16 5236
1.16 5235
1.17 5234
1.17 5233
1.17 5232
1.17 5231
1.17 5230
1.17 5229
1.18 5228
1.18 5227
1.18 5226
1.18 5225
1.18 5224
1.18 5223
1.18 5222
1.18 5221
1.19 5220
1.19 5219
1.19 5218
1.19 5217
1.19 5216
1.19 5215
1.19 5214
1.19 5213
1.19 5212
1.21 5211
1.21 5210
1.21 5209
1.21 5208
1.21 5207
1.21 5206
1.21 5205
1.21 5204
1.21 5203
1.22 5202
1.22 5201
1.22 5200
1.22 5199
1.22 5198
1.22 5197
1.22 5196
1.22 5195
1.22 5194
1.22 5193
1.22 5192
1.24 5191
1.24 5190
1.24 5189
1.25 5188
1.25 5187
1.25 5186
1.25 5185
1.25 5184
1.25 5183
1.25 5182
1.26 5181
1.26 5180
1.26 5179
1.26 5178
1.26 5177
1.26 5176
1.26 5175
1.27 5174
1.27 5173
1.27 5172
1.27 5171
1.27 5170
1.27 5169
1.27 5168
1.27 5167
1.28 5166
1.28 5165
1.28 5164
1.28 5163
1.28 5162
1.28 5161
1.29 5160
1.29 5159
1.29 5158
1.29 5157
1.29 5156
1.29 5155
1.29 5154
1.30 5153
1.30 5152
1.30 5151
1.30 5150
1.30 5149
1.30 5148
1.30 5147
1.30 5146
1.31 5145
1.31 5144
1.31 5143
1.31 5142
1.31 5141
1.31 5140
1.31 5139
1.31 5138
1.32 5137
1.32 5136
1.32 5135
1.32 5134
1.32 5133
1.32 5132
1.32 5131
1.32 5130
1.33 5129
1.33 5128
1.33 5127
1.33 5126
1.33 5125
1.33 5124
1.33 5123
1.33 5122
1.34 5121
1.34 5120
1.34 5119
1.34 5118
1.34 5117
1.34 5116
1.34 5115
1.34 5114
1.35 5113
1.35 5112
1.35 5111
1.35 5110
1.35 5109
1.35 5108
1.35 5107
1.35 5106
1.35 5105
1.36 5104
1.36 5103
1.36 5102
1.36 5101
1.36 5100
1.36 5099
1.36 5098
1.36 5097
1.37 5096
1.37 5095
1.37 5094
1.37 5093
1.37 5092
1.37 5091
1.37 5090
1.37 5089
1.38 5088
1.38 5087
1.38 5086
1.38 5085
1.38 5084
1.38 5083
1.38 5082
1.38 5081
1.38 5080
1.38 5079
1.39 5078
1.39 5077
1.39 5076
1.39 5075
1.39 5074
1.39 5073
1.39 5072
1.40 5071
1.40 5070
1.40 5069
1.40 5068
1.40 5067
1.40 5066
1.40 5065
1.40 5064
1.41 5063
1.41 5062
1.41 5061
1.41 5060
1.41 5059
1.41 5058
1.41 5057
1.41 5056
1.42 5055
1.42 5054
1.42 5053
1.42 5052
1.42 5051
1.42 5050
1.42 5049
1.42 5048
1.42 5047
1.43 5046
1.43 5045
1.43 5044
1.43 5043
1.43 5042
1.43 5041
1.43 5040
1.43 5039
1.43 5038
1.43 5037
1.44 5036
1.44 5035
1.44 5034
1.44 5033
1.44 5032
1.44 5031
1.44 5030
1.44 5029
1.45 5028
1.45 5027
1.45 5026
1.45 5025
1.45 5024
1.45 5023
1.45 5022
1.45 5021
1.46 5020
1.46 5019
1.46 5018
1.46 5017
1.46 5016
1.46 5015
1.46 5014
1.46 5013
1.47 5012
1.47 5011
1.47 5010
1.47 5009
1.47 5008
1.47 5007
1.47 5006
1.47 5005
1.47 5004
1.48 5003
1.48 5002
1.48 5001
1.48 5000
1.48 4999
1.48 4998
1.48 4997
1.48 4996
1.49 4995
1.49 4994
1.49 4993
1.49 4992
1.49 4991
1.49 4990
1.49 4989
1.49 4988
1.49 4987
1.50 4986
1.50 4985
1.50 4984
1.50 4983
1.50 4982
1.50 4981
1.50 4980
1.50 4979
1.51 4978
1.51 4977
1.51 4976
1.51 4975
1.51 4974
1.51 4973
1.51 4972
1.51 4971
1.52 4970
1.52 4969
1.52 4968
1.52 4967
1.52 4966
1.52 4965
1.52 4964
1.52 4963
1.52 4962
1.53 4961
1.53 4960
1.53 4959
1.53 4958
1.53 4957
1.53 4956
1.53 4955
1.53 4954
1.54 4953
1.54 4952
1.54 4951
1.54 4950
1.54 4949
1.54 4948
1.54 4947
1.54 4946
1.54 4945
1.54 4944
1.55 4943
1.55 4942
1.55 4941
1.55 4940
1.55 4939
1.55 4938
1.55 4937
1.55 4936
1.55 4935
1.56 4934
1.56 4933
1.56 4932
1.56 4931
1.56 4930
1.56 4929
1.56 4928
1.56 4927
1.57 4926
1.57 4925
1.57 4924
1.57 4923
1.57 4922
1.57 4921
1.57 4920
1.57 4919
1.57 4918
1.58 4917
1.58 4916
1.58 4915
1.58 4914
1.58 4913
1.58 4912
1.58 4911
1.58 4910
1.58 4909
1.59 4908
1.59 4907
1.59 4906
1.59 4905
1.59 4904
1.59 4903
1.59 4902
1.59 4901
1.59 4900
1.59 4899
1.60 4898
1.60 4897
1.60 4896
1.60 4895
1.60 4894
1.60 4893
1.60 4892
1.60 4891
1.60 4890
1.61 4889
1.61 4888
1.61 4887
1.61 4886
1.61 4885
1.61 4884
1.61 4883
1.61 4882
1.61 4881
1.61 4880
1.61 4879
1.62 4878
1.62 4877
1.62 4876
1.62 4875
1.62 4874
1.62 4873
1.62 4872
1.62 4871
1.62 4870
1.63 4869
1.63 4868
1.63 4867
1.63 4866
1.63 4865
1.63 4864
1.63 4863
1.63 4862
1.63 4861
1.63 4860
1.64 4859
1.64 4858
1.64 4857
1.64 4856
1.64 4855
1.64 4854
1.64 4853
1.64 4852
1.64 4851
1.64 4850
1.65 4849
1.65 4848
1.65 4847
1.65 4846
1.65 4845
1.65 4844
1.65 4843
1.65 4842
1.65 4841
1.66 4840
1.66 4839
1.66 4838
1.66 4837
1.66 4836
1.66 4835
1.66 4834
1.66 4833
1.66 4832
1.66 4831
1.67 4830
1.67 4829
1.67 4828
1.67 4827
1.67 4826
1.67 4825
1.67 4824
1.67 4823
1.67 4822
1.68 4821
1.68 4820
1.68 4819
1.68 4818
1.68 4817
1.68 4816
1.68 4815
1.68 4814
1.68 4813
1.68 4812
1.69 4811
1.69 4810
1.69 4809
1.69 4808
1.69 4807
1.69 4806
1.69 4805
1.69 4804
1.69 4803
1.70 4802
1.70 4801
1.70 4800
1.70 4799
1.70 4798
1.70 4797
1.70 4796
1.70 4795
1.70 4794
1.70 4793
1.71 4792
1.71 4791
1.71 4790
1.71 4789
1.71 4788
1.71 4787
1.71 4786
1.71 4785
1.71 4784
1.71 4783
1.72 4782
1.72 4781
1.72 4780
1.72 4779
1.72 4778
1.72 4777
1.72 4776
1.72 4775
1.72 4774
1.73 4773
1.73 4772
1.73 4771
1.73 4770
1.73 4769
1.73 4768
1.73 4767
1.73 4766
1.73 4765
1.73 4764
1.73 4763
1.74 4762
1.74 4761
1.74 4760
1.74 4759
1.74 4758
1.74 4757
1.74 4756
1.74 4755
1.74 4754
1.75 4753
1.75 4752
1.75 4751
1.75 4750
1.75 4749
1.75 4748
1.75 4747
1.75 4746
1.75 4745
1.75 4744
1.76 4743
1.76 4742
1.76 4741
1.76 4740
1.76 4739
1.76 4738
1.76 4737
1.76 4736
1.76 4735
1.76 4734
1.77 4733
1.77 4732
1.77 4731
1.77 4730
1.77 4729
1.77 4728
1.77 4727
1.77 4726
1.77 4725
1.77 4724
1.78 4723
1.78 4722
1.78 4721
1.78 4720
1.78 4719
1.78 4718
1.78 4717
1.78 4716
1.79 4715
1.79 4714
1.79 4713
1.79 4712
1.79 4711
1.79 4710
1.79 4709
1.79 4708
1.79 4707
1.80 4706
1.80 4705
1.80 4704
1.80 4703
1.80 4702
1.80 4701
1.80 4700
1.80 4699
1.80 4698
1.81 4697
1.81 4696
1.81 4695
1.81 4694
1.81 4693
1.81 4692
1.81 4691
1.81 4690
1.82 4689
1.82 4688
1.82 4687
1.82 4686
1.82 4685
1.82 4684
1.82 4683
1.82 4682
1.82 4681
1.83 4680
1.83 4679
1.83 4678
1.83 4677
1.83 4676
1.83 4675
1.83 4674
1.83 4673
1.83 4672
1.84 4671
1.84 4670
1.84 4669
1.84 4668
1.84 4667
1.84 4666
1.84 4665
1.84 4664
1.84 4663
1.85 4662
1.85 4661
1.85 4660
1.85 4659
1.85 4658
1.85 4657
1.85 4656
1.85 4655
1.85 4654
1.86 4653
1.86 4652
1.86 4651
1.86 4650
1.86 4649
1.86 4648
1.86 4647
1.86 4646
1.86 4645
1.87 4644
1.87 4643
1.87 4642
1.87 4641
1.87 4640
1.87 4639
1.87 4638
1.87 4637
1.87 4636
1.87 4635
1.88 4634
1.88 4633
1.88 4632
1.88 4631
1.88 4630
1.88 4629
1.88 4628
1.88 4627
1.88 4626
1.89 4625
1.89 4624
1.89 4623
1.89 4622
1.89 4621
1.89 4620
1.89 4619
1.89 4618
1.89 4617
1.90 4616
1.90 4615
1.90 4614
1.90 4613
1.90 4612
1.90 4611
1.90 4610
1.90 4609
1.90 4608
1.91 4607
1.91 4606
1.91 4605
1.91 4604
1.91 4603
1.91 4602
1.91 4601
1.91 4600
1.91 4599
1.92 4598
1.92 4597
1.92 4596
1.92 4595
1.92 4594
1.92 4593
1.92 4592
1.92 4591
1.92 4590
1.92 4589
1.93 4588
1.93 4587
1.93 4586
1.93 4585
1.93 4584
1.93 4583
1.93 4582
1.93 4581
1.93 4580
1.94 4579
1.94 4578
1.94 4577
1.94 4576
1.94 4575
1.94 4574
1.94 4573
1.94 4572
1.94 4571
1.94 4570
1.95 4569
1.95 4568
1.95 4567
1.95 4566
1.95 4565
1.95 4564
1.95 4563
1.95 4562
1.95 4561
1.95 4560
1.96 4559
1.96 4558
1.96 4557
1.96 4556
1.96 4555
1.96 4554
1.96 4553
1.96 4552
1.96 4551
1.96 4550
1.97 4549
1.97 4548
1.97 4547
1.97 4546
1.97 4545
1.97 4544
1.97 4543
1.97 4542
1.97 4541
1.97 4540
1.98 4539
1.98 4538
1.98 4537
1.98 4536
1.98 4535
1.98 4534
1.98 4533
1.98 4532
1.98 4531
1.99 4530
1.99 4529
1.99 4528
1.99 4527
1.99 4526
1.99 4525
1.99 4524
1.99 4523
1.99 4522
1.99 4521
2.00 4520
2.00 4519
2.00 4518
2.00 4517
2.00 4516
2.00 4515
2.00 4514
2.00 4513
2.00 4512
2.00 4511
2.01 4510
2.01 4509
2.01 4508
2.01 4507
2.01 4506
2.01 4505
2.01 4504
2.01 4503
2.01 4502
2.01 4501
2.02 4500
2.02 4499
2.02 4498
2.02 4497
2.02 4496
2.02 4495
2.02 4494
2.02 4493
2.02 4492
2.03 4491
2.03 4490
2.03 4489
2.03 4488
2.03 4487
2.03 4486
2.03 4485
2.03 4484
2.03 4483
2.03 4482
2.04 4481
2.04 4480
2.04 4479
2.04 4478
2.04 4477
2.04 4476
2.04 4475
2.04 4474
2.04 4473
2.04 4472
2.04 4471
2.04 4470
2.05 4469
2.05 4468
2.05 4467
2.05 4466
2.05 4465
2.05 4464
2.05 4463
2.05 4462
2.05 4461
2.06 4460
2.06 4459
2.06 4458
2.06 4457
2.06 4456
2.06 4455
2.06 4454
2.06 4453
2.06 4452
2.06 4451
2.07 4450
2.07 4449
2.07 4448
2.07 4447
2.07 4446
2.07 4445
2.07 4444
2.07 4443
2.07 4442
2.07 4441
2.07 4440
2.08 4439
2.08 4438
2.08 4437
2.08 4436
2.08 4435
2.08 4434
2.08 4433
2.08 4432
2.08 4431
2.09 4430
2.09 4429
2.09 4428
2.09 4427
2.09 4426
2.09 4425
2.09 4424
2.09 4423
2.09 4422
2.09 4421
2.10 4420
2.10 4419
2.10 4418
2.10 4417
2.10 4416
2.10 4415
2.10 4414
2.10 4413
2.10 4412
2.10 4411
2.11 4410
2.11 4409
2.11 4408
2.11 4407
2.11 4406
2.11 4405
2.11 4404
2.11 4403
2.11 4402
2.11 4401
2.12 4400
2.12 4399
2.12 4398
2.12 4397
2.12 4396
2.12 4395
2.12 4394
2.12 4393
2.12 4392
2.12 4391
2.13 4390
2.13 4389
2.13 4388
2.13 4387
2.13 4386
2.13 4385
2.13 4384
2.13 4383
2.13 4382
2.13 4381
2.14 4380
2.14 4379
2.14 4378
2.14 4377
2.14 4376
2.14 4375
2.14 4374
2.14 4373
2.14 4372
2.14 4371
2.15 4370
2.15 4369
2.15 4368
2.15 4367
2.15 4366
2.15 4365
2.15 4364
2.15 4363
2.15 4362
2.15 4361
2.16 4360
2.16 4359
2.16 4358
2.16 4357
2.16 4356
2.16 4355
2.16 4354
2.16 4353
2.16 4352
2.16 4351
2.17 4350
2.17 4349
2.17 4348
2.17 4347
2.17 4346
2.17 4345
2.18 4344
2.18 4343
2.18 4342
2.18 4341
2.18 4340
2.18 4339
2.18 4338
2.18 4337
2.18 4336
2.18 4335
2.19 4334
2.19 4333
2.19 4332
2.19 4331
2.19 4330
2.19 4329
2.19 4328
2.19 4327
2.19 4326
2.19 4325
2.19 4324
2.19 4323
2.20 4322
2.20 4321
2.20 4320
2.20 4319
2.20 4318
2.20 4317
2.20 4316
2.20 4315
2.20 4314
2.20 4313
2.21 4312
2.21 4311
2.21 4310
2.21 4309
2.21 4308
2.21 4307
2.21 4306
2.21 4305
2.21 4304
2.21 4303
2.22 4302
2.22 4301
2.22 4300
2.22 4299
2.22 4298
2.22 4297
2.22 4296
2.22 4295
2.22 4294
2.22 4293
2.23 4292
2.23 4291
2.23 4290
2.23 4289
2.23 4288
2.23 4287
2.23 4286
2.23 4285
2.23 4284
2.23 4283
2.24 4282
2.24 4281
2.24 4280
2.24 4279
2.24 4278
2.24 4277
2.24 4276
2.24 4275
2.24 4274
2.25 4273
2.25 4272
2.25 4271
2.25 4270
2.25 4269
2.25 4268
2.25 4267
2.25 4266
2.25 4265
2.25 4264
2.26 4263
2.26 4262
2.26 4261
2.26 4260
2.26 4259
2.26 4258
2.26 4257
2.26 4256
2.26 4255
2.26 4254
2.27 4253
2.27 4252
2.27 4251
2.27 4250
2.27 4249
2.27 4248
2.27 4247
2.27 4246
2.27 4245
2.27 4244
2.28 4243
2.28 4242
2.28 4241
2.28 4240
2.28 4239
2.28 4238
2.28 4237
2.28 4236
2.28 4235
2.28 4234
2.28 4233
2.29 4232
2.29 4231
2.29 4230
2.29 4229
2.29 4228
2.29 4227
2.29 4226
2.29 4225
2.29 4224
2.30 4223
2.30 4222
2.30 4221
2.30 4220
2.30 4219
2.30 4218
2.30 4217
2.30 4216
2.31 4215
2.31 4214
2.31 4213
2.31 4212
2.31 4211
2.31 4210
2.31 4209
2.31 4208
2.31 4207
2.32 4206
2.32 4205
2.32 4204
2.32 4203
2.32 4202
2.32 4201
2.32 4200
2.32 4199
2.32 4198
2.33 4197
2.33 4196
2.33 4195
2.33 4194
2.33 4193
2.33 4192
2.33 4191
2.33 4190
2.33 4189
2.34 4188
2.34 4187
2.34 4186
2.34 4185
2.34 4184
2.34 4183
2.34 4182
2.34 4181
2.35 4180
2.35 4179
2.35 4178
2.35 4177
2.35 4176
2.35 4175
2.35 4174
2.35 4173
2.35 4172
2.36 4171
2.36 4170
2.36 4169
2.36 4168
2.36 4167
2.36 4166
2.36 4165
2.36 4164
2.36 4163
2.37 4162
2.37 4161
2.37 4160
2.37 4159
2.37 4158
2.37 4157
2.37 4156
2.37 4155
2.37 4154
2.37 4153
2.38 4152
2.38 4151
2.38 4150
2.38 4149
2.38 4148
2.38 4147
2.38 4146
2.38 4145
2.38 4144
2.38 4143
2.39 4142
2.39 4141
2.39 4140
2.39 4139
2.39 4138
2.39 4137
2.39 4136
2.39 4135
2.39 4134
2.39 4133
2.39 4132
2.39 4131
2.40 4130
2.40 4129
2.40 4128
2.40 4127
2.40 4126
2.40 4125
2.40 4124
2.40 4123
2.40 4122
2.41 4121
2.41 4120
2.41 4119
2.41 4118
2.41 4117
2.41 4116
2.41 4115
2.41 4114
2.41 4113
2.42 4112
2.42 4111
2.42 4110
2.42 4109
2.42 4108
2.42 4107
2.42 4106
2.42 4105
2.42 4104
2.42 4103
2.43 4102
2.43 4101
2.43 4100
2.43 4099
2.43 4098
2.43 4097
2.43 4096
2.43 4095
2.43 4094
2.43 4093
2.44 4092
2.44 4091
2.44 4090
2.44 4089
2.44 4088
2.44 4087
2.44 4086
2.44 4085
2.44 4084
2.45 4083
2.45 4082
2.45 4081
2.45 4080
2.45 4079
2.45 4078
2.45 4077
2.45 4076
2.45 4075
2.45 4074
2.46 4073
2.46 4072
2.46 4071
2.46 4070
2.46 4069
2.46 4068
2.46 4067
2.46 4066
2.46 4065
2.47 4064
2.47 4063
2.47 4062
2.47 4061
2.47 4060
2.47 4059
2.47 4058
2.47 4057
2.47 4056
2.48 4055
2.48 4054
2.48 4053
2.48 4052
2.48 4051
2.48 4050
2.48 4049
2.48 4048
2.48 4047
2.49 4046
2.49 4045
2.49 4044
2.49 4043
2.49 4042
5.59 3942
5.59 3941
5.59 3940
5.59 3939
5.59 3938
5.59 3937
