0.79 1999
0.79 1998
0.79 1997
0.79 1996
0.79 1995
0.79 1994
0.79 1993
0.79 1992
0.79 1991
0.79 1990
0.79 1989
0.79 1988
0.79 1987
0.79 1986
0.79 1985
0.79 1984
0.79 1983
0.79 1982
0.80 1981
0.80 1980
0.80 1979
0.80 1978
0.80 1977
0.80 1976
0.80 1975
0.80 1974
0.80 1973
0.80 1972
0.80 1971
0.80 1970
0.80 1969
0.80 1968
0.80 1967
0.80 1966
0.80 1965
0.80 1964
0.80 1963
0.80 1962
0.80 1961
0.80 1960
0.80 1959
0.80 1958
0.80 1957
0.80 1956
0.80 1955
0.80 1954
0.80 1953
0.80 1952
0.80 1951
0.80 1950
0.80 1949
0.81 1948
0.81 1947
0.81 1946
0.81 1945
0.81 1944
0.81 1943
0.81 1942
0.81 1941
0.81 1940
0.81 1939
0.81 1938
0.81 1937
0.81 1936
0.81 1935
0.81 1934
0.81 1933
0.81 1932
0.81 1931
0.81 1930
0.81 1929
0.81 1928
0.81 1927
0.81 1926
0.81 1925
0.81 1924
0.81 1923
0.81 1922
0.81 1921
0.81 1920
0.81 1919
0.81 1918
0.81 1917
0.81 1916
0.81 1915
0.81 1914
0.83 1913
0.83 1912
0.83 1911
0.83 1910
0.83 1909
0.83 1908
0.83 1907
0.83 1906
0.83 1905
0.83 1904
0.83 1903
0.83 1902
0.83 1901
0.83 1900
0.83 1899
0.83 1898
0.83 1897
0.83 1896
0.83 1895
0.83 1894
0.83 1893
0.83 1892
0.83 1891
0.83 1890
0.83 1889
0.83 1888
0.83 1887
0.83 1886
0.83 1885
0.83 1884
0.83 1883
0.83 1882
0.83 1881
0.83 1880
0.83 1879
0.84 1878
0.84 1877
0.84 1876
0.84 1875
0.84 1874
0.84 1873
0.84 1872
0.84 1871
0.84 1870
0.84 1869
0.84 1868
0.84 1867
0.84 1866
0.84 1865
0.84 1864
0.84 1863
0.84 1862
0.84 1861
0.84 1860
0.84 1859
0.84 1858
0.84 1857
0.84 1856
0.84 1855
0.84 1854
0.84 1853
0.84 1852
0.84 1851
0.84 1850
0.84 1849
0.84 1848
0.84 1847
0.84 1846
0.84 1845
0.84 1844
0.86 1843
0.86 1842
0.86 1841
0.86 1840
0.86 1839
0.86 1838
0.86 1837
0.86 1836
0.86 1835
0.86 1834
0.86 1833
0.86 1832
0.86 1831
0.86 1830
0.86 1829
0.86 1828
0.86 1827
0.86 1826
0.86 1825
0.86 1824
0.86 1823
0.86 1822
0.86 1821
0.86 1820
0.86 1819
0.86 1818
0.86 1817
0.86 1816
0.86 1815
0.86 1814
0.86 1813
0.86 1812
0.86 1811
0.86 1810
0.86 1809
0.86 1808
0.86 1807
0.87 1806
0.87 1805
0.87 1804
0.87 1803
0.87 1802
0.87 1801
0.87 1800
0.87 1799
0.87 1798
0.87 1797
0.87 1796
0.87 1795
0.87 1794
0.87 1793
0.87 1792
0.87 1791
0.87 1790
0.87 1789
0.87 1788
0.87 1787
0.87 1786
0.87 1785
0.87 1784
0.87 1783
0.87 1782
0.87 1781
0.87 1780
0.87 1779
0.87 1778
0.87 1777
0.87 1776
0.87 1775
0.87 1774
0.87 1773
0.87 1772
0.87 1771
0.89 1770
0.89 1769
0.89 1768
0.89 1767
0.89 1766
0.89 1765
0.89 1764
0.89 1763
0.89 1762
0.89 1761
0.89 1760
0.89 1759
0.89 1758
0.89 1757
0.89 1756
0.89 1755
0.89 1754
0.89 1753
0.89 1752
0.89 1751
0.89 1750
0.89 1749
0.89 1748
0.89 1747
0.89 1746
0.89 1745
0.89 1744
0.89 1743
0.89 1742
0.89 1741
0.89 1740
0.89 1739
0.89 1738
0.89 1737
0.89 1736
0.89 1735
0.89 1734
0.90 1733
0.90 1732
0.90 1731
0.90 1730
0.90 1729
0.90 1728
0.90 1727
0.90 1726
0.90 1725
0.90 1724
0.90 1723
0.90 1722
0.90 1721
0.90 1720
0.90 1719
0.90 1718
0.90 1717
0.90 1716
0.90 1715
0.90 1714
0.90 1713
0.90 1712
0.90 1711
0.90 1710
0.90 1709
0.90 1708
0.90 1707
0.90 1706
0.90 1705
0.90 1704
0.90 1703
0.90 1702
0.90 1701
0.90 1700
0.90 1699
0.90 1698
0.92 1697
0.92 1696
0.92 1695
0.92 1694
0.92 1693
0.92 1692
0.92 1691
0.92 1690
0.92 1689
0.92 1688
0.92 1687
0.92 1686
0.92 1685
0.92 1684
0.92 1683
0.92 1682
0.92 1681
0.92 1680
0.93 1679
0.93 1678
0.93 1677
0.93 1676
0.93 1675
0.93 1674
0.93 1673
0.93 1672
0.93 1671
0.93 1670
0.93 1669
0.93 1668
0.93 1667
0.93 1666
0.93 1665
0.93 1664
0.93 1663
0.93 1662
0.93 1661
0.93 1660
0.93 1659
0.93 1658
0.94 1657
0.94 1656
0.94 1655
0.94 1654
0.94 1653
0.94 1652
0.94 1651
0.94 1650
0.94 1649
0.94 1648
0.94 1647
0.94 1646
0.94 1645
0.94 1644
0.94 1643
0.94 1642
0.94 1641
0.94 1640
0.94 1639
0.94 1638
0.94 1637
0.94 1636
0.94 1635
0.94 1634
0.94 1633
0.94 1632
0.94 1631
0.94 1630
0.94 1629
0.94 1628
0.94 1627
0.94 1626
0.94 1625
0.94 1624
0.94 1623
0.94 1622
0.95 1621
0.95 1620
0.95 1619
0.95 1618
0.95 1617
0.95 1616
0.95 1615
0.95 1614
0.95 1613
0.95 1612
0.95 1611
0.95 1610
0.95 1609
0.95 1608
0.95 1607
0.95 1606
0.95 1605
0.95 1604
0.95 1603
0.95 1602
0.95 1601
0.95 1600
0.95 1599
0.95 1598
0.95 1597
0.95 1596
0.95 1595
0.95 1594
0.95 1593
0.95 1592
0.95 1591
0.95 1590
0.95 1589
0.95 1588
0.95 1587
0.95 1586
0.95 1585
0.95 1584
0.95 1583
0.97 1582
0.97 1581
0.97 1580
0.97 1579
0.97 1578
0.97 1577
0.97 1576
0.97 1575
0.97 1574
0.97 1573
0.97 1572
0.97 1571
0.97 1570
0.97 1569
0.97 1568
0.97 1567
0.97 1566
0.97 1565
0.97 1564
0.97 1563
0.97 1562
0.97 1561
0.97 1560
0.97 1559
0.97 1558
0.97 1557
0.97 1556
0.97 1555
0.97 1554
0.97 1553
0.97 1552
0.97 1551
0.97 1550
0.97 1549
0.97 1548
0.97 1547
0.98 1546
0.98 1545
0.98 1544
0.98 1543
0.98 1542
0.98 1541
0.98 1540
0.98 1539
0.98 1538
0.98 1537
0.98 1536
0.98 1535
0.98 1534
0.98 1533
0.98 1532
0.98 1531
0.98 1530
0.98 1529
0.98 1528
0.98 1527
0.98 1526
0.98 1525
0.98 1524
0.98 1523
0.98 1522
0.98 1521
0.98 1520
0.98 1519
0.98 1518
0.98 1517
0.98 1516
0.98 1515
0.98 1514
0.98 1513
0.98 1512
0.98 1511
0.98 1510
1.00 1509
1.00 1508
1.00 1507
1.00 1506
1.00 1505
1.00 1504
1.00 1503
1.00 1502
1.00 1501
1.00 1500
1.00 1499
1.00 1498
1.00 1497
1.00 1496
1.00 1495
1.00 1494
1.00 1493
1.00 1492
1.00 1491
1.00 1490
1.00 1489
1.00 1488
1.00 1487
1.00 1486
1.00 1485
1.00 1484
1.00 1483
1.00 1482
1.00 1481
1.00 1480
1.00 1479
1.00 1478
1.00 1477
1.00 1476
1.00 1475
1.00 1474
1.00 1473
1.00 1472
1.02 1471
1.02 1470
1.02 1469
1.02 1468
1.02 1467
1.02 1466
1.02 1465
1.02 1464
1.02 1463
1.02 1462
1.02 1461
1.02 1460
1.02 1459
1.02 1458
1.02 1457
1.02 1456
1.02 1455
1.02 1454
1.02 1453
1.02 1452
1.02 1451
1.02 1450
1.02 1449
1.02 1448
1.02 1447
1.02 1446
1.02 1445
1.02 1444
1.02 1443
1.02 1442
1.03 1441
1.03 1440
1.03 1439
1.03 1438
1.03 1437
1.03 1436
1.03 1435
1.03 1434
1.03 1433
1.03 1432
1.03 1431
1.03 1430
1.03 1429
1.03 1428
1.03 1427
1.03 1426
1.03 1425
1.03 1424
1.03 1423
1.03 1422
1.03 1421
1.03 1420
1.03 1419
1.03 1418
1.03 1417
1.03 1416
1.03 1415
1.03 1414
1.03 1413
1.03 1412
1.03 1411
1.03 1410
1.03 1409
1.03 1408
1.03 1407
1.03 1406
1.03 1405
1.03 1404
1.03 1403
1.03 1402
1.03 1401
1.03 1400
1.03 1399
1.05 1398
1.05 1397
1.05 1396
1.05 1395
1.05 1394
1.05 1393
1.05 1392
1.05 1391
1.05 1390
1.05 1389
1.05 1388
1.05 1387
1.05 1386
1.05 1385
1.05 1384
1.05 1383
1.05 1382
1.05 1381
1.05 1380
1.05 1379
1.05 1378
1.05 1377
1.05 1376
1.05 1375
1.05 1374
1.05 1373
1.05 1372
1.05 1371
1.05 1370
1.05 1369
1.05 1368
1.05 1367
1.05 1366
1.06 1365
1.06 1364
1.06 1363
1.06 1362
1.06 1361
1.06 1360
1.06 1359
1.06 1358
1.06 1357
1.06 1356
1.06 1355
1.06 1354
1.06 1353
1.06 1352
1.06 1351
1.06 1350
1.06 1349
1.06 1348
1.06 1347
1.06 1346
1.06 1345
1.06 1344
1.06 1343
1.06 1342
1.06 1341
1.06 1340
1.06 1339
1.06 1338
1.06 1337
1.08 1336
1.08 1335
1.08 1334
1.08 1333
1.08 1332
1.08 1331
1.08 1330
1.08 1329
1.08 1328
1.08 1327
1.08 1326
1.08 1325
1.08 1324
1.08 1323
1.08 1322
1.08 1321
1.08 1320
1.08 1319
1.08 1318
1.08 1317
1.08 1316
1.08 1315
1.08 1314
1.08 1313
1.08 1312
1.08 1311
1.08 1310
1.10 1309
1.10 1308
1.10 1307
1.10 1306
1.10 1305
1.10 1304
1.10 1303
1.10 1302
1.10 1301
1.10 1300
1.10 1299
1.10 1298
1.10 1297
1.10 1296
1.10 1295
1.10 1294
1.10 1293
1.10 1292
1.10 1291
1.10 1290
1.10 1289
1.10 1288
1.10 1287
1.10 1286
1.11 1285
1.11 1284
1.11 1283
1.11 1282
1.11 1281
1.11 1280
1.11 1279
1.11 1278
1.11 1277
1.11 1276
1.11 1275
1.11 1274
1.11 1273
1.11 1272
1.11 1271
1.11 1270
1.11 1269
1.11 1268
1.11 1267
1.11 1266
1.11 1265
1.13 1264
1.13 1263
1.13 1262
1.13 1261
1.13 1260
1.13 1259
1.13 1258
1.13 1257
1.13 1256
1.13 1255
1.13 1254
1.13 1253
1.13 1252
1.13 1251
1.13 1250
1.13 1249
1.13 1248
1.13 1247
1.13 1246
1.13 1245
1.13 1244
1.13 1243
1.13 1242
1.13 1241
1.13 1240
1.13 1239
1.13 1238
1.14 1237
1.14 1236
1.14 1235
1.14 1234
1.14 1233
1.14 1232
1.14 1231
1.14 1230
1.14 1229
1.14 1228
1.14 1227
1.14 1226
1.14 1225
1.14 1224
1.14 1223
1.14 1222
1.14 1221
1.14 1220
1.14 1219
1.14 1218
1.14 1217
1.14 1216
1.14 1215
1.14 1214
1.14 1213
1.14 1212
1.14 1211
1.14 1210
1.14 1209
1.14 1208
1.14 1207
1.14 1206
1.14 1205
1.16 1204
1.16 1203
1.16 1202
1.16 1201
1.16 1200
1.16 1199
1.16 1198
1.16 1197
1.16 1196
1.16 1195
1.16 1194
1.16 1193
1.16 1192
1.16 1191
1.16 1190
1.16 1189
1.16 1188
1.16 1187
1.16 1186
1.16 1185
1.16 1184
1.16 1183
1.16 1182
1.16 1181
1.16 1180
1.16 1179
1.16 1178
1.16 1177
1.16 1176
1.16 1175
1.16 1174
1.16 1173
1.16 1172
1.16 1171
1.16 1170
1.17 1169
1.17 1168
1.17 1167
1.17 1166
1.17 1165
1.17 1164
1.17 1163
1.17 1162
1.17 1161
1.17 1160
1.17 1159
1.17 1158
1.17 1157
1.17 1156
1.17 1155
1.17 1154
1.17 1153
1.17 1152
1.17 1151
1.17 1150
1.17 1149
1.17 1148
1.17 1147
1.17 1146
1.17 1145
1.17 1144
1.17 1143
1.17 1142
1.17 1141
1.17 1140
1.17 1139
1.17 1138
1.17 1137
1.17 1136
1.17 1135
1.17 1134
1.17 1133
1.17 1132
1.19 1131
1.19 1130
1.19 1129
1.19 1128
1.19 1127
1.19 1126
1.19 1125
1.19 1124
1.19 1123
1.19 1122
1.19 1121
1.19 1120
1.19 1119
1.19 1118
1.19 1117
1.19 1116
1.19 1115
1.19 1114
1.19 1113
1.19 1112
1.19 1111
1.19 1110
1.19 1109
1.19 1108
1.19 1107
1.19 1106
1.19 1105
1.19 1104
1.19 1103
1.19 1102
1.19 1101
1.19 1100
1.19 1099
1.19 1098
1.19 1097
1.19 1096
1.19 1095
1.19 1094
1.19 1093
1.19 1092
1.19 1091
1.19 1090
1.19 1089
1.19 1088
1.21 1087
1.21 1086
1.21 1085
1.21 1084
1.21 1083
1.21 1082
1.21 1081
1.21 1080
1.21 1079
1.21 1078
1.21 1077
1.21 1076
1.21 1075
1.21 1074
1.21 1073
1.21 1072
1.21 1071
1.21 1070
1.21 1069
1.21 1068
1.21 1067
1.21 1066
1.21 1065
1.21 1064
1.21 1063
1.21 1062
1.21 1061
1.21 1060
1.21 1059
1.21 1058
1.21 1057
1.21 1056
1.21 1055
1.21 1054
1.21 1053
1.21 1052
1.21 1051
1.21 1050
1.21 1049
1.21 1048
1.21 1047
1.21 1046
1.21 1045
1.22 1044
1.22 1043
1.22 1042
1.22 1041
1.22 1040
1.22 1039
1.22 1038
1.22 1037
1.22 1036
1.22 1035
1.22 1034
1.22 1033
1.22 1032
1.22 1031
1.22 1030
1.22 1029
1.22 1028
1.22 1027
1.22 1026
1.22 1025
1.22 1024
1.23 1023
1.23 1022
1.23 1021
1.23 1020
1.23 1019
1.23 1018
1.23 1017
1.23 1016
1.23 1015
1.23 1014
1.23 1013
1.23 1012
1.23 1011
1.23 1010
1.23 1009
1.23 1008
1.23 1007
1.23 1006
1.23 1005
1.23 1004
1.23 1003
1.23 1002
1.23 1001
1.24 1000
