1.05 1499
1.05 1498
1.05 1497
1.05 1496
1.05 1495
1.05 1494
1.06 1493
1.06 1492
1.06 1491
1.06 1490
1.06 1489
1.06 1488
1.07 1487
1.07 1486
1.07 1485
1.07 1484
1.07 1483
1.07 1482
1.07 1481
1.07 1480
1.07 1479
1.07 1478
1.07 1477
1.07 1476
1.07 1475
1.07 1474
1.08 1473
1.08 1472
1.08 1471
1.08 1470
1.08 1469
1.08 1468
1.08 1467
1.08 1466
1.08 1465
1.08 1464
1.08 1463
1.08 1462
1.08 1461
1.08 1460
1.08 1459
1.08 1458
1.09 1457
1.09 1456
1.09 1455
1.09 1454
1.09 1453
1.09 1452
1.09 1451
1.09 1450
1.09 1449
1.10 1448
1.10 1447
1.10 1446
1.10 1445
1.10 1444
4.00 1442
4.00 1441
4.00 1440
4.02 1439
10.00 1438
