0.03 3735
0.03 3734
0.03 3733
0.03 3732
0.03 3731
0.03 3730
0.03 3729
0.03 3728
0.04 3727
0.04 3726
0.04 3725
0.04 3724
0.04 3723
0.04 3722
0.04 3721
0.04 3720
0.04 3719
0.04 3718
0.04 3717
0.06 3716
0.06 3715
0.06 3714
0.06 3713
0.06 3712
0.06 3711
0.06 3710
0.06 3709
0.06 3708
0.06 3707
0.06 3706
0.07 3705
0.07 3704
0.07 3703
0.07 3702
0.07 3701
0.07 3700
0.07 3699
0.07 3698
0.07 3697
0.07 3696
0.07 3695
0.07 3694
0.07 3693
0.07 3692
0.07 3691
0.09 3690
0.09 3689
0.09 3688
0.09 3687
0.09 3686
0.09 3685
0.09 3684
0.09 3683
0.09 3682
0.09 3681
0.09 3680
0.09 3679
0.09 3678
0.10 3677
0.10 3676
0.10 3675
0.10 3674
0.10 3673
0.10 3672
0.10 3671
0.10 3670
0.10 3669
0.10 3668
0.10 3667
0.10 3666
0.10 3665
0.10 3664
0.10 3663
0.10 3662
0.10 3661
0.10 3660
0.10 3659
0.10 3658
0.10 3657
0.10 3656
0.10 3655
0.10 3654
0.10 3653
0.12 3652
0.12 3651
0.12 3650
0.12 3649
0.12 3648
0.12 3647
0.12 3646
0.12 3645
0.12 3644
0.12 3643
0.12 3642
0.12 3641
0.12 3640
0.12 3639
0.12 3638
0.12 3637
0.12 3636
0.12 3635
0.12 3634
0.12 3633
0.14 3632
0.14 3631
0.14 3630
0.14 3629
0.14 3628
0.14 3627
0.14 3626
0.14 3625
0.14 3624
0.14 3623
0.14 3622
0.14 3621
0.14 3620
0.14 3619
0.14 3618
0.14 3617
0.15 3616
0.15 3615
0.15 3614
0.15 3613
0.15 3612
0.15 3611
0.15 3610
0.15 3609
0.15 3608
0.15 3607
0.15 3606
0.15 3605
0.15 3604
0.15 3603
0.15 3602
0.15 3601
0.15 3600
0.15 3599
0.15 3598
0.17 3597
0.17 3596
0.17 3595
0.17 3594
0.17 3593
0.17 3592
0.17 3591
0.17 3590
0.17 3589
0.17 3588
0.17 3587
0.17 3586
0.17 3585
0.17 3584
0.17 3583
0.17 3582
0.17 3581
0.17 3580
0.17 3579
0.17 3578
0.18 3577
0.18 3576
0.18 3575
0.18 3574
0.18 3573
0.18 3572
0.18 3571
0.18 3570
0.18 3569
0.18 3568
0.18 3567
0.18 3566
0.18 3565
0.18 3564
0.18 3563
0.18 3562
0.18 3561
0.18 3560
0.18 3559
0.18 3558
0.20 3557
0.20 3556
0.20 3555
0.20 3554
0.20 3553
0.20 3552
0.20 3551
0.20 3550
0.22 3549
0.22 3548
0.22 3547
0.22 3546
0.22 3545
0.22 3544
0.22 3543
0.22 3542
0.22 3541
0.22 3540
0.22 3539
0.22 3538
0.22 3537
0.22 3536
0.22 3535
0.22 3534
0.22 3533
0.22 3532
0.22 3531
0.22 3530
0.22 3529
0.23 3528
0.23 3527
0.23 3526
0.23 3525
0.23 3524
0.23 3523
0.23 3522
0.23 3521
0.23 3520
0.23 3519
0.23 3518
0.23 3517
0.23 3516
0.25 3515
0.25 3514
0.25 3513
0.25 3512
0.25 3511
0.25 3510
0.25 3509
0.25 3508
0.25 3507
0.25 3506
0.25 3505
0.25 3504
0.25 3503
0.25 3502
0.25 3501
0.25 3500
0.25 3499
0.25 3498
0.25 3497
0.25 3496
0.26 3495
0.26 3494
0.26 3493
0.26 3492
0.26 3491
0.26 3490
0.26 3489
0.26 3488
0.26 3487
0.26 3486
0.26 3485
0.26 3484
0.26 3483
0.28 3482
0.28 3481
0.28 3480
0.28 3479
0.28 3478
0.28 3477
0.28 3476
0.28 3475
0.28 3474
0.28 3473
0.28 3472
0.28 3471
0.28 3470
0.28 3469
0.28 3468
0.28 3467
0.28 3466
0.28 3465
0.30 3464
0.30 3463
0.30 3462
0.30 3461
0.30 3460
0.30 3459
0.30 3458
0.30 3457
0.30 3456
0.30 3455
0.30 3454
0.30 3453
0.31 3452
0.31 3451
0.31 3450
0.31 3449
0.31 3448
0.31 3447
0.31 3446
0.31 3445
0.31 3444
0.31 3443
0.31 3442
0.31 3441
0.31 3440
0.31 3439
0.31 3438
0.31 3437
0.31 3436
0.31 3435
0.31 3434
0.31 3433
0.31 3432
0.33 3431
0.33 3430
0.33 3429
0.33 3428
0.33 3427
0.33 3426
0.33 3425
0.33 3424
0.33 3423
0.33 3422
0.33 3421
0.33 3420
0.33 3419
0.33 3418
0.33 3417
0.33 3416
0.33 3415
0.33 3414
0.33 3413
0.33 3412
0.34 3411
0.34 3410
0.34 3409
0.34 3408
0.34 3407
0.34 3406
0.34 3405
0.34 3404
0.34 3403
0.34 3402
0.34 3401
0.34 3400
0.36 3399
0.36 3398
0.36 3397
0.36 3396
0.36 3395
0.36 3394
0.36 3393
0.36 3392
0.36 3391
0.36 3390
0.36 3389
0.36 3388
0.37 3387
0.37 3386
0.37 3385
0.37 3384
0.37 3383
0.37 3382
0.37 3381
0.37 3380
0.37 3379
0.37 3378
0.37 3377
0.37 3376
0.39 3375
0.39 3374
0.39 3373
0.39 3372
0.39 3371
0.39 3370
0.39 3369
0.39 3368
0.40 3367
0.40 3366
0.40 3365
0.40 3364
0.40 3363
0.41 3362
0.41 3361
0.41 3360
0.41 3359
0.41 3358
0.41 3357
0.41 3356
0.41 3355
0.41 3354
0.41 3353
0.41 3352
0.41 3351
0.41 3350
0.41 3349
0.41 3348
0.41 3347
0.41 3346
0.41 3345
0.41 3344
0.41 3343
0.41 3342
0.42 3341
0.42 3340
0.42 3339
0.42 3338
0.42 3337
0.42 3336
0.42 3335
0.42 3334
0.42 3333
0.42 3332
0.42 3331
0.42 3330
0.42 3329
0.42 3328
0.42 3327
0.42 3326
0.42 3325
0.42 3324
0.42 3323
0.42 3322
0.42 3321
0.42 3320
0.42 3319
0.42 3318
0.44 3317
0.44 3316
0.44 3315
0.44 3314
0.44 3313
0.44 3312
0.44 3311
0.44 3310
0.44 3309
0.44 3308
0.44 3307
0.44 3306
0.44 3305
0.44 3304
0.44 3303
0.44 3302
0.44 3301
0.44 3300
0.44 3299
0.44 3298
0.44 3297
0.44 3296
0.45 3295
0.45 3294
0.45 3293
0.45 3292
0.45 3291
0.45 3290
0.45 3289
0.45 3288
0.45 3287
0.45 3286
0.45 3285
0.45 3284
0.45 3283
0.45 3282
0.45 3281
0.45 3280
0.45 3279
0.45 3278
0.45 3277
0.45 3276
0.45 3275
0.47 3274
0.47 3273
0.47 3272
0.47 3271
0.47 3270
0.47 3269
0.47 3268
0.47 3267
0.47 3266
0.47 3265
0.47 3264
0.47 3263
0.47 3262
0.47 3261
0.47 3260
0.47 3259
0.47 3258
0.47 3257
0.47 3256
0.47 3255
0.49 3254
0.49 3253
0.49 3252
0.49 3251
0.49 3250
0.49 3249
0.49 3248
0.49 3247
0.49 3246
0.49 3245
0.49 3244
0.49 3243
0.49 3242
0.49 3241
0.49 3240
0.49 3239
0.49 3238
0.50 3237
0.50 3236
0.50 3235
0.50 3234
0.50 3233
0.50 3232
0.50 3231
0.50 3230
0.50 3229
0.50 3228
0.50 3227
0.50 3226
0.50 3225
0.50 3224
0.50 3223
0.50 3222
0.52 3221
0.52 3220
0.52 3219
0.52 3218
0.52 3217
0.52 3216
0.52 3215
0.52 3214
0.52 3213
0.52 3212
0.52 3211
0.52 3210
0.52 3209
0.52 3208
0.52 3207
0.52 3206
0.52 3205
0.52 3204
0.53 3203
0.53 3202
0.53 3201
0.53 3200
0.53 3199
0.53 3198
0.53 3197
0.53 3196
0.53 3195
0.53 3194
0.53 3193
0.53 3192
0.53 3191
0.53 3190
0.53 3189
0.53 3188
0.53 3187
0.55 3186
0.55 3185
0.55 3184
0.55 3183
0.55 3182
0.55 3181
0.55 3180
0.55 3179
0.55 3178
0.55 3177
0.55 3176
0.55 3175
0.55 3174
0.55 3173
0.55 3172
0.57 3171
0.57 3170
0.57 3169
0.57 3168
0.57 3167
0.57 3166
0.57 3165
0.57 3164
0.57 3163
0.57 3162
0.57 3161
0.57 3160
0.57 3159
0.57 3158
0.57 3157
0.57 3156
0.57 3155
0.57 3154
0.57 3153
0.57 3152
0.57 3151
0.57 3150
0.57 3149
0.57 3148
0.57 3147
0.58 3146
0.58 3145
0.58 3144
0.58 3143
0.58 3142
0.58 3141
0.58 3140
0.58 3139
0.58 3138
0.58 3137
0.58 3136
0.58 3135
0.58 3134
0.58 3133
0.58 3132
0.58 3131
0.58 3130
0.58 3129
0.58 3128
0.58 3127
0.58 3126
0.58 3125
0.58 3124
0.58 3123
0.58 3122
0.60 3121
0.60 3120
0.60 3119
0.60 3118
0.60 3117
0.60 3116
0.60 3115
0.60 3114
0.60 3113
0.60 3112
0.60 3111
0.60 3110
0.60 3109
0.61 3108
0.61 3107
0.61 3106
0.61 3105
0.61 3104
0.61 3103
0.61 3102
0.61 3101
0.61 3100
0.61 3099
0.61 3098
0.61 3097
0.61 3096
0.61 3095
0.61 3094
0.61 3093
0.61 3092
0.63 3091
0.63 3090
0.63 3089
0.63 3088
0.63 3087
0.63 3086
0.63 3085
0.63 3084
0.63 3083
0.63 3082
0.63 3081
0.63 3080
0.63 3079
0.64 3078
0.64 3077
0.64 3076
0.64 3075
0.64 3074
0.64 3073
0.64 3072
0.64 3071
0.64 3070
0.64 3069
0.64 3068
0.64 3067
0.64 3066
0.66 3065
0.66 3064
0.66 3063
0.66 3062
0.66 3061
0.66 3060
0.67 3059
0.67 3058
0.67 3057
0.67 3056
0.67 3055
0.67 3054
0.68 3053
0.68 3052
0.68 3051
0.68 3050
0.68 3049
0.68 3048
0.68 3047
0.68 3046
0.68 3045
0.68 3044
0.69 3043
0.69 3042
0.69 3041
0.69 3040
0.69 3039
0.69 3038
0.69 3037
0.69 3036
0.69 3035
0.69 3034
0.69 3033
0.69 3032
0.69 3031
0.69 3030
0.69 3029
0.70 3028
0.70 3027
0.70 3026
0.70 3025
0.70 3024
0.70 3023
0.70 3022
0.70 3021
0.70 3020
0.70 3019
0.70 3018
0.71 3017
0.71 3016
0.71 3015
0.71 3014
0.71 3013
0.71 3012
0.71 3011
0.71 3010
0.71 3009
0.71 3008
0.71 3007
0.72 3006
0.72 3005
0.72 3004
0.72 3003
0.72 3002
0.72 3001
0.72 3000
0.72 2999
0.72 2998
0.72 2997
0.73 2996
0.73 2995
0.73 2994
0.73 2993
0.73 2992
0.73 2991
0.73 2990
0.73 2989
0.73 2988
0.73 2987
0.73 2986
0.73 2985
0.73 2984
0.73 2983
0.73 2982
0.73 2981
0.73 2980
0.73 2979
0.73 2978
0.74 2977
0.74 2976
0.74 2975
0.74 2974
0.74 2973
0.74 2972
0.74 2971
0.74 2970
0.74 2969
0.74 2968
0.74 2967
0.74 2966
0.74 2965
0.74 2964
0.74 2963
0.74 2962
0.74 2961
0.74 2960
0.74 2959
0.74 2958
0.75 2957
0.75 2956
0.75 2955
0.75 2954
0.75 2953
0.75 2952
0.75 2951
0.75 2950
0.75 2949
0.75 2948
0.75 2947
0.75 2946
0.75 2945
0.75 2944
0.75 2943
0.75 2942
0.75 2941
0.75 2940
0.75 2939
0.77 2938
0.77 2937
0.77 2936
0.77 2935
0.77 2934
0.77 2933
0.77 2932
0.77 2931
0.77 2930
0.77 2929
0.77 2928
0.77 2927
0.77 2926
0.77 2925
0.77 2924
0.77 2923
0.77 2922
0.77 2921
0.79 2920
0.79 2919
0.79 2918
0.79 2917
0.79 2916
0.79 2915
0.79 2914
0.79 2913
0.79 2912
0.79 2911
0.79 2910
0.79 2909
0.79 2908
0.79 2907
0.79 2906
0.79 2905
0.79 2904
0.79 2903
0.79 2902
0.80 2901
0.80 2900
0.80 2899
0.80 2898
0.80 2897
0.80 2896
0.80 2895
0.80 2894
0.80 2893
0.80 2892
0.80 2891
0.80 2890
0.80 2889
0.80 2888
0.80 2887
0.80 2886
0.80 2885
0.80 2884
0.80 2883
0.80 2882
0.80 2881
0.80 2880
0.80 2879
0.82 2878
0.82 2877
0.82 2876
0.82 2875
0.82 2874
0.82 2873
0.82 2872
0.82 2871
0.82 2870
0.82 2869
0.82 2868
0.82 2867
0.82 2866
0.82 2865
0.82 2864
0.82 2863
0.82 2862
0.82 2861
0.82 2860
0.82 2859
0.82 2858
0.82 2857
0.82 2856
0.82 2855
0.82 2854
0.82 2853
0.83 2852
0.83 2851
0.83 2850
0.83 2849
0.83 2848
0.83 2847
0.83 2846
0.83 2845
0.83 2844
0.83 2843
0.83 2842
0.83 2841
0.83 2840
0.83 2839
0.83 2838
0.83 2837
0.83 2836
0.83 2835
0.83 2834
0.83 2833
0.83 2832
0.83 2831
0.85 2830
0.85 2829
0.85 2828
0.85 2827
0.85 2826
0.85 2825
0.85 2824
0.85 2823
0.85 2822
0.85 2821
0.85 2820
0.85 2819
0.85 2818
0.86 2817
0.86 2816
0.86 2815
0.86 2814
0.86 2813
0.86 2812
0.86 2811
0.86 2810
0.86 2809
0.86 2808
0.87 2807
0.87 2806
0.87 2805
0.87 2804
0.87 2803
0.87 2802
0.87 2801
0.87 2800
0.87 2799
0.87 2798
0.87 2797
0.87 2796
0.87 2795
0.87 2794
0.87 2793
0.87 2792
0.87 2791
0.87 2790
0.87 2789
0.87 2788
0.87 2787
0.88 2786
0.88 2785
0.88 2784
0.88 2783
0.88 2782
0.88 2781
0.88 2780
0.89 2779
0.89 2778
0.89 2777
0.89 2776
0.89 2775
0.89 2774
0.89 2773
0.89 2772
0.89 2771
0.89 2770
0.89 2769
0.89 2768
0.89 2767
0.90 2766
0.90 2765
0.90 2764
0.90 2763
0.90 2762
0.90 2761
0.90 2760
0.90 2759
0.90 2758
0.90 2757
0.90 2756
0.91 2755
0.91 2754
0.91 2753
0.91 2752
0.91 2751
0.91 2750
0.91 2749
0.91 2748
0.91 2747
0.91 2746
0.91 2745
0.91 2744
0.91 2743
0.91 2742
0.91 2741
0.91 2740
0.92 2739
0.92 2738
0.92 2737
0.92 2736
0.92 2735
0.92 2734
0.92 2733
0.92 2732
0.92 2731
0.92 2730
0.92 2729
0.92 2728
0.92 2727
0.92 2726
0.92 2725
0.92 2724
0.92 2723
0.92 2722
0.92 2721
0.92 2720
0.92 2719
0.92 2718
0.92 2717
0.92 2716
0.93 2715
0.93 2714
0.93 2713
0.93 2712
0.93 2711
0.93 2710
0.93 2709
0.93 2708
0.93 2707
0.93 2706
0.93 2705
0.93 2704
0.93 2703
0.93 2702
0.93 2701
0.93 2700
0.93 2699
0.93 2698
0.93 2697
0.93 2696
0.95 2695
0.95 2694
0.95 2693
0.95 2692
0.95 2691
0.95 2690
0.95 2689
0.95 2688
0.95 2687
0.95 2686
0.95 2685
0.95 2684
0.95 2683
0.95 2682
0.95 2681
0.95 2680
0.95 2679
0.96 2678
0.96 2677
0.96 2676
0.96 2675
0.96 2674
0.96 2673
0.96 2672
0.96 2671
0.96 2670
0.96 2669
0.96 2668
0.96 2667
0.96 2666
0.96 2665
0.96 2664
0.98 2663
0.98 2662
0.98 2661
0.98 2660
0.98 2659
0.98 2658
0.98 2657
0.98 2656
0.98 2655
0.98 2654
0.98 2653
0.98 2652
0.98 2651
0.98 2650
0.98 2649
0.98 2648
0.98 2647
0.98 2646
0.98 2645
0.98 2644
0.98 2643
1.00 2642
1.00 2641
1.00 2640
1.00 2639
1.00 2638
1.00 2637
1.00 2636
1.00 2635
1.00 2634
1.00 2633
1.00 2632
1.00 2631
1.00 2630
1.00 2629
1.00 2628
1.00 2627
1.00 2626
1.01 2625
1.01 2624
1.01 2623
1.01 2622
1.01 2621
1.01 2620
1.01 2619
1.01 2618
1.01 2617
1.01 2616
1.01 2615
1.01 2614
1.01 2613
1.01 2612
1.01 2611
1.01 2610
1.01 2609
1.01 2608
1.01 2607
1.03 2606
1.03 2605
1.03 2604
1.03 2603
1.03 2602
1.03 2601
1.03 2600
1.03 2599
1.03 2598
1.03 2597
1.03 2596
1.03 2595
1.03 2594
1.03 2593
1.03 2592
1.03 2591
1.03 2590
1.03 2589
1.03 2588
1.03 2587
1.03 2586
1.03 2585
1.04 2584
1.04 2583
1.04 2582
1.04 2581
1.04 2580
1.04 2579
1.04 2578
1.04 2577
1.04 2576
1.04 2575
1.04 2574
1.04 2573
1.04 2572
1.04 2571
1.04 2570
1.04 2569
1.04 2568
1.04 2567
1.04 2566
1.06 2565
1.06 2564
1.06 2563
1.06 2562
1.06 2561
1.06 2560
1.06 2559
1.06 2558
1.06 2557
1.06 2556
1.06 2555
1.06 2554
1.06 2553
1.06 2552
1.08 2551
1.08 2550
1.08 2549
1.08 2548
1.08 2547
1.08 2546
1.08 2545
1.08 2544
1.08 2543
1.08 2542
1.08 2541
1.08 2540
1.08 2539
1.08 2538
1.09 2537
1.09 2536
1.09 2535
1.09 2534
1.09 2533
1.09 2532
1.09 2531
1.09 2530
1.09 2529
1.10 2528
1.10 2527
1.10 2526
1.10 2525
1.10 2524
1.10 2523
1.11 2522
1.11 2521
1.11 2520
1.11 2519
1.11 2518
1.11 2517
1.11 2516
1.11 2515
1.11 2514
1.11 2513
1.11 2512
1.11 2511
1.11 2510
1.11 2509
1.11 2508
1.11 2507
1.12 2506
1.12 2505
1.12 2504
1.12 2503
1.12 2502
1.12 2501
1.12 2500
1.12 2499
1.12 2498
1.12 2497
1.12 2496
1.12 2495
1.12 2494
1.12 2493
1.12 2492
1.12 2491
1.12 2490
1.12 2489
1.12 2488
1.14 2487
1.14 2486
1.14 2485
1.14 2484
1.14 2483
1.14 2482
1.14 2481
1.14 2480
1.14 2479
1.14 2478
1.14 2477
1.14 2476
1.14 2475
1.14 2474
1.14 2473
1.14 2472
1.14 2471
1.14 2470
1.14 2469
1.14 2468
1.14 2467
1.14 2466
1.14 2465
1.15 2464
1.15 2463
1.15 2462
1.15 2461
1.15 2460
1.15 2459
1.15 2458
1.15 2457
1.15 2456
1.15 2455
1.15 2454
1.15 2453
1.15 2452
1.15 2451
1.15 2450
1.15 2449
1.15 2448
1.15 2447
1.15 2446
1.15 2445
1.15 2444
1.15 2443
1.15 2442
1.15 2441
1.15 2440
1.17 2439
1.17 2438
1.17 2437
1.17 2436
1.17 2435
1.17 2434
1.17 2433
1.17 2432
1.17 2431
1.17 2430
1.17 2429
1.17 2428
1.17 2427
1.17 2426
1.17 2425
1.17 2424
1.17 2423
1.17 2422
1.17 2421
1.17 2420
1.17 2419
1.17 2418
1.17 2417
1.17 2416
1.17 2415
1.17 2414
1.19 2413
1.19 2412
1.19 2411
1.19 2410
1.19 2409
1.19 2408
1.19 2407
1.19 2406
1.19 2405
1.19 2404
1.19 2403
1.19 2402
1.19 2401
1.19 2400
1.19 2399
1.20 2398
1.20 2397
1.20 2396
1.20 2395
1.20 2394
1.20 2393
1.20 2392
1.20 2391
1.20 2390
1.20 2389
1.20 2388
1.20 2387
1.20 2386
1.20 2385
1.20 2384
1.20 2383
1.20 2382
1.20 2381
1.22 2380
1.22 2379
1.22 2378
1.22 2377
1.22 2376
1.22 2375
1.22 2374
1.22 2373
1.22 2372
1.22 2371
1.22 2370
1.22 2369
1.22 2368
1.22 2367
1.22 2366
1.22 2365
1.22 2364
1.22 2363
1.22 2362
1.22 2361
1.23 2360
1.23 2359
1.23 2358
1.23 2357
1.23 2356
1.23 2355
1.23 2354
1.23 2353
1.23 2352
1.23 2351
1.23 2350
1.23 2349
1.23 2348
1.23 2347
1.23 2346
1.23 2345
1.23 2344
1.23 2343
1.23 2342
1.25 2341
1.25 2340
1.25 2339
1.25 2338
1.25 2337
1.25 2336
1.25 2335
1.25 2334
1.25 2333
1.25 2332
1.25 2331
1.25 2330
1.25 2329
2.66 2275
2.66 2274
2.66 2273
2.66 2272
2.66 2271
2.66 2270
2.68 2269
2.68 2268
2.68 2267
2.68 2266
2.68 2265
2.68 2264
2.68 2263
2.68 2262
2.68 2261
2.68 2260
2.68 2259
2.68 2258
2.68 2257
7.60 2256
7.60 2255
22.75 2254
