1.06 1959
1.06 1958
1.06 1957
1.06 1956
1.06 1955
1.06 1954
1.06 1953
1.06 1952
1.06 1951
1.06 1950
1.07 1949
1.07 1948
1.07 1947
1.07 1946
1.07 1945
1.07 1944
1.07 1943
1.07 1942
1.07 1941
1.08 1940
1.08 1939
1.08 1938
1.08 1937
1.08 1936
1.08 1935
1.08 1934
1.08 1933
1.08 1932
1.08 1931
1.08 1930
1.08 1929
1.08 1928
1.08 1927
1.08 1926
1.08 1925
1.09 1924
1.09 1923
1.09 1922
1.09 1921
1.09 1920
1.09 1919
1.09 1918
1.09 1917
1.09 1916
1.09 1915
1.09 1914
1.09 1913
1.09 1912
1.09 1911
1.09 1910
1.09 1909
1.09 1908
1.09 1907
1.09 1906
1.09 1905
1.09 1904
1.09 1903
1.09 1902
1.09 1901
1.09 1900
1.10 1899
1.10 1898
1.10 1897
1.10 1896
1.10 1895
1.10 1894
1.10 1893
1.10 1892
1.10 1891
1.10 1890
1.10 1889
1.10 1888
1.10 1887
1.10 1886
1.10 1885
1.10 1884
1.10 1883
1.10 1882
1.10 1881
1.10 1880
1.10 1879
1.10 1878
1.12 1877
1.12 1876
1.12 1875
1.12 1874
1.12 1873
1.12 1872
1.12 1871
1.12 1870
1.12 1869
1.12 1868
1.12 1867
1.12 1866
1.12 1865
1.12 1864
1.12 1863
1.12 1862
1.12 1861
1.12 1860
1.12 1859
1.12 1858
1.12 1857
1.12 1856
1.12 1855
1.12 1854
1.13 1853
1.13 1852
1.13 1851
1.13 1850
1.13 1849
1.13 1848
1.13 1847
1.13 1846
1.13 1845
1.13 1844
1.13 1843
1.13 1842
1.13 1841
1.13 1840
1.13 1839
1.13 1838
1.13 1837
1.13 1836
1.13 1835
1.13 1834
1.13 1833
1.13 1832
1.13 1831
1.13 1830
1.13 1829
1.15 1828
1.15 1827
1.15 1826
1.15 1825
1.15 1824
1.15 1823
1.15 1822
1.15 1821
1.15 1820
1.15 1819
1.15 1818
1.15 1817
1.15 1816
1.15 1815
1.15 1814
1.15 1813
1.15 1812
1.15 1811
1.15 1810
1.15 1809
1.15 1808
1.15 1807
1.15 1806
1.17 1805
1.17 1804
1.17 1803
1.17 1802
1.17 1801
1.17 1800
1.17 1799
1.17 1798
1.17 1797
1.17 1796
1.17 1795
1.17 1794
1.17 1793
1.17 1792
1.17 1791
1.17 1790
1.17 1789
1.17 1788
1.18 1787
1.18 1786
1.18 1785
1.18 1784
1.18 1783
1.18 1782
1.18 1781
1.18 1780
1.18 1779
1.18 1778
1.18 1777
1.18 1776
1.18 1775
1.18 1774
1.18 1773
1.18 1772
1.18 1771
1.18 1770
1.18 1769
1.18 1768
1.18 1767
1.18 1766
1.18 1765
1.18 1764
1.18 1763
1.18 1762
1.18 1761
1.18 1760
1.18 1759
1.18 1758
1.18 1757
1.18 1756
1.18 1755
1.20 1754
1.20 1753
1.20 1752
1.20 1751
1.20 1750
1.20 1749
1.20 1748
1.20 1747
1.20 1746
1.20 1745
1.20 1744
1.20 1743
1.20 1742
1.20 1741
1.20 1740
1.20 1739
1.20 1738
1.20 1737
1.20 1736
1.20 1735
1.20 1734
1.20 1733
1.20 1732
1.20 1731
1.20 1730
1.21 1729
1.21 1728
1.21 1727
1.21 1726
1.21 1725
1.21 1724
1.21 1723
1.21 1722
1.21 1721
1.21 1720
1.21 1719
1.21 1718
1.21 1717
1.21 1716
1.21 1715
1.21 1714
1.21 1713
1.21 1712
1.21 1711
1.21 1710
1.21 1709
1.21 1708
1.21 1707
1.21 1706
1.21 1705
1.21 1704
1.23 1703
1.23 1702
1.23 1701
1.23 1700
1.23 1699
1.23 1698
1.23 1697
1.23 1696
1.23 1695
1.23 1694
1.23 1693
1.23 1692
1.23 1691
1.23 1690
1.23 1689
1.23 1688
1.23 1687
1.23 1686
1.23 1685
1.23 1684
1.23 1683
1.23 1682
1.23 1681
1.23 1680
1.23 1679
1.25 1678
1.25 1677
1.25 1676
1.25 1675
1.25 1674
1.25 1673
1.25 1672
1.25 1671
1.25 1670
1.25 1669
1.25 1668
1.25 1667
1.25 1666
1.25 1665
1.25 1664
1.25 1663
1.25 1662
1.25 1661
1.25 1660
1.25 1659
1.25 1658
1.25 1657
1.25 1656
1.25 1655
1.25 1654
1.25 1653
1.25 1652
1.26 1651
1.26 1650
1.26 1649
1.26 1648
1.26 1647
1.26 1646
1.26 1645
1.26 1644
1.26 1643
1.26 1642
1.26 1641
1.26 1640
1.26 1639
1.26 1638
1.26 1637
1.26 1636
1.26 1635
1.26 1634
1.26 1633
1.26 1632
1.26 1631
1.26 1630
1.26 1629
1.26 1628
1.26 1627
1.26 1626
1.28 1625
1.28 1624
1.28 1623
1.28 1622
1.28 1621
1.28 1620
1.28 1619
1.28 1618
1.28 1617
1.28 1616
1.28 1615
1.28 1614
1.28 1613
1.28 1612
1.28 1611
1.28 1610
1.28 1609
1.28 1608
1.28 1607
1.28 1606
1.28 1605
1.28 1604
1.28 1603
1.28 1602
1.28 1601
1.28 1600
1.29 1599
1.29 1598
1.29 1597
1.29 1596
1.29 1595
1.29 1594
1.29 1593
1.29 1592
1.29 1591
1.29 1590
1.29 1589
1.29 1588
1.29 1587
1.29 1586
1.29 1585
1.29 1584
1.29 1583
1.29 1582
1.29 1581
1.29 1580
1.29 1579
1.29 1578
1.29 1577
1.29 1576
1.29 1575
1.29 1574
1.31 1573
1.31 1572
1.31 1571
1.31 1570
1.31 1569
1.31 1568
1.31 1567
1.31 1566
1.31 1565
1.31 1564
1.31 1563
1.31 1562
1.31 1561
1.31 1560
1.31 1559
1.31 1558
1.31 1557
1.31 1556
1.31 1555
1.31 1554
1.31 1553
1.31 1552
1.31 1551
1.31 1550
1.31 1549
1.31 1548
1.31 1547
1.32 1546
1.32 1545
1.32 1544
1.32 1543
1.32 1542
1.32 1541
1.32 1540
1.32 1539
1.32 1538
1.32 1537
1.32 1536
1.32 1535
1.32 1534
1.32 1533
1.32 1532
1.32 1531
1.32 1530
1.32 1529
1.32 1528
1.32 1527
1.32 1526
1.32 1525
1.32 1524
1.32 1523
1.32 1522
1.32 1521
1.32 1520
1.34 1519
1.34 1518
1.34 1517
1.34 1516
1.34 1515
1.34 1514
1.34 1513
1.34 1512
1.34 1511
1.34 1510
1.34 1509
1.34 1508
1.34 1507
1.34 1506
1.34 1505
1.34 1504
1.34 1503
1.34 1502
1.34 1501
1.34 1500
1.34 1499
1.34 1498
1.34 1497
1.34 1496
1.34 1495
1.34 1494
1.34 1493
1.36 1492
1.36 1491
1.36 1490
1.36 1489
1.36 1488
1.36 1487
1.36 1486
1.36 1485
1.36 1484
1.36 1483
1.36 1482
1.36 1481
1.36 1480
1.36 1479
1.36 1478
1.36 1477
1.36 1476
1.36 1475
1.36 1474
1.36 1473
1.36 1472
1.36 1471
1.36 1470
1.36 1469
1.36 1468
1.36 1467
1.37 1466
1.37 1465
1.37 1464
1.37 1463
1.37 1462
1.37 1461
1.37 1460
1.37 1459
1.37 1458
1.37 1457
1.37 1456
1.38 1455
1.38 1454
1.38 1453
1.38 1452
1.38 1451
1.38 1450
1.38 1449
1.38 1448
1.38 1447
1.38 1446
1.38 1445
1.38 1444
1.38 1443
1.38 1442
1.38 1441
1.39 1440
1.39 1439
1.39 1438
1.39 1437
1.39 1436
1.39 1435
1.39 1434
1.39 1433
1.39 1432
1.39 1431
1.39 1430
1.39 1429
1.39 1428
1.39 1427
1.39 1426
1.39 1425
1.39 1424
1.39 1423
1.39 1422
1.39 1421
1.39 1420
1.40 1419
1.40 1418
1.40 1417
1.40 1416
1.40 1415
1.40 1414
1.40 1413
1.40 1412
1.40 1411
1.40 1410
1.40 1409
1.40 1408
1.40 1407
1.40 1406
1.40 1405
1.40 1404
1.40 1403
1.40 1402
1.40 1401
1.40 1400
1.40 1399
1.40 1398
1.40 1397
1.40 1396
1.40 1395
1.40 1394
1.42 1393
1.42 1392
1.42 1391
1.42 1390
1.42 1389
1.42 1388
1.42 1387
1.42 1386
1.42 1385
1.42 1384
1.42 1383
1.42 1382
1.42 1381
1.42 1380
1.42 1379
1.42 1378
1.42 1377
1.42 1376
1.42 1375
1.42 1374
1.42 1373
1.42 1372
1.42 1371
1.42 1370
1.42 1369
1.42 1368
1.42 1367
1.42 1366
1.42 1365
1.43 1364
1.43 1363
1.43 1362
1.43 1361
1.43 1360
1.43 1359
1.43 1358
1.43 1357
1.43 1356
1.43 1355
1.43 1354
1.43 1353
1.43 1352
1.43 1351
1.43 1350
1.43 1349
1.43 1348
1.43 1347
1.43 1346
1.43 1345
1.43 1344
1.43 1343
1.43 1342
1.43 1341
1.43 1340
1.43 1339
1.45 1338
1.45 1337
1.45 1336
1.45 1335
1.45 1334
1.45 1333
1.45 1332
1.45 1331
1.45 1330
1.45 1329
1.45 1328
1.45 1327
1.45 1326
1.45 1325
1.45 1324
1.45 1323
1.45 1322
1.45 1321
1.45 1320
1.45 1319
1.45 1318
1.45 1317
1.45 1316
1.45 1315
1.47 1314
1.47 1313
1.47 1312
1.47 1311
1.47 1310
1.47 1309
1.47 1308
1.47 1307
1.47 1306
1.47 1305
1.47 1304
1.47 1303
1.47 1302
1.47 1301
1.48 1300
1.48 1299
1.48 1298
1.48 1297
1.48 1296
1.48 1295
1.48 1294
1.48 1293
1.48 1292
1.48 1291
1.48 1290
1.48 1289
1.48 1288
1.48 1287
1.49 1286
1.49 1285
1.49 1284
1.49 1283
1.49 1282
1.49 1281
1.49 1280
1.49 1279
1.49 1278
1.49 1277
1.49 1276
1.49 1275
1.49 1274
1.49 1273
1.49 1272
1.50 1271
1.50 1270
1.50 1269
1.50 1268
1.50 1267
1.50 1266
1.50 1265
1.50 1264
1.50 1263
1.50 1262
1.50 1261
1.50 1260
1.50 1259
1.50 1258
1.50 1257
1.50 1256
1.50 1255
1.50 1254
1.50 1253
1.50 1252
1.50 1251
1.50 1250
1.50 1249
1.50 1248
1.50 1247
1.50 1246
1.50 1245
1.50 1244
1.50 1243
1.50 1242
1.51 1241
1.51 1240
1.51 1239
1.51 1238
1.51 1237
1.51 1236
1.51 1235
1.51 1234
1.51 1233
1.51 1232
1.51 1231
1.51 1230
1.51 1229
1.51 1228
1.51 1227
1.51 1226
1.51 1225
1.51 1224
1.51 1223
1.51 1222
1.51 1221
1.51 1220
1.51 1219
1.51 1218
1.51 1217
1.51 1216
1.51 1215
1.51 1214
1.53 1213
1.53 1212
1.53 1211
1.53 1210
1.53 1209
1.53 1208
1.53 1207
1.53 1206
1.53 1205
1.53 1204
1.53 1203
1.53 1202
1.53 1201
1.53 1200
1.53 1199
1.53 1198
1.53 1197
1.53 1196
1.53 1195
1.53 1194
1.53 1193
1.53 1192
1.53 1191
1.53 1190
1.53 1189
1.53 1188
1.53 1187
1.53 1186
1.53 1185
1.55 1184
1.55 1183
1.55 1182
1.55 1181
1.55 1180
1.55 1179
1.55 1178
1.55 1177
1.55 1176
1.55 1175
1.55 1174
1.55 1173
1.55 1172
1.55 1171
1.55 1170
1.55 1169
1.55 1168
1.55 1167
1.55 1166
1.55 1165
1.55 1164
1.55 1163
1.55 1162
1.55 1161
1.55 1160
1.55 1159
1.55 1158
1.55 1157
1.55 1156
1.55 1155
1.56 1154
1.56 1153
1.56 1152
1.56 1151
1.56 1150
1.56 1149
1.56 1148
1.56 1147
1.56 1146
1.56 1145
1.56 1144
1.56 1143
1.56 1142
1.56 1141
1.56 1140
1.56 1139
1.56 1138
1.56 1137
1.56 1136
1.56 1135
1.56 1134
1.58 1133
1.58 1132
1.58 1131
1.58 1130
1.58 1129
1.58 1128
1.58 1127
1.58 1126
1.58 1125
1.58 1124
1.58 1123
1.58 1122
1.58 1121
1.58 1120
1.58 1119
1.58 1118
1.58 1117
1.58 1116
1.58 1115
1.58 1114
1.58 1113
1.58 1112
1.58 1111
1.58 1110
1.59 1109
1.59 1108
1.59 1107
1.59 1106
1.59 1105
1.59 1104
1.59 1103
1.59 1102
1.59 1101
1.59 1100
1.59 1099
1.59 1098
1.59 1097
1.59 1096
1.59 1095
1.59 1094
1.59 1093
1.59 1092
1.59 1091
1.59 1090
1.59 1089
1.59 1088
1.59 1087
1.59 1086
1.59 1085
1.59 1084
1.59 1083
1.59 1082
1.59 1081
1.59 1080
1.61 1079
1.61 1078
1.61 1077
1.61 1076
1.61 1075
1.61 1074
1.61 1073
1.61 1072
1.61 1071
1.61 1070
1.61 1069
1.61 1068
1.61 1067
1.61 1066
1.61 1065
1.61 1064
1.61 1063
1.61 1062
1.61 1061
1.61 1060
1.61 1059
1.61 1058
1.61 1057
1.61 1056
1.61 1055
1.61 1054
1.61 1053
1.61 1052
1.61 1051
1.61 1050
1.61 1049
1.63 1048
1.63 1047
1.63 1046
1.63 1045
1.63 1044
1.63 1043
1.63 1042
1.63 1041
1.63 1040
1.63 1039
1.63 1038
1.63 1037
1.63 1036
1.63 1035
1.63 1034
1.63 1033
1.63 1032
1.63 1031
1.63 1030
1.63 1029
1.63 1028
1.63 1027
1.63 1026
1.63 1025
1.63 1024
1.63 1023
1.63 1022
1.63 1021
1.63 1020
1.63 1019
1.64 1018
1.64 1017
1.64 1016
1.64 1015
1.64 1014
1.64 1013
1.64 1012
1.64 1011
1.64 1010
1.64 1009
1.64 1008
1.64 1007
1.64 1006
1.64 1005
1.64 1004
1.64 1003
1.64 1002
1.64 1001
1.64 1000
1.64 999
1.64 998
1.64 997
1.66 996
1.66 995
1.66 994
1.66 993
1.66 992
1.66 991
1.66 990
1.66 989
1.66 988
1.66 987
1.66 986
1.66 985
1.66 984
1.66 983
1.66 982
1.66 981
1.66 980
