0.40 999
0.40 998
0.40 997
0.40 996
0.40 995
0.41 994
0.41 993
0.41 992
0.41 991
0.41 990
0.41 989
0.41 988
0.41 987
0.41 986
0.41 985
0.41 984
0.41 983
0.41 982
0.41 981
0.41 980
0.41 979
0.41 978
0.41 977
0.41 976
0.41 975
0.41 974
0.41 973
0.41 972
0.41 971
0.41 970
0.41 969
0.41 968
0.41 967
0.41 966
0.41 965
0.41 964
0.42 963
0.42 962
0.42 961
0.42 960
0.42 959
0.42 958
0.42 957
0.42 956
0.42 955
0.42 954
0.42 953
0.42 952
0.43 951
0.43 950
0.43 949
0.43 948
0.43 947
0.43 946
0.43 945
0.43 944
0.43 943
0.43 942
0.43 941
0.43 940
0.43 939
0.43 938
0.43 937
0.43 936
0.43 935
0.43 934
2.43 933
