0.24 1971
0.24 1970
0.24 1969
0.25 1968
0.25 1967
0.25 1966
0.25 1965
0.25 1964
0.25 1963
0.25 1962
0.25 1961
0.25 1960
0.25 1959
0.25 1958
0.25 1957
0.25 1956
0.25 1955
0.25 1954
0.25 1953
0.25 1952
0.25 1951
0.25 1950
0.25 1949
0.25 1948
0.25 1947
0.25 1946
0.25 1945
0.25 1944
0.25 1943
0.25 1942
0.25 1941
0.25 1940
0.25 1939
0.25 1938
0.25 1937
0.25 1936
0.27 1935
0.27 1934
0.27 1933
0.27 1932
0.27 1931
0.27 1930
0.27 1929
0.27 1928
0.27 1927
0.27 1926
0.27 1925
0.27 1924
0.27 1923
0.27 1922
0.27 1921
0.27 1920
0.27 1919
0.27 1918
0.27 1917
0.27 1916
0.27 1915
0.27 1914
0.27 1913
0.27 1912
0.27 1911
0.27 1910
0.27 1909
0.27 1908
0.27 1907
0.27 1906
0.27 1905
0.28 1904
0.28 1903
0.28 1902
0.28 1901
0.28 1900
0.28 1899
0.28 1898
0.28 1897
0.28 1896
0.28 1895
0.28 1894
0.28 1893
0.28 1892
0.28 1891
0.28 1890
0.28 1889
0.28 1888
0.28 1887
0.28 1886
0.28 1885
0.28 1884
0.28 1883
0.28 1882
0.28 1881
0.28 1880
0.28 1879
0.28 1878
0.28 1877
0.28 1876
0.28 1875
0.28 1874
0.28 1873
0.28 1872
0.28 1871
0.28 1870
0.30 1869
0.30 1868
0.30 1867
0.30 1866
0.30 1865
0.30 1864
0.30 1863
0.30 1862
0.30 1861
0.30 1860
0.30 1859
0.30 1858
0.30 1857
0.30 1856
0.30 1855
0.30 1854
0.30 1853
0.30 1852
0.30 1851
0.30 1850
0.30 1849
0.30 1848
0.30 1847
0.30 1846
0.30 1845
0.30 1844
0.32 1843
0.32 1842
0.32 1841
0.32 1840
0.32 1839
0.32 1838
0.32 1837
0.32 1836
0.33 1835
0.33 1834
0.33 1833
0.33 1832
0.33 1831
0.33 1830
0.34 1829
0.34 1828
0.34 1827
0.34 1826
0.34 1825
0.34 1824
0.34 1823
0.34 1822
0.34 1821
0.34 1820
0.34 1819
0.34 1818
0.35 1817
0.35 1816
0.36 1815
0.36 1814
0.36 1813
0.36 1812
2.39 1811
2.39 1810
2.39 1809
2.39 1808
2.39 1807
2.41 1806
2.41 1805
2.41 1804
2.41 1803
2.41 1802
2.41 1801
5.29 1800
5.29 1799
16.72 1798
