0.02 3735
0.02 3734
0.02 3733
0.02 3732
0.02 3731
0.02 3730
0.02 3729
0.02 3728
0.02 3727
0.02 3726
0.03 3725
0.03 3724
0.03 3723
0.03 3722
0.03 3721
0.03 3720
0.03 3719
0.03 3718
0.03 3717
0.03 3716
0.03 3715
0.03 3714
0.03 3713
0.03 3712
0.03 3711
0.03 3710
0.03 3709
0.03 3708
0.03 3707
0.03 3706
0.05 3705
0.05 3704
0.05 3703
0.05 3702
0.05 3701
0.05 3700
0.05 3699
0.05 3698
0.05 3697
0.05 3696
0.05 3695
0.05 3694
0.05 3693
0.05 3692
0.05 3691
0.05 3690
0.05 3689
0.05 3688
0.05 3687
0.05 3686
0.05 3685
0.06 3684
0.06 3683
0.06 3682
0.06 3681
0.06 3680
0.06 3679
0.06 3678
0.06 3677
0.06 3676
0.06 3675
0.06 3674
0.06 3673
0.06 3672
0.06 3671
0.06 3670
0.06 3669
0.06 3668
0.06 3667
0.06 3666
0.06 3665
0.08 3664
0.08 3663
0.08 3662
0.08 3661
0.08 3660
0.08 3659
0.08 3658
0.08 3657
0.08 3656
0.08 3655
0.08 3654
0.08 3653
0.08 3652
0.08 3651
0.08 3650
0.08 3649
0.08 3648
0.08 3647
0.08 3646
0.08 3645
0.08 3644
0.08 3643
0.08 3642
0.08 3641
0.09 3640
0.09 3639
0.09 3638
0.09 3637
0.09 3636
0.09 3635
0.09 3634
0.09 3633
0.09 3632
0.09 3631
0.09 3630
0.09 3629
0.09 3628
0.09 3627
0.09 3626
0.09 3625
0.09 3624
0.09 3623
0.11 3622
0.11 3621
0.11 3620
0.11 3619
0.11 3618
0.11 3617
0.11 3616
0.11 3615
0.11 3614
0.11 3613
0.11 3612
0.11 3611
0.11 3610
0.11 3609
0.11 3608
0.11 3607
0.11 3606
0.11 3605
0.11 3604
0.11 3603
0.13 3602
0.13 3601
0.13 3600
0.13 3599
0.13 3598
0.13 3597
0.13 3596
0.13 3595
0.13 3594
0.13 3593
0.13 3592
0.13 3591
0.13 3590
0.13 3589
0.13 3588
0.13 3587
0.13 3586
0.13 3585
0.13 3584
0.13 3583
0.14 3582
0.14 3581
0.14 3580
0.14 3579
0.14 3578
0.14 3577
0.14 3576
0.14 3575
0.14 3574
0.14 3573
0.14 3572
0.14 3571
0.14 3570
0.14 3569
0.14 3568
0.14 3567
0.14 3566
0.14 3565
0.16 3564
0.16 3563
0.16 3562
0.16 3561
0.16 3560
0.16 3559
0.16 3558
0.16 3557
0.16 3556
0.16 3555
0.16 3554
0.16 3553
0.16 3552
0.16 3551
0.16 3550
0.16 3549
0.16 3548
0.16 3547
0.16 3546
0.16 3545
0.16 3544
0.17 3543
0.17 3542
0.17 3541
0.17 3540
0.17 3539
0.17 3538
0.18 3537
0.18 3536
0.18 3535
0.18 3534
0.18 3533
0.18 3532
0.18 3531
0.18 3530
0.18 3529
0.18 3528
0.18 3527
0.18 3526
0.18 3525
0.18 3524
0.18 3523
0.18 3522
0.18 3521
0.18 3520
0.19 3519
0.19 3518
0.19 3517
0.19 3516
0.19 3515
0.19 3514
0.19 3513
0.19 3512
0.19 3511
0.19 3510
0.19 3509
0.19 3508
0.19 3507
0.19 3506
0.19 3505
0.19 3504
0.19 3503
0.19 3502
0.19 3501
0.19 3500
0.19 3499
0.19 3498
0.20 3497
0.20 3496
0.20 3495
0.20 3494
0.20 3493
0.20 3492
0.20 3491
0.20 3490
0.20 3489
0.20 3488
0.20 3487
0.20 3486
0.20 3485
0.20 3484
0.20 3483
0.20 3482
0.20 3481
0.20 3480
0.20 3479
0.20 3478
0.20 3477
0.20 3476
0.20 3475
0.20 3474
0.22 3473
0.22 3472
0.22 3471
0.22 3470
0.22 3469
0.22 3468
0.22 3467
0.22 3466
0.22 3465
0.22 3464
0.22 3463
0.22 3462
0.22 3461
0.22 3460
0.22 3459
0.22 3458
0.22 3457
0.22 3456
0.22 3455
0.24 3454
0.24 3453
0.24 3452
0.24 3451
0.24 3450
0.24 3449
0.24 3448
0.24 3447
0.24 3446
0.24 3445
0.24 3444
0.24 3443
0.24 3442
0.24 3441
0.24 3440
0.24 3439
0.24 3438
0.24 3437
0.24 3436
0.24 3435
0.25 3434
0.25 3433
0.25 3432
0.25 3431
0.25 3430
0.25 3429
0.25 3428
0.25 3427
0.25 3426
0.25 3425
0.25 3424
0.25 3423
0.25 3422
0.25 3421
0.25 3420
0.25 3419
0.25 3418
0.25 3417
0.25 3416
0.25 3415
0.27 3414
0.27 3413
0.27 3412
0.27 3411
0.27 3410
0.27 3409
0.27 3408
0.27 3407
0.27 3406
0.27 3405
0.27 3404
0.27 3403
0.27 3402
0.27 3401
0.28 3400
0.28 3399
0.28 3398
0.28 3397
0.28 3396
0.28 3395
0.28 3394
0.28 3393
0.28 3392
0.28 3391
0.28 3390
0.28 3389
0.28 3388
0.28 3387
0.28 3386
0.28 3385
0.28 3384
0.28 3383
0.28 3382
0.28 3381
0.28 3380
0.28 3379
0.28 3378
0.28 3377
0.28 3376
0.28 3375
0.28 3374
0.28 3373
0.28 3372
0.30 3371
0.30 3370
0.30 3369
0.30 3368
0.30 3367
0.30 3366
0.30 3365
0.30 3364
0.30 3363
0.30 3362
0.30 3361
0.30 3360
0.30 3359
0.30 3358
0.30 3357
0.30 3356
0.32 3355
0.32 3354
0.32 3353
0.32 3352
0.32 3351
0.32 3350
0.32 3349
0.32 3348
0.32 3347
0.32 3346
0.32 3345
0.32 3344
0.32 3343
0.32 3342
0.32 3341
0.32 3340
0.32 3339
0.32 3338
0.32 3337
0.33 3336
0.33 3335
0.33 3334
0.33 3333
0.33 3332
0.33 3331
0.33 3330
0.33 3329
0.33 3328
0.33 3327
0.33 3326
0.33 3325
0.33 3324
0.33 3323
0.33 3322
0.33 3321
0.33 3320
0.33 3319
0.33 3318
0.35 3317
0.35 3316
0.35 3315
0.35 3314
0.35 3313
0.35 3312
0.35 3311
0.35 3310
0.35 3309
0.35 3308
0.35 3307
0.35 3306
0.35 3305
0.35 3304
0.35 3303
0.35 3302
0.35 3301
0.35 3300
0.35 3299
0.36 3298
0.36 3297
0.36 3296
0.36 3295
0.36 3294
0.36 3293
0.36 3292
0.36 3291
0.36 3290
0.36 3289
0.36 3288
0.36 3287
0.36 3286
0.36 3285
0.36 3284
0.36 3283
0.36 3282
0.36 3281
0.36 3280
0.36 3279
0.38 3278
0.38 3277
0.38 3276
0.38 3275
0.38 3274
0.38 3273
0.38 3272
0.38 3271
0.38 3270
0.38 3269
0.38 3268
0.38 3267
0.38 3266
0.38 3265
0.38 3264
0.38 3263
0.38 3262
0.38 3261
0.38 3260
0.38 3259
0.38 3258
0.39 3257
0.39 3256
0.39 3255
0.39 3254
0.39 3253
0.39 3252
0.39 3251
0.39 3250
0.39 3249
0.39 3248
0.39 3247
0.39 3246
0.39 3245
0.39 3244
0.39 3243
0.39 3242
0.39 3241
0.39 3240
0.39 3239
0.39 3238
0.41 3237
0.41 3236
0.41 3235
0.41 3234
0.41 3233
0.41 3232
0.41 3231
0.41 3230
0.41 3229
0.41 3228
0.41 3227
0.41 3226
0.41 3225
0.41 3224
0.41 3223
0.41 3222
0.41 3221
0.41 3220
0.41 3219
0.43 3218
0.43 3217
0.43 3216
0.43 3215
0.43 3214
0.43 3213
0.43 3212
0.43 3211
0.43 3210
0.43 3209
0.43 3208
0.43 3207
0.43 3206
0.43 3205
0.43 3204
0.43 3203
0.43 3202
0.43 3201
0.43 3200
0.43 3199
0.43 3198
0.43 3197
0.43 3196
0.43 3195
0.44 3194
0.44 3193
0.44 3192
0.44 3191
0.44 3190
0.44 3189
0.44 3188
0.44 3187
0.44 3186
0.44 3185
0.44 3184
0.44 3183
0.44 3182
0.44 3181
0.44 3180
0.44 3179
0.44 3178
0.44 3177
0.44 3176
0.44 3175
0.44 3174
0.44 3173
0.44 3172
0.46 3171
0.46 3170
0.46 3169
0.46 3168
0.46 3167
0.46 3166
0.46 3165
0.46 3164
0.46 3163
0.46 3162
0.46 3161
0.46 3160
0.46 3159
0.46 3158
0.46 3157
0.46 3156
0.46 3155
0.46 3154
0.46 3153
0.47 3152
0.47 3151
0.47 3150
0.47 3149
0.47 3148
0.47 3147
0.48 3146
0.48 3145
0.48 3144
0.48 3143
0.48 3142
0.48 3141
0.48 3140
0.48 3139
0.48 3138
0.48 3137
0.48 3136
0.48 3135
0.48 3134
0.48 3133
0.48 3132
0.49 3131
0.49 3130
0.49 3129
0.49 3128
0.49 3127
0.49 3126
0.49 3125
0.49 3124
0.49 3123
0.49 3122
0.49 3121
0.49 3120
0.49 3119
0.49 3118
0.49 3117
0.49 3116
0.49 3115
0.49 3114
0.49 3113
0.49 3112
0.49 3111
0.50 3110
0.50 3109
0.50 3108
0.50 3107
0.50 3106
0.50 3105
0.50 3104
0.50 3103
0.50 3102
0.50 3101
0.50 3100
0.50 3099
0.50 3098
0.50 3097
0.50 3096
0.50 3095
0.50 3094
0.50 3093
0.50 3092
0.50 3091
0.52 3090
0.52 3089
0.52 3088
0.52 3087
0.52 3086
0.52 3085
0.52 3084
0.52 3083
0.52 3082
0.52 3081
0.52 3080
0.52 3079
0.52 3078
0.52 3077
0.52 3076
0.52 3075
0.52 3074
0.52 3073
0.54 3072
0.54 3071
0.54 3070
0.54 3069
0.54 3068
0.54 3067
0.54 3066
0.54 3065
0.54 3064
0.54 3063
0.54 3062
0.54 3061
0.54 3060
0.54 3059
0.54 3058
0.54 3057
0.54 3056
0.54 3055
0.54 3054
0.54 3053
0.54 3052
0.55 3051
0.55 3050
0.55 3049
0.55 3048
0.55 3047
0.55 3046
0.55 3045
0.55 3044
0.55 3043
0.55 3042
0.55 3041
0.55 3040
0.55 3039
0.55 3038
0.55 3037
0.55 3036
0.55 3035
0.55 3034
0.55 3033
0.57 3032
0.57 3031
0.57 3030
0.57 3029
0.57 3028
0.57 3027
0.57 3026
0.57 3025
0.57 3024
0.57 3023
0.57 3022
0.57 3021
0.57 3020
0.57 3019
0.57 3018
0.57 3017
0.58 3016
0.58 3015
0.58 3014
0.58 3013
0.58 3012
0.58 3011
0.58 3010
0.58 3009
0.58 3008
0.58 3007
0.58 3006
0.58 3005
0.58 3004
0.58 3003
0.58 3002
0.58 3001
0.58 3000
0.58 2999
0.58 2998
0.58 2997
0.58 2996
0.58 2995
0.58 2994
0.58 2993
0.58 2992
0.58 2991
0.58 2990
0.58 2989
0.58 2988
0.58 2987
0.58 2986
0.58 2985
0.58 2984
0.58 2983
0.60 2982
0.60 2981
0.60 2980
0.60 2979
0.60 2978
0.60 2977
0.60 2976
0.60 2975
0.60 2974
0.60 2973
0.60 2972
0.60 2971
0.60 2970
0.60 2969
0.60 2968
0.60 2967
0.60 2966
0.60 2965
0.60 2964
0.60 2963
0.61 2962
0.61 2961
0.61 2960
0.61 2959
0.61 2958
0.61 2957
0.61 2956
0.61 2955
0.61 2954
0.61 2953
0.61 2952
0.61 2951
0.61 2950
0.61 2949
0.61 2948
0.61 2947
0.61 2946
0.61 2945
0.61 2944
0.61 2943
0.61 2942
0.61 2941
0.61 2940
0.63 2939
0.63 2938
0.63 2937
0.63 2936
0.63 2935
0.63 2934
0.63 2933
0.63 2932
0.63 2931
0.63 2930
0.63 2929
0.63 2928
0.63 2927
0.63 2926
0.63 2925
0.63 2924
0.63 2923
0.63 2922
0.63 2921
0.63 2920
0.65 2919
0.65 2918
0.65 2917
0.65 2916
0.65 2915
0.65 2914
0.65 2913
0.65 2912
0.65 2911
0.65 2910
0.65 2909
0.65 2908
0.65 2907
0.65 2906
0.65 2905
0.65 2904
0.65 2903
0.65 2902
0.65 2901
0.65 2900
0.65 2899
0.66 2898
0.66 2897
0.66 2896
0.66 2895
0.66 2894
0.66 2893
0.66 2892
0.66 2891
0.66 2890
0.66 2889
0.66 2888
0.66 2887
0.66 2886
0.66 2885
0.66 2884
0.66 2883
0.66 2882
0.66 2881
0.66 2880
0.66 2879
0.66 2878
0.66 2877
0.68 2876
0.68 2875
0.68 2874
0.68 2873
0.68 2872
0.68 2871
0.68 2870
0.68 2869
0.68 2868
0.68 2867
0.68 2866
0.68 2865
0.68 2864
0.68 2863
0.68 2862
0.68 2861
0.68 2860
0.68 2859
0.68 2858
0.68 2857
0.68 2856
0.68 2855
0.68 2854
0.68 2853
0.68 2852
0.69 2851
0.69 2850
0.69 2849
0.69 2848
0.69 2847
0.69 2846
0.69 2845
0.69 2844
0.69 2843
0.69 2842
0.69 2841
0.69 2840
0.69 2839
0.69 2838
0.69 2837
0.69 2836
0.69 2835
0.69 2834
0.69 2833
0.69 2832
0.69 2831
0.69 2830
0.69 2829
0.69 2828
0.69 2827
0.71 2826
0.71 2825
0.71 2824
0.71 2823
0.71 2822
0.71 2821
0.71 2820
0.71 2819
0.71 2818
0.71 2817
0.71 2816
0.71 2815
0.71 2814
0.71 2813
0.71 2812
0.71 2811
0.71 2810
0.71 2809
0.71 2808
0.71 2807
0.71 2806
0.71 2805
0.72 2804
0.72 2803
0.72 2802
0.72 2801
0.72 2800
0.72 2799
0.72 2798
0.72 2797
0.72 2796
0.72 2795
0.72 2794
0.72 2793
0.72 2792
0.72 2791
0.72 2790
0.72 2789
0.72 2788
0.72 2787
0.72 2786
0.72 2785
0.72 2784
0.72 2783
0.72 2782
0.72 2781
0.72 2780
0.74 2779
0.74 2778
0.74 2777
0.74 2776
0.74 2775
0.74 2774
0.74 2773
0.74 2772
0.74 2771
0.74 2770
0.74 2769
0.74 2768
0.74 2767
0.74 2766
0.74 2765
0.74 2764
0.74 2763
0.74 2762
0.74 2761
0.74 2760
0.74 2759
0.76 2758
0.76 2757
0.76 2756
0.76 2755
0.76 2754
0.76 2753
0.76 2752
0.76 2751
0.76 2750
0.76 2749
0.76 2748
0.76 2747
0.76 2746
0.76 2745
0.76 2744
0.76 2743
0.76 2742
0.76 2741
0.76 2740
0.76 2739
0.76 2738
0.76 2737
0.77 2736
0.77 2735
0.77 2734
0.77 2733
0.77 2732
0.77 2731
0.77 2730
0.77 2729
0.78 2728
0.78 2727
0.78 2726
0.78 2725
0.78 2724
0.78 2723
0.78 2722
0.78 2721
0.78 2720
0.78 2719
0.78 2718
0.78 2717
0.78 2716
0.78 2715
0.78 2714
0.79 2713
0.79 2712
0.79 2711
0.79 2710
0.79 2709
0.79 2708
0.79 2707
0.79 2706
0.79 2705
0.79 2704
0.79 2703
0.79 2702
0.79 2701
0.79 2700
0.79 2699
0.79 2698
0.79 2697
0.79 2696
0.79 2695
0.79 2694
0.79 2693
0.79 2692
0.80 2691
0.80 2690
0.80 2689
0.80 2688
0.80 2687
0.80 2686
0.80 2685
0.80 2684
0.80 2683
0.80 2682
0.80 2681
0.80 2680
0.80 2679
0.80 2678
0.80 2677
0.80 2676
0.80 2675
0.80 2674
0.80 2673
0.80 2672
0.80 2671
0.80 2670
0.80 2669
0.80 2668
0.80 2667
0.80 2666
0.82 2665
0.82 2664
0.82 2663
0.82 2662
0.82 2661
0.82 2660
0.82 2659
0.82 2658
0.82 2657
0.82 2656
0.82 2655
0.82 2654
0.82 2653
0.82 2652
0.82 2651
0.82 2650
0.82 2649
0.82 2648
0.82 2647
0.82 2646
0.82 2645
0.82 2644
0.84 2643
0.84 2642
0.84 2641
0.84 2640
0.84 2639
0.84 2638
0.84 2637
0.84 2636
0.84 2635
0.84 2634
0.84 2633
0.84 2632
0.84 2631
0.84 2630
0.84 2629
0.84 2628
0.84 2627
0.84 2626
0.84 2625
0.84 2624
0.85 2623
0.85 2622
0.85 2621
0.85 2620
0.85 2619
0.85 2618
0.85 2617
0.85 2616
0.85 2615
0.85 2614
0.85 2613
0.85 2612
0.85 2611
0.85 2610
0.85 2609
0.85 2608
0.85 2607
0.85 2606
0.85 2605
0.85 2604
0.87 2603
0.87 2602
0.87 2601
0.87 2600
0.87 2599
0.87 2598
0.87 2597
0.87 2596
0.87 2595
0.87 2594
0.87 2593
0.87 2592
0.87 2591
0.88 2590
0.88 2589
0.88 2588
0.88 2587
0.88 2586
0.88 2585
0.88 2584
0.88 2583
0.88 2582
0.88 2581
0.88 2580
0.88 2579
0.88 2578
0.88 2577
0.88 2576
0.88 2575
0.88 2574
0.88 2573
0.88 2572
0.88 2571
0.88 2570
0.88 2569
0.88 2568
0.88 2567
0.88 2566
0.88 2565
0.88 2564
0.88 2563
0.88 2562
0.88 2561
0.90 2560
0.90 2559
0.90 2558
0.90 2557
0.90 2556
0.90 2555
0.90 2554
0.90 2553
0.90 2552
0.91 2551
0.91 2550
0.91 2549
0.91 2548
0.91 2547
0.91 2546
0.91 2545
0.91 2544
0.91 2543
0.91 2542
0.91 2541
0.91 2540
0.91 2539
0.91 2538
0.91 2537
0.92 2536
0.92 2535
0.92 2534
0.92 2533
0.92 2532
0.92 2531
0.92 2530
0.92 2529
0.92 2528
0.92 2527
0.92 2526
0.92 2525
0.92 2524
0.92 2523
0.92 2522
0.92 2521
0.93 2520
0.93 2519
0.93 2518
0.93 2517
0.93 2516
0.93 2515
0.93 2514
0.93 2513
0.93 2512
0.93 2511
0.93 2510
0.93 2509
0.93 2508
0.93 2507
0.93 2506
0.93 2505
0.93 2504
0.94 2503
0.94 2502
0.94 2501
0.94 2500
0.94 2499
0.94 2498
0.94 2497
0.94 2496
0.94 2495
0.94 2494
0.94 2493
0.94 2492
0.94 2491
0.94 2490
0.94 2489
0.94 2488
0.94 2487
0.94 2486
0.94 2485
0.94 2484
0.94 2483
0.94 2482
0.94 2481
0.94 2480
0.94 2479
0.94 2478
0.94 2477
0.95 2476
0.95 2475
0.95 2474
0.95 2473
0.95 2472
0.95 2471
0.95 2470
0.95 2469
0.95 2468
0.95 2467
0.95 2466
0.95 2465
0.95 2464
0.95 2463
0.95 2462
0.95 2461
0.95 2460
0.95 2459
0.95 2458
0.95 2457
0.95 2456
0.95 2455
0.95 2454
0.95 2453
0.95 2452
0.95 2451
0.95 2450
0.97 2449
0.97 2448
0.97 2447
0.97 2446
0.97 2445
0.97 2444
0.97 2443
0.97 2442
0.97 2441
0.97 2440
0.97 2439
0.97 2438
0.97 2437
0.97 2436
0.97 2435
0.97 2434
0.97 2433
0.98 2432
0.98 2431
0.98 2430
0.98 2429
0.98 2428
0.98 2427
0.98 2426
0.98 2425
0.98 2424
0.98 2423
0.98 2422
0.98 2421
0.98 2420
0.98 2419
0.98 2418
0.98 2417
0.98 2416
0.98 2415
0.98 2414
0.98 2413
0.98 2412
0.98 2411
0.98 2410
0.98 2409
0.98 2408
0.98 2407
0.98 2406
0.98 2405
0.98 2404
0.98 2403
0.98 2402
0.98 2401
0.98 2400
0.98 2399
0.98 2398
0.98 2397
0.98 2396
1.00 2395
1.00 2394
1.00 2393
1.00 2392
1.00 2391
1.00 2390
1.00 2389
1.00 2388
1.00 2387
1.00 2386
1.00 2385
1.00 2384
1.00 2383
1.00 2382
1.00 2381
1.00 2380
1.00 2379
1.00 2378
1.00 2377
1.00 2376
1.00 2375
1.00 2374
1.00 2373
1.00 2372
1.00 2371
1.00 2370
1.02 2369
1.02 2368
1.02 2367
1.02 2366
1.02 2365
1.02 2364
1.02 2363
1.02 2362
1.02 2361
1.02 2360
1.02 2359
1.02 2358
1.02 2357
1.02 2356
1.02 2355
1.02 2354
1.02 2353
1.02 2352
1.02 2351
1.02 2350
1.02 2349
1.02 2348
1.02 2347
1.03 2346
1.03 2345
1.03 2344
1.03 2343
1.03 2342
1.03 2341
1.03 2340
1.03 2339
1.03 2338
1.03 2337
1.03 2336
1.03 2335
1.03 2334
1.03 2333
1.03 2332
1.03 2331
1.03 2330
1.03 2329
2.49 2277
2.49 2276
2.49 2275
2.49 2274
2.49 2273
2.51 2272
2.51 2271
2.51 2270
2.51 2269
2.51 2268
2.51 2267
2.51 2266
2.51 2265
2.51 2264
2.51 2263
2.51 2262
2.51 2261
4.87 2260
4.87 2259
4.87 2258
4.87 2257
