0.06 5677
0.08 5676
0.08 5675
0.09 5674
0.09 5673
0.09 5672
0.09 5671
0.09 5670
0.11 5669
0.11 5668
0.11 5667
0.11 5666
0.11 5665
0.11 5664
0.12 5663
0.12 5662
0.12 5661
0.12 5660
0.12 5659
0.12 5658
0.12 5657
0.14 5656
0.14 5655
0.14 5654
0.14 5653
0.14 5652
0.16 5651
0.16 5650
0.16 5649
0.16 5648
0.16 5647
0.16 5646
0.17 5645
0.17 5644
0.17 5643
0.17 5642
0.17 5641
0.17 5640
0.19 5639
0.19 5638
0.19 5637
0.19 5636
0.19 5635
0.19 5634
0.19 5633
0.20 5632
0.20 5631
0.20 5630
0.20 5629
0.20 5628
0.20 5627
0.20 5626
0.22 5625
0.22 5624
0.22 5623
0.22 5622
0.22 5621
0.22 5620
0.22 5619
0.24 5618
0.24 5617
0.24 5616
0.24 5615
0.24 5614
0.24 5613
0.24 5612
0.25 5611
0.25 5610
0.25 5609
0.25 5608
0.25 5607
0.25 5606
0.25 5605
0.27 5604
0.27 5603
0.27 5602
0.27 5601
0.27 5600
0.27 5599
0.27 5598
0.28 5597
0.28 5596
0.28 5595
0.29 5594
0.29 5593
0.29 5592
0.29 5591
0.30 5590
0.30 5589
0.30 5588
0.30 5587
0.30 5586
0.30 5585
0.30 5584
0.31 5583
0.31 5582
0.31 5581
0.31 5580
0.31 5579
0.31 5578
0.31 5577
0.33 5576
0.33 5575
0.33 5574
0.33 5573
0.33 5572
0.33 5571
0.35 5570
0.35 5569
0.35 5568
0.35 5567
0.36 5566
0.36 5565
0.36 5564
0.36 5563
0.36 5562
0.36 5561
0.38 5560
0.38 5559
0.38 5558
0.38 5557
0.38 5556
0.39 5555
0.39 5554
0.39 5553
0.40 5552
0.40 5551
0.40 5550
0.40 5549
0.40 5548
0.41 5547
0.41 5546
0.41 5545
0.41 5544
0.41 5543
0.42 5542
0.42 5541
0.42 5540
0.42 5539
0.42 5538
0.43 5537
0.43 5536
0.43 5535
0.43 5534
0.44 5533
0.44 5532
0.44 5531
0.44 5530
0.45 5529
0.45 5528
0.45 5527
0.45 5526
0.46 5525
0.46 5524
0.46 5523
0.46 5522
0.46 5521
0.47 5520
0.47 5519
0.47 5518
0.47 5517
0.48 5516
0.48 5515
0.48 5514
0.48 5513
0.49 5512
0.49 5511
0.49 5510
0.49 5509
0.50 5508
0.50 5507
0.50 5506
0.50 5505
0.50 5504
0.50 5503
0.51 5502
0.51 5501
0.51 5500
0.51 5499
0.51 5498
0.51 5497
0.52 5496
0.52 5495
0.52 5494
0.52 5493
0.53 5492
0.53 5491
0.53 5490
0.54 5489
0.54 5488
0.54 5487
0.54 5486
0.54 5485
0.55 5484
0.55 5483
0.55 5482
0.55 5481
0.55 5480
0.55 5479
0.55 5478
0.55 5477
0.55 5476
0.56 5475
0.56 5474
0.57 5473
0.57 5472
0.57 5471
0.58 5470
0.58 5469
0.58 5468
0.58 5467
0.58 5466
0.58 5465
0.58 5464
0.58 5463
0.59 5462
0.59 5461
0.59 5460
0.59 5459
0.60 5458
0.60 5457
0.60 5456
0.60 5455
0.61 5454
0.61 5453
0.61 5452
0.61 5451
0.61 5450
0.61 5449
0.62 5448
0.62 5447
0.62 5446
0.62 5445
0.62 5444
0.63 5443
0.63 5442
0.63 5441
0.63 5440
0.63 5439
0.63 5438
0.63 5437
0.64 5436
0.64 5435
0.64 5434
0.64 5433
0.64 5432
0.64 5431
0.64 5430
0.64 5429
0.64 5428
0.64 5427
0.64 5426
0.66 5425
0.66 5424
0.66 5423
0.66 5422
0.66 5421
0.66 5420
0.66 5419
0.66 5418
0.68 5417
0.68 5416
0.68 5415
0.68 5414
0.68 5413
0.69 5412
0.69 5411
0.69 5410
0.69 5409
0.69 5408
0.69 5407
0.69 5406
0.70 5405
0.70 5404
0.70 5403
0.71 5402
0.71 5401
0.71 5400
0.71 5399
0.72 5398
0.72 5397
0.72 5396
0.72 5395
0.72 5394
0.72 5393
0.73 5392
0.73 5391
0.73 5390
0.73 5389
0.73 5388
0.73 5387
0.74 5386
0.74 5385
0.74 5384
0.74 5383
0.74 5382
0.74 5381
0.75 5380
0.75 5379
0.75 5378
0.75 5377
0.75 5376
0.75 5375
0.76 5374
0.76 5373
0.76 5372
0.76 5371
0.76 5370
0.76 5369
0.76 5368
0.76 5367
0.77 5366
0.77 5365
0.77 5364
0.77 5363
0.77 5362
0.78 5361
0.78 5360
0.78 5359
0.78 5358
0.78 5357
0.78 5356
0.79 5355
0.79 5354
0.79 5353
0.79 5352
0.80 5351
0.80 5350
0.80 5349
0.80 5348
0.80 5347
0.80 5346
0.81 5345
0.81 5344
0.81 5343
0.81 5342
0.81 5341
0.81 5340
0.81 5339
0.82 5338
0.82 5337
0.82 5336
0.82 5335
0.82 5334
0.82 5333
0.83 5332
0.83 5331
0.83 5330
0.83 5329
0.83 5328
0.83 5327
0.84 5326
0.84 5325
0.84 5324
0.84 5323
0.84 5322
0.85 5321
0.85 5320
0.85 5319
0.85 5318
0.85 5317
0.85 5316
0.85 5315
0.85 5314
0.85 5313
0.87 5312
0.87 5311
0.87 5310
0.87 5309
0.87 5308
0.88 5307
0.88 5306
0.88 5305
0.89 5304
0.89 5303
0.89 5302
0.90 5301
0.90 5300
0.90 5299
0.90 5298
0.90 5297
0.90 5296
0.91 5295
0.91 5294
0.94 5293
0.95 5292
0.95 5291
0.95 5290
0.95 5289
0.95 5288
0.95 5287
0.96 5286
0.96 5285
0.96 5284
0.96 5283
0.96 5282
0.96 5281
0.97 5280
0.97 5279
0.97 5278
0.97 5277
0.97 5276
0.97 5275
0.97 5274
0.97 5273
0.97 5272
0.97 5271
0.98 5270
0.98 5269
0.98 5268
0.99 5267
0.99 5266
0.99 5265
0.99 5264
0.99 5263
1.00 5262
1.00 5261
1.00 5260
1.00 5259
1.00 5258
1.00 5257
1.00 5256
1.00 5255
1.00 5254
1.02 5253
1.02 5252
1.02 5251
1.02 5250
1.02 5249
1.02 5248
1.02 5247
1.02 5246
1.02 5245
1.03 5244
1.03 5243
1.03 5242
1.03 5241
1.03 5240
1.03 5239
1.03 5238
1.03 5237
1.03 5236
1.03 5235
1.05 5234
1.05 5233
1.05 5232
1.05 5231
1.05 5230
1.05 5229
1.05 5228
1.05 5227
1.05 5226
1.05 5225
1.05 5224
1.05 5223
1.06 5222
1.06 5221
1.06 5220
1.06 5219
1.06 5218
1.06 5217
1.06 5216
1.06 5215
1.08 5214
1.08 5213
1.08 5212
1.08 5211
1.08 5210
1.08 5209
1.09 5208
1.09 5207
1.09 5206
1.09 5205
1.09 5204
1.09 5203
1.09 5202
1.09 5201
1.09 5200
1.11 5199
1.11 5198
1.11 5197
1.11 5196
1.11 5195
1.11 5194
1.11 5193
1.11 5192
1.13 5191
1.13 5190
1.13 5189
1.13 5188
1.13 5187
1.13 5186
1.14 5185
1.14 5184
1.14 5183
1.14 5182
1.14 5181
1.14 5180
1.14 5179
1.14 5178
1.14 5177
1.14 5176
1.16 5175
1.16 5174
1.16 5173
1.16 5172
1.16 5171
1.16 5170
1.16 5169
1.16 5168
1.16 5167
1.17 5166
1.17 5165
1.17 5164
1.17 5163
1.17 5162
1.17 5161
1.19 5160
1.19 5159
1.19 5158
1.19 5157
1.19 5156
1.19 5155
1.19 5154
1.19 5153
1.19 5152
1.19 5151
1.20 5150
1.20 5149
1.20 5148
1.20 5147
1.20 5146
1.20 5145
1.20 5144
1.22 5143
1.22 5142
1.22 5141
1.22 5140
1.22 5139
1.22 5138
1.24 5137
1.24 5136
1.24 5135
1.24 5134
1.24 5133
1.24 5132
1.25 5131
1.25 5130
1.25 5129
1.26 5128
1.26 5127
1.26 5126
1.26 5125
1.26 5124
1.26 5123
1.26 5122
1.26 5121
1.26 5120
1.26 5119
1.26 5118
1.26 5117
1.26 5116
1.26 5115
1.26 5114
1.28 5113
1.28 5112
1.28 5111
1.28 5110
1.29 5109
1.29 5108
1.30 5107
1.30 5106
1.30 5105
1.30 5104
1.30 5103
1.30 5102
1.30 5101
1.30 5100
1.30 5099
1.31 5098
1.31 5097
1.31 5096
1.31 5095
1.31 5094
1.31 5093
1.31 5092
1.31 5091
1.33 5090
1.33 5089
1.33 5088
1.33 5087
1.33 5086
1.33 5085
1.33 5084
1.33 5083
1.33 5082
1.33 5081
1.33 5080
1.34 5079
1.34 5078
1.34 5077
1.34 5076
1.34 5075
1.34 5074
1.34 5073
1.34 5072
1.36 5071
1.36 5070
1.36 5069
1.36 5068
1.36 5067
1.36 5066
1.37 5065
1.37 5064
1.37 5063
1.37 5062
1.37 5061
1.37 5060
1.37 5059
1.37 5058
1.37 5057
1.39 5056
1.39 5055
1.39 5054
1.39 5053
1.39 5052
1.39 5051
1.41 5050
1.41 5049
1.41 5048
1.41 5047
1.41 5046
1.41 5045
1.41 5044
1.41 5043
1.41 5042
1.41 5041
1.42 5040
1.42 5039
1.42 5038
1.42 5037
1.42 5036
1.42 5035
1.42 5034
1.42 5033
1.42 5032
1.42 5031
1.44 5030
1.44 5029
1.44 5028
1.44 5027
1.44 5026
1.44 5025
1.44 5024
1.44 5023
1.44 5022
1.44 5021
1.45 5020
1.45 5019
1.45 5018
1.45 5017
1.45 5016
1.45 5015
1.47 5014
1.47 5013
1.47 5012
1.47 5011
1.47 5010
1.47 5009
1.49 5008
1.49 5007
1.49 5006
1.49 5005
1.49 5004
1.49 5003
1.50 5002
1.50 5001
1.50 5000
1.50 4999
1.50 4998
1.50 4997
1.50 4996
1.50 4995
1.52 4994
1.52 4993
1.52 4992
1.52 4991
1.52 4990
1.52 4989
1.52 4988
1.52 4987
1.52 4986
1.53 4985
1.53 4984
1.53 4983
1.53 4982
1.53 4981
1.55 4980
1.55 4979
1.55 4978
1.55 4977
1.55 4976
1.55 4975
1.56 4974
1.56 4973
1.56 4972
1.56 4971
1.56 4970
1.56 4969
1.56 4968
1.58 4967
1.58 4966
1.58 4965
1.58 4964
1.58 4963
1.59 4962
1.59 4961
1.60 4960
1.60 4959
1.60 4958
1.60 4957
1.60 4956
1.60 4955
1.60 4954
1.60 4953
1.60 4952
1.61 4951
1.61 4950
1.61 4949
1.61 4948
1.61 4947
1.61 4946
1.61 4945
1.61 4944
1.61 4943
1.61 4942
1.63 4941
1.63 4940
1.63 4939
1.63 4938
1.63 4937
1.63 4936
1.63 4935
1.64 4934
1.64 4933
1.64 4932
1.64 4931
1.64 4930
1.64 4929
1.66 4928
1.66 4927
1.66 4926
1.66 4925
1.66 4924
1.66 4923
1.66 4922
1.66 4921
1.67 4920
1.67 4919
1.67 4918
1.67 4917
1.67 4916
1.67 4915
1.69 4914
1.69 4913
1.69 4912
1.69 4911
1.69 4910
1.69 4909
1.69 4908
1.69 4907
1.71 4906
1.71 4905
1.71 4904
1.71 4903
1.71 4902
1.71 4901
1.71 4900
1.72 4899
1.72 4898
1.72 4897
1.72 4896
1.72 4895
1.72 4894
1.74 4893
1.74 4892
1.74 4891
1.74 4890
1.74 4889
1.74 4888
1.74 4887
1.74 4886
1.75 4885
1.75 4884
1.75 4883
1.75 4882
1.75 4881
1.75 4880
1.75 4879
1.75 4878
1.77 4877
1.77 4876
1.77 4875
1.77 4874
1.77 4873
1.77 4872
1.77 4871
1.77 4870
1.77 4869
1.77 4868
1.77 4867
1.77 4866
1.77 4865
1.79 4864
1.79 4863
1.79 4862
1.79 4861
1.79 4860
1.79 4859
1.79 4858
1.79 4857
1.79 4856
1.79 4855
1.79 4854
1.79 4853
1.79 4852
1.79 4851
1.79 4850
1.80 4849
1.80 4848
1.80 4847
1.80 4846
1.80 4845
1.80 4844
1.80 4843
1.80 4842
1.80 4841
1.80 4840
1.80 4839
1.80 4838
1.80 4837
1.80 4836
1.80 4835
1.82 4834
1.82 4833
1.82 4832
1.82 4831
1.82 4830
1.82 4829
1.82 4828
1.82 4827
1.82 4826
1.82 4825
1.82 4824
1.82 4823
1.82 4822
1.82 4821
1.83 4820
1.83 4819
1.83 4818
1.83 4817
1.83 4816
1.83 4815
1.83 4814
1.83 4813
1.83 4812
1.85 4811
1.85 4810
1.85 4809
1.85 4808
1.85 4807
1.85 4806
1.85 4805
1.85 4804
1.85 4803
1.85 4802
1.85 4801
1.85 4800
1.85 4799
1.85 4798
1.85 4797
1.86 4796
1.86 4795
1.86 4794
1.86 4793
1.86 4792
1.86 4791
1.86 4790
1.86 4789
1.86 4788
1.86 4787
1.86 4786
1.86 4785
1.88 4784
1.88 4783
1.88 4782
1.88 4781
1.88 4780
1.88 4779
1.88 4778
1.89 4777
1.89 4776
1.90 4775
1.90 4774
1.90 4773
1.90 4772
1.90 4771
1.90 4770
1.90 4769
1.90 4768
1.90 4767
1.90 4766
1.90 4765
1.90 4764
1.91 4763
1.91 4762
1.91 4761
1.91 4760
1.91 4759
1.91 4758
1.91 4757
1.91 4756
1.91 4755
1.93 4754
1.93 4753
1.93 4752
1.93 4751
1.93 4750
1.93 4749
1.93 4748
1.93 4747
1.93 4746
1.93 4745
1.93 4744
1.93 4743
1.94 4742
1.94 4741
1.94 4740
1.94 4739
1.94 4738
1.94 4737
1.94 4736
1.95 4735
1.95 4734
1.96 4733
1.96 4732
1.96 4731
1.96 4730
1.96 4729
1.96 4728
1.97 4727
1.97 4726
1.97 4725
1.97 4724
1.97 4723
1.97 4722
1.97 4721
1.97 4720
1.97 4719
1.97 4718
1.97 4717
1.98 4716
1.98 4715
1.98 4714
1.98 4713
1.98 4712
1.98 4711
1.98 4710
1.98 4709
1.98 4708
1.98 4707
1.98 4706
1.98 4705
1.98 4704
1.98 4703
1.99 4702
1.99 4701
1.99 4700
1.99 4699
1.99 4698
1.99 4697
1.99 4696
2.00 4695
2.00 4694
2.00 4693
2.00 4692
2.00 4691
2.00 4690
2.00 4689
2.00 4688
2.00 4687
2.00 4686
2.00 4685
2.00 4684
2.00 4683
2.00 4682
2.02 4681
2.02 4680
2.02 4679
2.02 4678
2.02 4677
2.02 4676
2.02 4675
2.02 4674
2.03 4673
2.03 4672
2.03 4671
2.03 4670
2.03 4669
2.03 4668
2.03 4667
2.03 4666
2.05 4665
2.05 4664
2.05 4663
2.05 4662
2.05 4661
2.05 4660
2.05 4659
2.05 4658
2.05 4657
2.06 4656
2.06 4655
2.06 4654
2.06 4653
2.06 4652
2.06 4651
2.06 4650
2.06 4649
2.06 4648
2.06 4647
2.06 4646
2.06 4645
2.06 4644
2.06 4643
2.06 4642
2.08 4641
2.08 4640
2.08 4639
2.08 4638
2.08 4637
2.08 4636
2.09 4635
2.09 4634
2.09 4633
2.09 4632
2.09 4631
2.09 4630
2.09 4629
2.09 4628
2.09 4627
2.09 4626
2.11 4625
2.11 4624
2.11 4623
2.11 4622
2.11 4621
2.11 4620
2.11 4619
2.11 4618
2.11 4617
2.11 4616
2.13 4615
2.13 4614
2.13 4613
2.13 4612
2.13 4611
2.13 4610
2.13 4609
2.13 4608
2.13 4607
2.13 4606
2.13 4605
2.13 4604
2.13 4603
2.13 4602
2.14 4601
2.14 4600
2.14 4599
2.14 4598
2.14 4597
2.14 4596
2.14 4595
2.14 4594
2.14 4593
2.16 4592
2.16 4591
2.16 4590
2.16 4589
2.16 4588
2.16 4587
2.16 4586
2.16 4585
2.17 4584
2.17 4583
2.17 4582
2.17 4581
2.17 4580
2.17 4579
2.17 4578
2.17 4577
2.17 4576
2.17 4575
2.19 4574
2.19 4573
2.19 4572
2.19 4571
2.19 4570
2.19 4569
2.19 4568
2.19 4567
2.19 4566
2.19 4565
2.19 4564
2.19 4563
2.19 4562
2.19 4561
2.19 4560
2.20 4559
2.20 4558
2.20 4557
2.20 4556
2.20 4555
2.20 4554
2.20 4553
2.20 4552
2.20 4551
2.20 4550
2.22 4549
2.22 4548
2.22 4547
2.22 4546
2.22 4545
2.22 4544
2.22 4543
2.22 4542
2.24 4541
2.24 4540
2.24 4539
2.24 4538
2.24 4537
2.24 4536
2.24 4535
2.24 4534
2.24 4533
2.25 4532
2.25 4531
2.25 4530
2.25 4529
2.25 4528
2.25 4527
2.25 4526
2.25 4525
2.27 4524
2.27 4523
2.27 4522
2.27 4521
2.27 4520
2.27 4519
2.27 4518
2.27 4517
2.27 4516
2.28 4515
2.28 4514
2.28 4513
2.28 4512
2.28 4511
2.28 4510
2.28 4509
2.28 4508
2.29 4507
2.29 4506
2.29 4505
2.29 4504
2.29 4503
2.30 4502
2.30 4501
2.30 4500
2.30 4499
2.30 4498
2.30 4497
2.30 4496
2.30 4495
2.31 4494
2.31 4493
2.31 4492
2.31 4491
2.31 4490
2.31 4489
2.31 4488
2.31 4487
2.31 4486
2.31 4485
2.31 4484
2.31 4483
2.33 4482
2.33 4481
2.33 4480
2.33 4479
2.33 4478
2.33 4477
2.33 4476
2.33 4475
2.33 4474
2.33 4473
2.35 4472
2.35 4471
2.35 4470
2.35 4469
2.35 4468
2.35 4467
2.35 4466
2.35 4465
2.35 4464
2.35 4463
2.35 4462
2.35 4461
2.36 4460
2.36 4459
2.36 4458
2.36 4457
2.36 4456
2.36 4455
2.36 4454
2.36 4453
2.36 4452
2.36 4451
2.36 4450
2.36 4449
2.36 4448
2.38 4447
2.38 4446
2.38 4445
2.38 4444
2.38 4443
2.38 4442
2.38 4441
2.38 4440
2.38 4439
2.38 4438
2.38 4437
2.39 4436
2.39 4435
2.39 4434
2.39 4433
2.39 4432
2.39 4431
2.39 4430
2.39 4429
2.39 4428
2.39 4427
2.39 4426
2.39 4425
2.39 4424
2.39 4423
2.41 4422
2.41 4421
2.41 4420
2.41 4419
2.41 4418
2.41 4417
2.41 4416
2.41 4415
2.41 4414
2.43 4413
2.43 4412
2.43 4411
2.43 4410
2.43 4409
2.43 4408
2.43 4407
2.43 4406
2.43 4405
2.44 4404
2.44 4403
2.44 4402
2.44 4401
2.44 4400
2.44 4399
2.44 4398
2.44 4397
2.46 4396
2.46 4395
2.46 4394
2.46 4393
2.46 4392
2.46 4391
2.46 4390
2.46 4389
2.46 4388
2.47 4387
2.47 4386
2.47 4385
2.47 4384
2.47 4383
2.47 4382
2.47 4381
2.47 4380
2.49 4379
2.49 4378
2.49 4377
2.49 4376
2.49 4375
2.49 4374
2.49 4373
2.49 4372
2.49 4371
2.49 4370
2.49 4369
2.49 4368
2.50 4367
2.50 4366
2.50 4365
2.50 4364
2.50 4363
2.50 4362
2.50 4361
2.50 4360
2.50 4359
2.50 4358
2.52 4357
2.52 4356
2.52 4355
2.52 4354
2.52 4353
2.52 4352
2.52 4351
2.52 4350
2.52 4349
2.52 4348
2.52 4347
2.52 4346
2.54 4345
2.54 4344
2.54 4343
2.54 4342
2.54 4341
2.54 4340
2.54 4339
2.54 4338
2.55 4337
2.55 4336
2.55 4335
2.55 4334
2.55 4333
2.55 4332
2.55 4331
2.55 4330
2.55 4329
2.55 4328
2.57 4327
2.57 4326
2.57 4325
2.57 4324
2.57 4323
2.57 4322
2.57 4321
2.57 4320
2.57 4319
2.58 4318
2.58 4317
2.58 4316
2.58 4315
2.58 4314
2.59 4313
2.59 4312
2.59 4311
2.59 4310
2.60 4309
2.60 4308
2.60 4307
2.60 4306
2.60 4305
2.60 4304
2.60 4303
2.60 4302
2.60 4301
2.61 4300
2.61 4299
2.61 4298
2.61 4297
2.61 4296
2.61 4295
2.61 4294
2.61 4293
2.61 4292
2.61 4291
2.61 4290
2.63 4289
2.63 4288
2.63 4287
2.64 4286
2.64 4285
2.64 4284
2.64 4283
2.64 4282
2.64 4281
2.65 4280
2.65 4279
2.65 4278
2.65 4277
2.65 4276
2.66 4275
2.66 4274
2.66 4273
2.66 4272
2.66 4271
2.66 4270
2.67 4269
2.67 4268
2.67 4267
2.67 4266
2.67 4265
2.67 4264
2.68 4263
2.68 4262
2.68 4261
2.68 4260
2.68 4259
2.68 4258
2.68 4257
2.68 4256
2.68 4255
2.68 4254
2.68 4253
2.68 4252
2.68 4251
2.68 4250
2.69 4249
2.69 4248
2.69 4247
2.69 4246
2.69 4245
2.69 4244
2.69 4243
2.69 4242
2.69 4241
2.71 4240
2.71 4239
2.71 4238
2.71 4237
2.71 4236
2.71 4235
2.71 4234
2.71 4233
2.72 4232
2.72 4231
2.72 4230
2.72 4229
2.72 4228
2.72 4227
2.72 4226
2.72 4225
2.72 4224
2.72 4223
2.72 4222
2.72 4221
2.72 4220
2.72 4219
2.72 4218
2.72 4217
2.74 4216
2.74 4215
2.74 4214
2.74 4213
2.74 4212
2.74 4211
2.74 4210
2.74 4209
2.74 4208
2.74 4207
2.74 4206
2.76 4205
2.76 4204
2.76 4203
2.76 4202
2.76 4201
2.76 4200
2.76 4199
2.76 4198
2.76 4197
2.76 4196
2.76 4195
2.76 4194
2.77 4193
2.77 4192
2.77 4191
2.77 4190
2.77 4189
2.77 4188
2.77 4187
2.77 4186
2.77 4185
2.77 4184
2.77 4183
2.77 4182
2.77 4181
2.77 4180
2.77 4179
2.79 4178
2.79 4177
2.79 4176
2.79 4175
2.79 4174
2.79 4173
2.79 4172
2.79 4171
2.79 4170
2.80 4169
2.80 4168
2.80 4167
2.80 4166
2.80 4165
2.80 4164
2.80 4163
2.80 4162
2.82 4161
2.82 4160
2.82 4159
2.82 4158
2.82 4157
2.82 4156
2.82 4155
2.82 4154
2.82 4153
2.82 4152
2.82 4151
2.82 4150
2.82 4149
2.82 4148
2.82 4147
2.82 4146
2.82 4145
2.84 4144
2.84 4143
2.84 4142
2.84 4141
2.84 4140
2.84 4139
2.84 4138
2.84 4137
2.84 4136
2.85 4135
2.85 4134
2.85 4133
2.85 4132
2.85 4131
2.85 4130
2.85 4129
2.85 4128
2.85 4127
2.87 4126
2.87 4125
2.87 4124
2.87 4123
2.87 4122
2.87 4121
2.87 4120
2.87 4119
2.87 4118
2.88 4117
2.88 4116
2.88 4115
2.88 4114
2.88 4113
2.88 4112
2.89 4111
2.89 4110
2.89 4109
2.90 4108
2.90 4107
2.90 4106
2.90 4105
2.90 4104
2.90 4103
2.90 4102
2.90 4101
2.90 4100
2.90 4099
2.91 4098
2.91 4097
2.91 4096
2.91 4095
2.91 4094
2.91 4093
2.91 4092
2.91 4091
2.91 4090
2.91 4089
2.91 4088
2.91 4087
2.91 4086
2.91 4085
2.93 4084
2.93 4083
2.93 4082
2.93 4081
2.93 4080
2.93 4079
2.93 4078
2.93 4077
2.93 4076
2.93 4075
2.93 4074
2.95 4073
2.95 4072
2.95 4071
2.95 4070
2.95 4069
2.95 4068
2.95 4067
2.95 4066
2.96 4065
2.96 4064
2.96 4063
2.96 4062
2.96 4061
2.96 4060
2.96 4059
2.97 4058
2.97 4057
2.97 4056
2.97 4055
2.97 4054
2.97 4053
2.98 4052
2.98 4051
2.98 4050
2.98 4049
2.98 4048
2.98 4047
2.98 4046
2.98 4045
2.98 4044
2.98 4043
2.98 4042
6.78 3941
6.78 3940
6.78 3939
6.78 3938
6.78 3937
6.78 3936
