0.77 1999
0.77 1998
0.77 1997
0.77 1996
0.77 1995
0.77 1994
0.77 1993
0.77 1992
0.77 1991
0.77 1990
0.77 1989
0.77 1988
0.77 1987
0.77 1986
0.78 1985
0.78 1984
0.78 1983
0.78 1982
0.78 1981
0.78 1980
0.78 1979
0.78 1978
0.78 1977
0.78 1976
0.78 1975
0.78 1974
0.78 1973
0.78 1972
0.78 1971
0.78 1970
0.78 1969
0.78 1968
0.78 1967
0.78 1966
0.78 1965
0.78 1964
0.79 1963
0.79 1962
0.79 1961
0.79 1960
0.79 1959
0.79 1958
0.79 1957
0.79 1956
0.79 1955
0.79 1954
0.79 1953
0.79 1952
0.79 1951
0.79 1950
0.79 1949
0.79 1948
0.79 1947
0.79 1946
0.79 1945
0.79 1944
0.79 1943
0.80 1942
0.80 1941
0.80 1940
0.80 1939
0.80 1938
0.80 1937
0.80 1936
0.80 1935
0.80 1934
0.80 1933
0.80 1932
0.80 1931
0.80 1930
0.80 1929
0.80 1928
0.80 1927
0.81 1926
0.81 1925
0.81 1924
0.81 1923
0.81 1922
0.81 1921
0.81 1920
0.81 1919
0.81 1918
0.81 1917
0.81 1916
0.81 1915
0.81 1914
0.81 1913
0.81 1912
0.81 1911
0.81 1910
0.82 1909
0.82 1908
0.82 1907
0.82 1906
0.82 1905
0.82 1904
0.82 1903
0.82 1902
0.82 1901
0.82 1900
0.82 1899
0.82 1898
0.82 1897
0.82 1896
0.82 1895
0.82 1894
0.82 1893
0.82 1892
0.83 1891
0.83 1890
0.83 1889
0.83 1888
0.83 1887
0.83 1886
0.83 1885
0.83 1884
0.83 1883
0.83 1882
0.83 1881
0.84 1880
0.84 1879
0.84 1878
0.84 1877
0.84 1876
0.84 1875
0.84 1874
0.84 1873
0.84 1872
0.84 1871
0.84 1870
0.84 1869
0.84 1868
0.84 1867
0.84 1866
0.84 1865
0.85 1864
0.85 1863
0.85 1862
0.85 1861
0.85 1860
0.85 1859
0.85 1858
0.85 1857
0.85 1856
0.85 1855
0.85 1854
0.85 1853
0.85 1852
0.85 1851
0.85 1850
0.85 1849
0.85 1848
0.85 1847
0.85 1846
0.85 1845
0.85 1844
0.85 1843
0.86 1842
0.86 1841
0.86 1840
0.86 1839
0.86 1838
0.86 1837
0.86 1836
0.86 1835
0.86 1834
0.86 1833
0.86 1832
0.86 1831
0.86 1830
0.86 1829
0.86 1828
0.86 1827
0.86 1826
0.86 1825
0.86 1824
0.86 1823
0.86 1822
0.86 1821
0.86 1820
0.86 1819
0.86 1818
0.86 1817
0.86 1816
0.86 1815
0.86 1814
0.86 1813
0.86 1812
0.87 1811
0.87 1810
0.87 1809
0.87 1808
0.87 1807
0.87 1806
0.87 1805
0.87 1804
0.87 1803
0.87 1802
0.87 1801
0.87 1800
0.87 1799
0.87 1798
0.87 1797
0.87 1796
0.88 1795
0.88 1794
0.88 1793
0.88 1792
0.88 1791
0.88 1790
0.88 1789
0.88 1788
0.88 1787
0.88 1786
0.88 1785
0.88 1784
0.88 1783
0.88 1782
0.88 1781
0.88 1780
0.88 1779
0.88 1778
0.88 1777
0.88 1776
0.89 1775
0.89 1774
0.89 1773
0.89 1772
0.89 1771
0.89 1770
0.89 1769
0.89 1768
0.89 1767
0.89 1766
0.89 1765
0.89 1764
0.89 1763
0.89 1762
0.89 1761
0.89 1760
0.89 1759
0.89 1758
0.89 1757
0.89 1756
0.89 1755
0.89 1754
0.89 1753
0.89 1752
0.89 1751
0.89 1750
0.89 1749
0.89 1748
0.89 1747
0.89 1746
0.89 1745
0.89 1744
0.89 1743
0.89 1742
0.89 1741
0.89 1740
0.91 1739
0.91 1738
0.91 1737
0.91 1736
0.91 1735
0.91 1734
0.91 1733
0.91 1732
0.91 1731
0.91 1730
0.91 1729
0.91 1728
0.91 1727
0.91 1726
0.91 1725
0.91 1724
0.91 1723
0.91 1722
0.91 1721
0.91 1720
0.91 1719
0.91 1718
0.91 1717
0.91 1716
0.91 1715
0.91 1714
0.91 1713
0.91 1712
0.91 1711
0.91 1710
0.91 1709
0.91 1708
0.92 1707
0.92 1706
0.92 1705
0.92 1704
0.92 1703
0.92 1702
0.92 1701
0.92 1700
0.92 1699
0.92 1698
0.92 1697
0.92 1696
0.92 1695
0.92 1694
0.92 1693
0.92 1692
0.92 1691
0.92 1690
0.92 1689
0.92 1688
0.92 1687
0.92 1686
0.92 1685
0.92 1684
0.92 1683
0.92 1682
0.92 1681
0.92 1680
0.92 1679
0.92 1678
0.92 1677
0.92 1676
0.92 1675
0.92 1674
0.92 1673
0.92 1672
0.92 1671
0.94 1670
0.94 1669
0.94 1668
0.94 1667
0.94 1666
0.94 1665
0.94 1664
0.94 1663
0.94 1662
0.94 1661
0.94 1660
0.94 1659
0.94 1658
0.94 1657
0.94 1656
0.94 1655
0.94 1654
0.94 1653
0.94 1652
0.94 1651
0.94 1650
0.94 1649
0.94 1648
0.94 1647
0.94 1646
0.94 1645
0.94 1644
0.94 1643
0.96 1642
0.96 1641
0.96 1640
0.96 1639
0.96 1638
0.96 1637
0.96 1636
0.96 1635
0.96 1634
0.96 1633
0.96 1632
0.96 1631
0.96 1630
0.96 1629
0.96 1628
0.96 1627
0.96 1626
0.96 1625
0.96 1624
0.96 1623
0.97 1622
0.97 1621
0.97 1620
0.97 1619
0.97 1618
0.97 1617
0.97 1616
0.97 1615
0.97 1614
0.97 1613
0.97 1612
0.97 1611
0.97 1610
0.97 1609
0.97 1608
0.97 1607
0.97 1606
0.97 1605
0.97 1604
0.97 1603
0.97 1602
0.97 1601
0.97 1600
0.97 1599
0.97 1598
0.97 1597
0.97 1596
0.97 1595
0.97 1594
0.97 1593
0.97 1592
0.97 1591
0.97 1590
0.97 1589
0.97 1588
0.97 1587
0.99 1586
0.99 1585
0.99 1584
0.99 1583
0.99 1582
0.99 1581
0.99 1580
0.99 1579
0.99 1578
0.99 1577
0.99 1576
0.99 1575
0.99 1574
0.99 1573
0.99 1572
0.99 1571
0.99 1570
0.99 1569
0.99 1568
0.99 1567
0.99 1566
0.99 1565
0.99 1564
0.99 1563
0.99 1562
0.99 1561
0.99 1560
0.99 1559
0.99 1558
1.00 1557
1.00 1556
1.00 1555
1.00 1554
1.00 1553
1.00 1552
1.00 1551
1.00 1550
1.00 1549
1.00 1548
1.00 1547
1.00 1546
1.00 1545
1.00 1544
1.00 1543
1.00 1542
1.00 1541
1.00 1540
1.00 1539
1.00 1538
1.00 1537
1.00 1536
1.00 1535
1.00 1534
1.00 1533
1.00 1532
1.00 1531
1.00 1530
1.00 1529
1.02 1528
1.02 1527
1.02 1526
1.02 1525
1.02 1524
1.02 1523
1.02 1522
1.02 1521
1.02 1520
1.02 1519
1.02 1518
1.02 1517
1.02 1516
1.02 1515
1.02 1514
1.02 1513
1.02 1512
1.02 1511
1.02 1510
1.02 1509
1.02 1508
1.02 1507
1.02 1506
1.02 1505
1.04 1504
1.04 1503
1.04 1502
1.04 1501
1.04 1500
1.04 1499
1.04 1498
1.04 1497
1.04 1496
1.04 1495
1.04 1494
1.04 1493
1.04 1492
1.04 1491
1.04 1490
1.04 1489
1.04 1488
1.04 1487
1.05 1486
1.05 1485
1.05 1484
1.05 1483
1.05 1482
1.05 1481
1.05 1480
1.05 1479
1.05 1478
1.05 1477
1.05 1476
1.05 1475
1.05 1474
1.05 1473
1.05 1472
1.05 1471
1.05 1470
1.05 1469
1.06 1468
1.06 1467
1.06 1466
1.06 1465
1.06 1464
1.06 1463
1.06 1462
1.06 1461
1.06 1460
1.06 1459
1.06 1458
1.06 1457
1.06 1456
1.06 1455
1.06 1454
1.06 1453
1.06 1452
1.06 1451
1.06 1450
1.06 1449
1.07 1448
1.07 1447
1.07 1446
1.07 1445
1.07 1444
1.07 1443
1.07 1442
1.07 1441
1.07 1440
1.07 1439
1.07 1438
1.07 1437
1.07 1436
1.07 1435
1.07 1434
1.07 1433
1.07 1432
1.07 1431
1.07 1430
1.08 1429
1.08 1428
1.08 1427
1.08 1426
1.08 1425
1.08 1424
1.08 1423
1.08 1422
1.08 1421
1.08 1420
1.08 1419
1.08 1418
1.08 1417
1.08 1416
1.08 1415
1.08 1414
1.08 1413
1.08 1412
1.08 1411
1.08 1410
1.08 1409
1.08 1408
1.08 1407
1.08 1406
1.08 1405
1.08 1404
1.08 1403
1.08 1402
1.08 1401
1.08 1400
1.08 1399
1.08 1398
1.09 1397
1.09 1396
1.09 1395
1.09 1394
1.09 1393
1.09 1392
1.09 1391
1.09 1390
1.09 1389
1.09 1388
1.09 1387
1.09 1386
1.09 1385
1.09 1384
1.09 1383
1.10 1382
1.10 1381
1.10 1380
1.10 1379
1.10 1378
1.10 1377
1.10 1376
1.10 1375
1.10 1374
1.10 1373
1.10 1372
1.10 1371
1.10 1370
1.10 1369
1.10 1368
1.10 1367
1.10 1366
1.10 1365
1.10 1364
1.10 1363
1.10 1362
1.10 1361
1.10 1360
1.10 1359
1.11 1358
1.11 1357
1.11 1356
1.11 1355
1.11 1354
1.11 1353
1.11 1352
1.11 1351
1.11 1350
1.11 1349
1.11 1348
1.11 1347
1.11 1346
1.11 1345
1.11 1344
1.11 1343
1.11 1342
1.11 1341
1.11 1340
1.11 1339
1.11 1338
1.11 1337
1.11 1336
1.11 1335
1.11 1334
1.11 1333
1.11 1332
1.11 1331
1.11 1330
1.11 1329
1.11 1328
1.11 1327
1.11 1326
1.11 1325
1.11 1324
1.12 1323
1.12 1322
1.12 1321
1.12 1320
1.12 1319
1.12 1318
1.12 1317
1.12 1316
1.13 1315
1.13 1314
1.13 1313
1.13 1312
1.13 1311
1.13 1310
1.13 1309
1.13 1308
1.13 1307
1.13 1306
1.13 1305
1.13 1304
1.13 1303
1.13 1302
1.13 1301
1.13 1300
1.13 1299
1.13 1298
1.13 1297
1.14 1296
1.14 1295
1.14 1294
1.14 1293
1.14 1292
1.14 1291
1.14 1290
1.14 1289
1.14 1288
1.14 1287
1.14 1286
1.14 1285
1.14 1284
1.14 1283
1.14 1282
1.14 1281
1.14 1280
1.14 1279
1.14 1278
1.14 1277
1.15 1276
1.15 1275
1.15 1274
1.15 1273
1.15 1272
1.15 1271
1.15 1270
1.15 1269
1.15 1268
1.15 1267
1.15 1266
1.15 1265
1.15 1264
1.15 1263
1.15 1262
1.15 1261
1.15 1260
1.15 1259
1.15 1258
1.15 1257
1.15 1256
1.15 1255
1.15 1254
1.15 1253
1.15 1252
1.15 1251
1.16 1250
1.16 1249
1.16 1248
1.16 1247
1.16 1246
1.16 1245
1.16 1244
1.16 1243
1.16 1242
1.16 1241
1.16 1240
1.16 1239
1.16 1238
1.16 1237
1.16 1236
1.16 1235
1.16 1234
1.16 1233
1.16 1232
1.16 1231
1.16 1230
1.16 1229
1.16 1228
1.16 1227
1.16 1226
1.16 1225
1.16 1224
1.16 1223
1.16 1222
1.16 1221
1.16 1220
1.16 1219
1.16 1218
1.16 1217
1.18 1216
1.18 1215
1.18 1214
1.18 1213
1.18 1212
1.18 1211
1.18 1210
1.18 1209
1.18 1208
1.18 1207
1.18 1206
1.18 1205
1.18 1204
1.18 1203
1.18 1202
1.18 1201
1.18 1200
1.18 1199
1.18 1198
1.18 1197
1.18 1196
1.18 1195
1.18 1194
1.18 1193
1.18 1192
1.18 1191
1.18 1190
1.18 1189
1.18 1188
1.18 1187
1.18 1186
1.18 1185
1.19 1184
1.19 1183
1.19 1182
1.19 1181
1.19 1180
1.19 1179
1.19 1178
1.19 1177
1.19 1176
1.19 1175
1.19 1174
1.19 1173
1.19 1172
1.19 1171
1.19 1170
1.19 1169
1.19 1168
1.19 1167
1.19 1166
1.19 1165
1.19 1164
1.19 1163
1.19 1162
1.19 1161
1.19 1160
1.19 1159
1.19 1158
1.19 1157
1.19 1156
1.19 1155
1.19 1154
1.19 1153
1.19 1152
1.21 1151
1.21 1150
1.21 1149
1.21 1148
1.21 1147
1.21 1146
1.21 1145
1.21 1144
1.21 1143
1.22 1142
1.22 1141
1.22 1140
1.22 1139
1.22 1138
1.22 1137
1.22 1136
1.22 1135
1.22 1134
1.22 1133
1.22 1132
1.22 1131
1.22 1130
1.22 1129
1.22 1128
1.22 1127
1.22 1126
1.22 1125
1.22 1124
1.22 1123
1.22 1122
1.22 1121
1.23 1120
1.23 1119
1.23 1118
1.23 1117
1.23 1116
1.23 1115
1.23 1114
1.23 1113
1.23 1112
1.23 1111
1.23 1110
1.23 1109
1.23 1108
1.23 1107
1.23 1106
1.23 1105
1.23 1104
1.23 1103
1.23 1102
1.23 1101
1.23 1100
1.23 1099
1.23 1098
1.23 1097
1.23 1096
1.23 1095
1.23 1094
1.23 1093
1.23 1092
1.23 1091
1.23 1090
1.23 1089
1.23 1088
1.23 1087
1.23 1086
1.24 1085
1.24 1084
1.24 1083
1.24 1082
1.24 1081
1.24 1080
1.24 1079
1.25 1078
1.25 1077
1.25 1076
1.25 1075
1.25 1074
1.25 1073
1.25 1072
1.25 1071
1.25 1070
1.25 1069
1.25 1068
1.25 1067
1.25 1066
1.25 1065
1.25 1064
1.25 1063
1.25 1062
1.25 1061
1.25 1060
1.25 1059
1.25 1058
1.25 1057
1.25 1056
1.25 1055
1.25 1054
1.25 1053
1.25 1052
1.26 1051
1.26 1050
1.26 1049
1.26 1048
1.26 1047
1.26 1046
1.26 1045
1.26 1044
1.26 1043
1.26 1042
1.26 1041
1.26 1040
1.26 1039
1.26 1038
1.26 1037
1.26 1036
1.26 1035
1.26 1034
1.26 1033
1.26 1032
1.26 1031
1.26 1030
1.26 1029
1.26 1028
1.26 1027
1.26 1026
1.26 1025
1.26 1024
1.26 1023
1.26 1022
1.27 1021
1.27 1020
1.27 1019
1.27 1018
1.27 1017
1.27 1016
1.27 1015
1.27 1014
1.27 1013
1.27 1012
1.27 1011
1.27 1010
1.27 1009
1.27 1008
1.27 1007
1.27 1006
1.27 1005
1.27 1004
1.27 1003
1.27 1002
1.27 1001
1.27 1000
