0.12 5683
0.14 5682
0.14 5681
0.14 5680
0.15 5679
0.15 5678
0.15 5677
0.15 5676
0.16 5675
0.16 5674
0.16 5673
0.17 5672
0.17 5671
0.17 5670
0.17 5669
0.18 5668
0.18 5667
0.19 5666
0.19 5665
0.19 5664
0.19 5663
0.20 5662
0.20 5661
0.20 5660
0.21 5659
0.21 5658
0.21 5657
0.22 5656
0.22 5655
0.22 5654
0.23 5653
0.23 5652
0.23 5651
0.23 5650
0.24 5649
0.24 5648
0.24 5647
0.25 5646
0.25 5645
0.25 5644
0.26 5643
0.26 5642
0.26 5641
0.26 5640
0.27 5639
0.27 5638
0.27 5637
0.28 5636
0.28 5635
0.29 5634
0.29 5633
0.29 5632
0.30 5631
0.30 5630
0.30 5629
0.30 5628
0.31 5627
0.31 5626
0.31 5625
0.32 5624
0.32 5623
0.32 5622
0.33 5621
0.33 5620
0.33 5619
0.34 5618
0.34 5617
0.34 5616
0.34 5615
0.35 5614
0.35 5613
0.35 5612
0.36 5611
0.36 5610
0.36 5609
0.37 5608
0.37 5607
0.37 5606
0.37 5605
0.38 5604
0.38 5603
0.38 5602
0.39 5601
0.39 5600
0.39 5599
0.39 5598
0.39 5597
0.39 5596
0.40 5595
0.40 5594
0.40 5593
0.40 5592
0.40 5591
0.42 5590
0.42 5589
0.43 5588
0.43 5587
0.43 5586
0.44 5585
0.44 5584
0.44 5583
0.45 5582
0.45 5581
0.45 5580
0.46 5579
0.46 5578
0.46 5577
0.46 5576
0.47 5575
0.47 5574
0.47 5573
0.47 5572
0.47 5571
0.49 5570
0.49 5569
0.49 5568
0.50 5567
0.50 5566
0.50 5565
0.51 5564
0.51 5563
0.51 5562
0.51 5561
0.52 5560
0.52 5559
0.52 5558
0.53 5557
0.53 5556
0.53 5555
0.53 5554
0.54 5553
0.54 5552
0.54 5551
0.55 5550
0.55 5549
0.55 5548
0.56 5547
0.56 5546
0.56 5545
0.56 5544
0.57 5543
0.57 5542
0.57 5541
0.57 5540
0.57 5539
0.57 5538
0.57 5537
0.57 5536
0.59 5535
0.59 5534
0.59 5533
0.59 5532
0.59 5531
0.60 5530
0.61 5529
0.61 5528
0.61 5527
0.62 5526
0.62 5525
0.62 5524
0.63 5523
0.63 5522
0.63 5521
0.63 5520
0.64 5519
0.64 5518
0.64 5517
0.64 5516
0.64 5515
0.64 5514
0.64 5513
0.65 5512
0.65 5511
0.65 5510
0.65 5509
0.65 5508
0.67 5507
0.67 5506
0.67 5505
0.67 5504
0.67 5503
0.67 5502
0.69 5501
0.69 5500
0.69 5499
0.69 5498
0.69 5497
0.69 5496
0.70 5495
0.70 5494
0.70 5493
0.70 5492
0.72 5491
0.72 5490
0.73 5489
0.73 5488
0.73 5487
0.73 5486
0.74 5485
0.74 5484
0.74 5483
0.74 5482
0.75 5481
0.75 5480
0.75 5479
0.76 5478
0.76 5477
0.76 5476
0.76 5475
0.76 5474
0.76 5473
0.77 5472
0.77 5471
0.77 5470
0.77 5469
0.77 5468
0.79 5467
0.79 5466
0.79 5465
0.79 5464
0.79 5463
0.79 5462
0.80 5461
0.80 5460
0.80 5459
0.80 5458
0.80 5457
0.80 5456
0.82 5455
0.82 5454
0.82 5453
0.82 5452
0.82 5451
0.82 5450
0.84 5449
0.84 5448
0.84 5447
0.84 5446
0.84 5445
0.84 5444
0.85 5443
0.85 5442
0.85 5441
0.85 5440
0.85 5439
0.85 5438
0.87 5437
0.87 5436
0.87 5435
0.88 5434
0.88 5433
0.89 5432
0.89 5431
0.89 5430
0.89 5429
0.91 5428
0.91 5427
0.92 5426
0.92 5425
0.92 5424
0.92 5423
0.93 5422
0.93 5421
0.93 5420
0.94 5419
0.94 5418
0.94 5417
0.94 5416
0.94 5415
0.94 5414
0.94 5413
0.96 5412
0.96 5411
0.96 5410
0.96 5409
0.97 5408
0.97 5407
0.97 5406
0.97 5405
0.98 5404
0.98 5403
0.98 5402
0.99 5401
0.99 5400
0.99 5399
0.99 5398
0.99 5397
0.99 5396
0.99 5395
0.99 5394
1.01 5393
1.01 5392
1.01 5391
1.01 5390
1.01 5389
1.02 5388
1.02 5387
1.02 5386
1.02 5385
1.02 5384
1.02 5383
1.04 5382
1.04 5381
1.04 5380
1.04 5379
1.04 5378
1.04 5377
1.05 5376
1.05 5375
1.05 5374
1.05 5373
1.05 5372
1.05 5371
1.07 5370
1.07 5369
1.07 5368
1.07 5367
1.07 5366
1.08 5365
1.08 5364
1.08 5363
1.08 5362
1.08 5361
1.08 5360
1.10 5359
1.10 5358
1.10 5357
1.10 5356
1.10 5355
1.12 5354
1.12 5353
1.12 5352
1.12 5351
1.12 5350
1.12 5349
1.13 5348
1.13 5347
1.13 5346
1.13 5345
1.13 5344
1.13 5343
1.15 5342
1.15 5341
1.15 5340
1.15 5339
1.15 5338
1.15 5337
1.16 5336
1.16 5335
1.16 5334
1.17 5333
1.17 5332
1.18 5331
1.18 5330
1.18 5329
1.19 5328
1.19 5327
1.19 5326
1.20 5325
1.20 5324
1.20 5323
1.20 5322
1.21 5321
1.21 5320
1.21 5319
1.21 5318
1.22 5317
1.22 5316
1.23 5315
1.23 5314
1.23 5313
1.23 5312
1.24 5311
1.24 5310
1.24 5309
1.25 5308
1.25 5307
1.25 5306
1.25 5305
1.26 5304
1.26 5303
1.26 5302
1.27 5301
1.28 5300
1.28 5299
1.28 5298
1.28 5297
1.29 5296
1.29 5295
1.30 5294
1.30 5293
1.30 5292
1.30 5291
1.31 5290
1.31 5289
1.31 5288
1.32 5287
1.32 5286
1.32 5285
1.33 5284
1.33 5283
1.33 5282
1.33 5281
1.34 5280
1.34 5279
1.34 5278
1.34 5277
1.34 5276
1.36 5275
1.36 5274
1.36 5273
1.37 5272
1.37 5271
1.37 5270
1.38 5269
1.38 5268
1.38 5267
1.38 5266
1.38 5265
1.39 5264
1.39 5263
1.40 5262
1.40 5261
1.40 5260
1.40 5259
1.41 5258
1.41 5257
1.42 5256
1.42 5255
1.43 5254
1.43 5253
1.43 5252
1.43 5251
1.43 5250
1.44 5249
1.44 5248
1.44 5247
1.44 5246
1.44 5245
1.46 5244
1.46 5243
1.46 5242
1.47 5241
1.47 5240
1.47 5239
1.48 5238
1.48 5237
1.48 5236
1.48 5235
1.49 5234
1.49 5233
1.49 5232
1.49 5231
1.50 5230
1.50 5229
1.50 5228
1.50 5227
1.51 5226
1.51 5225
1.51 5224
1.52 5223
1.52 5222
1.52 5221
1.53 5220
1.53 5219
1.53 5218
1.54 5217
1.54 5216
1.54 5215
1.54 5214
1.55 5213
1.55 5212
1.56 5211
1.56 5210
1.56 5209
1.57 5208
1.57 5207
1.58 5206
1.58 5205
1.58 5204
1.58 5203
1.59 5202
1.59 5201
1.59 5200
1.59 5199
1.61 5198
1.61 5197
1.61 5196
1.61 5195
1.61 5194
1.62 5193
1.63 5192
1.63 5191
1.63 5190
1.63 5189
1.64 5188
1.64 5187
1.64 5186
1.65 5185
1.65 5184
1.65 5183
1.65 5182
1.66 5181
1.66 5180
1.66 5179
1.66 5178
1.67 5177
1.67 5176
1.68 5175
1.68 5174
1.68 5173
1.68 5172
1.69 5171
1.69 5170
1.69 5169
1.69 5168
1.69 5167
1.71 5166
1.71 5165
1.71 5164
1.72 5163
1.72 5162
1.72 5161
1.72 5160
1.73 5159
1.73 5158
1.73 5157
1.73 5156
1.74 5155
1.74 5154
1.74 5153
1.75 5152
1.75 5151
1.75 5150
1.76 5149
1.76 5148
1.76 5147
1.77 5146
1.77 5145
1.77 5144
1.78 5143
1.78 5142
1.78 5141
1.79 5140
1.79 5139
1.79 5138
1.80 5137
1.80 5136
1.81 5135
1.81 5134
1.81 5133
1.81 5132
1.81 5131
1.82 5130
1.83 5129
1.83 5128
1.83 5127
1.83 5126
1.84 5125
1.84 5124
1.84 5123
1.84 5122
1.85 5121
1.85 5120
1.85 5119
1.85 5118
1.86 5117
1.86 5116
1.86 5115
1.86 5114
1.87 5113
1.87 5112
1.88 5111
1.88 5110
1.88 5109
1.88 5108
1.89 5107
1.89 5106
1.89 5105
1.89 5104
1.89 5103
1.89 5102
1.91 5101
1.91 5100
1.91 5099
1.91 5098
1.92 5097
1.92 5096
1.92 5095
1.92 5094
1.93 5093
1.93 5092
1.93 5091
1.93 5090
1.94 5089
1.94 5088
1.94 5087
1.94 5086
1.95 5085
1.95 5084
1.95 5083
1.95 5082
1.96 5081
1.96 5080
1.96 5079
1.97 5078
1.97 5077
1.98 5076
1.98 5075
1.98 5074
1.98 5073
1.98 5072
1.99 5071
1.99 5070
1.99 5069
1.99 5068
1.99 5067
1.99 5066
2.01 5065
2.01 5064
2.01 5063
2.01 5062
2.02 5061
2.02 5060
2.02 5059
2.03 5058
2.03 5057
2.03 5056
2.04 5055
2.04 5054
2.04 5053
2.04 5052
2.04 5051
2.04 5050
2.06 5049
2.06 5048
2.06 5047
2.06 5046
2.06 5045
2.07 5044
2.08 5043
2.08 5042
2.08 5041
2.08 5040
2.08 5039
2.08 5038
2.10 5037
2.10 5036
2.10 5035
2.11 5034
2.11 5033
2.11 5032
2.11 5031
2.11 5030
2.11 5029
2.11 5028
2.13 5027
2.13 5026
2.13 5025
2.13 5024
2.13 5023
2.14 5022
2.14 5021
2.14 5020
2.14 5019
2.14 5018
2.14 5017
2.14 5016
2.16 5015
2.16 5014
2.16 5013
2.17 5012
2.17 5011
2.17 5010
2.17 5009
2.18 5008
2.18 5007
2.18 5006
2.18 5005
2.18 5004
2.19 5003
2.19 5002
2.19 5001
2.20 5000
2.20 4999
2.20 4998
2.20 4997
2.21 4996
2.21 4995
2.21 4994
2.21 4993
2.22 4992
2.22 4991
2.22 4990
2.22 4989
2.23 4988
2.23 4987
2.23 4986
2.23 4985
2.24 4984
2.24 4983
2.24 4982
2.24 4981
2.24 4980
2.24 4979
2.24 4978
2.25 4977
2.25 4976
2.25 4975
2.25 4974
2.27 4973
2.27 4972
2.27 4971
2.27 4970
2.28 4969
2.28 4968
2.28 4967
2.29 4966
2.29 4965
2.29 4964
2.29 4963
2.30 4962
2.30 4961
2.30 4960
2.31 4959
2.31 4958
2.31 4957
2.31 4956
2.31 4955
2.31 4954
2.32 4953
2.32 4952
2.32 4951
2.32 4950
2.32 4949
2.32 4948
2.32 4947
2.34 4946
2.34 4945
2.34 4944
2.34 4943
2.34 4942
2.35 4941
2.35 4940
2.35 4939
2.35 4938
2.35 4937
2.35 4936
2.37 4935
2.37 4934
2.37 4933
2.37 4932
2.37 4931
2.37 4930
2.37 4929
2.39 4928
2.39 4927
2.39 4926
2.39 4925
2.40 4924
2.40 4923
2.40 4922
2.40 4921
2.41 4920
2.41 4919
2.41 4918
2.41 4917
2.41 4916
2.41 4915
2.41 4914
2.42 4913
2.42 4912
2.42 4911
2.42 4910
2.42 4909
2.42 4908
2.44 4907
2.44 4906
2.44 4905
2.44 4904
2.44 4903
2.44 4902
2.44 4901
2.45 4900
2.45 4899
2.45 4898
2.45 4897
2.45 4896
2.45 4895
2.47 4894
2.47 4893
2.47 4892
2.47 4891
2.47 4890
2.47 4889
2.47 4888
2.48 4887
2.48 4886
2.48 4885
2.48 4884
2.48 4883
2.48 4882
2.48 4881
2.50 4880
2.50 4879
2.50 4878
2.50 4877
2.50 4876
2.50 4875
2.52 4874
2.52 4873
2.52 4872
2.52 4871
2.52 4870
2.52 4869
2.52 4868
2.53 4867
2.53 4866
2.53 4865
2.53 4864
2.53 4863
2.53 4862
2.53 4861
2.55 4860
2.55 4859
2.55 4858
2.55 4857
2.55 4856
2.55 4855
2.56 4854
2.56 4853
2.56 4852
2.56 4851
2.56 4850
2.58 4849
2.58 4848
2.58 4847
2.58 4846
2.58 4845
2.59 4844
2.59 4843
2.60 4842
2.60 4841
2.60 4840
2.61 4839
2.61 4838
2.61 4837
2.62 4836
2.63 4835
2.63 4834
2.63 4833
2.63 4832
2.64 4831
2.64 4830
2.64 4829
2.64 4828
2.65 4827
2.65 4826
2.65 4825
2.65 4824
2.66 4823
2.66 4822
2.66 4821
2.67 4820
2.67 4819
2.67 4818
2.67 4817
2.68 4816
2.68 4815
2.68 4814
2.68 4813
2.69 4812
2.69 4811
2.69 4810
2.69 4809
2.70 4808
2.70 4807
2.70 4806
2.70 4805
2.71 4804
2.72 4803
2.72 4802
2.72 4801
2.73 4800
2.73 4799
2.73 4798
2.73 4797
2.74 4796
2.74 4795
2.74 4794
2.75 4793
2.75 4792
2.75 4791
2.75 4790
2.75 4789
2.76 4788
2.76 4787
2.76 4786
2.77 4785
2.77 4784
2.77 4783
2.77 4782
2.77 4781
2.77 4780
2.77 4779
2.77 4778
2.77 4777
2.77 4776
2.79 4775
2.79 4774
2.79 4773
2.79 4772
2.79 4771
2.79 4770
2.79 4769
2.80 4768
2.80 4767
2.80 4766
2.80 4765
2.80 4764
2.80 4763
2.82 4762
2.82 4761
2.82 4760
2.83 4759
2.83 4758
2.83 4757
2.83 4756
2.84 4755
2.84 4754
2.84 4753
2.84 4752
2.84 4751
2.84 4750
2.84 4749
2.84 4748
2.85 4747
2.86 4746
2.86 4745
2.86 4744
2.86 4743
2.87 4742
2.87 4741
2.87 4740
2.88 4739
2.88 4738
2.88 4737
2.88 4736
2.88 4735
2.89 4734
2.89 4733
2.89 4732
2.90 4731
2.90 4730
2.90 4729
2.90 4728
2.91 4727
2.91 4726
2.91 4725
2.91 4724
2.92 4723
2.92 4722
2.92 4721
2.92 4720
2.92 4719
2.92 4718
2.92 4717
2.92 4716
2.92 4715
2.94 4714
2.94 4713
2.94 4712
2.95 4711
2.95 4710
2.95 4709
2.95 4708
2.96 4707
2.96 4706
2.96 4705
2.96 4704
2.97 4703
2.97 4702
2.97 4701
2.97 4700
2.97 4699
2.97 4698
2.97 4697
2.97 4696
2.97 4695
2.99 4694
2.99 4693
2.99 4692
2.99 4691
2.99 4690
2.99 4689
3.00 4688
3.00 4687
3.00 4686
3.00 4685
3.00 4684
3.00 4683
3.00 4682
3.02 4681
3.02 4680
3.02 4679
3.02 4678
3.02 4677
3.02 4676
3.03 4675
3.03 4674
3.03 4673
3.03 4672
3.03 4671
3.03 4670
3.05 4669
3.05 4668
3.05 4667
3.06 4666
3.06 4665
3.06 4664
3.06 4663
3.07 4662
3.07 4661
3.07 4660
3.08 4659
3.08 4658
3.08 4657
3.08 4656
3.08 4655
3.09 4654
3.09 4653
3.09 4652
3.09 4651
3.09 4650
8.73 3308
8.73 3307
8.73 3306
8.73 3305
8.73 3304
