0.03 3735
0.03 3734
0.03 3733
0.03 3732
0.03 3731
0.03 3730
0.03 3729
0.03 3728
0.03 3727
0.03 3726
0.03 3725
0.03 3724
0.03 3723
0.03 3722
0.03 3721
0.03 3720
0.03 3719
0.03 3718
0.03 3717
0.03 3716
0.03 3715
0.03 3714
0.03 3713
0.03 3712
0.03 3711
0.03 3710
0.03 3709
0.03 3708
0.03 3707
0.05 3706
0.05 3705
0.05 3704
0.05 3703
0.05 3702
0.05 3701
0.05 3700
0.05 3699
0.05 3698
0.05 3697
0.05 3696
0.05 3695
0.05 3694
0.05 3693
0.05 3692
0.05 3691
0.05 3690
0.05 3689
0.05 3688
0.05 3687
0.05 3686
0.05 3685
0.06 3684
0.06 3683
0.06 3682
0.06 3681
0.06 3680
0.06 3679
0.06 3678
0.06 3677
0.06 3676
0.06 3675
0.06 3674
0.06 3673
0.06 3672
0.06 3671
0.06 3670
0.06 3669
0.06 3668
0.06 3667
0.06 3666
0.06 3665
0.08 3664
0.08 3663
0.08 3662
0.08 3661
0.08 3660
0.08 3659
0.08 3658
0.08 3657
0.08 3656
0.08 3655
0.08 3654
0.08 3653
0.08 3652
0.08 3651
0.08 3650
0.08 3649
0.08 3648
0.08 3647
0.08 3646
0.08 3645
0.09 3644
0.09 3643
0.09 3642
0.09 3641
0.09 3640
0.09 3639
0.09 3638
0.09 3637
0.09 3636
0.09 3635
0.09 3634
0.09 3633
0.09 3632
0.09 3631
0.09 3630
0.09 3629
0.09 3628
0.09 3627
0.09 3626
0.09 3625
0.11 3624
0.11 3623
0.11 3622
0.11 3621
0.11 3620
0.11 3619
0.11 3618
0.11 3617
0.11 3616
0.12 3615
0.12 3614
0.12 3613
0.12 3612
0.12 3611
0.12 3610
0.12 3609
0.12 3608
0.12 3607
0.12 3606
0.12 3605
0.12 3604
0.13 3603
0.13 3602
0.13 3601
0.13 3600
0.13 3599
0.13 3598
0.13 3597
0.13 3596
0.13 3595
0.13 3594
0.13 3593
0.13 3592
0.14 3591
0.14 3590
0.14 3589
0.14 3588
0.14 3587
0.14 3586
0.14 3585
0.14 3584
0.14 3583
0.14 3582
0.14 3581
0.14 3580
0.14 3579
0.15 3578
0.15 3577
0.15 3576
0.15 3575
0.15 3574
0.15 3573
0.15 3572
0.15 3571
0.15 3570
0.15 3569
0.15 3568
0.15 3567
0.15 3566
0.15 3565
0.15 3564
0.15 3563
0.15 3562
0.15 3561
0.15 3560
0.15 3559
0.15 3558
0.15 3557
0.15 3556
0.15 3555
0.15 3554
0.15 3553
0.15 3552
0.15 3551
0.15 3550
0.15 3549
0.17 3548
0.17 3547
0.17 3546
0.17 3545
0.17 3544
0.17 3543
0.17 3542
0.17 3541
0.17 3540
0.17 3539
0.17 3538
0.17 3537
0.17 3536
0.17 3535
0.17 3534
0.17 3533
0.17 3532
0.17 3531
0.17 3530
0.17 3529
0.17 3528
0.17 3527
0.17 3526
0.18 3525
0.18 3524
0.18 3523
0.18 3522
0.18 3521
0.18 3520
0.18 3519
0.18 3518
0.18 3517
0.18 3516
0.18 3515
0.18 3514
0.18 3513
0.18 3512
0.18 3511
0.18 3510
0.18 3509
0.18 3508
0.18 3507
0.18 3506
0.20 3505
0.20 3504
0.20 3503
0.20 3502
0.20 3501
0.20 3500
0.20 3499
0.20 3498
0.20 3497
0.20 3496
0.20 3495
0.20 3494
0.20 3493
0.20 3492
0.20 3491
0.20 3490
0.20 3489
0.20 3488
0.20 3487
0.20 3486
0.21 3485
0.21 3484
0.21 3483
0.21 3482
0.21 3481
0.21 3480
0.21 3479
0.21 3478
0.21 3477
0.21 3476
0.21 3475
0.21 3474
0.21 3473
0.21 3472
0.21 3471
0.21 3470
0.21 3469
0.21 3468
0.23 3467
0.23 3466
0.23 3465
0.23 3464
0.23 3463
0.23 3462
0.23 3461
0.23 3460
0.23 3459
0.23 3458
0.23 3457
0.23 3456
0.23 3455
0.23 3454
0.23 3453
0.23 3452
0.23 3451
0.23 3450
0.23 3449
0.23 3448
0.23 3447
0.23 3446
0.23 3445
0.23 3444
0.23 3443
0.24 3442
0.24 3441
0.24 3440
0.24 3439
0.24 3438
0.24 3437
0.24 3436
0.24 3435
0.24 3434
0.24 3433
0.24 3432
0.24 3431
0.24 3430
0.24 3429
0.24 3428
0.24 3427
0.24 3426
0.24 3425
0.24 3424
0.24 3423
0.26 3422
0.26 3421
0.26 3420
0.26 3419
0.26 3418
0.26 3417
0.26 3416
0.26 3415
0.26 3414
0.26 3413
0.26 3412
0.26 3411
0.26 3410
0.26 3409
0.26 3408
0.26 3407
0.26 3406
0.28 3405
0.28 3404
0.28 3403
0.28 3402
0.28 3401
0.28 3400
0.28 3399
0.28 3398
0.28 3397
0.28 3396
0.28 3395
0.28 3394
0.28 3393
0.28 3392
0.28 3391
0.28 3390
0.28 3389
0.28 3388
0.28 3387
0.28 3386
0.28 3385
0.29 3384
0.29 3383
0.29 3382
0.29 3381
0.29 3380
0.29 3379
0.29 3378
0.29 3377
0.29 3376
0.29 3375
0.29 3374
0.29 3373
0.29 3372
0.29 3371
0.29 3370
0.29 3369
0.29 3368
0.29 3367
0.29 3366
0.29 3365
0.29 3364
0.31 3363
0.31 3362
0.31 3361
0.31 3360
0.31 3359
0.31 3358
0.31 3357
0.31 3356
0.31 3355
0.31 3354
0.31 3353
0.31 3352
0.31 3351
0.31 3350
0.31 3349
0.31 3348
0.31 3347
0.31 3346
0.31 3345
0.31 3344
0.31 3343
0.31 3342
0.32 3341
0.32 3340
0.32 3339
0.32 3338
0.33 3337
0.33 3336
0.33 3335
0.33 3334
0.33 3333
0.33 3332
0.33 3331
0.33 3330
0.33 3329
0.33 3328
0.33 3327
0.33 3326
0.33 3325
0.33 3324
0.33 3323
0.33 3322
0.33 3321
0.33 3320
0.34 3319
0.34 3318
0.34 3317
0.34 3316
0.34 3315
0.34 3314
0.34 3313
0.34 3312
0.34 3311
0.34 3310
0.34 3309
0.34 3308
0.34 3307
0.34 3306
0.34 3305
0.34 3304
0.34 3303
0.34 3302
0.34 3301
0.34 3300
0.34 3299
0.34 3298
0.34 3297
0.34 3296
0.35 3295
0.35 3294
0.35 3293
0.35 3292
0.35 3291
0.35 3290
0.35 3289
0.35 3288
0.35 3287
0.35 3286
0.35 3285
0.35 3284
0.35 3283
0.35 3282
0.35 3281
0.35 3280
0.35 3279
0.35 3278
0.35 3277
0.35 3276
0.37 3275
0.37 3274
0.37 3273
0.37 3272
0.37 3271
0.37 3270
0.37 3269
0.37 3268
0.37 3267
0.37 3266
0.37 3265
0.37 3264
0.37 3263
0.37 3262
0.37 3261
0.37 3260
0.37 3259
0.37 3258
0.39 3257
0.39 3256
0.39 3255
0.39 3254
0.39 3253
0.39 3252
0.39 3251
0.39 3250
0.39 3249
0.39 3248
0.39 3247
0.39 3246
0.39 3245
0.39 3244
0.39 3243
0.39 3242
0.39 3241
0.39 3240
0.39 3239
0.39 3238
0.39 3237
0.39 3236
0.40 3235
0.40 3234
0.40 3233
0.40 3232
0.40 3231
0.40 3230
0.40 3229
0.40 3228
0.40 3227
0.40 3226
0.40 3225
0.40 3224
0.40 3223
0.40 3222
0.40 3221
0.40 3220
0.40 3219
0.40 3218
0.40 3217
0.40 3216
0.40 3215
0.40 3214
0.40 3213
0.42 3212
0.42 3211
0.42 3210
0.42 3209
0.42 3208
0.42 3207
0.42 3206
0.42 3205
0.42 3204
0.42 3203
0.42 3202
0.42 3201
0.43 3200
0.43 3199
0.43 3198
0.43 3197
0.43 3196
0.43 3195
0.43 3194
0.43 3193
0.43 3192
0.43 3191
0.43 3190
0.43 3189
0.43 3188
0.43 3187
0.43 3186
0.43 3185
0.43 3184
0.43 3183
0.43 3182
0.43 3181
0.43 3180
0.43 3179
0.43 3178
0.43 3177
0.43 3176
0.43 3175
0.43 3174
0.43 3173
0.43 3172
0.43 3171
0.43 3170
0.43 3169
0.43 3168
0.43 3167
0.43 3166
0.45 3165
0.45 3164
0.45 3163
0.45 3162
0.45 3161
0.45 3160
0.45 3159
0.45 3158
0.45 3157
0.45 3156
0.45 3155
0.45 3154
0.45 3153
0.45 3152
0.45 3151
0.45 3150
0.45 3149
0.45 3148
0.45 3147
0.45 3146
0.45 3145
0.45 3144
0.45 3143
0.45 3142
0.45 3141
0.47 3140
0.47 3139
0.47 3138
0.47 3137
0.47 3136
0.47 3135
0.47 3134
0.47 3133
0.47 3132
0.47 3131
0.47 3130
0.47 3129
0.47 3128
0.47 3127
0.47 3126
0.47 3125
0.47 3124
0.47 3123
0.47 3122
0.47 3121
0.47 3120
0.47 3119
0.48 3118
0.48 3117
0.48 3116
0.48 3115
0.48 3114
0.48 3113
0.48 3112
0.48 3111
0.48 3110
0.48 3109
0.48 3108
0.48 3107
0.48 3106
0.48 3105
0.48 3104
0.48 3103
0.48 3102
0.48 3101
0.48 3100
0.48 3099
0.48 3098
0.48 3097
0.48 3096
0.48 3095
0.48 3094
0.50 3093
0.50 3092
0.50 3091
0.50 3090
0.50 3089
0.50 3088
0.50 3087
0.50 3086
0.50 3085
0.50 3084
0.50 3083
0.50 3082
0.50 3081
0.50 3080
0.50 3079
0.50 3078
0.50 3077
0.50 3076
0.50 3075
0.50 3074
0.50 3073
0.50 3072
0.50 3071
0.50 3070
0.50 3069
0.51 3068
0.51 3067
0.51 3066
0.51 3065
0.51 3064
0.51 3063
0.51 3062
0.51 3061
0.51 3060
0.51 3059
0.51 3058
0.51 3057
0.51 3056
0.51 3055
0.51 3054
0.51 3053
0.51 3052
0.51 3051
0.51 3050
0.51 3049
0.51 3048
0.51 3047
0.51 3046
0.53 3045
0.53 3044
0.53 3043
0.53 3042
0.53 3041
0.53 3040
0.53 3039
0.53 3038
0.53 3037
0.53 3036
0.53 3035
0.53 3034
0.53 3033
0.53 3032
0.53 3031
0.53 3030
0.53 3029
0.53 3028
0.53 3027
0.53 3026
0.53 3025
0.53 3024
0.53 3023
0.53 3022
0.53 3021
0.53 3020
0.53 3019
0.54 3018
0.54 3017
0.54 3016
0.54 3015
0.54 3014
0.54 3013
0.54 3012
0.54 3011
0.54 3010
0.54 3009
0.54 3008
0.54 3007
0.54 3006
0.54 3005
0.54 3004
0.54 3003
0.54 3002
0.54 3001
0.54 3000
0.54 2999
0.54 2998
0.54 2997
0.56 2996
0.56 2995
0.56 2994
0.56 2993
0.56 2992
0.56 2991
0.56 2990
0.56 2989
0.56 2988
0.56 2987
0.56 2986
0.56 2985
0.56 2984
0.56 2983
0.56 2982
0.56 2981
0.56 2980
0.56 2979
0.56 2978
0.56 2977
0.56 2976
0.56 2975
0.56 2974
0.58 2973
0.58 2972
0.58 2971
0.58 2970
0.58 2969
0.58 2968
0.58 2967
0.58 2966
0.58 2965
0.58 2964
0.58 2963
0.58 2962
0.58 2961
0.58 2960
0.58 2959
0.58 2958
0.58 2957
0.58 2956
0.58 2955
0.58 2954
0.58 2953
0.58 2952
0.58 2951
0.58 2950
0.58 2949
0.58 2948
0.59 2947
0.59 2946
0.59 2945
0.59 2944
0.59 2943
0.59 2942
0.59 2941
0.59 2940
0.59 2939
0.59 2938
0.59 2937
0.59 2936
0.59 2935
0.59 2934
0.59 2933
0.59 2932
0.59 2931
0.59 2930
0.59 2929
0.59 2928
0.59 2927
0.59 2926
0.59 2925
0.59 2924
0.59 2923
0.61 2922
0.61 2921
0.61 2920
0.61 2919
0.61 2918
0.61 2917
0.61 2916
0.61 2915
0.61 2914
0.61 2913
0.61 2912
0.61 2911
0.61 2910
0.61 2909
0.61 2908
0.61 2907
0.61 2906
0.61 2905
0.61 2904
0.61 2903
0.61 2902
0.61 2901
0.61 2900
0.61 2899
0.62 2898
0.62 2897
0.62 2896
0.62 2895
0.62 2894
0.62 2893
0.62 2892
0.63 2891
0.63 2890
0.63 2889
0.63 2888
0.63 2887
0.63 2886
0.63 2885
0.63 2884
0.63 2883
0.63 2882
0.63 2881
0.63 2880
0.63 2879
0.63 2878
0.63 2877
0.63 2876
0.63 2875
0.63 2874
0.63 2873
0.64 2872
0.64 2871
0.64 2870
0.64 2869
0.64 2868
0.64 2867
0.64 2866
0.64 2865
0.64 2864
0.64 2863
0.64 2862
0.64 2861
0.64 2860
0.64 2859
0.64 2858
0.64 2857
0.64 2856
0.64 2855
0.64 2854
0.64 2853
0.64 2852
0.64 2851
0.65 2850
0.65 2849
0.65 2848
0.65 2847
0.65 2846
0.65 2845
0.65 2844
0.65 2843
0.65 2842
0.65 2841
0.65 2840
0.65 2839
0.65 2838
0.65 2837
0.65 2836
0.65 2835
0.65 2834
0.65 2833
0.65 2832
0.65 2831
0.65 2830
0.65 2829
0.65 2828
0.65 2827
0.67 2826
0.67 2825
0.67 2824
0.67 2823
0.67 2822
0.67 2821
0.67 2820
0.67 2819
0.67 2818
0.67 2817
0.67 2816
0.67 2815
0.67 2814
0.67 2813
0.67 2812
0.67 2811
0.67 2810
0.67 2809
0.67 2808
0.67 2807
0.67 2806
0.67 2805
0.67 2804
0.67 2803
0.69 2802
0.69 2801
0.69 2800
0.69 2799
0.69 2798
0.69 2797
0.69 2796
0.69 2795
0.69 2794
0.69 2793
0.69 2792
0.69 2791
0.69 2790
0.69 2789
0.69 2788
0.69 2787
0.69 2786
0.69 2785
0.69 2784
0.69 2783
0.69 2782
0.69 2781
0.69 2780
0.69 2779
0.70 2778
0.70 2777
0.70 2776
0.70 2775
0.70 2774
0.70 2773
0.70 2772
0.70 2771
0.70 2770
0.70 2769
0.70 2768
0.70 2767
0.70 2766
0.70 2765
0.70 2764
0.70 2763
0.70 2762
0.70 2761
0.70 2760
0.70 2759
0.70 2758
0.70 2757
0.70 2756
0.70 2755
0.72 2754
0.72 2753
0.72 2752
0.72 2751
0.72 2750
0.72 2749
0.72 2748
0.72 2747
0.72 2746
0.72 2745
0.72 2744
0.72 2743
0.72 2742
0.72 2741
0.72 2740
0.73 2739
0.73 2738
0.73 2737
0.73 2736
0.73 2735
0.73 2734
0.73 2733
0.73 2732
0.73 2731
0.73 2730
0.73 2729
0.73 2728
0.73 2727
0.73 2726
0.73 2725
0.73 2724
0.73 2723
0.73 2722
0.73 2721
0.73 2720
0.73 2719
0.73 2718
0.73 2717
0.73 2716
0.73 2715
0.73 2714
0.73 2713
0.73 2712
0.73 2711
0.73 2710
0.73 2709
0.73 2708
0.75 2707
0.75 2706
0.75 2705
0.75 2704
0.75 2703
0.75 2702
0.75 2701
0.75 2700
0.75 2699
0.75 2698
0.75 2697
0.75 2696
0.75 2695
0.75 2694
0.75 2693
0.75 2692
0.75 2691
0.75 2690
0.75 2689
0.75 2688
0.75 2687
0.75 2686
0.75 2685
0.75 2684
0.75 2683
0.75 2682
0.76 2681
0.76 2680
0.76 2679
0.76 2678
0.76 2677
0.76 2676
0.76 2675
0.76 2674
0.76 2673
0.76 2672
0.76 2671
0.76 2670
0.76 2669
0.76 2668
0.76 2667
0.76 2666
0.76 2665
0.76 2664
0.76 2663
0.76 2662
0.76 2661
0.76 2660
0.76 2659
0.76 2658
0.78 2657
0.78 2656
0.78 2655
0.78 2654
0.78 2653
0.78 2652
0.78 2651
0.78 2650
0.78 2649
0.78 2648
0.78 2647
0.78 2646
0.78 2645
0.78 2644
0.78 2643
0.78 2642
0.78 2641
0.78 2640
0.78 2639
0.78 2638
0.78 2637
0.78 2636
0.78 2635
0.78 2634
0.80 2633
0.80 2632
0.80 2631
0.80 2630
0.80 2629
0.80 2628
0.80 2627
0.80 2626
0.80 2625
0.80 2624
0.80 2623
0.80 2622
0.80 2621
0.80 2620
0.80 2619
0.80 2618
0.80 2617
0.80 2616
0.80 2615
0.80 2614
0.80 2613
0.80 2612
0.80 2611
0.80 2610
0.80 2609
0.81 2608
0.81 2607
0.81 2606
0.81 2605
0.81 2604
0.81 2603
0.81 2602
0.81 2601
0.81 2600
0.81 2599
0.81 2598
0.81 2597
0.81 2596
0.81 2595
0.81 2594
0.81 2593
0.81 2592
0.81 2591
0.81 2590
0.81 2589
0.81 2588
0.81 2587
0.81 2586
0.81 2585
0.83 2584
0.83 2583
0.83 2582
0.83 2581
0.83 2580
0.83 2579
0.83 2578
0.83 2577
0.83 2576
0.83 2575
0.83 2574
0.83 2573
0.83 2572
0.83 2571
0.83 2570
0.83 2569
0.83 2568
0.83 2567
0.83 2566
0.83 2565
0.83 2564
0.83 2563
0.83 2562
0.83 2561
0.83 2560
0.84 2559
0.84 2558
0.84 2557
0.84 2556
0.84 2555
0.84 2554
0.84 2553
0.84 2552
0.84 2551
0.84 2550
0.84 2549
0.84 2548
0.84 2547
0.84 2546
0.84 2545
0.84 2544
0.84 2543
0.84 2542
0.84 2541
0.84 2540
0.84 2539
0.84 2538
0.84 2537
0.86 2536
0.86 2535
0.86 2534
0.86 2533
0.86 2532
0.86 2531
0.86 2530
0.86 2529
0.86 2528
0.86 2527
0.86 2526
0.86 2525
0.86 2524
0.86 2523
0.86 2522
0.86 2521
0.86 2520
0.86 2519
0.86 2518
0.86 2517
0.86 2516
0.86 2515
0.86 2514
0.86 2513
0.86 2512
0.86 2511
0.86 2510
0.87 2509
0.87 2508
0.87 2507
0.87 2506
0.87 2505
0.87 2504
0.87 2503
0.87 2502
0.87 2501
0.87 2500
0.87 2499
0.87 2498
0.87 2497
0.87 2496
0.87 2495
0.87 2494
0.87 2493
0.87 2492
0.87 2491
0.87 2490
0.87 2489
0.87 2488
0.87 2487
0.87 2486
0.87 2485
0.87 2484
0.87 2483
0.87 2482
0.89 2481
0.89 2480
0.89 2479
0.89 2478
0.89 2477
0.89 2476
0.89 2475
0.89 2474
0.89 2473
0.89 2472
0.89 2471
0.89 2470
0.89 2469
0.89 2468
0.89 2467
0.89 2466
0.89 2465
0.89 2464
0.89 2463
0.89 2462
0.89 2461
0.89 2460
0.89 2459
0.89 2458
0.89 2457
0.89 2456
0.89 2455
0.89 2454
0.89 2453
0.91 2452
0.91 2451
0.91 2450
0.91 2449
0.91 2448
0.91 2447
0.91 2446
0.91 2445
0.91 2444
0.91 2443
0.91 2442
0.91 2441
0.91 2440
0.91 2439
0.91 2438
0.91 2437
0.91 2436
0.91 2435
0.91 2434
0.91 2433
0.91 2432
0.91 2431
0.91 2430
0.91 2429
0.91 2428
0.91 2427
0.91 2426
0.91 2425
0.92 2424
0.92 2423
0.92 2422
0.92 2421
0.92 2420
0.92 2419
0.92 2418
0.92 2417
0.93 2416
0.93 2415
0.93 2414
0.93 2413
0.93 2412
0.93 2411
0.93 2410
0.93 2409
0.93 2408
0.93 2407
0.93 2406
0.93 2405
0.93 2404
0.93 2403
0.93 2402
0.93 2401
0.94 2400
0.94 2399
0.94 2398
0.94 2397
0.94 2396
0.94 2395
0.94 2394
0.94 2393
0.94 2392
0.94 2391
0.94 2390
0.94 2389
0.94 2388
0.94 2387
0.94 2386
0.94 2385
0.94 2384
0.94 2383
0.94 2382
0.94 2381
0.94 2380
0.94 2379
0.94 2378
0.94 2377
0.94 2376
0.94 2375
0.95 2374
0.95 2373
0.95 2372
0.95 2371
0.95 2370
0.95 2369
0.95 2368
0.95 2367
0.95 2366
0.95 2365
0.95 2364
0.95 2363
0.95 2362
0.95 2361
0.95 2360
0.95 2359
0.95 2358
0.95 2357
0.95 2356
0.95 2355
0.95 2354
0.95 2353
0.95 2352
0.95 2351
0.95 2350
0.97 2349
0.97 2348
0.97 2347
0.97 2346
0.97 2345
0.97 2344
0.97 2343
0.97 2342
0.97 2341
0.97 2340
0.97 2339
0.97 2338
0.97 2337
0.97 2336
0.97 2335
0.97 2334
0.97 2333
0.97 2332
0.97 2331
0.97 2330
0.97 2329
2.35 2278
2.35 2277
2.35 2276
2.35 2275
2.35 2274
2.35 2273
2.35 2272
2.35 2271
2.35 2270
2.35 2269
2.35 2268
2.35 2267
2.35 2266
2.37 2265
2.37 2264
2.37 2263
4.69 2262
4.69 2261
4.69 2260
7.02 2259
7.02 2258
7.02 2257
9.31 2256
13.96 2255
13.96 2254
13.96 2253
