0.02 3735
0.02 3734
0.02 3733
0.02 3732
0.03 3731
0.03 3730
0.03 3729
0.03 3728
0.03 3727
0.03 3726
0.03 3725
0.03 3724
0.03 3723
0.03 3722
0.03 3721
0.03 3720
0.03 3719
0.03 3718
0.03 3717
0.03 3716
0.03 3715
0.03 3714
0.03 3713
0.05 3712
0.05 3711
0.05 3710
0.05 3709
0.05 3708
0.05 3707
0.05 3706
0.05 3705
0.05 3704
0.05 3703
0.05 3702
0.05 3701
0.05 3700
0.05 3699
0.05 3698
0.05 3697
0.05 3696
0.06 3695
0.06 3694
0.06 3693
0.06 3692
0.06 3691
0.06 3690
0.06 3689
0.06 3688
0.06 3687
0.06 3686
0.06 3685
0.06 3684
0.06 3683
0.06 3682
0.06 3681
0.06 3680
0.06 3679
0.06 3678
0.06 3677
0.06 3676
0.06 3675
0.06 3674
0.08 3673
0.08 3672
0.08 3671
0.08 3670
0.08 3669
0.08 3668
0.08 3667
0.08 3666
0.08 3665
0.08 3664
0.08 3663
0.08 3662
0.08 3661
0.08 3660
0.08 3659
0.08 3658
0.08 3657
0.08 3656
0.08 3655
0.08 3654
0.08 3653
0.08 3652
0.09 3651
0.09 3650
0.09 3649
0.09 3648
0.09 3647
0.09 3646
0.09 3645
0.09 3644
0.09 3643
0.09 3642
0.09 3641
0.09 3640
0.09 3639
0.09 3638
0.09 3637
0.09 3636
0.09 3635
0.09 3634
0.09 3633
0.09 3632
0.09 3631
0.09 3630
0.11 3629
0.11 3628
0.11 3627
0.11 3626
0.11 3625
0.11 3624
0.11 3623
0.11 3622
0.11 3621
0.11 3620
0.11 3619
0.11 3618
0.11 3617
0.11 3616
0.11 3615
0.11 3614
0.11 3613
0.11 3612
0.11 3611
0.11 3610
0.11 3609
0.11 3608
0.13 3607
0.13 3606
0.13 3605
0.13 3604
0.13 3603
0.13 3602
0.13 3601
0.13 3600
0.13 3599
0.13 3598
0.13 3597
0.13 3596
0.13 3595
0.13 3594
0.13 3593
0.13 3592
0.13 3591
0.13 3590
0.13 3589
0.13 3588
0.13 3587
0.13 3586
0.14 3585
0.14 3584
0.14 3583
0.14 3582
0.14 3581
0.14 3580
0.14 3579
0.14 3578
0.14 3577
0.14 3576
0.14 3575
0.14 3574
0.14 3573
0.14 3572
0.14 3571
0.14 3570
0.14 3569
0.14 3568
0.14 3567
0.16 3566
0.16 3565
0.16 3564
0.16 3563
0.16 3562
0.16 3561
0.16 3560
0.16 3559
0.16 3558
0.16 3557
0.16 3556
0.16 3555
0.16 3554
0.16 3553
0.16 3552
0.16 3551
0.16 3550
0.16 3549
0.16 3548
0.16 3547
0.16 3546
0.16 3545
0.16 3544
0.17 3543
0.17 3542
0.17 3541
0.17 3540
0.17 3539
0.17 3538
0.17 3537
0.17 3536
0.17 3535
0.17 3534
0.17 3533
0.17 3532
0.17 3531
0.17 3530
0.17 3529
0.17 3528
0.17 3527
0.17 3526
0.17 3525
0.17 3524
0.17 3523
0.17 3522
0.17 3521
0.19 3520
0.19 3519
0.19 3518
0.19 3517
0.19 3516
0.19 3515
0.19 3514
0.19 3513
0.19 3512
0.19 3511
0.19 3510
0.19 3509
0.19 3508
0.19 3507
0.19 3506
0.19 3505
0.19 3504
0.19 3503
0.19 3502
0.19 3501
0.19 3500
0.19 3499
0.19 3498
0.20 3497
0.20 3496
0.20 3495
0.20 3494
0.20 3493
0.20 3492
0.20 3491
0.20 3490
0.20 3489
0.20 3488
0.20 3487
0.20 3486
0.20 3485
0.20 3484
0.20 3483
0.20 3482
0.20 3481
0.20 3480
0.20 3479
0.20 3478
0.20 3477
0.20 3476
0.20 3475
0.22 3474
0.22 3473
0.22 3472
0.22 3471
0.22 3470
0.22 3469
0.22 3468
0.22 3467
0.22 3466
0.22 3465
0.22 3464
0.22 3463
0.22 3462
0.22 3461
0.22 3460
0.23 3459
0.23 3458
0.23 3457
0.23 3456
0.23 3455
0.23 3454
0.23 3453
0.23 3452
0.24 3451
0.24 3450
0.24 3449
0.24 3448
0.24 3447
0.24 3446
0.24 3445
0.24 3444
0.24 3443
0.24 3442
0.24 3441
0.24 3440
0.24 3439
0.24 3438
0.24 3437
0.24 3436
0.24 3435
0.24 3434
0.24 3433
0.24 3432
0.24 3431
0.25 3430
0.25 3429
0.25 3428
0.25 3427
0.25 3426
0.25 3425
0.25 3424
0.25 3423
0.25 3422
0.25 3421
0.25 3420
0.25 3419
0.25 3418
0.25 3417
0.25 3416
0.25 3415
0.25 3414
0.25 3413
0.25 3412
0.25 3411
0.25 3410
0.25 3409
0.27 3408
0.27 3407
0.27 3406
0.27 3405
0.27 3404
0.27 3403
0.27 3402
0.27 3401
0.27 3400
0.27 3399
0.27 3398
0.27 3397
0.27 3396
0.27 3395
0.27 3394
0.27 3393
0.27 3392
0.27 3391
0.27 3390
0.27 3389
0.27 3388
0.27 3387
0.27 3386
0.28 3385
0.28 3384
0.28 3383
0.28 3382
0.28 3381
0.28 3380
0.28 3379
0.28 3378
0.28 3377
0.28 3376
0.28 3375
0.28 3374
0.28 3373
0.28 3372
0.28 3371
0.28 3370
0.28 3369
0.28 3368
0.28 3367
0.28 3366
0.28 3365
0.28 3364
0.28 3363
0.30 3362
0.30 3361
0.30 3360
0.30 3359
0.30 3358
0.30 3357
0.30 3356
0.30 3355
0.30 3354
0.30 3353
0.30 3352
0.30 3351
0.30 3350
0.30 3349
0.30 3348
0.30 3347
0.30 3346
0.30 3345
0.30 3344
0.30 3343
0.30 3342
0.30 3341
0.30 3340
0.32 3339
0.32 3338
0.32 3337
0.32 3336
0.32 3335
0.32 3334
0.32 3333
0.32 3332
0.32 3331
0.32 3330
0.32 3329
0.32 3328
0.32 3327
0.32 3326
0.32 3325
0.32 3324
0.32 3323
0.32 3322
0.32 3321
0.32 3320
0.32 3319
0.32 3318
0.32 3317
0.32 3316
0.33 3315
0.33 3314
0.33 3313
0.33 3312
0.33 3311
0.33 3310
0.33 3309
0.33 3308
0.33 3307
0.33 3306
0.33 3305
0.33 3304
0.33 3303
0.33 3302
0.33 3301
0.33 3300
0.33 3299
0.33 3298
0.33 3297
0.33 3296
0.33 3295
0.33 3294
0.33 3293
0.33 3292
0.35 3291
0.35 3290
0.35 3289
0.35 3288
0.35 3287
0.35 3286
0.35 3285
0.35 3284
0.35 3283
0.35 3282
0.35 3281
0.35 3280
0.35 3279
0.35 3278
0.35 3277
0.35 3276
0.35 3275
0.35 3274
0.35 3273
0.35 3272
0.35 3271
0.35 3270
0.35 3269
0.35 3268
0.36 3267
0.36 3266
0.36 3265
0.36 3264
0.36 3263
0.36 3262
0.36 3261
0.36 3260
0.36 3259
0.36 3258
0.36 3257
0.36 3256
0.36 3255
0.36 3254
0.36 3253
0.36 3252
0.36 3251
0.36 3250
0.36 3249
0.36 3248
0.36 3247
0.36 3246
0.36 3245
0.38 3244
0.38 3243
0.38 3242
0.38 3241
0.38 3240
0.38 3239
0.38 3238
0.38 3237
0.38 3236
0.38 3235
0.38 3234
0.38 3233
0.38 3232
0.38 3231
0.38 3230
0.38 3229
0.38 3228
0.38 3227
0.38 3226
0.38 3225
0.38 3224
0.39 3223
0.39 3222
0.39 3221
0.39 3220
0.39 3219
0.39 3218
0.39 3217
0.39 3216
0.39 3215
0.39 3214
0.39 3213
0.39 3212
0.39 3211
0.39 3210
0.39 3209
0.39 3208
0.39 3207
0.39 3206
0.39 3205
0.39 3204
0.41 3203
0.41 3202
0.41 3201
0.41 3200
0.41 3199
0.41 3198
0.41 3197
0.41 3196
0.41 3195
0.41 3194
0.41 3193
0.41 3192
0.41 3191
0.41 3190
0.41 3189
0.41 3188
0.41 3187
0.41 3186
0.41 3185
0.41 3184
0.41 3183
0.41 3182
0.41 3181
0.41 3180
0.43 3179
0.43 3178
0.43 3177
0.43 3176
0.43 3175
0.43 3174
0.43 3173
0.43 3172
0.43 3171
0.43 3170
0.43 3169
0.43 3168
0.43 3167
0.43 3166
0.43 3165
0.43 3164
0.43 3163
0.43 3162
0.43 3161
0.43 3160
0.43 3159
0.43 3158
0.43 3157
0.43 3156
0.44 3155
0.44 3154
0.44 3153
0.44 3152
0.44 3151
0.44 3150
0.44 3149
0.44 3148
0.44 3147
0.44 3146
0.44 3145
0.44 3144
0.44 3143
0.44 3142
0.44 3141
0.44 3140
0.44 3139
0.44 3138
0.44 3137
0.44 3136
0.44 3135
0.44 3134
0.44 3133
0.44 3132
0.46 3131
0.46 3130
0.46 3129
0.46 3128
0.46 3127
0.46 3126
0.46 3125
0.46 3124
0.46 3123
0.46 3122
0.46 3121
0.46 3120
0.46 3119
0.46 3118
0.46 3117
0.46 3116
0.46 3115
0.46 3114
0.46 3113
0.46 3112
0.46 3111
0.46 3110
0.46 3109
0.46 3108
0.47 3107
0.47 3106
0.47 3105
0.47 3104
0.47 3103
0.47 3102
0.47 3101
0.47 3100
0.47 3099
0.47 3098
0.47 3097
0.47 3096
0.47 3095
0.47 3094
0.47 3093
0.47 3092
0.47 3091
0.47 3090
0.47 3089
0.47 3088
0.47 3087
0.47 3086
0.47 3085
0.47 3084
0.47 3083
0.49 3082
0.49 3081
0.49 3080
0.49 3079
0.49 3078
0.49 3077
0.49 3076
0.49 3075
0.49 3074
0.49 3073
0.49 3072
0.49 3071
0.49 3070
0.49 3069
0.49 3068
0.49 3067
0.49 3066
0.49 3065
0.49 3064
0.49 3063
0.49 3062
0.49 3061
0.49 3060
0.49 3059
0.50 3058
0.50 3057
0.50 3056
0.50 3055
0.50 3054
0.50 3053
0.50 3052
0.50 3051
0.50 3050
0.50 3049
0.50 3048
0.50 3047
0.50 3046
0.50 3045
0.50 3044
0.50 3043
0.50 3042
0.50 3041
0.50 3040
0.50 3039
0.50 3038
0.50 3037
0.50 3036
0.50 3035
0.52 3034
0.52 3033
0.52 3032
0.52 3031
0.52 3030
0.52 3029
0.52 3028
0.52 3027
0.52 3026
0.52 3025
0.52 3024
0.52 3023
0.52 3022
0.52 3021
0.52 3020
0.52 3019
0.52 3018
0.53 3017
0.53 3016
0.53 3015
0.53 3014
0.53 3013
0.53 3012
0.53 3011
0.54 3010
0.54 3009
0.54 3008
0.54 3007
0.54 3006
0.54 3005
0.54 3004
0.54 3003
0.54 3002
0.54 3001
0.54 3000
0.54 2999
0.54 2998
0.54 2997
0.54 2996
0.54 2995
0.54 2994
0.54 2993
0.54 2992
0.54 2991
0.54 2990
0.54 2989
0.54 2988
0.54 2987
0.55 2986
0.55 2985
0.55 2984
0.55 2983
0.55 2982
0.55 2981
0.55 2980
0.55 2979
0.55 2978
0.55 2977
0.55 2976
0.55 2975
0.55 2974
0.55 2973
0.55 2972
0.55 2971
0.55 2970
0.55 2969
0.57 2968
0.57 2967
0.57 2966
0.57 2965
0.57 2964
0.57 2963
0.57 2962
0.57 2961
0.57 2960
0.57 2959
0.57 2958
0.57 2957
0.57 2956
0.57 2955
0.57 2954
0.57 2953
0.57 2952
0.57 2951
0.57 2950
0.57 2949
0.57 2948
0.57 2947
0.57 2946
0.57 2945
0.57 2944
0.58 2943
0.58 2942
0.58 2941
0.58 2940
0.58 2939
0.58 2938
0.58 2937
0.58 2936
0.58 2935
0.58 2934
0.58 2933
0.58 2932
0.58 2931
0.58 2930
0.58 2929
0.58 2928
0.58 2927
0.58 2926
0.58 2925
0.58 2924
0.58 2923
0.58 2922
0.58 2921
0.58 2920
0.60 2919
0.60 2918
0.60 2917
0.60 2916
0.60 2915
0.60 2914
0.60 2913
0.60 2912
0.60 2911
0.60 2910
0.60 2909
0.60 2908
0.60 2907
0.60 2906
0.60 2905
0.60 2904
0.60 2903
0.60 2902
0.60 2901
0.60 2900
0.60 2899
0.60 2898
0.60 2897
0.60 2896
0.60 2895
0.61 2894
0.61 2893
0.61 2892
0.61 2891
0.61 2890
0.61 2889
0.61 2888
0.61 2887
0.61 2886
0.61 2885
0.61 2884
0.61 2883
0.61 2882
0.61 2881
0.61 2880
0.61 2879
0.61 2878
0.61 2877
0.61 2876
0.61 2875
0.61 2874
0.61 2873
0.61 2872
0.61 2871
0.61 2870
0.63 2869
0.63 2868
0.63 2867
0.63 2866
0.63 2865
0.63 2864
0.63 2863
0.63 2862
0.63 2861
0.63 2860
0.63 2859
0.63 2858
0.63 2857
0.63 2856
0.63 2855
0.63 2854
0.63 2853
0.63 2852
0.63 2851
0.63 2850
0.63 2849
0.63 2848
0.63 2847
0.63 2846
0.63 2845
0.63 2844
0.65 2843
0.65 2842
0.65 2841
0.65 2840
0.65 2839
0.65 2838
0.65 2837
0.65 2836
0.65 2835
0.65 2834
0.65 2833
0.65 2832
0.65 2831
0.65 2830
0.65 2829
0.65 2828
0.65 2827
0.65 2826
0.65 2825
0.65 2824
0.65 2823
0.65 2822
0.65 2821
0.65 2820
0.65 2819
0.65 2818
0.66 2817
0.66 2816
0.66 2815
0.66 2814
0.66 2813
0.66 2812
0.66 2811
0.66 2810
0.66 2809
0.66 2808
0.66 2807
0.66 2806
0.66 2805
0.66 2804
0.66 2803
0.66 2802
0.66 2801
0.66 2800
0.66 2799
0.66 2798
0.66 2797
0.66 2796
0.66 2795
0.66 2794
0.66 2793
0.68 2792
0.68 2791
0.68 2790
0.68 2789
0.68 2788
0.68 2787
0.68 2786
0.68 2785
0.68 2784
0.68 2783
0.68 2782
0.68 2781
0.68 2780
0.68 2779
0.68 2778
0.68 2777
0.68 2776
0.68 2775
0.68 2774
0.68 2773
0.68 2772
0.68 2771
0.68 2770
0.68 2769
0.68 2768
0.69 2767
0.69 2766
0.69 2765
0.69 2764
0.69 2763
0.69 2762
0.69 2761
0.69 2760
0.69 2759
0.69 2758
0.69 2757
0.69 2756
0.69 2755
0.69 2754
0.69 2753
0.69 2752
0.69 2751
0.69 2750
0.69 2749
0.69 2748
0.71 2747
0.71 2746
0.71 2745
0.71 2744
0.71 2743
0.71 2742
0.71 2741
0.71 2740
0.71 2739
0.71 2738
0.72 2737
0.72 2736
0.72 2735
0.72 2734
0.72 2733
0.72 2732
0.72 2731
0.72 2730
0.72 2729
0.72 2728
0.72 2727
0.72 2726
0.72 2725
0.72 2724
0.72 2723
0.73 2722
0.73 2721
0.73 2720
0.73 2719
0.73 2718
0.73 2717
0.73 2716
0.73 2715
0.73 2714
0.73 2713
0.73 2712
0.73 2711
0.73 2710
0.73 2709
0.74 2708
0.74 2707
0.74 2706
0.74 2705
0.74 2704
0.74 2703
0.74 2702
0.74 2701
0.74 2700
0.74 2699
0.74 2698
0.74 2697
0.74 2696
0.74 2695
0.75 2694
0.75 2693
0.75 2692
0.75 2691
0.75 2690
0.75 2689
0.75 2688
0.75 2687
0.75 2686
0.75 2685
0.75 2684
0.75 2683
0.75 2682
0.75 2681
0.75 2680
0.75 2679
0.75 2678
0.75 2677
0.75 2676
0.75 2675
0.75 2674
0.75 2673
0.75 2672
0.75 2671
0.75 2670
0.76 2669
0.76 2668
0.76 2667
0.76 2666
0.76 2665
0.76 2664
0.76 2663
0.76 2662
0.76 2661
0.76 2660
0.76 2659
0.76 2658
0.76 2657
0.76 2656
0.76 2655
0.76 2654
0.76 2653
0.76 2652
0.76 2651
0.76 2650
0.76 2649
0.76 2648
0.76 2647
0.78 2646
0.78 2645
0.78 2644
0.78 2643
0.78 2642
0.78 2641
0.78 2640
0.78 2639
0.78 2638
0.78 2637
0.78 2636
0.78 2635
0.78 2634
0.78 2633
0.78 2632
0.78 2631
0.78 2630
0.78 2629
0.78 2628
0.78 2627
0.79 2626
0.79 2625
0.79 2624
0.80 2623
0.80 2622
0.80 2621
0.80 2620
0.80 2619
0.80 2618
0.80 2617
0.80 2616
0.80 2615
0.80 2614
0.80 2613
0.80 2612
0.80 2611
0.80 2610
0.80 2609
0.80 2608
0.80 2607
0.81 2606
0.81 2605
0.81 2604
0.81 2603
0.81 2602
0.81 2601
0.81 2600
0.81 2599
0.81 2598
0.81 2597
0.81 2596
0.81 2595
0.81 2594
0.81 2593
0.81 2592
0.81 2591
0.82 2590
0.82 2589
0.82 2588
0.82 2587
0.82 2586
0.82 2585
0.82 2584
0.82 2583
0.82 2582
0.82 2581
0.82 2580
0.82 2579
0.82 2578
0.82 2577
0.82 2576
0.82 2575
0.82 2574
0.83 2573
0.83 2572
0.83 2571
0.83 2570
0.83 2569
0.83 2568
0.83 2567
0.83 2566
0.83 2565
0.83 2564
0.83 2563
0.83 2562
0.83 2561
0.83 2560
0.83 2559
0.83 2558
0.83 2557
0.84 2556
0.84 2555
0.84 2554
0.84 2553
0.84 2552
0.84 2551
0.84 2550
0.84 2549
0.84 2548
0.84 2547
0.84 2546
0.84 2545
0.84 2544
0.84 2543
0.84 2542
0.84 2541
0.84 2540
0.84 2539
0.84 2538
0.86 2537
0.86 2536
0.86 2535
0.86 2534
0.86 2533
0.86 2532
0.86 2531
0.86 2530
0.86 2529
0.86 2528
0.86 2527
0.86 2526
0.86 2525
0.86 2524
0.86 2523
0.86 2522
0.86 2521
0.86 2520
0.86 2519
0.86 2518
0.86 2517
0.86 2516
0.86 2515
0.87 2514
0.87 2513
0.87 2512
0.87 2511
0.87 2510
0.87 2509
0.87 2508
0.87 2507
0.87 2506
0.87 2505
0.87 2504
0.87 2503
0.87 2502
0.87 2501
0.87 2500
0.87 2499
0.87 2498
0.87 2497
0.87 2496
0.87 2495
0.87 2494
0.89 2493
0.89 2492
0.89 2491
0.89 2490
0.89 2489
0.89 2488
0.89 2487
0.89 2486
0.89 2485
0.89 2484
0.89 2483
0.89 2482
0.89 2481
0.89 2480
0.89 2479
0.89 2478
0.89 2477
0.89 2476
0.89 2475
0.89 2474
0.89 2473
0.89 2472
0.89 2471
0.89 2470
0.91 2469
0.91 2468
0.91 2467
0.91 2466
0.91 2465
0.91 2464
0.91 2463
0.91 2462
0.91 2461
0.91 2460
0.91 2459
0.91 2458
0.91 2457
0.91 2456
0.91 2455
0.91 2454
0.91 2453
0.91 2452
0.91 2451
0.92 2450
0.92 2449
0.92 2448
0.92 2447
0.92 2446
0.92 2445
0.92 2444
0.92 2443
0.92 2442
0.92 2441
0.92 2440
0.92 2439
0.92 2438
0.93 2437
0.93 2436
0.93 2435
0.93 2434
0.93 2433
0.93 2432
0.93 2431
0.93 2430
0.93 2429
0.93 2428
0.94 2427
0.94 2426
0.94 2425
0.94 2424
0.94 2423
0.94 2422
0.94 2421
0.94 2420
0.94 2419
0.94 2418
0.94 2417
0.94 2416
0.94 2415
0.94 2414
0.94 2413
0.94 2412
0.94 2411
0.94 2410
0.94 2409
0.94 2408
0.94 2407
0.94 2406
0.94 2405
0.95 2404
0.95 2403
0.95 2402
0.95 2401
0.95 2400
0.95 2399
0.95 2398
0.95 2397
0.95 2396
0.95 2395
0.95 2394
0.95 2393
0.95 2392
0.95 2391
0.95 2390
0.95 2389
0.95 2388
0.95 2387
0.95 2386
0.95 2385
0.97 2384
0.97 2383
0.97 2382
0.97 2381
0.97 2380
0.97 2379
0.97 2378
0.97 2377
0.97 2376
0.97 2375
0.97 2374
0.97 2373
0.97 2372
0.97 2371
0.97 2370
0.97 2369
0.97 2368
0.97 2367
0.97 2366
0.97 2365
0.99 2364
0.99 2363
0.99 2362
0.99 2361
0.99 2360
0.99 2359
0.99 2358
0.99 2357
0.99 2356
0.99 2355
0.99 2354
0.99 2353
0.99 2352
0.99 2351
0.99 2350
0.99 2349
0.99 2348
1.00 2347
1.00 2346
1.00 2345
1.00 2344
1.00 2343
1.00 2342
1.00 2341
1.00 2340
1.00 2339
1.00 2338
1.00 2337
1.00 2336
1.00 2335
1.00 2334
1.00 2333
1.00 2332
1.00 2331
1.00 2330
1.00 2329
2.43 2275
2.44 2274
2.44 2273
2.44 2272
2.44 2271
2.44 2270
2.44 2269
2.44 2268
2.44 2267
2.44 2266
2.44 2265
2.44 2264
2.44 2263
2.44 2262
2.44 2261
2.44 2260
2.44 2259
2.44 2258
16.74 2257
16.74 2256
16.74 2255
16.74 2254
