1.13 1959
1.13 1958
1.13 1957
1.13 1956
1.14 1955
1.14 1954
1.14 1953
1.14 1952
1.14 1951
1.14 1950
1.14 1949
1.14 1948
1.14 1947
1.14 1946
1.14 1945
1.14 1944
1.14 1943
1.14 1942
1.14 1941
1.14 1940
1.14 1939
1.14 1938
1.14 1937
1.14 1936
1.14 1935
1.14 1934
1.14 1933
1.14 1932
1.14 1931
1.16 1930
1.16 1929
1.16 1928
1.16 1927
1.16 1926
1.16 1925
1.16 1924
1.16 1923
1.16 1922
1.16 1921
1.16 1920
1.16 1919
1.16 1918
1.16 1917
1.16 1916
1.16 1915
1.16 1914
1.16 1913
1.16 1912
1.16 1911
1.16 1910
1.16 1909
1.16 1908
1.16 1907
1.16 1906
1.17 1905
1.17 1904
1.17 1903
1.17 1902
1.17 1901
1.17 1900
1.17 1899
1.17 1898
1.17 1897
1.17 1896
1.18 1895
1.18 1894
1.18 1893
1.18 1892
1.18 1891
1.18 1890
1.18 1889
1.18 1888
1.18 1887
1.18 1886
1.18 1885
1.18 1884
1.18 1883
1.18 1882
1.18 1881
1.19 1880
1.19 1879
1.19 1878
1.19 1877
1.19 1876
1.19 1875
1.19 1874
1.19 1873
1.19 1872
1.19 1871
1.19 1870
1.19 1869
1.19 1868
1.19 1867
1.19 1866
1.19 1865
1.19 1864
1.19 1863
1.19 1862
1.19 1861
1.19 1860
1.19 1859
1.19 1858
1.19 1857
1.19 1856
1.21 1855
1.21 1854
1.21 1853
1.21 1852
1.21 1851
1.21 1850
1.21 1849
1.21 1848
1.21 1847
1.21 1846
1.21 1845
1.21 1844
1.21 1843
1.21 1842
1.21 1841
1.21 1840
1.21 1839
1.21 1838
1.21 1837
1.21 1836
1.21 1835
1.21 1834
1.21 1833
1.21 1832
1.21 1831
1.22 1830
1.22 1829
1.22 1828
1.22 1827
1.22 1826
1.22 1825
1.22 1824
1.22 1823
1.22 1822
1.22 1821
1.22 1820
1.22 1819
1.22 1818
1.22 1817
1.22 1816
1.22 1815
1.22 1814
1.22 1813
1.22 1812
1.22 1811
1.22 1810
1.22 1809
1.22 1808
1.22 1807
1.24 1806
1.24 1805
1.24 1804
1.24 1803
1.24 1802
1.24 1801
1.24 1800
1.24 1799
1.24 1798
1.24 1797
1.24 1796
1.24 1795
1.24 1794
1.24 1793
1.24 1792
1.24 1791
1.24 1790
1.24 1789
1.24 1788
1.24 1787
1.24 1786
1.24 1785
1.24 1784
1.24 1783
1.25 1782
1.25 1781
1.25 1780
1.25 1779
1.25 1778
1.25 1777
1.25 1776
1.25 1775
1.25 1774
1.25 1773
1.25 1772
1.25 1771
1.25 1770
1.25 1769
1.25 1768
1.25 1767
1.25 1766
1.25 1765
1.25 1764
1.25 1763
1.25 1762
1.25 1761
1.25 1760
1.25 1759
1.25 1758
1.25 1757
1.27 1756
1.27 1755
1.27 1754
1.27 1753
1.27 1752
1.27 1751
1.27 1750
1.27 1749
1.27 1748
1.27 1747
1.27 1746
1.27 1745
1.27 1744
1.27 1743
1.27 1742
1.27 1741
1.27 1740
1.27 1739
1.27 1738
1.28 1737
1.28 1736
1.28 1735
1.28 1734
1.28 1733
1.28 1732
1.28 1731
1.28 1730
1.28 1729
1.28 1728
1.28 1727
1.28 1726
1.28 1725
1.28 1724
1.28 1723
1.28 1722
1.28 1721
1.28 1720
1.28 1719
1.28 1718
1.28 1717
1.28 1716
1.28 1715
1.28 1714
1.28 1713
1.28 1712
1.28 1711
1.28 1710
1.28 1709
1.28 1708
1.28 1707
1.28 1706
1.28 1705
1.30 1704
1.30 1703
1.30 1702
1.30 1701
1.30 1700
1.30 1699
1.30 1698
1.30 1697
1.30 1696
1.30 1695
1.30 1694
1.30 1693
1.30 1692
1.30 1691
1.30 1690
1.30 1689
1.30 1688
1.30 1687
1.30 1686
1.30 1685
1.30 1684
1.30 1683
1.30 1682
1.30 1681
1.30 1680
1.32 1679
1.32 1678
1.32 1677
1.32 1676
1.32 1675
1.32 1674
1.32 1673
1.32 1672
1.32 1671
1.32 1670
1.32 1669
1.33 1668
1.33 1667
1.33 1666
1.33 1665
1.33 1664
1.33 1663
1.33 1662
1.33 1661
1.33 1660
1.33 1659
1.33 1658
1.33 1657
1.33 1656
1.33 1655
1.33 1654
1.33 1653
1.33 1652
1.34 1651
1.34 1650
1.34 1649
1.34 1648
1.34 1647
1.34 1646
1.34 1645
1.34 1644
1.34 1643
1.34 1642
1.34 1641
1.34 1640
1.34 1639
1.34 1638
1.34 1637
1.34 1636
1.34 1635
1.34 1634
1.34 1633
1.34 1632
1.34 1631
1.35 1630
1.35 1629
1.35 1628
1.35 1627
1.35 1626
1.35 1625
1.35 1624
1.35 1623
1.35 1622
1.35 1621
1.35 1620
1.35 1619
1.35 1618
1.35 1617
1.35 1616
1.35 1615
1.35 1614
1.35 1613
1.35 1612
1.35 1611
1.35 1610
1.35 1609
1.37 1608
1.37 1607
1.37 1606
1.37 1605
1.37 1604
1.37 1603
1.37 1602
1.37 1601
1.37 1600
1.37 1599
1.37 1598
1.37 1597
1.37 1596
1.37 1595
1.37 1594
1.38 1593
1.38 1592
1.38 1591
1.38 1590
1.38 1589
1.38 1588
1.38 1587
1.38 1586
1.39 1585
1.39 1584
1.39 1583
1.39 1582
1.39 1581
1.39 1580
1.39 1579
1.39 1578
1.39 1577
1.39 1576
1.39 1575
1.39 1574
1.39 1573
1.39 1572
1.39 1571
1.39 1570
1.39 1569
1.39 1568
1.39 1567
1.39 1566
1.39 1565
1.39 1564
1.40 1563
1.40 1562
1.40 1561
1.40 1560
1.40 1559
1.40 1558
1.40 1557
1.40 1556
1.40 1555
1.40 1554
1.40 1553
1.40 1552
1.40 1551
1.40 1550
1.40 1549
1.40 1548
1.40 1547
1.40 1546
1.40 1545
1.40 1544
1.40 1543
1.40 1542
1.40 1541
1.40 1540
1.40 1539
1.40 1538
1.40 1537
1.42 1536
1.42 1535
1.42 1534
1.42 1533
1.42 1532
1.42 1531
1.42 1530
1.42 1529
1.42 1528
1.42 1527
1.42 1526
1.42 1525
1.42 1524
1.42 1523
1.42 1522
1.42 1521
1.42 1520
1.42 1519
1.42 1518
1.42 1517
1.42 1516
1.42 1515
1.42 1514
1.42 1513
1.42 1512
1.43 1511
1.43 1510
1.43 1509
1.43 1508
1.43 1507
1.43 1506
1.44 1505
1.44 1504
1.44 1503
1.44 1502
1.44 1501
1.44 1500
1.44 1499
1.44 1498
1.44 1497
1.44 1496
1.44 1495
1.44 1494
1.44 1493
1.44 1492
1.44 1491
1.44 1490
1.44 1489
1.44 1488
1.44 1487
1.44 1486
1.44 1485
1.44 1484
1.45 1483
1.45 1482
1.45 1481
1.45 1480
1.45 1479
1.45 1478
1.45 1477
1.45 1476
1.45 1475
1.45 1474
1.45 1473
1.45 1472
1.46 1471
1.46 1470
1.46 1469
1.46 1468
1.46 1467
1.46 1466
1.46 1465
1.46 1464
1.46 1463
1.46 1462
1.46 1461
1.46 1460
1.46 1459
1.46 1458
1.46 1457
1.47 1456
1.47 1455
1.47 1454
1.47 1453
1.47 1452
1.47 1451
1.47 1450
1.47 1449
1.47 1448
1.47 1447
1.47 1446
1.47 1445
1.47 1444
1.47 1443
1.47 1442
1.47 1441
1.47 1440
1.47 1439
1.47 1438
1.47 1437
1.47 1436
1.47 1435
1.47 1434
1.47 1433
1.47 1432
1.47 1431
1.47 1430
1.48 1429
1.48 1428
1.48 1427
1.48 1426
1.48 1425
1.48 1424
1.48 1423
1.48 1422
1.48 1421
1.48 1420
1.48 1419
1.48 1418
1.48 1417
1.48 1416
1.48 1415
1.48 1414
1.48 1413
1.48 1412
1.48 1411
1.48 1410
1.48 1409
1.48 1408
1.48 1407
1.50 1406
1.50 1405
1.50 1404
1.50 1403
1.50 1402
1.50 1401
1.50 1400
1.50 1399
1.50 1398
1.50 1397
1.50 1396
1.50 1395
1.50 1394
1.50 1393
1.50 1392
1.50 1391
1.50 1390
1.50 1389
1.50 1388
1.50 1387
1.50 1386
1.50 1385
1.50 1384
1.50 1383
1.50 1382
1.50 1381
1.50 1380
1.50 1379
1.51 1378
1.51 1377
1.51 1376
1.51 1375
1.51 1374
1.51 1373
1.51 1372
1.51 1371
1.51 1370
1.51 1369
1.51 1368
1.51 1367
1.51 1366
1.51 1365
1.51 1364
1.51 1363
1.51 1362
1.51 1361
1.51 1360
1.51 1359
1.51 1358
1.51 1357
1.51 1356
1.51 1355
1.51 1354
1.51 1353
1.51 1352
1.53 1351
1.53 1350
1.53 1349
1.53 1348
1.53 1347
1.53 1346
1.53 1345
1.53 1344
1.53 1343
1.53 1342
1.53 1341
1.53 1340
1.53 1339
1.53 1338
1.53 1337
1.53 1336
1.53 1335
1.53 1334
1.53 1333
1.53 1332
1.53 1331
1.53 1330
1.53 1329
1.53 1328
1.53 1327
1.53 1326
1.53 1325
1.53 1324
1.54 1323
1.54 1322
1.54 1321
1.54 1320
1.54 1319
1.54 1318
1.54 1317
1.54 1316
1.54 1315
1.54 1314
1.54 1313
1.54 1312
1.54 1311
1.54 1310
1.54 1309
1.54 1308
1.54 1307
1.54 1306
1.54 1305
1.54 1304
1.54 1303
1.56 1302
1.56 1301
1.56 1300
1.56 1299
1.56 1298
1.56 1297
1.56 1296
1.56 1295
1.56 1294
1.56 1293
1.56 1292
1.56 1291
1.56 1290
1.56 1289
1.56 1288
1.56 1287
1.56 1286
1.56 1285
1.56 1284
1.56 1283
1.58 1282
1.58 1281
1.58 1280
1.58 1279
1.58 1278
1.58 1277
1.58 1276
1.58 1275
1.58 1274
1.58 1273
1.58 1272
1.58 1271
1.58 1270
1.58 1269
1.58 1268
1.58 1267
1.58 1266
1.58 1265
1.59 1264
1.59 1263
1.59 1262
1.59 1261
1.59 1260
1.59 1259
1.59 1258
1.59 1257
1.59 1256
1.59 1255
1.59 1254
1.59 1253
1.59 1252
1.59 1251
1.59 1250
1.59 1249
1.59 1248
1.59 1247
1.59 1246
1.59 1245
1.59 1244
1.59 1243
1.59 1242
1.59 1241
1.59 1240
1.59 1239
1.59 1238
1.59 1237
1.61 1236
1.61 1235
1.61 1234
1.61 1233
1.61 1232
1.61 1231
1.61 1230
1.61 1229
1.61 1228
1.61 1227
1.61 1226
1.61 1225
1.61 1224
1.61 1223
1.61 1222
1.61 1221
1.61 1220
1.61 1219
1.61 1218
1.61 1217
1.61 1216
1.61 1215
1.62 1214
1.62 1213
1.62 1212
1.62 1211
1.62 1210
1.62 1209
1.62 1208
1.62 1207
1.62 1206
1.62 1205
1.62 1204
1.62 1203
1.62 1202
1.62 1201
1.62 1200
1.62 1199
1.62 1198
1.62 1197
1.62 1196
1.62 1195
1.62 1194
1.62 1193
1.64 1192
1.64 1191
1.64 1190
1.64 1189
1.64 1188
1.64 1187
1.64 1186
1.64 1185
1.64 1184
1.64 1183
1.64 1182
1.64 1181
1.64 1180
1.64 1179
1.64 1178
1.64 1177
1.64 1176
1.64 1175
1.64 1174
1.64 1173
1.64 1172
1.64 1171
1.64 1170
1.64 1169
1.64 1168
1.64 1167
1.64 1166
1.64 1165
1.64 1164
1.65 1163
1.65 1162
1.65 1161
1.65 1160
1.65 1159
1.65 1158
1.65 1157
1.65 1156
1.65 1155
1.65 1154
1.65 1153
1.65 1152
1.65 1151
1.65 1150
1.65 1149
1.65 1148
1.65 1147
1.65 1146
1.65 1145
1.65 1144
1.65 1143
1.65 1142
1.65 1141
1.65 1140
1.65 1139
1.65 1138
1.65 1137
1.65 1136
1.65 1135
1.65 1134
1.65 1133
1.67 1132
1.67 1131
1.67 1130
1.67 1129
1.67 1128
1.67 1127
1.67 1126
1.67 1125
1.67 1124
1.67 1123
1.67 1122
1.67 1121
1.67 1120
1.67 1119
1.67 1118
1.67 1117
1.68 1116
1.68 1115
1.68 1114
1.68 1113
1.68 1112
1.68 1111
1.69 1110
1.69 1109
1.69 1108
1.69 1107
1.69 1106
1.69 1105
1.69 1104
1.69 1103
1.69 1102
1.69 1101
1.69 1100
1.69 1099
1.69 1098
1.69 1097
1.69 1096
1.69 1095
1.69 1094
1.69 1093
1.69 1092
1.69 1091
1.69 1090
1.69 1089
1.70 1088
1.70 1087
1.70 1086
1.70 1085
1.70 1084
1.70 1083
1.70 1082
1.70 1081
1.70 1080
1.70 1079
1.70 1078
1.70 1077
1.70 1076
1.70 1075
1.70 1074
1.70 1073
1.70 1072
1.70 1071
1.70 1070
1.70 1069
1.70 1068
1.70 1067
1.70 1066
1.70 1065
1.70 1064
1.70 1063
1.72 1062
1.72 1061
1.72 1060
1.72 1059
1.72 1058
1.72 1057
1.72 1056
1.72 1055
1.72 1054
1.72 1053
1.72 1052
1.72 1051
1.72 1050
1.72 1049
1.72 1048
1.72 1047
1.72 1046
1.72 1045
1.72 1044
1.72 1043
1.72 1042
1.72 1041
1.72 1040
1.72 1039
1.72 1038
1.72 1037
1.72 1036
1.72 1035
1.72 1034
1.72 1033
1.72 1032
1.73 1031
1.73 1030
1.73 1029
1.73 1028
1.73 1027
1.73 1026
1.73 1025
1.73 1024
1.73 1023
1.73 1022
1.73 1021
1.73 1020
1.73 1019
1.73 1018
1.73 1017
1.73 1016
1.73 1015
1.73 1014
1.73 1013
1.73 1012
1.73 1011
1.75 1010
1.75 1009
1.75 1008
1.75 1007
1.75 1006
1.75 1005
1.75 1004
1.75 1003
1.75 1002
1.75 1001
1.76 1000
1.76 999
1.76 998
1.76 997
1.76 996
1.76 995
1.76 994
1.76 993
1.76 992
1.76 991
1.76 990
1.76 989
1.76 988
1.77 987
1.77 986
1.77 985
1.77 984
1.77 983
1.77 982
1.77 981
1.77 980
