0.04 5677
0.04 5676
0.04 5675
0.05 5674
0.05 5673
0.05 5672
0.05 5671
0.05 5670
0.05 5669
0.05 5668
0.05 5667
0.05 5666
0.05 5665
0.05 5664
0.05 5663
0.07 5662
0.07 5661
0.07 5660
0.07 5659
0.07 5658
0.07 5657
0.07 5656
0.07 5655
0.07 5654
0.07 5653
0.08 5652
0.08 5651
0.08 5650
0.08 5649
0.08 5648
0.08 5647
0.08 5646
0.08 5645
0.08 5644
0.08 5643
0.10 5642
0.10 5641
0.10 5640
0.10 5639
0.10 5638
0.10 5637
0.10 5636
0.10 5635
0.10 5634
0.10 5633
0.11 5632
0.11 5631
0.11 5630
0.11 5629
0.12 5628
0.12 5627
0.12 5626
0.12 5625
0.13 5624
0.13 5623
0.13 5622
0.13 5621
0.13 5620
0.13 5619
0.15 5618
0.15 5617
0.15 5616
0.15 5615
0.15 5614
0.15 5613
0.15 5612
0.15 5611
0.15 5610
0.15 5609
0.15 5608
0.16 5607
0.16 5606
0.16 5605
0.16 5604
0.16 5603
0.16 5602
0.16 5601
0.16 5600
0.16 5599
0.16 5598
0.16 5597
0.16 5596
0.18 5595
0.18 5594
0.18 5593
0.18 5592
0.18 5591
0.18 5590
0.18 5589
0.18 5588
0.18 5587
0.19 5586
0.19 5585
0.19 5584
0.19 5583
0.19 5582
0.19 5581
0.19 5580
0.19 5579
0.21 5578
0.21 5577
0.21 5576
0.21 5575
0.21 5574
0.21 5573
0.21 5572
0.22 5571
0.22 5570
0.22 5569
0.22 5568
0.22 5567
0.22 5566
0.22 5565
0.22 5564
0.22 5563
0.24 5562
0.24 5561
0.24 5560
0.24 5559
0.24 5558
0.24 5557
0.24 5556
0.26 5555
0.26 5554
0.26 5553
0.26 5552
0.26 5551
0.26 5550
0.26 5549
0.26 5548
0.26 5547
0.26 5546
0.26 5545
0.27 5544
0.27 5543
0.27 5542
0.27 5541
0.27 5540
0.27 5539
0.27 5538
0.27 5537
0.27 5536
0.29 5535
0.29 5534
0.29 5533
0.29 5532
0.29 5531
0.30 5530
0.30 5529
0.30 5528
0.30 5527
0.30 5526
0.30 5525
0.30 5524
0.31 5523
0.31 5522
0.31 5521
0.32 5520
0.32 5519
0.32 5518
0.32 5517
0.32 5516
0.32 5515
0.32 5514
0.33 5513
0.33 5512
0.33 5511
0.33 5510
0.33 5509
0.34 5508
0.34 5507
0.34 5506
0.34 5505
0.34 5504
0.34 5503
0.35 5502
0.35 5501
0.35 5500
0.35 5499
0.35 5498
0.35 5497
0.35 5496
0.36 5495
0.36 5494
0.36 5493
0.36 5492
0.36 5491
0.37 5490
0.37 5489
0.37 5488
0.37 5487
0.37 5486
0.37 5485
0.37 5484
0.37 5483
0.37 5482
0.37 5481
0.38 5480
0.38 5479
0.38 5478
0.38 5477
0.38 5476
0.38 5475
0.38 5474
0.38 5473
0.38 5472
0.38 5471
0.40 5470
0.40 5469
0.40 5468
0.40 5467
0.40 5466
0.40 5465
0.40 5464
0.40 5463
0.41 5462
0.41 5461
0.41 5460
0.41 5459
0.42 5458
0.42 5457
0.42 5456
0.42 5455
0.42 5454
0.42 5453
0.43 5452
0.43 5451
0.43 5450
0.43 5449
0.43 5448
0.43 5447
0.43 5446
0.43 5445
0.43 5444
0.45 5443
0.45 5442
0.45 5441
0.45 5440
0.45 5439
0.45 5438
0.45 5437
0.45 5436
0.46 5435
0.46 5434
0.46 5433
0.46 5432
0.46 5431
0.46 5430
0.46 5429
0.46 5428
0.46 5427
0.46 5426
0.48 5425
0.48 5424
0.48 5423
0.48 5422
0.48 5421
0.48 5420
0.48 5419
0.48 5418
0.48 5417
0.48 5416
0.49 5415
0.49 5414
0.49 5413
0.49 5412
0.49 5411
0.49 5410
0.49 5409
0.49 5408
0.51 5407
0.51 5406
0.51 5405
0.51 5404
0.51 5403
0.52 5402
0.52 5401
0.52 5400
0.52 5399
0.52 5398
0.52 5397
0.52 5396
0.54 5395
0.54 5394
0.54 5393
0.54 5392
0.54 5391
0.54 5390
0.54 5389
0.54 5388
0.56 5387
0.56 5386
0.56 5385
0.56 5384
0.56 5383
0.56 5382
0.56 5381
0.56 5380
0.56 5379
0.57 5378
0.57 5377
0.57 5376
0.57 5375
0.57 5374
0.57 5373
0.57 5372
0.59 5371
0.59 5370
0.59 5369
0.59 5368
0.59 5367
0.59 5366
0.59 5365
0.59 5364
0.59 5363
0.59 5362
0.59 5361
0.60 5360
0.60 5359
0.60 5358
0.60 5357
0.60 5356
0.60 5355
0.60 5354
0.60 5353
0.60 5352
0.60 5351
0.60 5350
0.62 5349
0.62 5348
0.62 5347
0.62 5346
0.62 5345
0.62 5344
0.62 5343
0.62 5342
0.62 5341
0.62 5340
0.64 5339
0.64 5338
0.64 5337
0.64 5336
0.64 5335
0.64 5334
0.64 5333
0.64 5332
0.65 5331
0.65 5330
0.65 5329
0.65 5328
0.65 5327
0.65 5326
0.65 5325
0.65 5324
0.65 5323
0.65 5322
0.65 5321
0.67 5320
0.67 5319
0.67 5318
0.67 5317
0.67 5316
0.67 5315
0.67 5314
0.67 5313
0.67 5312
0.67 5311
0.68 5310
0.68 5309
0.68 5308
0.68 5307
0.68 5306
0.68 5305
0.68 5304
0.68 5303
0.68 5302
0.68 5301
0.68 5300
0.70 5299
0.70 5298
0.70 5297
0.70 5296
0.70 5295
0.70 5294
0.70 5293
0.70 5292
0.70 5291
0.70 5290
0.71 5289
0.71 5288
0.72 5287
0.72 5286
0.72 5285
0.72 5284
0.72 5283
0.73 5282
0.73 5281
0.73 5280
0.74 5279
0.74 5278
0.74 5277
0.74 5276
0.74 5275
0.74 5274
0.75 5273
0.75 5272
0.75 5271
0.75 5270
0.75 5269
0.76 5268
0.76 5267
0.76 5266
0.76 5265
0.77 5264
0.77 5263
0.77 5262
0.77 5261
0.77 5260
0.77 5259
0.77 5258
0.77 5257
0.78 5256
0.78 5255
0.78 5254
0.78 5253
0.78 5252
0.78 5251
0.78 5250
0.80 5249
0.80 5248
0.80 5247
0.80 5246
0.80 5245
0.80 5244
0.80 5243
0.80 5242
0.81 5241
0.81 5240
0.81 5239
0.81 5238
0.81 5237
0.82 5236
0.82 5235
0.82 5234
0.82 5233
0.82 5232
0.83 5231
0.83 5230
0.83 5229
0.83 5228
0.83 5227
0.83 5226
0.85 5225
0.85 5224
0.85 5223
0.85 5222
0.85 5221
0.85 5220
0.86 5219
0.86 5218
0.86 5217
0.86 5216
0.86 5215
0.86 5214
0.86 5213
0.86 5212
0.86 5211
0.88 5210
0.88 5209
0.88 5208
0.88 5207
0.88 5206
0.88 5205
0.88 5204
0.88 5203
0.88 5202
0.88 5201
0.88 5200
0.89 5199
0.89 5198
0.89 5197
0.89 5196
0.89 5195
0.89 5194
0.89 5193
0.89 5192
0.89 5191
0.89 5190
0.91 5189
0.91 5188
0.91 5187
0.91 5186
0.91 5185
0.91 5184
0.91 5183
0.92 5182
0.92 5181
0.93 5180
0.93 5179
0.93 5178
0.93 5177
0.93 5176
0.93 5175
0.93 5174
0.93 5173
0.93 5172
0.94 5171
0.94 5170
0.94 5169
0.94 5168
0.94 5167
0.94 5166
0.94 5165
0.94 5164
0.94 5163
0.96 5162
0.96 5161
0.96 5160
0.96 5159
0.96 5158
0.96 5157
0.96 5156
0.96 5155
0.96 5154
0.96 5153
0.97 5152
0.97 5151
0.97 5150
0.97 5149
0.97 5148
0.97 5147
0.97 5146
0.97 5145
0.97 5144
0.99 5143
0.99 5142
0.99 5141
0.99 5140
0.99 5139
0.99 5138
1.01 5137
1.01 5136
1.01 5135
1.01 5134
1.01 5133
1.01 5132
1.01 5131
1.02 5130
1.02 5129
1.02 5128
1.02 5127
1.02 5126
1.02 5125
1.02 5124
1.04 5123
1.04 5122
1.04 5121
1.04 5120
1.04 5119
1.04 5118
1.04 5117
1.04 5116
1.04 5115
1.04 5114
1.04 5113
1.04 5112
1.04 5111
1.05 5110
1.05 5109
1.05 5108
1.05 5107
1.05 5106
1.05 5105
1.05 5104
1.05 5103
1.05 5102
1.05 5101
1.07 5100
1.07 5099
1.07 5098
1.07 5097
1.07 5096
1.07 5095
1.07 5094
1.07 5093
1.07 5092
1.08 5091
1.08 5090
1.08 5089
1.08 5088
1.08 5087
1.08 5086
1.08 5085
1.08 5084
1.08 5083
1.08 5082
1.08 5081
1.08 5080
1.08 5079
1.10 5078
1.10 5077
1.10 5076
1.10 5075
1.10 5074
1.10 5073
1.10 5072
1.10 5071
1.12 5070
1.12 5069
1.12 5068
1.12 5067
1.12 5066
1.12 5065
1.12 5064
1.12 5063
1.12 5062
1.12 5061
1.12 5060
1.13 5059
1.13 5058
1.13 5057
1.13 5056
1.13 5055
1.13 5054
1.13 5053
1.13 5052
1.13 5051
1.15 5050
1.15 5049
1.15 5048
1.15 5047
1.16 5046
1.16 5045
1.16 5044
1.16 5043
1.16 5042
1.16 5041
1.17 5040
1.17 5039
1.17 5038
1.17 5037
1.17 5036
1.18 5035
1.18 5034
1.18 5033
1.18 5032
1.18 5031
1.18 5030
1.18 5029
1.18 5028
1.18 5027
1.19 5026
1.19 5025
1.19 5024
1.19 5023
1.19 5022
1.19 5021
1.19 5020
1.19 5019
1.19 5018
1.20 5017
1.20 5016
1.20 5015
1.20 5014
1.20 5013
1.20 5012
1.20 5011
1.20 5010
1.20 5009
1.21 5008
1.21 5007
1.21 5006
1.21 5005
1.21 5004
1.21 5003
1.21 5002
1.21 5001
1.21 5000
1.21 4999
1.22 4998
1.22 4997
1.22 4996
1.22 4995
1.22 4994
1.22 4993
1.23 4992
1.23 4991
1.23 4990
1.23 4989
1.23 4988
1.23 4987
1.23 4986
1.23 4985
1.23 4984
1.23 4983
1.23 4982
1.23 4981
1.23 4980
1.23 4979
1.24 4978
1.24 4977
1.24 4976
1.24 4975
1.24 4974
1.24 4973
1.24 4972
1.24 4971
1.24 4970
1.24 4969
1.24 4968
1.26 4967
1.26 4966
1.26 4965
1.26 4964
1.26 4963
1.26 4962
1.26 4961
1.26 4960
1.26 4959
1.26 4958
1.26 4957
1.26 4956
1.26 4955
1.27 4954
1.27 4953
1.27 4952
1.27 4951
1.27 4950
1.27 4949
1.27 4948
1.27 4947
1.27 4946
1.27 4945
1.27 4944
1.27 4943
1.27 4942
1.29 4941
1.29 4940
1.29 4939
1.29 4938
1.29 4937
1.30 4936
1.30 4935
1.30 4934
1.30 4933
1.30 4932
1.30 4931
1.30 4930
1.30 4929
1.31 4928
1.31 4927
1.31 4926
1.31 4925
1.31 4924
1.31 4923
1.31 4922
1.31 4921
1.31 4920
1.31 4919
1.32 4918
1.32 4917
1.32 4916
1.32 4915
1.32 4914
1.32 4913
1.32 4912
1.32 4911
1.32 4910
1.32 4909
1.32 4908
1.34 4907
1.34 4906
1.34 4905
1.34 4904
1.34 4903
1.34 4902
1.34 4901
1.34 4900
1.34 4899
1.34 4898
1.35 4897
1.35 4896
1.35 4895
1.35 4894
1.35 4893
1.35 4892
1.35 4891
1.35 4890
1.35 4889
1.35 4888
1.37 4887
1.37 4886
1.37 4885
1.37 4884
1.37 4883
1.37 4882
1.37 4881
1.37 4880
1.37 4879
1.38 4878
1.38 4877
1.38 4876
1.38 4875
1.38 4874
1.38 4873
1.38 4872
1.38 4871
1.38 4870
1.38 4869
1.40 4868
1.40 4867
1.40 4866
1.40 4865
1.40 4864
1.40 4863
1.40 4862
1.40 4861
1.40 4860
1.42 4859
1.42 4858
1.42 4857
1.42 4856
1.42 4855
1.42 4854
1.42 4853
1.42 4852
1.42 4851
1.42 4850
1.43 4849
1.43 4848
1.43 4847
1.43 4846
1.43 4845
1.43 4844
1.43 4843
1.43 4842
1.43 4841
1.43 4840
1.43 4839
1.43 4838
1.43 4837
1.45 4836
1.45 4835
1.45 4834
1.45 4833
1.45 4832
1.45 4831
1.45 4830
1.45 4829
1.45 4828
1.45 4827
1.45 4826
1.45 4825
1.45 4824
1.45 4823
1.46 4822
1.46 4821
1.46 4820
1.46 4819
1.46 4818
1.46 4817
1.46 4816
1.46 4815
1.46 4814
1.46 4813
1.46 4812
1.46 4811
1.46 4810
1.46 4809
1.48 4808
1.48 4807
1.48 4806
1.48 4805
1.48 4804
1.48 4803
1.48 4802
1.48 4801
1.48 4800
1.48 4799
1.48 4798
1.48 4797
1.48 4796
1.48 4795
1.50 4794
1.50 4793
1.50 4792
1.50 4791
1.50 4790
1.50 4789
1.50 4788
1.50 4787
1.50 4786
1.50 4785
1.50 4784
1.50 4783
1.50 4782
1.51 4781
1.51 4780
1.51 4779
1.51 4778
1.51 4777
1.51 4776
1.51 4775
1.51 4774
1.52 4773
1.52 4772
1.52 4771
1.52 4770
1.53 4769
1.53 4768
1.53 4767
1.53 4766
1.53 4765
1.53 4764
1.53 4763
1.53 4762
1.53 4761
1.53 4760
1.53 4759
1.53 4758
1.54 4757
1.54 4756
1.54 4755
1.54 4754
1.54 4753
1.54 4752
1.54 4751
1.54 4750
1.54 4749
1.54 4748
1.54 4747
1.54 4746
1.56 4745
1.56 4744
1.56 4743
1.56 4742
1.56 4741
1.56 4740
1.56 4739
1.56 4738
1.56 4737
1.57 4736
1.57 4735
1.57 4734
1.57 4733
1.57 4732
1.57 4731
1.57 4730
1.57 4729
1.57 4728
1.57 4727
1.57 4726
1.57 4725
1.59 4724
1.59 4723
1.59 4722
1.59 4721
1.59 4720
1.59 4719
1.59 4718
1.59 4717
1.59 4716
1.59 4715
1.59 4714
1.59 4713
1.59 4712
1.59 4711
1.59 4710
1.61 4709
1.61 4708
1.61 4707
1.61 4706
1.61 4705
1.61 4704
1.61 4703
1.61 4702
1.61 4701
1.61 4700
1.61 4699
1.61 4698
1.61 4697
1.61 4696
1.62 4695
1.62 4694
1.62 4693
1.62 4692
1.62 4691
1.62 4690
1.62 4689
1.62 4688
1.64 4687
1.64 4686
1.64 4685
1.64 4684
1.64 4683
1.64 4682
1.64 4681
1.64 4680
1.64 4679
1.64 4678
1.64 4677
1.64 4676
1.65 4675
1.65 4674
1.65 4673
1.65 4672
1.65 4671
1.65 4670
1.65 4669
1.65 4668
1.65 4667
1.65 4666
1.65 4665
1.65 4664
1.65 4663
1.67 4662
1.67 4661
1.67 4660
1.67 4659
1.67 4658
1.67 4657
1.67 4656
1.67 4655
1.67 4654
1.67 4653
1.67 4652
1.67 4651
1.67 4650
1.67 4649
1.69 4648
1.69 4647
1.69 4646
1.69 4645
1.69 4644
1.69 4643
1.69 4642
1.69 4641
1.69 4640
1.69 4639
1.69 4638
1.69 4637
1.69 4636
1.70 4635
1.70 4634
1.70 4633
1.70 4632
1.70 4631
1.70 4630
1.70 4629
1.70 4628
1.70 4627
1.70 4626
1.70 4625
1.70 4624
1.70 4623
1.72 4622
1.72 4621
1.72 4620
1.72 4619
1.72 4618
1.72 4617
1.72 4616
1.72 4615
1.72 4614
1.72 4613
1.72 4612
1.72 4611
1.72 4610
1.73 4609
1.73 4608
1.75 4607
1.75 4606
1.75 4605
1.75 4604
1.75 4603
1.76 4602
1.76 4601
1.76 4600
1.76 4599
1.76 4598
1.76 4597
1.76 4596
1.76 4595
1.76 4594
1.77 4593
1.77 4592
1.77 4591
1.77 4590
1.77 4589
1.77 4588
1.77 4587
1.77 4586
1.78 4585
1.78 4584
1.78 4583
1.78 4582
1.78 4581
1.78 4580
1.78 4579
1.78 4578
1.78 4577
1.78 4576
1.78 4575
1.78 4574
1.78 4573
1.78 4572
1.78 4571
1.78 4570
1.78 4569
1.78 4568
1.78 4567
1.80 4566
1.80 4565
1.80 4564
1.80 4563
1.80 4562
1.80 4561
1.80 4560
1.80 4559
1.80 4558
1.80 4557
1.80 4556
1.80 4555
1.80 4554
1.81 4553
1.81 4552
1.81 4551
1.81 4550
1.81 4549
1.81 4548
1.81 4547
1.82 4546
1.82 4545
1.82 4544
1.82 4543
1.82 4542
1.82 4541
1.82 4540
1.83 4539
1.83 4538
1.83 4537
1.83 4536
1.83 4535
1.83 4534
1.83 4533
1.83 4532
1.83 4531
1.83 4530
1.83 4529
1.85 4528
1.85 4527
1.85 4526
1.85 4525
1.85 4524
1.85 4523
1.85 4522
1.85 4521
1.85 4520
1.85 4519
1.85 4518
1.85 4517
1.86 4516
1.86 4515
1.86 4514
1.86 4513
1.86 4512
1.86 4511
1.86 4510
1.86 4509
1.86 4508
1.86 4507
1.88 4506
1.88 4505
1.88 4504
1.88 4503
1.88 4502
1.88 4501
1.88 4500
1.88 4499
1.88 4498
1.88 4497
1.88 4496
1.89 4495
1.89 4494
1.89 4493
1.89 4492
1.89 4491
1.89 4490
1.89 4489
1.89 4488
1.89 4487
1.91 4486
1.91 4485
1.91 4484
1.91 4483
1.91 4482
1.91 4481
1.91 4480
1.91 4479
1.91 4478
1.91 4477
1.92 4476
1.92 4475
1.93 4474
1.93 4473
1.93 4472
1.93 4471
1.93 4470
1.93 4469
1.93 4468
1.93 4467
1.93 4466
1.93 4465
1.93 4464
1.93 4463
1.93 4462
1.93 4461
1.94 4460
1.94 4459
1.94 4458
1.94 4457
1.94 4456
1.94 4455
1.94 4454
1.94 4453
1.94 4452
1.94 4451
1.94 4450
1.94 4449
1.94 4448
1.94 4447
1.96 4446
1.96 4445
1.96 4444
1.96 4443
1.96 4442
1.96 4441
1.96 4440
1.96 4439
1.96 4438
1.96 4437
1.96 4436
1.96 4435
1.96 4434
1.97 4433
1.97 4432
1.97 4431
1.97 4430
1.97 4429
1.97 4428
1.97 4427
1.97 4426
1.97 4425
1.97 4424
1.97 4423
1.97 4422
1.97 4421
1.97 4420
1.99 4419
1.99 4418
1.99 4417
1.99 4416
1.99 4415
1.99 4414
1.99 4413
1.99 4412
1.99 4411
1.99 4410
2.00 4409
2.00 4408
2.00 4407
2.00 4406
2.00 4405
2.00 4404
2.00 4403
2.00 4402
2.00 4401
2.00 4400
2.00 4399
2.00 4398
2.00 4397
2.00 4396
2.02 4395
2.02 4394
2.02 4393
2.02 4392
2.02 4391
2.02 4390
2.02 4389
2.02 4388
2.02 4387
2.02 4386
2.02 4385
2.02 4384
2.02 4383
2.04 4382
2.04 4381
2.04 4380
2.04 4379
2.04 4378
2.04 4377
2.04 4376
2.04 4375
2.04 4374
2.04 4373
2.04 4372
2.04 4371
2.04 4370
2.05 4369
2.05 4368
2.05 4367
2.05 4366
2.05 4365
2.05 4364
2.05 4363
2.05 4362
2.05 4361
2.05 4360
2.05 4359
2.05 4358
2.05 4357
2.05 4356
2.07 4355
2.07 4354
2.07 4353
2.07 4352
2.07 4351
2.07 4350
2.07 4349
2.07 4348
2.07 4347
2.07 4346
2.07 4345
2.07 4344
2.07 4343
2.08 4342
2.08 4341
2.08 4340
2.08 4339
2.08 4338
2.08 4337
2.08 4336
2.08 4335
2.08 4334
2.08 4333
2.08 4332
2.08 4331
2.08 4330
2.10 4329
2.10 4328
2.10 4327
2.10 4326
2.10 4325
2.10 4324
2.10 4323
2.10 4322
2.10 4321
2.10 4320
2.10 4319
2.10 4318
2.10 4317
2.10 4316
2.12 4315
2.12 4314
2.12 4313
2.12 4312
2.12 4311
2.12 4310
2.12 4309
2.12 4308
2.12 4307
2.12 4306
2.12 4305
2.12 4304
2.12 4303
2.12 4302
2.13 4301
2.13 4300
2.13 4299
2.13 4298
2.13 4297
2.13 4296
2.13 4295
2.13 4294
2.13 4293
2.13 4292
2.13 4291
2.13 4290
2.15 4289
2.15 4288
2.15 4287
2.15 4286
2.15 4285
2.15 4284
2.15 4283
2.15 4282
2.15 4281
2.15 4280
2.16 4279
2.16 4278
2.16 4277
2.16 4276
2.16 4275
2.16 4274
2.16 4273
2.16 4272
2.16 4271
2.16 4270
2.16 4269
2.16 4268
2.16 4267
2.16 4266
2.16 4265
2.18 4264
2.18 4263
2.18 4262
2.18 4261
2.18 4260
2.18 4259
2.18 4258
2.18 4257
2.18 4256
2.18 4255
2.18 4254
2.18 4253
2.18 4252
2.18 4251
2.18 4250
2.19 4249
2.19 4248
2.19 4247
2.19 4246
2.19 4245
2.19 4244
2.19 4243
2.19 4242
2.19 4241
2.19 4240
2.19 4239
2.19 4238
2.19 4237
2.21 4236
2.21 4235
2.21 4234
2.21 4233
2.21 4232
2.21 4231
2.21 4230
2.21 4229
2.21 4228
2.21 4227
2.21 4226
2.21 4225
2.21 4224
2.21 4223
2.22 4222
2.22 4221
2.22 4220
2.23 4219
2.23 4218
2.23 4217
2.23 4216
2.23 4215
2.23 4214
2.23 4213
2.23 4212
2.23 4211
2.23 4210
2.23 4209
2.23 4208
2.23 4207
2.23 4206
2.24 4205
2.24 4204
2.24 4203
2.24 4202
2.24 4201
2.24 4200
2.24 4199
2.24 4198
2.24 4197
2.24 4196
2.24 4195
2.24 4194
2.24 4193
2.24 4192
2.24 4191
2.26 4190
2.26 4189
2.26 4188
2.26 4187
2.26 4186
2.26 4185
2.26 4184
2.26 4183
2.26 4182
2.26 4181
2.26 4180
2.27 4179
2.27 4178
2.27 4177
2.27 4176
2.27 4175
2.27 4174
2.27 4173
2.27 4172
2.27 4171
2.27 4170
2.27 4169
2.27 4168
2.27 4167
2.27 4166
2.29 4165
2.29 4164
2.29 4163
2.29 4162
2.29 4161
2.29 4160
2.29 4159
2.29 4158
2.29 4157
2.29 4156
2.29 4155
2.31 4154
2.31 4153
2.31 4152
2.31 4151
2.31 4150
2.31 4149
2.31 4148
2.31 4147
2.31 4146
2.31 4145
2.31 4144
2.31 4143
2.31 4142
2.31 4141
2.32 4140
2.32 4139
2.32 4138
2.32 4137
2.32 4136
2.32 4135
2.32 4134
2.32 4133
2.32 4132
2.32 4131
2.32 4130
2.32 4129
2.32 4128
2.32 4127
2.32 4126
2.34 4125
2.34 4124
2.34 4123
2.34 4122
2.34 4121
2.34 4120
2.34 4119
2.34 4118
2.34 4117
2.34 4116
2.34 4115
2.34 4114
2.35 4113
2.35 4112
2.35 4111
2.35 4110
2.35 4109
2.35 4108
2.35 4107
2.35 4106
2.35 4105
2.35 4104
2.35 4103
2.35 4102
2.35 4101
2.37 4100
2.37 4099
2.37 4098
2.37 4097
2.37 4096
2.37 4095
2.37 4094
2.37 4093
2.37 4092
2.37 4091
2.37 4090
2.37 4089
2.37 4088
2.37 4087
2.37 4086
2.38 4085
2.38 4084
2.38 4083
2.38 4082
2.38 4081
2.38 4080
2.38 4079
2.38 4078
2.38 4077
2.38 4076
2.38 4075
2.38 4074
2.38 4073
2.38 4072
2.40 4071
2.40 4070
2.40 4069
2.40 4068
2.40 4067
2.40 4066
2.40 4065
2.40 4064
2.40 4063
2.40 4062
2.40 4061
2.40 4060
2.40 4059
2.40 4058
2.40 4057
2.42 4056
2.42 4055
2.42 4054
2.42 4053
2.42 4052
2.42 4051
2.42 4050
2.42 4049
2.42 4048
2.42 4047
2.43 4046
2.43 4045
2.43 4044
2.43 4043
2.43 4042
5.86 3943
5.86 3942
5.86 3941
5.86 3940
5.88 3939
5.88 3938
5.88 3937
