0.77 1999
0.77 1998
0.77 1997
0.77 1996
0.77 1995
0.77 1994
0.77 1993
0.77 1992
0.77 1991
0.77 1990
0.77 1989
0.77 1988
0.77 1987
0.77 1986
0.78 1985
0.78 1984
0.78 1983
0.78 1982
0.78 1981
0.78 1980
0.78 1979
0.78 1978
0.78 1977
0.78 1976
0.78 1975
0.78 1974
0.78 1973
0.78 1972
0.78 1971
0.79 1970
0.79 1969
0.79 1968
0.79 1967
0.79 1966
0.79 1965
0.79 1964
0.79 1963
0.79 1962
0.79 1961
0.79 1960
0.79 1959
0.79 1958
0.80 1957
0.80 1956
0.80 1955
0.80 1954
0.80 1953
0.80 1952
0.80 1951
0.80 1950
0.80 1949
0.80 1948
0.80 1947
0.80 1946
0.80 1945
0.80 1944
0.80 1943
0.80 1942
0.80 1941
0.80 1940
0.80 1939
0.81 1938
0.81 1937
0.81 1936
0.81 1935
0.81 1934
0.81 1933
0.81 1932
0.81 1931
0.81 1930
0.81 1929
0.81 1928
0.81 1927
0.81 1926
0.81 1925
0.81 1924
0.81 1923
0.81 1922
0.82 1921
0.82 1920
0.82 1919
0.82 1918
0.82 1917
0.82 1916
0.82 1915
0.82 1914
0.82 1913
0.82 1912
0.82 1911
0.82 1910
0.82 1909
0.82 1908
0.82 1907
0.83 1906
0.83 1905
0.83 1904
0.83 1903
0.83 1902
0.83 1901
0.83 1900
0.83 1899
0.83 1898
0.83 1897
0.83 1896
0.83 1895
0.83 1894
0.83 1893
0.83 1892
0.83 1891
0.83 1890
0.83 1889
0.83 1888
0.84 1887
0.84 1886
0.84 1885
0.84 1884
0.84 1883
0.84 1882
0.84 1881
0.84 1880
0.84 1879
0.84 1878
0.84 1877
0.84 1876
0.84 1875
0.84 1874
0.84 1873
0.84 1872
0.84 1871
0.84 1870
0.84 1869
0.84 1868
0.84 1867
0.84 1866
0.84 1865
0.84 1864
0.84 1863
0.84 1862
0.84 1861
0.84 1860
0.84 1859
0.84 1858
0.84 1857
0.84 1856
0.84 1855
0.84 1854
0.84 1853
0.84 1852
0.84 1851
0.84 1850
0.84 1849
0.84 1848
0.84 1847
0.84 1846
0.84 1845
0.86 1844
0.86 1843
0.86 1842
0.86 1841
0.86 1840
0.86 1839
0.86 1838
0.86 1837
0.86 1836
0.86 1835
0.86 1834
0.86 1833
0.86 1832
0.86 1831
0.86 1830
0.86 1829
0.86 1828
0.86 1827
0.86 1826
0.86 1825
0.86 1824
0.87 1823
0.87 1822
0.87 1821
0.87 1820
0.87 1819
0.87 1818
0.87 1817
0.87 1816
0.87 1815
0.87 1814
0.87 1813
0.87 1812
0.87 1811
0.87 1810
0.87 1809
0.87 1808
0.87 1807
0.87 1806
0.87 1805
0.87 1804
0.87 1803
0.87 1802
0.88 1801
0.88 1800
0.88 1799
0.88 1798
0.88 1797
0.88 1796
0.88 1795
0.88 1794
0.88 1793
0.88 1792
0.88 1791
0.88 1790
0.88 1789
0.88 1788
0.88 1787
0.88 1786
0.88 1785
0.88 1784
0.88 1783
0.88 1782
0.88 1781
0.88 1780
0.89 1779
0.89 1778
0.89 1777
0.89 1776
0.89 1775
0.89 1774
0.89 1773
0.89 1772
0.89 1771
0.89 1770
0.89 1769
0.89 1768
0.89 1767
0.89 1766
0.89 1765
0.89 1764
0.89 1763
0.89 1762
0.89 1761
0.89 1760
0.89 1759
0.89 1758
0.89 1757
0.90 1756
0.90 1755
0.90 1754
0.90 1753
0.90 1752
0.90 1751
0.90 1750
0.90 1749
0.90 1748
0.90 1747
0.90 1746
0.90 1745
0.90 1744
0.90 1743
0.90 1742
0.90 1741
0.90 1740
0.90 1739
0.90 1738
0.90 1737
0.90 1736
0.90 1735
0.90 1734
0.90 1733
0.91 1732
0.91 1731
0.91 1730
0.91 1729
0.91 1728
0.91 1727
0.91 1726
0.91 1725
0.91 1724
0.91 1723
0.91 1722
0.91 1721
0.91 1720
0.91 1719
0.91 1718
0.91 1717
0.91 1716
0.91 1715
0.91 1714
0.91 1713
0.91 1712
0.91 1711
0.92 1710
0.92 1709
0.92 1708
0.92 1707
0.92 1706
0.92 1705
0.92 1704
0.92 1703
0.92 1702
0.92 1701
0.92 1700
0.92 1699
0.92 1698
0.92 1697
0.92 1696
0.92 1695
0.92 1694
0.92 1693
0.92 1692
0.92 1691
0.92 1690
0.93 1689
0.93 1688
0.93 1687
0.93 1686
0.93 1685
0.93 1684
0.93 1683
0.93 1682
0.93 1681
0.93 1680
0.93 1679
0.93 1678
0.93 1677
0.93 1676
0.93 1675
0.93 1674
0.93 1673
0.93 1672
0.93 1671
0.93 1670
0.93 1669
0.94 1668
0.94 1667
0.94 1666
0.94 1665
0.94 1664
0.94 1663
0.94 1662
0.94 1661
0.94 1660
0.94 1659
0.94 1658
0.94 1657
0.94 1656
0.94 1655
0.94 1654
0.94 1653
0.94 1652
0.94 1651
0.94 1650
0.94 1649
0.94 1648
0.95 1647
0.95 1646
0.95 1645
0.95 1644
0.95 1643
0.95 1642
0.95 1641
0.95 1640
0.95 1639
0.95 1638
0.95 1637
0.95 1636
0.95 1635
0.95 1634
0.95 1633
0.95 1632
0.95 1631
0.95 1630
0.95 1629
0.95 1628
0.95 1627
0.95 1626
0.96 1625
0.96 1624
0.96 1623
0.96 1622
0.96 1621
0.96 1620
0.96 1619
0.96 1618
0.96 1617
0.96 1616
0.96 1615
0.96 1614
0.96 1613
0.96 1612
0.96 1611
0.96 1610
0.96 1609
0.96 1608
0.96 1607
0.96 1606
0.96 1605
0.96 1604
0.96 1603
0.97 1602
0.97 1601
0.97 1600
0.97 1599
0.97 1598
0.97 1597
0.97 1596
0.97 1595
0.97 1594
0.97 1593
0.97 1592
0.97 1591
0.97 1590
0.97 1589
0.97 1588
0.97 1587
0.97 1586
0.97 1585
0.97 1584
0.97 1583
0.97 1582
0.97 1581
0.98 1580
0.98 1579
0.98 1578
0.98 1577
0.98 1576
0.98 1575
0.98 1574
0.98 1573
0.98 1572
0.98 1571
0.98 1570
0.98 1569
0.98 1568
0.98 1567
0.98 1566
0.98 1565
0.98 1564
0.98 1563
0.98 1562
0.98 1561
0.98 1560
0.98 1559
0.98 1558
0.98 1557
0.98 1556
0.98 1555
0.98 1554
0.99 1553
0.99 1552
0.99 1551
0.99 1550
0.99 1549
0.99 1548
0.99 1547
0.99 1546
0.99 1545
0.99 1544
0.99 1543
0.99 1542
0.99 1541
0.99 1540
0.99 1539
0.99 1538
0.99 1537
0.99 1536
0.99 1535
0.99 1534
0.99 1533
0.99 1532
0.99 1531
1.00 1530
1.00 1529
1.00 1528
1.00 1527
1.00 1526
1.00 1525
1.00 1524
1.00 1523
1.00 1522
1.00 1521
1.00 1520
1.00 1519
1.00 1518
1.00 1517
1.00 1516
1.00 1515
1.00 1514
1.00 1513
1.00 1512
1.00 1511
1.00 1510
1.00 1509
1.00 1508
1.00 1507
1.01 1506
1.01 1505
1.01 1504
1.01 1503
1.01 1502
1.01 1501
1.01 1500
1.01 1499
1.01 1498
1.01 1497
1.01 1496
1.01 1495
1.01 1494
1.01 1493
1.01 1492
1.01 1491
1.01 1490
1.01 1489
1.01 1488
1.01 1487
1.01 1486
1.01 1485
1.01 1484
1.01 1483
1.01 1482
1.02 1481
1.02 1480
1.02 1479
1.02 1478
1.02 1477
1.02 1476
1.02 1475
1.02 1474
1.02 1473
1.02 1472
1.02 1471
1.02 1470
1.02 1469
1.02 1468
1.02 1467
1.02 1466
1.02 1465
1.02 1464
1.02 1463
1.02 1462
1.03 1461
1.03 1460
1.03 1459
1.03 1458
1.03 1457
1.03 1456
1.03 1455
1.03 1454
1.03 1453
1.03 1452
1.03 1451
1.03 1450
1.03 1449
1.03 1448
1.03 1447
1.03 1446
1.03 1445
1.03 1444
1.03 1443
1.03 1442
1.03 1441
1.03 1440
1.04 1439
1.04 1438
1.04 1437
1.04 1436
1.04 1435
1.04 1434
1.04 1433
1.04 1432
1.04 1431
1.04 1430
1.04 1429
1.04 1428
1.04 1427
1.04 1426
1.04 1425
1.04 1424
1.04 1423
1.04 1422
1.04 1421
1.04 1420
1.04 1419
1.04 1418
1.05 1417
1.05 1416
1.05 1415
1.05 1414
1.05 1413
1.05 1412
1.05 1411
1.05 1410
1.05 1409
1.05 1408
1.05 1407
1.05 1406
1.05 1405
1.05 1404
1.05 1403
1.05 1402
1.05 1401
1.05 1400
1.05 1399
1.05 1398
1.05 1397
1.05 1396
1.06 1395
1.06 1394
1.06 1393
1.06 1392
1.06 1391
1.06 1390
1.06 1389
1.06 1388
1.06 1387
1.06 1386
1.06 1385
1.06 1384
1.06 1383
1.06 1382
1.06 1381
1.06 1380
1.06 1379
1.06 1378
1.06 1377
1.06 1376
1.06 1375
1.06 1374
1.06 1373
1.07 1372
1.07 1371
1.07 1370
1.07 1369
1.07 1368
1.07 1367
1.07 1366
1.07 1365
1.07 1364
1.07 1363
1.07 1362
1.07 1361
1.07 1360
1.07 1359
1.07 1358
1.07 1357
1.07 1356
1.07 1355
1.07 1354
1.07 1353
1.07 1352
1.07 1351
1.08 1350
1.08 1349
1.08 1348
1.08 1347
1.08 1346
1.08 1345
1.08 1344
1.08 1343
1.08 1342
1.08 1341
1.08 1340
1.08 1339
1.08 1338
1.08 1337
1.08 1336
1.08 1335
1.08 1334
1.08 1333
1.08 1332
1.08 1331
1.08 1330
1.08 1329
1.08 1328
1.08 1327
1.08 1326
1.08 1325
1.08 1324
1.08 1323
1.08 1322
1.08 1321
1.08 1320
1.08 1319
1.08 1318
1.08 1317
1.09 1316
1.09 1315
1.09 1314
1.09 1313
1.09 1312
1.09 1311
1.09 1310
1.10 1309
1.10 1308
1.10 1307
1.10 1306
1.10 1305
1.10 1304
1.10 1303
1.10 1302
1.10 1301
1.10 1300
1.10 1299
1.10 1298
1.10 1297
1.10 1296
1.10 1295
1.10 1294
1.10 1293
1.10 1292
1.10 1291
1.10 1290
1.10 1289
1.10 1288
1.10 1287
1.10 1286
1.10 1285
1.10 1284
1.10 1283
1.10 1282
1.10 1281
1.10 1280
1.10 1279
1.10 1278
1.11 1277
1.11 1276
1.11 1275
1.11 1274
1.11 1273
1.11 1272
1.11 1271
1.11 1270
1.11 1269
1.11 1268
1.11 1267
1.11 1266
1.11 1265
1.11 1264
1.11 1263
1.11 1262
1.11 1261
1.11 1260
1.11 1259
1.11 1258
1.11 1257
1.11 1256
1.11 1255
1.11 1254
1.11 1253
1.11 1252
1.11 1251
1.11 1250
1.11 1249
1.11 1248
1.11 1247
1.11 1246
1.11 1245
1.11 1244
1.11 1243
1.11 1242
1.13 1241
1.13 1240
1.13 1239
1.13 1238
1.13 1237
1.13 1236
1.13 1235
1.13 1234
1.13 1233
1.13 1232
1.13 1231
1.13 1230
1.13 1229
1.13 1228
1.13 1227
1.13 1226
1.13 1225
1.13 1224
1.13 1223
1.13 1222
1.13 1221
1.13 1220
1.13 1219
1.13 1218
1.13 1217
1.14 1216
1.14 1215
1.14 1214
1.14 1213
1.14 1212
1.14 1211
1.14 1210
1.14 1209
1.14 1208
1.14 1207
1.14 1206
1.14 1205
1.14 1204
1.14 1203
1.14 1202
1.14 1201
1.14 1200
1.14 1199
1.14 1198
1.14 1197
1.14 1196
1.14 1195
1.14 1194
1.14 1193
1.15 1192
1.15 1191
1.15 1190
1.15 1189
1.15 1188
1.15 1187
1.15 1186
1.15 1185
1.15 1184
1.15 1183
1.15 1182
1.15 1181
1.15 1180
1.15 1179
1.15 1178
1.15 1177
1.15 1176
1.15 1175
1.15 1174
1.15 1173
1.15 1172
1.15 1171
1.15 1170
1.15 1169
1.15 1168
1.15 1167
1.16 1166
1.16 1165
1.16 1164
1.16 1163
1.16 1162
1.16 1161
1.16 1160
1.16 1159
1.16 1158
1.16 1157
1.16 1156
1.16 1155
1.16 1154
1.16 1153
1.16 1152
1.16 1151
1.16 1150
1.16 1149
1.16 1148
1.16 1147
1.16 1146
1.16 1145
1.16 1144
1.16 1143
1.16 1142
1.16 1141
1.16 1140
1.16 1139
1.16 1138
1.17 1137
1.17 1136
1.17 1135
1.17 1134
1.17 1133
1.17 1132
1.17 1131
1.17 1130
1.17 1129
1.17 1128
1.17 1127
1.17 1126
1.17 1125
1.17 1124
1.17 1123
1.18 1122
1.18 1121
1.18 1120
1.18 1119
1.18 1118
1.18 1117
1.18 1116
1.18 1115
1.18 1114
1.18 1113
1.18 1112
1.18 1111
1.18 1110
1.18 1109
1.18 1108
1.18 1107
1.18 1106
1.18 1105
1.18 1104
1.18 1103
1.18 1102
1.18 1101
1.18 1100
1.18 1099
1.18 1098
1.18 1097
1.18 1096
1.19 1095
1.19 1094
1.19 1093
1.19 1092
1.19 1091
1.19 1090
1.19 1089
1.19 1088
1.19 1087
1.19 1086
1.19 1085
1.19 1084
1.19 1083
1.19 1082
1.19 1081
1.19 1080
1.19 1079
1.19 1078
1.19 1077
1.19 1076
1.19 1075
1.19 1074
1.19 1073
1.19 1072
1.19 1071
1.19 1070
1.20 1069
1.20 1068
1.20 1067
1.20 1066
1.20 1065
1.20 1064
1.20 1063
1.20 1062
1.20 1061
1.20 1060
1.20 1059
1.20 1058
1.20 1057
1.20 1056
1.20 1055
1.20 1054
1.20 1053
1.20 1052
1.20 1051
1.20 1050
1.20 1049
1.21 1048
1.21 1047
1.21 1046
1.21 1045
1.21 1044
1.21 1043
1.21 1042
1.21 1041
1.21 1040
1.21 1039
1.21 1038
1.21 1037
1.21 1036
1.21 1035
1.21 1034
1.21 1033
1.21 1032
1.21 1031
1.21 1030
1.21 1029
1.21 1028
1.21 1027
1.21 1026
1.21 1025
1.21 1024
1.21 1023
1.21 1022
1.21 1021
1.21 1020
1.22 1019
1.22 1018
1.22 1017
1.22 1016
1.22 1015
1.22 1014
1.22 1013
1.22 1012
1.22 1011
1.22 1010
1.22 1009
1.22 1008
1.22 1007
1.22 1006
1.22 1005
1.22 1004
1.22 1003
1.22 1002
1.22 1001
1.22 1000
