0.44 1989
0.44 1988
0.44 1987
0.44 1986
0.44 1985
0.44 1984
0.45 1983
0.45 1982
0.45 1981
0.45 1980
0.45 1979
0.45 1978
0.45 1977
0.45 1976
0.45 1975
0.45 1974
0.45 1973
0.45 1972
0.45 1971
0.45 1970
0.45 1969
0.46 1968
0.46 1967
0.46 1966
0.46 1965
0.46 1964
0.46 1963
0.46 1962
0.46 1961
0.46 1960
0.47 1959
0.47 1958
0.47 1957
0.47 1956
0.47 1955
0.47 1954
0.47 1953
0.47 1952
0.47 1951
0.48 1950
0.48 1949
0.48 1948
0.48 1947
0.48 1946
0.48 1945
0.48 1944
0.48 1943
0.48 1942
0.48 1941
0.48 1940
0.49 1939
0.49 1938
0.49 1937
0.49 1936
0.49 1935
0.50 1934
0.50 1933
0.50 1932
0.50 1931
5.91 1930
5.91 1929
5.92 1928
