1.06 1959
1.06 1958
1.07 1957
1.07 1956
1.07 1955
1.07 1954
1.07 1953
1.07 1952
1.07 1951
1.07 1950
1.07 1949
1.07 1948
1.07 1947
1.07 1946
1.07 1945
1.07 1944
1.07 1943
1.07 1942
1.07 1941
1.09 1940
1.09 1939
1.09 1938
1.09 1937
1.09 1936
1.09 1935
1.09 1934
1.09 1933
1.09 1932
1.09 1931
1.09 1930
1.09 1929
1.09 1928
1.09 1927
1.09 1926
1.09 1925
1.09 1924
1.09 1923
1.09 1922
1.09 1921
1.11 1920
1.11 1919
1.11 1918
1.11 1917
1.11 1916
1.11 1915
1.11 1914
1.11 1913
1.11 1912
1.11 1911
1.11 1910
1.11 1909
1.11 1908
1.11 1907
1.11 1906
1.11 1905
1.11 1904
1.11 1903
1.11 1902
1.12 1901
1.12 1900
1.12 1899
1.12 1898
1.12 1897
1.12 1896
1.12 1895
1.12 1894
1.12 1893
1.12 1892
1.12 1891
1.12 1890
1.12 1889
1.12 1888
1.12 1887
1.12 1886
1.12 1885
1.12 1884
1.12 1883
1.12 1882
1.12 1881
1.12 1880
1.12 1879
1.12 1878
1.12 1877
1.12 1876
1.14 1875
1.14 1874
1.14 1873
1.14 1872
1.14 1871
1.14 1870
1.14 1869
1.14 1868
1.14 1867
1.14 1866
1.14 1865
1.14 1864
1.14 1863
1.14 1862
1.14 1861
1.14 1860
1.14 1859
1.14 1858
1.14 1857
1.14 1856
1.14 1855
1.14 1854
1.14 1853
1.14 1852
1.15 1851
1.15 1850
1.15 1849
1.15 1848
1.15 1847
1.15 1846
1.15 1845
1.15 1844
1.15 1843
1.15 1842
1.15 1841
1.15 1840
1.15 1839
1.15 1838
1.15 1837
1.15 1836
1.15 1835
1.15 1834
1.17 1833
1.17 1832
1.17 1831
1.17 1830
1.17 1829
1.17 1828
1.17 1827
1.17 1826
1.17 1825
1.17 1824
1.17 1823
1.17 1822
1.17 1821
1.17 1820
1.17 1819
1.17 1818
1.17 1817
1.17 1816
1.17 1815
1.17 1814
1.17 1813
1.17 1812
1.17 1811
1.17 1810
1.17 1809
1.17 1808
1.17 1807
1.18 1806
1.18 1805
1.18 1804
1.18 1803
1.18 1802
1.18 1801
1.18 1800
1.18 1799
1.18 1798
1.18 1797
1.18 1796
1.18 1795
1.18 1794
1.18 1793
1.18 1792
1.18 1791
1.18 1790
1.20 1789
1.20 1788
1.20 1787
1.20 1786
1.20 1785
1.20 1784
1.20 1783
1.20 1782
1.20 1781
1.20 1780
1.20 1779
1.20 1778
1.20 1777
1.20 1776
1.20 1775
1.20 1774
1.20 1773
1.20 1772
1.20 1771
1.20 1770
1.20 1769
1.20 1768
1.20 1767
1.20 1766
1.20 1765
1.20 1764
1.21 1763
1.21 1762
1.21 1761
1.21 1760
1.21 1759
1.21 1758
1.21 1757
1.21 1756
1.21 1755
1.21 1754
1.21 1753
1.21 1752
1.21 1751
1.21 1750
1.22 1749
1.22 1748
1.22 1747
1.22 1746
1.22 1745
1.22 1744
1.22 1743
1.22 1742
1.22 1741
1.22 1740
1.22 1739
1.22 1738
1.22 1737
1.23 1736
1.23 1735
1.23 1734
1.23 1733
1.23 1732
1.23 1731
1.23 1730
1.23 1729
1.23 1728
1.23 1727
1.23 1726
1.23 1725
1.23 1724
1.23 1723
1.23 1722
1.23 1721
1.23 1720
1.23 1719
1.23 1718
1.23 1717
1.23 1716
1.23 1715
1.23 1714
1.23 1713
1.23 1712
1.23 1711
1.23 1710
1.23 1709
1.24 1708
1.24 1707
1.24 1706
1.24 1705
1.24 1704
1.24 1703
1.24 1702
1.24 1701
1.24 1700
1.24 1699
1.24 1698
1.24 1697
1.24 1696
1.24 1695
1.24 1694
1.24 1693
1.24 1692
1.24 1691
1.24 1690
1.24 1689
1.24 1688
1.24 1687
1.24 1686
1.24 1685
1.24 1684
1.26 1683
1.26 1682
1.26 1681
1.26 1680
1.26 1679
1.26 1678
1.26 1677
1.26 1676
1.27 1675
1.27 1674
1.27 1673
1.27 1672
1.27 1671
1.27 1670
1.27 1669
1.27 1668
1.27 1667
1.27 1666
1.27 1665
1.27 1664
1.27 1663
1.27 1662
1.27 1661
1.27 1660
1.27 1659
1.28 1658
1.28 1657
1.28 1656
1.28 1655
1.28 1654
1.28 1653
1.28 1652
1.28 1651
1.28 1650
1.28 1649
1.28 1648
1.28 1647
1.28 1646
1.28 1645
1.28 1644
1.28 1643
1.28 1642
1.28 1641
1.28 1640
1.28 1639
1.28 1638
1.28 1637
1.28 1636
1.28 1635
1.28 1634
1.28 1633
1.29 1632
1.29 1631
1.29 1630
1.29 1629
1.29 1628
1.29 1627
1.29 1626
1.29 1625
1.29 1624
1.29 1623
1.29 1622
1.29 1621
1.29 1620
1.29 1619
1.29 1618
1.29 1617
1.29 1616
1.29 1615
1.29 1614
1.29 1613
1.29 1612
1.29 1611
1.29 1610
1.29 1609
1.29 1608
1.29 1607
1.29 1606
1.29 1605
1.31 1604
1.31 1603
1.31 1602
1.31 1601
1.31 1600
1.31 1599
1.31 1598
1.31 1597
1.31 1596
1.31 1595
1.31 1594
1.31 1593
1.31 1592
1.31 1591
1.31 1590
1.31 1589
1.31 1588
1.31 1587
1.31 1586
1.31 1585
1.31 1584
1.31 1583
1.31 1582
1.31 1581
1.31 1580
1.31 1579
1.32 1578
1.32 1577
1.32 1576
1.32 1575
1.32 1574
1.32 1573
1.32 1572
1.32 1571
1.32 1570
1.32 1569
1.32 1568
1.32 1567
1.32 1566
1.32 1565
1.32 1564
1.32 1563
1.32 1562
1.32 1561
1.32 1560
1.32 1559
1.32 1558
1.32 1557
1.32 1556
1.32 1555
1.32 1554
1.32 1553
1.32 1552
1.34 1551
1.34 1550
1.34 1549
1.34 1548
1.34 1547
1.34 1546
1.34 1545
1.34 1544
1.34 1543
1.34 1542
1.34 1541
1.34 1540
1.34 1539
1.34 1538
1.34 1537
1.34 1536
1.34 1535
1.34 1534
1.34 1533
1.34 1532
1.34 1531
1.34 1530
1.34 1529
1.34 1528
1.34 1527
1.34 1526
1.35 1525
1.35 1524
1.35 1523
1.35 1522
1.35 1521
1.35 1520
1.35 1519
1.35 1518
1.35 1517
1.35 1516
1.35 1515
1.35 1514
1.35 1513
1.35 1512
1.35 1511
1.35 1510
1.35 1509
1.35 1508
1.35 1507
1.37 1506
1.37 1505
1.37 1504
1.37 1503
1.37 1502
1.37 1501
1.37 1500
1.37 1499
1.37 1498
1.37 1497
1.37 1496
1.37 1495
1.37 1494
1.37 1493
1.37 1492
1.37 1491
1.37 1490
1.37 1489
1.37 1488
1.37 1487
1.37 1486
1.37 1485
1.37 1484
1.37 1483
1.37 1482
1.37 1481
1.37 1480
1.37 1479
1.37 1478
1.37 1477
1.37 1476
1.37 1475
1.39 1474
1.39 1473
1.39 1472
1.39 1471
1.39 1470
1.39 1469
1.39 1468
1.39 1467
1.39 1466
1.39 1465
1.39 1464
1.39 1463
1.39 1462
1.39 1461
1.39 1460
1.39 1459
1.39 1458
1.39 1457
1.39 1456
1.39 1455
1.39 1454
1.39 1453
1.39 1452
1.39 1451
1.39 1450
1.40 1449
1.40 1448
1.40 1447
1.40 1446
1.40 1445
1.40 1444
1.40 1443
1.40 1442
1.40 1441
1.40 1440
1.40 1439
1.40 1438
1.40 1437
1.40 1436
1.40 1435
1.40 1434
1.40 1433
1.40 1432
1.40 1431
1.40 1430
1.40 1429
1.40 1428
1.40 1427
1.40 1426
1.40 1425
1.40 1424
1.40 1423
1.42 1422
1.42 1421
1.42 1420
1.42 1419
1.42 1418
1.42 1417
1.42 1416
1.42 1415
1.42 1414
1.42 1413
1.42 1412
1.42 1411
1.42 1410
1.42 1409
1.42 1408
1.42 1407
1.42 1406
1.42 1405
1.42 1404
1.42 1403
1.42 1402
1.42 1401
1.42 1400
1.42 1399
1.42 1398
1.42 1397
1.42 1396
1.43 1395
1.43 1394
1.43 1393
1.43 1392
1.43 1391
1.43 1390
1.43 1389
1.43 1388
1.43 1387
1.43 1386
1.43 1385
1.43 1384
1.43 1383
1.43 1382
1.43 1381
1.43 1380
1.43 1379
1.43 1378
1.43 1377
1.43 1376
1.43 1375
1.43 1374
1.43 1373
1.43 1372
1.43 1371
1.43 1370
1.43 1369
1.45 1368
1.45 1367
1.45 1366
1.45 1365
1.45 1364
1.45 1363
1.45 1362
1.45 1361
1.45 1360
1.45 1359
1.45 1358
1.45 1357
1.45 1356
1.45 1355
1.45 1354
1.45 1353
1.45 1352
1.45 1351
1.45 1350
1.45 1349
1.45 1348
1.45 1347
1.45 1346
1.45 1345
1.45 1344
1.45 1343
1.45 1342
1.45 1341
1.46 1340
1.47 1339
1.47 1338
1.47 1337
1.47 1336
1.47 1335
1.47 1334
1.47 1333
1.47 1332
1.47 1331
1.47 1330
1.47 1329
1.47 1328
1.47 1327
1.47 1326
1.47 1325
1.47 1324
1.47 1323
1.47 1322
1.47 1321
1.47 1320
1.47 1319
1.47 1318
1.47 1317
1.47 1316
1.47 1315
1.47 1314
1.47 1313
1.47 1312
1.47 1311
1.48 1310
1.48 1309
1.48 1308
1.48 1307
1.48 1306
1.48 1305
1.48 1304
1.48 1303
1.48 1302
1.48 1301
1.48 1300
1.48 1299
1.48 1298
1.48 1297
1.48 1296
1.48 1295
1.48 1294
1.48 1293
1.48 1292
1.48 1291
1.48 1290
1.48 1289
1.48 1288
1.48 1287
1.48 1286
1.48 1285
1.48 1284
1.48 1283
1.50 1282
1.50 1281
1.50 1280
1.50 1279
1.50 1278
1.50 1277
1.50 1276
1.50 1275
1.50 1274
1.50 1273
1.50 1272
1.50 1271
1.50 1270
1.50 1269
1.50 1268
1.50 1267
1.50 1266
1.50 1265
1.50 1264
1.50 1263
1.50 1262
1.51 1261
1.51 1260
1.51 1259
1.51 1258
1.51 1257
1.51 1256
1.51 1255
1.51 1254
1.51 1253
1.51 1252
1.51 1251
1.51 1250
1.51 1249
1.51 1248
1.51 1247
1.51 1246
1.51 1245
1.51 1244
1.51 1243
1.51 1242
1.51 1241
1.51 1240
1.51 1239
1.51 1238
1.51 1237
1.51 1236
1.51 1235
1.51 1234
1.51 1233
1.51 1232
1.53 1231
1.53 1230
1.53 1229
1.53 1228
1.53 1227
1.53 1226
1.53 1225
1.53 1224
1.53 1223
1.53 1222
1.53 1221
1.53 1220
1.53 1219
1.53 1218
1.53 1217
1.53 1216
1.53 1215
1.53 1214
1.53 1213
1.53 1212
1.53 1211
1.53 1210
1.53 1209
1.53 1208
1.53 1207
1.53 1206
1.53 1205
1.53 1204
1.53 1203
1.53 1202
1.54 1201
1.54 1200
1.54 1199
1.54 1198
1.54 1197
1.54 1196
1.54 1195
1.54 1194
1.54 1193
1.54 1192
1.54 1191
1.54 1190
1.54 1189
1.54 1188
1.54 1187
1.54 1186
1.54 1185
1.54 1184
1.54 1183
1.54 1182
1.54 1181
1.54 1180
1.54 1179
1.54 1178
1.54 1177
1.54 1176
1.54 1175
1.54 1174
1.54 1173
1.56 1172
1.56 1171
1.56 1170
1.56 1169
1.56 1168
1.56 1167
1.56 1166
1.56 1165
1.56 1164
1.56 1163
1.56 1162
1.56 1161
1.56 1160
1.56 1159
1.57 1158
1.57 1157
1.57 1156
1.57 1155
1.57 1154
1.57 1153
1.57 1152
1.57 1151
1.57 1150
1.57 1149
1.57 1148
1.57 1147
1.57 1146
1.57 1145
1.57 1144
1.57 1143
1.57 1142
1.57 1141
1.57 1140
1.57 1139
1.57 1138
1.57 1137
1.57 1136
1.57 1135
1.57 1134
1.57 1133
1.57 1132
1.57 1131
1.57 1130
1.57 1129
1.57 1128
1.57 1127
1.57 1126
1.57 1125
1.57 1124
1.57 1123
1.57 1122
1.57 1121
1.57 1120
1.57 1119
1.57 1118
1.57 1117
1.57 1116
1.57 1115
1.59 1114
1.59 1113
1.59 1112
1.59 1111
1.59 1110
1.59 1109
1.59 1108
1.59 1107
1.59 1106
1.59 1105
1.59 1104
1.59 1103
1.59 1102
1.59 1101
1.59 1100
1.59 1099
1.59 1098
1.59 1097
1.59 1096
1.59 1095
1.59 1094
1.59 1093
1.59 1092
1.59 1091
1.59 1090
1.59 1089
1.59 1088
1.59 1087
1.61 1086
1.61 1085
1.61 1084
1.61 1083
1.61 1082
1.61 1081
1.61 1080
1.61 1079
1.61 1078
1.61 1077
1.61 1076
1.61 1075
1.61 1074
1.61 1073
1.61 1072
1.61 1071
1.61 1070
1.61 1069
1.61 1068
1.61 1067
1.61 1066
1.61 1065
1.61 1064
1.62 1063
1.62 1062
1.62 1061
1.62 1060
1.62 1059
1.62 1058
1.62 1057
1.62 1056
1.62 1055
1.62 1054
1.62 1053
1.62 1052
1.62 1051
1.62 1050
1.62 1049
1.62 1048
1.62 1047
1.62 1046
1.62 1045
1.62 1044
1.62 1043
1.62 1042
1.62 1041
1.62 1040
1.62 1039
1.62 1038
1.62 1037
1.62 1036
1.62 1035
1.64 1034
1.64 1033
1.64 1032
1.64 1031
1.64 1030
1.64 1029
1.64 1028
1.64 1027
1.64 1026
1.64 1025
1.64 1024
1.64 1023
1.64 1022
1.64 1021
1.64 1020
1.64 1019
1.64 1018
1.64 1017
1.64 1016
1.64 1015
1.64 1014
1.64 1013
1.64 1012
1.64 1011
1.64 1010
1.64 1009
1.64 1008
1.64 1007
1.64 1006
1.64 1005
1.64 1004
1.65 1003
1.65 1002
1.65 1001
1.65 1000
1.65 999
1.65 998
1.65 997
1.65 996
1.65 995
1.65 994
1.65 993
1.65 992
1.65 991
1.65 990
1.65 989
1.65 988
1.65 987
1.65 986
1.65 985
1.65 984
1.65 983
1.65 982
1.65 981
1.65 980
