0.11 5683
0.11 5682
0.11 5681
0.12 5680
0.12 5679
0.12 5678
0.13 5677
0.13 5676
0.13 5675
0.14 5674
0.14 5673
0.15 5672
0.15 5671
0.15 5670
0.15 5669
0.16 5668
0.16 5667
0.16 5666
0.16 5665
0.17 5664
0.17 5663
0.17 5662
0.18 5661
0.18 5660
0.18 5659
0.19 5658
0.19 5657
0.19 5656
0.19 5655
0.19 5654
0.19 5653
0.21 5652
0.21 5651
0.21 5650
0.21 5649
0.21 5648
0.22 5647
0.22 5646
0.23 5645
0.23 5644
0.24 5643
0.24 5642
0.24 5641
0.24 5640
0.25 5639
0.25 5638
0.25 5637
0.25 5636
0.26 5635
0.26 5634
0.26 5633
0.27 5632
0.27 5631
0.27 5630
0.27 5629
0.27 5628
0.28 5627
0.28 5626
0.28 5625
0.29 5624
0.29 5623
0.29 5622
0.29 5621
0.30 5620
0.30 5619
0.30 5618
0.31 5617
0.31 5616
0.31 5615
0.31 5614
0.32 5613
0.32 5612
0.32 5611
0.33 5610
0.33 5609
0.33 5608
0.33 5607
0.34 5606
0.34 5605
0.34 5604
0.35 5603
0.35 5602
0.35 5601
0.35 5600
0.36 5599
0.36 5598
0.36 5597
0.37 5596
0.37 5595
0.37 5594
0.38 5593
0.38 5592
0.38 5591
0.39 5590
0.39 5589
0.39 5588
0.40 5587
0.40 5586
0.40 5585
0.40 5584
0.40 5583
0.40 5582
0.40 5581
0.41 5580
0.41 5579
0.42 5578
0.42 5577
0.42 5576
0.42 5575
0.42 5574
0.43 5573
0.43 5572
0.43 5571
0.43 5570
0.43 5569
0.43 5568
0.43 5567
0.44 5566
0.44 5565
0.44 5564
0.44 5563
0.44 5562
0.46 5561
0.46 5560
0.46 5559
0.46 5558
0.46 5557
0.46 5556
0.46 5555
0.47 5554
0.48 5553
0.48 5552
0.48 5551
0.48 5550
0.49 5549
0.50 5548
0.50 5547
0.50 5546
0.51 5545
0.51 5544
0.51 5543
0.51 5542
0.51 5541
0.52 5540
0.52 5539
0.52 5538
0.53 5537
0.53 5536
0.53 5535
0.53 5534
0.54 5533
0.54 5532
0.54 5531
0.55 5530
0.55 5529
0.55 5528
0.55 5527
0.56 5526
0.56 5525
0.56 5524
0.56 5523
0.56 5522
0.57 5521
0.57 5520
0.57 5519
0.57 5518
0.57 5517
0.57 5516
0.57 5515
0.58 5514
0.58 5513
0.58 5512
0.58 5511
0.58 5510
0.58 5509
0.60 5508
0.60 5507
0.60 5506
0.60 5505
0.62 5504
0.62 5503
0.62 5502
0.62 5501
0.62 5500
0.62 5499
0.63 5498
0.63 5497
0.63 5496
0.63 5495
0.63 5494
0.63 5493
0.63 5492
0.65 5491
0.65 5490
0.65 5489
0.65 5488
0.65 5487
0.65 5486
0.65 5485
0.65 5484
0.66 5483
0.67 5482
0.67 5481
0.68 5480
0.68 5479
0.68 5478
0.68 5477
0.69 5476
0.69 5475
0.69 5474
0.69 5473
0.70 5472
0.70 5471
0.70 5470
0.70 5469
0.71 5468
0.71 5467
0.71 5466
0.71 5465
0.71 5464
0.72 5463
0.72 5462
0.72 5461
0.72 5460
0.73 5459
0.73 5458
0.73 5457
0.73 5456
0.74 5455
0.74 5454
0.74 5453
0.74 5452
0.74 5451
0.74 5450
0.74 5449
0.74 5448
0.74 5447
0.74 5446
0.76 5445
0.76 5444
0.76 5443
0.76 5442
0.76 5441
0.76 5440
0.76 5439
0.77 5438
0.77 5437
0.77 5436
0.77 5435
0.78 5434
0.78 5433
0.78 5432
0.79 5431
0.79 5430
0.79 5429
0.79 5428
0.79 5427
0.79 5426
0.79 5425
0.81 5424
0.81 5423
0.81 5422
0.82 5421
0.82 5420
0.82 5419
0.82 5418
0.82 5417
0.82 5416
0.82 5415
0.84 5414
0.84 5413
0.84 5412
0.84 5411
0.85 5410
0.85 5409
0.85 5408
0.86 5407
0.86 5406
0.86 5405
0.86 5404
0.87 5403
0.87 5402
0.87 5401
0.87 5400
0.87 5399
0.87 5398
0.88 5397
0.88 5396
0.88 5395
0.88 5394
0.89 5393
0.89 5392
0.89 5391
0.89 5390
0.90 5389
0.90 5388
0.90 5387
0.90 5386
0.91 5385
0.91 5384
0.91 5383
0.91 5382
0.92 5381
0.92 5380
0.92 5379
0.93 5378
0.93 5377
0.93 5376
0.93 5375
0.93 5374
0.93 5373
0.93 5372
0.93 5371
0.93 5370
0.95 5369
0.95 5368
0.95 5367
0.95 5366
0.95 5365
0.96 5364
0.97 5363
0.97 5362
0.97 5361
0.97 5360
0.97 5359
0.97 5358
0.98 5357
0.98 5356
0.98 5355
0.99 5354
0.99 5353
1.00 5352
1.00 5351
1.00 5350
1.01 5349
1.01 5348
1.01 5347
1.01 5346
1.02 5345
1.02 5344
1.02 5343
1.02 5342
1.03 5341
1.03 5340
1.03 5339
1.03 5338
1.04 5337
1.04 5336
1.04 5335
1.04 5334
1.04 5333
1.05 5332
1.05 5331
1.05 5330
1.06 5329
1.06 5328
1.06 5327
1.07 5326
1.07 5325
1.07 5324
1.07 5323
1.08 5322
1.08 5321
1.08 5320
1.08 5319
1.09 5318
1.09 5317
1.09 5316
1.09 5315
1.10 5314
1.10 5313
1.10 5312
1.10 5311
1.11 5310
1.11 5309
1.11 5308
1.11 5307
1.12 5306
1.12 5305
1.12 5304
1.12 5303
1.13 5302
1.13 5301
1.13 5300
1.13 5299
1.14 5298
1.14 5297
1.14 5296
1.14 5295
1.15 5294
1.15 5293
1.15 5292
1.15 5291
1.16 5290
1.16 5289
1.16 5288
1.16 5287
1.17 5286
1.17 5285
1.17 5284
1.18 5283
1.18 5282
1.18 5281
1.19 5280
1.19 5279
1.19 5278
1.20 5277
1.20 5276
1.20 5275
1.20 5274
1.20 5273
1.21 5272
1.21 5271
1.21 5270
1.21 5269
1.22 5268
1.22 5267
1.22 5266
1.22 5265
1.23 5264
1.23 5263
1.23 5262
1.24 5261
1.24 5260
1.24 5259
1.24 5258
1.25 5257
1.25 5256
1.25 5255
1.25 5254
1.26 5253
1.26 5252
1.27 5251
1.27 5250
1.27 5249
1.28 5248
1.28 5247
1.28 5246
1.28 5245
1.29 5244
1.29 5243
1.29 5242
1.29 5241
1.30 5240
1.30 5239
1.30 5238
1.30 5237
1.31 5236
1.31 5235
1.31 5234
1.31 5233
1.32 5232
1.32 5231
1.32 5230
1.32 5229
1.33 5228
1.33 5227
1.33 5226
1.33 5225
1.34 5224
1.34 5223
1.34 5222
1.34 5221
1.35 5220
1.35 5219
1.35 5218
1.35 5217
1.36 5216
1.36 5215
1.36 5214
1.36 5213
1.37 5212
1.37 5211
1.37 5210
1.37 5209
1.38 5208
1.38 5207
1.38 5206
1.38 5205
1.39 5204
1.39 5203
1.39 5202
1.39 5201
1.40 5200
1.40 5199
1.40 5198
1.40 5197
1.41 5196
1.41 5195
1.41 5194
1.41 5193
1.42 5192
1.42 5191
1.42 5190
1.42 5189
1.43 5188
1.43 5187
1.43 5186
1.44 5185
1.44 5184
1.44 5183
1.44 5182
1.45 5181
1.45 5180
1.45 5179
1.45 5178
1.46 5177
1.46 5176
1.46 5175
1.47 5174
1.47 5173
1.47 5172
1.48 5171
1.48 5170
1.48 5169
1.48 5168
1.48 5167
1.49 5166
1.49 5165
1.49 5164
1.50 5163
1.50 5162
1.50 5161
1.50 5160
1.51 5159
1.51 5158
1.51 5157
1.52 5156
1.52 5155
1.52 5154
1.52 5153
1.53 5152
1.53 5151
1.53 5150
1.53 5149
1.54 5148
1.54 5147
1.54 5146
1.54 5145
1.55 5144
1.55 5143
1.55 5142
1.55 5141
1.56 5140
1.56 5139
1.56 5138
1.56 5137
1.57 5136
1.57 5135
1.57 5134
1.58 5133
1.58 5132
1.58 5131
1.58 5130
1.59 5129
1.59 5128
1.59 5127
1.60 5126
1.60 5125
1.60 5124
1.61 5123
1.61 5122
1.61 5121
1.61 5120
1.61 5119
1.62 5118
1.62 5117
1.62 5116
1.62 5115
1.62 5114
1.62 5113
1.63 5112
1.63 5111
1.63 5110
1.63 5109
1.63 5108
1.63 5107
1.65 5106
1.65 5105
1.65 5104
1.65 5103
1.65 5102
1.65 5101
1.67 5100
1.67 5099
1.67 5098
1.67 5097
1.67 5096
1.67 5095
1.68 5094
1.68 5093
1.68 5092
1.68 5091
1.68 5090
1.68 5089
1.70 5088
1.70 5087
1.70 5086
1.70 5085
1.70 5084
1.70 5083
1.71 5082
1.71 5081
1.72 5080
1.72 5079
1.73 5078
1.73 5077
1.73 5076
1.73 5075
1.74 5074
1.74 5073
1.74 5072
1.74 5071
1.75 5070
1.75 5069
1.75 5068
1.76 5067
1.76 5066
1.76 5065
1.76 5064
1.77 5063
1.77 5062
1.77 5061
1.77 5060
1.78 5059
1.78 5058
1.78 5057
1.78 5056
1.79 5055
1.79 5054
1.79 5053
1.79 5052
1.79 5051
1.79 5050
1.79 5049
1.79 5048
1.81 5047
1.81 5046
1.81 5045
1.81 5044
1.81 5043
1.81 5042
1.82 5041
1.82 5040
1.82 5039
1.82 5038
1.82 5037
1.82 5036
1.84 5035
1.84 5034
1.84 5033
1.84 5032
1.84 5031
1.84 5030
1.86 5029
1.86 5028
1.86 5027
1.86 5026
1.86 5025
1.86 5024
1.87 5023
1.87 5022
1.87 5021
1.87 5020
1.87 5019
1.89 5018
1.89 5017
1.89 5016
1.90 5015
1.90 5014
1.90 5013
1.91 5012
1.91 5011
1.91 5010
1.92 5009
1.92 5008
1.92 5007
1.93 5006
1.93 5005
1.93 5004
1.94 5003
1.94 5002
1.94 5001
1.95 5000
1.95 4999
1.95 4998
1.96 4997
1.96 4996
1.96 4995
1.97 4994
1.97 4993
1.97 4992
1.97 4991
1.98 4990
1.98 4989
1.98 4988
1.98 4987
1.99 4986
1.99 4985
1.99 4984
1.99 4983
1.99 4982
2.00 4981
2.00 4980
2.00 4979
2.00 4978
2.00 4977
2.01 4976
2.01 4975
2.02 4974
2.02 4973
2.03 4972
2.03 4971
2.03 4970
2.03 4969
2.04 4968
2.04 4967
2.04 4966
2.05 4965
2.05 4964
2.05 4963
2.05 4962
2.05 4961
2.05 4960
2.05 4959
2.07 4958
2.07 4957
2.07 4956
2.08 4955
2.08 4954
2.08 4953
2.09 4952
2.09 4951
2.09 4950
2.09 4949
2.10 4948
2.10 4947
2.10 4946
2.10 4945
2.11 4944
2.11 4943
2.11 4942
2.12 4941
2.12 4940
2.12 4939
2.12 4938
2.12 4937
2.13 4936
2.13 4935
2.13 4934
2.14 4933
2.14 4932
2.14 4931
2.14 4930
2.15 4929
2.15 4928
2.15 4927
2.15 4926
2.15 4925
2.15 4924
2.15 4923
2.15 4922
2.17 4921
2.17 4920
2.17 4919
2.17 4918
2.17 4917
2.17 4916
2.18 4915
2.19 4914
2.19 4913
2.19 4912
2.19 4911
2.19 4910
2.20 4909
2.20 4908
2.20 4907
2.20 4906
2.20 4905
2.20 4904
2.20 4903
2.21 4902
2.21 4901
2.21 4900
2.21 4899
2.21 4898
2.21 4897
2.21 4896
2.23 4895
2.23 4894
2.23 4893
2.23 4892
2.23 4891
2.23 4890
2.23 4889
2.25 4888
2.25 4887
2.25 4886
2.25 4885
2.26 4884
2.26 4883
2.26 4882
2.26 4881
2.27 4880
2.27 4879
2.27 4878
2.28 4877
2.28 4876
2.28 4875
2.29 4874
2.29 4873
2.29 4872
2.29 4871
2.30 4870
2.30 4869
2.30 4868
2.30 4867
2.31 4866
2.31 4865
2.31 4864
2.31 4863
2.32 4862
2.32 4861
2.32 4860
2.33 4859
2.33 4858
2.33 4857
2.33 4856
2.33 4855
2.33 4854
2.34 4853
2.34 4852
2.34 4851
2.34 4850
2.34 4849
2.34 4848
2.34 4847
2.36 4846
2.36 4845
2.36 4844
2.36 4843
2.36 4842
2.36 4841
2.37 4840
2.37 4839
2.37 4838
2.37 4837
2.37 4836
2.37 4835
2.37 4834
2.39 4833
2.39 4832
2.39 4831
2.39 4830
2.39 4829
2.39 4828
2.39 4827
2.40 4826
2.40 4825
2.40 4824
2.40 4823
2.40 4822
2.40 4821
2.40 4820
2.42 4819
2.42 4818
2.42 4817
2.42 4816
2.42 4815
2.44 4814
2.44 4813
2.44 4812
2.44 4811
2.45 4810
2.45 4809
2.45 4808
2.46 4807
2.46 4806
2.46 4805
2.47 4804
2.47 4803
2.47 4802
2.47 4801
2.48 4800
2.48 4799
2.48 4798
2.49 4797
2.49 4796
2.49 4795
2.49 4794
2.49 4793
2.50 4792
2.50 4791
2.50 4790
2.51 4789
2.51 4788
2.51 4787
2.51 4786
2.51 4785
2.52 4784
2.52 4783
2.52 4782
2.52 4781
2.52 4780
2.53 4779
2.53 4778
2.53 4777
2.54 4776
2.54 4775
2.54 4774
2.54 4773
2.54 4772
2.55 4771
2.55 4770
2.55 4769
2.56 4768
2.56 4767
2.56 4766
2.56 4765
2.57 4764
2.57 4763
2.57 4762
2.57 4761
2.58 4760
2.58 4759
2.58 4758
2.58 4757
2.59 4756
2.59 4755
2.59 4754
2.59 4753
2.60 4752
2.60 4751
2.60 4750
2.60 4749
2.60 4748
2.61 4747
2.61 4746
2.61 4745
2.61 4744
2.61 4743
2.61 4742
2.62 4741
2.62 4740
2.62 4739
2.63 4738
2.63 4737
2.63 4736
2.63 4735
2.64 4734
2.64 4733
2.64 4732
2.64 4731
2.64 4730
2.65 4729
2.65 4728
2.65 4727
2.65 4726
2.65 4725
2.65 4724
2.65 4723
2.65 4722
2.65 4721
2.65 4720
2.67 4719
2.67 4718
2.67 4717
2.67 4716
2.67 4715
2.67 4714
2.67 4713
2.69 4712
2.69 4711
2.69 4710
2.69 4709
2.69 4708
2.70 4707
2.70 4706
2.70 4705
2.70 4704
2.70 4703
2.71 4702
2.71 4701
2.71 4700
2.71 4699
2.72 4698
2.72 4697
2.72 4696
2.72 4695
2.73 4694
2.73 4693
2.73 4692
2.73 4691
2.73 4690
2.74 4689
2.74 4688
2.74 4687
2.74 4686
2.75 4685
2.75 4684
2.75 4683
2.76 4682
2.76 4681
2.76 4680
2.76 4679
2.77 4678
2.77 4677
2.77 4676
2.77 4675
2.78 4674
2.78 4673
2.78 4672
2.78 4671
2.79 4670
2.79 4669
2.79 4668
2.79 4667
2.80 4666
2.80 4665
2.80 4664
2.80 4663
2.80 4662
2.80 4661
2.80 4660
2.80 4659
2.81 4658
2.81 4657
2.81 4656
2.81 4655
2.81 4654
2.81 4653
2.81 4652
2.83 4651
2.83 4650
10.26 3308
10.28 3307
10.28 3306
10.28 3305
