0.12 5683
0.12 5682
0.12 5681
0.12 5680
0.12 5679
0.12 5678
0.12 5677
0.12 5676
0.12 5675
0.14 5674
0.14 5673
0.15 5672
0.15 5671
0.15 5670
0.15 5669
0.16 5668
0.16 5667
0.16 5666
0.17 5665
0.17 5664
0.17 5663
0.17 5662
0.18 5661
0.18 5660
0.18 5659
0.18 5658
0.19 5657
0.19 5656
0.19 5655
0.19 5654
0.20 5653
0.20 5652
0.20 5651
0.21 5650
0.21 5649
0.21 5648
0.21 5647
0.22 5646
0.22 5645
0.22 5644
0.22 5643
0.23 5642
0.23 5641
0.23 5640
0.23 5639
0.23 5638
0.24 5637
0.24 5636
0.24 5635
0.25 5634
0.25 5633
0.25 5632
0.25 5631
0.26 5630
0.26 5629
0.26 5628
0.26 5627
0.27 5626
0.27 5625
0.27 5624
0.27 5623
0.27 5622
0.28 5621
0.28 5620
0.28 5619
0.28 5618
0.29 5617
0.29 5616
0.29 5615
0.29 5614
0.30 5613
0.30 5612
0.30 5611
0.30 5610
0.31 5609
0.31 5608
0.31 5607
0.31 5606
0.32 5605
0.32 5604
0.32 5603
0.32 5602
0.33 5601
0.33 5600
0.33 5599
0.33 5598
0.33 5597
0.33 5596
0.33 5595
0.33 5594
0.34 5593
0.34 5592
0.35 5591
0.35 5590
0.35 5589
0.36 5588
0.36 5587
0.36 5586
0.37 5585
0.37 5584
0.37 5583
0.37 5582
0.37 5581
0.38 5580
0.38 5579
0.38 5578
0.38 5577
0.38 5576
0.38 5575
0.39 5574
0.39 5573
0.40 5572
0.40 5571
0.40 5570
0.40 5569
0.41 5568
0.41 5567
0.41 5566
0.41 5565
0.42 5564
0.42 5563
0.42 5562
0.42 5561
0.43 5560
0.43 5559
0.43 5558
0.44 5557
0.44 5556
0.44 5555
0.44 5554
0.44 5553
0.44 5552
0.44 5551
0.44 5550
0.45 5549
0.45 5548
0.45 5547
0.45 5546
0.47 5545
0.47 5544
0.47 5543
0.47 5542
0.48 5541
0.48 5540
0.48 5539
0.48 5538
0.49 5537
0.49 5536
0.49 5535
0.49 5534
0.49 5533
0.49 5532
0.50 5531
0.50 5530
0.51 5529
0.51 5528
0.51 5527
0.51 5526
0.52 5525
0.52 5524
0.52 5523
0.52 5522
0.52 5521
0.53 5520
0.53 5519
0.53 5518
0.53 5517
0.54 5516
0.54 5515
0.54 5514
0.54 5513
0.55 5512
0.55 5511
0.55 5510
0.55 5509
0.56 5508
0.56 5507
0.56 5506
0.57 5505
0.57 5504
0.57 5503
0.57 5502
0.57 5501
0.58 5500
0.58 5499
0.58 5498
0.58 5497
0.59 5496
0.59 5495
0.59 5494
0.59 5493
0.60 5492
0.60 5491
0.60 5490
0.60 5489
0.61 5488
0.61 5487
0.61 5486
0.61 5485
0.62 5484
0.62 5483
0.62 5482
0.62 5481
0.63 5480
0.63 5479
0.63 5478
0.63 5477
0.64 5476
0.64 5475
0.64 5474
0.64 5473
0.65 5472
0.65 5471
0.65 5470
0.65 5469
0.66 5468
0.66 5467
0.66 5466
0.66 5465
0.67 5464
0.67 5463
0.67 5462
0.67 5461
0.68 5460
0.68 5459
0.68 5458
0.68 5457
0.69 5456
0.69 5455
0.69 5454
0.69 5453
0.70 5452
0.70 5451
0.70 5450
0.70 5449
0.71 5448
0.71 5447
0.71 5446
0.71 5445
0.72 5444
0.72 5443
0.72 5442
0.72 5441
0.72 5440
0.72 5439
0.72 5438
0.72 5437
0.72 5436
0.72 5435
0.74 5434
0.74 5433
0.74 5432
0.74 5431
0.74 5430
0.74 5429
0.76 5428
0.76 5427
0.76 5426
0.76 5425
0.76 5424
0.76 5423
0.76 5422
0.77 5421
0.77 5420
0.78 5419
0.78 5418
0.78 5417
0.78 5416
0.79 5415
0.79 5414
0.79 5413
0.79 5412
0.80 5411
0.80 5410
0.80 5409
0.80 5408
0.80 5407
0.80 5406
0.80 5405
0.80 5404
0.80 5403
0.82 5402
0.82 5401
0.82 5400
0.83 5399
0.83 5398
0.83 5397
0.83 5396
0.84 5395
0.84 5394
0.84 5393
0.84 5392
0.85 5391
0.85 5390
0.85 5389
0.85 5388
0.85 5387
0.85 5386
0.85 5385
0.85 5384
0.87 5383
0.87 5382
0.87 5381
0.88 5380
0.88 5379
0.88 5378
0.88 5377
0.89 5376
0.89 5375
0.89 5374
0.90 5373
0.90 5372
0.90 5371
0.90 5370
0.91 5369
0.91 5368
0.91 5367
0.91 5366
0.92 5365
0.92 5364
0.92 5363
0.92 5362
0.93 5361
0.93 5360
0.93 5359
0.94 5358
0.94 5357
0.94 5356
0.94 5355
0.95 5354
0.95 5353
0.95 5352
0.95 5351
0.96 5350
0.96 5349
0.96 5348
0.96 5347
0.97 5346
0.97 5345
0.97 5344
0.97 5343
0.98 5342
0.98 5341
0.98 5340
0.98 5339
0.99 5338
0.99 5337
0.99 5336
0.99 5335
0.99 5334
1.00 5333
1.00 5332
1.00 5331
1.01 5330
1.01 5329
1.01 5328
1.01 5327
1.02 5326
1.02 5325
1.02 5324
1.02 5323
1.03 5322
1.03 5321
1.03 5320
1.03 5319
1.04 5318
1.04 5317
1.04 5316
1.04 5315
1.04 5314
1.04 5313
1.04 5312
1.05 5311
1.06 5310
1.06 5309
1.06 5308
1.06 5307
1.07 5306
1.07 5305
1.07 5304
1.07 5303
1.08 5302
1.08 5301
1.08 5300
1.08 5299
1.09 5298
1.09 5297
1.09 5296
1.10 5295
1.10 5294
1.11 5293
1.11 5292
1.11 5291
1.11 5290
1.12 5289
1.12 5288
1.12 5287
1.13 5286
1.13 5285
1.13 5284
1.13 5283
1.14 5282
1.14 5281
1.14 5280
1.14 5279
1.15 5278
1.15 5277
1.15 5276
1.15 5275
1.16 5274
1.16 5273
1.16 5272
1.16 5271
1.17 5270
1.17 5269
1.17 5268
1.17 5267
1.17 5266
1.18 5265
1.18 5264
1.18 5263
1.19 5262
1.19 5261
1.19 5260
1.19 5259
1.20 5258
1.20 5257
1.20 5256
1.21 5255
1.21 5254
1.21 5253
1.21 5252
1.22 5251
1.22 5250
1.22 5249
1.22 5248
1.22 5247
1.22 5246
1.22 5245
1.22 5244
1.24 5243
1.24 5242
1.24 5241
1.24 5240
1.25 5239
1.25 5238
1.25 5237
1.25 5236
1.26 5235
1.26 5234
1.26 5233
1.26 5232
1.27 5231
1.27 5230
1.27 5229
1.27 5228
1.28 5227
1.28 5226
1.28 5225
1.29 5224
1.29 5223
1.29 5222
1.29 5221
1.30 5220
1.30 5219
1.30 5218
1.30 5217
1.30 5216
1.31 5215
1.31 5214
1.31 5213
1.32 5212
1.32 5211
1.32 5210
1.32 5209
1.33 5208
1.33 5207
1.33 5206
1.34 5205
1.34 5204
1.34 5203
1.34 5202
1.35 5201
1.35 5200
1.35 5199
1.36 5198
1.36 5197
1.36 5196
1.36 5195
1.36 5194
1.36 5193
1.36 5192
1.37 5191
1.38 5190
1.38 5189
1.38 5188
1.38 5187
1.39 5186
1.39 5185
1.39 5184
1.39 5183
1.40 5182
1.40 5181
1.40 5180
1.41 5179
1.41 5178
1.41 5177
1.41 5176
1.41 5175
1.42 5174
1.42 5173
1.42 5172
1.43 5171
1.43 5170
1.43 5169
1.43 5168
1.44 5167
1.44 5166
1.44 5165
1.44 5164
1.44 5163
1.44 5162
1.44 5161
1.45 5160
1.46 5159
1.46 5158
1.46 5157
1.46 5156
1.47 5155
1.47 5154
1.47 5153
1.47 5152
1.48 5151
1.48 5150
1.48 5149
1.48 5148
1.49 5147
1.49 5146
1.49 5145
1.49 5144
1.50 5143
1.50 5142
1.50 5141
1.51 5140
1.51 5139
1.51 5138
1.51 5137
1.51 5136
1.52 5135
1.52 5134
1.52 5133
1.53 5132
1.53 5131
1.53 5130
1.53 5129
1.54 5128
1.54 5127
1.54 5126
1.54 5125
1.55 5124
1.55 5123
1.55 5122
1.55 5121
1.55 5120
1.56 5119
1.56 5118
1.56 5117
1.56 5116
1.57 5115
1.57 5114
1.57 5113
1.57 5112
1.58 5111
1.58 5110
1.58 5109
1.58 5108
1.59 5107
1.59 5106
1.59 5105
1.59 5104
1.60 5103
1.60 5102
1.60 5101
1.60 5100
1.61 5099
1.61 5098
1.61 5097
1.62 5096
1.62 5095
1.62 5094
1.62 5093
1.63 5092
1.63 5091
1.63 5090
1.63 5089
1.63 5088
1.64 5087
1.64 5086
1.64 5085
1.64 5084
1.65 5083
1.65 5082
1.65 5081
1.65 5080
1.66 5079
1.66 5078
1.66 5077
1.66 5076
1.67 5075
1.67 5074
1.67 5073
1.67 5072
1.68 5071
1.68 5070
1.68 5069
1.68 5068
1.69 5067
1.69 5066
1.69 5065
1.69 5064
1.69 5063
1.69 5062
1.69 5061
1.69 5060
1.71 5059
1.71 5058
1.71 5057
1.71 5056
1.71 5055
1.71 5054
1.71 5053
1.72 5052
1.72 5051
1.72 5050
1.73 5049
1.73 5048
1.74 5047
1.74 5046
1.74 5045
1.74 5044
1.75 5043
1.75 5042
1.75 5041
1.75 5040
1.76 5039
1.76 5038
1.76 5037
1.76 5036
1.77 5035
1.77 5034
1.77 5033
1.77 5032
1.78 5031
1.78 5030
1.78 5029
1.79 5028
1.79 5027
1.79 5026
1.80 5025
1.80 5024
1.80 5023
1.81 5022
1.81 5021
1.81 5020
1.81 5019
1.81 5018
1.82 5017
1.82 5016
1.82 5015
1.83 5014
1.83 5013
1.83 5012
1.83 5011
1.84 5010
1.84 5009
1.84 5008
1.84 5007
1.84 5006
1.85 5005
1.85 5004
1.85 5003
1.86 5002
1.86 5001
1.86 5000
1.86 4999
1.87 4998
1.87 4997
1.87 4996
1.87 4995
1.88 4994
1.88 4993
1.88 4992
1.88 4991
1.88 4990
1.88 4989
1.88 4988
1.89 4987
1.90 4986
1.90 4985
1.90 4984
1.90 4983
1.91 4982
1.91 4981
1.91 4980
1.91 4979
1.92 4978
1.92 4977
1.92 4976
1.92 4975
1.93 4974
1.93 4973
1.93 4972
1.93 4971
1.94 4970
1.94 4969
1.94 4968
1.94 4967
1.95 4966
1.95 4965
1.95 4964
1.95 4963
1.96 4962
1.96 4961
1.96 4960
1.96 4959
1.96 4958
1.97 4957
1.97 4956
1.97 4955
1.97 4954
1.97 4953
1.97 4952
1.97 4951
1.97 4950
1.97 4949
1.97 4948
1.99 4947
1.99 4946
2.00 4945
2.00 4944
2.00 4943
2.00 4942
2.00 4941
2.01 4940
2.01 4939
2.01 4938
2.01 4937
2.02 4936
2.02 4935
2.02 4934
2.02 4933
2.02 4932
2.02 4931
2.02 4930
2.02 4929
2.02 4928
2.04 4927
2.04 4926
2.04 4925
2.05 4924
2.05 4923
2.05 4922
2.05 4921
2.05 4920
2.05 4919
2.06 4918
2.06 4917
2.06 4916
2.07 4915
2.07 4914
2.07 4913
2.07 4912
2.08 4911
2.08 4910
2.08 4909
2.08 4908
2.08 4907
2.09 4906
2.09 4905
2.09 4904
2.09 4903
2.09 4902
2.10 4901
2.10 4900
2.10 4899
2.11 4898
2.11 4897
2.11 4896
2.12 4895
2.12 4894
2.12 4893
2.13 4892
2.13 4891
2.13 4890
2.13 4889
2.13 4888
2.14 4887
2.14 4886
2.14 4885
2.14 4884
2.15 4883
2.15 4882
2.15 4881
2.15 4880
2.16 4879
2.16 4878
2.16 4877
2.16 4876
2.16 4875
2.17 4874
2.17 4873
2.17 4872
2.17 4871
2.17 4870
2.17 4869
2.17 4868
2.17 4867
2.17 4866
2.19 4865
2.19 4864
2.19 4863
2.19 4862
2.19 4861
2.19 4860
2.19 4859
2.19 4858
2.20 4857
2.21 4856
2.21 4855
2.21 4854
2.21 4853
2.22 4852
2.22 4851
2.22 4850
2.22 4849
2.22 4848
2.23 4847
2.23 4846
2.23 4845
2.23 4844
2.23 4843
2.24 4842
2.24 4841
2.24 4840
2.24 4839
2.25 4838
2.25 4837
2.25 4836
2.26 4835
2.26 4834
2.26 4833
2.26 4832
2.26 4831
2.27 4830
2.27 4829
2.27 4828
2.27 4827
2.28 4826
2.28 4825
2.28 4824
2.28 4823
2.29 4822
2.29 4821
2.29 4820
2.29 4819
2.29 4818
2.30 4817
2.30 4816
2.30 4815
2.30 4814
2.31 4813
2.31 4812
2.31 4811
2.31 4810
2.31 4809
2.32 4808
2.32 4807
2.32 4806
2.32 4805
2.33 4804
2.33 4803
2.33 4802
2.33 4801
2.34 4800
2.34 4799
2.34 4798
2.34 4797
2.35 4796
2.35 4795
2.35 4794
2.35 4793
2.35 4792
2.35 4791
2.36 4790
2.36 4789
2.36 4788
2.36 4787
2.37 4786
2.37 4785
2.37 4784
2.37 4783
2.38 4782
2.38 4781
2.38 4780
2.38 4779
2.38 4778
2.39 4777
2.39 4776
2.39 4775
2.39 4774
2.40 4773
2.40 4772
2.40 4771
2.40 4770
2.40 4769
2.41 4768
2.41 4767
2.41 4766
2.42 4765
2.42 4764
2.42 4763
2.42 4762
2.42 4761
2.43 4760
2.43 4759
2.43 4758
2.44 4757
2.44 4756
2.44 4755
2.44 4754
2.45 4753
2.45 4752
2.45 4751
2.45 4750
2.46 4749
2.46 4748
2.46 4747
2.46 4746
2.47 4745
2.47 4744
2.47 4743
2.47 4742
2.47 4741
2.48 4740
2.48 4739
2.48 4738
2.48 4737
2.48 4736
2.49 4735
2.49 4734
2.49 4733
2.49 4732
2.50 4731
2.50 4730
2.50 4729
2.50 4728
2.50 4727
2.51 4726
2.51 4725
2.51 4724
2.51 4723
2.52 4722
2.52 4721
2.52 4720
2.52 4719
2.53 4718
2.53 4717
2.53 4716
2.53 4715
2.53 4714
2.54 4713
2.54 4712
2.54 4711
2.54 4710
2.55 4709
2.55 4708
2.55 4707
2.55 4706
2.55 4705
2.56 4704
2.56 4703
2.56 4702
2.56 4701
2.57 4700
2.57 4699
2.57 4698
2.57 4697
2.58 4696
2.58 4695
2.58 4694
2.58 4693
2.58 4692
2.59 4691
2.59 4690
2.59 4689
2.59 4688
2.60 4687
2.60 4686
2.60 4685
2.60 4684
2.61 4683
2.61 4682
2.61 4681
2.61 4680
2.61 4679
2.62 4678
2.62 4677
2.62 4676
2.62 4675
2.63 4674
2.63 4673
2.63 4672
2.63 4671
2.63 4670
2.64 4669
2.64 4668
2.64 4667
2.64 4666
2.65 4665
2.65 4664
2.65 4663
2.65 4662
2.66 4661
2.66 4660
2.66 4659
2.66 4658
2.66 4657
2.67 4656
2.67 4655
2.67 4654
2.67 4653
2.68 4652
2.68 4651
2.68 4650
9.73 3308
25.72 3307
