0.42 999
0.42 998
0.42 997
0.42 996
0.42 995
0.42 994
0.42 993
0.42 992
0.42 991
0.42 990
0.42 989
0.42 988
0.42 987
0.42 986
0.43 985
0.43 984
0.43 983
0.43 982
0.43 981
0.43 980
0.43 979
0.43 978
0.43 977
0.43 976
0.43 975
0.43 974
0.43 973
0.43 972
0.43 971
0.43 970
0.44 969
0.44 968
0.44 967
0.44 966
0.44 965
0.44 964
0.44 963
0.44 962
0.44 961
0.44 960
0.44 959
0.44 958
0.44 957
0.44 956
0.44 955
0.44 954
0.44 953
0.44 952
0.45 951
0.45 950
0.45 949
0.45 948
0.45 947
0.45 946
0.45 945
0.45 944
0.45 943
0.45 942
0.45 941
0.45 940
0.45 939
0.45 938
0.46 937
0.46 936
0.46 935
0.46 934
2.48 933
