0.03 5677
0.03 5676
0.03 5675
0.03 5674
0.03 5673
0.05 5672
0.05 5671
0.05 5670
0.05 5669
0.05 5668
0.05 5667
0.05 5666
0.05 5665
0.05 5664
0.05 5663
0.05 5662
0.06 5661
0.06 5660
0.06 5659
0.06 5658
0.06 5657
0.06 5656
0.06 5655
0.06 5654
0.06 5653
0.06 5652
0.06 5651
0.08 5650
0.08 5649
0.08 5648
0.08 5647
0.08 5646
0.08 5645
0.08 5644
0.08 5643
0.09 5642
0.10 5641
0.10 5640
0.10 5639
0.10 5638
0.10 5637
0.10 5636
0.11 5635
0.11 5634
0.11 5633
0.11 5632
0.11 5631
0.11 5630
0.12 5629
0.12 5628
0.12 5627
0.12 5626
0.12 5625
0.12 5624
0.12 5623
0.13 5622
0.13 5621
0.13 5620
0.13 5619
0.13 5618
0.13 5617
0.13 5616
0.13 5615
0.13 5614
0.13 5613
0.13 5612
0.14 5611
0.14 5610
0.14 5609
0.14 5608
0.14 5607
0.14 5606
0.14 5605
0.14 5604
0.14 5603
0.14 5602
0.16 5601
0.16 5600
0.16 5599
0.16 5598
0.16 5597
0.16 5596
0.16 5595
0.16 5594
0.16 5593
0.16 5592
0.17 5591
0.17 5590
0.17 5589
0.17 5588
0.17 5587
0.17 5586
0.17 5585
0.17 5584
0.17 5583
0.17 5582
0.17 5581
0.19 5580
0.19 5579
0.19 5578
0.19 5577
0.19 5576
0.19 5575
0.19 5574
0.19 5573
0.19 5572
0.19 5571
0.19 5570
0.20 5569
0.20 5568
0.20 5567
0.20 5566
0.20 5565
0.20 5564
0.20 5563
0.20 5562
0.20 5561
0.20 5560
0.22 5559
0.22 5558
0.22 5557
0.22 5556
0.22 5555
0.22 5554
0.22 5553
0.22 5552
0.23 5551
0.23 5550
0.24 5549
0.24 5548
0.24 5547
0.24 5546
0.24 5545
0.24 5544
0.24 5543
0.24 5542
0.24 5541
0.24 5540
0.24 5539
0.25 5538
0.25 5537
0.25 5536
0.25 5535
0.25 5534
0.25 5533
0.25 5532
0.25 5531
0.25 5530
0.25 5529
0.25 5528
0.27 5527
0.27 5526
0.27 5525
0.27 5524
0.27 5523
0.27 5522
0.27 5521
0.27 5520
0.27 5519
0.27 5518
0.27 5517
0.28 5516
0.28 5515
0.28 5514
0.28 5513
0.28 5512
0.28 5511
0.28 5510
0.28 5509
0.28 5508
0.28 5507
0.28 5506
0.30 5505
0.30 5504
0.30 5503
0.30 5502
0.30 5501
0.30 5500
0.30 5499
0.30 5498
0.30 5497
0.30 5496
0.30 5495
0.31 5494
0.31 5493
0.31 5492
0.31 5491
0.31 5490
0.31 5489
0.31 5488
0.31 5487
0.31 5486
0.31 5485
0.31 5484
0.31 5483
0.33 5482
0.33 5481
0.33 5480
0.33 5479
0.33 5478
0.33 5477
0.33 5476
0.33 5475
0.33 5474
0.33 5473
0.33 5472
0.35 5471
0.35 5470
0.35 5469
0.35 5468
0.35 5467
0.35 5466
0.35 5465
0.35 5464
0.35 5463
0.35 5462
0.35 5461
0.36 5460
0.36 5459
0.36 5458
0.36 5457
0.36 5456
0.36 5455
0.36 5454
0.36 5453
0.36 5452
0.36 5451
0.36 5450
0.38 5449
0.38 5448
0.38 5447
0.38 5446
0.38 5445
0.38 5444
0.38 5443
0.38 5442
0.38 5441
0.38 5440
0.38 5439
0.39 5438
0.39 5437
0.39 5436
0.39 5435
0.39 5434
0.39 5433
0.39 5432
0.39 5431
0.39 5430
0.39 5429
0.39 5428
0.41 5427
0.41 5426
0.41 5425
0.41 5424
0.41 5423
0.41 5422
0.41 5421
0.41 5420
0.41 5419
0.41 5418
0.41 5417
0.42 5416
0.42 5415
0.42 5414
0.42 5413
0.42 5412
0.43 5411
0.43 5410
0.43 5409
0.43 5408
0.43 5407
0.44 5406
0.44 5405
0.44 5404
0.44 5403
0.44 5402
0.44 5401
0.44 5400
0.44 5399
0.44 5398
0.44 5397
0.44 5396
0.44 5395
0.46 5394
0.46 5393
0.46 5392
0.46 5391
0.46 5390
0.46 5389
0.46 5388
0.46 5387
0.46 5386
0.46 5385
0.46 5384
0.47 5383
0.47 5382
0.47 5381
0.47 5380
0.47 5379
0.47 5378
0.47 5377
0.47 5376
0.47 5375
0.47 5374
0.47 5373
0.49 5372
0.49 5371
0.49 5370
0.49 5369
0.49 5368
0.49 5367
0.49 5366
0.49 5365
0.49 5364
0.49 5363
0.49 5362
0.50 5361
0.50 5360
0.50 5359
0.50 5358
0.50 5357
0.50 5356
0.50 5355
0.50 5354
0.50 5353
0.50 5352
0.50 5351
0.52 5350
0.52 5349
0.52 5348
0.52 5347
0.52 5346
0.52 5345
0.52 5344
0.52 5343
0.52 5342
0.53 5341
0.54 5340
0.54 5339
0.54 5338
0.54 5337
0.54 5336
0.54 5335
0.54 5334
0.54 5333
0.54 5332
0.54 5331
0.54 5330
0.55 5329
0.55 5328
0.55 5327
0.55 5326
0.55 5325
0.55 5324
0.55 5323
0.55 5322
0.55 5321
0.55 5320
0.55 5319
0.57 5318
0.57 5317
0.57 5316
0.57 5315
0.57 5314
0.57 5313
0.57 5312
0.57 5311
0.57 5310
0.57 5309
0.58 5308
0.58 5307
0.58 5306
0.58 5305
0.58 5304
0.58 5303
0.58 5302
0.58 5301
0.58 5300
0.58 5299
0.58 5298
0.58 5297
0.60 5296
0.60 5295
0.60 5294
0.60 5293
0.60 5292
0.60 5291
0.60 5290
0.60 5289
0.60 5288
0.60 5287
0.61 5286
0.61 5285
0.61 5284
0.61 5283
0.61 5282
0.61 5281
0.61 5280
0.61 5279
0.61 5278
0.61 5277
0.61 5276
0.61 5275
0.63 5274
0.63 5273
0.63 5272
0.63 5271
0.63 5270
0.63 5269
0.63 5268
0.63 5267
0.63 5266
0.63 5265
0.63 5264
0.65 5263
0.65 5262
0.65 5261
0.65 5260
0.65 5259
0.65 5258
0.65 5257
0.65 5256
0.65 5255
0.65 5254
0.65 5253
0.65 5252
0.66 5251
0.66 5250
0.66 5249
0.66 5248
0.66 5247
0.66 5246
0.66 5245
0.66 5244
0.66 5243
0.66 5242
0.68 5241
0.68 5240
0.68 5239
0.68 5238
0.68 5237
0.68 5236
0.68 5235
0.68 5234
0.68 5233
0.68 5232
0.68 5231
0.69 5230
0.69 5229
0.69 5228
0.69 5227
0.69 5226
0.69 5225
0.69 5224
0.69 5223
0.69 5222
0.69 5221
0.69 5220
0.71 5219
0.71 5218
0.71 5217
0.71 5216
0.71 5215
0.71 5214
0.71 5213
0.71 5212
0.71 5211
0.71 5210
0.71 5209
0.72 5208
0.72 5207
0.72 5206
0.72 5205
0.72 5204
0.72 5203
0.73 5202
0.73 5201
0.73 5200
0.74 5199
0.74 5198
0.74 5197
0.74 5196
0.74 5195
0.74 5194
0.74 5193
0.74 5192
0.74 5191
0.74 5190
0.74 5189
0.74 5188
0.76 5187
0.76 5186
0.76 5185
0.76 5184
0.76 5183
0.76 5182
0.76 5181
0.76 5180
0.76 5179
0.76 5178
0.76 5177
0.76 5176
0.77 5175
0.77 5174
0.77 5173
0.77 5172
0.77 5171
0.77 5170
0.77 5169
0.77 5168
0.77 5167
0.77 5166
0.77 5165
0.79 5164
0.79 5163
0.79 5162
0.79 5161
0.79 5160
0.79 5159
0.79 5158
0.79 5157
0.79 5156
0.80 5155
0.80 5154
0.80 5153
0.82 5152
0.82 5151
0.82 5150
0.83 5149
0.83 5148
0.83 5147
0.83 5146
0.83 5145
0.83 5144
0.83 5143
0.84 5142
0.84 5141
0.84 5140
0.84 5139
0.84 5138
0.84 5137
0.84 5136
0.85 5135
0.85 5134
0.85 5133
0.85 5132
0.85 5131
0.85 5130
0.85 5129
0.85 5128
0.86 5127
0.86 5126
0.86 5125
0.86 5124
0.86 5123
0.86 5122
0.86 5121
0.86 5120
0.86 5119
0.86 5118
0.86 5117
0.86 5116
0.86 5115
0.86 5114
0.88 5113
0.88 5112
0.88 5111
0.88 5110
0.88 5109
0.88 5108
0.88 5107
0.88 5106
0.88 5105
0.88 5104
0.88 5103
0.88 5102
0.88 5101
0.89 5100
0.89 5099
0.89 5098
0.89 5097
0.89 5096
0.89 5095
0.89 5094
0.89 5093
0.89 5092
0.89 5091
0.89 5090
0.89 5089
0.89 5088
0.89 5087
0.91 5086
0.91 5085
0.91 5084
0.91 5083
0.91 5082
0.91 5081
0.91 5080
0.91 5079
0.91 5078
0.91 5077
0.91 5076
0.91 5075
0.91 5074
0.91 5073
0.92 5072
0.92 5071
0.92 5070
0.92 5069
0.92 5068
0.92 5067
0.92 5066
0.92 5065
0.92 5064
0.93 5063
0.93 5062
0.93 5061
0.93 5060
0.94 5059
0.94 5058
0.94 5057
0.94 5056
0.94 5055
0.94 5054
0.94 5053
0.94 5052
0.94 5051
0.94 5050
0.94 5049
0.94 5048
0.94 5047
0.95 5046
0.95 5045
0.95 5044
0.95 5043
0.95 5042
0.95 5041
0.95 5040
0.95 5039
0.95 5038
0.95 5037
0.95 5036
0.95 5035
0.97 5034
0.97 5033
0.97 5032
0.97 5031
0.97 5030
0.97 5029
0.97 5028
0.97 5027
0.97 5026
0.97 5025
0.97 5024
0.97 5023
0.97 5022
0.99 5021
0.99 5020
0.99 5019
0.99 5018
0.99 5017
0.99 5016
0.99 5015
0.99 5014
0.99 5013
0.99 5012
0.99 5011
0.99 5010
0.99 5009
1.00 5008
1.00 5007
1.00 5006
1.00 5005
1.00 5004
1.00 5003
1.00 5002
1.00 5001
1.00 5000
1.02 4999
1.02 4998
1.02 4997
1.02 4996
1.02 4995
1.02 4994
1.02 4993
1.02 4992
1.02 4991
1.02 4990
1.02 4989
1.03 4988
1.03 4987
1.03 4986
1.03 4985
1.03 4984
1.03 4983
1.03 4982
1.03 4981
1.03 4980
1.03 4979
1.03 4978
1.03 4977
1.03 4976
1.05 4975
1.05 4974
1.05 4973
1.05 4972
1.05 4971
1.05 4970
1.05 4969
1.05 4968
1.05 4967
1.05 4966
1.05 4965
1.05 4964
1.05 4963
1.05 4962
1.07 4961
1.07 4960
1.07 4959
1.07 4958
1.07 4957
1.07 4956
1.07 4955
1.07 4954
1.07 4953
1.07 4952
1.07 4951
1.07 4950
1.07 4949
1.07 4948
1.08 4947
1.08 4946
1.08 4945
1.08 4944
1.08 4943
1.08 4942
1.08 4941
1.08 4940
1.08 4939
1.08 4938
1.08 4937
1.08 4936
1.08 4935
1.08 4934
1.08 4933
1.10 4932
1.10 4931
1.10 4930
1.10 4929
1.10 4928
1.10 4927
1.10 4926
1.10 4925
1.10 4924
1.10 4923
1.10 4922
1.10 4921
1.10 4920
1.10 4919
1.11 4918
1.11 4917
1.11 4916
1.11 4915
1.11 4914
1.11 4913
1.11 4912
1.11 4911
1.11 4910
1.11 4909
1.11 4908
1.11 4907
1.11 4906
1.11 4905
1.13 4904
1.13 4903
1.13 4902
1.13 4901
1.13 4900
1.13 4899
1.13 4898
1.13 4897
1.13 4896
1.13 4895
1.13 4894
1.13 4893
1.13 4892
1.13 4891
1.13 4890
1.13 4889
1.14 4888
1.14 4887
1.14 4886
1.14 4885
1.14 4884
1.14 4883
1.14 4882
1.14 4881
1.14 4880
1.14 4879
1.14 4878
1.14 4877
1.14 4876
1.14 4875
1.14 4874
1.16 4873
1.16 4872
1.16 4871
1.16 4870
1.16 4869
1.16 4868
1.16 4867
1.16 4866
1.16 4865
1.16 4864
1.16 4863
1.16 4862
1.16 4861
1.16 4860
1.16 4859
1.18 4858
1.18 4857
1.18 4856
1.18 4855
1.18 4854
1.18 4853
1.18 4852
1.18 4851
1.18 4850
1.18 4849
1.18 4848
1.18 4847
1.18 4846
1.18 4845
1.18 4844
1.19 4843
1.19 4842
1.19 4841
1.19 4840
1.19 4839
1.19 4838
1.19 4837
1.19 4836
1.19 4835
1.19 4834
1.19 4833
1.19 4832
1.19 4831
1.19 4830
1.19 4829
1.21 4828
1.21 4827
1.21 4826
1.21 4825
1.21 4824
1.21 4823
1.21 4822
1.21 4821
1.21 4820
1.21 4819
1.21 4818
1.21 4817
1.21 4816
1.21 4815
1.22 4814
1.22 4813
1.22 4812
1.22 4811
1.22 4810
1.22 4809
1.22 4808
1.22 4807
1.22 4806
1.22 4805
1.23 4804
1.23 4803
1.23 4802
1.24 4801
1.24 4800
1.24 4799
1.24 4798
1.24 4797
1.24 4796
1.24 4795
1.24 4794
1.24 4793
1.24 4792
1.24 4791
1.24 4790
1.24 4789
1.24 4788
1.24 4787
1.25 4786
1.25 4785
1.25 4784
1.25 4783
1.25 4782
1.25 4781
1.25 4780
1.25 4779
1.27 4778
1.27 4777
1.27 4776
1.27 4775
1.27 4774
1.27 4773
1.27 4772
1.27 4771
1.27 4770
1.27 4769
1.27 4768
1.27 4767
1.27 4766
1.29 4765
1.29 4764
1.29 4763
1.29 4762
1.29 4761
1.29 4760
1.29 4759
1.29 4758
1.29 4757
1.29 4756
1.29 4755
1.29 4754
1.29 4753
1.29 4752
1.30 4751
1.30 4750
1.30 4749
1.30 4748
1.30 4747
1.30 4746
1.30 4745
1.30 4744
1.30 4743
1.30 4742
1.30 4741
1.30 4740
1.30 4739
1.30 4738
1.30 4737
1.30 4736
1.32 4735
1.32 4734
1.32 4733
1.32 4732
1.32 4731
1.32 4730
1.32 4729
1.32 4728
1.32 4727
1.32 4726
1.32 4725
1.32 4724
1.32 4723
1.32 4722
1.33 4721
1.33 4720
1.33 4719
1.33 4718
1.33 4717
1.33 4716
1.33 4715
1.33 4714
1.33 4713
1.33 4712
1.33 4711
1.33 4710
1.33 4709
1.33 4708
1.33 4707
1.35 4706
1.35 4705
1.35 4704
1.35 4703
1.35 4702
1.35 4701
1.35 4700
1.35 4699
1.35 4698
1.35 4697
1.35 4696
1.35 4695
1.35 4694
1.35 4693
1.36 4692
1.36 4691
1.36 4690
1.36 4689
1.36 4688
1.36 4687
1.36 4686
1.36 4685
1.36 4684
1.36 4683
1.36 4682
1.36 4681
1.36 4680
1.36 4679
1.38 4678
1.38 4677
1.38 4676
1.38 4675
1.38 4674
1.38 4673
1.38 4672
1.38 4671
1.38 4670
1.38 4669
1.38 4668
1.38 4667
1.38 4666
1.38 4665
1.38 4664
1.40 4663
1.40 4662
1.40 4661
1.40 4660
1.40 4659
1.40 4658
1.40 4657
1.40 4656
1.40 4655
1.40 4654
1.40 4653
1.40 4652
1.40 4651
1.40 4650
1.41 4649
1.41 4648
1.41 4647
1.41 4646
1.41 4645
1.41 4644
1.41 4643
1.41 4642
1.41 4641
1.41 4640
1.41 4639
1.41 4638
1.41 4637
1.41 4636
1.41 4635
1.43 4634
1.43 4633
1.43 4632
1.43 4631
1.43 4630
1.43 4629
1.44 4628
1.44 4627
1.44 4626
1.44 4625
1.44 4624
1.44 4623
1.44 4622
1.44 4621
1.44 4620
1.44 4619
1.44 4618
1.44 4617
1.44 4616
1.44 4615
1.44 4614
1.44 4613
1.44 4612
1.44 4611
1.44 4610
1.44 4609
1.44 4608
1.44 4607
1.44 4606
1.46 4605
1.46 4604
1.46 4603
1.46 4602
1.46 4601
1.46 4600
1.46 4599
1.46 4598
1.46 4597
1.48 4596
1.48 4595
1.48 4594
1.48 4593
1.48 4592
1.48 4591
1.48 4590
1.48 4589
1.48 4588
1.48 4587
1.48 4586
1.48 4585
1.48 4584
1.48 4583
1.49 4582
1.49 4581
1.49 4580
1.49 4579
1.49 4578
1.49 4577
1.49 4576
1.49 4575
1.49 4574
1.49 4573
1.49 4572
1.49 4571
1.49 4570
1.49 4569
1.49 4568
1.51 4567
1.51 4566
1.51 4565
1.51 4564
1.51 4563
1.51 4562
1.51 4561
1.51 4560
1.51 4559
1.51 4558
1.51 4557
1.51 4556
1.51 4555
1.51 4554
1.51 4553
1.51 4552
1.52 4551
1.52 4550
1.52 4549
1.52 4548
1.52 4547
1.52 4546
1.52 4545
1.52 4544
1.52 4543
1.52 4542
1.52 4541
1.52 4540
1.52 4539
1.54 4538
1.54 4537
1.54 4536
1.54 4535
1.54 4534
1.54 4533
1.54 4532
1.54 4531
1.54 4530
1.54 4529
1.54 4528
1.54 4527
1.54 4526
1.54 4525
1.54 4524
1.54 4523
1.54 4522
1.55 4521
1.55 4520
1.55 4519
1.55 4518
1.55 4517
1.55 4516
1.55 4515
1.55 4514
1.55 4513
1.55 4512
1.55 4511
1.55 4510
1.55 4509
1.55 4508
1.55 4507
1.57 4506
1.57 4505
1.57 4504
1.57 4503
1.57 4502
1.57 4501
1.57 4500
1.57 4499
1.57 4498
1.57 4497
1.57 4496
1.57 4495
1.57 4494
1.57 4493
1.59 4492
1.59 4491
1.59 4490
1.59 4489
1.59 4488
1.59 4487
1.59 4486
1.59 4485
1.59 4484
1.59 4483
1.59 4482
1.59 4481
1.59 4480
1.59 4479
1.59 4478
1.60 4477
1.60 4476
1.60 4475
1.60 4474
1.60 4473
1.60 4472
1.60 4471
1.60 4470
1.60 4469
1.60 4468
1.60 4467
1.60 4466
1.60 4465
1.60 4464
1.60 4463
1.62 4462
1.62 4461
1.62 4460
1.62 4459
1.62 4458
1.62 4457
1.62 4456
1.62 4455
1.62 4454
1.62 4453
1.62 4452
1.62 4451
1.62 4450
1.62 4449
1.63 4448
1.63 4447
1.63 4446
1.64 4445
1.64 4444
1.64 4443
1.64 4442
1.64 4441
1.64 4440
1.64 4439
1.64 4438
1.64 4437
1.64 4436
1.64 4435
1.64 4434
1.64 4433
1.65 4432
1.65 4431
1.65 4430
1.65 4429
1.65 4428
1.65 4427
1.65 4426
1.65 4425
1.65 4424
1.65 4423
1.65 4422
1.65 4421
1.65 4420
1.65 4419
1.65 4418
1.66 4417
1.66 4416
1.66 4415
1.66 4414
1.66 4413
1.66 4412
1.66 4411
1.66 4410
1.66 4409
1.66 4408
1.66 4407
1.66 4406
1.66 4405
1.66 4404
1.66 4403
1.68 4402
1.68 4401
1.68 4400
1.68 4399
1.68 4398
1.68 4397
1.68 4396
1.68 4395
1.68 4394
1.68 4393
1.68 4392
1.68 4391
1.68 4390
1.68 4389
1.68 4388
1.70 4387
1.70 4386
1.70 4385
1.70 4384
1.70 4383
1.70 4382
1.70 4381
1.70 4380
1.70 4379
1.70 4378
1.70 4377
1.70 4376
1.70 4375
1.70 4374
1.70 4373
1.71 4372
1.71 4371
1.71 4370
1.71 4369
1.71 4368
1.71 4367
1.71 4366
1.71 4365
1.71 4364
1.71 4363
1.71 4362
1.71 4361
1.71 4360
1.71 4359
1.71 4358
1.73 4357
1.73 4356
1.73 4355
1.73 4354
1.73 4353
1.73 4352
1.73 4351
1.73 4350
1.74 4349
1.74 4348
1.74 4347
1.74 4346
1.74 4345
1.74 4344
1.74 4343
1.74 4342
1.74 4341
1.74 4340
1.74 4339
1.74 4338
1.74 4337
1.74 4336
1.74 4335
1.74 4334
1.74 4333
1.74 4332
1.74 4331
1.74 4330
1.74 4329
1.74 4328
1.76 4327
1.76 4326
1.76 4325
1.76 4324
1.76 4323
1.76 4322
1.76 4321
1.76 4320
1.76 4319
1.76 4318
1.76 4317
1.76 4316
1.76 4315
1.76 4314
1.76 4313
1.77 4312
1.77 4311
1.77 4310
1.77 4309
1.77 4308
1.77 4307
1.77 4306
1.77 4305
1.77 4304
1.77 4303
1.77 4302
1.77 4301
1.77 4300
1.77 4299
1.77 4298
1.79 4297
1.79 4296
1.79 4295
1.79 4294
1.79 4293
1.79 4292
1.79 4291
1.79 4290
1.79 4289
1.79 4288
1.79 4287
1.79 4286
1.79 4285
1.79 4284
1.79 4283
1.79 4282
1.81 4281
1.81 4280
1.81 4279
1.81 4278
1.81 4277
1.81 4276
1.81 4275
1.81 4274
1.81 4273
1.81 4272
1.81 4271
1.81 4270
1.81 4269
1.81 4268
1.81 4267
1.82 4266
1.82 4265
1.82 4264
1.82 4263
1.82 4262
1.82 4261
1.82 4260
1.82 4259
1.82 4258
1.82 4257
1.82 4256
1.82 4255
1.84 4254
1.84 4253
1.84 4252
1.84 4251
1.84 4250
1.84 4249
1.84 4248
1.84 4247
1.84 4246
1.84 4245
1.85 4244
1.85 4243
1.85 4242
1.85 4241
1.85 4240
1.85 4239
1.85 4238
1.85 4237
1.85 4236
1.85 4235
1.86 4234
1.86 4233
1.86 4232
1.86 4231
1.86 4230
1.86 4229
1.86 4228
1.86 4227
1.86 4226
1.86 4225
1.87 4224
1.87 4223
1.87 4222
1.87 4221
1.87 4220
1.87 4219
1.87 4218
1.87 4217
1.87 4216
1.87 4215
1.88 4214
1.88 4213
1.88 4212
1.88 4211
1.88 4210
1.88 4209
1.88 4208
1.88 4207
1.88 4206
1.88 4205
1.88 4204
1.88 4203
1.88 4202
1.88 4201
1.88 4200
1.88 4199
1.89 4198
1.89 4197
1.89 4196
1.89 4195
1.89 4194
1.89 4193
1.89 4192
1.89 4191
1.89 4190
1.89 4189
1.89 4188
1.89 4187
1.89 4186
1.89 4185
1.89 4184
1.91 4183
1.91 4182
1.91 4181
1.91 4180
1.91 4179
1.91 4178
1.91 4177
1.91 4176
1.91 4175
1.91 4174
1.91 4173
1.91 4172
1.91 4171
1.91 4170
1.91 4169
1.91 4168
1.92 4167
1.92 4166
1.92 4165
1.92 4164
1.92 4163
1.92 4162
1.92 4161
1.92 4160
1.92 4159
1.92 4158
1.92 4157
1.92 4156
1.94 4155
1.94 4154
1.94 4153
1.94 4152
1.94 4151
1.94 4150
1.94 4149
1.94 4148
1.94 4147
1.94 4146
1.94 4145
1.94 4144
1.94 4143
1.94 4142
1.94 4141
1.94 4140
1.94 4139
1.94 4138
1.96 4137
1.96 4136
1.96 4135
1.96 4134
1.96 4133
1.96 4132
1.96 4131
1.96 4130
1.96 4129
1.96 4128
1.96 4127
1.96 4126
1.96 4125
1.96 4124
1.96 4123
1.96 4122
1.96 4121
1.97 4120
1.97 4119
1.97 4118
1.97 4117
1.97 4116
1.97 4115
1.97 4114
1.97 4113
1.97 4112
1.97 4111
1.97 4110
1.97 4109
1.97 4108
1.97 4107
1.97 4106
1.97 4105
1.99 4104
1.99 4103
1.99 4102
1.99 4101
1.99 4100
1.99 4099
1.99 4098
1.99 4097
1.99 4096
1.99 4095
1.99 4094
1.99 4093
1.99 4092
1.99 4091
1.99 4090
2.00 4089
2.00 4088
2.00 4087
2.00 4086
2.00 4085
2.00 4084
2.00 4083
2.00 4082
2.00 4081
2.00 4080
2.00 4079
2.00 4078
2.00 4077
2.00 4076
2.00 4075
2.00 4074
2.02 4073
2.02 4072
2.02 4071
2.02 4070
2.02 4069
2.02 4068
2.02 4067
2.02 4066
2.02 4065
2.02 4064
2.02 4063
2.02 4062
2.02 4061
2.02 4060
2.02 4059
2.03 4058
2.03 4057
2.03 4056
2.04 4055
2.04 4054
2.04 4053
2.04 4052
2.04 4051
2.04 4050
2.04 4049
2.04 4048
2.04 4047
2.04 4046
2.04 4045
2.04 4044
2.04 4043
2.05 4042
5.15 3943
5.15 3942
5.15 3941
5.15 3940
5.15 3939
5.16 3938
9.50 3937
22.61 3936
