0.05 5677
0.05 5676
0.05 5675
0.05 5674
0.05 5673
0.05 5672
0.05 5671
0.05 5670
0.05 5669
0.06 5668
0.06 5667
0.06 5666
0.06 5665
0.06 5664
0.06 5663
0.06 5662
0.06 5661
0.06 5660
0.06 5659
0.08 5658
0.08 5657
0.08 5656
0.08 5655
0.08 5654
0.08 5653
0.08 5652
0.08 5651
0.08 5650
0.08 5649
0.09 5648
0.09 5647
0.09 5646
0.09 5645
0.09 5644
0.09 5643
0.09 5642
0.11 5641
0.11 5640
0.11 5639
0.11 5638
0.11 5637
0.11 5636
0.11 5635
0.11 5634
0.11 5633
0.13 5632
0.13 5631
0.13 5630
0.13 5629
0.13 5628
0.13 5627
0.13 5626
0.14 5625
0.14 5624
0.14 5623
0.14 5622
0.14 5621
0.14 5620
0.14 5619
0.14 5618
0.14 5617
0.14 5616
0.14 5615
0.14 5614
0.14 5613
0.14 5612
0.16 5611
0.16 5610
0.16 5609
0.16 5608
0.16 5607
0.16 5606
0.16 5605
0.16 5604
0.16 5603
0.16 5602
0.17 5601
0.17 5600
0.17 5599
0.17 5598
0.17 5597
0.17 5596
0.17 5595
0.17 5594
0.17 5593
0.17 5592
0.17 5591
0.19 5590
0.19 5589
0.19 5588
0.19 5587
0.19 5586
0.19 5585
0.19 5584
0.19 5583
0.19 5582
0.19 5581
0.20 5580
0.20 5579
0.20 5578
0.20 5577
0.20 5576
0.20 5575
0.20 5574
0.22 5573
0.22 5572
0.22 5571
0.22 5570
0.22 5569
0.22 5568
0.22 5567
0.22 5566
0.22 5565
0.22 5564
0.22 5563
0.24 5562
0.24 5561
0.24 5560
0.24 5559
0.24 5558
0.24 5557
0.24 5556
0.24 5555
0.24 5554
0.24 5553
0.25 5552
0.25 5551
0.25 5550
0.25 5549
0.25 5548
0.25 5547
0.25 5546
0.25 5545
0.25 5544
0.25 5543
0.27 5542
0.27 5541
0.27 5540
0.27 5539
0.27 5538
0.27 5537
0.27 5536
0.27 5535
0.27 5534
0.27 5533
0.27 5532
0.28 5531
0.28 5530
0.28 5529
0.28 5528
0.28 5527
0.28 5526
0.28 5525
0.28 5524
0.28 5523
0.28 5522
0.28 5521
0.30 5520
0.30 5519
0.30 5518
0.30 5517
0.30 5516
0.30 5515
0.30 5514
0.30 5513
0.30 5512
0.30 5511
0.31 5510
0.31 5509
0.31 5508
0.31 5507
0.31 5506
0.31 5505
0.31 5504
0.31 5503
0.31 5502
0.31 5501
0.31 5500
0.33 5499
0.33 5498
0.34 5497
0.34 5496
0.34 5495
0.34 5494
0.34 5493
0.34 5492
0.34 5491
0.34 5490
0.35 5489
0.35 5488
0.35 5487
0.35 5486
0.35 5485
0.35 5484
0.35 5483
0.35 5482
0.35 5481
0.36 5480
0.36 5479
0.36 5478
0.36 5477
0.36 5476
0.36 5475
0.36 5474
0.36 5473
0.36 5472
0.36 5471
0.36 5470
0.36 5469
0.38 5468
0.38 5467
0.38 5466
0.38 5465
0.38 5464
0.38 5463
0.38 5462
0.38 5461
0.38 5460
0.38 5459
0.38 5458
0.39 5457
0.39 5456
0.39 5455
0.39 5454
0.39 5453
0.39 5452
0.39 5451
0.39 5450
0.39 5449
0.39 5448
0.41 5447
0.41 5446
0.41 5445
0.41 5444
0.41 5443
0.41 5442
0.41 5441
0.41 5440
0.41 5439
0.41 5438
0.41 5437
0.43 5436
0.43 5435
0.43 5434
0.43 5433
0.43 5432
0.43 5431
0.43 5430
0.44 5429
0.44 5428
0.44 5427
0.44 5426
0.44 5425
0.44 5424
0.44 5423
0.44 5422
0.44 5421
0.44 5420
0.44 5419
0.44 5418
0.44 5417
0.44 5416
0.46 5415
0.46 5414
0.46 5413
0.46 5412
0.46 5411
0.46 5410
0.46 5409
0.46 5408
0.46 5407
0.46 5406
0.46 5405
0.46 5404
0.47 5403
0.47 5402
0.47 5401
0.47 5400
0.47 5399
0.47 5398
0.47 5397
0.47 5396
0.47 5395
0.47 5394
0.47 5393
0.49 5392
0.49 5391
0.49 5390
0.49 5389
0.49 5388
0.49 5387
0.49 5386
0.49 5385
0.49 5384
0.49 5383
0.49 5382
0.50 5381
0.50 5380
0.50 5379
0.50 5378
0.50 5377
0.50 5376
0.50 5375
0.50 5374
0.50 5373
0.50 5372
0.50 5371
0.50 5370
0.52 5369
0.52 5368
0.52 5367
0.52 5366
0.52 5365
0.52 5364
0.52 5363
0.52 5362
0.52 5361
0.52 5360
0.52 5359
0.52 5358
0.53 5357
0.54 5356
0.54 5355
0.54 5354
0.54 5353
0.54 5352
0.54 5351
0.54 5350
0.54 5349
0.54 5348
0.54 5347
0.55 5346
0.55 5345
0.55 5344
0.55 5343
0.55 5342
0.55 5341
0.55 5340
0.55 5339
0.55 5338
0.55 5337
0.55 5336
0.57 5335
0.57 5334
0.57 5333
0.57 5332
0.57 5331
0.57 5330
0.57 5329
0.57 5328
0.57 5327
0.57 5326
0.57 5325
0.58 5324
0.58 5323
0.58 5322
0.58 5321
0.58 5320
0.58 5319
0.58 5318
0.58 5317
0.58 5316
0.58 5315
0.58 5314
0.58 5313
0.60 5312
0.60 5311
0.60 5310
0.60 5309
0.60 5308
0.60 5307
0.60 5306
0.60 5305
0.60 5304
0.60 5303
0.60 5302
0.61 5301
0.61 5300
0.61 5299
0.61 5298
0.61 5297
0.61 5296
0.61 5295
0.61 5294
0.61 5293
0.61 5292
0.63 5291
0.63 5290
0.63 5289
0.63 5288
0.64 5287
0.64 5286
0.64 5285
0.64 5284
0.64 5283
0.64 5282
0.64 5281
0.64 5280
0.65 5279
0.65 5278
0.65 5277
0.65 5276
0.65 5275
0.65 5274
0.66 5273
0.66 5272
0.66 5271
0.66 5270
0.66 5269
0.66 5268
0.66 5267
0.67 5266
0.67 5265
0.67 5264
0.67 5263
0.67 5262
0.67 5261
0.67 5260
0.67 5259
0.67 5258
0.67 5257
0.67 5256
0.67 5255
0.67 5254
0.67 5253
0.68 5252
0.68 5251
0.68 5250
0.68 5249
0.68 5248
0.68 5247
0.68 5246
0.68 5245
0.68 5244
0.68 5243
0.68 5242
0.70 5241
0.70 5240
0.70 5239
0.70 5238
0.70 5237
0.70 5236
0.70 5235
0.70 5234
0.70 5233
0.70 5232
0.70 5231
0.70 5230
0.72 5229
0.72 5228
0.72 5227
0.72 5226
0.72 5225
0.72 5224
0.72 5223
0.72 5222
0.72 5221
0.72 5220
0.72 5219
0.72 5218
0.73 5217
0.73 5216
0.73 5215
0.73 5214
0.74 5213
0.74 5212
0.74 5211
0.74 5210
0.74 5209
0.74 5208
0.74 5207
0.75 5206
0.75 5205
0.75 5204
0.75 5203
0.75 5202
0.75 5201
0.75 5200
0.75 5199
0.75 5198
0.75 5197
0.75 5196
0.76 5195
0.76 5194
0.76 5193
0.76 5192
0.76 5191
0.76 5190
0.76 5189
0.76 5188
0.76 5187
0.76 5186
0.76 5185
0.76 5184
0.78 5183
0.78 5182
0.78 5181
0.78 5180
0.78 5179
0.78 5178
0.78 5177
0.78 5176
0.78 5175
0.78 5174
0.78 5173
0.79 5172
0.79 5171
0.79 5170
0.79 5169
0.79 5168
0.79 5167
0.79 5166
0.79 5165
0.79 5164
0.79 5163
0.79 5162
0.79 5161
0.81 5160
0.81 5159
0.81 5158
0.81 5157
0.81 5156
0.81 5155
0.81 5154
0.83 5153
0.83 5152
0.83 5151
0.83 5150
0.83 5149
0.83 5148
0.83 5147
0.84 5146
0.84 5145
0.84 5144
0.84 5143
0.84 5142
0.84 5141
0.84 5140
0.84 5139
0.84 5138
0.84 5137
0.84 5136
0.84 5135
0.84 5134
0.84 5133
0.86 5132
0.86 5131
0.86 5130
0.86 5129
0.86 5128
0.86 5127
0.86 5126
0.86 5125
0.86 5124
0.86 5123
0.86 5122
0.86 5121
0.87 5120
0.87 5119
0.87 5118
0.87 5117
0.87 5116
0.87 5115
0.87 5114
0.87 5113
0.87 5112
0.87 5111
0.87 5110
0.89 5109
0.89 5108
0.89 5107
0.89 5106
0.89 5105
0.89 5104
0.89 5103
0.89 5102
0.89 5101
0.89 5100
0.89 5099
0.91 5098
0.91 5097
0.91 5096
0.91 5095
0.91 5094
0.91 5093
0.91 5092
0.91 5091
0.91 5090
0.91 5089
0.92 5088
0.92 5087
0.92 5086
0.92 5085
0.92 5084
0.92 5083
0.92 5082
0.92 5081
0.92 5080
0.92 5079
0.94 5078
0.94 5077
0.94 5076
0.94 5075
0.94 5074
0.94 5073
0.94 5072
0.94 5071
0.94 5070
0.94 5069
0.94 5068
0.95 5067
0.95 5066
0.95 5065
0.95 5064
0.95 5063
0.95 5062
0.95 5061
0.95 5060
0.95 5059
0.95 5058
0.95 5057
0.97 5056
0.97 5055
0.97 5054
0.97 5053
0.97 5052
0.97 5051
0.98 5050
0.98 5049
0.98 5048
0.98 5047
0.98 5046
0.98 5045
0.98 5044
0.98 5043
0.98 5042
0.98 5041
0.98 5040
1.00 5039
1.00 5038
1.00 5037
1.00 5036
1.00 5035
1.00 5034
1.00 5033
1.00 5032
1.00 5031
1.00 5030
1.00 5029
1.02 5028
1.02 5027
1.02 5026
1.02 5025
1.02 5024
1.02 5023
1.02 5022
1.02 5021
1.02 5020
1.02 5019
1.02 5018
1.03 5017
1.03 5016
1.03 5015
1.04 5014
1.04 5013
1.04 5012
1.04 5011
1.04 5010
1.04 5009
1.04 5008
1.04 5007
1.05 5006
1.05 5005
1.05 5004
1.05 5003
1.05 5002
1.05 5001
1.05 5000
1.05 4999
1.05 4998
1.05 4997
1.05 4996
1.06 4995
1.06 4994
1.06 4993
1.06 4992
1.06 4991
1.06 4990
1.06 4989
1.06 4988
1.06 4987
1.06 4986
1.08 4985
1.08 4984
1.08 4983
1.08 4982
1.08 4981
1.08 4980
1.08 4979
1.08 4978
1.08 4977
1.08 4976
1.10 4975
1.10 4974
1.10 4973
1.10 4972
1.10 4971
1.10 4970
1.10 4969
1.10 4968
1.10 4967
1.10 4966
1.10 4965
1.11 4964
1.11 4963
1.11 4962
1.11 4961
1.11 4960
1.11 4959
1.11 4958
1.11 4957
1.11 4956
1.11 4955
1.11 4954
1.13 4953
1.13 4952
1.13 4951
1.13 4950
1.13 4949
1.13 4948
1.13 4947
1.14 4946
1.14 4945
1.14 4944
1.14 4943
1.14 4942
1.14 4941
1.14 4940
1.14 4939
1.14 4938
1.14 4937
1.16 4936
1.16 4935
1.16 4934
1.16 4933
1.16 4932
1.16 4931
1.16 4930
1.16 4929
1.16 4928
1.16 4927
1.16 4926
1.17 4925
1.17 4924
1.17 4923
1.17 4922
1.17 4921
1.17 4920
1.17 4919
1.17 4918
1.17 4917
1.17 4916
1.17 4915
1.19 4914
1.19 4913
1.19 4912
1.19 4911
1.19 4910
1.19 4909
1.19 4908
1.19 4907
1.19 4906
1.19 4905
1.19 4904
1.19 4903
1.19 4902
1.19 4901
1.21 4900
1.21 4899
1.21 4898
1.21 4897
1.21 4896
1.21 4895
1.21 4894
1.21 4893
1.21 4892
1.21 4891
1.21 4890
1.21 4889
1.21 4888
1.21 4887
1.21 4886
1.22 4885
1.22 4884
1.22 4883
1.22 4882
1.22 4881
1.22 4880
1.22 4879
1.22 4878
1.22 4877
1.22 4876
1.22 4875
1.22 4874
1.22 4873
1.22 4872
1.22 4871
1.24 4870
1.24 4869
1.24 4868
1.24 4867
1.24 4866
1.24 4865
1.24 4864
1.24 4863
1.24 4862
1.24 4861
1.24 4860
1.24 4859
1.24 4858
1.24 4857
1.24 4856
1.25 4855
1.25 4854
1.25 4853
1.25 4852
1.25 4851
1.25 4850
1.25 4849
1.25 4848
1.25 4847
1.25 4846
1.25 4845
1.25 4844
1.25 4843
1.25 4842
1.25 4841
1.27 4840
1.27 4839
1.27 4838
1.27 4837
1.27 4836
1.27 4835
1.27 4834
1.27 4833
1.27 4832
1.27 4831
1.27 4830
1.27 4829
1.27 4828
1.27 4827
1.27 4826
1.29 4825
1.29 4824
1.29 4823
1.29 4822
1.29 4821
1.29 4820
1.29 4819
1.29 4818
1.29 4817
1.29 4816
1.29 4815
1.29 4814
1.30 4813
1.30 4812
1.30 4811
1.30 4810
1.30 4809
1.30 4808
1.30 4807
1.30 4806
1.30 4805
1.30 4804
1.30 4803
1.30 4802
1.30 4801
1.32 4800
1.32 4799
1.32 4798
1.32 4797
1.32 4796
1.32 4795
1.32 4794
1.32 4793
1.32 4792
1.32 4791
1.32 4790
1.32 4789
1.32 4788
1.33 4787
1.33 4786
1.33 4785
1.33 4784
1.33 4783
1.33 4782
1.34 4781
1.34 4780
1.34 4779
1.34 4778
1.34 4777
1.34 4776
1.34 4775
1.34 4774
1.34 4773
1.35 4772
1.35 4771
1.35 4770
1.35 4769
1.35 4768
1.35 4767
1.35 4766
1.35 4765
1.35 4764
1.35 4763
1.35 4762
1.35 4761
1.35 4760
1.35 4759
1.36 4758
1.36 4757
1.36 4756
1.36 4755
1.36 4754
1.36 4753
1.36 4752
1.36 4751
1.36 4750
1.36 4749
1.36 4748
1.36 4747
1.36 4746
1.36 4745
1.38 4744
1.38 4743
1.38 4742
1.38 4741
1.38 4740
1.38 4739
1.38 4738
1.38 4737
1.38 4736
1.38 4735
1.38 4734
1.38 4733
1.38 4732
1.38 4731
1.40 4730
1.40 4729
1.40 4728
1.40 4727
1.40 4726
1.40 4725
1.40 4724
1.40 4723
1.40 4722
1.40 4721
1.40 4720
1.40 4719
1.40 4718
1.40 4717
1.41 4716
1.41 4715
1.41 4714
1.41 4713
1.41 4712
1.41 4711
1.41 4710
1.41 4709
1.41 4708
1.41 4707
1.41 4706
1.41 4705
1.41 4704
1.41 4703
1.43 4702
1.43 4701
1.43 4700
1.43 4699
1.43 4698
1.43 4697
1.43 4696
1.43 4695
1.43 4694
1.43 4693
1.43 4692
1.44 4691
1.44 4690
1.44 4689
1.44 4688
1.44 4687
1.44 4686
1.44 4685
1.44 4684
1.44 4683
1.44 4682
1.44 4681
1.44 4680
1.44 4679
1.44 4678
1.44 4677
1.44 4676
1.44 4675
1.44 4674
1.46 4673
1.46 4672
1.46 4671
1.46 4670
1.46 4669
1.46 4668
1.46 4667
1.46 4666
1.46 4665
1.46 4664
1.46 4663
1.46 4662
1.46 4661
1.46 4660
1.47 4659
1.47 4658
1.47 4657
1.47 4656
1.47 4655
1.47 4654
1.47 4653
1.47 4652
1.49 4651
1.49 4650
1.49 4649
1.49 4648
1.49 4647
1.49 4646
1.49 4645
1.49 4644
1.49 4643
1.49 4642
1.49 4641
1.49 4640
1.49 4639
1.51 4638
1.51 4637
1.51 4636
1.51 4635
1.51 4634
1.51 4633
1.51 4632
1.51 4631
1.51 4630
1.51 4629
1.51 4628
1.51 4627
1.51 4626
1.51 4625
1.51 4624
1.51 4623
1.52 4622
1.52 4621
1.52 4620
1.52 4619
1.52 4618
1.52 4617
1.52 4616
1.52 4615
1.52 4614
1.52 4613
1.52 4612
1.52 4611
1.52 4610
1.54 4609
1.54 4608
1.54 4607
1.54 4606
1.54 4605
1.54 4604
1.54 4603
1.54 4602
1.54 4601
1.54 4600
1.54 4599
1.54 4598
1.54 4597
1.54 4596
1.54 4595
1.54 4594
1.55 4593
1.55 4592
1.55 4591
1.55 4590
1.55 4589
1.55 4588
1.55 4587
1.55 4586
1.55 4585
1.55 4584
1.55 4583
1.55 4582
1.55 4581
1.55 4580
1.57 4579
1.57 4578
1.57 4577
1.57 4576
1.57 4575
1.57 4574
1.57 4573
1.57 4572
1.57 4571
1.57 4570
1.57 4569
1.57 4568
1.57 4567
1.57 4566
1.57 4565
1.59 4564
1.59 4563
1.59 4562
1.59 4561
1.59 4560
1.59 4559
1.59 4558
1.59 4557
1.59 4556
1.59 4555
1.59 4554
1.59 4553
1.59 4552
1.59 4551
1.59 4550
1.60 4549
1.60 4548
1.60 4547
1.60 4546
1.60 4545
1.60 4544
1.60 4543
1.60 4542
1.60 4541
1.60 4540
1.60 4539
1.60 4538
1.60 4537
1.60 4536
1.62 4535
1.62 4534
1.62 4533
1.62 4532
1.62 4531
1.62 4530
1.62 4529
1.62 4528
1.62 4527
1.62 4526
1.62 4525
1.62 4524
1.62 4523
1.62 4522
1.63 4521
1.63 4520
1.63 4519
1.64 4518
1.64 4517
1.64 4516
1.64 4515
1.64 4514
1.64 4513
1.64 4512
1.64 4511
1.64 4510
1.64 4509
1.65 4508
1.65 4507
1.65 4506
1.65 4505
1.65 4504
1.65 4503
1.65 4502
1.65 4501
1.65 4500
1.66 4499
1.66 4498
1.66 4497
1.66 4496
1.66 4495
1.66 4494
1.66 4493
1.66 4492
1.66 4491
1.67 4490
1.67 4489
1.67 4488
1.67 4487
1.67 4486
1.67 4485
1.67 4484
1.67 4483
1.67 4482
1.67 4481
1.67 4480
1.67 4479
1.67 4478
1.67 4477
1.67 4476
1.67 4475
1.67 4474
1.67 4473
1.67 4472
1.69 4471
1.69 4470
1.69 4469
1.69 4468
1.69 4467
1.69 4466
1.69 4465
1.69 4464
1.69 4463
1.69 4462
1.69 4461
1.69 4460
1.69 4459
1.69 4458
1.69 4457
1.70 4456
1.70 4455
1.70 4454
1.70 4453
1.70 4452
1.70 4451
1.70 4450
1.70 4449
1.70 4448
1.70 4447
1.70 4446
1.70 4445
1.70 4444
1.70 4443
1.70 4442
1.72 4441
1.72 4440
1.72 4439
1.72 4438
1.72 4437
1.72 4436
1.72 4435
1.72 4434
1.72 4433
1.72 4432
1.72 4431
1.72 4430
1.72 4429
1.72 4428
1.72 4427
1.72 4426
1.73 4425
1.73 4424
1.73 4423
1.73 4422
1.73 4421
1.73 4420
1.74 4419
1.74 4418
1.74 4417
1.74 4416
1.74 4415
1.74 4414
1.74 4413
1.74 4412
1.74 4411
1.74 4410
1.75 4409
1.75 4408
1.75 4407
1.75 4406
1.75 4405
1.75 4404
1.75 4403
1.75 4402
1.75 4401
1.75 4400
1.75 4399
1.75 4398
1.75 4397
1.75 4396
1.75 4395
1.76 4394
1.76 4393
1.76 4392
1.76 4391
1.76 4390
1.76 4389
1.76 4388
1.76 4387
1.76 4386
1.76 4385
1.76 4384
1.76 4383
1.76 4382
1.76 4381
1.78 4380
1.78 4379
1.78 4378
1.78 4377
1.78 4376
1.78 4375
1.78 4374
1.78 4373
1.78 4372
1.78 4371
1.78 4370
1.78 4369
1.78 4368
1.78 4367
1.78 4366
1.80 4365
1.80 4364
1.80 4363
1.80 4362
1.80 4361
1.80 4360
1.80 4359
1.80 4358
1.80 4357
1.80 4356
1.80 4355
1.80 4354
1.80 4353
1.80 4352
1.80 4351
1.81 4350
1.81 4349
1.81 4348
1.81 4347
1.81 4346
1.81 4345
1.81 4344
1.81 4343
1.81 4342
1.81 4341
1.81 4340
1.81 4339
1.81 4338
1.81 4337
1.81 4336
1.83 4335
1.83 4334
1.83 4333
1.83 4332
1.83 4331
1.83 4330
1.83 4329
1.83 4328
1.83 4327
1.83 4326
1.84 4325
1.84 4324
1.84 4323
1.84 4322
1.84 4321
1.84 4320
1.84 4319
1.84 4318
1.84 4317
1.84 4316
1.84 4315
1.84 4314
1.84 4313
1.86 4312
1.86 4311
1.86 4310
1.86 4309
1.86 4308
1.86 4307
1.86 4306
1.86 4305
1.86 4304
1.86 4303
1.86 4302
1.86 4301
1.86 4300
1.86 4299
1.87 4298
1.87 4297
1.87 4296
1.87 4295
1.87 4294
1.87 4293
1.87 4292
1.87 4291
1.87 4290
1.87 4289
1.87 4288
1.87 4287
1.87 4286
1.87 4285
1.87 4284
1.87 4283
1.89 4282
1.89 4281
1.89 4280
1.89 4279
1.89 4278
1.89 4277
1.89 4276
1.89 4275
1.89 4274
1.89 4273
1.89 4272
1.89 4271
1.89 4270
1.89 4269
1.89 4268
1.89 4267
1.91 4266
1.91 4265
1.91 4264
1.91 4263
1.91 4262
1.91 4261
1.91 4260
1.91 4259
1.91 4258
1.91 4257
1.91 4256
1.91 4255
1.91 4254
1.91 4253
1.91 4252
1.91 4251
1.92 4250
1.92 4249
1.92 4248
1.92 4247
1.92 4246
1.92 4245
1.92 4244
1.92 4243
1.92 4242
1.92 4241
1.92 4240
1.92 4239
1.92 4238
1.92 4237
1.94 4236
1.94 4235
1.94 4234
1.94 4233
1.94 4232
1.94 4231
1.94 4230
1.94 4229
1.94 4228
1.94 4227
1.94 4226
1.94 4225
1.94 4224
1.94 4223
1.94 4222
1.94 4221
1.94 4220
1.95 4219
1.95 4218
1.95 4217
1.95 4216
1.95 4215
1.95 4214
1.95 4213
1.95 4212
1.95 4211
1.95 4210
1.95 4209
1.95 4208
1.95 4207
1.95 4206
1.95 4205
1.97 4204
1.97 4203
1.97 4202
1.97 4201
1.97 4200
1.97 4199
1.97 4198
1.97 4197
1.97 4196
1.97 4195
1.97 4194
1.97 4193
1.97 4192
1.97 4191
1.97 4190
1.97 4189
1.97 4188
1.99 4187
1.99 4186
1.99 4185
1.99 4184
1.99 4183
1.99 4182
1.99 4181
1.99 4180
1.99 4179
1.99 4178
1.99 4177
1.99 4176
1.99 4175
1.99 4174
1.99 4173
2.00 4172
2.00 4171
2.00 4170
2.00 4169
2.00 4168
2.00 4167
2.00 4166
2.00 4165
2.00 4164
2.00 4163
2.00 4162
2.00 4161
2.00 4160
2.00 4159
2.00 4158
2.02 4157
2.02 4156
2.02 4155
2.02 4154
2.02 4153
2.02 4152
2.02 4151
2.02 4150
2.02 4149
2.02 4148
2.02 4147
2.02 4146
2.02 4145
2.02 4144
2.02 4143
2.02 4142
2.03 4141
2.03 4140
2.03 4139
2.03 4138
2.03 4137
2.03 4136
2.04 4135
2.04 4134
2.04 4133
2.04 4132
2.04 4131
2.04 4130
2.04 4129
2.04 4128
2.04 4127
2.05 4126
2.05 4125
2.05 4124
2.05 4123
2.05 4122
2.05 4121
2.05 4120
2.05 4119
2.05 4118
2.05 4117
2.05 4116
2.05 4115
2.05 4114
2.05 4113
2.05 4112
2.06 4111
2.06 4110
2.06 4109
2.06 4108
2.06 4107
2.06 4106
2.06 4105
2.06 4104
2.06 4103
2.06 4102
2.06 4101
2.06 4100
2.06 4099
2.06 4098
2.06 4097
2.06 4096
2.08 4095
2.08 4094
2.08 4093
2.08 4092
2.08 4091
2.08 4090
2.08 4089
2.08 4088
2.08 4087
2.08 4086
2.08 4085
2.08 4084
2.08 4083
2.08 4082
2.08 4081
2.10 4080
2.10 4079
2.10 4078
2.10 4077
2.10 4076
2.10 4075
2.10 4074
2.10 4073
2.10 4072
2.10 4071
2.10 4070
2.10 4069
2.10 4068
2.10 4067
2.10 4066
2.11 4065
2.11 4064
2.11 4063
2.11 4062
2.11 4061
2.11 4060
2.11 4059
2.11 4058
2.11 4057
2.11 4056
2.11 4055
2.11 4054
2.11 4053
2.11 4052
2.11 4051
2.13 4050
2.13 4049
2.13 4048
2.13 4047
2.13 4046
2.13 4045
2.13 4044
2.13 4043
2.13 4042
5.21 3944
5.21 3943
5.21 3942
5.21 3941
5.21 3940
9.51 3939
9.51 3938
18.20 3937
