0.43 999
0.43 998
0.43 997
0.43 996
0.43 995
0.43 994
0.43 993
0.43 992
0.43 991
0.43 990
0.43 989
0.43 988
0.43 987
0.43 986
0.44 985
0.44 984
0.44 983
0.44 982
0.44 981
0.44 980
0.44 979
0.44 978
0.44 977
0.44 976
0.44 975
0.44 974
0.44 973
0.44 972
0.44 971
0.45 970
0.45 969
0.45 968
0.45 967
0.45 966
0.45 965
0.45 964
0.45 963
0.45 962
0.45 961
0.45 960
0.45 959
0.45 958
0.45 957
0.45 956
0.45 955
0.45 954
0.45 953
0.45 952
0.45 951
0.45 950
0.45 949
0.45 948
0.45 947
0.45 946
0.45 945
0.45 944
0.45 943
0.45 942
0.45 941
0.45 940
0.45 939
0.45 938
0.45 937
0.45 936
0.45 935
0.45 934
2.57 933
