1.01 1499
1.01 1498
1.01 1497
1.01 1496
1.02 1495
1.02 1494
1.02 1493
1.03 1492
1.03 1491
1.03 1490
1.03 1489
1.03 1488
1.03 1487
1.03 1486
1.03 1485
1.03 1484
1.03 1483
1.03 1482
1.03 1481
1.03 1480
1.03 1479
1.03 1478
1.03 1477
1.03 1476
1.03 1475
1.04 1474
1.04 1473
1.04 1472
1.04 1471
1.04 1470
1.04 1469
1.04 1468
1.04 1467
1.04 1466
1.04 1465
1.04 1464
1.04 1463
1.04 1462
1.04 1461
1.04 1460
1.04 1459
1.04 1458
1.06 1457
1.06 1456
1.06 1455
1.06 1454
1.06 1453
1.06 1452
1.06 1451
1.06 1450
1.06 1449
1.06 1448
1.06 1447
1.07 1446
1.08 1445
1.08 1444
3.95 1442
3.95 1441
3.97 1440
3.98 1439
