0.13 5683
0.13 5682
0.13 5681
0.14 5680
0.14 5679
0.14 5678
0.15 5677
0.15 5676
0.15 5675
0.15 5674
0.16 5673
0.16 5672
0.16 5671
0.17 5670
0.17 5669
0.17 5668
0.18 5667
0.18 5666
0.18 5665
0.18 5664
0.19 5663
0.19 5662
0.19 5661
0.20 5660
0.20 5659
0.20 5658
0.20 5657
0.21 5656
0.21 5655
0.21 5654
0.22 5653
0.22 5652
0.22 5651
0.23 5650
0.23 5649
0.23 5648
0.23 5647
0.24 5646
0.24 5645
0.24 5644
0.24 5643
0.25 5642
0.25 5641
0.25 5640
0.25 5639
0.26 5638
0.26 5637
0.26 5636
0.27 5635
0.27 5634
0.27 5633
0.27 5632
0.27 5631
0.28 5630
0.28 5629
0.28 5628
0.29 5627
0.29 5626
0.29 5625
0.29 5624
0.30 5623
0.30 5622
0.30 5621
0.30 5620
0.31 5619
0.31 5618
0.31 5617
0.32 5616
0.32 5615
0.32 5614
0.33 5613
0.33 5612
0.33 5611
0.33 5610
0.34 5609
0.34 5608
0.34 5607
0.34 5606
0.35 5605
0.35 5604
0.35 5603
0.35 5602
0.36 5601
0.36 5600
0.36 5599
0.37 5598
0.37 5597
0.37 5596
0.38 5595
0.38 5594
0.38 5593
0.38 5592
0.39 5591
0.39 5590
0.39 5589
0.39 5588
0.40 5587
0.40 5586
0.40 5585
0.41 5584
0.41 5583
0.41 5582
0.42 5581
0.42 5580
0.42 5579
0.42 5578
0.43 5577
0.43 5576
0.43 5575
0.43 5574
0.44 5573
0.44 5572
0.44 5571
0.45 5570
0.45 5569
0.47 5568
0.47 5567
0.47 5566
0.48 5565
0.48 5564
0.48 5563
0.49 5562
0.49 5561
0.49 5560
0.49 5559
0.50 5558
0.50 5557
0.50 5556
0.50 5555
0.51 5554
0.51 5553
0.51 5552
0.51 5551
0.52 5550
0.52 5549
0.52 5548
0.52 5547
0.53 5546
0.53 5545
0.53 5544
0.54 5543
0.54 5542
0.54 5541
0.54 5540
0.55 5539
0.55 5538
0.55 5537
0.55 5536
0.56 5535
0.56 5534
0.56 5533
0.57 5532
0.57 5531
0.57 5530
0.58 5529
0.58 5528
0.58 5527
0.58 5526
0.59 5525
0.59 5524
0.59 5523
0.59 5522
0.60 5521
0.60 5520
0.60 5519
0.61 5518
0.61 5517
0.61 5516
0.61 5515
0.62 5514
0.62 5513
0.62 5512
0.62 5511
0.63 5510
0.63 5509
0.63 5508
0.64 5507
0.64 5506
0.64 5505
0.64 5504
0.65 5503
0.65 5502
0.65 5501
0.66 5500
0.66 5499
0.66 5498
0.67 5497
0.67 5496
0.68 5495
0.68 5494
0.68 5493
0.69 5492
0.70 5491
0.71 5490
0.71 5489
0.71 5488
0.72 5487
0.72 5486
0.72 5485
0.72 5484
0.73 5483
0.73 5482
0.73 5481
0.73 5480
0.74 5479
0.74 5478
0.74 5477
0.75 5476
0.75 5475
0.75 5474
0.76 5473
0.76 5472
0.76 5471
0.77 5470
0.77 5469
0.77 5468
0.78 5467
0.78 5466
0.78 5465
0.78 5464
0.79 5463
0.79 5462
0.79 5461
0.79 5460
0.80 5459
0.80 5458
0.80 5457
0.81 5456
0.81 5455
0.81 5454
0.81 5453
0.81 5452
0.82 5451
0.82 5450
0.82 5449
0.83 5448
0.83 5447
0.83 5446
0.83 5445
0.84 5444
0.84 5443
0.85 5442
0.85 5441
0.85 5440
0.85 5439
0.85 5438
0.86 5437
0.86 5436
0.86 5435
0.86 5434
0.87 5433
0.87 5432
0.87 5431
0.88 5430
0.88 5429
0.88 5428
0.88 5427
0.89 5426
0.89 5425
0.89 5424
0.90 5423
0.90 5422
0.90 5421
0.90 5420
0.91 5419
0.91 5418
0.91 5417
0.92 5416
0.92 5415
0.92 5414
0.93 5413
0.93 5412
0.93 5411
0.94 5410
0.94 5409
0.94 5408
0.94 5407
0.95 5406
0.95 5405
0.95 5404
0.95 5403
0.96 5402
0.96 5401
0.97 5400
0.97 5399
0.97 5398
0.97 5397
0.98 5396
0.98 5395
0.98 5394
0.99 5393
0.99 5392
0.99 5391
1.00 5390
1.00 5389
1.00 5388
1.00 5387
1.01 5386
1.01 5385
1.01 5384
1.01 5383
1.02 5382
1.02 5381
1.03 5380
1.03 5379
1.03 5378
1.03 5377
1.03 5376
1.04 5375
1.04 5374
1.05 5373
1.05 5372
1.05 5371
1.06 5370
1.07 5369
1.07 5368
1.08 5367
1.08 5366
1.08 5365
1.08 5364
1.09 5363
1.09 5362
1.09 5361
1.10 5360
1.10 5359
1.10 5358
1.10 5357
1.11 5356
1.11 5355
1.11 5354
1.12 5353
1.12 5352
1.12 5351
1.13 5350
1.13 5349
1.13 5348
1.13 5347
1.14 5346
1.14 5345
1.14 5344
1.15 5343
1.15 5342
1.15 5341
1.15 5340
1.16 5339
1.16 5338
1.16 5337
1.17 5336
1.17 5335
1.17 5334
1.18 5333
1.18 5332
1.18 5331
1.18 5330
1.19 5329
1.19 5328
1.19 5327
1.20 5326
1.20 5325
1.20 5324
1.21 5323
1.21 5322
1.21 5321
1.22 5320
1.22 5319
1.22 5318
1.22 5317
1.23 5316
1.23 5315
1.23 5314
1.23 5313
1.24 5312
1.24 5311
1.24 5310
1.24 5309
1.24 5308
1.25 5307
1.25 5306
1.25 5305
1.25 5304
1.25 5303
1.26 5302
1.26 5301
1.26 5300
1.27 5299
1.27 5298
1.27 5297
1.27 5296
1.28 5295
1.28 5294
1.28 5293
1.28 5292
1.29 5291
1.29 5290
1.29 5289
1.29 5288
1.30 5287
1.30 5286
1.30 5285
1.30 5284
1.31 5283
1.31 5282
1.31 5281
1.31 5280
1.32 5279
1.32 5278
1.32 5277
1.33 5276
1.33 5275
1.33 5274
1.33 5273
1.34 5272
1.34 5271
1.34 5270
1.34 5269
1.35 5268
1.35 5267
1.36 5266
1.36 5265
1.36 5264
1.36 5263
1.37 5262
1.37 5261
1.38 5260
1.38 5259
1.38 5258
1.39 5257
1.39 5256
1.39 5255
1.40 5254
1.40 5253
1.40 5252
1.40 5251
1.41 5250
1.41 5249
1.41 5248
1.42 5247
1.42 5246
1.43 5245
1.43 5244
1.43 5243
1.43 5242
1.44 5241
1.44 5240
1.44 5239
1.44 5238
1.45 5237
1.45 5236
1.45 5235
1.45 5234
1.46 5233
1.46 5232
1.46 5231
1.46 5230
1.47 5229
1.47 5228
1.47 5227
1.47 5226
1.48 5225
1.48 5224
1.48 5223
1.49 5222
1.49 5221
1.49 5220
1.50 5219
1.50 5218
1.50 5217
1.50 5216
1.50 5215
1.51 5214
1.51 5213
1.51 5212
1.52 5211
1.52 5210
1.52 5209
1.52 5208
1.53 5207
1.53 5206
1.53 5205
1.53 5204
1.54 5203
1.54 5202
1.54 5201
1.55 5200
1.55 5199
1.55 5198
1.55 5197
1.56 5196
1.56 5195
1.56 5194
1.56 5193
1.57 5192
1.57 5191
1.57 5190
1.58 5189
1.58 5188
1.58 5187
1.58 5186
1.59 5185
1.59 5184
1.59 5183
1.60 5182
1.60 5181
1.60 5180
1.60 5179
1.61 5178
1.61 5177
1.61 5176
1.61 5175
1.62 5174
1.62 5173
1.62 5172
1.62 5171
1.63 5170
1.63 5169
1.64 5168
1.64 5167
1.65 5166
1.65 5165
1.65 5164
1.66 5163
1.66 5162
1.66 5161
1.66 5160
1.67 5159
1.67 5158
1.67 5157
1.68 5156
1.68 5155
1.68 5154
1.69 5153
1.69 5152
1.69 5151
1.70 5150
1.70 5149
1.71 5148
1.71 5147
1.71 5146
1.72 5145
1.72 5144
1.72 5143
1.72 5142
1.73 5141
1.73 5140
1.73 5139
1.74 5138
1.74 5137
1.74 5136
1.74 5135
1.74 5134
1.74 5133
1.74 5132
1.76 5131
1.76 5130
1.77 5129
1.77 5128
1.77 5127
1.78 5126
1.78 5125
1.78 5124
1.78 5123
1.79 5122
1.79 5121
1.79 5120
1.80 5119
1.80 5118
1.80 5117
1.80 5116
1.80 5115
1.81 5114
1.81 5113
1.82 5112
1.82 5111
1.82 5110
1.82 5109
1.83 5108
1.83 5107
1.83 5106
1.83 5105
1.84 5104
1.84 5103
1.84 5102
1.85 5101
1.85 5100
1.85 5099
1.85 5098
1.86 5097
1.86 5096
1.86 5095
1.87 5094
1.87 5093
1.87 5092
1.88 5091
1.88 5090
1.89 5089
1.89 5088
1.89 5087
1.90 5086
1.90 5085
1.90 5084
1.90 5083
1.90 5082
1.91 5081
1.91 5080
1.91 5079
1.92 5078
1.92 5077
1.92 5076
1.92 5075
1.93 5074
1.93 5073
1.94 5072
1.94 5071
1.94 5070
1.94 5069
1.94 5068
1.94 5067
1.94 5066
1.95 5065
1.95 5064
1.95 5063
1.95 5062
1.95 5061
1.97 5060
1.97 5059
1.97 5058
1.97 5057
1.98 5056
1.98 5055
1.98 5054
1.98 5053
1.99 5052
1.99 5051
1.99 5050
1.99 5049
2.00 5048
2.00 5047
2.00 5046
2.00 5045
2.01 5044
2.01 5043
2.01 5042
2.01 5041
2.02 5040
2.02 5039
2.02 5038
2.02 5037
2.03 5036
2.03 5035
2.03 5034
2.03 5033
2.03 5032
2.04 5031
2.04 5030
2.04 5029
2.04 5028
2.04 5027
2.04 5026
2.04 5025
2.04 5024
2.05 5023
2.05 5022
2.05 5021
2.05 5020
2.05 5019
2.05 5018
2.05 5017
2.07 5016
2.07 5015
2.07 5014
2.07 5013
2.07 5012
2.07 5011
2.09 5010
2.09 5009
2.09 5008
2.09 5007
2.10 5006
2.10 5005
2.10 5004
2.10 5003
2.11 5002
2.11 5001
2.12 5000
2.12 4999
2.12 4998
2.12 4997
2.12 4996
2.12 4995
2.12 4994
2.12 4993
2.12 4992
2.12 4991
2.12 4990
2.14 4989
2.14 4988
2.14 4987
2.14 4986
2.14 4985
2.14 4984
2.15 4983
2.15 4982
2.15 4981
2.15 4980
2.15 4979
2.15 4978
2.15 4977
2.17 4976
2.17 4975
2.17 4974
2.17 4973
2.17 4972
2.17 4971
2.17 4970
2.19 4969
2.19 4968
2.19 4967
2.19 4966
2.19 4965
2.20 4964
2.20 4963
2.20 4962
2.20 4961
2.20 4960
2.20 4959
2.22 4958
2.22 4957
2.22 4956
2.22 4955
2.22 4954
2.23 4953
2.23 4952
2.23 4951
2.23 4950
2.23 4949
2.23 4948
2.25 4947
2.25 4946
2.25 4945
2.25 4944
2.25 4943
2.25 4942
2.26 4941
2.26 4940
2.26 4939
2.26 4938
2.26 4937
2.26 4936
2.26 4935
2.28 4934
2.28 4933
2.28 4932
2.28 4931
2.28 4930
2.28 4929
2.30 4928
2.30 4927
2.30 4926
2.30 4925
2.30 4924
2.30 4923
2.31 4922
2.31 4921
2.31 4920
2.31 4919
2.31 4918
2.31 4917
2.33 4916
2.33 4915
2.33 4914
2.33 4913
2.34 4912
2.34 4911
2.35 4910
2.35 4909
2.35 4908
2.35 4907
2.35 4906
2.36 4905
2.36 4904
2.36 4903
2.36 4902
2.36 4901
2.37 4900
2.37 4899
2.37 4898
2.37 4897
2.38 4896
2.38 4895
2.38 4894
2.38 4893
2.38 4892
2.39 4891
2.39 4890
2.39 4889
2.39 4888
2.40 4887
2.40 4886
2.40 4885
2.40 4884
2.41 4883
2.41 4882
2.41 4881
2.41 4880
2.42 4879
2.42 4878
2.42 4877
2.42 4876
2.42 4875
2.43 4874
2.43 4873
2.43 4872
2.43 4871
2.44 4870
2.44 4869
2.44 4868
2.44 4867
2.45 4866
2.45 4865
2.45 4864
2.45 4863
2.46 4862
2.46 4861
2.46 4860
2.46 4859
2.47 4858
2.47 4857
2.47 4856
2.47 4855
2.48 4854
2.48 4853
2.48 4852
2.48 4851
2.49 4850
2.49 4849
2.49 4848
2.49 4847
2.50 4846
2.50 4845
2.50 4844
2.51 4843
2.52 4842
2.52 4841
2.52 4840
2.52 4839
2.53 4838
2.53 4837
2.53 4836
2.53 4835
2.54 4834
2.54 4833
2.54 4832
2.54 4831
2.55 4830
2.55 4829
2.55 4828
2.55 4827
2.55 4826
2.56 4825
2.56 4824
2.56 4823
2.56 4822
2.57 4821
2.57 4820
2.57 4819
2.57 4818
2.58 4817
2.58 4816
2.58 4815
2.58 4814
2.59 4813
2.59 4812
2.59 4811
2.60 4810
2.60 4809
2.60 4808
2.60 4807
2.60 4806
2.61 4805
2.61 4804
2.61 4803
2.61 4802
2.62 4801
2.62 4800
2.62 4799
2.62 4798
2.63 4797
2.63 4796
2.63 4795
2.63 4794
2.64 4793
2.64 4792
2.64 4791
2.64 4790
2.65 4789
2.65 4788
2.65 4787
2.65 4786
2.65 4785
2.66 4784
2.66 4783
2.66 4782
2.66 4781
2.67 4780
2.67 4779
2.67 4778
2.67 4777
2.67 4776
2.67 4775
2.67 4774
2.67 4773
2.67 4772
2.67 4771
2.67 4770
2.69 4769
2.69 4768
2.69 4767
2.70 4766
2.70 4765
2.70 4764
2.71 4763
2.71 4762
2.71 4761
2.71 4760
2.71 4759
2.72 4758
2.72 4757
2.72 4756
2.72 4755
2.72 4754
2.72 4753
2.74 4752
2.74 4751
2.75 4750
2.75 4749
2.75 4748
2.76 4747
2.76 4746
2.76 4745
2.77 4744
2.78 4743
2.79 4742
2.80 4741
2.80 4740
2.81 4739
2.81 4738
2.82 4737
2.83 4736
2.83 4735
2.84 4734
2.84 4733
2.85 4732
2.85 4731
2.85 4730
2.87 4729
2.87 4728
2.88 4727
2.88 4726
2.90 4725
2.90 4724
2.91 4723
2.91 4722
2.91 4721
2.93 4720
2.94 4719
2.96 4718
2.96 4717
2.98 4716
2.98 4715
2.98 4714
3.00 4713
3.01 4712
3.01 4711
3.03 4710
3.04 4709
3.05 4708
3.06 4707
3.07 4706
3.07 4705
3.08 4704
3.10 4703
3.10 4702
3.11 4701
3.12 4700
3.12 4699
3.13 4698
3.14 4697
3.15 4696
3.16 4695
3.16 4694
3.17 4693
3.18 4692
3.19 4691
3.19 4690
3.20 4689
3.21 4688
3.21 4687
3.22 4686
3.23 4685
3.24 4684
3.25 4683
3.25 4682
3.26 4681
3.26 4680
3.26 4679
3.27 4678
3.27 4677
3.28 4676
3.29 4675
3.29 4674
3.30 4673
3.31 4672
3.31 4671
3.31 4670
3.32 4669
3.32 4668
3.34 4667
3.34 4666
3.35 4665
3.35 4664
3.35 4663
3.37 4662
3.37 4661
3.37 4660
3.39 4659
3.39 4658
3.40 4657
3.40 4656
3.40 4655
3.42 4654
3.42 4653
3.42 4652
3.43 4651
3.43 4650
13.67 3306
13.67 3305
