0.98 1499
0.98 1498
0.98 1497
0.98 1496
0.98 1495
0.98 1494
0.98 1493
0.98 1492
0.98 1491
0.98 1490
0.98 1489
0.98 1488
0.98 1487
0.98 1486
0.98 1485
0.98 1484
0.98 1483
0.98 1482
0.98 1481
0.99 1480
0.99 1479
0.99 1478
0.99 1477
0.99 1476
0.99 1475
0.99 1474
0.99 1473
1.00 1472
1.00 1471
1.00 1470
1.00 1469
1.00 1468
1.00 1467
1.00 1466
1.00 1465
1.01 1464
1.01 1463
1.01 1462
1.01 1461
1.01 1460
1.01 1459
1.01 1458
1.01 1457
1.01 1456
1.02 1455
1.02 1454
1.02 1453
1.02 1452
1.02 1451
1.02 1450
1.02 1449
1.02 1448
1.03 1447
1.03 1446
1.04 1445
1.04 1444
3.85 1441
3.85 1440
3.85 1439
