1.04 1499
1.04 1498
1.04 1497
1.04 1496
1.04 1495
1.04 1494
1.04 1493
1.04 1492
1.04 1491
1.04 1490
1.05 1489
1.05 1488
1.05 1487
1.05 1486
1.05 1485
1.05 1484
1.05 1483
1.05 1482
1.05 1481
1.05 1480
1.05 1479
1.05 1478
1.05 1477
1.05 1476
1.05 1475
1.05 1474
1.05 1473
1.05 1472
1.05 1471
1.05 1470
1.06 1469
1.06 1468
1.06 1467
1.06 1466
1.06 1465
1.06 1464
1.06 1463
1.07 1462
1.07 1461
1.07 1460
1.07 1459
1.07 1458
1.07 1457
1.07 1456
1.07 1455
1.07 1454
1.07 1453
1.07 1452
1.09 1451
1.09 1450
1.09 1449
1.09 1448
1.09 1447
1.09 1446
1.10 1445
1.10 1444
3.90 1441
3.90 1440
3.90 1439
3.91 1438
