0.11 5683
0.11 5682
0.11 5681
0.12 5680
0.12 5679
0.12 5678
0.12 5677
0.13 5676
0.13 5675
0.13 5674
0.13 5673
0.13 5672
0.14 5671
0.14 5670
0.14 5669
0.14 5668
0.15 5667
0.15 5666
0.15 5665
0.15 5664
0.16 5663
0.16 5662
0.16 5661
0.17 5660
0.17 5659
0.17 5658
0.17 5657
0.18 5656
0.18 5655
0.18 5654
0.18 5653
0.19 5652
0.19 5651
0.19 5650
0.19 5649
0.20 5648
0.20 5647
0.20 5646
0.20 5645
0.21 5644
0.21 5643
0.21 5642
0.21 5641
0.22 5640
0.22 5639
0.22 5638
0.23 5637
0.23 5636
0.23 5635
0.23 5634
0.24 5633
0.24 5632
0.24 5631
0.24 5630
0.25 5629
0.25 5628
0.25 5627
0.25 5626
0.26 5625
0.26 5624
0.26 5623
0.26 5622
0.27 5621
0.27 5620
0.27 5619
0.27 5618
0.28 5617
0.28 5616
0.28 5615
0.28 5614
0.29 5613
0.29 5612
0.29 5611
0.29 5610
0.30 5609
0.30 5608
0.30 5607
0.30 5606
0.31 5605
0.31 5604
0.31 5603
0.32 5602
0.32 5601
0.32 5600
0.32 5599
0.32 5598
0.33 5597
0.33 5596
0.33 5595
0.33 5594
0.34 5593
0.34 5592
0.34 5591
0.35 5590
0.35 5589
0.35 5588
0.35 5587
0.36 5586
0.36 5585
0.36 5584
0.36 5583
0.37 5582
0.37 5581
0.37 5580
0.37 5579
0.38 5578
0.38 5577
0.38 5576
0.38 5575
0.39 5574
0.39 5573
0.39 5572
0.39 5571
0.40 5570
0.40 5569
0.40 5568
0.40 5567
0.41 5566
0.41 5565
0.41 5564
0.41 5563
0.42 5562
0.42 5561
0.42 5560
0.43 5559
0.43 5558
0.43 5557
0.43 5556
0.44 5555
0.44 5554
0.44 5553
0.44 5552
0.45 5551
0.45 5550
0.45 5549
0.45 5548
0.46 5547
0.46 5546
0.46 5545
0.46 5544
0.47 5543
0.47 5542
0.47 5541
0.47 5540
0.48 5539
0.48 5538
0.48 5537
0.48 5536
0.49 5535
0.49 5534
0.49 5533
0.49 5532
0.50 5531
0.50 5530
0.50 5529
0.50 5528
0.51 5527
0.51 5526
0.51 5525
0.51 5524
0.52 5523
0.52 5522
0.52 5521
0.52 5520
0.53 5519
0.53 5518
0.53 5517
0.53 5516
0.54 5515
0.54 5514
0.54 5513
0.55 5512
0.55 5511
0.55 5510
0.56 5509
0.56 5508
0.56 5507
0.56 5506
0.57 5505
0.57 5504
0.57 5503
0.58 5502
0.58 5501
0.59 5500
0.59 5499
0.59 5498
0.60 5497
0.60 5496
0.60 5495
0.61 5494
0.61 5493
0.61 5492
0.61 5491
0.61 5490
0.62 5489
0.62 5488
0.62 5487
0.62 5486
0.63 5485
0.63 5484
0.63 5483
0.63 5482
0.64 5481
0.64 5480
0.64 5479
0.65 5478
0.65 5477
0.65 5476
0.65 5475
0.66 5474
0.66 5473
0.66 5472
0.66 5471
0.67 5470
0.67 5469
0.67 5468
0.67 5467
0.68 5466
0.68 5465
0.68 5464
0.69 5463
0.69 5462
0.69 5461
0.69 5460
0.70 5459
0.70 5458
0.70 5457
0.70 5456
0.70 5455
0.71 5454
0.71 5453
0.71 5452
0.72 5451
0.72 5450
0.72 5449
0.73 5448
0.73 5447
0.73 5446
0.73 5445
0.74 5444
0.74 5443
0.74 5442
0.75 5441
0.75 5440
0.75 5439
0.75 5438
0.75 5437
0.76 5436
0.76 5435
0.76 5434
0.77 5433
0.77 5432
0.77 5431
0.78 5430
0.78 5429
0.78 5428
0.78 5427
0.79 5426
0.79 5425
0.80 5424
0.80 5423
0.80 5422
0.80 5421
0.81 5420
0.81 5419
0.81 5418
0.82 5417
0.82 5416
0.82 5415
0.82 5414
0.83 5413
0.83 5412
0.83 5411
0.83 5410
0.84 5409
0.84 5408
0.84 5407
0.85 5406
0.85 5405
0.85 5404
0.85 5403
0.86 5402
0.86 5401
0.86 5400
0.86 5399
0.87 5398
0.87 5397
0.87 5396
0.88 5395
0.88 5394
0.88 5393
0.88 5392
0.89 5391
0.89 5390
0.89 5389
0.89 5388
0.90 5387
0.90 5386
0.90 5385
0.90 5384
0.91 5383
0.91 5382
0.91 5381
0.91 5380
0.92 5379
0.92 5378
0.92 5377
0.92 5376
0.93 5375
0.93 5374
0.93 5373
0.93 5372
0.94 5371
0.94 5370
0.94 5369
0.95 5368
0.95 5367
0.95 5366
0.96 5365
0.96 5364
0.96 5363
0.97 5362
0.97 5361
0.97 5360
0.97 5359
0.98 5358
0.98 5357
0.98 5356
0.98 5355
0.98 5354
0.99 5353
0.99 5352
0.99 5351
1.00 5350
1.00 5349
1.00 5348
1.01 5347
1.01 5346
1.01 5345
1.01 5344
1.02 5343
1.02 5342
1.02 5341
1.02 5340
1.03 5339
1.03 5338
1.03 5337
1.03 5336
1.04 5335
1.04 5334
1.04 5333
1.05 5332
1.05 5331
1.05 5330
1.05 5329
1.06 5328
1.06 5327
1.06 5326
1.06 5325
1.07 5324
1.07 5323
1.07 5322
1.07 5321
1.08 5320
1.08 5319
1.08 5318
1.08 5317
1.09 5316
1.09 5315
1.09 5314
1.09 5313
1.10 5312
1.10 5311
1.10 5310
1.10 5309
1.11 5308
1.11 5307
1.11 5306
1.12 5305
1.12 5304
1.12 5303
1.12 5302
1.12 5301
1.13 5300
1.13 5299
1.13 5298
1.13 5297
1.14 5296
1.14 5295
1.14 5294
1.14 5293
1.15 5292
1.15 5291
1.15 5290
1.15 5289
1.16 5288
1.16 5287
1.16 5286
1.17 5285
1.17 5284
1.17 5283
1.18 5282
1.18 5281
1.18 5280
1.18 5279
1.19 5278
1.19 5277
1.19 5276
1.19 5275
1.20 5274
1.20 5273
1.20 5272
1.20 5271
1.21 5270
1.21 5269
1.21 5268
1.21 5267
1.22 5266
1.22 5265
1.22 5264
1.23 5263
1.23 5262
1.24 5261
1.24 5260
1.24 5259
1.25 5258
1.25 5257
1.25 5256
1.26 5255
1.26 5254
1.26 5253
1.26 5252
1.27 5251
1.27 5250
1.27 5249
1.28 5248
1.28 5247
1.28 5246
1.28 5245
1.29 5244
1.29 5243
1.29 5242
1.29 5241
1.30 5240
1.30 5239
1.30 5238
1.30 5237
1.31 5236
1.31 5235
1.31 5234
1.32 5233
1.32 5232
1.32 5231
1.32 5230
1.33 5229
1.33 5228
1.33 5227
1.33 5226
1.34 5225
1.34 5224
1.34 5223
1.34 5222
1.35 5221
1.35 5220
1.35 5219
1.36 5218
1.36 5217
1.36 5216
1.36 5215
1.37 5214
1.37 5213
1.37 5212
1.38 5211
1.38 5210
1.38 5209
1.38 5208
1.40 5207
1.40 5206
1.40 5205
1.40 5204
1.41 5203
1.41 5202
1.41 5201
1.42 5200
1.42 5199
1.42 5198
1.42 5197
1.43 5196
1.43 5195
1.43 5194
1.43 5193
1.44 5192
1.44 5191
1.44 5190
1.44 5189
1.45 5188
1.45 5187
1.45 5186
1.45 5185
1.46 5184
1.46 5183
1.46 5182
1.46 5181
1.47 5180
1.47 5179
1.47 5178
1.47 5177
1.48 5176
1.48 5175
1.49 5174
1.49 5173
1.49 5172
1.49 5171
1.50 5170
1.50 5169
1.51 5168
1.52 5167
1.52 5166
1.53 5165
1.53 5164
1.53 5163
1.53 5162
1.54 5161
1.54 5160
1.55 5159
1.55 5158
1.55 5157
1.56 5156
1.56 5155
1.56 5154
1.57 5153
1.57 5152
1.57 5151
1.57 5150
1.58 5149
1.58 5148
1.58 5147
1.58 5146
1.59 5145
1.59 5144
1.60 5143
1.60 5142
1.60 5141
1.61 5140
1.61 5139
1.62 5138
1.62 5137
1.62 5136
1.62 5135
1.63 5134
1.63 5133
1.63 5132
1.64 5131
1.64 5130
1.64 5129
1.64 5128
1.65 5127
1.65 5126
1.65 5125
1.66 5124
1.66 5123
1.66 5122
1.67 5121
1.67 5120
1.67 5119
1.67 5118
1.68 5117
1.68 5116
1.68 5115
1.69 5114
1.69 5113
1.69 5112
1.69 5111
1.70 5110
1.70 5109
1.70 5108
1.70 5107
1.71 5106
1.71 5105
1.71 5104
1.71 5103
1.72 5102
1.72 5101
1.72 5100
1.73 5099
1.73 5098
1.73 5097
1.73 5096
1.74 5095
1.74 5094
1.74 5093
1.74 5092
1.75 5091
1.75 5090
1.75 5089
1.75 5088
1.75 5087
1.76 5086
1.76 5085
1.76 5084
1.76 5083
1.77 5082
1.77 5081
1.77 5080
1.78 5079
1.78 5078
1.78 5077
1.79 5076
1.79 5075
1.79 5074
1.80 5073
1.80 5072
1.80 5071
1.80 5070
1.81 5069
1.81 5068
1.81 5067
1.81 5066
1.82 5065
1.82 5064
1.82 5063
1.82 5062
1.83 5061
1.83 5060
1.83 5059
1.83 5058
1.84 5057
1.84 5056
1.84 5055
1.84 5054
1.85 5053
1.85 5052
1.85 5051
1.86 5050
1.86 5049
1.86 5048
1.86 5047
1.87 5046
1.87 5045
1.88 5044
1.88 5043
1.89 5042
1.89 5041
1.89 5040
1.89 5039
1.90 5038
1.90 5037
1.90 5036
1.91 5035
1.91 5034
1.91 5033
1.91 5032
1.92 5031
1.92 5030
1.92 5029
1.92 5028
1.93 5027
1.93 5026
1.93 5025
1.93 5024
1.94 5023
1.94 5022
1.94 5021
1.94 5020
1.95 5019
1.95 5018
1.95 5017
1.96 5016
1.96 5015
1.96 5014
1.96 5013
1.96 5012
1.97 5011
1.97 5010
1.97 5009
1.97 5008
1.98 5007
1.98 5006
1.98 5005
1.98 5004
1.99 5003
1.99 5002
1.99 5001
2.00 5000
2.00 4999
2.00 4998
2.00 4997
2.00 4996
2.01 4995
2.01 4994
2.01 4993
2.01 4992
2.02 4991
2.02 4990
2.02 4989
2.02 4988
2.03 4987
2.03 4986
2.03 4985
2.03 4984
2.04 4983
2.04 4982
2.04 4981
2.04 4980
2.05 4979
2.05 4978
2.05 4977
2.05 4976
2.06 4975
2.06 4974
2.06 4973
2.06 4972
2.07 4971
2.07 4970
2.07 4969
2.07 4968
2.08 4967
2.08 4966
2.08 4965
2.08 4964
2.09 4963
2.09 4962
2.09 4961
2.09 4960
2.10 4959
2.10 4958
2.10 4957
2.10 4956
2.11 4955
2.11 4954
2.11 4953
2.11 4952
2.12 4951
2.12 4950
2.12 4949
2.12 4948
2.13 4947
2.13 4946
2.13 4945
2.13 4944
2.14 4943
2.14 4942
2.14 4941
2.14 4940
2.14 4939
2.15 4938
2.15 4937
2.15 4936
2.15 4935
2.16 4934
2.16 4933
2.16 4932
2.16 4931
2.17 4930
2.17 4929
2.17 4928
2.18 4927
2.18 4926
2.18 4925
2.18 4924
2.19 4923
2.19 4922
2.19 4921
2.19 4920
2.19 4919
2.20 4918
2.20 4917
2.20 4916
2.20 4915
2.21 4914
2.21 4913
2.21 4912
2.21 4911
2.22 4910
2.22 4909
2.22 4908
2.22 4907
2.23 4906
2.23 4905
2.23 4904
2.23 4903
2.24 4902
2.24 4901
2.24 4900
2.24 4899
2.25 4898
2.25 4897
2.25 4896
2.25 4895
2.25 4894
2.26 4893
2.26 4892
2.26 4891
2.26 4890
2.26 4889
2.27 4888
2.27 4887
2.27 4886
2.27 4885
2.28 4884
2.28 4883
2.28 4882
2.28 4881
2.28 4880
2.29 4879
2.29 4878
2.29 4877
2.29 4876
2.29 4875
2.30 4874
2.30 4873
2.30 4872
2.30 4871
2.31 4870
2.31 4869
2.31 4868
2.31 4867
2.32 4866
2.32 4865
2.32 4864
2.32 4863
2.33 4862
2.33 4861
2.33 4860
2.33 4859
2.33 4858
2.34 4857
2.34 4856
2.34 4855
2.34 4854
2.35 4853
2.35 4852
2.35 4851
2.35 4850
2.35 4849
2.36 4848
2.36 4847
2.36 4846
2.36 4845
2.37 4844
2.37 4843
2.37 4842
2.37 4841
2.38 4840
2.38 4839
2.38 4838
2.38 4837
2.39 4836
2.39 4835
2.39 4834
2.39 4833
2.40 4832
2.40 4831
2.40 4830
2.40 4829
2.41 4828
2.41 4827
2.41 4826
2.41 4825
2.42 4824
2.42 4823
2.42 4822
2.42 4821
2.43 4820
2.43 4819
2.43 4818
2.44 4817
2.44 4816
2.44 4815
2.44 4814
2.45 4813
2.45 4812
2.45 4811
2.45 4810
2.45 4809
2.46 4808
2.46 4807
2.46 4806
2.46 4805
2.47 4804
2.47 4803
2.47 4802
2.47 4801
2.47 4800
2.48 4799
2.48 4798
2.48 4797
2.48 4796
2.48 4795
2.49 4794
2.49 4793
2.49 4792
2.49 4791
2.50 4790
2.50 4789
2.50 4788
2.50 4787
2.51 4786
2.51 4785
2.51 4784
2.51 4783
2.52 4782
2.52 4781
2.52 4780
2.52 4779
2.53 4778
2.53 4777
2.53 4776
2.53 4775
2.54 4774
2.54 4773
2.54 4772
2.54 4771
2.54 4770
2.55 4769
2.55 4768
2.55 4767
2.55 4766
2.56 4765
2.56 4764
2.56 4763
2.56 4762
2.57 4761
2.57 4760
2.57 4759
2.58 4758
2.58 4757
2.58 4756
2.58 4755
2.58 4754
2.59 4753
2.59 4752
2.59 4751
2.59 4750
2.60 4749
2.60 4748
2.60 4747
2.60 4746
2.61 4745
2.61 4744
2.61 4743
2.61 4742
2.62 4741
2.62 4740
2.62 4739
2.62 4738
2.63 4737
2.63 4736
2.63 4735
2.64 4734
2.64 4733
2.64 4732
2.64 4731
2.65 4730
2.65 4729
2.65 4728
2.65 4727
2.65 4726
2.66 4725
2.66 4724
2.66 4723
2.66 4722
2.67 4721
2.67 4720
2.67 4719
2.67 4718
2.68 4717
2.68 4716
2.68 4715
2.68 4714
2.69 4713
2.69 4712
2.69 4711
2.69 4710
2.70 4709
2.70 4708
2.70 4707
2.70 4706
2.71 4705
2.71 4704
2.71 4703
2.71 4702
2.72 4701
2.72 4700
2.72 4699
2.72 4698
2.72 4697
2.73 4696
2.73 4695
2.73 4694
2.73 4693
2.74 4692
2.74 4691
2.74 4690
2.74 4689
2.74 4688
2.75 4687
2.75 4686
2.75 4685
2.75 4684
2.76 4683
2.76 4682
2.76 4681
2.76 4680
2.77 4679
2.77 4678
2.77 4677
2.77 4676
2.77 4675
2.78 4674
2.78 4673
2.78 4672
2.78 4671
2.78 4670
2.79 4669
2.79 4668
2.79 4667
2.79 4666
2.80 4665
2.80 4664
2.80 4663
2.80 4662
2.81 4661
2.81 4660
2.81 4659
2.81 4658
2.82 4657
2.82 4656
2.82 4655
2.82 4654
2.83 4653
2.83 4652
2.83 4651
2.83 4650
10.33 3307
10.33 3306
