0.01 3735
0.02 3734
0.02 3733
0.02 3732
0.02 3731
0.02 3730
0.02 3729
0.02 3728
0.02 3727
0.02 3726
0.02 3725
0.02 3724
0.02 3723
0.02 3722
0.02 3721
0.03 3720
0.03 3719
0.03 3718
0.03 3717
0.03 3716
0.03 3715
0.03 3714
0.03 3713
0.03 3712
0.03 3711
0.03 3710
0.03 3709
0.03 3708
0.04 3707
0.04 3706
0.04 3705
0.04 3704
0.04 3703
0.04 3702
0.04 3701
0.04 3700
0.04 3699
0.04 3698
0.04 3697
0.04 3696
0.04 3695
0.04 3694
0.04 3693
0.04 3692
0.04 3691
0.05 3690
0.05 3689
0.05 3688
0.05 3687
0.05 3686
0.05 3685
0.05 3684
0.05 3683
0.05 3682
0.06 3681
0.06 3680
0.06 3679
0.06 3678
0.06 3677
0.06 3676
0.06 3675
0.06 3674
0.06 3673
0.06 3672
0.06 3671
0.07 3670
0.07 3669
0.07 3668
0.07 3667
0.07 3666
0.07 3665
0.07 3664
0.07 3663
0.07 3662
0.07 3661
0.07 3660
0.07 3659
0.08 3658
0.08 3657
0.08 3656
0.08 3655
0.08 3654
0.08 3653
0.08 3652
0.08 3651
0.08 3650
0.08 3649
0.08 3648
0.08 3647
0.08 3646
0.09 3645
0.09 3644
0.09 3643
0.09 3642
0.09 3641
0.09 3640
0.09 3639
0.09 3638
0.09 3637
0.09 3636
0.09 3635
0.09 3634
0.09 3633
0.09 3632
0.10 3631
0.10 3630
0.10 3629
0.10 3628
0.10 3627
0.10 3626
0.10 3625
0.10 3624
0.10 3623
0.10 3622
0.10 3621
0.10 3620
0.10 3619
0.10 3618
0.10 3617
0.10 3616
0.10 3615
0.10 3614
0.11 3613
0.11 3612
0.11 3611
0.11 3610
0.11 3609
0.11 3608
0.11 3607
0.11 3606
0.11 3605
0.11 3604
0.11 3603
0.12 3602
0.12 3601
0.12 3600
0.12 3599
0.12 3598
0.12 3597
0.12 3596
0.12 3595
0.12 3594
0.12 3593
0.12 3592
0.12 3591
0.12 3590
0.12 3589
0.12 3588
0.12 3587
0.13 3586
0.13 3585
0.13 3584
0.13 3583
0.13 3582
0.13 3581
0.13 3580
0.13 3579
0.13 3578
0.13 3577
0.13 3576
0.13 3575
0.13 3574
0.13 3573
0.14 3572
0.14 3571
0.14 3570
0.14 3569
0.14 3568
0.14 3567
0.14 3566
0.14 3565
0.14 3564
0.14 3563
0.14 3562
0.14 3561
0.14 3560
0.14 3559
0.14 3558
0.15 3557
0.15 3556
0.15 3555
0.15 3554
0.15 3553
0.15 3552
0.15 3551
0.15 3550
0.15 3549
0.15 3548
0.15 3547
0.15 3546
0.15 3545
0.15 3544
0.15 3543
0.16 3542
0.16 3541
0.16 3540
0.16 3539
0.16 3538
0.16 3537
0.16 3536
0.16 3535
0.16 3534
0.16 3533
0.16 3532
0.16 3531
0.16 3530
0.16 3529
0.16 3528
0.17 3527
0.17 3526
0.17 3525
0.17 3524
0.17 3523
0.17 3522
0.17 3521
0.17 3520
0.17 3519
0.17 3518
0.17 3517
0.17 3516
0.18 3515
0.18 3514
0.18 3513
0.18 3512
0.18 3511
0.18 3510
0.18 3509
0.18 3508
0.18 3507
0.18 3506
0.18 3505
0.18 3504
0.18 3503
0.18 3502
0.18 3501
0.19 3500
0.19 3499
0.19 3498
0.19 3497
0.19 3496
0.19 3495
0.19 3494
0.19 3493
0.19 3492
0.19 3491
0.19 3490
0.19 3489
0.19 3488
0.20 3487
0.20 3486
0.20 3485
0.20 3484
0.20 3483
0.20 3482
0.20 3481
0.20 3480
0.20 3479
0.20 3478
0.20 3477
0.20 3476
0.20 3475
0.21 3474
0.21 3473
0.21 3472
0.21 3471
0.21 3470
0.21 3469
0.21 3468
0.21 3467
0.21 3466
0.21 3465
0.21 3464
0.21 3463
0.21 3462
0.21 3461
0.22 3460
0.22 3459
0.22 3458
0.22 3457
0.22 3456
0.22 3455
0.22 3454
0.22 3453
0.22 3452
0.22 3451
0.22 3450
0.22 3449
0.22 3448
0.22 3447
0.23 3446
0.23 3445
0.23 3444
0.23 3443
0.23 3442
0.23 3441
0.23 3440
0.23 3439
0.23 3438
0.23 3437
0.23 3436
0.23 3435
0.23 3434
0.23 3433
0.24 3432
0.24 3431
0.24 3430
0.24 3429
0.24 3428
0.24 3427
0.24 3426
0.24 3425
0.24 3424
0.24 3423
0.24 3422
0.24 3421
0.24 3420
0.24 3419
0.25 3418
0.25 3417
0.25 3416
0.25 3415
0.25 3414
0.25 3413
0.25 3412
0.25 3411
0.25 3410
0.25 3409
0.25 3408
0.25 3407
0.26 3406
0.26 3405
0.26 3404
0.26 3403
0.26 3402
0.26 3401
0.26 3400
0.26 3399
0.26 3398
0.26 3397
0.26 3396
0.26 3395
0.26 3394
0.26 3393
0.27 3392
0.27 3391
0.27 3390
0.27 3389
0.27 3388
0.27 3387
0.27 3386
0.27 3385
0.27 3384
0.27 3383
0.27 3382
0.27 3381
0.27 3380
0.27 3379
0.27 3378
0.28 3377
0.28 3376
0.28 3375
0.28 3374
0.28 3373
0.28 3372
0.28 3371
0.28 3370
0.28 3369
0.28 3368
0.28 3367
0.28 3366
0.28 3365
0.28 3364
0.28 3363
0.28 3362
0.28 3361
0.29 3360
0.29 3359
0.29 3358
0.29 3357
0.29 3356
0.29 3355
0.29 3354
0.29 3353
0.29 3352
0.29 3351
0.29 3350
0.29 3349
0.29 3348
0.29 3347
0.30 3346
0.30 3345
0.30 3344
0.30 3343
0.30 3342
0.30 3341
0.30 3340
0.30 3339
0.30 3338
0.30 3337
0.30 3336
0.30 3335
0.30 3334
0.30 3333
0.31 3332
0.31 3331
0.31 3330
0.31 3329
0.31 3328
0.31 3327
0.31 3326
0.31 3325
0.31 3324
0.31 3323
0.31 3322
0.31 3321
0.31 3320
0.32 3319
0.32 3318
0.32 3317
0.32 3316
0.32 3315
0.32 3314
0.32 3313
0.32 3312
0.32 3311
0.32 3310
0.32 3309
0.32 3308
0.32 3307
0.32 3306
0.33 3305
0.33 3304
0.33 3303
0.33 3302
0.33 3301
0.33 3300
0.33 3299
0.33 3298
0.33 3297
0.33 3296
0.33 3295
0.33 3294
0.34 3293
0.34 3292
0.34 3291
0.34 3290
0.34 3289
0.34 3288
0.34 3287
0.34 3286
0.34 3285
0.34 3284
0.34 3283
0.34 3282
0.34 3281
0.34 3280
0.34 3279
0.34 3278
0.35 3277
0.35 3276
0.35 3275
0.35 3274
0.35 3273
0.35 3272
0.35 3271
0.35 3270
0.35 3269
0.35 3268
0.35 3267
0.35 3266
0.35 3265
0.35 3264
0.35 3263
0.35 3262
0.36 3261
0.36 3260
0.36 3259
0.36 3258
0.36 3257
0.36 3256
0.36 3255
0.36 3254
0.36 3253
0.36 3252
0.36 3251
0.36 3250
0.36 3249
0.36 3248
0.36 3247
0.37 3246
0.37 3245
0.37 3244
0.37 3243
0.37 3242
0.37 3241
0.37 3240
0.37 3239
0.37 3238
0.37 3237
0.37 3236
0.37 3235
0.37 3234
0.37 3233
0.37 3232
0.37 3231
0.38 3230
0.38 3229
0.38 3228
0.38 3227
0.38 3226
0.38 3225
0.38 3224
0.38 3223
0.38 3222
0.38 3221
0.38 3220
0.38 3219
0.38 3218
0.38 3217
0.39 3216
0.39 3215
0.39 3214
0.39 3213
0.39 3212
0.39 3211
0.39 3210
0.39 3209
0.39 3208
0.39 3207
0.39 3206
0.39 3205
0.40 3204
0.40 3203
0.40 3202
0.40 3201
0.40 3200
0.40 3199
0.40 3198
0.40 3197
0.40 3196
0.40 3195
0.40 3194
0.40 3193
0.40 3192
0.40 3191
0.40 3190
0.41 3189
0.41 3188
0.41 3187
0.41 3186
0.41 3185
0.41 3184
0.41 3183
0.41 3182
0.41 3181
0.41 3180
0.41 3179
0.41 3178
0.41 3177
0.41 3176
0.41 3175
0.42 3174
0.42 3173
0.42 3172
0.42 3171
0.42 3170
0.42 3169
0.42 3168
0.42 3167
0.42 3166
0.42 3165
0.42 3164
0.42 3163
0.42 3162
0.42 3161
0.43 3160
0.43 3159
0.43 3158
0.43 3157
0.43 3156
0.43 3155
0.43 3154
0.43 3153
0.43 3152
0.43 3151
0.43 3150
0.43 3149
0.43 3148
0.43 3147
0.43 3146
0.43 3145
0.43 3144
0.43 3143
0.44 3142
0.44 3141
0.44 3140
0.44 3139
0.44 3138
0.44 3137
0.44 3136
0.44 3135
0.44 3134
0.44 3133
0.44 3132
0.44 3131
0.44 3130
0.44 3129
0.45 3128
0.45 3127
0.45 3126
0.45 3125
0.45 3124
0.45 3123
0.45 3122
0.45 3121
0.45 3120
0.45 3119
0.45 3118
0.45 3117
0.45 3116
0.45 3115
0.45 3114
0.46 3113
0.46 3112
0.46 3111
0.46 3110
0.46 3109
0.46 3108
0.46 3107
0.46 3106
0.46 3105
0.46 3104
0.46 3103
0.46 3102
0.46 3101
0.46 3100
0.46 3099
0.47 3098
0.47 3097
0.47 3096
0.47 3095
0.47 3094
0.47 3093
0.47 3092
0.47 3091
0.47 3090
0.47 3089
0.47 3088
0.47 3087
0.47 3086
0.47 3085
0.47 3084
0.47 3083
0.47 3082
0.48 3081
0.48 3080
0.48 3079
0.48 3078
0.48 3077
0.48 3076
0.48 3075
0.48 3074
0.48 3073
0.48 3072
0.48 3071
0.48 3070
0.48 3069
0.48 3068
0.48 3067
0.48 3066
0.49 3065
0.49 3064
0.49 3063
0.49 3062
0.49 3061
0.49 3060
0.49 3059
0.49 3058
0.49 3057
0.49 3056
0.49 3055
0.49 3054
0.49 3053
0.49 3052
0.49 3051
0.49 3050
0.50 3049
0.50 3048
0.50 3047
0.50 3046
0.50 3045
0.50 3044
0.50 3043
0.50 3042
0.50 3041
0.50 3040
0.50 3039
0.50 3038
0.50 3037
0.50 3036
0.50 3035
0.50 3034
0.51 3033
0.51 3032
0.51 3031
0.51 3030
0.51 3029
0.51 3028
0.51 3027
0.51 3026
0.51 3025
0.51 3024
0.51 3023
0.51 3022
0.51 3021
0.51 3020
0.51 3019
0.51 3018
0.52 3017
0.52 3016
0.52 3015
0.52 3014
0.52 3013
0.52 3012
0.52 3011
0.52 3010
0.52 3009
0.52 3008
0.52 3007
0.52 3006
0.52 3005
0.52 3004
0.52 3003
0.53 3002
0.53 3001
0.53 3000
0.53 2999
0.53 2998
0.53 2997
0.53 2996
0.53 2995
0.53 2994
0.53 2993
0.53 2992
0.53 2991
0.54 2990
0.54 2989
0.54 2988
0.54 2987
0.54 2986
0.54 2985
0.54 2984
0.54 2983
0.54 2982
0.54 2981
0.54 2980
0.54 2979
0.54 2978
0.54 2977
0.54 2976
0.55 2975
0.55 2974
0.55 2973
0.55 2972
0.55 2971
0.55 2970
0.55 2969
0.55 2968
0.55 2967
0.55 2966
0.55 2965
0.55 2964
0.55 2963
0.55 2962
0.55 2961
0.56 2960
0.56 2959
0.56 2958
0.56 2957
0.56 2956
0.56 2955
0.56 2954
0.56 2953
0.56 2952
0.56 2951
0.56 2950
0.56 2949
0.56 2948
0.56 2947
0.56 2946
0.56 2945
0.57 2944
0.57 2943
0.57 2942
0.57 2941
0.57 2940
0.57 2939
0.57 2938
0.57 2937
0.57 2936
0.57 2935
0.57 2934
0.57 2933
0.57 2932
0.57 2931
0.57 2930
0.58 2929
0.58 2928
0.58 2927
0.58 2926
0.58 2925
0.58 2924
0.58 2923
0.58 2922
0.58 2921
0.58 2920
0.58 2919
0.58 2918
0.58 2917
0.58 2916
0.58 2915
0.59 2914
0.59 2913
0.59 2912
0.59 2911
0.59 2910
0.59 2909
0.59 2908
0.59 2907
0.59 2906
0.59 2905
0.59 2904
0.59 2903
0.59 2902
0.59 2901
0.59 2900
0.60 2899
0.60 2898
0.60 2897
0.60 2896
0.60 2895
0.60 2894
0.60 2893
0.60 2892
0.60 2891
0.60 2890
0.60 2889
0.60 2888
0.60 2887
0.60 2886
0.60 2885
0.60 2884
0.61 2883
0.61 2882
0.61 2881
0.61 2880
0.61 2879
0.61 2878
0.61 2877
0.61 2876
0.61 2875
0.61 2874
0.61 2873
0.61 2872
0.61 2871
0.61 2870
0.61 2869
0.62 2868
0.62 2867
0.62 2866
0.62 2865
0.62 2864
0.62 2863
0.62 2862
0.62 2861
0.62 2860
0.62 2859
0.62 2858
0.62 2857
0.62 2856
0.62 2855
0.62 2854
0.62 2853
0.62 2852
0.63 2851
0.63 2850
0.63 2849
0.63 2848
0.63 2847
0.63 2846
0.63 2845
0.63 2844
0.63 2843
0.63 2842
0.63 2841
0.63 2840
0.63 2839
0.63 2838
0.64 2837
0.64 2836
0.64 2835
0.64 2834
0.64 2833
0.64 2832
0.64 2831
0.64 2830
0.64 2829
0.64 2828
0.64 2827
0.64 2826
0.64 2825
0.64 2824
0.64 2823
0.64 2822
0.64 2821
0.65 2820
0.65 2819
0.65 2818
0.65 2817
0.65 2816
0.65 2815
0.65 2814
0.65 2813
0.66 2812
0.66 2811
0.66 2810
0.66 2809
0.66 2808
0.66 2807
0.66 2806
0.66 2805
0.66 2804
0.66 2803
0.66 2802
0.66 2801
0.66 2800
0.67 2799
0.67 2798
0.67 2797
0.67 2796
0.67 2795
0.67 2794
0.67 2793
0.67 2792
0.67 2791
0.67 2790
0.67 2789
0.67 2788
0.67 2787
0.67 2786
0.67 2785
0.67 2784
0.67 2783
0.68 2782
0.68 2781
0.68 2780
0.68 2779
0.68 2778
0.68 2777
0.68 2776
0.68 2775
0.68 2774
0.68 2773
0.68 2772
0.68 2771
0.69 2770
0.69 2769
0.69 2768
0.69 2767
0.69 2766
0.69 2765
0.69 2764
0.69 2763
0.69 2762
0.69 2761
0.69 2760
0.69 2759
0.69 2758
0.69 2757
0.69 2756
0.69 2755
0.70 2754
0.70 2753
0.70 2752
0.70 2751
0.70 2750
0.70 2749
0.70 2748
0.70 2747
0.70 2746
0.70 2745
0.70 2744
0.70 2743
0.70 2742
0.70 2741
0.70 2740
0.70 2739
0.71 2738
0.71 2737
0.71 2736
0.71 2735
0.71 2734
0.71 2733
0.71 2732
0.71 2731
0.71 2730
0.71 2729
0.71 2728
0.71 2727
0.71 2726
0.71 2725
0.72 2724
0.72 2723
0.72 2722
0.72 2721
0.72 2720
0.72 2719
0.72 2718
0.72 2717
0.72 2716
0.72 2715
0.72 2714
0.72 2713
0.72 2712
0.72 2711
0.72 2710
0.72 2709
0.72 2708
0.73 2707
0.73 2706
0.73 2705
0.73 2704
0.73 2703
0.73 2702
0.73 2701
0.73 2700
0.73 2699
0.73 2698
0.73 2697
0.73 2696
0.73 2695
0.73 2694
0.73 2693
0.73 2692
0.74 2691
0.74 2690
0.74 2689
0.74 2688
0.74 2687
0.74 2686
0.74 2685
0.74 2684
0.74 2683
0.74 2682
0.74 2681
0.74 2680
0.74 2679
0.74 2678
0.74 2677
0.75 2676
0.75 2675
0.75 2674
0.75 2673
0.75 2672
0.75 2671
0.75 2670
0.75 2669
0.75 2668
0.75 2667
0.75 2666
0.75 2665
0.75 2664
0.75 2663
0.75 2662
0.75 2661
0.76 2660
0.76 2659
0.76 2658
0.76 2657
0.76 2656
0.76 2655
0.76 2654
0.76 2653
0.76 2652
0.76 2651
0.76 2650
0.76 2649
0.76 2648
0.76 2647
0.76 2646
0.77 2645
0.77 2644
0.77 2643
0.77 2642
0.77 2641
0.77 2640
0.77 2639
0.77 2638
0.77 2637
0.77 2636
0.77 2635
0.77 2634
0.77 2633
0.77 2632
0.78 2631
0.78 2630
0.78 2629
0.78 2628
0.78 2627
0.78 2626
0.78 2625
0.78 2624
0.78 2623
0.78 2622
0.78 2621
0.78 2620
0.78 2619
0.78 2618
0.78 2617
0.78 2616
0.78 2615
0.78 2614
0.79 2613
0.79 2612
0.79 2611
0.79 2610
0.79 2609
0.79 2608
0.79 2607
0.79 2606
0.79 2605
0.79 2604
0.79 2603
0.79 2602
0.79 2601
0.79 2600
0.79 2599
0.79 2598
0.79 2597
0.79 2596
0.80 2595
0.80 2594
0.80 2593
0.80 2592
0.80 2591
0.80 2590
0.80 2589
0.80 2588
0.80 2587
0.80 2586
0.80 2585
0.80 2584
0.80 2583
0.80 2582
0.80 2581
0.80 2580
0.81 2579
0.81 2578
0.81 2577
0.81 2576
0.81 2575
0.81 2574
0.81 2573
0.81 2572
0.81 2571
0.81 2570
0.81 2569
0.81 2568
0.81 2567
0.81 2566
0.81 2565
0.81 2564
0.81 2563
0.82 2562
0.82 2561
0.82 2560
0.82 2559
0.82 2558
0.82 2557
0.82 2556
0.82 2555
0.82 2554
0.82 2553
0.82 2552
0.82 2551
0.82 2550
0.82 2549
0.82 2548
0.82 2547
0.82 2546
0.82 2545
0.83 2544
0.83 2543
0.83 2542
0.83 2541
0.83 2540
0.83 2539
0.83 2538
0.83 2537
0.83 2536
0.83 2535
0.83 2534
0.83 2533
0.83 2532
0.83 2531
0.83 2530
0.83 2529
0.83 2528
0.83 2527
0.84 2526
0.84 2525
0.84 2524
0.84 2523
0.84 2522
0.84 2521
0.84 2520
0.84 2519
0.84 2518
0.84 2517
0.84 2516
0.84 2515
0.84 2514
0.84 2513
0.84 2512
0.84 2511
0.84 2510
0.85 2509
0.85 2508
0.85 2507
0.85 2506
0.85 2505
0.85 2504
0.85 2503
0.85 2502
0.85 2501
0.85 2500
0.85 2499
0.85 2498
0.85 2497
0.85 2496
0.85 2495
0.85 2494
0.85 2493
0.85 2492
0.86 2491
0.86 2490
0.86 2489
0.86 2488
0.86 2487
0.86 2486
0.86 2485
0.86 2484
0.86 2483
0.86 2482
0.86 2481
0.86 2480
0.86 2479
0.86 2478
0.86 2477
0.86 2476
0.86 2475
0.86 2474
0.87 2473
0.87 2472
0.87 2471
0.87 2470
0.87 2469
0.87 2468
0.87 2467
0.87 2466
0.87 2465
0.87 2464
0.87 2463
0.87 2462
0.87 2461
0.87 2460
0.87 2459
0.87 2458
0.87 2457
0.87 2456
0.88 2455
0.88 2454
0.88 2453
0.88 2452
0.88 2451
0.88 2450
0.88 2449
0.88 2448
0.88 2447
0.88 2446
0.88 2445
0.88 2444
0.88 2443
0.88 2442
0.88 2441
0.88 2440
0.88 2439
0.88 2438
0.89 2437
0.89 2436
0.89 2435
0.89 2434
0.89 2433
0.89 2432
0.89 2431
0.89 2430
0.89 2429
0.89 2428
0.89 2427
0.89 2426
0.89 2425
0.89 2424
0.89 2423
0.89 2422
0.89 2421
0.89 2420
0.90 2419
0.90 2418
0.90 2417
0.90 2416
0.90 2415
0.90 2414
0.90 2413
0.90 2412
0.90 2411
0.90 2410
0.90 2409
0.90 2408
0.90 2407
0.91 2406
0.91 2405
0.91 2404
0.91 2403
0.91 2402
0.91 2401
0.91 2400
0.91 2399
0.91 2398
0.91 2397
0.92 2396
0.92 2395
0.92 2394
0.92 2393
0.92 2392
0.92 2391
0.92 2390
0.92 2389
0.92 2388
0.92 2387
0.92 2386
0.92 2385
0.92 2384
0.92 2383
0.92 2382
0.93 2381
0.93 2380
0.93 2379
0.93 2378
0.93 2377
0.93 2376
0.93 2375
0.93 2374
0.93 2373
0.93 2372
0.93 2371
0.93 2370
0.93 2369
0.93 2368
0.93 2367
0.94 2366
0.94 2365
0.94 2364
0.94 2363
0.94 2362
0.94 2361
0.94 2360
0.94 2359
0.94 2358
0.94 2357
0.94 2356
0.94 2355
0.94 2354
0.94 2353
0.94 2352
0.94 2351
0.95 2350
0.95 2349
0.95 2348
0.95 2347
0.95 2346
0.95 2345
0.95 2344
0.95 2343
0.95 2342
0.95 2341
0.95 2340
0.95 2339
0.95 2338
0.95 2337
0.95 2336
0.95 2335
0.96 2334
0.96 2333
0.96 2332
0.96 2331
0.96 2330
0.96 2329
2.34 2269
2.34 2268
2.34 2267
2.34 2266
2.34 2265
2.34 2264
2.34 2263
2.34 2262
2.34 2261
2.34 2260
2.34 2259
2.34 2258
2.35 2257
2.35 2256
2.35 2255
2.35 2254
2.35 2253
