0.41 999
0.41 998
0.41 997
0.41 996
0.41 995
0.41 994
0.41 993
0.41 992
0.42 991
0.42 990
0.42 989
0.42 988
0.42 987
0.42 986
0.42 985
0.42 984
0.42 983
0.42 982
0.42 981
0.42 980
0.42 979
0.42 978
0.42 977
0.42 976
0.42 975
0.42 974
0.42 973
0.42 972
0.42 971
0.42 970
0.42 969
0.42 968
0.42 967
0.42 966
0.42 965
0.42 964
0.42 963
0.44 962
0.44 961
0.44 960
0.44 959
0.44 958
0.44 957
0.44 956
0.44 955
0.44 954
0.44 953
0.44 952
0.44 951
0.44 950
0.44 949
0.44 948
0.44 947
0.44 946
0.44 945
0.44 944
0.44 943
0.44 942
0.44 941
0.44 940
0.44 939
0.44 938
0.44 937
0.44 936
0.44 935
0.44 934
2.33 933
