0.95 1499
0.95 1498
0.95 1497
0.95 1496
0.95 1495
0.95 1494
0.95 1493
0.95 1492
0.95 1491
0.95 1490
0.95 1489
0.95 1488
0.95 1487
0.95 1486
0.96 1485
0.96 1484
0.96 1483
0.96 1482
0.96 1481
0.96 1480
0.96 1479
0.97 1478
0.97 1477
0.97 1476
0.97 1475
0.97 1474
0.97 1473
0.97 1472
0.97 1471
0.97 1470
0.97 1469
0.97 1468
0.97 1467
0.98 1466
0.98 1465
0.98 1464
0.98 1463
0.98 1462
0.98 1461
0.98 1460
0.98 1459
0.98 1458
0.98 1457
0.98 1456
0.98 1455
0.98 1454
0.98 1453
0.98 1452
0.98 1451
0.98 1450
0.99 1449
0.99 1448
1.00 1447
1.00 1446
1.00 1445
1.01 1444
3.78 1440
3.78 1439
6.61 1438
