0.01 3735
0.01 3734
0.01 3733
0.02 3732
0.02 3731
0.02 3730
0.02 3729
0.02 3728
0.02 3727
0.02 3726
0.02 3725
0.02 3724
0.02 3723
0.02 3722
0.02 3721
0.02 3720
0.02 3719
0.03 3718
0.03 3717
0.03 3716
0.03 3715
0.03 3714
0.03 3713
0.03 3712
0.03 3711
0.03 3710
0.04 3709
0.04 3708
0.04 3707
0.04 3706
0.04 3705
0.04 3704
0.04 3703
0.04 3702
0.04 3701
0.04 3700
0.04 3699
0.04 3698
0.04 3697
0.05 3696
0.05 3695
0.05 3694
0.05 3693
0.05 3692
0.05 3691
0.05 3690
0.05 3689
0.05 3688
0.06 3687
0.06 3686
0.06 3685
0.06 3684
0.06 3683
0.06 3682
0.06 3681
0.06 3680
0.06 3679
0.06 3678
0.06 3677
0.06 3676
0.06 3675
0.07 3674
0.07 3673
0.07 3672
0.07 3671
0.07 3670
0.07 3669
0.07 3668
0.07 3667
0.07 3666
0.07 3665
0.07 3664
0.07 3663
0.08 3662
0.08 3661
0.08 3660
0.08 3659
0.08 3658
0.08 3657
0.08 3656
0.08 3655
0.08 3654
0.08 3653
0.08 3652
0.09 3651
0.09 3650
0.09 3649
0.09 3648
0.09 3647
0.09 3646
0.09 3645
0.09 3644
0.09 3643
0.09 3642
0.09 3641
0.09 3640
0.09 3639
0.10 3638
0.10 3637
0.10 3636
0.10 3635
0.10 3634
0.10 3633
0.10 3632
0.10 3631
0.10 3630
0.10 3629
0.10 3628
0.10 3627
0.10 3626
0.10 3625
0.10 3624
0.11 3623
0.11 3622
0.11 3621
0.11 3620
0.11 3619
0.11 3618
0.11 3617
0.11 3616
0.11 3615
0.11 3614
0.11 3613
0.11 3612
0.11 3611
0.11 3610
0.12 3609
0.12 3608
0.12 3607
0.12 3606
0.12 3605
0.12 3604
0.12 3603
0.12 3602
0.12 3601
0.12 3600
0.12 3599
0.12 3598
0.12 3597
0.12 3596
0.13 3595
0.13 3594
0.13 3593
0.13 3592
0.13 3591
0.13 3590
0.13 3589
0.13 3588
0.13 3587
0.13 3586
0.13 3585
0.13 3584
0.13 3583
0.13 3582
0.13 3581
0.14 3580
0.14 3579
0.14 3578
0.14 3577
0.14 3576
0.14 3575
0.14 3574
0.14 3573
0.14 3572
0.14 3571
0.15 3570
0.15 3569
0.15 3568
0.15 3567
0.15 3566
0.15 3565
0.15 3564
0.15 3563
0.15 3562
0.15 3561
0.15 3560
0.15 3559
0.16 3558
0.16 3557
0.16 3556
0.16 3555
0.16 3554
0.16 3553
0.16 3552
0.16 3551
0.16 3550
0.16 3549
0.16 3548
0.17 3547
0.17 3546
0.17 3545
0.17 3544
0.17 3543
0.17 3542
0.17 3541
0.17 3540
0.17 3539
0.17 3538
0.17 3537
0.17 3536
0.17 3535
0.17 3534
0.17 3533
0.18 3532
0.18 3531
0.18 3530
0.18 3529
0.18 3528
0.18 3527
0.18 3526
0.18 3525
0.18 3524
0.18 3523
0.18 3522
0.18 3521
0.18 3520
0.19 3519
0.19 3518
0.19 3517
0.19 3516
0.19 3515
0.19 3514
0.19 3513
0.19 3512
0.19 3511
0.19 3510
0.19 3509
0.19 3508
0.19 3507
0.20 3506
0.20 3505
0.20 3504
0.20 3503
0.20 3502
0.20 3501
0.20 3500
0.20 3499
0.20 3498
0.20 3497
0.20 3496
0.20 3495
0.20 3494
0.20 3493
0.21 3492
0.21 3491
0.21 3490
0.21 3489
0.21 3488
0.21 3487
0.21 3486
0.21 3485
0.21 3484
0.21 3483
0.21 3482
0.21 3481
0.21 3480
0.21 3479
0.21 3478
0.21 3477
0.22 3476
0.22 3475
0.22 3474
0.22 3473
0.22 3472
0.22 3471
0.22 3470
0.22 3469
0.22 3468
0.22 3467
0.22 3466
0.22 3465
0.23 3464
0.23 3463
0.23 3462
0.23 3461
0.23 3460
0.23 3459
0.23 3458
0.23 3457
0.23 3456
0.23 3455
0.23 3454
0.23 3453
0.23 3452
0.24 3451
0.24 3450
0.24 3449
0.24 3448
0.24 3447
0.24 3446
0.24 3445
0.24 3444
0.24 3443
0.24 3442
0.24 3441
0.24 3440
0.24 3439
0.24 3438
0.25 3437
0.25 3436
0.25 3435
0.25 3434
0.25 3433
0.25 3432
0.25 3431
0.25 3430
0.25 3429
0.25 3428
0.25 3427
0.25 3426
0.25 3425
0.25 3424
0.25 3423
0.26 3422
0.26 3421
0.26 3420
0.26 3419
0.26 3418
0.26 3417
0.26 3416
0.26 3415
0.26 3414
0.26 3413
0.26 3412
0.26 3411
0.27 3410
0.27 3409
0.27 3408
0.27 3407
0.27 3406
0.27 3405
0.27 3404
0.27 3403
0.27 3402
0.27 3401
0.27 3400
0.27 3399
0.27 3398
0.27 3397
0.28 3396
0.28 3395
0.28 3394
0.28 3393
0.28 3392
0.28 3391
0.28 3390
0.28 3389
0.28 3388
0.28 3387
0.28 3386
0.28 3385
0.28 3384
0.29 3383
0.29 3382
0.29 3381
0.29 3380
0.29 3379
0.29 3378
0.29 3377
0.29 3376
0.29 3375
0.29 3374
0.29 3373
0.29 3372
0.29 3371
0.29 3370
0.29 3369
0.30 3368
0.30 3367
0.30 3366
0.30 3365
0.30 3364
0.30 3363
0.30 3362
0.30 3361
0.30 3360
0.30 3359
0.30 3358
0.30 3357
0.31 3356
0.31 3355
0.31 3354
0.31 3353
0.31 3352
0.31 3351
0.31 3350
0.31 3349
0.31 3348
0.31 3347
0.31 3346
0.31 3345
0.31 3344
0.32 3343
0.32 3342
0.32 3341
0.32 3340
0.32 3339
0.32 3338
0.32 3337
0.32 3336
0.32 3335
0.32 3334
0.32 3333
0.32 3332
0.32 3331
0.32 3330
0.33 3329
0.33 3328
0.33 3327
0.33 3326
0.33 3325
0.33 3324
0.33 3323
0.33 3322
0.33 3321
0.33 3320
0.33 3319
0.33 3318
0.33 3317
0.34 3316
0.34 3315
0.34 3314
0.34 3313
0.34 3312
0.34 3311
0.34 3310
0.34 3309
0.34 3308
0.34 3307
0.34 3306
0.34 3305
0.34 3304
0.34 3303
0.34 3302
0.34 3301
0.34 3300
0.34 3299
0.34 3298
0.34 3297
0.35 3296
0.35 3295
0.35 3294
0.35 3293
0.35 3292
0.35 3291
0.35 3290
0.35 3289
0.35 3288
0.35 3287
0.35 3286
0.35 3285
0.35 3284
0.35 3283
0.35 3282
0.35 3281
0.35 3280
0.35 3279
0.35 3278
0.35 3277
0.37 3276
0.37 3275
0.37 3274
0.37 3273
0.37 3272
0.37 3271
0.37 3270
0.37 3269
0.37 3268
0.37 3267
0.37 3266
0.37 3265
0.37 3264
0.37 3263
0.37 3262
0.37 3261
0.37 3260
0.37 3259
0.37 3258
0.37 3257
0.38 3256
0.38 3255
0.38 3254
0.38 3253
0.38 3252
0.38 3251
0.39 3250
0.39 3249
0.39 3248
0.39 3247
0.39 3246
0.39 3245
0.39 3244
0.39 3243
0.40 3242
0.40 3241
0.40 3240
0.40 3239
0.40 3238
0.40 3237
0.40 3236
0.40 3235
0.40 3234
0.40 3233
0.40 3232
0.40 3231
0.40 3230
0.40 3229
0.41 3228
0.41 3227
0.41 3226
0.41 3225
0.41 3224
0.41 3223
0.41 3222
0.41 3221
0.41 3220
0.41 3219
0.41 3218
0.41 3217
0.41 3216
0.42 3215
0.42 3214
0.42 3213
0.42 3212
0.42 3211
0.42 3210
0.42 3209
0.42 3208
0.42 3207
0.42 3206
0.42 3205
0.42 3204
0.42 3203
0.42 3202
0.42 3201
0.42 3200
0.42 3199
0.42 3198
0.42 3197
0.42 3196
0.43 3195
0.43 3194
0.43 3193
0.43 3192
0.43 3191
0.43 3190
0.44 3189
0.44 3188
0.44 3187
0.44 3186
0.44 3185
0.44 3184
0.44 3183
0.44 3182
0.44 3181
0.44 3180
0.44 3179
0.44 3178
0.44 3177
0.44 3176
0.44 3175
0.44 3174
0.45 3173
0.45 3172
0.45 3171
0.45 3170
0.45 3169
0.45 3168
0.45 3167
0.45 3166
0.45 3165
0.45 3164
0.45 3163
0.45 3162
0.45 3161
0.45 3160
0.45 3159
0.45 3158
0.46 3157
0.46 3156
0.46 3155
0.46 3154
0.46 3153
0.46 3152
0.46 3151
0.46 3150
0.46 3149
0.46 3148
0.46 3147
0.46 3146
0.46 3145
0.46 3144
0.46 3143
0.46 3142
0.47 3141
0.47 3140
0.47 3139
0.47 3138
0.47 3137
0.47 3136
0.47 3135
0.48 3134
0.48 3133
0.48 3132
0.48 3131
0.48 3130
0.48 3129
0.48 3128
0.48 3127
0.48 3126
0.48 3125
0.48 3124
0.48 3123
0.48 3122
0.48 3121
0.48 3120
0.48 3119
0.48 3118
0.48 3117
0.48 3116
0.48 3115
0.48 3114
0.48 3113
0.49 3112
0.49 3111
0.49 3110
0.49 3109
0.49 3108
0.49 3107
0.49 3106
0.50 3105
0.50 3104
0.50 3103
0.50 3102
0.50 3101
0.50 3100
0.50 3099
0.50 3098
0.50 3097
0.50 3096
0.50 3095
0.50 3094
0.50 3093
0.50 3092
0.50 3091
0.51 3090
0.51 3089
0.51 3088
0.51 3087
0.51 3086
0.51 3085
0.51 3084
0.51 3083
0.51 3082
0.51 3081
0.51 3080
0.51 3079
0.51 3078
0.51 3077
0.51 3076
0.51 3075
0.52 3074
0.52 3073
0.52 3072
0.52 3071
0.52 3070
0.52 3069
0.52 3068
0.52 3067
0.52 3066
0.53 3065
0.53 3064
0.53 3063
0.53 3062
0.53 3061
0.53 3060
0.53 3059
0.53 3058
0.53 3057
0.53 3056
0.53 3055
0.53 3054
0.53 3053
0.53 3052
0.54 3051
0.54 3050
0.54 3049
0.54 3048
0.54 3047
0.54 3046
0.54 3045
0.54 3044
0.54 3043
0.54 3042
0.54 3041
0.54 3040
0.55 3039
0.55 3038
0.55 3037
0.55 3036
0.55 3035
0.55 3034
0.55 3033
0.55 3032
0.55 3031
0.55 3030
0.55 3029
0.55 3028
0.55 3027
0.55 3026
0.56 3025
0.56 3024
0.56 3023
0.56 3022
0.56 3021
0.56 3020
0.57 3019
0.57 3018
0.57 3017
0.57 3016
0.57 3015
0.57 3014
0.57 3013
0.57 3012
0.57 3011
0.57 3010
0.57 3009
0.58 3008
0.58 3007
0.58 3006
0.58 3005
0.58 3004
0.58 3003
0.58 3002
0.58 3001
0.58 3000
0.58 2999
0.58 2998
0.58 2997
0.58 2996
0.58 2995
0.58 2994
0.58 2993
0.58 2992
0.58 2991
0.59 2990
0.59 2989
0.59 2988
0.59 2987
0.59 2986
0.59 2985
0.59 2984
0.59 2983
0.59 2982
0.60 2981
0.60 2980
0.60 2979
0.60 2978
0.60 2977
0.60 2976
0.60 2975
0.60 2974
0.60 2973
0.60 2972
0.60 2971
0.60 2970
0.60 2969
0.60 2968
0.60 2967
0.61 2966
0.61 2965
0.61 2964
0.61 2963
0.61 2962
0.61 2961
0.61 2960
0.61 2959
0.61 2958
0.61 2957
0.61 2956
0.61 2955
0.61 2954
0.62 2953
0.62 2952
0.62 2951
0.62 2950
0.62 2949
0.62 2948
0.62 2947
0.62 2946
0.62 2945
0.62 2944
0.62 2943
0.62 2942
0.62 2941
0.62 2940
0.62 2939
0.62 2938
0.62 2937
0.62 2936
0.62 2935
0.62 2934
0.62 2933
0.62 2932
0.62 2931
0.62 2930
0.62 2929
0.62 2928
0.62 2927
0.62 2926
0.62 2925
0.62 2924
0.62 2923
0.64 2922
0.64 2921
0.64 2920
0.64 2919
0.64 2918
0.64 2917
0.64 2916
0.64 2915
0.64 2914
0.64 2913
0.64 2912
0.64 2911
0.64 2910
0.64 2909
0.64 2908
0.64 2907
0.64 2906
0.64 2905
0.64 2904
0.64 2903
0.64 2902
0.64 2901
0.65 2900
0.65 2899
0.65 2898
0.66 2897
0.66 2896
0.66 2895
0.66 2894
0.66 2893
0.66 2892
0.66 2891
0.66 2890
0.66 2889
0.66 2888
0.66 2887
0.66 2886
0.66 2885
0.66 2884
0.66 2883
0.66 2882
0.66 2881
0.66 2880
0.66 2879
0.66 2878
0.67 2877
0.67 2876
0.67 2875
0.67 2874
0.67 2873
0.67 2872
0.67 2871
0.67 2870
0.67 2869
0.67 2868
0.67 2867
0.67 2866
0.67 2865
0.67 2864
0.67 2863
0.67 2862
0.67 2861
0.67 2860
0.67 2859
0.67 2858
0.67 2857
0.68 2856
0.69 2855
0.69 2854
0.69 2853
0.69 2852
0.69 2851
0.69 2850
0.69 2849
0.69 2848
0.69 2847
0.69 2846
0.69 2845
0.69 2844
0.69 2843
0.69 2842
0.69 2841
0.69 2840
0.70 2839
0.70 2838
0.70 2837
0.70 2836
0.70 2835
0.70 2834
0.70 2833
0.70 2832
0.70 2831
0.70 2830
0.70 2829
0.70 2828
0.70 2827
0.70 2826
0.71 2825
0.71 2824
0.71 2823
0.71 2822
0.71 2821
0.71 2820
0.71 2819
0.71 2818
0.71 2817
0.71 2816
0.71 2815
0.71 2814
0.72 2813
0.72 2812
0.72 2811
0.72 2810
0.72 2809
0.72 2808
0.72 2807
0.72 2806
0.72 2805
0.72 2804
0.72 2803
0.72 2802
0.72 2801
0.72 2800
0.72 2799
0.72 2798
0.72 2797
0.72 2796
0.72 2795
0.72 2794
0.72 2793
0.72 2792
0.72 2791
0.72 2790
0.73 2789
0.73 2788
0.73 2787
0.73 2786
0.73 2785
0.73 2784
0.73 2783
0.74 2782
0.74 2781
0.74 2780
0.74 2779
0.74 2778
0.74 2777
0.74 2776
0.74 2775
0.74 2774
0.74 2773
0.74 2772
0.75 2771
0.75 2770
0.75 2769
0.75 2768
0.75 2767
0.75 2766
0.75 2765
0.75 2764
0.75 2763
0.75 2762
0.75 2761
0.75 2760
0.75 2759
0.75 2758
0.75 2757
0.75 2756
0.75 2755
0.75 2754
0.75 2753
0.75 2752
0.75 2751
0.75 2750
0.75 2749
0.75 2748
0.75 2747
0.76 2746
0.77 2745
0.77 2744
0.77 2743
0.77 2742
0.77 2741
0.77 2740
0.77 2739
0.77 2738
0.77 2737
0.77 2736
0.77 2735
0.77 2734
0.77 2733
0.77 2732
0.77 2731
0.78 2730
0.78 2729
0.78 2728
0.78 2727
0.78 2726
0.78 2725
0.78 2724
0.78 2723
0.78 2722
0.78 2721
0.78 2720
0.78 2719
0.78 2718
0.78 2717
0.78 2716
0.78 2715
0.78 2714
0.78 2713
0.78 2712
0.78 2711
0.78 2710
0.78 2709
0.78 2708
0.78 2707
0.78 2706
0.78 2705
0.78 2704
0.78 2703
0.80 2702
0.80 2701
0.80 2700
0.80 2699
0.80 2698
0.80 2697
0.80 2696
0.80 2695
0.80 2694
0.80 2693
0.80 2692
0.80 2691
0.80 2690
0.80 2689
0.80 2688
0.80 2687
0.80 2686
0.80 2685
0.80 2684
0.80 2683
0.80 2682
0.81 2681
0.81 2680
0.81 2679
0.81 2678
0.81 2677
0.81 2676
0.81 2675
0.81 2674
0.82 2673
0.82 2672
0.82 2671
0.82 2670
0.82 2669
0.82 2668
0.82 2667
0.82 2666
0.82 2665
0.82 2664
0.82 2663
0.82 2662
0.82 2661
0.82 2660
0.83 2659
0.83 2658
0.83 2657
0.83 2656
0.83 2655
0.83 2654
0.83 2653
0.83 2652
0.83 2651
0.83 2650
0.83 2649
0.83 2648
0.83 2647
0.83 2646
0.84 2645
0.84 2644
0.84 2643
0.84 2642
0.84 2641
0.84 2640
0.84 2639
0.84 2638
0.84 2637
0.84 2636
0.84 2635
0.84 2634
0.84 2633
0.84 2632
0.84 2631
0.84 2630
0.84 2629
0.84 2628
0.84 2627
0.84 2626
0.84 2625
0.84 2624
0.85 2623
0.85 2622
0.85 2621
0.85 2620
0.85 2619
0.85 2618
0.85 2617
0.85 2616
0.86 2615
0.86 2614
0.86 2613
0.86 2612
0.86 2611
0.86 2610
0.86 2609
0.86 2608
0.86 2607
0.86 2606
0.86 2605
0.86 2604
0.86 2603
0.86 2602
0.87 2601
0.87 2600
0.87 2599
0.87 2598
0.87 2597
0.87 2596
0.87 2595
0.87 2594
0.87 2593
0.87 2592
0.87 2591
0.87 2590
0.87 2589
0.88 2588
0.88 2587
0.88 2586
0.88 2585
0.88 2584
0.88 2583
0.88 2582
0.88 2581
0.89 2580
0.89 2579
0.89 2578
0.89 2577
0.89 2576
0.89 2575
0.89 2574
0.89 2573
0.89 2572
0.89 2571
0.90 2570
0.90 2569
0.90 2568
0.90 2567
0.90 2566
0.90 2565
0.90 2564
0.90 2563
0.90 2562
0.90 2561
0.90 2560
0.90 2559
0.90 2558
0.90 2557
0.90 2556
0.91 2555
0.91 2554
0.91 2553
0.91 2552
0.91 2551
0.91 2550
0.91 2549
0.91 2548
0.91 2547
0.91 2546
0.91 2545
0.91 2544
0.91 2543
0.91 2542
0.91 2541
0.92 2540
0.92 2539
0.92 2538
0.92 2537
0.92 2536
0.92 2535
0.92 2534
0.92 2533
0.92 2532
0.92 2531
0.92 2530
0.92 2529
0.92 2528
0.92 2527
0.92 2526
0.92 2525
0.93 2524
0.93 2523
0.93 2522
0.93 2521
0.93 2520
0.93 2519
0.93 2518
0.93 2517
0.93 2516
0.93 2515
0.93 2514
0.93 2513
0.93 2512
0.93 2511
0.93 2510
0.93 2509
0.93 2508
0.94 2507
0.94 2506
0.94 2505
0.94 2504
0.94 2503
0.94 2502
0.94 2501
0.94 2500
0.94 2499
0.94 2498
0.94 2497
0.94 2496
0.94 2495
0.94 2494
0.94 2493
0.94 2492
0.95 2491
0.95 2490
0.95 2489
0.95 2488
0.95 2487
0.95 2486
0.95 2485
0.95 2484
0.95 2483
0.96 2482
0.96 2481
0.96 2480
0.96 2479
0.96 2478
0.96 2477
0.96 2476
0.96 2475
0.96 2474
0.96 2473
0.96 2472
0.97 2471
0.97 2470
0.97 2469
0.97 2468
0.97 2467
0.97 2466
0.97 2465
0.97 2464
0.97 2463
0.97 2462
0.97 2461
0.97 2460
0.97 2459
0.97 2458
0.97 2457
0.97 2456
0.97 2455
0.97 2454
0.97 2453
0.97 2452
0.97 2451
0.97 2450
0.97 2449
0.97 2448
0.97 2447
0.97 2446
0.97 2445
0.97 2444
0.99 2443
0.99 2442
0.99 2441
0.99 2440
0.99 2439
0.99 2438
0.99 2437
0.99 2436
0.99 2435
0.99 2434
0.99 2433
0.99 2432
0.99 2431
0.99 2430
0.99 2429
0.99 2428
0.99 2427
0.99 2426
0.99 2425
0.99 2424
0.99 2423
0.99 2422
1.00 2421
1.00 2420
1.00 2419
1.00 2418
1.00 2417
1.00 2416
1.00 2415
1.00 2414
1.00 2413
1.00 2412
1.00 2411
1.00 2410
1.00 2409
1.00 2408
1.00 2407
1.00 2406
1.00 2405
1.00 2404
1.00 2403
1.00 2402
1.00 2401
1.00 2400
1.02 2399
1.02 2398
1.02 2397
1.02 2396
1.02 2395
1.02 2394
1.02 2393
1.02 2392
1.02 2391
1.02 2390
1.02 2389
1.02 2388
1.02 2387
1.02 2386
1.03 2385
1.03 2384
1.03 2383
1.03 2382
1.03 2381
1.03 2380
1.03 2379
1.03 2378
1.03 2377
1.03 2376
1.03 2375
1.03 2374
1.03 2373
1.04 2372
1.04 2371
1.04 2370
1.04 2369
1.04 2368
1.04 2367
1.04 2366
1.04 2365
1.04 2364
1.04 2363
1.04 2362
1.04 2361
1.04 2360
1.04 2359
1.04 2358
1.04 2357
1.04 2356
1.04 2355
1.04 2354
1.05 2353
1.05 2352
1.05 2351
1.05 2350
1.05 2349
1.05 2348
1.05 2347
1.05 2346
1.05 2345
1.05 2344
1.05 2343
1.05 2342
1.05 2341
1.05 2340
1.05 2339
1.05 2338
1.05 2337
1.05 2336
1.05 2335
1.05 2334
1.05 2333
1.05 2332
1.06 2331
1.06 2330
1.06 2329
2.70 2277
2.70 2276
2.70 2275
2.70 2274
2.70 2273
2.70 2272
2.70 2271
2.71 2270
2.71 2269
2.71 2268
2.71 2267
2.71 2266
2.71 2265
2.71 2264
2.71 2263
2.72 2262
2.72 2261
2.72 2260
2.72 2259
7.53 2258
7.53 2257
7.53 2256
12.41 2255
12.41 2254
12.42 2253
25.06 2252
25.07 2251
