1.07 1499
1.07 1498
1.08 1497
1.08 1496
1.08 1495
1.08 1494
1.08 1493
1.08 1492
1.08 1491
1.08 1490
1.08 1489
1.08 1488
1.08 1487
1.08 1486
1.09 1485
1.09 1484
1.09 1483
1.09 1482
1.09 1481
1.09 1480
1.09 1479
1.09 1478
1.09 1477
1.09 1476
1.09 1475
1.09 1474
1.09 1473
1.09 1472
1.09 1471
1.09 1470
1.09 1469
1.09 1468
1.09 1467
1.09 1466
1.09 1465
1.09 1464
1.10 1463
1.10 1462
1.10 1461
1.10 1460
1.11 1459
1.11 1458
1.11 1457
1.11 1456
1.11 1455
1.11 1454
1.11 1453
1.11 1452
1.12 1451
1.12 1450
1.12 1449
1.13 1448
1.13 1447
1.13 1446
1.14 1445
1.14 1444
4.38 1442
4.38 1441
4.39 1440
7.66 1439
7.69 1438
