0.36 1971
0.36 1970
0.36 1969
0.36 1968
0.38 1967
0.38 1966
0.38 1965
0.38 1964
0.38 1963
0.38 1962
0.38 1961
0.38 1960
0.38 1959
0.38 1958
0.38 1957
0.38 1956
0.38 1955
0.38 1954
0.38 1953
0.38 1952
0.38 1951
0.38 1950
0.38 1949
0.38 1948
0.38 1947
0.38 1946
0.38 1945
0.38 1944
0.40 1943
0.40 1942
0.40 1941
0.40 1940
0.40 1939
0.40 1938
0.40 1937
0.40 1936
0.40 1935
0.40 1934
0.40 1933
0.40 1932
0.40 1931
0.40 1930
0.40 1929
0.40 1928
0.40 1927
0.40 1926
0.40 1925
0.40 1924
0.40 1923
0.40 1922
0.40 1921
0.40 1920
0.40 1919
0.41 1918
0.41 1917
0.41 1916
0.41 1915
0.41 1914
0.41 1913
0.41 1912
0.41 1911
0.41 1910
0.41 1909
0.41 1908
0.41 1907
0.41 1906
0.41 1905
0.41 1904
0.41 1903
0.41 1902
0.41 1901
0.41 1900
0.43 1899
0.43 1898
0.43 1897
0.43 1896
0.43 1895
0.43 1894
0.43 1893
0.43 1892
0.43 1891
0.43 1890
0.43 1889
0.43 1888
0.43 1887
0.43 1886
0.43 1885
0.43 1884
0.43 1883
0.43 1882
0.43 1881
0.44 1880
0.44 1879
0.44 1878
0.44 1877
0.44 1876
0.44 1875
0.44 1874
0.44 1873
0.44 1872
0.44 1871
0.44 1870
0.44 1869
0.44 1868
0.44 1867
0.44 1866
0.44 1865
0.44 1864
0.44 1863
0.44 1862
0.44 1861
0.46 1860
0.46 1859
0.46 1858
0.46 1857
0.46 1856
0.46 1855
0.46 1854
0.47 1853
0.47 1852
0.47 1851
0.47 1850
0.47 1849
0.47 1848
0.47 1847
0.47 1846
0.47 1845
0.47 1844
0.47 1843
0.48 1842
0.48 1841
0.48 1840
0.48 1839
0.48 1838
0.48 1837
0.48 1836
0.48 1835
0.48 1834
0.48 1833
0.48 1832
0.49 1831
0.49 1830
0.49 1829
0.49 1828
0.49 1827
0.49 1826
0.50 1825
0.50 1824
0.50 1823
0.50 1822
0.51 1821
0.51 1820
0.51 1819
0.51 1818
0.51 1817
0.52 1816
0.52 1815
0.52 1814
0.52 1813
0.53 1812
2.82 1811
2.82 1810
2.82 1809
2.82 1808
5.30 1807
5.30 1806
7.76 1805
13.14 1804
13.14 1803
13.14 1802
13.16 1801
13.16 1800
13.16 1799
13.16 1798
24.49 1797
24.49 1796
