0.33 1971
0.33 1970
0.33 1969
0.33 1968
0.33 1967
0.33 1966
0.33 1965
0.33 1964
0.33 1963
0.33 1962
0.34 1961
0.34 1960
0.34 1959
0.34 1958
0.34 1957
0.34 1956
0.34 1955
0.34 1954
0.34 1953
0.34 1952
0.34 1951
0.35 1950
0.35 1949
0.35 1948
0.35 1947
0.35 1946
0.35 1945
0.35 1944
0.35 1943
0.35 1942
0.35 1941
0.35 1940
0.35 1939
0.35 1938
0.36 1937
0.36 1936
0.36 1935
0.36 1934
0.36 1933
0.36 1932
0.36 1931
0.36 1930
0.36 1929
0.36 1928
0.36 1927
0.36 1926
0.37 1925
0.37 1924
0.37 1923
0.37 1922
0.37 1921
0.37 1920
0.37 1919
0.37 1918
0.37 1917
0.37 1916
0.37 1915
0.37 1914
0.37 1913
0.38 1912
0.38 1911
0.38 1910
0.38 1909
0.38 1908
0.38 1907
0.38 1906
0.38 1905
0.38 1904
0.38 1903
0.38 1902
0.38 1901
0.38 1900
0.38 1899
0.39 1898
0.39 1897
0.39 1896
0.39 1895
0.39 1894
0.39 1893
0.39 1892
0.39 1891
0.39 1890
0.39 1889
0.39 1888
0.39 1887
0.39 1886
0.39 1885
0.39 1884
0.39 1883
0.40 1882
0.40 1881
0.40 1880
0.40 1879
0.40 1878
0.40 1877
0.40 1876
0.40 1875
0.40 1874
0.40 1873
0.40 1872
0.40 1871
0.40 1870
0.40 1869
0.40 1868
0.41 1867
0.41 1866
0.41 1865
0.41 1864
0.41 1863
0.41 1862
0.41 1861
0.41 1860
0.41 1859
0.41 1858
0.41 1857
0.41 1856
0.41 1855
0.41 1854
0.41 1853
0.42 1852
0.42 1851
0.42 1850
0.42 1849
0.42 1848
0.42 1847
0.42 1846
0.42 1845
0.42 1844
0.42 1843
0.42 1842
0.42 1841
0.43 1840
0.43 1839
0.43 1838
0.43 1837
0.43 1836
0.43 1835
0.43 1834
0.44 1833
0.44 1832
0.44 1831
0.44 1830
0.44 1829
0.44 1828
0.44 1827
0.44 1826
0.44 1825
0.45 1824
0.45 1823
0.45 1822
0.45 1821
0.45 1820
0.45 1819
0.45 1818
0.45 1817
0.45 1816
0.47 1815
0.47 1814
0.47 1813
0.47 1812
2.75 1811
2.75 1810
2.75 1809
2.76 1808
5.17 1807
5.17 1806
5.17 1805
5.17 1804
5.18 1803
5.18 1802
5.18 1801
5.19 1800
5.19 1799
7.65 1798
25.03 1797
