0.79 1999
0.79 1998
0.79 1997
0.79 1996
0.79 1995
0.79 1994
0.79 1993
0.79 1992
0.79 1991
0.80 1990
0.80 1989
0.80 1988
0.80 1987
0.80 1986
0.80 1985
0.80 1984
0.80 1983
0.80 1982
0.80 1981
0.80 1980
0.80 1979
0.80 1978
0.80 1977
0.80 1976
0.80 1975
0.80 1974
0.80 1973
0.80 1972
0.80 1971
0.80 1970
0.80 1969
0.80 1968
0.80 1967
0.80 1966
0.80 1965
0.81 1964
0.81 1963
0.81 1962
0.81 1961
0.81 1960
0.81 1959
0.81 1958
0.81 1957
0.81 1956
0.81 1955
0.81 1954
0.81 1953
0.81 1952
0.81 1951
0.81 1950
0.81 1949
0.81 1948
0.81 1947
0.81 1946
0.81 1945
0.81 1944
0.81 1943
0.81 1942
0.81 1941
0.81 1940
0.81 1939
0.81 1938
0.81 1937
0.82 1936
0.82 1935
0.82 1934
0.82 1933
0.82 1932
0.82 1931
0.82 1930
0.82 1929
0.82 1928
0.82 1927
0.82 1926
0.82 1925
0.82 1924
0.82 1923
0.82 1922
0.82 1921
0.82 1920
0.83 1919
0.83 1918
0.83 1917
0.83 1916
0.83 1915
0.83 1914
0.83 1913
0.83 1912
0.84 1911
0.84 1910
0.84 1909
0.84 1908
0.84 1907
0.84 1906
0.84 1905
0.84 1904
0.84 1903
0.84 1902
0.84 1901
0.84 1900
0.84 1899
0.85 1898
0.85 1897
0.85 1896
0.85 1895
0.85 1894
0.85 1893
0.85 1892
0.85 1891
0.85 1890
0.85 1889
0.85 1888
0.85 1887
0.85 1886
0.85 1885
0.85 1884
0.85 1883
0.86 1882
0.86 1881
0.86 1880
0.86 1879
0.86 1878
0.86 1877
0.86 1876
0.86 1875
0.86 1874
0.86 1873
0.86 1872
0.86 1871
0.86 1870
0.86 1869
0.86 1868
0.86 1867
0.86 1866
0.86 1865
0.86 1864
0.86 1863
0.86 1862
0.86 1861
0.86 1860
0.86 1859
0.86 1858
0.86 1857
0.86 1856
0.86 1855
0.86 1854
0.86 1853
0.86 1852
0.86 1851
0.86 1850
0.87 1849
0.87 1848
0.87 1847
0.87 1846
0.87 1845
0.87 1844
0.87 1843
0.87 1842
0.87 1841
0.87 1840
0.87 1839
0.87 1838
0.87 1837
0.87 1836
0.87 1835
0.87 1834
0.87 1833
0.87 1832
0.87 1831
0.87 1830
0.87 1829
0.87 1828
0.87 1827
0.87 1826
0.87 1825
0.87 1824
0.87 1823
0.87 1822
0.87 1821
0.87 1820
0.87 1819
0.87 1818
0.87 1817
0.89 1816
0.89 1815
0.89 1814
0.89 1813
0.89 1812
0.89 1811
0.89 1810
0.89 1809
0.89 1808
0.89 1807
0.89 1806
0.89 1805
0.89 1804
0.89 1803
0.89 1802
0.89 1801
0.89 1800
0.89 1799
0.89 1798
0.89 1797
0.89 1796
0.89 1795
0.89 1794
0.89 1793
0.89 1792
0.90 1791
0.90 1790
0.90 1789
0.90 1788
0.90 1787
0.90 1786
0.90 1785
0.90 1784
0.90 1783
0.90 1782
0.91 1781
0.91 1780
0.91 1779
0.91 1778
0.91 1777
0.91 1776
0.91 1775
0.91 1774
0.91 1773
0.91 1772
0.91 1771
0.91 1770
0.91 1769
0.91 1768
0.91 1767
0.91 1766
0.91 1765
0.91 1764
0.91 1763
0.91 1762
0.91 1761
0.91 1760
0.92 1759
0.92 1758
0.92 1757
0.92 1756
0.92 1755
0.92 1754
0.92 1753
0.92 1752
0.92 1751
0.92 1750
0.92 1749
0.92 1748
0.92 1747
0.92 1746
0.93 1745
0.93 1744
0.93 1743
0.93 1742
0.93 1741
0.93 1740
0.93 1739
0.93 1738
0.93 1737
0.93 1736
0.93 1735
0.93 1734
0.93 1733
0.93 1732
0.93 1731
0.93 1730
0.93 1729
0.93 1728
0.93 1727
0.93 1726
0.93 1725
0.93 1724
0.94 1723
0.94 1722
0.94 1721
0.94 1720
0.94 1719
0.94 1718
0.94 1717
0.94 1716
0.94 1715
0.94 1714
0.94 1713
0.94 1712
0.94 1711
0.94 1710
0.94 1709
0.94 1708
0.94 1707
0.94 1706
0.94 1705
0.94 1704
0.94 1703
0.94 1702
0.94 1701
0.95 1700
0.95 1699
0.95 1698
0.95 1697
0.95 1696
0.95 1695
0.95 1694
0.95 1693
0.95 1692
0.95 1691
0.95 1690
0.95 1689
0.95 1688
0.95 1687
0.95 1686
0.95 1685
0.95 1684
0.95 1683
0.95 1682
0.95 1681
0.95 1680
0.95 1679
0.95 1678
0.95 1677
0.95 1676
0.96 1675
0.96 1674
0.96 1673
0.96 1672
0.96 1671
0.96 1670
0.96 1669
0.96 1668
0.96 1667
0.96 1666
0.96 1665
0.96 1664
0.96 1663
0.96 1662
0.96 1661
0.96 1660
0.96 1659
0.96 1658
0.96 1657
0.96 1656
0.96 1655
0.96 1654
0.96 1653
0.96 1652
0.96 1651
0.96 1650
0.96 1649
0.96 1648
0.96 1647
0.97 1646
0.97 1645
0.97 1644
0.97 1643
0.97 1642
0.97 1641
0.97 1640
0.97 1639
0.97 1638
0.97 1637
0.97 1636
0.97 1635
0.97 1634
0.98 1633
0.98 1632
0.98 1631
0.98 1630
0.98 1629
0.98 1628
0.98 1627
0.98 1626
0.98 1625
0.98 1624
0.98 1623
0.98 1622
0.98 1621
0.98 1620
0.98 1619
0.98 1618
0.98 1617
0.98 1616
0.98 1615
0.98 1614
0.98 1613
0.98 1612
0.98 1611
0.98 1610
0.98 1609
0.98 1608
0.98 1607
0.98 1606
0.98 1605
0.98 1604
0.98 1603
0.98 1602
0.98 1601
0.98 1600
0.98 1599
0.98 1598
0.98 1597
0.98 1596
0.98 1595
0.98 1594
0.98 1593
0.98 1592
0.98 1591
0.98 1590
0.98 1589
0.98 1588
1.00 1587
1.00 1586
1.00 1585
1.00 1584
1.00 1583
1.00 1582
1.00 1581
1.00 1580
1.00 1579
1.00 1578
1.00 1577
1.00 1576
1.00 1575
1.00 1574
1.00 1573
1.00 1572
1.00 1571
1.00 1570
1.00 1569
1.00 1568
1.00 1567
1.00 1566
1.00 1565
1.01 1564
1.01 1563
1.01 1562
1.01 1561
1.01 1560
1.01 1559
1.01 1558
1.01 1557
1.01 1556
1.01 1555
1.01 1554
1.01 1553
1.01 1552
1.01 1551
1.01 1550
1.01 1549
1.01 1548
1.01 1547
1.01 1546
1.01 1545
1.01 1544
1.01 1543
1.01 1542
1.02 1541
1.02 1540
1.02 1539
1.02 1538
1.02 1537
1.02 1536
1.02 1535
1.02 1534
1.02 1533
1.02 1532
1.02 1531
1.02 1530
1.02 1529
1.02 1528
1.02 1527
1.02 1526
1.02 1525
1.02 1524
1.02 1523
1.02 1522
1.02 1521
1.02 1520
1.02 1519
1.02 1518
1.02 1517
1.02 1516
1.02 1515
1.02 1514
1.02 1513
1.02 1512
1.02 1511
1.02 1510
1.02 1509
1.02 1508
1.02 1507
1.02 1506
1.03 1505
1.03 1504
1.03 1503
1.03 1502
1.03 1501
1.03 1500
1.03 1499
1.03 1498
1.03 1497
1.04 1496
1.04 1495
1.04 1494
1.04 1493
1.04 1492
1.04 1491
1.04 1490
1.04 1489
1.04 1488
1.04 1487
1.04 1486
1.04 1485
1.04 1484
1.04 1483
1.04 1482
1.04 1481
1.04 1480
1.04 1479
1.04 1478
1.04 1477
1.04 1476
1.04 1475
1.04 1474
1.04 1473
1.04 1472
1.04 1471
1.04 1470
1.04 1469
1.05 1468
1.05 1467
1.05 1466
1.05 1465
1.05 1464
1.05 1463
1.05 1462
1.05 1461
1.05 1460
1.05 1459
1.05 1458
1.05 1457
1.05 1456
1.05 1455
1.05 1454
1.05 1453
1.05 1452
1.05 1451
1.05 1450
1.05 1449
1.06 1448
1.06 1447
1.06 1446
1.06 1445
1.06 1444
1.06 1443
1.06 1442
1.06 1441
1.06 1440
1.06 1439
1.06 1438
1.06 1437
1.06 1436
1.06 1435
1.06 1434
1.06 1433
1.06 1432
1.06 1431
1.06 1430
1.06 1429
1.06 1428
1.06 1427
1.06 1426
1.06 1425
1.06 1424
1.06 1423
1.06 1422
1.06 1421
1.06 1420
1.06 1419
1.06 1418
1.06 1417
1.07 1416
1.07 1415
1.07 1414
1.07 1413
1.07 1412
1.07 1411
1.07 1410
1.07 1409
1.07 1408
1.07 1407
1.07 1406
1.07 1405
1.07 1404
1.07 1403
1.07 1402
1.07 1401
1.07 1400
1.07 1399
1.07 1398
1.07 1397
1.07 1396
1.07 1395
1.07 1394
1.07 1393
1.07 1392
1.07 1391
1.07 1390
1.07 1389
1.08 1388
1.08 1387
1.08 1386
1.08 1385
1.08 1384
1.08 1383
1.08 1382
1.08 1381
1.08 1380
1.08 1379
1.08 1378
1.08 1377
1.08 1376
1.08 1375
1.08 1374
1.08 1373
1.08 1372
1.09 1371
1.09 1370
1.09 1369
1.09 1368
1.09 1367
1.09 1366
1.09 1365
1.09 1364
1.09 1363
1.09 1362
1.09 1361
1.09 1360
1.09 1359
1.09 1358
1.09 1357
1.09 1356
1.09 1355
1.09 1354
1.09 1353
1.09 1352
1.09 1351
1.10 1350
1.10 1349
1.10 1348
1.10 1347
1.10 1346
1.10 1345
1.10 1344
1.10 1343
1.10 1342
1.10 1341
1.10 1340
1.10 1339
1.10 1338
1.10 1337
1.10 1336
1.10 1335
1.10 1334
1.10 1333
1.10 1332
1.10 1331
1.10 1330
1.10 1329
1.10 1328
1.10 1327
1.10 1326
1.11 1325
1.11 1324
1.11 1323
1.11 1322
1.11 1321
1.11 1320
1.11 1319
1.11 1318
1.11 1317
1.11 1316
1.11 1315
1.11 1314
1.11 1313
1.11 1312
1.11 1311
1.11 1310
1.11 1309
1.11 1308
1.12 1307
1.12 1306
1.12 1305
1.12 1304
1.12 1303
1.12 1302
1.12 1301
1.12 1300
1.12 1299
1.12 1298
1.12 1297
1.12 1296
1.12 1295
1.12 1294
1.12 1293
1.12 1292
1.12 1291
1.12 1290
1.12 1289
1.12 1288
1.12 1287
1.12 1286
1.12 1285
1.12 1284
1.13 1283
1.13 1282
1.13 1281
1.13 1280
1.13 1279
1.13 1278
1.13 1277
1.13 1276
1.13 1275
1.13 1274
1.13 1273
1.13 1272
1.13 1271
1.13 1270
1.13 1269
1.13 1268
1.13 1267
1.13 1266
1.13 1265
1.13 1264
1.13 1263
1.13 1262
1.13 1261
1.13 1260
1.13 1259
1.13 1258
1.13 1257
1.13 1256
1.14 1255
1.14 1254
1.14 1253
1.14 1252
1.14 1251
1.14 1250
1.14 1249
1.14 1248
1.14 1247
1.14 1246
1.14 1245
1.14 1244
1.14 1243
1.14 1242
1.14 1241
1.14 1240
1.14 1239
1.14 1238
1.14 1237
1.14 1236
1.14 1235
1.14 1234
1.14 1233
1.14 1232
1.14 1231
1.14 1230
1.15 1229
1.15 1228
1.15 1227
1.15 1226
1.15 1225
1.15 1224
1.15 1223
1.15 1222
1.15 1221
1.15 1220
1.15 1219
1.15 1218
1.15 1217
1.15 1216
1.15 1215
1.15 1214
1.15 1213
1.15 1212
1.15 1211
1.15 1210
1.15 1209
1.15 1208
1.15 1207
1.15 1206
1.15 1205
1.15 1204
1.15 1203
1.16 1202
1.16 1201
1.16 1200
1.16 1199
1.16 1198
1.16 1197
1.16 1196
1.16 1195
1.16 1194
1.16 1193
1.16 1192
1.16 1191
1.16 1190
1.16 1189
1.16 1188
1.16 1187
1.16 1186
1.16 1185
1.16 1184
1.17 1183
1.17 1182
1.17 1181
1.17 1180
1.17 1179
1.17 1178
1.17 1177
1.17 1176
1.17 1175
1.17 1174
1.17 1173
1.17 1172
1.17 1171
1.17 1170
1.17 1169
1.17 1168
1.17 1167
1.17 1166
1.17 1165
1.17 1164
1.17 1163
1.17 1162
1.17 1161
1.17 1160
1.17 1159
1.17 1158
1.17 1157
1.18 1156
1.18 1155
1.18 1154
1.18 1153
1.18 1152
1.18 1151
1.18 1150
1.18 1149
1.18 1148
1.18 1147
1.18 1146
1.18 1145
1.18 1144
1.18 1143
1.18 1142
1.18 1141
1.18 1140
1.18 1139
1.18 1138
1.18 1137
1.18 1136
1.18 1135
1.18 1134
1.18 1133
1.18 1132
1.18 1131
1.18 1130
1.19 1129
1.19 1128
1.19 1127
1.19 1126
1.19 1125
1.19 1124
1.19 1123
1.19 1122
1.19 1121
1.19 1120
1.19 1119
1.19 1118
1.19 1117
1.19 1116
1.19 1115
1.19 1114
1.19 1113
1.19 1112
1.19 1111
1.19 1110
1.19 1109
1.19 1108
1.19 1107
1.19 1106
1.19 1105
1.19 1104
1.20 1103
1.20 1102
1.20 1101
1.20 1100
1.20 1099
1.20 1098
1.20 1097
1.20 1096
1.20 1095
1.20 1094
1.20 1093
1.20 1092
1.20 1091
1.20 1090
1.20 1089
1.20 1088
1.20 1087
1.20 1086
1.20 1085
1.20 1084
1.20 1083
1.20 1082
1.20 1081
1.20 1080
1.20 1079
1.20 1078
1.20 1077
1.21 1076
1.21 1075
1.21 1074
1.21 1073
1.21 1072
1.21 1071
1.21 1070
1.21 1069
1.21 1068
1.21 1067
1.21 1066
1.21 1065
1.21 1064
1.21 1063
1.21 1062
1.21 1061
1.21 1060
1.21 1059
1.21 1058
1.21 1057
1.21 1056
1.21 1055
1.21 1054
1.21 1053
1.21 1052
1.21 1051
1.21 1050
1.21 1049
1.21 1048
1.21 1047
1.21 1046
1.22 1045
1.22 1044
1.22 1043
1.22 1042
1.22 1041
1.22 1040
1.22 1039
1.22 1038
1.22 1037
1.22 1036
1.22 1035
1.22 1034
1.22 1033
1.22 1032
1.22 1031
1.22 1030
1.22 1029
1.22 1028
1.22 1027
1.22 1026
1.22 1025
1.22 1024
1.22 1023
1.22 1022
1.22 1021
1.22 1020
1.22 1019
1.22 1018
1.23 1017
1.23 1016
1.23 1015
1.23 1014
1.23 1013
1.23 1012
1.23 1011
1.23 1010
1.23 1009
1.23 1008
1.23 1007
1.23 1006
1.23 1005
1.23 1004
1.23 1003
1.23 1002
1.23 1001
1.23 1000
