0.83 1999
0.83 1998
0.83 1997
0.83 1996
0.83 1995
0.83 1994
0.83 1993
0.83 1992
0.83 1991
0.83 1990
0.83 1989
0.83 1988
0.83 1987
0.83 1986
0.84 1985
0.84 1984
0.84 1983
0.84 1982
0.84 1981
0.84 1980
0.84 1979
0.84 1978
0.84 1977
0.84 1976
0.84 1975
0.84 1974
0.84 1973
0.84 1972
0.84 1971
0.84 1970
0.84 1969
0.84 1968
0.84 1967
0.84 1966
0.84 1965
0.84 1964
0.84 1963
0.84 1962
0.84 1961
0.84 1960
0.84 1959
0.86 1958
0.86 1957
0.86 1956
0.86 1955
0.86 1954
0.86 1953
0.86 1952
0.86 1951
0.86 1950
0.86 1949
0.86 1948
0.86 1947
0.86 1946
0.86 1945
0.86 1944
0.86 1943
0.86 1942
0.86 1941
0.86 1940
0.86 1939
0.86 1938
0.86 1937
0.86 1936
0.86 1935
0.86 1934
0.86 1933
0.86 1932
0.86 1931
0.86 1930
0.87 1929
0.87 1928
0.87 1927
0.87 1926
0.87 1925
0.87 1924
0.87 1923
0.87 1922
0.87 1921
0.87 1920
0.87 1919
0.87 1918
0.87 1917
0.87 1916
0.87 1915
0.87 1914
0.87 1913
0.87 1912
0.87 1911
0.87 1910
0.87 1909
0.87 1908
0.87 1907
0.87 1906
0.87 1905
0.87 1904
0.87 1903
0.87 1902
0.87 1901
0.87 1900
0.89 1899
0.89 1898
0.89 1897
0.89 1896
0.89 1895
0.89 1894
0.89 1893
0.89 1892
0.89 1891
0.89 1890
0.89 1889
0.89 1888
0.89 1887
0.89 1886
0.89 1885
0.89 1884
0.89 1883
0.89 1882
0.89 1881
0.89 1880
0.89 1879
0.89 1878
0.89 1877
0.89 1876
0.89 1875
0.89 1874
0.89 1873
0.89 1872
0.89 1871
0.89 1870
0.91 1869
0.91 1868
0.91 1867
0.91 1866
0.91 1865
0.91 1864
0.91 1863
0.91 1862
0.91 1861
0.91 1860
0.91 1859
0.91 1858
0.91 1857
0.91 1856
0.91 1855
0.91 1854
0.91 1853
0.91 1852
0.91 1851
0.91 1850
0.91 1849
0.91 1848
0.91 1847
0.91 1846
0.91 1845
0.91 1844
0.91 1843
0.91 1842
0.91 1841
0.91 1840
0.91 1839
0.91 1838
0.92 1837
0.92 1836
0.92 1835
0.92 1834
0.92 1833
0.92 1832
0.92 1831
0.92 1830
0.92 1829
0.92 1828
0.92 1827
0.92 1826
0.92 1825
0.92 1824
0.92 1823
0.92 1822
0.92 1821
0.92 1820
0.92 1819
0.92 1818
0.92 1817
0.92 1816
0.92 1815
0.92 1814
0.92 1813
0.92 1812
0.92 1811
0.92 1810
0.92 1809
0.92 1808
0.92 1807
0.94 1806
0.94 1805
0.94 1804
0.94 1803
0.94 1802
0.94 1801
0.94 1800
0.94 1799
0.94 1798
0.94 1797
0.94 1796
0.94 1795
0.94 1794
0.94 1793
0.94 1792
0.94 1791
0.94 1790
0.94 1789
0.94 1788
0.94 1787
0.94 1786
0.94 1785
0.94 1784
0.94 1783
0.94 1782
0.94 1781
0.94 1780
0.94 1779
0.94 1778
0.94 1777
0.95 1776
0.95 1775
0.95 1774
0.95 1773
0.95 1772
0.95 1771
0.95 1770
0.95 1769
0.95 1768
0.95 1767
0.95 1766
0.95 1765
0.95 1764
0.95 1763
0.95 1762
0.95 1761
0.95 1760
0.95 1759
0.95 1758
0.95 1757
0.95 1756
0.95 1755
0.95 1754
0.95 1753
0.95 1752
0.95 1751
0.95 1750
0.95 1749
0.95 1748
0.95 1747
0.95 1746
0.97 1745
0.97 1744
0.97 1743
0.97 1742
0.97 1741
0.97 1740
0.97 1739
0.97 1738
0.97 1737
0.97 1736
0.97 1735
0.97 1734
0.97 1733
0.97 1732
0.97 1731
0.97 1730
0.97 1729
0.97 1728
0.97 1727
0.97 1726
0.97 1725
0.97 1724
0.97 1723
0.97 1722
0.97 1721
0.97 1720
0.97 1719
0.97 1718
0.97 1717
0.97 1716
0.97 1715
0.97 1714
0.97 1713
0.97 1712
0.97 1711
0.98 1710
0.98 1709
0.98 1708
0.98 1707
0.98 1706
0.98 1705
0.98 1704
0.98 1703
0.98 1702
0.98 1701
0.98 1700
0.98 1699
0.98 1698
0.98 1697
0.98 1696
0.98 1695
0.98 1694
0.98 1693
0.98 1692
0.98 1691
0.98 1690
0.98 1689
0.98 1688
0.98 1687
0.98 1686
0.98 1685
0.98 1684
0.98 1683
0.98 1682
0.98 1681
0.98 1680
0.98 1679
0.98 1678
0.98 1677
0.98 1676
0.98 1675
0.98 1674
1.00 1673
1.00 1672
1.00 1671
1.00 1670
1.00 1669
1.00 1668
1.00 1667
1.00 1666
1.00 1665
1.00 1664
1.00 1663
1.00 1662
1.00 1661
1.00 1660
1.00 1659
1.01 1658
1.01 1657
1.01 1656
1.01 1655
1.01 1654
1.01 1653
1.01 1652
1.01 1651
1.01 1650
1.01 1649
1.01 1648
1.01 1647
1.01 1646
1.01 1645
1.01 1644
1.01 1643
1.01 1642
1.01 1641
1.01 1640
1.01 1639
1.02 1638
1.02 1637
1.02 1636
1.02 1635
1.02 1634
1.02 1633
1.02 1632
1.02 1631
1.02 1630
1.02 1629
1.02 1628
1.02 1627
1.02 1626
1.02 1625
1.02 1624
1.02 1623
1.02 1622
1.02 1621
1.02 1620
1.02 1619
1.02 1618
1.02 1617
1.02 1616
1.02 1615
1.02 1614
1.02 1613
1.02 1612
1.02 1611
1.02 1610
1.02 1609
1.02 1608
1.02 1607
1.02 1606
1.02 1605
1.02 1604
1.02 1603
1.02 1602
1.02 1601
1.03 1600
1.03 1599
1.03 1598
1.03 1597
1.03 1596
1.03 1595
1.03 1594
1.03 1593
1.03 1592
1.03 1591
1.03 1590
1.03 1589
1.03 1588
1.03 1587
1.03 1586
1.03 1585
1.03 1584
1.03 1583
1.03 1582
1.03 1581
1.03 1580
1.03 1579
1.03 1578
1.03 1577
1.03 1576
1.03 1575
1.03 1574
1.03 1573
1.03 1572
1.03 1571
1.03 1570
1.03 1569
1.03 1568
1.03 1567
1.03 1566
1.03 1565
1.03 1564
1.05 1563
1.05 1562
1.05 1561
1.05 1560
1.05 1559
1.05 1558
1.05 1557
1.05 1556
1.05 1555
1.05 1554
1.05 1553
1.05 1552
1.05 1551
1.05 1550
1.05 1549
1.05 1548
1.05 1547
1.05 1546
1.05 1545
1.05 1544
1.05 1543
1.05 1542
1.05 1541
1.05 1540
1.05 1539
1.05 1538
1.05 1537
1.05 1536
1.05 1535
1.05 1534
1.05 1533
1.05 1532
1.05 1531
1.05 1530
1.05 1529
1.06 1528
1.06 1527
1.06 1526
1.06 1525
1.06 1524
1.06 1523
1.06 1522
1.06 1521
1.06 1520
1.06 1519
1.06 1518
1.06 1517
1.06 1516
1.06 1515
1.06 1514
1.06 1513
1.06 1512
1.06 1511
1.06 1510
1.06 1509
1.06 1508
1.06 1507
1.06 1506
1.06 1505
1.06 1504
1.06 1503
1.06 1502
1.06 1501
1.06 1500
1.06 1499
1.06 1498
1.06 1497
1.06 1496
1.06 1495
1.06 1494
1.06 1493
1.06 1492
1.06 1491
1.06 1490
1.08 1489
1.08 1488
1.08 1487
1.08 1486
1.08 1485
1.08 1484
1.08 1483
1.08 1482
1.08 1481
1.08 1480
1.08 1479
1.08 1478
1.08 1477
1.08 1476
1.08 1475
1.08 1474
1.08 1473
1.08 1472
1.08 1471
1.08 1470
1.08 1469
1.08 1468
1.08 1467
1.08 1466
1.08 1465
1.08 1464
1.08 1463
1.08 1462
1.08 1461
1.08 1460
1.08 1459
1.08 1458
1.08 1457
1.08 1456
1.08 1455
1.08 1454
1.08 1453
1.08 1452
1.10 1451
1.10 1450
1.10 1449
1.10 1448
1.10 1447
1.10 1446
1.10 1445
1.10 1444
1.10 1443
1.10 1442
1.10 1441
1.10 1440
1.10 1439
1.10 1438
1.10 1437
1.10 1436
1.10 1435
1.10 1434
1.10 1433
1.10 1432
1.10 1431
1.10 1430
1.10 1429
1.10 1428
1.10 1427
1.10 1426
1.10 1425
1.11 1424
1.11 1423
1.11 1422
1.11 1421
1.11 1420
1.11 1419
1.11 1418
1.11 1417
1.11 1416
1.11 1415
1.11 1414
1.11 1413
1.11 1412
1.11 1411
1.11 1410
1.11 1409
1.11 1408
1.11 1407
1.11 1406
1.11 1405
1.11 1404
1.11 1403
1.11 1402
1.11 1401
1.11 1400
1.11 1399
1.11 1398
1.11 1397
1.11 1396
1.11 1395
1.11 1394
1.13 1393
1.13 1392
1.13 1391
1.13 1390
1.13 1389
1.13 1388
1.13 1387
1.13 1386
1.13 1385
1.13 1384
1.13 1383
1.13 1382
1.13 1381
1.13 1380
1.13 1379
1.13 1378
1.13 1377
1.13 1376
1.13 1375
1.13 1374
1.13 1373
1.13 1372
1.13 1371
1.13 1370
1.13 1369
1.13 1368
1.13 1367
1.13 1366
1.13 1365
1.13 1364
1.13 1363
1.13 1362
1.13 1361
1.13 1360
1.13 1359
1.13 1358
1.13 1357
1.13 1356
1.13 1355
1.13 1354
1.14 1353
1.14 1352
1.14 1351
1.14 1350
1.14 1349
1.14 1348
1.14 1347
1.14 1346
1.14 1345
1.14 1344
1.14 1343
1.14 1342
1.14 1341
1.14 1340
1.14 1339
1.14 1338
1.14 1337
1.14 1336
1.14 1335
1.14 1334
1.14 1333
1.14 1332
1.14 1331
1.14 1330
1.14 1329
1.14 1328
1.14 1327
1.14 1326
1.14 1325
1.14 1324
1.14 1323
1.14 1322
1.14 1321
1.14 1320
1.14 1319
1.14 1318
1.14 1317
1.16 1316
1.16 1315
1.16 1314
1.16 1313
1.16 1312
1.16 1311
1.16 1310
1.16 1309
1.16 1308
1.16 1307
1.16 1306
1.16 1305
1.16 1304
1.16 1303
1.16 1302
1.16 1301
1.16 1300
1.16 1299
1.16 1298
1.16 1297
1.16 1296
1.16 1295
1.16 1294
1.16 1293
1.16 1292
1.16 1291
1.16 1290
1.16 1289
1.16 1288
1.16 1287
1.16 1286
1.16 1285
1.16 1284
1.16 1283
1.16 1282
1.16 1281
1.16 1280
1.16 1279
1.16 1278
1.17 1277
1.17 1276
1.17 1275
1.17 1274
1.17 1273
1.17 1272
1.17 1271
1.17 1270
1.17 1269
1.17 1268
1.17 1267
1.17 1266
1.17 1265
1.17 1264
1.17 1263
1.17 1262
1.17 1261
1.17 1260
1.17 1259
1.17 1258
1.17 1257
1.17 1256
1.17 1255
1.17 1254
1.17 1253
1.17 1252
1.17 1251
1.17 1250
1.17 1249
1.17 1248
1.17 1247
1.17 1246
1.17 1245
1.17 1244
1.17 1243
1.17 1242
1.17 1241
1.17 1240
1.17 1239
1.17 1238
1.19 1237
1.19 1236
1.19 1235
1.19 1234
1.19 1233
1.19 1232
1.19 1231
1.19 1230
1.19 1229
1.19 1228
1.19 1227
1.19 1226
1.19 1225
1.19 1224
1.19 1223
1.19 1222
1.19 1221
1.19 1220
1.19 1219
1.19 1218
1.19 1217
1.19 1216
1.19 1215
1.19 1214
1.19 1213
1.19 1212
1.19 1211
1.19 1210
1.19 1209
1.19 1208
1.19 1207
1.19 1206
1.19 1205
1.19 1204
1.19 1203
1.19 1202
1.19 1201
1.19 1200
1.19 1199
1.19 1198
1.19 1197
1.19 1196
1.21 1195
1.21 1194
1.21 1193
1.21 1192
1.21 1191
1.21 1190
1.21 1189
1.21 1188
1.21 1187
1.21 1186
1.21 1185
1.21 1184
1.21 1183
1.21 1182
1.21 1181
1.21 1180
1.21 1179
1.21 1178
1.21 1177
1.21 1176
1.21 1175
1.21 1174
1.21 1173
1.21 1172
1.21 1171
1.21 1170
1.21 1169
1.21 1168
1.21 1167
1.21 1166
1.21 1165
1.21 1164
1.21 1163
1.21 1162
1.21 1161
1.21 1160
1.21 1159
1.21 1158
1.21 1157
1.21 1156
1.21 1155
1.21 1154
1.21 1153
1.22 1152
1.22 1151
1.22 1150
1.22 1149
1.22 1148
1.22 1147
1.22 1146
1.22 1145
1.22 1144
1.22 1143
1.22 1142
1.22 1141
1.22 1140
1.22 1139
1.22 1138
1.22 1137
1.22 1136
1.22 1135
1.22 1134
1.22 1133
1.22 1132
1.22 1131
1.22 1130
1.22 1129
1.22 1128
1.22 1127
1.22 1126
1.22 1125
1.24 1124
1.24 1123
1.24 1122
1.24 1121
1.24 1120
1.24 1119
1.24 1118
1.24 1117
1.24 1116
1.24 1115
1.24 1114
1.24 1113
1.24 1112
1.24 1111
1.24 1110
1.24 1109
1.24 1108
1.24 1107
1.24 1106
1.24 1105
1.25 1104
1.25 1103
1.25 1102
1.25 1101
1.25 1100
1.25 1099
1.25 1098
1.25 1097
1.25 1096
1.25 1095
1.25 1094
1.25 1093
1.25 1092
1.25 1091
1.25 1090
1.25 1089
1.25 1088
1.25 1087
1.25 1086
1.25 1085
1.25 1084
1.25 1083
1.25 1082
1.25 1081
1.25 1080
1.25 1079
1.25 1078
1.26 1077
1.26 1076
1.26 1075
1.26 1074
1.26 1073
1.26 1072
1.26 1071
1.26 1070
1.26 1069
1.26 1068
1.26 1067
1.26 1066
1.26 1065
1.26 1064
1.26 1063
1.26 1062
1.26 1061
1.26 1060
1.26 1059
1.26 1058
1.26 1057
1.26 1056
1.26 1055
1.26 1054
1.26 1053
1.26 1052
1.27 1051
1.27 1050
1.27 1049
1.27 1048
1.27 1047
1.27 1046
1.27 1045
1.27 1044
1.27 1043
1.27 1042
1.27 1041
1.27 1040
1.27 1039
1.27 1038
1.27 1037
1.27 1036
1.27 1035
1.27 1034
1.27 1033
1.27 1032
1.27 1031
1.27 1030
1.27 1029
1.27 1028
1.27 1027
1.27 1026
1.27 1025
1.27 1024
1.27 1023
1.27 1022
1.27 1021
1.27 1020
1.27 1019
1.27 1018
1.27 1017
1.27 1016
1.27 1015
1.27 1014
1.27 1013
1.27 1012
1.27 1011
1.27 1010
1.27 1009
1.27 1008
1.27 1007
1.27 1006
1.27 1005
1.27 1004
1.27 1003
1.27 1002
1.27 1001
1.27 1000
