0.97 1499
0.97 1498
0.97 1497
0.97 1496
0.97 1495
0.98 1494
0.98 1493
0.98 1492
0.98 1491
0.98 1490
0.98 1489
0.98 1488
0.98 1487
0.98 1486
0.98 1485
0.98 1484
0.98 1483
0.98 1482
0.98 1481
0.98 1480
0.98 1479
0.98 1478
0.98 1477
0.98 1476
0.98 1475
0.98 1474
0.98 1473
0.98 1472
0.98 1471
0.99 1470
0.99 1469
0.99 1468
0.99 1467
0.99 1466
0.99 1465
0.99 1464
0.99 1463
0.99 1462
1.00 1461
1.00 1460
1.00 1459
1.00 1458
1.00 1457
1.00 1456
1.00 1455
1.00 1454
1.00 1453
1.00 1452
1.00 1451
1.00 1450
1.02 1449
1.02 1448
1.02 1447
1.02 1446
1.02 1445
1.03 1444
3.77 1443
3.77 1442
3.78 1441
3.78 1440
3.80 1439
15.28 1438
