0.11 5683
0.12 5682
0.13 5681
0.13 5680
0.13 5679
0.13 5678
0.13 5677
0.13 5676
0.14 5675
0.14 5674
0.14 5673
0.14 5672
0.14 5671
0.14 5670
0.16 5669
0.16 5668
0.17 5667
0.17 5666
0.17 5665
0.17 5664
0.17 5663
0.19 5662
0.19 5661
0.19 5660
0.19 5659
0.19 5658
0.19 5657
0.20 5656
0.20 5655
0.20 5654
0.20 5653
0.20 5652
0.20 5651
0.22 5650
0.22 5649
0.22 5648
0.22 5647
0.22 5646
0.22 5645
0.24 5644
0.24 5643
0.24 5642
0.24 5641
0.24 5640
0.24 5639
0.25 5638
0.25 5637
0.25 5636
0.25 5635
0.25 5634
0.27 5633
0.27 5632
0.27 5631
0.27 5630
0.27 5629
0.28 5628
0.28 5627
0.28 5626
0.28 5625
0.28 5624
0.30 5623
0.30 5622
0.30 5621
0.30 5620
0.30 5619
0.30 5618
0.31 5617
0.31 5616
0.31 5615
0.32 5614
0.32 5613
0.32 5612
0.33 5611
0.33 5610
0.33 5609
0.33 5608
0.33 5607
0.35 5606
0.35 5605
0.35 5604
0.35 5603
0.35 5602
0.35 5601
0.36 5600
0.36 5599
0.36 5598
0.36 5597
0.36 5596
0.36 5595
0.38 5594
0.38 5593
0.38 5592
0.38 5591
0.38 5590
0.39 5589
0.39 5588
0.39 5587
0.41 5586
0.41 5585
0.41 5584
0.41 5583
0.42 5582
0.42 5581
0.42 5580
0.42 5579
0.42 5578
0.42 5577
0.42 5576
0.44 5575
0.44 5574
0.44 5573
0.44 5572
0.44 5571
0.44 5570
0.46 5569
0.46 5568
0.46 5567
0.46 5566
0.46 5565
0.47 5564
0.47 5563
0.47 5562
0.48 5561
0.48 5560
0.49 5559
0.49 5558
0.49 5557
0.49 5556
0.50 5555
0.50 5554
0.50 5553
0.51 5552
0.51 5551
0.51 5550
0.51 5549
0.51 5548
0.51 5547
0.51 5546
0.52 5545
0.53 5544
0.53 5543
0.53 5542
0.53 5541
0.53 5540
0.53 5539
0.54 5538
0.54 5537
0.54 5536
0.54 5535
0.54 5534
0.54 5533
0.56 5532
0.56 5531
0.56 5530
0.56 5529
0.56 5528
0.58 5527
0.58 5526
0.58 5525
0.58 5524
0.58 5523
0.58 5522
0.59 5521
0.59 5520
0.59 5519
0.59 5518
0.59 5517
0.59 5516
0.61 5515
0.61 5514
0.61 5513
0.61 5512
0.61 5511
0.61 5510
0.62 5509
0.62 5508
0.62 5507
0.62 5506
0.62 5505
0.64 5504
0.64 5503
0.64 5502
0.64 5501
0.64 5500
0.64 5499
0.65 5498
0.65 5497
0.65 5496
0.65 5495
0.65 5494
0.65 5493
0.67 5492
0.67 5491
0.67 5490
0.67 5489
0.67 5488
0.69 5487
0.69 5486
0.69 5485
0.69 5484
0.69 5483
0.69 5482
0.70 5481
0.70 5480
0.70 5479
0.70 5478
0.70 5477
0.70 5476
0.72 5475
0.72 5474
0.72 5473
0.72 5472
0.72 5471
0.72 5470
0.73 5469
0.73 5468
0.73 5467
0.73 5466
0.73 5465
0.73 5464
0.75 5463
0.75 5462
0.75 5461
0.75 5460
0.75 5459
0.75 5458
0.76 5457
0.76 5456
0.76 5455
0.76 5454
0.76 5453
0.78 5452
0.78 5451
0.78 5450
0.78 5449
0.78 5448
0.78 5447
0.80 5446
0.80 5445
0.80 5444
0.80 5443
0.80 5442
0.80 5441
0.81 5440
0.81 5439
0.81 5438
0.81 5437
0.81 5436
0.82 5435
0.83 5434
0.83 5433
0.83 5432
0.83 5431
0.83 5430
0.83 5429
0.84 5428
0.84 5427
0.84 5426
0.84 5425
0.84 5424
0.84 5423
0.86 5422
0.86 5421
0.86 5420
0.86 5419
0.86 5418
0.87 5417
0.87 5416
0.87 5415
0.87 5414
0.87 5413
0.87 5412
0.89 5411
0.89 5410
0.89 5409
0.89 5408
0.89 5407
0.89 5406
0.91 5405
0.91 5404
0.91 5403
0.91 5402
0.91 5401
0.91 5400
0.92 5399
0.92 5398
0.92 5397
0.92 5396
0.92 5395
0.92 5394
0.94 5393
0.94 5392
0.94 5391
0.94 5390
0.94 5389
0.94 5388
0.95 5387
0.95 5386
0.95 5385
0.95 5384
0.95 5383
0.95 5382
0.97 5381
0.97 5380
0.97 5379
0.97 5378
0.97 5377
0.98 5376
0.98 5375
0.98 5374
0.98 5373
1.00 5372
1.00 5371
1.00 5370
1.00 5369
1.00 5368
1.00 5367
1.02 5366
1.02 5365
1.02 5364
1.02 5363
1.02 5362
1.02 5361
1.03 5360
1.03 5359
1.03 5358
1.03 5357
1.03 5356
1.05 5355
1.05 5354
1.05 5353
1.05 5352
1.05 5351
1.05 5350
1.06 5349
1.06 5348
1.06 5347
1.06 5346
1.06 5345
1.06 5344
1.08 5343
1.08 5342
1.08 5341
1.09 5340
1.09 5339
1.09 5338
1.09 5337
1.09 5336
1.09 5335
1.11 5334
1.11 5333
1.11 5332
1.11 5331
1.11 5330
1.13 5329
1.13 5328
1.13 5327
1.13 5326
1.13 5325
1.13 5324
1.14 5323
1.14 5322
1.14 5321
1.14 5320
1.14 5319
1.14 5318
1.16 5317
1.16 5316
1.16 5315
1.16 5314
1.16 5313
1.16 5312
1.17 5311
1.17 5310
1.17 5309
1.17 5308
1.17 5307
1.19 5306
1.19 5305
1.19 5304
1.19 5303
1.19 5302
1.19 5301
1.20 5300
1.20 5299
1.20 5298
1.20 5297
1.20 5296
1.22 5295
1.22 5294
1.22 5293
1.22 5292
1.22 5291
1.22 5290
1.24 5289
1.24 5288
1.24 5287
1.24 5286
1.24 5285
1.24 5284
1.25 5283
1.25 5282
1.26 5281
1.26 5280
1.26 5279
1.26 5278
1.26 5277
1.26 5276
1.26 5275
1.26 5274
1.26 5273
1.28 5272
1.28 5271
1.28 5270
1.28 5269
1.28 5268
1.30 5267
1.30 5266
1.30 5265
1.30 5264
1.30 5263
1.30 5262
1.31 5261
1.31 5260
1.31 5259
1.31 5258
1.31 5257
1.32 5256
1.33 5255
1.33 5254
1.33 5253
1.33 5252
1.33 5251
1.33 5250
1.34 5249
1.34 5248
1.34 5247
1.34 5246
1.34 5245
1.34 5244
1.36 5243
1.36 5242
1.36 5241
1.36 5240
1.36 5239
1.36 5238
1.37 5237
1.37 5236
1.37 5235
1.37 5234
1.37 5233
1.37 5232
1.39 5231
1.39 5230
1.39 5229
1.39 5228
1.39 5227
1.39 5226
1.41 5225
1.41 5224
1.42 5223
1.42 5222
1.42 5221
1.43 5220
1.43 5219
1.43 5218
1.44 5217
1.44 5216
1.44 5215
1.44 5214
1.44 5213
1.44 5212
1.45 5211
1.45 5210
1.45 5209
1.45 5208
1.45 5207
1.47 5206
1.47 5205
1.47 5204
1.47 5203
1.47 5202
1.48 5201
1.48 5200
1.49 5199
1.49 5198
1.49 5197
1.49 5196
1.50 5195
1.50 5194
1.50 5193
1.50 5192
1.51 5191
1.51 5190
1.51 5189
1.51 5188
1.51 5187
1.51 5186
1.52 5185
1.52 5184
1.53 5183
1.53 5182
1.53 5181
1.53 5180
1.53 5179
1.53 5178
1.53 5177
1.55 5176
1.55 5175
1.55 5174
1.55 5173
1.55 5172
1.55 5171
1.56 5170
1.56 5169
1.56 5168
1.56 5167
1.58 5166
1.58 5165
1.58 5164
1.58 5163
1.58 5162
1.59 5161
1.59 5160
1.59 5159
1.59 5158
1.59 5157
1.59 5156
1.61 5155
1.61 5154
1.61 5153
1.61 5152
1.61 5151
1.62 5150
1.62 5149
1.62 5148
1.62 5147
1.62 5146
1.62 5145
1.64 5144
1.64 5143
1.64 5142
1.64 5141
1.64 5140
1.64 5139
1.66 5138
1.66 5137
1.66 5136
1.66 5135
1.66 5134
1.67 5133
1.67 5132
1.67 5131
1.67 5130
1.67 5129
1.67 5128
1.69 5127
1.69 5126
1.69 5125
1.69 5124
1.69 5123
1.70 5122
1.70 5121
1.70 5120
1.70 5119
1.70 5118
1.70 5117
1.72 5116
1.72 5115
1.72 5114
1.72 5113
1.72 5112
1.72 5111
1.73 5110
1.73 5109
1.73 5108
1.75 5107
1.75 5106
1.75 5105
1.75 5104
1.75 5103
1.77 5102
1.77 5101
1.77 5100
1.77 5099
1.77 5098
1.77 5097
1.78 5096
1.78 5095
1.78 5094
1.78 5093
1.78 5092
1.78 5091
1.80 5090
1.80 5089
1.80 5088
1.80 5087
1.80 5086
1.81 5085
1.81 5084
1.81 5083
1.81 5082
1.81 5081
1.83 5080
1.83 5079
1.83 5078
1.83 5077
1.83 5076
1.83 5075
1.83 5074
1.85 5073
1.85 5072
1.85 5071
1.85 5070
1.85 5069
1.85 5068
1.86 5067
1.86 5066
1.86 5065
1.86 5064
1.86 5063
1.86 5062
1.88 5061
1.88 5060
1.88 5059
1.88 5058
1.88 5057
1.88 5056
1.89 5055
1.89 5054
1.89 5053
1.89 5052
1.89 5051
1.89 5050
1.91 5049
1.91 5048
1.91 5047
1.91 5046
1.91 5045
1.91 5044
1.93 5043
1.93 5042
1.93 5041
1.93 5040
1.93 5039
1.93 5038
1.94 5037
1.94 5036
1.94 5035
1.94 5034
1.94 5033
1.94 5032
1.96 5031
1.96 5030
1.96 5029
1.96 5028
1.96 5027
1.96 5026
1.97 5025
1.97 5024
1.97 5023
1.97 5022
1.97 5021
1.97 5020
1.99 5019
1.99 5018
1.99 5017
1.99 5016
1.99 5015
1.99 5014
2.00 5013
2.00 5012
2.00 5011
2.00 5010
2.00 5009
2.00 5008
2.02 5007
2.02 5006
2.02 5005
2.02 5004
2.02 5003
2.02 5002
2.03 5001
2.03 5000
2.03 4999
2.03 4998
2.03 4997
2.05 4996
2.05 4995
2.05 4994
2.05 4993
2.05 4992
2.05 4991
2.07 4990
2.07 4989
2.07 4988
2.07 4987
2.07 4986
2.07 4985
2.08 4984
2.08 4983
2.08 4982
2.08 4981
2.08 4980
2.08 4979
2.10 4978
2.10 4977
2.10 4976
2.10 4975
2.10 4974
2.10 4973
2.11 4972
2.11 4971
2.11 4970
2.11 4969
2.11 4968
2.13 4967
2.13 4966
2.13 4965
2.13 4964
2.13 4963
2.13 4962
2.13 4961
2.14 4960
2.14 4959
2.14 4958
2.14 4957
2.14 4956
2.14 4955
2.16 4954
2.16 4953
2.16 4952
2.16 4951
2.16 4950
2.16 4949
2.18 4948
2.18 4947
2.18 4946
2.18 4945
2.18 4944
2.18 4943
2.19 4942
2.19 4941
2.19 4940
2.19 4939
2.19 4938
2.19 4937
2.21 4936
2.21 4935
2.21 4934
2.21 4933
2.21 4932
2.21 4931
2.22 4930
2.23 4929
2.23 4928
2.23 4927
2.23 4926
2.23 4925
2.24 4924
2.24 4923
2.24 4922
2.24 4921
2.24 4920
2.24 4919
2.25 4918
2.25 4917
2.25 4916
2.25 4915
2.25 4914
2.25 4913
2.27 4912
2.27 4911
2.27 4910
2.27 4909
2.27 4908
2.27 4907
2.27 4906
2.29 4905
2.29 4904
2.29 4903
2.29 4902
2.29 4901
2.29 4900
2.29 4899
2.30 4898
2.30 4897
2.30 4896
2.30 4895
2.30 4894
2.30 4893
2.30 4892
2.32 4891
2.32 4890
2.32 4889
2.33 4888
2.33 4887
2.33 4886
2.33 4885
2.33 4884
2.33 4883
2.33 4882
2.33 4881
2.33 4880
2.33 4879
2.33 4878
2.35 4877
2.35 4876
2.35 4875
2.35 4874
2.35 4873
2.35 4872
2.35 4871
2.37 4870
2.37 4869
2.37 4868
2.37 4867
2.37 4866
2.37 4865
2.37 4864
2.38 4863
2.38 4862
2.38 4861
2.38 4860
2.38 4859
2.38 4858
2.38 4857
2.40 4856
2.40 4855
2.40 4854
2.40 4853
2.40 4852
2.40 4851
2.40 4850
2.41 4849
2.41 4848
2.41 4847
2.41 4846
2.41 4845
2.41 4844
2.43 4843
2.43 4842
2.43 4841
2.43 4840
2.43 4839
2.43 4838
2.43 4837
2.43 4836
2.44 4835
2.44 4834
2.44 4833
2.44 4832
2.44 4831
2.44 4830
2.44 4829
2.46 4828
2.46 4827
2.46 4826
2.46 4825
2.46 4824
2.46 4823
2.46 4822
2.46 4821
2.48 4820
2.48 4819
2.48 4818
2.48 4817
2.49 4816
2.49 4815
2.50 4814
2.50 4813
2.50 4812
2.50 4811
2.51 4810
2.51 4809
2.51 4808
2.51 4807
2.52 4806
2.52 4805
2.52 4804
2.52 4803
2.52 4802
2.53 4801
2.53 4800
2.53 4799
2.53 4798
2.53 4797
2.53 4796
2.53 4795
2.53 4794
2.55 4793
2.55 4792
2.55 4791
2.55 4790
2.55 4789
2.55 4788
2.55 4787
2.55 4786
2.56 4785
2.56 4784
2.56 4783
2.56 4782
2.56 4781
2.56 4780
2.56 4779
2.58 4778
2.58 4777
2.58 4776
2.58 4775
2.58 4774
2.58 4773
2.58 4772
2.59 4771
2.59 4770
2.59 4769
2.59 4768
2.59 4767
2.59 4766
2.59 4765
2.61 4764
2.61 4763
2.61 4762
2.61 4761
2.61 4760
2.61 4759
2.62 4758
2.63 4757
2.63 4756
2.63 4755
2.63 4754
2.63 4753
2.63 4752
2.64 4751
2.64 4750
2.64 4749
2.64 4748
2.64 4747
2.64 4746
2.64 4745
2.66 4744
2.66 4743
2.66 4742
2.66 4741
2.66 4740
2.66 4739
2.66 4738
2.67 4737
2.67 4736
2.67 4735
2.67 4734
2.67 4733
2.67 4732
2.69 4731
2.69 4730
2.69 4729
2.69 4728
2.69 4727
2.69 4726
2.69 4725
2.69 4724
2.70 4723
2.70 4722
2.70 4721
2.70 4720
2.70 4719
2.70 4718
2.70 4717
2.72 4716
2.72 4715
2.72 4714
2.73 4713
2.73 4712
2.73 4711
2.73 4710
2.73 4709
2.73 4708
2.73 4707
2.73 4706
2.73 4705
2.73 4704
2.73 4703
2.75 4702
2.75 4701
2.75 4700
2.75 4699
2.75 4698
2.75 4697
2.75 4696
2.75 4695
2.77 4694
2.77 4693
2.77 4692
2.77 4691
2.77 4690
2.77 4689
2.77 4688
2.77 4687
2.78 4686
2.78 4685
2.78 4684
2.78 4683
2.78 4682
2.78 4681
2.78 4680
2.80 4679
2.80 4678
2.80 4677
2.80 4676
2.80 4675
2.80 4674
2.80 4673
2.80 4672
2.81 4671
2.81 4670
2.81 4669
2.81 4668
2.81 4667
2.81 4666
2.83 4665
2.83 4664
2.83 4663
2.83 4662
2.83 4661
2.83 4660
2.83 4659
2.83 4658
2.83 4657
2.84 4656
2.84 4655
2.84 4654
2.84 4653
2.84 4652
2.84 4651
2.84 4650
9.77 3308
18.01 3307
18.02 3306
