0.31 1971
0.31 1970
0.31 1969
0.31 1968
0.31 1967
0.31 1966
0.31 1965
0.31 1964
0.31 1963
0.31 1962
0.31 1961
0.31 1960
0.31 1959
0.31 1958
0.31 1957
0.31 1956
0.31 1955
0.31 1954
0.31 1953
0.31 1952
0.31 1951
0.31 1950
0.31 1949
0.33 1948
0.33 1947
0.33 1946
0.33 1945
0.33 1944
0.33 1943
0.33 1942
0.33 1941
0.33 1940
0.33 1939
0.33 1938
0.33 1937
0.33 1936
0.33 1935
0.33 1934
0.33 1933
0.33 1932
0.33 1931
0.33 1930
0.33 1929
0.33 1928
0.33 1927
0.33 1926
0.33 1925
0.33 1924
0.33 1923
0.34 1922
0.34 1921
0.34 1920
0.34 1919
0.34 1918
0.34 1917
0.34 1916
0.34 1915
0.34 1914
0.34 1913
0.34 1912
0.34 1911
0.34 1910
0.34 1909
0.34 1908
0.34 1907
0.34 1906
0.34 1905
0.34 1904
0.34 1903
0.34 1902
0.34 1901
0.34 1900
0.34 1899
0.34 1898
0.34 1897
0.36 1896
0.36 1895
0.36 1894
0.36 1893
0.36 1892
0.36 1891
0.36 1890
0.36 1889
0.36 1888
0.36 1887
0.36 1886
0.36 1885
0.36 1884
0.36 1883
0.36 1882
0.36 1881
0.36 1880
0.36 1879
0.36 1878
0.36 1877
0.36 1876
0.36 1875
0.36 1874
0.36 1873
0.36 1872
0.37 1871
0.37 1870
0.37 1869
0.37 1868
0.37 1867
0.37 1866
0.37 1865
0.37 1864
0.37 1863
0.37 1862
0.37 1861
0.37 1860
0.37 1859
0.37 1858
0.37 1857
0.37 1856
0.37 1855
0.37 1854
0.37 1853
0.37 1852
0.37 1851
0.37 1850
0.37 1849
0.37 1848
0.39 1847
0.39 1846
0.39 1845
0.39 1844
0.39 1843
0.39 1842
0.39 1841
0.39 1840
0.39 1839
0.39 1838
0.39 1837
0.39 1836
0.39 1835
0.39 1834
0.39 1833
0.40 1832
0.40 1831
0.40 1830
0.40 1829
0.40 1828
0.40 1827
0.40 1826
0.40 1825
0.40 1824
0.40 1823
0.40 1822
0.40 1821
0.40 1820
0.42 1819
0.42 1818
0.42 1817
0.42 1816
0.44 1815
0.44 1814
0.44 1813
0.44 1812
2.67 1811
5.02 1810
5.03 1809
5.03 1808
5.03 1807
5.03 1806
5.04 1805
5.04 1804
5.04 1803
5.05 1802
5.05 1801
5.05 1800
5.05 1799
5.06 1798
16.78 1797
16.78 1796
