0.44 999
0.44 998
0.45 997
0.45 996
0.45 995
0.45 994
0.45 993
0.45 992
0.45 991
0.45 990
0.45 989
0.45 988
0.45 987
0.45 986
0.45 985
0.45 984
0.45 983
0.45 982
0.45 981
0.45 980
0.45 979
0.45 978
0.45 977
0.45 976
0.46 975
0.46 974
0.46 973
0.46 972
0.46 971
0.46 970
0.46 969
0.46 968
0.46 967
0.46 966
0.46 965
0.46 964
0.46 963
0.46 962
0.46 961
0.46 960
0.46 959
0.46 958
0.47 957
0.47 956
0.47 955
0.47 954
0.47 953
0.47 952
0.47 951
0.47 950
0.47 949
0.47 948
0.47 947
0.47 946
0.47 945
0.47 944
0.47 943
0.47 942
0.47 941
0.47 940
0.47 939
0.48 938
0.48 937
0.48 936
0.48 935
0.48 934
2.94 933
