1.01 1959
1.01 1958
1.03 1957
1.03 1956
1.03 1955
1.03 1954
1.03 1953
1.03 1952
1.03 1951
1.03 1950
1.03 1949
1.03 1948
1.03 1947
1.03 1946
1.03 1945
1.03 1944
1.03 1943
1.03 1942
1.03 1941
1.03 1940
1.03 1939
1.03 1938
1.03 1937
1.03 1936
1.03 1935
1.03 1934
1.04 1933
1.04 1932
1.04 1931
1.04 1930
1.04 1929
1.04 1928
1.04 1927
1.04 1926
1.04 1925
1.04 1924
1.04 1923
1.04 1922
1.04 1921
1.04 1920
1.04 1919
1.04 1918
1.04 1917
1.04 1916
1.04 1915
1.04 1914
1.04 1913
1.04 1912
1.04 1911
1.04 1910
1.04 1909
1.06 1908
1.06 1907
1.06 1906
1.06 1905
1.06 1904
1.06 1903
1.06 1902
1.06 1901
1.06 1900
1.06 1899
1.06 1898
1.06 1897
1.06 1896
1.06 1895
1.06 1894
1.06 1893
1.06 1892
1.06 1891
1.06 1890
1.06 1889
1.06 1888
1.06 1887
1.06 1886
1.06 1885
1.06 1884
1.07 1883
1.07 1882
1.07 1881
1.07 1880
1.07 1879
1.07 1878
1.07 1877
1.08 1876
1.08 1875
1.08 1874
1.08 1873
1.08 1872
1.08 1871
1.08 1870
1.08 1869
1.08 1868
1.08 1867
1.08 1866
1.08 1865
1.08 1864
1.08 1863
1.08 1862
1.08 1861
1.08 1860
1.08 1859
1.08 1858
1.09 1857
1.09 1856
1.09 1855
1.09 1854
1.09 1853
1.09 1852
1.09 1851
1.09 1850
1.09 1849
1.09 1848
1.09 1847
1.09 1846
1.09 1845
1.09 1844
1.09 1843
1.09 1842
1.09 1841
1.11 1840
1.11 1839
1.11 1838
1.11 1837
1.11 1836
1.11 1835
1.11 1834
1.11 1833
1.11 1832
1.11 1831
1.11 1830
1.11 1829
1.11 1828
1.11 1827
1.11 1826
1.11 1825
1.11 1824
1.12 1823
1.12 1822
1.12 1821
1.12 1820
1.12 1819
1.12 1818
1.12 1817
1.12 1816
1.12 1815
1.12 1814
1.12 1813
1.12 1812
1.12 1811
1.12 1810
1.12 1809
1.12 1808
1.12 1807
1.12 1806
1.12 1805
1.12 1804
1.14 1803
1.14 1802
1.14 1801
1.14 1800
1.14 1799
1.14 1798
1.14 1797
1.14 1796
1.14 1795
1.14 1794
1.14 1793
1.14 1792
1.14 1791
1.14 1790
1.14 1789
1.14 1788
1.14 1787
1.14 1786
1.15 1785
1.15 1784
1.15 1783
1.15 1782
1.15 1781
1.15 1780
1.15 1779
1.15 1778
1.15 1777
1.15 1776
1.15 1775
1.15 1774
1.15 1773
1.15 1772
1.15 1771
1.15 1770
1.15 1769
1.15 1768
1.17 1767
1.17 1766
1.17 1765
1.17 1764
1.17 1763
1.17 1762
1.17 1761
1.17 1760
1.17 1759
1.17 1758
1.17 1757
1.18 1756
1.18 1755
1.18 1754
1.18 1753
1.18 1752
1.18 1751
1.19 1750
1.19 1749
1.19 1748
1.19 1747
1.19 1746
1.19 1745
1.19 1744
1.19 1743
1.19 1742
1.19 1741
1.19 1740
1.19 1739
1.19 1738
1.19 1737
1.19 1736
1.19 1735
1.19 1734
1.19 1733
1.19 1732
1.19 1731
1.19 1730
1.19 1729
1.20 1728
1.20 1727
1.20 1726
1.20 1725
1.20 1724
1.20 1723
1.20 1722
1.20 1721
1.20 1720
1.20 1719
1.20 1718
1.20 1717
1.20 1716
1.20 1715
1.20 1714
1.20 1713
1.20 1712
1.20 1711
1.20 1710
1.20 1709
1.20 1708
1.20 1707
1.20 1706
1.20 1705
1.22 1704
1.22 1703
1.22 1702
1.22 1701
1.22 1700
1.22 1699
1.22 1698
1.22 1697
1.22 1696
1.22 1695
1.22 1694
1.22 1693
1.22 1692
1.22 1691
1.22 1690
1.22 1689
1.22 1688
1.22 1687
1.22 1686
1.22 1685
1.22 1684
1.22 1683
1.22 1682
1.22 1681
1.22 1680
1.23 1679
1.23 1678
1.23 1677
1.23 1676
1.23 1675
1.23 1674
1.23 1673
1.23 1672
1.23 1671
1.23 1670
1.23 1669
1.23 1668
1.23 1667
1.23 1666
1.23 1665
1.23 1664
1.23 1663
1.23 1662
1.23 1661
1.23 1660
1.23 1659
1.23 1658
1.23 1657
1.23 1656
1.25 1655
1.25 1654
1.25 1653
1.25 1652
1.25 1651
1.25 1650
1.25 1649
1.25 1648
1.25 1647
1.25 1646
1.25 1645
1.25 1644
1.25 1643
1.25 1642
1.25 1641
1.25 1640
1.25 1639
1.25 1638
1.25 1637
1.25 1636
1.25 1635
1.25 1634
1.25 1633
1.25 1632
1.25 1631
1.26 1630
1.26 1629
1.26 1628
1.26 1627
1.26 1626
1.26 1625
1.26 1624
1.26 1623
1.26 1622
1.26 1621
1.26 1620
1.26 1619
1.26 1618
1.26 1617
1.26 1616
1.26 1615
1.26 1614
1.26 1613
1.26 1612
1.26 1611
1.26 1610
1.26 1609
1.26 1608
1.28 1607
1.28 1606
1.28 1605
1.28 1604
1.28 1603
1.28 1602
1.28 1601
1.28 1600
1.28 1599
1.28 1598
1.28 1597
1.28 1596
1.28 1595
1.28 1594
1.28 1593
1.28 1592
1.28 1591
1.28 1590
1.28 1589
1.28 1588
1.28 1587
1.28 1586
1.28 1585
1.28 1584
1.28 1583
1.30 1582
1.30 1581
1.30 1580
1.30 1579
1.30 1578
1.30 1577
1.30 1576
1.30 1575
1.30 1574
1.30 1573
1.30 1572
1.30 1571
1.30 1570
1.30 1569
1.30 1568
1.30 1567
1.30 1566
1.30 1565
1.30 1564
1.30 1563
1.30 1562
1.30 1561
1.30 1560
1.30 1559
1.30 1558
1.30 1557
1.31 1556
1.31 1555
1.31 1554
1.31 1553
1.31 1552
1.31 1551
1.31 1550
1.31 1549
1.31 1548
1.31 1547
1.31 1546
1.31 1545
1.31 1544
1.31 1543
1.31 1542
1.31 1541
1.31 1540
1.31 1539
1.31 1538
1.31 1537
1.31 1536
1.31 1535
1.31 1534
1.31 1533
1.31 1532
1.31 1531
1.33 1530
1.33 1529
1.33 1528
1.33 1527
1.33 1526
1.33 1525
1.33 1524
1.33 1523
1.33 1522
1.33 1521
1.33 1520
1.33 1519
1.33 1518
1.33 1517
1.33 1516
1.33 1515
1.33 1514
1.33 1513
1.33 1512
1.33 1511
1.34 1510
1.34 1509
1.34 1508
1.34 1507
1.34 1506
1.34 1505
1.34 1504
1.34 1503
1.34 1502
1.34 1501
1.34 1500
1.34 1499
1.34 1498
1.34 1497
1.34 1496
1.34 1495
1.34 1494
1.34 1493
1.34 1492
1.34 1491
1.36 1490
1.36 1489
1.36 1488
1.36 1487
1.36 1486
1.36 1485
1.36 1484
1.36 1483
1.36 1482
1.36 1481
1.36 1480
1.36 1479
1.36 1478
1.36 1477
1.36 1476
1.36 1475
1.36 1474
1.36 1473
1.36 1472
1.36 1471
1.37 1470
1.37 1469
1.37 1468
1.37 1467
1.37 1466
1.37 1465
1.37 1464
1.37 1463
1.37 1462
1.38 1461
1.38 1460
1.38 1459
1.38 1458
1.38 1457
1.38 1456
1.38 1455
1.38 1454
1.38 1453
1.38 1452
1.38 1451
1.38 1450
1.38 1449
1.38 1448
1.38 1447
1.38 1446
1.38 1445
1.39 1444
1.39 1443
1.39 1442
1.39 1441
1.39 1440
1.39 1439
1.39 1438
1.39 1437
1.39 1436
1.39 1435
1.39 1434
1.39 1433
1.39 1432
1.39 1431
1.39 1430
1.39 1429
1.39 1428
1.39 1427
1.39 1426
1.39 1425
1.39 1424
1.39 1423
1.39 1422
1.39 1421
1.39 1420
1.39 1419
1.41 1418
1.41 1417
1.41 1416
1.41 1415
1.41 1414
1.41 1413
1.41 1412
1.41 1411
1.41 1410
1.41 1409
1.41 1408
1.41 1407
1.41 1406
1.41 1405
1.41 1404
1.41 1403
1.41 1402
1.41 1401
1.41 1400
1.41 1399
1.41 1398
1.41 1397
1.41 1396
1.41 1395
1.41 1394
1.41 1393
1.42 1392
1.42 1391
1.42 1390
1.42 1389
1.42 1388
1.42 1387
1.42 1386
1.42 1385
1.42 1384
1.42 1383
1.42 1382
1.42 1381
1.42 1380
1.42 1379
1.42 1378
1.42 1377
1.42 1376
1.42 1375
1.42 1374
1.42 1373
1.42 1372
1.42 1371
1.42 1370
1.42 1369
1.42 1368
1.42 1367
1.42 1366
1.44 1365
1.44 1364
1.44 1363
1.44 1362
1.44 1361
1.44 1360
1.44 1359
1.44 1358
1.44 1357
1.44 1356
1.44 1355
1.44 1354
1.44 1353
1.44 1352
1.44 1351
1.44 1350
1.44 1349
1.44 1348
1.44 1347
1.44 1346
1.44 1345
1.44 1344
1.44 1343
1.44 1342
1.44 1341
1.44 1340
1.45 1339
1.45 1338
1.45 1337
1.45 1336
1.45 1335
1.45 1334
1.45 1333
1.45 1332
1.45 1331
1.45 1330
1.45 1329
1.45 1328
1.45 1327
1.45 1326
1.45 1325
1.45 1324
1.45 1323
1.45 1322
1.45 1321
1.45 1320
1.45 1319
1.45 1318
1.45 1317
1.45 1316
1.47 1315
1.47 1314
1.47 1313
1.47 1312
1.47 1311
1.47 1310
1.47 1309
1.47 1308
1.47 1307
1.47 1306
1.47 1305
1.47 1304
1.47 1303
1.47 1302
1.47 1301
1.47 1300
1.47 1299
1.48 1298
1.48 1297
1.48 1296
1.48 1295
1.48 1294
1.48 1293
1.48 1292
1.48 1291
1.48 1290
1.48 1289
1.48 1288
1.48 1287
1.48 1286
1.49 1285
1.49 1284
1.49 1283
1.49 1282
1.49 1281
1.49 1280
1.49 1279
1.49 1278
1.49 1277
1.49 1276
1.49 1275
1.49 1274
1.49 1273
1.49 1272
1.49 1271
1.49 1270
1.49 1269
1.49 1268
1.49 1267
1.49 1266
1.49 1265
1.49 1264
1.49 1263
1.50 1262
1.50 1261
1.50 1260
1.50 1259
1.50 1258
1.50 1257
1.50 1256
1.50 1255
1.50 1254
1.50 1253
1.50 1252
1.50 1251
1.50 1250
1.50 1249
1.51 1248
1.51 1247
1.51 1246
1.51 1245
1.51 1244
1.51 1243
1.51 1242
1.51 1241
1.51 1240
1.51 1239
1.51 1238
1.51 1237
1.51 1236
1.51 1235
1.51 1234
1.51 1233
1.51 1232
1.51 1231
1.51 1230
1.51 1229
1.51 1228
1.51 1227
1.51 1226
1.51 1225
1.51 1224
1.51 1223
1.51 1222
1.51 1221
1.53 1220
1.53 1219
1.53 1218
1.53 1217
1.53 1216
1.53 1215
1.53 1214
1.53 1213
1.53 1212
1.53 1211
1.53 1210
1.53 1209
1.53 1208
1.53 1207
1.53 1206
1.53 1205
1.53 1204
1.53 1203
1.53 1202
1.53 1201
1.53 1200
1.53 1199
1.53 1198
1.53 1197
1.53 1196
1.53 1195
1.53 1194
1.53 1193
1.54 1192
1.54 1191
1.54 1190
1.54 1189
1.54 1188
1.54 1187
1.54 1186
1.54 1185
1.54 1184
1.54 1183
1.54 1182
1.54 1181
1.54 1180
1.54 1179
1.54 1178
1.54 1177
1.54 1176
1.54 1175
1.54 1174
1.54 1173
1.54 1172
1.54 1171
1.54 1170
1.54 1169
1.56 1168
1.56 1167
1.56 1166
1.56 1165
1.56 1164
1.56 1163
1.56 1162
1.56 1161
1.56 1160
1.56 1159
1.56 1158
1.56 1157
1.56 1156
1.56 1155
1.56 1154
1.56 1153
1.56 1152
1.56 1151
1.56 1150
1.56 1149
1.56 1148
1.56 1147
1.56 1146
1.56 1145
1.56 1144
1.56 1143
1.56 1142
1.57 1141
1.57 1140
1.57 1139
1.57 1138
1.57 1137
1.57 1136
1.57 1135
1.57 1134
1.57 1133
1.57 1132
1.58 1131
1.58 1130
1.58 1129
1.58 1128
1.58 1127
1.58 1126
1.58 1125
1.58 1124
1.58 1123
1.58 1122
1.58 1121
1.58 1120
1.58 1119
1.58 1118
1.58 1117
1.58 1116
1.58 1115
1.58 1114
1.59 1113
1.59 1112
1.59 1111
1.59 1110
1.59 1109
1.59 1108
1.59 1107
1.59 1106
1.59 1105
1.59 1104
1.59 1103
1.59 1102
1.59 1101
1.59 1100
1.59 1099
1.59 1098
1.61 1097
1.61 1096
1.61 1095
1.61 1094
1.61 1093
1.61 1092
1.61 1091
1.61 1090
1.61 1089
1.61 1088
1.61 1087
1.61 1086
1.61 1085
1.61 1084
1.61 1083
1.61 1082
1.61 1081
1.61 1080
1.61 1079
1.61 1078
1.61 1077
1.62 1076
1.62 1075
1.62 1074
1.62 1073
1.62 1072
1.62 1071
1.62 1070
1.62 1069
1.62 1068
1.62 1067
1.62 1066
1.62 1065
1.62 1064
1.62 1063
1.62 1062
1.62 1061
1.62 1060
1.62 1059
1.62 1058
1.62 1057
1.63 1056
1.63 1055
1.63 1054
1.63 1053
1.63 1052
1.63 1051
1.63 1050
1.64 1049
1.64 1048
1.64 1047
1.64 1046
1.64 1045
1.64 1044
1.64 1043
1.64 1042
1.64 1041
1.64 1040
1.64 1039
1.64 1038
1.64 1037
1.64 1036
1.64 1035
1.65 1034
1.65 1033
1.65 1032
1.65 1031
1.65 1030
1.65 1029
1.65 1028
1.65 1027
1.65 1026
1.65 1025
1.65 1024
1.65 1023
1.65 1022
1.65 1021
1.65 1020
1.65 1019
1.65 1018
1.65 1017
1.65 1016
1.65 1015
1.65 1014
1.65 1013
1.65 1012
1.65 1011
1.66 1010
1.66 1009
1.66 1008
1.66 1007
1.66 1006
1.66 1005
1.66 1004
1.66 1003
1.66 1002
1.66 1001
1.66 1000
1.66 999
1.66 998
1.66 997
1.66 996
1.66 995
1.66 994
1.67 993
1.67 992
1.67 991
1.67 990
1.67 989
1.67 988
1.67 987
1.67 986
1.67 985
1.67 984
1.67 983
1.67 982
1.67 981
1.67 980
