0.13 5683
0.13 5682
0.14 5681
0.14 5680
0.14 5679
0.15 5678
0.15 5677
0.15 5676
0.15 5675
0.16 5674
0.16 5673
0.16 5672
0.17 5671
0.17 5670
0.17 5669
0.17 5668
0.18 5667
0.18 5666
0.18 5665
0.18 5664
0.19 5663
0.19 5662
0.19 5661
0.20 5660
0.20 5659
0.20 5658
0.21 5657
0.21 5656
0.21 5655
0.21 5654
0.22 5653
0.22 5652
0.22 5651
0.22 5650
0.23 5649
0.23 5648
0.23 5647
0.24 5646
0.24 5645
0.24 5644
0.24 5643
0.25 5642
0.25 5641
0.25 5640
0.25 5639
0.26 5638
0.26 5637
0.26 5636
0.27 5635
0.27 5634
0.27 5633
0.28 5632
0.28 5631
0.28 5630
0.28 5629
0.29 5628
0.29 5627
0.29 5626
0.29 5625
0.30 5624
0.30 5623
0.30 5622
0.31 5621
0.31 5620
0.31 5619
0.31 5618
0.32 5617
0.32 5616
0.32 5615
0.33 5614
0.33 5613
0.33 5612
0.33 5611
0.34 5610
0.34 5609
0.34 5608
0.35 5607
0.35 5606
0.35 5605
0.35 5604
0.36 5603
0.36 5602
0.36 5601
0.37 5600
0.37 5599
0.37 5598
0.37 5597
0.38 5596
0.38 5595
0.38 5594
0.39 5593
0.39 5592
0.39 5591
0.39 5590
0.40 5589
0.40 5588
0.40 5587
0.40 5586
0.41 5585
0.41 5584
0.41 5583
0.42 5582
0.42 5581
0.42 5580
0.42 5579
0.43 5578
0.43 5577
0.43 5576
0.44 5575
0.44 5574
0.44 5573
0.44 5572
0.45 5571
0.45 5570
0.45 5569
0.45 5568
0.46 5567
0.46 5566
0.46 5565
0.47 5564
0.47 5563
0.47 5562
0.47 5561
0.47 5560
0.48 5559
0.48 5558
0.48 5557
0.49 5556
0.49 5555
0.49 5554
0.49 5553
0.50 5552
0.50 5551
0.50 5550
0.51 5549
0.51 5548
0.51 5547
0.51 5546
0.52 5545
0.52 5544
0.52 5543
0.52 5542
0.53 5541
0.53 5540
0.53 5539
0.54 5538
0.54 5537
0.54 5536
0.54 5535
0.55 5534
0.55 5533
0.55 5532
0.55 5531
0.56 5530
0.56 5529
0.56 5528
0.56 5527
0.57 5526
0.57 5525
0.57 5524
0.57 5523
0.58 5522
0.58 5521
0.58 5520
0.58 5519
0.59 5518
0.59 5517
0.59 5516
0.59 5515
0.60 5514
0.60 5513
0.60 5512
0.60 5511
0.61 5510
0.61 5509
0.61 5508
0.61 5507
0.62 5506
0.62 5505
0.62 5504
0.63 5503
0.63 5502
0.63 5501
0.63 5500
0.64 5499
0.64 5498
0.64 5497
0.64 5496
0.65 5495
0.65 5494
0.65 5493
0.65 5492
0.66 5491
0.66 5490
0.66 5489
0.67 5488
0.67 5487
0.67 5486
0.67 5485
0.68 5484
0.68 5483
0.68 5482
0.68 5481
0.69 5480
0.69 5479
0.69 5478
0.69 5477
0.70 5476
0.70 5475
0.70 5474
0.71 5473
0.71 5472
0.71 5471
0.72 5470
0.72 5469
0.72 5468
0.72 5467
0.73 5466
0.73 5465
0.73 5464
0.73 5463
0.74 5462
0.74 5461
0.74 5460
0.74 5459
0.75 5458
0.75 5457
0.75 5456
0.75 5455
0.76 5454
0.76 5453
0.76 5452
0.77 5451
0.77 5450
0.77 5449
0.77 5448
0.78 5447
0.78 5446
0.78 5445
0.78 5444
0.79 5443
0.79 5442
0.79 5441
0.79 5440
0.80 5439
0.80 5438
0.81 5437
0.81 5436
0.81 5435
0.81 5434
0.82 5433
0.82 5432
0.82 5431
0.82 5430
0.83 5429
0.83 5428
0.83 5427
0.83 5426
0.84 5425
0.84 5424
0.84 5423
0.84 5422
0.85 5421
0.85 5420
0.85 5419
0.86 5418
0.86 5417
0.87 5416
0.87 5415
0.87 5414
0.87 5413
0.88 5412
0.88 5411
0.88 5410
0.88 5409
0.89 5408
0.89 5407
0.89 5406
0.89 5405
0.90 5404
0.90 5403
0.90 5402
0.91 5401
0.91 5400
0.91 5399
0.91 5398
0.92 5397
0.92 5396
0.92 5395
0.93 5394
0.93 5393
0.93 5392
0.93 5391
0.94 5390
0.94 5389
0.94 5388
0.94 5387
0.95 5386
0.95 5385
0.95 5384
0.95 5383
0.96 5382
0.96 5381
0.96 5380
0.96 5379
0.97 5378
0.97 5377
0.97 5376
0.97 5375
0.98 5374
0.98 5373
0.98 5372
0.98 5371
0.99 5370
0.99 5369
0.99 5368
1.00 5367
1.00 5366
1.00 5365
1.00 5364
1.01 5363
1.01 5362
1.01 5361
1.01 5360
1.02 5359
1.02 5358
1.02 5357
1.02 5356
1.03 5355
1.03 5354
1.03 5353
1.04 5352
1.04 5351
1.04 5350
1.05 5349
1.05 5348
1.05 5347
1.05 5346
1.06 5345
1.06 5344
1.06 5343
1.07 5342
1.07 5341
1.07 5340
1.08 5339
1.08 5338
1.08 5337
1.09 5336
1.09 5335
1.09 5334
1.09 5333
1.10 5332
1.10 5331
1.10 5330
1.11 5329
1.11 5328
1.11 5327
1.11 5326
1.12 5325
1.12 5324
1.12 5323
1.12 5322
1.13 5321
1.13 5320
1.13 5319
1.13 5318
1.13 5317
1.14 5316
1.14 5315
1.14 5314
1.15 5313
1.15 5312
1.16 5311
1.16 5310
1.16 5309
1.16 5308
1.17 5307
1.17 5306
1.17 5305
1.17 5304
1.18 5303
1.18 5302
1.18 5301
1.19 5300
1.19 5299
1.19 5298
1.19 5297
1.20 5296
1.20 5295
1.20 5294
1.21 5293
1.21 5292
1.21 5291
1.21 5290
1.22 5289
1.22 5288
1.22 5287
1.22 5286
1.23 5285
1.23 5284
1.23 5283
1.24 5282
1.24 5281
1.24 5280
1.24 5279
1.25 5278
1.25 5277
1.25 5276
1.26 5275
1.26 5274
1.26 5273
1.26 5272
1.27 5271
1.27 5270
1.27 5269
1.28 5268
1.28 5267
1.28 5266
1.28 5265
1.29 5264
1.29 5263
1.29 5262
1.30 5261
1.30 5260
1.30 5259
1.30 5258
1.31 5257
1.31 5256
1.31 5255
1.32 5254
1.32 5253
1.32 5252
1.33 5251
1.33 5250
1.33 5249
1.33 5248
1.34 5247
1.34 5246
1.34 5245
1.35 5244
1.35 5243
1.35 5242
1.35 5241
1.36 5240
1.36 5239
1.36 5238
1.37 5237
1.37 5236
1.37 5235
1.37 5234
1.38 5233
1.38 5232
1.38 5231
1.38 5230
1.38 5229
1.39 5228
1.39 5227
1.39 5226
1.40 5225
1.40 5224
1.40 5223
1.41 5222
1.41 5221
1.41 5220
1.41 5219
1.42 5218
1.42 5217
1.42 5216
1.43 5215
1.43 5214
1.43 5213
1.44 5212
1.44 5211
1.44 5210
1.44 5209
1.45 5208
1.45 5207
1.46 5206
1.46 5205
1.46 5204
1.46 5203
1.46 5202
1.47 5201
1.47 5200
1.47 5199
1.47 5198
1.48 5197
1.48 5196
1.49 5195
1.49 5194
1.49 5193
1.49 5192
1.50 5191
1.50 5190
1.50 5189
1.50 5188
1.51 5187
1.51 5186
1.51 5185
1.52 5184
1.52 5183
1.52 5182
1.52 5181
1.53 5180
1.53 5179
1.53 5178
1.53 5177
1.54 5176
1.54 5175
1.54 5174
1.54 5173
1.55 5172
1.55 5171
1.55 5170
1.55 5169
1.56 5168
1.56 5167
1.56 5166
1.56 5165
1.57 5164
1.57 5163
1.57 5162
1.57 5161
1.58 5160
1.58 5159
1.58 5158
1.58 5157
1.59 5156
1.59 5155
1.59 5154
1.59 5153
1.59 5152
1.60 5151
1.60 5150
1.60 5149
1.60 5148
1.61 5147
1.61 5146
1.61 5145
1.61 5144
1.62 5143
1.62 5142
1.62 5141
1.62 5140
1.62 5139
1.63 5138
1.63 5137
1.63 5136
1.64 5135
1.64 5134
1.64 5133
1.64 5132
1.65 5131
1.65 5130
1.65 5129
1.65 5128
1.66 5127
1.66 5126
1.66 5125
1.66 5124
1.67 5123
1.67 5122
1.67 5121
1.67 5120
1.68 5119
1.68 5118
1.68 5117
1.68 5116
1.69 5115
1.69 5114
1.69 5113
1.69 5112
1.69 5111
1.70 5110
1.70 5109
1.70 5108
1.70 5107
1.71 5106
1.71 5105
1.71 5104
1.71 5103
1.72 5102
1.72 5101
1.72 5100
1.72 5099
1.73 5098
1.73 5097
1.73 5096
1.73 5095
1.74 5094
1.74 5093
1.74 5092
1.74 5091
1.75 5090
1.75 5089
1.75 5088
1.75 5087
1.75 5086
1.76 5085
1.76 5084
1.76 5083
1.76 5082
1.77 5081
1.77 5080
1.77 5079
1.77 5078
1.77 5077
1.78 5076
1.78 5075
1.78 5074
1.78 5073
1.79 5072
1.79 5071
1.79 5070
1.80 5069
1.80 5068
1.80 5067
1.80 5066
1.80 5065
1.81 5064
1.81 5063
1.81 5062
1.81 5061
1.82 5060
1.82 5059
1.82 5058
1.82 5057
1.83 5056
1.83 5055
1.83 5054
1.83 5053
1.84 5052
1.84 5051
1.84 5050
1.84 5049
1.85 5048
1.85 5047
1.85 5046
1.85 5045
1.86 5044
1.86 5043
1.86 5042
1.87 5041
1.87 5040
1.87 5039
1.87 5038
1.88 5037
1.88 5036
1.88 5035
1.88 5034
1.89 5033
1.89 5032
1.89 5031
1.90 5030
1.90 5029
1.90 5028
1.90 5027
1.90 5026
1.91 5025
1.91 5024
1.91 5023
1.91 5022
1.92 5021
1.92 5020
1.92 5019
1.92 5018
1.93 5017
1.93 5016
1.93 5015
1.93 5014
1.93 5013
1.94 5012
1.94 5011
1.94 5010
1.94 5009
1.95 5008
1.95 5007
1.95 5006
1.95 5005
1.96 5004
1.96 5003
1.96 5002
1.96 5001
1.97 5000
1.97 4999
1.97 4998
1.97 4997
1.98 4996
1.98 4995
1.98 4994
1.98 4993
1.98 4992
1.98 4991
1.99 4990
1.99 4989
2.00 4988
2.00 4987
2.00 4986
2.01 4985
2.01 4984
2.01 4983
2.01 4982
2.02 4981
2.02 4980
2.02 4979
2.02 4978
2.03 4977
2.03 4976
2.03 4975
2.03 4974
2.04 4973
2.04 4972
2.04 4971
2.04 4970
2.05 4969
2.05 4968
2.05 4967
2.05 4966
2.06 4965
2.06 4964
2.06 4963
2.06 4962
2.07 4961
2.07 4960
2.07 4959
2.07 4958
2.07 4957
2.08 4956
2.08 4955
2.08 4954
2.09 4953
2.09 4952
2.09 4951
2.09 4950
2.09 4949
2.10 4948
2.10 4947
2.10 4946
2.11 4945
2.11 4944
2.11 4943
2.11 4942
2.12 4941
2.12 4940
2.12 4939
2.12 4938
2.13 4937
2.13 4936
2.13 4935
2.13 4934
2.13 4933
2.14 4932
2.14 4931
2.14 4930
2.14 4929
2.15 4928
2.15 4927
2.15 4926
2.16 4925
2.16 4924
2.16 4923
2.16 4922
2.17 4921
2.17 4920
2.17 4919
2.17 4918
2.17 4917
2.18 4916
2.18 4915
2.18 4914
2.18 4913
2.19 4912
2.19 4911
2.19 4910
2.19 4909
2.20 4908
2.20 4907
2.20 4906
2.20 4905
2.21 4904
2.21 4903
2.21 4902
2.21 4901
2.22 4900
2.22 4899
2.22 4898
2.22 4897
2.23 4896
2.23 4895
2.23 4894
2.23 4893
2.24 4892
2.24 4891
2.24 4890
2.24 4889
2.24 4888
2.25 4887
2.25 4886
2.25 4885
2.25 4884
2.26 4883
2.26 4882
2.26 4881
2.26 4880
2.27 4879
2.27 4878
2.27 4877
2.27 4876
2.27 4875
2.28 4874
2.28 4873
2.28 4872
2.28 4871
2.28 4870
2.29 4869
2.29 4868
2.29 4867
2.30 4866
2.30 4865
2.30 4864
2.30 4863
2.31 4862
2.31 4861
2.31 4860
2.31 4859
2.32 4858
2.32 4857
2.32 4856
2.32 4855
2.33 4854
2.33 4853
2.33 4852
2.33 4851
2.33 4850
2.33 4849
2.34 4848
2.34 4847
2.34 4846
2.35 4845
2.35 4844
2.35 4843
2.36 4842
2.36 4841
2.36 4840
2.36 4839
2.37 4838
2.37 4837
2.37 4836
2.37 4835
2.37 4834
2.38 4833
2.38 4832
2.38 4831
2.38 4830
2.38 4829
2.39 4828
2.39 4827
2.39 4826
2.39 4825
2.40 4824
2.40 4823
2.40 4822
2.40 4821
2.40 4820
2.40 4819
2.41 4818
2.41 4817
2.41 4816
2.42 4815
2.42 4814
2.42 4813
2.42 4812
2.43 4811
2.43 4810
2.43 4809
2.43 4808
2.44 4807
2.44 4806
2.44 4805
2.44 4804
2.45 4803
2.45 4802
2.45 4801
2.45 4800
2.46 4799
2.46 4798
2.46 4797
2.46 4796
2.47 4795
2.47 4794
2.47 4793
2.48 4792
2.48 4791
2.48 4790
2.48 4789
2.48 4788
2.48 4787
2.49 4786
2.49 4785
2.49 4784
2.50 4783
2.50 4782
2.50 4781
2.50 4780
2.51 4779
2.51 4778
2.51 4777
2.51 4776
2.52 4775
2.52 4774
2.52 4773
2.52 4772
2.53 4771
2.53 4770
2.53 4769
2.53 4768
2.54 4767
2.54 4766
2.54 4765
2.54 4764
2.55 4763
2.55 4762
2.55 4761
2.55 4760
2.56 4759
2.56 4758
2.56 4757
2.56 4756
2.57 4755
2.57 4754
2.57 4753
2.57 4752
2.58 4751
2.58 4750
2.58 4749
2.58 4748
2.58 4747
2.59 4746
2.59 4745
2.59 4744
2.59 4743
2.60 4742
2.60 4741
2.60 4740
2.60 4739
2.61 4738
2.61 4737
2.61 4736
2.61 4735
2.61 4734
2.62 4733
2.62 4732
2.62 4731
2.62 4730
2.63 4729
2.63 4728
2.63 4727
2.63 4726
2.63 4725
2.63 4724
2.64 4723
2.64 4722
2.64 4721
2.65 4720
2.65 4719
2.65 4718
2.65 4717
2.66 4716
2.66 4715
2.66 4714
2.66 4713
2.67 4712
2.67 4711
2.67 4710
2.67 4709
2.68 4708
2.68 4707
2.68 4706
2.68 4705
2.68 4704
2.69 4703
2.69 4702
2.69 4701
2.69 4700
2.70 4699
2.70 4698
2.70 4697
2.70 4696
2.70 4695
2.71 4694
2.71 4693
2.71 4692
2.71 4691
2.72 4690
2.72 4689
2.72 4688
2.72 4687
2.73 4686
2.73 4685
2.73 4684
2.73 4683
2.74 4682
2.74 4681
2.74 4680
2.74 4679
2.74 4678
2.75 4677
2.75 4676
2.75 4675
2.75 4674
2.76 4673
2.76 4672
2.76 4671
2.76 4670
2.76 4669
2.77 4668
2.77 4667
2.77 4666
2.77 4665
2.78 4664
2.78 4663
2.78 4662
2.78 4661
2.79 4660
2.79 4659
2.79 4658
2.79 4657
2.79 4656
2.80 4655
2.80 4654
2.80 4653
2.80 4652
2.80 4651
2.81 4650
8.17 3307
8.17 3306
21.67 3305
21.67 3304
