1.07 1499
1.07 1498
1.07 1497
1.07 1496
1.07 1495
1.07 1494
1.07 1493
1.07 1492
1.08 1491
1.08 1490
1.08 1489
1.08 1488
1.08 1487
1.08 1486
1.08 1485
1.08 1484
1.08 1483
1.08 1482
1.08 1481
1.08 1480
1.08 1479
1.08 1478
1.08 1477
1.08 1476
1.08 1475
1.08 1474
1.08 1473
1.08 1472
1.09 1471
1.09 1470
1.09 1469
1.09 1468
1.09 1467
1.09 1466
1.09 1465
1.09 1464
1.09 1463
1.10 1462
1.10 1461
1.10 1460
1.10 1459
1.10 1458
1.10 1457
1.11 1456
1.11 1455
1.11 1454
1.11 1453
1.11 1452
1.11 1451
1.11 1450
1.11 1449
1.11 1448
1.11 1447
1.11 1446
1.13 1445
1.13 1444
4.00 1439
4.00 1438
