1.04 1959
1.04 1958
1.04 1957
1.04 1956
1.04 1955
1.04 1954
1.04 1953
1.04 1952
1.04 1951
1.04 1950
1.04 1949
1.04 1948
1.05 1947
1.05 1946
1.05 1945
1.05 1944
1.06 1943
1.06 1942
1.06 1941
1.06 1940
1.06 1939
1.06 1938
1.06 1937
1.06 1936
1.06 1935
1.06 1934
1.06 1933
1.06 1932
1.06 1931
1.06 1930
1.06 1929
1.07 1928
1.07 1927
1.07 1926
1.07 1925
1.07 1924
1.07 1923
1.07 1922
1.07 1921
1.07 1920
1.07 1919
1.07 1918
1.07 1917
1.07 1916
1.07 1915
1.07 1914
1.08 1913
1.08 1912
1.08 1911
1.08 1910
1.08 1909
1.08 1908
1.08 1907
1.08 1906
1.08 1905
1.08 1904
1.08 1903
1.08 1902
1.08 1901
1.08 1900
1.08 1899
1.08 1898
1.08 1897
1.08 1896
1.08 1895
1.08 1894
1.08 1893
1.08 1892
1.08 1891
1.09 1890
1.09 1889
1.09 1888
1.09 1887
1.09 1886
1.09 1885
1.09 1884
1.09 1883
1.09 1882
1.10 1881
1.10 1880
1.10 1879
1.10 1878
1.10 1877
1.10 1876
1.10 1875
1.10 1874
1.10 1873
1.10 1872
1.10 1871
1.10 1870
1.10 1869
1.10 1868
1.10 1867
1.10 1866
1.10 1865
1.10 1864
1.10 1863
1.10 1862
1.10 1861
1.11 1860
1.11 1859
1.11 1858
1.11 1857
1.11 1856
1.11 1855
1.11 1854
1.11 1853
1.11 1852
1.11 1851
1.11 1850
1.11 1849
1.11 1848
1.11 1847
1.11 1846
1.11 1845
1.11 1844
1.11 1843
1.11 1842
1.11 1841
1.11 1840
1.11 1839
1.11 1838
1.11 1837
1.11 1836
1.12 1835
1.12 1834
1.12 1833
1.12 1832
1.12 1831
1.12 1830
1.12 1829
1.12 1828
1.12 1827
1.12 1826
1.12 1825
1.12 1824
1.12 1823
1.12 1822
1.12 1821
1.12 1820
1.12 1819
1.14 1818
1.14 1817
1.14 1816
1.14 1815
1.14 1814
1.14 1813
1.14 1812
1.14 1811
1.14 1810
1.14 1809
1.14 1808
1.14 1807
1.14 1806
1.14 1805
1.14 1804
1.14 1803
1.14 1802
1.14 1801
1.14 1800
1.14 1799
1.14 1798
1.15 1797
1.16 1796
1.16 1795
1.16 1794
1.16 1793
1.16 1792
1.16 1791
1.16 1790
1.16 1789
1.16 1788
1.16 1787
1.16 1786
1.16 1785
1.16 1784
1.16 1783
1.16 1782
1.16 1781
1.16 1780
1.16 1779
1.16 1778
1.16 1777
1.16 1776
1.16 1775
1.16 1774
1.16 1773
1.17 1772
1.17 1771
1.17 1770
1.17 1769
1.17 1768
1.17 1767
1.17 1766
1.17 1765
1.17 1764
1.17 1763
1.17 1762
1.17 1761
1.17 1760
1.17 1759
1.17 1758
1.17 1757
1.17 1756
1.17 1755
1.17 1754
1.19 1753
1.19 1752
1.19 1751
1.19 1750
1.19 1749
1.19 1748
1.19 1747
1.19 1746
1.19 1745
1.19 1744
1.19 1743
1.19 1742
1.19 1741
1.19 1740
1.19 1739
1.19 1738
1.19 1737
1.19 1736
1.19 1735
1.19 1734
1.19 1733
1.19 1732
1.20 1731
1.20 1730
1.20 1729
1.20 1728
1.20 1727
1.20 1726
1.20 1725
1.20 1724
1.20 1723
1.20 1722
1.20 1721
1.20 1720
1.20 1719
1.20 1718
1.20 1717
1.20 1716
1.20 1715
1.20 1714
1.20 1713
1.21 1712
1.21 1711
1.21 1710
1.21 1709
1.21 1708
1.21 1707
1.22 1706
1.22 1705
1.22 1704
1.22 1703
1.22 1702
1.22 1701
1.22 1700
1.22 1699
1.22 1698
1.22 1697
1.22 1696
1.22 1695
1.22 1694
1.22 1693
1.22 1692
1.22 1691
1.22 1690
1.22 1689
1.22 1688
1.22 1687
1.22 1686
1.22 1685
1.22 1684
1.22 1683
1.23 1682
1.23 1681
1.23 1680
1.23 1679
1.23 1678
1.23 1677
1.23 1676
1.23 1675
1.23 1674
1.23 1673
1.23 1672
1.23 1671
1.23 1670
1.23 1669
1.23 1668
1.23 1667
1.23 1666
1.23 1665
1.23 1664
1.23 1663
1.23 1662
1.23 1661
1.23 1660
1.23 1659
1.23 1658
1.23 1657
1.25 1656
1.25 1655
1.25 1654
1.25 1653
1.25 1652
1.25 1651
1.25 1650
1.25 1649
1.25 1648
1.25 1647
1.25 1646
1.25 1645
1.25 1644
1.25 1643
1.25 1642
1.25 1641
1.25 1640
1.25 1639
1.25 1638
1.25 1637
1.25 1636
1.25 1635
1.25 1634
1.25 1633
1.25 1632
1.25 1631
1.27 1630
1.27 1629
1.27 1628
1.27 1627
1.27 1626
1.27 1625
1.27 1624
1.27 1623
1.27 1622
1.27 1621
1.27 1620
1.27 1619
1.27 1618
1.27 1617
1.27 1616
1.27 1615
1.27 1614
1.27 1613
1.27 1612
1.27 1611
1.27 1610
1.27 1609
1.27 1608
1.27 1607
1.28 1606
1.28 1605
1.28 1604
1.28 1603
1.28 1602
1.28 1601
1.28 1600
1.28 1599
1.28 1598
1.28 1597
1.28 1596
1.28 1595
1.28 1594
1.28 1593
1.28 1592
1.28 1591
1.28 1590
1.28 1589
1.28 1588
1.28 1587
1.28 1586
1.28 1585
1.28 1584
1.28 1583
1.28 1582
1.28 1581
1.28 1580
1.30 1579
1.30 1578
1.30 1577
1.30 1576
1.30 1575
1.30 1574
1.30 1573
1.30 1572
1.30 1571
1.30 1570
1.30 1569
1.30 1568
1.30 1567
1.30 1566
1.30 1565
1.30 1564
1.30 1563
1.30 1562
1.30 1561
1.30 1560
1.30 1559
1.30 1558
1.30 1557
1.30 1556
1.30 1555
1.30 1554
1.30 1553
1.30 1552
1.31 1551
1.31 1550
1.31 1549
1.31 1548
1.31 1547
1.31 1546
1.31 1545
1.31 1544
1.31 1543
1.31 1542
1.31 1541
1.31 1540
1.31 1539
1.31 1538
1.31 1537
1.31 1536
1.31 1535
1.31 1534
1.31 1533
1.31 1532
1.31 1531
1.31 1530
1.31 1529
1.31 1528
1.31 1527
1.31 1526
1.31 1525
1.31 1524
1.33 1523
1.33 1522
1.33 1521
1.33 1520
1.33 1519
1.33 1518
1.33 1517
1.33 1516
1.33 1515
1.33 1514
1.33 1513
1.33 1512
1.33 1511
1.33 1510
1.33 1509
1.33 1508
1.33 1507
1.33 1506
1.33 1505
1.33 1504
1.33 1503
1.33 1502
1.33 1501
1.33 1500
1.33 1499
1.33 1498
1.34 1497
1.34 1496
1.34 1495
1.34 1494
1.34 1493
1.34 1492
1.34 1491
1.34 1490
1.34 1489
1.34 1488
1.34 1487
1.34 1486
1.34 1485
1.34 1484
1.34 1483
1.34 1482
1.34 1481
1.34 1480
1.34 1479
1.34 1478
1.34 1477
1.34 1476
1.34 1475
1.34 1474
1.34 1473
1.34 1472
1.34 1471
1.36 1470
1.36 1469
1.36 1468
1.36 1467
1.36 1466
1.36 1465
1.36 1464
1.36 1463
1.36 1462
1.36 1461
1.36 1460
1.36 1459
1.36 1458
1.36 1457
1.36 1456
1.36 1455
1.36 1454
1.36 1453
1.36 1452
1.36 1451
1.36 1450
1.36 1449
1.36 1448
1.36 1447
1.36 1446
1.36 1445
1.38 1444
1.38 1443
1.38 1442
1.38 1441
1.38 1440
1.38 1439
1.38 1438
1.38 1437
1.38 1436
1.38 1435
1.38 1434
1.38 1433
1.38 1432
1.38 1431
1.38 1430
1.38 1429
1.38 1428
1.38 1427
1.38 1426
1.38 1425
1.38 1424
1.38 1423
1.38 1422
1.38 1421
1.38 1420
1.38 1419
1.38 1418
1.39 1417
1.39 1416
1.39 1415
1.39 1414
1.39 1413
1.39 1412
1.39 1411
1.39 1410
1.39 1409
1.39 1408
1.39 1407
1.39 1406
1.39 1405
1.39 1404
1.39 1403
1.39 1402
1.39 1401
1.39 1400
1.39 1399
1.39 1398
1.39 1397
1.39 1396
1.39 1395
1.39 1394
1.39 1393
1.39 1392
1.39 1391
1.41 1390
1.41 1389
1.41 1388
1.41 1387
1.41 1386
1.41 1385
1.41 1384
1.41 1383
1.41 1382
1.41 1381
1.41 1380
1.41 1379
1.41 1378
1.41 1377
1.41 1376
1.41 1375
1.41 1374
1.41 1373
1.41 1372
1.41 1371
1.41 1370
1.41 1369
1.41 1368
1.41 1367
1.41 1366
1.41 1365
1.41 1364
1.42 1363
1.42 1362
1.42 1361
1.42 1360
1.42 1359
1.42 1358
1.42 1357
1.42 1356
1.42 1355
1.42 1354
1.42 1353
1.42 1352
1.42 1351
1.42 1350
1.42 1349
1.42 1348
1.42 1347
1.42 1346
1.42 1345
1.42 1344
1.42 1343
1.42 1342
1.42 1341
1.42 1340
1.42 1339
1.42 1338
1.42 1337
1.44 1336
1.44 1335
1.44 1334
1.44 1333
1.44 1332
1.44 1331
1.44 1330
1.44 1329
1.44 1328
1.44 1327
1.44 1326
1.44 1325
1.44 1324
1.44 1323
1.44 1322
1.44 1321
1.44 1320
1.44 1319
1.44 1318
1.44 1317
1.44 1316
1.44 1315
1.44 1314
1.44 1313
1.44 1312
1.44 1311
1.44 1310
1.44 1309
1.45 1308
1.45 1307
1.45 1306
1.45 1305
1.45 1304
1.45 1303
1.45 1302
1.45 1301
1.45 1300
1.45 1299
1.45 1298
1.45 1297
1.45 1296
1.45 1295
1.45 1294
1.45 1293
1.45 1292
1.45 1291
1.45 1290
1.45 1289
1.45 1288
1.45 1287
1.45 1286
1.45 1285
1.45 1284
1.45 1283
1.45 1282
1.45 1281
1.47 1280
1.47 1279
1.47 1278
1.47 1277
1.47 1276
1.47 1275
1.47 1274
1.47 1273
1.47 1272
1.47 1271
1.47 1270
1.47 1269
1.47 1268
1.47 1267
1.47 1266
1.47 1265
1.47 1264
1.47 1263
1.47 1262
1.47 1261
1.47 1260
1.47 1259
1.47 1258
1.49 1257
1.49 1256
1.49 1255
1.49 1254
1.49 1253
1.49 1252
1.49 1251
1.49 1250
1.49 1249
1.49 1248
1.49 1247
1.49 1246
1.49 1245
1.49 1244
1.49 1243
1.49 1242
1.49 1241
1.49 1240
1.49 1239
1.49 1238
1.49 1237
1.49 1236
1.49 1235
1.49 1234
1.49 1233
1.49 1232
1.49 1231
1.49 1230
1.50 1229
1.50 1228
1.50 1227
1.50 1226
1.50 1225
1.50 1224
1.50 1223
1.50 1222
1.50 1221
1.50 1220
1.50 1219
1.50 1218
1.50 1217
1.50 1216
1.50 1215
1.50 1214
1.50 1213
1.50 1212
1.50 1211
1.50 1210
1.50 1209
1.50 1208
1.50 1207
1.50 1206
1.52 1205
1.52 1204
1.52 1203
1.52 1202
1.52 1201
1.52 1200
1.52 1199
1.52 1198
1.52 1197
1.52 1196
1.52 1195
1.52 1194
1.52 1193
1.52 1192
1.52 1191
1.52 1190
1.52 1189
1.52 1188
1.52 1187
1.52 1186
1.52 1185
1.52 1184
1.52 1183
1.52 1182
1.52 1181
1.52 1180
1.52 1179
1.52 1178
1.52 1177
1.52 1176
1.52 1175
1.52 1174
1.52 1173
1.52 1172
1.52 1171
1.52 1170
1.53 1169
1.53 1168
1.53 1167
1.53 1166
1.53 1165
1.53 1164
1.53 1163
1.53 1162
1.53 1161
1.53 1160
1.53 1159
1.53 1158
1.53 1157
1.53 1156
1.53 1155
1.53 1154
1.53 1153
1.53 1152
1.53 1151
1.53 1150
1.53 1149
1.53 1148
1.53 1147
1.55 1146
1.55 1145
1.55 1144
1.55 1143
1.55 1142
1.55 1141
1.55 1140
1.55 1139
1.55 1138
1.55 1137
1.55 1136
1.55 1135
1.55 1134
1.55 1133
1.55 1132
1.55 1131
1.55 1130
1.55 1129
1.55 1128
1.55 1127
1.55 1126
1.55 1125
1.55 1124
1.55 1123
1.55 1122
1.55 1121
1.55 1120
1.55 1119
1.55 1118
1.55 1117
1.56 1116
1.56 1115
1.56 1114
1.56 1113
1.56 1112
1.56 1111
1.56 1110
1.56 1109
1.56 1108
1.56 1107
1.56 1106
1.56 1105
1.56 1104
1.56 1103
1.56 1102
1.56 1101
1.56 1100
1.56 1099
1.56 1098
1.56 1097
1.56 1096
1.56 1095
1.56 1094
1.56 1093
1.56 1092
1.56 1091
1.56 1090
1.56 1089
1.56 1088
1.56 1087
1.56 1086
1.56 1085
1.58 1084
1.58 1083
1.58 1082
1.58 1081
1.58 1080
1.58 1079
1.58 1078
1.58 1077
1.58 1076
1.58 1075
1.58 1074
1.58 1073
1.58 1072
1.58 1071
1.58 1070
1.58 1069
1.58 1068
1.58 1067
1.58 1066
1.58 1065
1.58 1064
1.58 1063
1.58 1062
1.58 1061
1.58 1060
1.58 1059
1.58 1058
1.58 1057
1.58 1056
1.58 1055
1.58 1054
1.60 1053
1.60 1052
1.60 1051
1.60 1050
1.60 1049
1.60 1048
1.60 1047
1.60 1046
1.60 1045
1.60 1044
1.60 1043
1.60 1042
1.60 1041
1.60 1040
1.60 1039
1.60 1038
1.60 1037
1.60 1036
1.60 1035
1.60 1034
1.60 1033
1.60 1032
1.60 1031
1.60 1030
1.60 1029
1.60 1028
1.60 1027
1.60 1026
1.60 1025
1.60 1024
1.60 1023
1.61 1022
1.61 1021
1.61 1020
1.61 1019
1.61 1018
1.62 1017
1.62 1016
1.62 1015
1.62 1014
1.62 1013
1.62 1012
1.62 1011
1.62 1010
1.62 1009
1.62 1008
1.62 1007
1.62 1006
1.62 1005
1.62 1004
1.62 1003
1.62 1002
1.62 1001
1.62 1000
1.62 999
1.62 998
1.62 997
1.62 996
1.62 995
1.62 994
1.62 993
1.62 992
1.63 991
1.63 990
1.63 989
1.63 988
1.63 987
1.63 986
1.63 985
1.63 984
1.63 983
1.63 982
1.63 981
1.63 980
