0.42 999
0.42 998
0.42 997
0.42 996
0.42 995
0.42 994
0.42 993
0.42 992
0.42 991
0.42 990
0.42 989
0.42 988
0.44 987
0.44 986
0.44 985
0.44 984
0.44 983
0.44 982
0.44 981
0.44 980
0.44 979
0.44 978
0.44 977
0.44 976
0.44 975
0.44 974
0.44 973
0.44 972
0.44 971
0.44 970
0.44 969
0.44 968
0.44 967
0.44 966
0.44 965
0.44 964
0.44 963
0.44 962
0.44 961
0.44 960
0.44 959
0.44 958
0.44 957
0.44 956
0.44 955
0.44 954
0.44 953
0.44 952
0.44 951
0.44 950
0.44 949
0.45 948
0.45 947
0.45 946
0.45 945
0.45 944
0.45 943
0.45 942
0.45 941
0.45 940
0.45 939
0.45 938
0.45 937
0.45 936
0.45 935
0.45 934
2.37 933
