0.39 999
0.39 998
0.39 997
0.39 996
0.40 995
0.40 994
0.40 993
0.40 992
0.40 991
0.40 990
0.40 989
0.40 988
0.40 987
0.40 986
0.40 985
0.40 984
0.40 983
0.40 982
0.41 981
0.41 980
0.41 979
0.41 978
0.41 977
0.41 976
0.41 975
0.41 974
0.41 973
0.41 972
0.42 971
0.42 970
0.42 969
0.42 968
0.42 967
0.42 966
0.42 965
0.42 964
0.42 963
0.42 962
0.42 961
0.42 960
0.42 959
0.42 958
0.42 957
0.42 956
0.42 955
0.42 954
0.42 953
0.43 952
0.43 951
0.43 950
0.43 949
0.43 948
0.43 947
0.43 946
0.43 945
0.43 944
0.43 943
0.43 942
0.43 941
0.43 940
0.43 939
0.43 938
0.43 937
0.43 936
0.43 935
0.43 934
2.39 933
