0.75 1999
0.75 1998
0.75 1997
0.75 1996
0.75 1995
0.75 1994
0.75 1993
0.75 1992
0.75 1991
0.75 1990
0.75 1989
0.75 1988
0.75 1987
0.75 1986
0.76 1985
0.76 1984
0.76 1983
0.76 1982
0.76 1981
0.76 1980
0.76 1979
0.76 1978
0.76 1977
0.76 1976
0.76 1975
0.76 1974
0.76 1973
0.76 1972
0.76 1971
0.76 1970
0.76 1969
0.76 1968
0.76 1967
0.76 1966
0.76 1965
0.76 1964
0.76 1963
0.76 1962
0.76 1961
0.76 1960
0.76 1959
0.76 1958
0.76 1957
0.76 1956
0.76 1955
0.76 1954
0.76 1953
0.76 1952
0.78 1951
0.78 1950
0.78 1949
0.78 1948
0.78 1947
0.78 1946
0.78 1945
0.78 1944
0.78 1943
0.78 1942
0.78 1941
0.78 1940
0.78 1939
0.78 1938
0.78 1937
0.78 1936
0.78 1935
0.78 1934
0.78 1933
0.78 1932
0.78 1931
0.78 1930
0.78 1929
0.78 1928
0.78 1927
0.78 1926
0.78 1925
0.78 1924
0.78 1923
0.78 1922
0.78 1921
0.78 1920
0.78 1919
0.78 1918
0.78 1917
0.78 1916
0.80 1915
0.80 1914
0.80 1913
0.80 1912
0.80 1911
0.80 1910
0.80 1909
0.80 1908
0.80 1907
0.80 1906
0.80 1905
0.80 1904
0.80 1903
0.80 1902
0.80 1901
0.80 1900
0.80 1899
0.80 1898
0.80 1897
0.80 1896
0.80 1895
0.80 1894
0.80 1893
0.80 1892
0.80 1891
0.80 1890
0.80 1889
0.80 1888
0.80 1887
0.80 1886
0.80 1885
0.80 1884
0.80 1883
0.80 1882
0.81 1881
0.81 1880
0.81 1879
0.81 1878
0.81 1877
0.81 1876
0.81 1875
0.81 1874
0.81 1873
0.81 1872
0.81 1871
0.81 1870
0.81 1869
0.81 1868
0.81 1867
0.81 1866
0.81 1865
0.81 1864
0.81 1863
0.81 1862
0.81 1861
0.81 1860
0.81 1859
0.81 1858
0.81 1857
0.81 1856
0.81 1855
0.81 1854
0.81 1853
0.81 1852
0.81 1851
0.81 1850
0.81 1849
0.81 1848
0.81 1847
0.81 1846
0.83 1845
0.83 1844
0.83 1843
0.83 1842
0.83 1841
0.83 1840
0.83 1839
0.83 1838
0.83 1837
0.83 1836
0.83 1835
0.83 1834
0.83 1833
0.83 1832
0.83 1831
0.83 1830
0.83 1829
0.83 1828
0.83 1827
0.83 1826
0.83 1825
0.83 1824
0.83 1823
0.83 1822
0.83 1821
0.83 1820
0.83 1819
0.83 1818
0.83 1817
0.83 1816
0.83 1815
0.83 1814
0.83 1813
0.83 1812
0.83 1811
0.84 1810
0.84 1809
0.84 1808
0.84 1807
0.84 1806
0.84 1805
0.84 1804
0.84 1803
0.84 1802
0.84 1801
0.84 1800
0.84 1799
0.84 1798
0.84 1797
0.84 1796
0.85 1795
0.85 1794
0.85 1793
0.85 1792
0.85 1791
0.85 1790
0.85 1789
0.85 1788
0.85 1787
0.85 1786
0.85 1785
0.85 1784
0.85 1783
0.85 1782
0.85 1781
0.85 1780
0.85 1779
0.85 1778
0.85 1777
0.85 1776
0.85 1775
0.85 1774
0.86 1773
0.86 1772
0.86 1771
0.86 1770
0.86 1769
0.86 1768
0.86 1767
0.86 1766
0.86 1765
0.86 1764
0.86 1763
0.86 1762
0.86 1761
0.86 1760
0.86 1759
0.86 1758
0.86 1757
0.86 1756
0.86 1755
0.86 1754
0.86 1753
0.86 1752
0.86 1751
0.86 1750
0.86 1749
0.86 1748
0.86 1747
0.86 1746
0.86 1745
0.86 1744
0.86 1743
0.86 1742
0.86 1741
0.86 1740
0.86 1739
0.88 1738
0.88 1737
0.88 1736
0.88 1735
0.88 1734
0.88 1733
0.88 1732
0.88 1731
0.88 1730
0.88 1729
0.88 1728
0.88 1727
0.88 1726
0.88 1725
0.88 1724
0.88 1723
0.88 1722
0.88 1721
0.88 1720
0.88 1719
0.88 1718
0.88 1717
0.88 1716
0.88 1715
0.88 1714
0.88 1713
0.88 1712
0.88 1711
0.88 1710
0.88 1709
0.88 1708
0.88 1707
0.88 1706
0.88 1705
0.88 1704
0.88 1703
0.88 1702
0.88 1701
0.88 1700
0.88 1699
0.89 1698
0.89 1697
0.89 1696
0.89 1695
0.89 1694
0.89 1693
0.89 1692
0.89 1691
0.89 1690
0.89 1689
0.89 1688
0.89 1687
0.89 1686
0.89 1685
0.89 1684
0.89 1683
0.89 1682
0.89 1681
0.89 1680
0.89 1679
0.89 1678
0.89 1677
0.89 1676
0.89 1675
0.89 1674
0.89 1673
0.89 1672
0.89 1671
0.89 1670
0.89 1669
0.89 1668
0.89 1667
0.89 1666
0.89 1665
0.89 1664
0.89 1663
0.89 1662
0.89 1661
0.89 1660
0.91 1659
0.91 1658
0.91 1657
0.91 1656
0.91 1655
0.91 1654
0.91 1653
0.91 1652
0.91 1651
0.91 1650
0.91 1649
0.91 1648
0.91 1647
0.91 1646
0.91 1645
0.91 1644
0.91 1643
0.91 1642
0.91 1641
0.91 1640
0.91 1639
0.91 1638
0.91 1637
0.92 1636
0.92 1635
0.92 1634
0.92 1633
0.92 1632
0.92 1631
0.92 1630
0.92 1629
0.92 1628
0.92 1627
0.92 1626
0.92 1625
0.92 1624
0.92 1623
0.92 1622
0.92 1621
0.92 1620
0.92 1619
0.92 1618
0.92 1617
0.92 1616
0.92 1615
0.92 1614
0.92 1613
0.92 1612
0.92 1611
0.92 1610
0.92 1609
0.92 1608
0.92 1607
0.92 1606
0.92 1605
0.92 1604
0.92 1603
0.92 1602
0.92 1601
0.92 1600
0.92 1599
0.92 1598
0.94 1597
0.94 1596
0.94 1595
0.94 1594
0.94 1593
0.94 1592
0.94 1591
0.94 1590
0.94 1589
0.94 1588
0.94 1587
0.94 1586
0.94 1585
0.94 1584
0.94 1583
0.94 1582
0.94 1581
0.94 1580
0.94 1579
0.94 1578
0.94 1577
0.94 1576
0.94 1575
0.94 1574
0.94 1573
0.94 1572
0.94 1571
0.94 1570
0.94 1569
0.95 1568
0.95 1567
0.95 1566
0.95 1565
0.95 1564
0.95 1563
0.95 1562
0.95 1561
0.95 1560
0.95 1559
0.95 1558
0.95 1557
0.95 1556
0.95 1555
0.95 1554
0.95 1553
0.95 1552
0.95 1551
0.95 1550
0.95 1549
0.95 1548
0.95 1547
0.95 1546
0.95 1545
0.95 1544
0.95 1543
0.95 1542
0.95 1541
0.95 1540
0.95 1539
0.95 1538
0.95 1537
0.95 1536
0.95 1535
0.97 1534
0.97 1533
0.97 1532
0.97 1531
0.97 1530
0.97 1529
0.97 1528
0.97 1527
0.97 1526
0.97 1525
0.97 1524
0.97 1523
0.97 1522
0.97 1521
0.97 1520
0.97 1519
0.97 1518
0.97 1517
0.97 1516
0.97 1515
0.97 1514
0.97 1513
0.97 1512
0.97 1511
0.97 1510
0.97 1509
0.97 1508
0.97 1507
0.97 1506
0.97 1505
0.97 1504
0.97 1503
0.97 1502
0.97 1501
0.97 1500
0.97 1499
0.97 1498
0.97 1497
0.99 1496
0.99 1495
0.99 1494
0.99 1493
0.99 1492
0.99 1491
0.99 1490
0.99 1489
0.99 1488
0.99 1487
0.99 1486
0.99 1485
0.99 1484
0.99 1483
0.99 1482
0.99 1481
0.99 1480
0.99 1479
0.99 1478
0.99 1477
0.99 1476
0.99 1475
0.99 1474
0.99 1473
0.99 1472
0.99 1471
0.99 1470
0.99 1469
0.99 1468
0.99 1467
0.99 1466
0.99 1465
0.99 1464
0.99 1463
0.99 1462
0.99 1461
0.99 1460
0.99 1459
0.99 1458
1.00 1457
1.00 1456
1.00 1455
1.00 1454
1.00 1453
1.00 1452
1.00 1451
1.00 1450
1.00 1449
1.00 1448
1.00 1447
1.00 1446
1.00 1445
1.00 1444
1.00 1443
1.00 1442
1.00 1441
1.00 1440
1.00 1439
1.00 1438
1.00 1437
1.00 1436
1.00 1435
1.00 1434
1.00 1433
1.00 1432
1.00 1431
1.00 1430
1.00 1429
1.00 1428
1.00 1427
1.00 1426
1.00 1425
1.00 1424
1.00 1423
1.00 1422
1.00 1421
1.00 1420
1.00 1419
1.00 1418
1.02 1417
1.02 1416
1.02 1415
1.02 1414
1.02 1413
1.02 1412
1.02 1411
1.02 1410
1.02 1409
1.02 1408
1.02 1407
1.02 1406
1.02 1405
1.02 1404
1.02 1403
1.02 1402
1.02 1401
1.02 1400
1.02 1399
1.02 1398
1.02 1397
1.02 1396
1.02 1395
1.02 1394
1.02 1393
1.02 1392
1.02 1391
1.02 1390
1.02 1389
1.02 1388
1.02 1387
1.02 1386
1.02 1385
1.02 1384
1.02 1383
1.02 1382
1.02 1381
1.03 1380
1.03 1379
1.03 1378
1.03 1377
1.03 1376
1.03 1375
1.03 1374
1.03 1373
1.03 1372
1.03 1371
1.03 1370
1.03 1369
1.03 1368
1.03 1367
1.03 1366
1.03 1365
1.03 1364
1.03 1363
1.03 1362
1.03 1361
1.03 1360
1.03 1359
1.03 1358
1.03 1357
1.03 1356
1.03 1355
1.03 1354
1.03 1353
1.03 1352
1.03 1351
1.03 1350
1.03 1349
1.03 1348
1.03 1347
1.03 1346
1.03 1345
1.03 1344
1.03 1343
1.03 1342
1.03 1341
1.03 1340
1.03 1339
1.05 1338
1.05 1337
1.05 1336
1.05 1335
1.05 1334
1.05 1333
1.05 1332
1.05 1331
1.05 1330
1.05 1329
1.05 1328
1.05 1327
1.05 1326
1.05 1325
1.05 1324
1.05 1323
1.05 1322
1.05 1321
1.05 1320
1.05 1319
1.05 1318
1.05 1317
1.07 1316
1.07 1315
1.07 1314
1.07 1313
1.07 1312
1.07 1311
1.07 1310
1.07 1309
1.07 1308
1.07 1307
1.07 1306
1.07 1305
1.07 1304
1.07 1303
1.07 1302
1.07 1301
1.07 1300
1.07 1299
1.07 1298
1.07 1297
1.07 1296
1.07 1295
1.07 1294
1.07 1293
1.07 1292
1.07 1291
1.07 1290
1.07 1289
1.07 1288
1.07 1287
1.07 1286
1.07 1285
1.07 1284
1.07 1283
1.07 1282
1.07 1281
1.07 1280
1.07 1279
1.07 1278
1.07 1277
1.07 1276
1.08 1275
1.08 1274
1.08 1273
1.08 1272
1.08 1271
1.08 1270
1.08 1269
1.08 1268
1.08 1267
1.08 1266
1.08 1265
1.08 1264
1.08 1263
1.08 1262
1.08 1261
1.08 1260
1.08 1259
1.08 1258
1.08 1257
1.08 1256
1.08 1255
1.08 1254
1.08 1253
1.08 1252
1.08 1251
1.08 1250
1.08 1249
1.08 1248
1.08 1247
1.08 1246
1.08 1245
1.08 1244
1.08 1243
1.08 1242
1.08 1241
1.08 1240
1.08 1239
1.10 1238
1.10 1237
1.10 1236
1.10 1235
1.10 1234
1.10 1233
1.10 1232
1.10 1231
1.10 1230
1.10 1229
1.10 1228
1.10 1227
1.10 1226
1.10 1225
1.10 1224
1.10 1223
1.10 1222
1.10 1221
1.10 1220
1.10 1219
1.10 1218
1.10 1217
1.10 1216
1.10 1215
1.10 1214
1.10 1213
1.10 1212
1.10 1211
1.10 1210
1.10 1209
1.10 1208
1.10 1207
1.10 1206
1.10 1205
1.10 1204
1.10 1203
1.10 1202
1.10 1201
1.10 1200
1.10 1199
1.10 1198
1.10 1197
1.10 1196
1.10 1195
1.10 1194
1.11 1193
1.11 1192
1.11 1191
1.11 1190
1.11 1189
1.11 1188
1.11 1187
1.11 1186
1.11 1185
1.11 1184
1.11 1183
1.11 1182
1.11 1181
1.11 1180
1.11 1179
1.11 1178
1.11 1177
1.11 1176
1.11 1175
1.11 1174
1.11 1173
1.11 1172
1.11 1171
1.11 1170
1.11 1169
1.11 1168
1.11 1167
1.11 1166
1.11 1165
1.11 1164
1.11 1163
1.11 1162
1.11 1161
1.11 1160
1.11 1159
1.11 1158
1.11 1157
1.11 1156
1.11 1155
1.11 1154
1.11 1153
1.11 1152
1.11 1151
1.11 1150
1.11 1149
1.13 1148
1.13 1147
1.13 1146
1.13 1145
1.13 1144
1.13 1143
1.13 1142
1.13 1141
1.13 1140
1.13 1139
1.13 1138
1.13 1137
1.13 1136
1.13 1135
1.13 1134
1.13 1133
1.13 1132
1.13 1131
1.13 1130
1.13 1129
1.13 1128
1.13 1127
1.13 1126
1.13 1125
1.13 1124
1.13 1123
1.13 1122
1.13 1121
1.13 1120
1.13 1119
1.13 1118
1.13 1117
1.13 1116
1.13 1115
1.13 1114
1.13 1113
1.13 1112
1.13 1111
1.13 1110
1.13 1109
1.13 1108
1.13 1107
1.13 1106
1.13 1105
1.13 1104
1.13 1103
1.14 1102
1.14 1101
1.14 1100
1.14 1099
1.14 1098
1.14 1097
1.14 1096
1.14 1095
1.14 1094
1.15 1093
1.15 1092
1.15 1091
1.15 1090
1.15 1089
1.15 1088
1.15 1087
1.15 1086
1.15 1085
1.15 1084
1.15 1083
1.15 1082
1.15 1081
1.15 1080
1.15 1079
1.15 1078
1.15 1077
1.15 1076
1.16 1075
1.16 1074
1.16 1073
1.16 1072
1.16 1071
1.16 1070
1.16 1069
1.16 1068
1.16 1067
1.16 1066
1.16 1065
1.16 1064
1.16 1063
1.16 1062
1.16 1061
1.16 1060
1.16 1059
1.16 1058
1.16 1057
1.16 1056
1.16 1055
1.16 1054
1.16 1053
1.16 1052
1.16 1051
1.16 1050
1.16 1049
1.16 1048
1.16 1047
1.16 1046
1.16 1045
1.16 1044
1.16 1043
1.16 1042
1.16 1041
1.16 1040
1.16 1039
1.18 1038
1.18 1037
1.18 1036
1.18 1035
1.18 1034
1.18 1033
1.18 1032
1.18 1031
1.18 1030
1.18 1029
1.18 1028
1.18 1027
1.18 1026
1.18 1025
1.18 1024
1.18 1023
1.18 1022
1.18 1021
1.18 1020
1.18 1019
1.18 1018
1.18 1017
1.18 1016
1.18 1015
1.18 1014
1.18 1013
1.18 1012
1.18 1011
1.18 1010
1.18 1009
1.18 1008
1.18 1007
1.18 1006
1.18 1005
1.18 1004
1.18 1003
1.18 1002
1.18 1001
1.18 1000
