0.30 1989
0.30 1988
0.30 1987
0.32 1986
0.32 1985
0.32 1984
0.32 1983
0.32 1982
0.32 1981
0.32 1980
0.32 1979
0.32 1978
0.32 1977
0.32 1976
0.32 1975
0.32 1974
0.32 1973
0.32 1972
0.32 1971
0.32 1970
0.32 1969
0.32 1968
0.32 1967
0.32 1966
0.32 1965
0.32 1964
0.32 1963
0.32 1962
0.32 1961
0.32 1960
0.32 1959
0.32 1958
0.32 1957
0.34 1956
0.34 1955
0.34 1954
0.34 1953
0.34 1952
0.34 1951
0.34 1950
0.34 1949
0.34 1948
0.34 1947
0.34 1946
0.34 1945
0.34 1944
0.34 1943
0.34 1942
0.34 1941
0.34 1940
0.34 1939
0.35 1938
0.35 1937
0.35 1936
0.35 1935
0.35 1934
0.35 1933
0.35 1932
0.35 1931
2.68 1930
2.68 1929
2.68 1928
4.97 1927
4.97 1926
9.52 1925
