0.06 5677
0.06 5676
0.06 5675
0.07 5674
0.07 5673
0.08 5672
0.08 5671
0.08 5670
0.08 5669
0.08 5668
0.09 5667
0.09 5666
0.09 5665
0.09 5664
0.09 5663
0.09 5662
0.09 5661
0.09 5660
0.09 5659
0.10 5658
0.10 5657
0.10 5656
0.10 5655
0.10 5654
0.10 5653
0.10 5652
0.10 5651
0.12 5650
0.12 5649
0.12 5648
0.13 5647
0.13 5646
0.13 5645
0.13 5644
0.13 5643
0.14 5642
0.14 5641
0.14 5640
0.14 5639
0.15 5638
0.15 5637
0.15 5636
0.15 5635
0.15 5634
0.15 5633
0.16 5632
0.16 5631
0.16 5630
0.16 5629
0.16 5628
0.17 5627
0.17 5626
0.17 5625
0.17 5624
0.17 5623
0.18 5622
0.18 5621
0.18 5620
0.18 5619
0.18 5618
0.19 5617
0.19 5616
0.19 5615
0.20 5614
0.20 5613
0.20 5612
0.20 5611
0.21 5610
0.21 5609
0.21 5608
0.21 5607
0.21 5606
0.21 5605
0.21 5604
0.21 5603
0.21 5602
0.21 5601
0.21 5600
0.21 5599
0.21 5598
0.23 5597
0.23 5596
0.23 5595
0.23 5594
0.23 5593
0.23 5592
0.23 5591
0.23 5590
0.25 5589
0.25 5588
0.25 5587
0.25 5586
0.25 5585
0.25 5584
0.25 5583
0.26 5582
0.26 5581
0.26 5580
0.26 5579
0.26 5578
0.26 5577
0.26 5576
0.28 5575
0.28 5574
0.28 5573
0.28 5572
0.28 5571
0.28 5570
0.28 5569
0.28 5568
0.29 5567
0.29 5566
0.29 5565
0.29 5564
0.29 5563
0.29 5562
0.29 5561
0.29 5560
0.29 5559
0.31 5558
0.31 5557
0.31 5556
0.32 5555
0.32 5554
0.32 5553
0.32 5552
0.32 5551
0.33 5550
0.33 5549
0.33 5548
0.33 5547
0.33 5546
0.34 5545
0.34 5544
0.34 5543
0.35 5542
0.35 5541
0.35 5540
0.35 5539
0.35 5538
0.35 5537
0.36 5536
0.36 5535
0.36 5534
0.36 5533
0.36 5532
0.36 5531
0.36 5530
0.36 5529
0.36 5528
0.37 5527
0.37 5526
0.37 5525
0.37 5524
0.37 5523
0.37 5522
0.37 5521
0.37 5520
0.37 5519
0.39 5518
0.39 5517
0.39 5516
0.39 5515
0.39 5514
0.39 5513
0.39 5512
0.40 5511
0.40 5510
0.40 5509
0.40 5508
0.40 5507
0.40 5506
0.40 5505
0.40 5504
0.40 5503
0.40 5502
0.40 5501
0.40 5500
0.40 5499
0.42 5498
0.42 5497
0.42 5496
0.42 5495
0.42 5494
0.42 5493
0.42 5492
0.42 5491
0.42 5490
0.42 5489
0.42 5488
0.42 5487
0.44 5486
0.44 5485
0.44 5484
0.44 5483
0.44 5482
0.45 5481
0.45 5480
0.45 5479
0.45 5478
0.45 5477
0.45 5476
0.45 5475
0.45 5474
0.45 5473
0.45 5472
0.45 5471
0.45 5470
0.45 5469
0.45 5468
0.45 5467
0.47 5466
0.47 5465
0.47 5464
0.47 5463
0.47 5462
0.48 5461
0.48 5460
0.48 5459
0.48 5458
0.48 5457
0.48 5456
0.49 5455
0.49 5454
0.49 5453
0.49 5452
0.49 5451
0.49 5450
0.49 5449
0.50 5448
0.50 5447
0.50 5446
0.50 5445
0.50 5444
0.50 5443
0.50 5442
0.50 5441
0.50 5440
0.50 5439
0.50 5438
0.50 5437
0.50 5436
0.50 5435
0.50 5434
0.50 5433
0.52 5432
0.52 5431
0.52 5430
0.52 5429
0.52 5428
0.52 5427
0.52 5426
0.52 5425
0.52 5424
0.52 5423
0.52 5422
0.52 5421
0.53 5420
0.53 5419
0.53 5418
0.53 5417
0.53 5416
0.53 5415
0.53 5414
0.53 5413
0.53 5412
0.55 5411
0.55 5410
0.55 5409
0.55 5408
0.55 5407
0.55 5406
0.55 5405
0.55 5404
0.55 5403
0.55 5402
0.55 5401
0.55 5400
0.55 5399
0.55 5398
0.56 5397
0.56 5396
0.56 5395
0.56 5394
0.56 5393
0.56 5392
0.56 5391
0.56 5390
0.56 5389
0.56 5388
0.56 5387
0.58 5386
0.58 5385
0.58 5384
0.58 5383
0.58 5382
0.58 5381
0.58 5380
0.58 5379
0.58 5378
0.58 5377
0.58 5376
0.60 5375
0.60 5374
0.60 5373
0.60 5372
0.60 5371
0.60 5370
0.60 5369
0.60 5368
0.60 5367
0.60 5366
0.60 5365
0.60 5364
0.61 5363
0.61 5362
0.61 5361
0.61 5360
0.61 5359
0.61 5358
0.61 5357
0.61 5356
0.61 5355
0.61 5354
0.61 5353
0.63 5352
0.63 5351
0.63 5350
0.63 5349
0.63 5348
0.63 5347
0.63 5346
0.63 5345
0.64 5344
0.65 5343
0.65 5342
0.65 5341
0.65 5340
0.65 5339
0.65 5338
0.65 5337
0.65 5336
0.65 5335
0.65 5334
0.65 5333
0.66 5332
0.66 5331
0.66 5330
0.66 5329
0.66 5328
0.66 5327
0.66 5326
0.66 5325
0.66 5324
0.68 5323
0.68 5322
0.68 5321
0.68 5320
0.68 5319
0.68 5318
0.68 5317
0.68 5316
0.68 5315
0.69 5314
0.69 5313
0.69 5312
0.69 5311
0.69 5310
0.69 5309
0.69 5308
0.69 5307
0.69 5306
0.71 5305
0.71 5304
0.71 5303
0.71 5302
0.71 5301
0.71 5300
0.71 5299
0.71 5298
0.71 5297
0.71 5296
0.71 5295
0.72 5294
0.72 5293
0.72 5292
0.72 5291
0.72 5290
0.72 5289
0.72 5288
0.72 5287
0.72 5286
0.72 5285
0.74 5284
0.74 5283
0.74 5282
0.75 5281
0.75 5280
0.75 5279
0.75 5278
0.75 5277
0.75 5276
0.76 5275
0.76 5274
0.76 5273
0.76 5272
0.76 5271
0.76 5270
0.76 5269
0.76 5268
0.76 5267
0.76 5266
0.76 5265
0.76 5264
0.77 5263
0.77 5262
0.77 5261
0.77 5260
0.77 5259
0.77 5258
0.77 5257
0.77 5256
0.77 5255
0.77 5254
0.79 5253
0.79 5252
0.79 5251
0.79 5250
0.79 5249
0.79 5248
0.79 5247
0.79 5246
0.79 5245
0.79 5244
0.79 5243
0.80 5242
0.80 5241
0.80 5240
0.80 5239
0.80 5238
0.80 5237
0.80 5236
0.80 5235
0.80 5234
0.80 5233
0.80 5232
0.82 5231
0.82 5230
0.82 5229
0.82 5228
0.82 5227
0.82 5226
0.82 5225
0.82 5224
0.82 5223
0.82 5222
0.83 5221
0.84 5220
0.84 5219
0.84 5218
0.84 5217
0.84 5216
0.84 5215
0.85 5214
0.85 5213
0.85 5212
0.85 5211
0.85 5210
0.85 5209
0.85 5208
0.85 5207
0.85 5206
0.85 5205
0.85 5204
0.85 5203
0.85 5202
0.85 5201
0.87 5200
0.87 5199
0.87 5198
0.87 5197
0.88 5196
0.88 5195
0.88 5194
0.88 5193
0.88 5192
0.88 5191
0.88 5190
0.88 5189
0.88 5188
0.88 5187
0.88 5186
0.88 5185
0.88 5184
0.88 5183
0.88 5182
0.90 5181
0.90 5180
0.90 5179
0.90 5178
0.90 5177
0.90 5176
0.90 5175
0.90 5174
0.90 5173
0.90 5172
0.90 5171
0.92 5170
0.92 5169
0.92 5168
0.92 5167
0.92 5166
0.92 5165
0.92 5164
0.92 5163
0.92 5162
0.92 5161
0.93 5160
0.93 5159
0.93 5158
0.93 5157
0.93 5156
0.93 5155
0.93 5154
0.93 5153
0.93 5152
0.93 5151
0.95 5150
0.95 5149
0.95 5148
0.95 5147
0.95 5146
0.95 5145
0.95 5144
0.95 5143
0.95 5142
0.96 5141
0.96 5140
0.96 5139
0.97 5138
0.97 5137
0.97 5136
0.97 5135
0.97 5134
0.97 5133
0.97 5132
0.98 5131
0.98 5130
0.98 5129
0.98 5128
0.98 5127
0.98 5126
0.98 5125
0.98 5124
0.98 5123
0.99 5122
1.00 5121
1.00 5120
1.00 5119
1.00 5118
1.00 5117
1.00 5116
1.01 5115
1.01 5114
1.01 5113
1.01 5112
1.01 5111
1.01 5110
1.02 5109
1.02 5108
1.02 5107
1.02 5106
1.02 5105
1.02 5104
1.03 5103
1.03 5102
1.03 5101
1.03 5100
1.03 5099
1.03 5098
1.03 5097
1.03 5096
1.03 5095
1.03 5094
1.03 5093
1.04 5092
1.04 5091
1.05 5090
1.05 5089
1.05 5088
1.05 5087
1.05 5086
1.05 5085
1.06 5084
1.06 5083
1.06 5082
1.06 5081
1.06 5080
1.06 5079
1.06 5078
1.06 5077
1.06 5076
1.06 5075
1.06 5074
1.06 5073
1.07 5072
1.07 5071
1.07 5070
1.07 5069
1.07 5068
1.07 5067
1.07 5066
1.07 5065
1.09 5064
1.09 5063
1.09 5062
1.09 5061
1.09 5060
1.09 5059
1.09 5058
1.09 5057
1.09 5056
1.09 5055
1.09 5054
1.09 5053
1.09 5052
1.09 5051
1.11 5050
1.11 5049
1.11 5048
1.11 5047
1.11 5046
1.11 5045
1.11 5044
1.12 5043
1.12 5042
1.12 5041
1.12 5040
1.12 5039
1.13 5038
1.13 5037
1.13 5036
1.13 5035
1.13 5034
1.13 5033
1.13 5032
1.14 5031
1.14 5030
1.14 5029
1.14 5028
1.14 5027
1.14 5026
1.14 5025
1.14 5024
1.15 5023
1.15 5022
1.15 5021
1.15 5020
1.15 5019
1.15 5018
1.15 5017
1.15 5016
1.15 5015
1.15 5014
1.15 5013
1.15 5012
1.15 5011
1.15 5010
1.15 5009
1.17 5008
1.17 5007
1.17 5006
1.17 5005
1.17 5004
1.17 5003
1.17 5002
1.18 5001
1.18 5000
1.18 4999
1.18 4998
1.18 4997
1.18 4996
1.18 4995
1.19 4994
1.19 4993
1.19 4992
1.19 4991
1.19 4990
1.19 4989
1.19 4988
1.19 4987
1.20 4986
1.20 4985
1.20 4984
1.20 4983
1.20 4982
1.20 4981
1.20 4980
1.20 4979
1.20 4978
1.20 4977
1.21 4976
1.22 4975
1.22 4974
1.22 4973
1.22 4972
1.22 4971
1.22 4970
1.22 4969
1.22 4968
1.22 4967
1.23 4966
1.23 4965
1.23 4964
1.23 4963
1.23 4962
1.23 4961
1.23 4960
1.23 4959
1.23 4958
1.23 4957
1.25 4956
1.25 4955
1.25 4954
1.25 4953
1.25 4952
1.25 4951
1.25 4950
1.25 4949
1.25 4948
1.25 4947
1.25 4946
1.25 4945
1.27 4944
1.27 4943
1.27 4942
1.27 4941
1.27 4940
1.27 4939
1.27 4938
1.27 4937
1.27 4936
1.28 4935
1.28 4934
1.28 4933
1.28 4932
1.28 4931
1.28 4930
1.28 4929
1.29 4928
1.29 4927
1.29 4926
1.30 4925
1.30 4924
1.30 4923
1.30 4922
1.30 4921
1.30 4920
1.30 4919
1.31 4918
1.31 4917
1.31 4916
1.31 4915
1.31 4914
1.31 4913
1.31 4912
1.32 4911
1.32 4910
1.32 4909
1.32 4908
1.32 4907
1.32 4906
1.32 4905
1.32 4904
1.32 4903
1.33 4902
1.33 4901
1.33 4900
1.33 4899
1.33 4898
1.33 4897
1.33 4896
1.33 4895
1.34 4894
1.34 4893
1.34 4892
1.34 4891
1.34 4890
1.34 4889
1.34 4888
1.35 4887
1.35 4886
1.35 4885
1.35 4884
1.35 4883
1.35 4882
1.35 4881
1.35 4880
1.35 4879
1.35 4878
1.35 4877
1.35 4876
1.35 4875
1.36 4874
1.36 4873
1.36 4872
1.36 4871
1.36 4870
1.36 4869
1.37 4868
1.37 4867
1.37 4866
1.37 4865
1.37 4864
1.37 4863
1.37 4862
1.37 4861
1.38 4860
1.38 4859
1.38 4858
1.38 4857
1.38 4856
1.38 4855
1.38 4854
1.38 4853
1.38 4852
1.39 4851
1.39 4850
1.39 4849
1.39 4848
1.39 4847
1.39 4846
1.39 4845
1.39 4844
1.39 4843
1.39 4842
1.40 4841
1.40 4840
1.40 4839
1.40 4838
1.40 4837
1.40 4836
1.40 4835
1.40 4834
1.41 4833
1.41 4832
1.41 4831
1.41 4830
1.41 4829
1.41 4828
1.41 4827
1.41 4826
1.41 4825
1.41 4824
1.41 4823
1.41 4822
1.42 4821
1.42 4820
1.42 4819
1.42 4818
1.42 4817
1.42 4816
1.42 4815
1.42 4814
1.42 4813
1.43 4812
1.43 4811
1.43 4810
1.43 4809
1.44 4808
1.44 4807
1.44 4806
1.44 4805
1.44 4804
1.44 4803
1.45 4802
1.45 4801
1.45 4800
1.45 4799
1.45 4798
1.45 4797
1.45 4796
1.45 4795
1.45 4794
1.45 4793
1.46 4792
1.46 4791
1.46 4790
1.46 4789
1.46 4788
1.46 4787
1.46 4786
1.47 4785
1.47 4784
1.47 4783
1.47 4782
1.47 4781
1.47 4780
1.47 4779
1.48 4778
1.48 4777
1.48 4776
1.48 4775
1.48 4774
1.48 4773
1.48 4772
1.49 4771
1.49 4770
1.49 4769
1.50 4768
1.50 4767
1.50 4766
1.50 4765
1.50 4764
1.51 4763
1.51 4762
1.51 4761
1.51 4760
1.51 4759
1.51 4758
1.51 4757
1.51 4756
1.52 4755
1.52 4754
1.52 4753
1.52 4752
1.52 4751
1.52 4750
1.52 4749
1.52 4748
1.52 4747
1.53 4746
1.53 4745
1.53 4744
1.53 4743
1.53 4742
1.53 4741
1.53 4740
1.53 4739
1.54 4738
1.54 4737
1.54 4736
1.54 4735
1.54 4734
1.54 4733
1.54 4732
1.55 4731
1.55 4730
1.55 4729
1.55 4728
1.55 4727
1.55 4726
1.56 4725
1.56 4724
1.56 4723
1.56 4722
1.56 4721
1.56 4720
1.56 4719
1.56 4718
1.57 4717
1.57 4716
1.57 4715
1.57 4714
1.57 4713
1.57 4712
1.57 4711
1.57 4710
1.57 4709
1.57 4708
1.58 4707
1.58 4706
1.58 4705
1.58 4704
1.58 4703
1.58 4702
1.59 4701
1.59 4700
1.59 4699
1.59 4698
1.59 4697
1.59 4696
1.59 4695
1.59 4694
1.60 4693
1.60 4692
1.60 4691
1.60 4690
1.60 4689
1.60 4688
1.60 4687
1.60 4686
1.60 4685
1.60 4684
1.60 4683
1.61 4682
1.61 4681
1.61 4680
1.61 4679
1.61 4678
1.61 4677
1.61 4676
1.61 4675
1.61 4674
1.61 4673
1.61 4672
1.61 4671
1.61 4670
1.61 4669
1.61 4668
1.63 4667
1.63 4666
1.63 4665
1.63 4664
1.63 4663
1.63 4662
1.63 4661
1.63 4660
1.63 4659
1.64 4658
1.64 4657
1.64 4656
1.64 4655
1.64 4654
1.64 4653
1.64 4652
1.64 4651
1.65 4650
1.65 4649
1.65 4648
1.65 4647
1.65 4646
1.65 4645
1.65 4644
1.65 4643
1.65 4642
1.66 4641
1.66 4640
1.66 4639
1.66 4638
1.66 4637
1.66 4636
1.66 4635
1.66 4634
1.66 4633
1.67 4632
1.67 4631
1.67 4630
1.67 4629
1.67 4628
1.67 4627
1.67 4626
1.67 4625
1.68 4624
1.68 4623
1.68 4622
1.68 4621
1.68 4620
1.68 4619
1.68 4618
1.68 4617
1.69 4616
1.69 4615
1.69 4614
1.69 4613
1.69 4612
1.69 4611
1.69 4610
1.69 4609
1.69 4608
1.69 4607
1.69 4606
1.69 4605
1.70 4604
1.70 4603
1.70 4602
1.70 4601
1.70 4600
1.70 4599
1.70 4598
1.71 4597
1.71 4596
1.71 4595
1.71 4594
1.71 4593
1.71 4592
1.71 4591
1.71 4590
1.71 4589
1.71 4588
1.71 4587
1.71 4586
1.71 4585
1.71 4584
1.72 4583
1.72 4582
1.72 4581
1.72 4580
1.72 4579
1.73 4578
1.73 4577
1.73 4576
1.73 4575
1.73 4574
1.73 4573
1.73 4572
1.73 4571
1.73 4570
1.73 4569
1.74 4568
1.74 4567
1.74 4566
1.74 4565
1.74 4564
1.74 4563
1.74 4562
1.75 4561
1.75 4560
1.75 4559
1.75 4558
1.75 4557
1.75 4556
1.75 4555
1.75 4554
1.76 4553
1.76 4552
1.76 4551
1.76 4550
1.76 4549
1.76 4548
1.76 4547
1.76 4546
1.76 4545
1.77 4544
1.77 4543
1.77 4542
1.77 4541
1.77 4540
1.77 4539
1.77 4538
1.77 4537
1.77 4536
1.77 4535
1.77 4534
1.77 4533
1.77 4532
1.77 4531
1.77 4530
1.77 4529
1.77 4528
1.77 4527
1.79 4526
1.79 4525
1.79 4524
1.79 4523
1.79 4522
1.79 4521
1.79 4520
1.79 4519
1.79 4518
1.79 4517
1.79 4516
1.79 4515
1.79 4514
1.79 4513
1.80 4512
1.80 4511
1.80 4510
1.80 4509
1.80 4508
1.80 4507
1.80 4506
1.80 4505
1.80 4504
1.80 4503
1.80 4502
1.80 4501
1.80 4500
1.80 4499
1.82 4498
1.82 4497
1.82 4496
1.82 4495
1.82 4494
1.82 4493
1.82 4492
1.82 4491
1.82 4490
1.82 4489
1.82 4488
1.82 4487
1.82 4486
1.83 4485
1.83 4484
1.83 4483
1.83 4482
1.83 4481
1.83 4480
1.83 4479
1.83 4478
1.83 4477
1.83 4476
1.83 4475
1.83 4474
1.85 4473
1.85 4472
1.85 4471
1.85 4470
1.85 4469
1.85 4468
1.85 4467
1.85 4466
1.85 4465
1.85 4464
1.85 4463
1.85 4462
1.85 4461
1.85 4460
1.85 4459
1.85 4458
1.87 4457
1.87 4456
1.87 4455
1.87 4454
1.87 4453
1.87 4452
1.87 4451
1.87 4450
1.87 4449
1.87 4448
1.87 4447
1.87 4446
1.87 4445
1.87 4444
1.87 4443
1.88 4442
1.88 4441
1.88 4440
1.88 4439
1.88 4438
1.88 4437
1.88 4436
1.88 4435
1.88 4434
1.88 4433
1.88 4432
1.88 4431
1.88 4430
1.88 4429
1.90 4428
1.90 4427
1.90 4426
1.90 4425
1.90 4424
1.90 4423
1.90 4422
1.90 4421
1.90 4420
1.90 4419
1.90 4418
1.90 4417
1.90 4416
1.90 4415
1.91 4414
1.91 4413
1.91 4412
1.91 4411
1.91 4410
1.91 4409
1.91 4408
1.91 4407
1.91 4406
1.91 4405
1.91 4404
1.91 4403
1.91 4402
1.91 4401
1.93 4400
1.93 4399
1.93 4398
1.93 4397
1.93 4396
1.93 4395
1.93 4394
1.93 4393
1.93 4392
1.93 4391
1.93 4390
1.93 4389
1.93 4388
1.93 4387
1.95 4386
1.95 4385
1.95 4384
1.95 4383
1.95 4382
1.95 4381
1.95 4380
1.95 4379
1.95 4378
1.95 4377
1.95 4376
1.95 4375
1.95 4374
1.96 4373
1.96 4372
1.96 4371
1.96 4370
1.96 4369
1.96 4368
1.96 4367
1.96 4366
1.96 4365
1.96 4364
1.96 4363
1.96 4362
1.96 4361
1.96 4360
1.98 4359
1.98 4358
1.98 4357
1.98 4356
1.98 4355
1.98 4354
1.98 4353
1.98 4352
1.98 4351
1.98 4350
1.98 4349
1.98 4348
1.98 4347
1.98 4346
1.99 4345
1.99 4344
1.99 4343
2.00 4342
2.00 4341
2.00 4340
2.00 4339
2.00 4338
2.00 4337
2.00 4336
2.01 4335
2.01 4334
2.01 4333
2.01 4332
2.01 4331
2.01 4330
2.01 4329
2.01 4328
2.01 4327
2.02 4326
2.02 4325
2.02 4324
2.02 4323
2.02 4322
2.02 4321
2.02 4320
2.02 4319
2.02 4318
2.02 4317
2.02 4316
2.02 4315
2.02 4314
2.02 4313
2.02 4312
2.02 4311
2.03 4310
2.03 4309
2.03 4308
2.04 4307
2.04 4306
2.04 4305
2.04 4304
2.05 4303
2.05 4302
2.05 4301
2.05 4300
2.05 4299
2.05 4298
2.05 4297
2.05 4296
2.05 4295
2.06 4294
2.06 4293
2.06 4292
2.06 4291
2.06 4290
2.06 4289
2.06 4288
2.06 4287
2.06 4286
2.06 4285
2.06 4284
2.06 4283
2.06 4282
2.06 4281
2.07 4280
2.07 4279
2.07 4278
2.07 4277
2.07 4276
2.07 4275
2.08 4274
2.08 4273
2.08 4272
2.08 4271
2.08 4270
2.08 4269
2.08 4268
2.08 4267
2.09 4266
2.09 4265
2.09 4264
2.09 4263
2.09 4262
2.09 4261
2.09 4260
2.09 4259
2.09 4258
2.09 4257
2.09 4256
2.09 4255
2.09 4254
2.09 4253
2.10 4252
2.10 4251
2.10 4250
2.10 4249
2.10 4248
2.10 4247
2.10 4246
2.10 4245
2.11 4244
2.11 4243
2.11 4242
2.11 4241
2.11 4240
2.12 4239
2.12 4238
2.12 4237
2.12 4236
2.12 4235
2.12 4234
2.12 4233
2.12 4232
2.12 4231
2.12 4230
2.12 4229
2.12 4228
2.12 4227
2.12 4226
2.12 4225
2.12 4224
2.12 4223
2.14 4222
2.14 4221
2.14 4220
2.14 4219
2.14 4218
2.14 4217
2.14 4216
2.14 4215
2.14 4214
2.15 4213
2.15 4212
2.15 4211
2.15 4210
2.15 4209
2.15 4208
2.16 4207
2.16 4206
2.16 4205
2.16 4204
2.16 4203
2.16 4202
2.16 4201
2.16 4200
2.16 4199
2.17 4198
2.17 4197
2.17 4196
2.17 4195
2.17 4194
2.17 4193
2.17 4192
2.17 4191
2.17 4190
2.17 4189
2.17 4188
2.17 4187
2.17 4186
2.18 4185
2.18 4184
2.18 4183
2.18 4182
2.18 4181
2.18 4180
2.18 4179
2.18 4178
2.18 4177
2.18 4176
2.18 4175
2.18 4174
2.18 4173
2.20 4172
2.20 4171
2.20 4170
2.20 4169
2.20 4168
2.20 4167
2.20 4166
2.20 4165
2.20 4164
2.20 4163
2.20 4162
2.20 4161
2.20 4160
2.20 4159
2.22 4158
2.22 4157
2.22 4156
2.22 4155
2.22 4154
2.22 4153
2.22 4152
2.22 4151
2.22 4150
2.22 4149
2.22 4148
2.22 4147
2.23 4146
2.23 4145
2.23 4144
2.23 4143
2.23 4142
2.23 4141
2.23 4140
2.23 4139
2.23 4138
2.23 4137
2.23 4136
2.23 4135
2.23 4134
2.25 4133
2.25 4132
2.25 4131
2.25 4130
2.25 4129
2.25 4128
2.25 4127
2.25 4126
2.25 4125
2.25 4124
2.25 4123
2.25 4122
2.25 4121
2.25 4120
2.26 4119
2.26 4118
2.26 4117
2.26 4116
2.26 4115
2.26 4114
2.26 4113
2.26 4112
2.26 4111
2.26 4110
2.26 4109
2.26 4108
2.26 4107
2.28 4106
2.28 4105
2.28 4104
2.28 4103
2.28 4102
2.28 4101
2.28 4100
2.28 4099
2.28 4098
2.28 4097
2.28 4096
2.28 4095
2.28 4094
2.28 4093
2.30 4092
2.30 4091
2.30 4090
2.30 4089
2.30 4088
2.30 4087
2.30 4086
2.30 4085
2.30 4084
2.30 4083
2.30 4082
2.30 4081
2.30 4080
2.30 4079
2.31 4078
2.31 4077
2.31 4076
2.31 4075
2.31 4074
2.31 4073
2.31 4072
2.31 4071
2.31 4070
2.31 4069
2.31 4068
2.31 4067
2.31 4066
2.33 4065
2.33 4064
2.33 4063
2.33 4062
2.33 4061
2.33 4060
2.33 4059
2.33 4058
2.34 4057
2.34 4056
2.34 4055
2.34 4054
2.34 4053
2.34 4052
2.34 4051
2.35 4050
2.35 4049
2.35 4048
2.35 4047
2.35 4046
2.35 4045
2.35 4044
2.35 4043
2.35 4042
5.82 3944
5.82 3943
5.82 3942
5.84 3941
5.84 3940
5.84 3939
5.84 3938
5.84 3937
5.84 3936
20.62 3935
