0.02 3735
0.02 3734
0.02 3733
0.02 3732
0.02 3731
0.02 3730
0.02 3729
0.02 3728
0.02 3727
0.02 3726
0.03 3725
0.03 3724
0.03 3723
0.03 3722
0.03 3721
0.03 3720
0.03 3719
0.03 3718
0.03 3717
0.03 3716
0.03 3715
0.03 3714
0.03 3713
0.03 3712
0.03 3711
0.03 3710
0.03 3709
0.03 3708
0.03 3707
0.03 3706
0.05 3705
0.05 3704
0.05 3703
0.05 3702
0.05 3701
0.05 3700
0.05 3699
0.05 3698
0.05 3697
0.05 3696
0.05 3695
0.05 3694
0.05 3693
0.05 3692
0.05 3691
0.06 3690
0.06 3689
0.06 3688
0.06 3687
0.06 3686
0.06 3685
0.06 3684
0.06 3683
0.06 3682
0.07 3681
0.07 3680
0.07 3679
0.07 3678
0.07 3677
0.07 3676
0.07 3675
0.07 3674
0.07 3673
0.07 3672
0.07 3671
0.07 3670
0.07 3669
0.07 3668
0.07 3667
0.07 3666
0.08 3665
0.08 3664
0.08 3663
0.08 3662
0.08 3661
0.08 3660
0.08 3659
0.08 3658
0.08 3657
0.08 3656
0.08 3655
0.08 3654
0.08 3653
0.09 3652
0.09 3651
0.09 3650
0.09 3649
0.09 3648
0.09 3647
0.09 3646
0.09 3645
0.09 3644
0.09 3643
0.09 3642
0.09 3641
0.09 3640
0.09 3639
0.09 3638
0.09 3637
0.09 3636
0.09 3635
0.09 3634
0.09 3633
0.09 3632
0.09 3631
0.09 3630
0.09 3629
0.09 3628
0.09 3627
0.09 3626
0.09 3625
0.09 3624
0.09 3623
0.11 3622
0.11 3621
0.11 3620
0.11 3619
0.11 3618
0.11 3617
0.11 3616
0.11 3615
0.11 3614
0.11 3613
0.11 3612
0.11 3611
0.11 3610
0.11 3609
0.11 3608
0.11 3607
0.11 3606
0.11 3605
0.11 3604
0.11 3603
0.11 3602
0.13 3601
0.13 3600
0.13 3599
0.13 3598
0.13 3597
0.13 3596
0.13 3595
0.13 3594
0.13 3593
0.13 3592
0.13 3591
0.13 3590
0.13 3589
0.13 3588
0.13 3587
0.13 3586
0.13 3585
0.13 3584
0.13 3583
0.13 3582
0.13 3581
0.13 3580
0.14 3579
0.14 3578
0.14 3577
0.14 3576
0.14 3575
0.14 3574
0.14 3573
0.14 3572
0.14 3571
0.14 3570
0.14 3569
0.14 3568
0.14 3567
0.14 3566
0.14 3565
0.14 3564
0.14 3563
0.14 3562
0.14 3561
0.14 3560
0.14 3559
0.16 3558
0.16 3557
0.16 3556
0.16 3555
0.16 3554
0.16 3553
0.16 3552
0.16 3551
0.16 3550
0.16 3549
0.16 3548
0.16 3547
0.16 3546
0.16 3545
0.16 3544
0.16 3543
0.16 3542
0.16 3541
0.16 3540
0.16 3539
0.16 3538
0.17 3537
0.17 3536
0.17 3535
0.17 3534
0.17 3533
0.17 3532
0.17 3531
0.17 3530
0.17 3529
0.17 3528
0.17 3527
0.17 3526
0.17 3525
0.17 3524
0.17 3523
0.17 3522
0.17 3521
0.17 3520
0.17 3519
0.17 3518
0.17 3517
0.17 3516
0.17 3515
0.19 3514
0.19 3513
0.19 3512
0.19 3511
0.19 3510
0.19 3509
0.19 3508
0.19 3507
0.19 3506
0.19 3505
0.19 3504
0.19 3503
0.19 3502
0.19 3501
0.19 3500
0.19 3499
0.19 3498
0.19 3497
0.19 3496
0.19 3495
0.19 3494
0.19 3493
0.19 3492
0.19 3491
0.20 3490
0.20 3489
0.20 3488
0.20 3487
0.20 3486
0.20 3485
0.20 3484
0.20 3483
0.20 3482
0.20 3481
0.20 3480
0.20 3479
0.20 3478
0.20 3477
0.20 3476
0.20 3475
0.20 3474
0.22 3473
0.22 3472
0.22 3471
0.22 3470
0.22 3469
0.22 3468
0.22 3467
0.22 3466
0.22 3465
0.22 3464
0.22 3463
0.22 3462
0.22 3461
0.22 3460
0.22 3459
0.22 3458
0.22 3457
0.22 3456
0.22 3455
0.22 3454
0.22 3453
0.22 3452
0.22 3451
0.24 3450
0.24 3449
0.24 3448
0.24 3447
0.24 3446
0.24 3445
0.24 3444
0.24 3443
0.24 3442
0.24 3441
0.24 3440
0.24 3439
0.24 3438
0.24 3437
0.24 3436
0.24 3435
0.24 3434
0.24 3433
0.24 3432
0.24 3431
0.24 3430
0.24 3429
0.24 3428
0.24 3427
0.25 3426
0.25 3425
0.25 3424
0.25 3423
0.25 3422
0.25 3421
0.25 3420
0.25 3419
0.25 3418
0.25 3417
0.25 3416
0.25 3415
0.25 3414
0.25 3413
0.25 3412
0.25 3411
0.25 3410
0.25 3409
0.25 3408
0.25 3407
0.25 3406
0.25 3405
0.25 3404
0.27 3403
0.27 3402
0.27 3401
0.27 3400
0.27 3399
0.27 3398
0.27 3397
0.27 3396
0.27 3395
0.27 3394
0.27 3393
0.27 3392
0.27 3391
0.27 3390
0.27 3389
0.27 3388
0.27 3387
0.27 3386
0.27 3385
0.27 3384
0.27 3383
0.27 3382
0.27 3381
0.27 3380
0.28 3379
0.28 3378
0.28 3377
0.28 3376
0.28 3375
0.28 3374
0.28 3373
0.28 3372
0.28 3371
0.28 3370
0.28 3369
0.28 3368
0.28 3367
0.28 3366
0.28 3365
0.28 3364
0.28 3363
0.28 3362
0.28 3361
0.28 3360
0.28 3359
0.30 3358
0.30 3357
0.30 3356
0.30 3355
0.30 3354
0.30 3353
0.30 3352
0.30 3351
0.30 3350
0.30 3349
0.30 3348
0.30 3347
0.30 3346
0.30 3345
0.30 3344
0.30 3343
0.30 3342
0.30 3341
0.30 3340
0.30 3339
0.30 3338
0.31 3337
0.31 3336
0.31 3335
0.31 3334
0.31 3333
0.31 3332
0.31 3331
0.31 3330
0.31 3329
0.31 3328
0.31 3327
0.31 3326
0.31 3325
0.31 3324
0.31 3323
0.31 3322
0.31 3321
0.31 3320
0.31 3319
0.31 3318
0.31 3317
0.33 3316
0.33 3315
0.33 3314
0.33 3313
0.33 3312
0.33 3311
0.33 3310
0.33 3309
0.33 3308
0.33 3307
0.33 3306
0.33 3305
0.33 3304
0.33 3303
0.33 3302
0.33 3301
0.33 3300
0.33 3299
0.33 3298
0.33 3297
0.33 3296
0.33 3295
0.35 3294
0.35 3293
0.35 3292
0.35 3291
0.35 3290
0.35 3289
0.35 3288
0.35 3287
0.35 3286
0.35 3285
0.35 3284
0.35 3283
0.35 3282
0.35 3281
0.35 3280
0.35 3279
0.35 3278
0.35 3277
0.35 3276
0.35 3275
0.35 3274
0.35 3273
0.36 3272
0.36 3271
0.36 3270
0.36 3269
0.36 3268
0.36 3267
0.36 3266
0.36 3265
0.36 3264
0.36 3263
0.36 3262
0.36 3261
0.36 3260
0.36 3259
0.36 3258
0.36 3257
0.36 3256
0.37 3255
0.37 3254
0.37 3253
0.37 3252
0.37 3251
0.38 3250
0.38 3249
0.38 3248
0.38 3247
0.38 3246
0.38 3245
0.38 3244
0.38 3243
0.38 3242
0.38 3241
0.38 3240
0.38 3239
0.38 3238
0.38 3237
0.38 3236
0.38 3235
0.38 3234
0.38 3233
0.38 3232
0.38 3231
0.38 3230
0.38 3229
0.39 3228
0.39 3227
0.39 3226
0.39 3225
0.39 3224
0.39 3223
0.39 3222
0.39 3221
0.39 3220
0.39 3219
0.39 3218
0.39 3217
0.39 3216
0.39 3215
0.39 3214
0.39 3213
0.39 3212
0.39 3211
0.39 3210
0.39 3209
0.39 3208
0.39 3207
0.39 3206
0.41 3205
0.41 3204
0.41 3203
0.41 3202
0.41 3201
0.41 3200
0.41 3199
0.41 3198
0.41 3197
0.41 3196
0.41 3195
0.41 3194
0.41 3193
0.41 3192
0.41 3191
0.41 3190
0.41 3189
0.41 3188
0.41 3187
0.41 3186
0.41 3185
0.41 3184
0.42 3183
0.42 3182
0.42 3181
0.42 3180
0.42 3179
0.42 3178
0.42 3177
0.42 3176
0.42 3175
0.42 3174
0.42 3173
0.42 3172
0.42 3171
0.42 3170
0.42 3169
0.42 3168
0.42 3167
0.42 3166
0.42 3165
0.42 3164
0.42 3163
0.42 3162
0.44 3161
0.44 3160
0.44 3159
0.44 3158
0.44 3157
0.44 3156
0.44 3155
0.44 3154
0.44 3153
0.44 3152
0.44 3151
0.44 3150
0.44 3149
0.44 3148
0.44 3147
0.44 3146
0.44 3145
0.44 3144
0.44 3143
0.44 3142
0.44 3141
0.44 3140
0.44 3139
0.44 3138
0.46 3137
0.46 3136
0.46 3135
0.46 3134
0.46 3133
0.46 3132
0.46 3131
0.46 3130
0.46 3129
0.46 3128
0.46 3127
0.46 3126
0.46 3125
0.46 3124
0.46 3123
0.46 3122
0.46 3121
0.46 3120
0.46 3119
0.46 3118
0.47 3117
0.47 3116
0.47 3115
0.47 3114
0.47 3113
0.47 3112
0.47 3111
0.47 3110
0.47 3109
0.47 3108
0.47 3107
0.47 3106
0.47 3105
0.47 3104
0.47 3103
0.47 3102
0.47 3101
0.47 3100
0.49 3099
0.49 3098
0.49 3097
0.49 3096
0.49 3095
0.49 3094
0.49 3093
0.49 3092
0.49 3091
0.49 3090
0.49 3089
0.49 3088
0.49 3087
0.49 3086
0.49 3085
0.49 3084
0.49 3083
0.49 3082
0.49 3081
0.49 3080
0.49 3079
0.50 3078
0.50 3077
0.50 3076
0.50 3075
0.50 3074
0.50 3073
0.50 3072
0.50 3071
0.50 3070
0.50 3069
0.50 3068
0.50 3067
0.50 3066
0.50 3065
0.50 3064
0.50 3063
0.50 3062
0.50 3061
0.50 3060
0.50 3059
0.50 3058
0.50 3057
0.50 3056
0.50 3055
0.52 3054
0.52 3053
0.52 3052
0.52 3051
0.52 3050
0.52 3049
0.52 3048
0.52 3047
0.52 3046
0.52 3045
0.52 3044
0.52 3043
0.52 3042
0.52 3041
0.52 3040
0.52 3039
0.52 3038
0.52 3037
0.52 3036
0.52 3035
0.52 3034
0.52 3033
0.52 3032
0.52 3031
0.52 3030
0.54 3029
0.54 3028
0.54 3027
0.54 3026
0.54 3025
0.54 3024
0.54 3023
0.54 3022
0.54 3021
0.54 3020
0.54 3019
0.54 3018
0.54 3017
0.54 3016
0.54 3015
0.54 3014
0.54 3013
0.54 3012
0.55 3011
0.55 3010
0.55 3009
0.55 3008
0.55 3007
0.55 3006
0.55 3005
0.55 3004
0.55 3003
0.56 3002
0.56 3001
0.56 3000
0.56 2999
0.56 2998
0.56 2997
0.56 2996
0.56 2995
0.56 2994
0.56 2993
0.56 2992
0.56 2991
0.57 2990
0.57 2989
0.57 2988
0.57 2987
0.57 2986
0.57 2985
0.57 2984
0.57 2983
0.57 2982
0.57 2981
0.57 2980
0.57 2979
0.57 2978
0.57 2977
0.57 2976
0.57 2975
0.58 2974
0.58 2973
0.58 2972
0.58 2971
0.58 2970
0.58 2969
0.58 2968
0.58 2967
0.58 2966
0.58 2965
0.58 2964
0.58 2963
0.58 2962
0.58 2961
0.58 2960
0.59 2959
0.59 2958
0.59 2957
0.59 2956
0.59 2955
0.59 2954
0.59 2953
0.59 2952
0.59 2951
0.59 2950
0.59 2949
0.59 2948
0.59 2947
0.59 2946
0.59 2945
0.59 2944
0.59 2943
0.59 2942
0.59 2941
0.59 2940
0.59 2939
0.59 2938
0.59 2937
0.59 2936
0.59 2935
0.59 2934
0.59 2933
0.59 2932
0.59 2931
0.61 2930
0.61 2929
0.61 2928
0.61 2927
0.61 2926
0.61 2925
0.61 2924
0.61 2923
0.61 2922
0.61 2921
0.61 2920
0.61 2919
0.61 2918
0.61 2917
0.61 2916
0.61 2915
0.61 2914
0.61 2913
0.61 2912
0.61 2911
0.61 2910
0.61 2909
0.61 2908
0.62 2907
0.62 2906
0.62 2905
0.62 2904
0.62 2903
0.62 2902
0.62 2901
0.62 2900
0.62 2899
0.62 2898
0.62 2897
0.62 2896
0.62 2895
0.62 2894
0.62 2893
0.62 2892
0.62 2891
0.62 2890
0.62 2889
0.62 2888
0.62 2887
0.62 2886
0.62 2885
0.62 2884
0.64 2883
0.64 2882
0.64 2881
0.64 2880
0.64 2879
0.64 2878
0.64 2877
0.64 2876
0.64 2875
0.64 2874
0.64 2873
0.64 2872
0.64 2871
0.64 2870
0.64 2869
0.64 2868
0.64 2867
0.64 2866
0.64 2865
0.64 2864
0.64 2863
0.64 2862
0.64 2861
0.64 2860
0.64 2859
0.64 2858
0.65 2857
0.65 2856
0.65 2855
0.65 2854
0.65 2853
0.65 2852
0.65 2851
0.65 2850
0.65 2849
0.65 2848
0.65 2847
0.65 2846
0.65 2845
0.65 2844
0.65 2843
0.65 2842
0.65 2841
0.65 2840
0.65 2839
0.65 2838
0.65 2837
0.65 2836
0.65 2835
0.65 2834
0.65 2833
0.65 2832
0.67 2831
0.67 2830
0.67 2829
0.67 2828
0.67 2827
0.67 2826
0.67 2825
0.67 2824
0.67 2823
0.67 2822
0.67 2821
0.67 2820
0.67 2819
0.67 2818
0.67 2817
0.67 2816
0.67 2815
0.67 2814
0.67 2813
0.67 2812
0.67 2811
0.67 2810
0.67 2809
0.67 2808
0.68 2807
0.68 2806
0.68 2805
0.68 2804
0.68 2803
0.68 2802
0.68 2801
0.68 2800
0.68 2799
0.68 2798
0.68 2797
0.68 2796
0.68 2795
0.68 2794
0.68 2793
0.68 2792
0.68 2791
0.68 2790
0.68 2789
0.68 2788
0.68 2787
0.68 2786
0.68 2785
0.68 2784
0.70 2783
0.70 2782
0.70 2781
0.70 2780
0.70 2779
0.70 2778
0.70 2777
0.70 2776
0.70 2775
0.70 2774
0.70 2773
0.70 2772
0.70 2771
0.70 2770
0.70 2769
0.70 2768
0.70 2767
0.70 2766
0.70 2765
0.70 2764
0.70 2763
0.70 2762
0.72 2761
0.72 2760
0.72 2759
0.72 2758
0.72 2757
0.72 2756
0.72 2755
0.72 2754
0.72 2753
0.72 2752
0.72 2751
0.72 2750
0.72 2749
0.72 2748
0.72 2747
0.72 2746
0.72 2745
0.72 2744
0.72 2743
0.72 2742
0.72 2741
0.72 2740
0.72 2739
0.72 2738
0.72 2737
0.73 2736
0.73 2735
0.73 2734
0.73 2733
0.73 2732
0.73 2731
0.73 2730
0.73 2729
0.73 2728
0.73 2727
0.73 2726
0.73 2725
0.73 2724
0.73 2723
0.73 2722
0.73 2721
0.73 2720
0.73 2719
0.73 2718
0.73 2717
0.73 2716
0.73 2715
0.73 2714
0.73 2713
0.73 2712
0.73 2711
0.75 2710
0.75 2709
0.75 2708
0.75 2707
0.75 2706
0.75 2705
0.75 2704
0.75 2703
0.75 2702
0.75 2701
0.75 2700
0.75 2699
0.75 2698
0.75 2697
0.75 2696
0.75 2695
0.75 2694
0.75 2693
0.75 2692
0.75 2691
0.75 2690
0.75 2689
0.75 2688
0.75 2687
0.75 2686
0.75 2685
0.75 2684
0.76 2683
0.76 2682
0.76 2681
0.76 2680
0.76 2679
0.76 2678
0.76 2677
0.76 2676
0.76 2675
0.76 2674
0.76 2673
0.76 2672
0.76 2671
0.76 2670
0.76 2669
0.76 2668
0.76 2667
0.76 2666
0.76 2665
0.76 2664
0.77 2663
0.77 2662
0.77 2661
0.77 2660
0.77 2659
0.77 2658
0.77 2657
0.77 2656
0.78 2655
0.78 2654
0.78 2653
0.78 2652
0.78 2651
0.78 2650
0.78 2649
0.78 2648
0.78 2647
0.78 2646
0.78 2645
0.78 2644
0.78 2643
0.78 2642
0.78 2641
0.78 2640
0.78 2639
0.78 2638
0.78 2637
0.78 2636
0.78 2635
0.78 2634
0.78 2633
0.78 2632
0.78 2631
0.78 2630
0.79 2629
0.79 2628
0.79 2627
0.79 2626
0.79 2625
0.79 2624
0.79 2623
0.79 2622
0.79 2621
0.79 2620
0.79 2619
0.79 2618
0.79 2617
0.79 2616
0.79 2615
0.79 2614
0.79 2613
0.79 2612
0.79 2611
0.79 2610
0.79 2609
0.79 2608
0.79 2607
0.81 2606
0.81 2605
0.81 2604
0.81 2603
0.81 2602
0.81 2601
0.81 2600
0.81 2599
0.81 2598
0.81 2597
0.81 2596
0.81 2595
0.81 2594
0.81 2593
0.81 2592
0.81 2591
0.81 2590
0.81 2589
0.81 2588
0.81 2587
0.81 2586
0.81 2585
0.81 2584
0.81 2583
0.83 2582
0.83 2581
0.83 2580
0.83 2579
0.83 2578
0.83 2577
0.83 2576
0.83 2575
0.83 2574
0.83 2573
0.83 2572
0.83 2571
0.83 2570
0.83 2569
0.83 2568
0.83 2567
0.83 2566
0.83 2565
0.83 2564
0.83 2563
0.83 2562
0.83 2561
0.83 2560
0.84 2559
0.84 2558
0.84 2557
0.84 2556
0.84 2555
0.84 2554
0.84 2553
0.84 2552
0.84 2551
0.84 2550
0.84 2549
0.84 2548
0.84 2547
0.84 2546
0.84 2545
0.84 2544
0.84 2543
0.84 2542
0.84 2541
0.84 2540
0.84 2539
0.84 2538
0.84 2537
0.84 2536
0.84 2535
0.86 2534
0.86 2533
0.86 2532
0.86 2531
0.86 2530
0.86 2529
0.86 2528
0.86 2527
0.86 2526
0.86 2525
0.86 2524
0.86 2523
0.86 2522
0.86 2521
0.86 2520
0.86 2519
0.86 2518
0.86 2517
0.86 2516
0.86 2515
0.86 2514
0.86 2513
0.86 2512
0.87 2511
0.87 2510
0.87 2509
0.87 2508
0.87 2507
0.87 2506
0.87 2505
0.87 2504
0.87 2503
0.87 2502
0.87 2501
0.87 2500
0.87 2499
0.87 2498
0.87 2497
0.87 2496
0.87 2495
0.87 2494
0.87 2493
0.87 2492
0.87 2491
0.87 2490
0.87 2489
0.87 2488
0.87 2487
0.89 2486
0.89 2485
0.89 2484
0.89 2483
0.89 2482
0.89 2481
0.89 2480
0.89 2479
0.89 2478
0.89 2477
0.89 2476
0.89 2475
0.89 2474
0.89 2473
0.89 2472
0.89 2471
0.89 2470
0.89 2469
0.89 2468
0.89 2467
0.89 2466
0.89 2465
0.89 2464
0.89 2463
0.89 2462
0.89 2461
0.89 2460
0.90 2459
0.90 2458
0.90 2457
0.90 2456
0.90 2455
0.90 2454
0.90 2453
0.90 2452
0.90 2451
0.90 2450
0.90 2449
0.90 2448
0.90 2447
0.90 2446
0.90 2445
0.90 2444
0.90 2443
0.90 2442
0.90 2441
0.90 2440
0.90 2439
0.90 2438
0.90 2437
0.90 2436
0.90 2435
0.90 2434
0.90 2433
0.90 2432
0.92 2431
0.92 2430
0.92 2429
0.92 2428
0.92 2427
0.92 2426
0.92 2425
0.92 2424
0.92 2423
0.92 2422
0.92 2421
0.92 2420
0.92 2419
0.92 2418
0.92 2417
0.92 2416
0.92 2415
0.92 2414
0.92 2413
0.92 2412
0.92 2411
0.92 2410
0.92 2409
0.92 2408
0.92 2407
0.92 2406
0.92 2405
0.94 2404
0.94 2403
0.94 2402
0.94 2401
0.94 2400
0.94 2399
0.94 2398
0.94 2397
0.94 2396
0.94 2395
0.94 2394
0.94 2393
0.94 2392
0.94 2391
0.94 2390
0.95 2389
0.95 2388
0.95 2387
0.95 2386
0.95 2385
0.95 2384
0.95 2383
0.95 2382
0.95 2381
0.95 2380
0.95 2379
0.95 2378
0.95 2377
0.95 2376
0.95 2375
0.95 2374
0.95 2373
0.95 2372
0.95 2371
0.95 2370
0.95 2369
0.95 2368
0.95 2367
0.95 2366
0.95 2365
0.97 2364
0.97 2363
0.97 2362
0.97 2361
0.97 2360
0.97 2359
0.97 2358
0.97 2357
0.97 2356
0.97 2355
0.97 2354
0.97 2353
0.97 2352
0.97 2351
0.97 2350
0.97 2349
0.97 2348
0.97 2347
0.97 2346
0.97 2345
0.97 2344
0.97 2343
0.97 2342
0.97 2341
0.97 2340
0.97 2339
0.97 2338
0.97 2337
0.98 2336
0.98 2335
0.98 2334
0.98 2333
0.98 2332
0.98 2331
0.98 2330
0.98 2329
2.35 2275
2.35 2274
2.35 2273
2.35 2272
2.35 2271
2.35 2270
2.35 2269
2.35 2268
2.35 2267
2.35 2266
2.35 2265
2.35 2264
2.35 2263
2.35 2262
2.35 2261
2.35 2260
2.35 2259
4.66 2258
4.66 2257
