0.33 1971
0.34 1970
0.34 1969
0.34 1968
0.34 1967
0.34 1966
0.34 1965
0.34 1964
0.34 1963
0.34 1962
0.34 1961
0.34 1960
0.35 1959
0.35 1958
0.35 1957
0.35 1956
0.35 1955
0.35 1954
0.35 1953
0.35 1952
0.35 1951
0.35 1950
0.35 1949
0.35 1948
0.35 1947
0.36 1946
0.36 1945
0.36 1944
0.36 1943
0.36 1942
0.36 1941
0.36 1940
0.36 1939
0.36 1938
0.36 1937
0.36 1936
0.36 1935
0.36 1934
0.36 1933
0.36 1932
0.36 1931
0.36 1930
0.36 1929
0.36 1928
0.36 1927
0.36 1926
0.36 1925
0.36 1924
0.36 1923
0.36 1922
0.36 1921
0.36 1920
0.36 1919
0.36 1918
0.36 1917
0.36 1916
0.36 1915
0.36 1914
0.36 1913
0.36 1912
0.36 1911
0.36 1910
0.36 1909
0.36 1908
0.38 1907
0.38 1906
0.38 1905
0.38 1904
0.38 1903
0.38 1902
0.38 1901
0.38 1900
0.38 1899
0.38 1898
0.38 1897
0.38 1896
0.38 1895
0.38 1894
0.38 1893
0.38 1892
0.38 1891
0.38 1890
0.38 1889
0.38 1888
0.38 1887
0.38 1886
0.38 1885
0.38 1884
0.38 1883
0.38 1882
0.40 1881
0.40 1880
0.40 1879
0.40 1878
0.40 1877
0.40 1876
0.40 1875
0.40 1874
0.40 1873
0.40 1872
0.40 1871
0.40 1870
0.40 1869
0.40 1868
0.40 1867
0.40 1866
0.40 1865
0.40 1864
0.40 1863
0.40 1862
0.40 1861
0.40 1860
0.40 1859
0.40 1858
0.40 1857
0.41 1856
0.41 1855
0.41 1854
0.41 1853
0.41 1852
0.41 1851
0.41 1850
0.41 1849
0.41 1848
0.41 1847
0.41 1846
0.41 1845
0.41 1844
0.41 1843
0.41 1842
0.41 1841
0.41 1840
0.41 1839
0.41 1838
0.43 1837
0.43 1836
0.43 1835
0.43 1834
0.43 1833
0.43 1832
0.43 1831
0.43 1830
0.43 1829
0.43 1828
0.43 1827
0.43 1826
0.43 1825
0.44 1824
0.44 1823
0.44 1822
0.44 1821
0.44 1820
0.44 1819
0.44 1818
0.44 1817
0.44 1816
0.46 1815
0.46 1814
0.46 1813
0.48 1812
2.69 1811
2.71 1810
2.71 1809
2.71 1808
2.71 1807
2.71 1806
2.71 1805
5.04 1804
9.75 1803
9.75 1802
9.75 1801
9.76 1800
23.96 1799
23.96 1798
23.96 1797
23.96 1796
23.96 1795
