0.27 1971
0.27 1970
0.27 1969
0.27 1968
0.27 1967
0.27 1966
0.27 1965
0.27 1964
0.27 1963
0.27 1962
0.27 1961
0.27 1960
0.27 1959
0.27 1958
0.27 1957
0.27 1956
0.27 1955
0.29 1954
0.29 1953
0.29 1952
0.29 1951
0.29 1950
0.29 1949
0.29 1948
0.29 1947
0.29 1946
0.29 1945
0.29 1944
0.29 1943
0.29 1942
0.29 1941
0.29 1940
0.29 1939
0.29 1938
0.29 1937
0.29 1936
0.29 1935
0.29 1934
0.29 1933
0.29 1932
0.29 1931
0.29 1930
0.29 1929
0.29 1928
0.29 1927
0.29 1926
0.29 1925
0.29 1924
0.29 1923
0.30 1922
0.30 1921
0.30 1920
0.30 1919
0.30 1918
0.30 1917
0.30 1916
0.30 1915
0.30 1914
0.30 1913
0.30 1912
0.30 1911
0.30 1910
0.30 1909
0.30 1908
0.30 1907
0.30 1906
0.30 1905
0.30 1904
0.30 1903
0.30 1902
0.30 1901
0.30 1900
0.30 1899
0.30 1898
0.30 1897
0.30 1896
0.30 1895
0.30 1894
0.30 1893
0.32 1892
0.32 1891
0.32 1890
0.32 1889
0.32 1888
0.32 1887
0.32 1886
0.32 1885
0.32 1884
0.32 1883
0.32 1882
0.32 1881
0.32 1880
0.32 1879
0.32 1878
0.32 1877
0.32 1876
0.32 1875
0.32 1874
0.32 1873
0.32 1872
0.32 1871
0.32 1870
0.32 1869
0.32 1868
0.32 1867
0.32 1866
0.32 1865
0.32 1864
0.32 1863
0.32 1862
0.32 1861
0.33 1860
0.33 1859
0.33 1858
0.33 1857
0.33 1856
0.33 1855
0.33 1854
0.33 1853
0.33 1852
0.33 1851
0.33 1850
0.33 1849
0.33 1848
0.33 1847
0.33 1846
0.33 1845
0.33 1844
0.33 1843
0.33 1842
0.33 1841
0.33 1840
0.33 1839
0.33 1838
0.33 1837
0.35 1836
0.35 1835
0.35 1834
0.35 1833
0.35 1832
0.35 1831
0.35 1830
0.35 1829
0.35 1828
0.35 1827
0.35 1826
0.35 1825
0.35 1824
0.35 1823
0.35 1822
0.35 1821
0.35 1820
0.36 1819
0.36 1818
0.36 1817
0.36 1816
0.36 1815
0.36 1814
0.36 1813
0.38 1812
2.37 1811
2.37 1810
2.37 1809
2.37 1808
2.37 1807
2.37 1806
2.38 1805
2.38 1804
5.27 1803
5.27 1802
5.28 1801
5.28 1800
13.71 1799
13.71 1798
13.73 1797
