0.28 1989
0.29 1988
0.29 1987
0.29 1986
0.29 1985
0.29 1984
0.29 1983
0.29 1982
0.29 1981
0.29 1980
0.29 1979
0.29 1978
0.29 1977
0.29 1976
0.29 1975
0.29 1974
0.29 1973
0.29 1972
0.29 1971
0.29 1970
0.29 1969
0.29 1968
0.29 1967
0.29 1966
0.29 1965
0.29 1964
0.29 1963
0.29 1962
0.29 1961
0.29 1960
0.31 1959
0.31 1958
0.31 1957
0.31 1956
0.31 1955
0.31 1954
0.31 1953
0.31 1952
0.31 1951
0.31 1950
0.31 1949
0.31 1948
0.31 1947
0.31 1946
0.31 1945
0.31 1944
0.31 1943
0.31 1942
0.31 1941
0.31 1940
0.31 1939
0.31 1938
0.31 1937
0.31 1936
0.33 1935
0.33 1934
0.33 1933
0.33 1932
0.33 1931
2.55 1930
2.55 1929
2.55 1928
2.55 1927
16.36 1926
