1.42 1959
1.42 1958
1.43 1957
1.43 1956
1.43 1955
1.43 1954
1.43 1953
1.43 1952
1.43 1951
1.43 1950
1.43 1949
1.43 1948
1.43 1947
1.43 1946
1.43 1945
1.45 1944
1.45 1943
1.45 1942
1.45 1941
1.45 1940
1.45 1939
1.45 1938
1.45 1937
1.45 1936
1.45 1935
1.45 1934
1.45 1933
1.45 1932
1.45 1931
1.45 1930
1.45 1929
1.46 1928
1.46 1927
1.46 1926
1.46 1925
1.46 1924
1.46 1923
1.46 1922
1.46 1921
1.46 1920
1.46 1919
1.46 1918
1.46 1917
1.46 1916
1.46 1915
1.46 1914
1.48 1913
1.48 1912
1.48 1911
1.48 1910
1.48 1909
1.48 1908
1.48 1907
1.48 1906
1.49 1905
1.49 1904
1.49 1903
1.49 1902
1.49 1901
1.49 1900
1.49 1899
1.49 1898
1.49 1897
1.49 1896
1.49 1895
1.49 1894
1.49 1893
1.49 1892
1.49 1891
1.49 1890
1.49 1889
1.49 1888
1.49 1887
1.49 1886
1.49 1885
1.51 1884
1.51 1883
1.51 1882
1.51 1881
1.51 1880
1.51 1879
1.51 1878
1.51 1877
1.51 1876
1.51 1875
1.51 1874
1.51 1873
1.53 1872
1.53 1871
1.53 1870
1.53 1869
1.53 1868
1.53 1867
1.53 1866
1.53 1865
1.53 1864
1.53 1863
1.53 1862
1.53 1861
1.53 1860
1.54 1859
1.54 1858
1.54 1857
1.54 1856
1.54 1855
1.54 1854
1.54 1853
1.54 1852
1.54 1851
1.54 1850
1.54 1849
1.56 1848
1.56 1847
1.56 1846
1.56 1845
1.56 1844
1.56 1843
1.56 1842
1.56 1841
1.56 1840
1.56 1839
1.56 1838
1.56 1837
1.56 1836
1.56 1835
1.56 1834
1.56 1833
1.57 1832
1.57 1831
1.57 1830
1.57 1829
1.57 1828
1.57 1827
1.57 1826
1.57 1825
1.57 1824
1.57 1823
1.57 1822
1.57 1821
1.57 1820
1.59 1819
1.59 1818
1.59 1817
1.59 1816
1.59 1815
1.59 1814
1.59 1813
1.59 1812
1.59 1811
1.59 1810
1.59 1809
1.59 1808
1.59 1807
1.59 1806
1.59 1805
1.59 1804
1.59 1803
1.59 1802
1.59 1801
1.60 1800
1.60 1799
1.60 1798
1.60 1797
1.60 1796
1.60 1795
1.60 1794
1.60 1793
1.60 1792
1.60 1791
1.60 1790
1.60 1789
1.60 1788
1.60 1787
1.60 1786
1.60 1785
1.62 1784
1.62 1783
1.62 1782
1.62 1781
1.62 1780
1.62 1779
1.62 1778
1.62 1777
1.62 1776
1.62 1775
1.62 1774
1.62 1773
1.62 1772
1.64 1771
1.64 1770
1.64 1769
1.64 1768
1.64 1767
1.64 1766
1.64 1765
1.64 1764
1.64 1763
1.64 1762
1.64 1761
1.64 1760
1.65 1759
1.65 1758
1.65 1757
1.65 1756
1.65 1755
1.65 1754
1.65 1753
1.65 1752
1.65 1751
1.65 1750
1.65 1749
1.65 1748
1.65 1747
1.65 1746
1.65 1745
1.65 1744
1.65 1743
1.67 1742
1.67 1741
1.67 1740
1.67 1739
1.67 1738
1.67 1737
1.67 1736
1.67 1735
1.67 1734
1.67 1733
1.67 1732
1.67 1731
1.67 1730
1.67 1729
1.67 1728
1.67 1727
1.68 1726
1.68 1725
1.68 1724
1.69 1723
1.69 1722
1.69 1721
1.69 1720
1.69 1719
1.69 1718
1.69 1717
1.69 1716
1.69 1715
1.69 1714
1.69 1713
1.69 1712
1.69 1711
1.69 1710
1.70 1709
1.70 1708
1.70 1707
1.70 1706
1.70 1705
1.70 1704
1.70 1703
1.70 1702
1.71 1701
1.71 1700
1.71 1699
1.71 1698
1.71 1697
1.71 1696
1.72 1695
1.72 1694
1.72 1693
1.72 1692
1.72 1691
1.72 1690
1.72 1689
1.72 1688
1.72 1687
1.72 1686
1.72 1685
1.72 1684
1.72 1683
1.72 1682
1.72 1681
1.73 1680
1.73 1679
1.73 1678
1.73 1677
1.73 1676
1.73 1675
1.73 1674
1.73 1673
1.73 1672
1.74 1671
1.74 1670
1.74 1669
1.74 1668
1.74 1667
1.74 1666
1.74 1665
1.74 1664
1.74 1663
1.74 1662
1.74 1661
1.74 1660
1.74 1659
1.76 1658
1.76 1657
1.76 1656
1.76 1655
1.76 1654
1.76 1653
1.76 1652
1.76 1651
1.76 1650
1.76 1649
1.76 1648
1.76 1647
1.77 1646
1.77 1645
1.77 1644
1.77 1643
1.77 1642
1.77 1641
1.77 1640
1.77 1639
1.77 1638
1.77 1637
1.79 1636
1.79 1635
1.79 1634
1.79 1633
1.79 1632
1.79 1631
1.79 1630
1.79 1629
1.79 1628
1.79 1627
1.79 1626
1.79 1625
1.79 1624
1.79 1623
1.80 1622
1.80 1621
1.80 1620
1.80 1619
1.80 1618
1.80 1617
1.80 1616
1.80 1615
1.80 1614
1.80 1613
1.80 1612
1.80 1611
1.80 1610
1.80 1609
1.80 1608
1.80 1607
1.80 1606
1.82 1605
1.82 1604
1.82 1603
1.82 1602
1.82 1601
1.82 1600
1.82 1599
1.82 1598
1.82 1597
1.82 1596
1.82 1595
1.82 1594
1.82 1593
1.82 1592
1.82 1591
1.82 1590
1.82 1589
1.83 1588
1.83 1587
1.83 1586
1.83 1585
1.83 1584
1.83 1583
1.83 1582
1.83 1581
1.83 1580
1.83 1579
1.83 1578
1.83 1577
1.83 1576
1.83 1575
1.83 1574
1.83 1573
1.83 1572
1.83 1571
1.85 1570
1.85 1569
1.85 1568
1.85 1567
1.85 1566
1.85 1565
1.85 1564
1.85 1563
1.85 1562
1.85 1561
1.85 1560
1.85 1559
1.85 1558
1.85 1557
1.85 1556
1.85 1555
1.85 1554
1.87 1553
1.87 1552
1.87 1551
1.87 1550
1.87 1549
1.87 1548
1.87 1547
1.87 1546
1.87 1545
1.87 1544
1.87 1543
1.87 1542
1.87 1541
1.87 1540
1.87 1539
1.87 1538
1.87 1537
1.88 1536
1.88 1535
1.88 1534
1.88 1533
1.89 1532
1.89 1531
1.89 1530
1.89 1529
1.89 1528
1.89 1527
1.89 1526
1.89 1525
1.89 1524
1.90 1523
1.90 1522
1.90 1521
1.90 1520
1.90 1519
1.90 1518
1.90 1517
1.90 1516
1.90 1515
1.90 1514
1.90 1513
1.90 1512
1.90 1511
1.91 1510
1.91 1509
1.91 1508
1.91 1507
1.91 1506
1.91 1505
1.91 1504
1.91 1503
1.91 1502
1.91 1501
1.91 1500
1.91 1499
1.93 1498
1.93 1497
1.93 1496
1.93 1495
1.93 1494
1.93 1493
1.93 1492
1.93 1491
1.93 1490
1.93 1489
1.93 1488
1.93 1487
1.93 1486
1.94 1485
1.94 1484
1.94 1483
1.94 1482
1.94 1481
1.94 1480
1.94 1479
1.94 1478
1.94 1477
1.94 1476
1.94 1475
1.94 1474
1.96 1473
1.96 1472
1.96 1471
1.96 1470
1.96 1469
1.96 1468
1.96 1467
1.96 1466
1.96 1465
1.96 1464
1.96 1463
1.96 1462
1.96 1461
1.98 1460
1.98 1459
1.98 1458
1.98 1457
1.98 1456
1.98 1455
1.98 1454
1.98 1453
1.99 1452
1.99 1451
1.99 1450
1.99 1449
1.99 1448
1.99 1447
1.99 1446
1.99 1445
1.99 1444
1.99 1443
1.99 1442
1.99 1441
1.99 1440
1.99 1439
1.99 1438
1.99 1437
1.99 1436
2.01 1435
2.01 1434
2.01 1433
2.01 1432
2.01 1431
2.01 1430
2.01 1429
2.01 1428
2.01 1427
2.01 1426
2.01 1425
2.01 1424
2.01 1423
2.01 1422
2.02 1421
2.02 1420
2.02 1419
2.02 1418
2.02 1417
2.02 1416
2.02 1415
2.02 1414
2.02 1413
2.02 1412
2.02 1411
2.02 1410
2.02 1409
2.04 1408
2.04 1407
2.04 1406
2.04 1405
2.04 1404
2.04 1403
2.04 1402
2.04 1401
2.04 1400
2.04 1399
2.04 1398
2.04 1397
2.04 1396
2.04 1395
2.04 1394
2.04 1393
2.04 1392
2.05 1391
2.05 1390
2.05 1389
2.05 1388
2.05 1387
2.05 1386
2.05 1385
2.05 1384
2.05 1383
2.05 1382
2.05 1381
2.05 1380
2.05 1379
2.05 1378
2.05 1377
2.05 1376
2.07 1375
2.07 1374
2.07 1373
2.07 1372
2.07 1371
2.07 1370
2.07 1369
2.07 1368
2.07 1367
2.07 1366
2.07 1365
2.07 1364
2.07 1363
2.07 1362
2.07 1361
2.07 1360
2.07 1359
2.09 1358
2.09 1357
2.09 1356
2.09 1355
2.09 1354
2.09 1353
2.09 1352
2.09 1351
2.09 1350
2.09 1349
2.09 1348
2.09 1347
2.09 1346
2.09 1345
2.09 1344
2.09 1343
2.09 1342
2.09 1341
2.10 1340
2.10 1339
2.10 1338
2.10 1337
2.10 1336
2.10 1335
2.10 1334
2.10 1333
2.10 1332
2.10 1331
2.10 1330
2.10 1329
2.10 1328
2.12 1327
2.12 1326
2.12 1325
2.12 1324
2.12 1323
2.12 1322
2.12 1321
2.12 1320
2.12 1319
2.12 1318
2.12 1317
2.12 1316
2.12 1315
2.12 1314
2.12 1313
2.13 1312
2.13 1311
2.13 1310
2.13 1309
2.13 1308
2.13 1307
2.13 1306
2.13 1305
2.13 1304
2.13 1303
2.13 1302
2.13 1301
2.15 1300
2.15 1299
2.15 1298
2.15 1297
2.15 1296
2.15 1295
2.15 1294
2.15 1293
2.15 1292
2.15 1291
2.15 1290
2.15 1289
2.15 1288
2.17 1287
2.17 1286
2.17 1285
2.17 1284
2.17 1283
2.17 1282
2.17 1281
2.17 1280
2.17 1279
2.17 1278
2.17 1277
2.18 1276
2.18 1275
2.19 1274
2.19 1273
2.19 1272
2.19 1271
2.19 1270
2.19 1269
2.19 1268
2.19 1267
2.19 1266
2.20 1265
2.20 1264
2.20 1263
2.20 1262
2.20 1261
2.20 1260
2.20 1259
2.20 1258
2.20 1257
2.20 1256
2.20 1255
2.20 1254
2.20 1253
2.20 1252
2.20 1251
2.20 1250
2.20 1249
2.21 1248
2.21 1247
2.21 1246
2.21 1245
2.21 1244
2.21 1243
2.21 1242
2.21 1241
2.21 1240
2.21 1239
2.21 1238
2.21 1237
2.21 1236
2.21 1235
2.23 1234
2.23 1233
2.23 1232
2.23 1231
2.23 1230
2.23 1229
2.23 1228
2.23 1227
2.23 1226
2.23 1225
2.23 1224
2.23 1223
2.23 1222
2.23 1221
2.23 1220
2.23 1219
2.23 1218
2.23 1217
2.23 1216
2.24 1215
2.24 1214
2.24 1213
2.24 1212
2.24 1211
2.24 1210
2.24 1209
2.24 1208
2.24 1207
2.24 1206
2.24 1205
2.24 1204
2.24 1203
2.24 1202
2.24 1201
2.24 1200
2.24 1199
2.24 1198
2.24 1197
2.26 1196
2.26 1195
2.26 1194
2.26 1193
2.26 1192
2.26 1191
2.26 1190
2.26 1189
2.26 1188
2.26 1187
2.26 1186
2.26 1185
2.26 1184
2.28 1183
2.28 1182
2.28 1181
2.28 1180
2.28 1179
2.28 1178
2.28 1177
2.28 1176
2.28 1175
2.28 1174
2.28 1173
2.28 1172
2.28 1171
2.28 1170
2.29 1169
2.29 1168
2.29 1167
2.29 1166
2.29 1165
2.29 1164
2.29 1163
2.29 1162
2.29 1161
2.29 1160
2.29 1159
2.29 1158
2.29 1157
2.29 1156
2.29 1155
2.29 1154
2.29 1153
2.29 1152
2.29 1151
2.31 1150
2.31 1149
2.31 1148
2.31 1147
2.31 1146
2.31 1145
2.31 1144
2.31 1143
2.31 1142
2.31 1141
2.31 1140
2.31 1139
2.31 1138
2.31 1137
2.31 1136
2.31 1135
2.31 1134
2.31 1133
2.31 1132
2.32 1131
2.32 1130
2.32 1129
2.32 1128
2.32 1127
2.32 1126
2.32 1125
2.32 1124
2.32 1123
2.32 1122
2.32 1121
2.32 1120
2.32 1119
2.32 1118
2.32 1117
2.32 1116
2.32 1115
2.32 1114
2.32 1113
2.34 1112
2.34 1111
2.34 1110
2.34 1109
2.34 1108
2.34 1107
2.34 1106
2.34 1105
2.34 1104
2.34 1103
2.34 1102
2.34 1101
2.34 1100
2.34 1099
2.34 1098
2.34 1097
2.34 1096
2.34 1095
2.34 1094
2.34 1093
2.35 1092
2.35 1091
2.35 1090
2.35 1089
2.35 1088
2.35 1087
2.35 1086
2.35 1085
2.35 1084
2.35 1083
2.35 1082
2.35 1081
2.35 1080
2.35 1079
2.35 1078
2.35 1077
2.35 1076
2.35 1075
2.35 1074
2.37 1073
2.37 1072
2.37 1071
2.37 1070
2.37 1069
2.37 1068
2.37 1067
2.37 1066
2.37 1065
2.37 1064
2.37 1063
2.37 1062
2.37 1061
2.37 1060
2.37 1059
2.37 1058
2.37 1057
2.37 1056
2.37 1055
2.37 1054
2.39 1053
2.39 1052
2.39 1051
2.39 1050
2.39 1049
2.39 1048
2.39 1047
2.39 1046
2.39 1045
2.39 1044
2.39 1043
2.39 1042
2.39 1041
2.39 1040
2.39 1039
2.39 1038
2.39 1037
2.39 1036
2.39 1035
2.40 1034
2.40 1033
2.40 1032
2.40 1031
2.40 1030
2.40 1029
2.40 1028
2.40 1027
2.40 1026
2.40 1025
2.40 1024
2.40 1023
2.40 1022
2.40 1021
2.40 1020
2.40 1019
2.40 1018
2.40 1017
2.40 1016
2.40 1015
2.42 1014
2.42 1013
2.42 1012
2.42 1011
2.42 1010
2.42 1009
2.42 1008
2.42 1007
2.42 1006
2.42 1005
2.42 1004
2.42 1003
2.42 1002
2.42 1001
2.42 1000
2.42 999
2.42 998
2.42 997
2.42 996
2.42 995
2.43 994
2.43 993
2.43 992
2.43 991
2.43 990
2.43 989
2.43 988
2.43 987
2.43 986
2.43 985
2.43 984
2.43 983
2.43 982
2.43 981
2.43 980
