0.78 1999
0.78 1998
0.78 1997
0.78 1996
0.78 1995
0.78 1994
0.78 1993
0.79 1992
0.79 1991
0.79 1990
0.79 1989
0.79 1988
0.79 1987
0.79 1986
0.79 1985
0.79 1984
0.79 1983
0.79 1982
0.79 1981
0.79 1980
0.79 1979
0.79 1978
0.79 1977
0.79 1976
0.79 1975
0.79 1974
0.79 1973
0.79 1972
0.79 1971
0.79 1970
0.79 1969
0.79 1968
0.79 1967
0.79 1966
0.79 1965
0.79 1964
0.79 1963
0.79 1962
0.81 1961
0.81 1960
0.81 1959
0.81 1958
0.81 1957
0.81 1956
0.81 1955
0.81 1954
0.81 1953
0.81 1952
0.81 1951
0.81 1950
0.81 1949
0.81 1948
0.81 1947
0.81 1946
0.81 1945
0.81 1944
0.81 1943
0.81 1942
0.81 1941
0.82 1940
0.82 1939
0.82 1938
0.82 1937
0.82 1936
0.82 1935
0.82 1934
0.82 1933
0.82 1932
0.82 1931
0.82 1930
0.82 1929
0.82 1928
0.82 1927
0.82 1926
0.82 1925
0.82 1924
0.82 1923
0.82 1922
0.82 1921
0.82 1920
0.82 1919
0.82 1918
0.82 1917
0.82 1916
0.82 1915
0.82 1914
0.82 1913
0.82 1912
0.82 1911
0.84 1910
0.84 1909
0.84 1908
0.84 1907
0.84 1906
0.84 1905
0.84 1904
0.84 1903
0.84 1902
0.84 1901
0.84 1900
0.84 1899
0.84 1898
0.84 1897
0.84 1896
0.84 1895
0.84 1894
0.84 1893
0.84 1892
0.84 1891
0.84 1890
0.84 1889
0.84 1888
0.84 1887
0.84 1886
0.84 1885
0.84 1884
0.84 1883
0.84 1882
0.84 1881
0.86 1880
0.86 1879
0.86 1878
0.86 1877
0.86 1876
0.86 1875
0.86 1874
0.86 1873
0.86 1872
0.86 1871
0.86 1870
0.86 1869
0.86 1868
0.86 1867
0.86 1866
0.86 1865
0.86 1864
0.86 1863
0.86 1862
0.86 1861
0.86 1860
0.86 1859
0.86 1858
0.86 1857
0.86 1856
0.86 1855
0.86 1854
0.86 1853
0.86 1852
0.86 1851
0.86 1850
0.87 1849
0.87 1848
0.87 1847
0.87 1846
0.87 1845
0.87 1844
0.87 1843
0.87 1842
0.87 1841
0.87 1840
0.87 1839
0.87 1838
0.87 1837
0.87 1836
0.87 1835
0.87 1834
0.87 1833
0.87 1832
0.87 1831
0.87 1830
0.87 1829
0.87 1828
0.87 1827
0.87 1826
0.87 1825
0.87 1824
0.87 1823
0.87 1822
0.87 1821
0.87 1820
0.89 1819
0.89 1818
0.89 1817
0.89 1816
0.89 1815
0.89 1814
0.89 1813
0.89 1812
0.89 1811
0.89 1810
0.89 1809
0.89 1808
0.89 1807
0.89 1806
0.89 1805
0.89 1804
0.89 1803
0.89 1802
0.89 1801
0.89 1800
0.89 1799
0.89 1798
0.89 1797
0.89 1796
0.89 1795
0.89 1794
0.90 1793
0.90 1792
0.90 1791
0.90 1790
0.90 1789
0.90 1788
0.90 1787
0.90 1786
0.90 1785
0.90 1784
0.90 1783
0.90 1782
0.90 1781
0.90 1780
0.90 1779
0.91 1778
0.91 1777
0.91 1776
0.91 1775
0.91 1774
0.91 1773
0.91 1772
0.91 1771
0.91 1770
0.91 1769
0.91 1768
0.91 1767
0.92 1766
0.92 1765
0.92 1764
0.92 1763
0.92 1762
0.92 1761
0.92 1760
0.92 1759
0.92 1758
0.92 1757
0.92 1756
0.92 1755
0.92 1754
0.92 1753
0.92 1752
0.92 1751
0.92 1750
0.92 1749
0.92 1748
0.92 1747
0.92 1746
0.92 1745
0.92 1744
0.92 1743
0.92 1742
0.92 1741
0.92 1740
0.92 1739
0.92 1738
0.92 1737
0.93 1736
0.93 1735
0.93 1734
0.93 1733
0.93 1732
0.93 1731
0.93 1730
0.93 1729
0.93 1728
0.93 1727
0.93 1726
0.93 1725
0.93 1724
0.93 1723
0.93 1722
0.93 1721
0.93 1720
0.93 1719
0.93 1718
0.93 1717
0.93 1716
0.93 1715
0.93 1714
0.93 1713
0.93 1712
0.93 1711
0.93 1710
0.93 1709
0.93 1708
0.93 1707
0.93 1706
0.93 1705
0.93 1704
0.95 1703
0.95 1702
0.95 1701
0.95 1700
0.95 1699
0.95 1698
0.95 1697
0.95 1696
0.95 1695
0.95 1694
0.95 1693
0.95 1692
0.95 1691
0.95 1690
0.95 1689
0.95 1688
0.95 1687
0.95 1686
0.95 1685
0.95 1684
0.95 1683
0.95 1682
0.95 1681
0.95 1680
0.95 1679
0.95 1678
0.95 1677
0.95 1676
0.95 1675
0.95 1674
0.95 1673
0.95 1672
0.95 1671
0.95 1670
0.95 1669
0.95 1668
0.95 1667
0.97 1666
0.97 1665
0.97 1664
0.97 1663
0.97 1662
0.97 1661
0.97 1660
0.97 1659
0.97 1658
0.97 1657
0.97 1656
0.97 1655
0.97 1654
0.97 1653
0.97 1652
0.97 1651
0.97 1650
0.97 1649
0.97 1648
0.97 1647
0.97 1646
0.97 1645
0.98 1644
0.98 1643
0.98 1642
0.98 1641
0.98 1640
0.98 1639
0.98 1638
0.98 1637
0.99 1636
0.99 1635
0.99 1634
0.99 1633
0.99 1632
0.99 1631
0.99 1630
0.99 1629
0.99 1628
0.99 1627
0.99 1626
0.99 1625
0.99 1624
0.99 1623
0.99 1622
0.99 1621
0.99 1620
0.99 1619
0.99 1618
0.99 1617
1.00 1616
1.00 1615
1.00 1614
1.00 1613
1.00 1612
1.00 1611
1.00 1610
1.00 1609
1.00 1608
1.00 1607
1.00 1606
1.00 1605
1.00 1604
1.00 1603
1.00 1602
1.00 1601
1.01 1600
1.01 1599
1.01 1598
1.01 1597
1.01 1596
1.01 1595
1.01 1594
1.01 1593
1.01 1592
1.01 1591
1.01 1590
1.01 1589
1.01 1588
1.01 1587
1.01 1586
1.01 1585
1.02 1584
1.02 1583
1.02 1582
1.02 1581
1.02 1580
1.02 1579
1.02 1578
1.02 1577
1.02 1576
1.02 1575
1.02 1574
1.02 1573
1.02 1572
1.02 1571
1.02 1570
1.02 1569
1.02 1568
1.02 1567
1.02 1566
1.02 1565
1.02 1564
1.02 1563
1.02 1562
1.02 1561
1.02 1560
1.02 1559
1.02 1558
1.02 1557
1.02 1556
1.02 1555
1.02 1554
1.02 1553
1.02 1552
1.02 1551
1.02 1550
1.02 1549
1.02 1548
1.02 1547
1.02 1546
1.02 1545
1.02 1544
1.02 1543
1.03 1542
1.03 1541
1.03 1540
1.03 1539
1.03 1538
1.03 1537
1.03 1536
1.03 1535
1.03 1534
1.03 1533
1.03 1532
1.03 1531
1.03 1530
1.03 1529
1.03 1528
1.03 1527
1.03 1526
1.03 1525
1.03 1524
1.03 1523
1.03 1522
1.03 1521
1.03 1520
1.03 1519
1.03 1518
1.03 1517
1.05 1516
1.05 1515
1.05 1514
1.05 1513
1.05 1512
1.05 1511
1.05 1510
1.05 1509
1.05 1508
1.05 1507
1.05 1506
1.05 1505
1.05 1504
1.05 1503
1.05 1502
1.05 1501
1.05 1500
1.05 1499
1.05 1498
1.05 1497
1.05 1496
1.05 1495
1.05 1494
1.05 1493
1.05 1492
1.05 1491
1.05 1490
1.05 1489
1.05 1488
1.05 1487
1.05 1486
1.07 1485
1.07 1484
1.07 1483
1.07 1482
1.07 1481
1.07 1480
1.07 1479
1.07 1478
1.07 1477
1.07 1476
1.07 1475
1.07 1474
1.07 1473
1.07 1472
1.07 1471
1.07 1470
1.07 1469
1.07 1468
1.07 1467
1.07 1466
1.07 1465
1.07 1464
1.07 1463
1.07 1462
1.07 1461
1.07 1460
1.07 1459
1.07 1458
1.07 1457
1.07 1456
1.07 1455
1.07 1454
1.07 1453
1.08 1452
1.08 1451
1.08 1450
1.08 1449
1.08 1448
1.08 1447
1.08 1446
1.08 1445
1.08 1444
1.08 1443
1.08 1442
1.08 1441
1.08 1440
1.08 1439
1.08 1438
1.08 1437
1.08 1436
1.08 1435
1.08 1434
1.08 1433
1.08 1432
1.08 1431
1.08 1430
1.08 1429
1.08 1428
1.08 1427
1.08 1426
1.08 1425
1.08 1424
1.08 1423
1.08 1422
1.08 1421
1.08 1420
1.08 1419
1.10 1418
1.10 1417
1.10 1416
1.10 1415
1.10 1414
1.10 1413
1.10 1412
1.10 1411
1.10 1410
1.10 1409
1.10 1408
1.10 1407
1.10 1406
1.10 1405
1.10 1404
1.10 1403
1.10 1402
1.10 1401
1.10 1400
1.10 1399
1.10 1398
1.10 1397
1.10 1396
1.10 1395
1.10 1394
1.10 1393
1.10 1392
1.10 1391
1.10 1390
1.11 1389
1.11 1388
1.11 1387
1.11 1386
1.11 1385
1.11 1384
1.11 1383
1.11 1382
1.11 1381
1.11 1380
1.11 1379
1.11 1378
1.11 1377
1.11 1376
1.11 1375
1.11 1374
1.11 1373
1.11 1372
1.11 1371
1.11 1370
1.11 1369
1.11 1368
1.11 1367
1.11 1366
1.11 1365
1.11 1364
1.11 1363
1.11 1362
1.11 1361
1.11 1360
1.11 1359
1.11 1358
1.11 1357
1.11 1356
1.11 1355
1.11 1354
1.11 1353
1.11 1352
1.11 1351
1.11 1350
1.11 1349
1.11 1348
1.11 1347
1.13 1346
1.13 1345
1.13 1344
1.13 1343
1.13 1342
1.13 1341
1.13 1340
1.13 1339
1.13 1338
1.13 1337
1.13 1336
1.13 1335
1.13 1334
1.13 1333
1.13 1332
1.13 1331
1.13 1330
1.13 1329
1.13 1328
1.13 1327
1.13 1326
1.13 1325
1.13 1324
1.13 1323
1.13 1322
1.13 1321
1.13 1320
1.13 1319
1.13 1318
1.13 1317
1.13 1316
1.13 1315
1.13 1314
1.13 1313
1.13 1312
1.15 1311
1.15 1310
1.15 1309
1.15 1308
1.15 1307
1.15 1306
1.15 1305
1.15 1304
1.15 1303
1.15 1302
1.15 1301
1.15 1300
1.15 1299
1.15 1298
1.15 1297
1.15 1296
1.15 1295
1.15 1294
1.15 1293
1.15 1292
1.15 1291
1.15 1290
1.15 1289
1.15 1288
1.15 1287
1.15 1286
1.15 1285
1.15 1284
1.15 1283
1.15 1282
1.15 1281
1.15 1280
1.15 1279
1.15 1278
1.15 1277
1.15 1276
1.15 1275
1.15 1274
1.15 1273
1.15 1272
1.16 1271
1.16 1270
1.16 1269
1.16 1268
1.16 1267
1.16 1266
1.16 1265
1.16 1264
1.16 1263
1.16 1262
1.16 1261
1.16 1260
1.16 1259
1.16 1258
1.16 1257
1.16 1256
1.16 1255
1.16 1254
1.16 1253
1.16 1252
1.16 1251
1.16 1250
1.16 1249
1.16 1248
1.16 1247
1.16 1246
1.16 1245
1.16 1244
1.16 1243
1.16 1242
1.16 1241
1.16 1240
1.16 1239
1.16 1238
1.16 1237
1.16 1236
1.18 1235
1.18 1234
1.18 1233
1.18 1232
1.18 1231
1.18 1230
1.18 1229
1.18 1228
1.18 1227
1.18 1226
1.18 1225
1.18 1224
1.18 1223
1.18 1222
1.18 1221
1.18 1220
1.18 1219
1.18 1218
1.18 1217
1.18 1216
1.18 1215
1.18 1214
1.18 1213
1.18 1212
1.18 1211
1.18 1210
1.18 1209
1.18 1208
1.18 1207
1.18 1206
1.18 1205
1.18 1204
1.18 1203
1.18 1202
1.19 1201
1.19 1200
1.19 1199
1.19 1198
1.19 1197
1.19 1196
1.19 1195
1.19 1194
1.19 1193
1.19 1192
1.19 1191
1.19 1190
1.19 1189
1.19 1188
1.19 1187
1.19 1186
1.19 1185
1.19 1184
1.19 1183
1.19 1182
1.19 1181
1.19 1180
1.19 1179
1.19 1178
1.19 1177
1.19 1176
1.19 1175
1.19 1174
1.19 1173
1.19 1172
1.19 1171
1.19 1170
1.19 1169
1.19 1168
1.21 1167
1.21 1166
1.21 1165
1.21 1164
1.21 1163
1.21 1162
1.21 1161
1.21 1160
1.21 1159
1.21 1158
1.21 1157
1.21 1156
1.21 1155
1.21 1154
1.21 1153
1.21 1152
1.21 1151
1.21 1150
1.21 1149
1.21 1148
1.21 1147
1.21 1146
1.21 1145
1.21 1144
1.21 1143
1.21 1142
1.21 1141
1.21 1140
1.21 1139
1.21 1138
1.21 1137
1.21 1136
1.21 1135
1.21 1134
1.22 1133
1.22 1132
1.22 1131
1.22 1130
1.22 1129
1.22 1128
1.22 1127
1.22 1126
1.22 1125
1.22 1124
1.22 1123
1.22 1122
1.22 1121
1.22 1120
1.22 1119
1.22 1118
1.22 1117
1.22 1116
1.22 1115
1.22 1114
1.22 1113
1.22 1112
1.22 1111
1.22 1110
1.22 1109
1.22 1108
1.22 1107
1.22 1106
1.22 1105
1.22 1104
1.22 1103
1.22 1102
1.22 1101
1.22 1100
1.24 1099
1.24 1098
1.24 1097
1.24 1096
1.24 1095
1.24 1094
1.24 1093
1.24 1092
1.24 1091
1.24 1090
1.24 1089
1.24 1088
1.24 1087
1.24 1086
1.24 1085
1.24 1084
1.24 1083
1.24 1082
1.24 1081
1.24 1080
1.24 1079
1.24 1078
1.24 1077
1.24 1076
1.24 1075
1.24 1074
1.24 1073
1.24 1072
1.24 1071
1.24 1070
1.24 1069
1.26 1068
1.26 1067
1.26 1066
1.26 1065
1.26 1064
1.26 1063
1.26 1062
1.26 1061
1.26 1060
1.26 1059
1.26 1058
1.26 1057
1.26 1056
1.26 1055
1.26 1054
1.26 1053
1.26 1052
1.26 1051
1.26 1050
1.26 1049
1.26 1048
1.26 1047
1.26 1046
1.26 1045
1.26 1044
1.26 1043
1.26 1042
1.26 1041
1.26 1040
1.26 1039
1.26 1038
1.26 1037
1.26 1036
1.26 1035
1.26 1034
1.26 1033
1.26 1032
1.27 1031
1.27 1030
1.27 1029
1.27 1028
1.27 1027
1.27 1026
1.27 1025
1.27 1024
1.27 1023
1.27 1022
1.27 1021
1.27 1020
1.27 1019
1.27 1018
1.27 1017
1.27 1016
1.27 1015
1.27 1014
1.27 1013
1.27 1012
1.27 1011
1.27 1010
1.27 1009
1.27 1008
1.27 1007
1.27 1006
1.27 1005
1.27 1004
1.27 1003
1.27 1002
1.27 1001
1.27 1000
