0.13 5683
0.14 5682
0.14 5681
0.14 5680
0.14 5679
0.15 5678
0.15 5677
0.15 5676
0.15 5675
0.16 5674
0.16 5673
0.16 5672
0.17 5671
0.17 5670
0.17 5669
0.18 5668
0.18 5667
0.18 5666
0.19 5665
0.19 5664
0.19 5663
0.19 5662
0.20 5661
0.20 5660
0.20 5659
0.20 5658
0.21 5657
0.21 5656
0.21 5655
0.21 5654
0.21 5653
0.21 5652
0.21 5651
0.23 5650
0.23 5649
0.23 5648
0.24 5647
0.24 5646
0.24 5645
0.25 5644
0.25 5643
0.25 5642
0.25 5641
0.25 5640
0.26 5639
0.26 5638
0.27 5637
0.27 5636
0.27 5635
0.28 5634
0.28 5633
0.28 5632
0.28 5631
0.29 5630
0.29 5629
0.29 5628
0.30 5627
0.30 5626
0.30 5625
0.30 5624
0.31 5623
0.31 5622
0.31 5621
0.32 5620
0.32 5619
0.32 5618
0.32 5617
0.33 5616
0.33 5615
0.33 5614
0.34 5613
0.34 5612
0.34 5611
0.35 5610
0.35 5609
0.35 5608
0.35 5607
0.36 5606
0.36 5605
0.36 5604
0.37 5603
0.37 5602
0.37 5601
0.38 5600
0.38 5599
0.38 5598
0.38 5597
0.39 5596
0.39 5595
0.39 5594
0.39 5593
0.40 5592
0.40 5591
0.40 5590
0.41 5589
0.41 5588
0.41 5587
0.42 5586
0.42 5585
0.42 5584
0.42 5583
0.43 5582
0.43 5581
0.44 5580
0.44 5579
0.44 5578
0.45 5577
0.45 5576
0.45 5575
0.46 5574
0.46 5573
0.46 5572
0.47 5571
0.47 5570
0.47 5569
0.48 5568
0.48 5567
0.48 5566
0.48 5565
0.49 5564
0.49 5563
0.49 5562
0.50 5561
0.50 5560
0.50 5559
0.50 5558
0.51 5557
0.51 5556
0.51 5555
0.52 5554
0.52 5553
0.52 5552
0.52 5551
0.53 5550
0.53 5549
0.53 5548
0.53 5547
0.54 5546
0.54 5545
0.54 5544
0.54 5543
0.55 5542
0.55 5541
0.55 5540
0.55 5539
0.56 5538
0.56 5537
0.56 5536
0.57 5535
0.57 5534
0.58 5533
0.58 5532
0.58 5531
0.59 5530
0.59 5529
0.59 5528
0.60 5527
0.60 5526
0.60 5525
0.60 5524
0.61 5523
0.61 5522
0.61 5521
0.62 5520
0.62 5519
0.62 5518
0.62 5517
0.62 5516
0.63 5515
0.63 5514
0.63 5513
0.64 5512
0.64 5511
0.64 5510
0.64 5509
0.65 5508
0.65 5507
0.65 5506
0.65 5505
0.66 5504
0.66 5503
0.66 5502
0.66 5501
0.66 5500
0.66 5499
0.68 5498
0.68 5497
0.68 5496
0.69 5495
0.69 5494
0.69 5493
0.70 5492
0.70 5491
0.70 5490
0.70 5489
0.71 5488
0.71 5487
0.71 5486
0.71 5485
0.72 5484
0.72 5483
0.72 5482
0.73 5481
0.73 5480
0.73 5479
0.73 5478
0.74 5477
0.74 5476
0.74 5475
0.75 5474
0.75 5473
0.75 5472
0.76 5471
0.76 5470
0.76 5469
0.77 5468
0.77 5467
0.77 5466
0.77 5465
0.78 5464
0.78 5463
0.78 5462
0.78 5461
0.78 5460
0.78 5459
0.78 5458
0.79 5457
0.80 5456
0.80 5455
0.80 5454
0.81 5453
0.81 5452
0.81 5451
0.82 5450
0.82 5449
0.82 5448
0.82 5447
0.83 5446
0.83 5445
0.83 5444
0.83 5443
0.84 5442
0.84 5441
0.85 5440
0.85 5439
0.85 5438
0.85 5437
0.86 5436
0.86 5435
0.86 5434
0.86 5433
0.87 5432
0.87 5431
0.87 5430
0.87 5429
0.88 5428
0.88 5427
0.88 5426
0.89 5425
0.89 5424
0.89 5423
0.89 5422
0.90 5421
0.90 5420
0.90 5419
0.90 5418
0.91 5417
0.91 5416
0.91 5415
0.92 5414
0.92 5413
0.92 5412
0.92 5411
0.93 5410
0.93 5409
0.93 5408
0.94 5407
0.94 5406
0.94 5405
0.94 5404
0.95 5403
0.95 5402
0.95 5401
0.96 5400
0.96 5399
0.96 5398
0.96 5397
0.97 5396
0.97 5395
0.97 5394
0.97 5393
0.98 5392
0.98 5391
0.98 5390
0.99 5389
0.99 5388
0.99 5387
0.99 5386
1.00 5385
1.00 5384
1.00 5383
1.01 5382
1.01 5381
1.01 5380
1.01 5379
1.02 5378
1.02 5377
1.02 5376
1.02 5375
1.02 5374
1.03 5373
1.03 5372
1.04 5371
1.04 5370
1.04 5369
1.04 5368
1.04 5367
1.04 5366
1.04 5365
1.04 5364
1.04 5363
1.06 5362
1.06 5361
1.06 5360
1.06 5359
1.06 5358
1.07 5357
1.08 5356
1.08 5355
1.08 5354
1.08 5353
1.09 5352
1.09 5351
1.09 5350
1.09 5349
1.10 5348
1.10 5347
1.10 5346
1.10 5345
1.11 5344
1.11 5343
1.11 5342
1.11 5341
1.12 5340
1.12 5339
1.12 5338
1.12 5337
1.13 5336
1.13 5335
1.13 5334
1.14 5333
1.14 5332
1.14 5331
1.15 5330
1.15 5329
1.15 5328
1.16 5327
1.16 5326
1.16 5325
1.16 5324
1.16 5323
1.16 5322
1.16 5321
1.16 5320
1.18 5319
1.18 5318
1.18 5317
1.19 5316
1.19 5315
1.19 5314
1.20 5313
1.20 5312
1.20 5311
1.20 5310
1.21 5309
1.21 5308
1.21 5307
1.22 5306
1.22 5305
1.22 5304
1.22 5303
1.23 5302
1.23 5301
1.23 5300
1.23 5299
1.24 5298
1.24 5297
1.24 5296
1.24 5295
1.25 5294
1.25 5293
1.25 5292
1.25 5291
1.26 5290
1.26 5289
1.26 5288
1.26 5287
1.27 5286
1.27 5285
1.27 5284
1.28 5283
1.28 5282
1.28 5281
1.28 5280
1.29 5279
1.29 5278
1.29 5277
1.29 5276
1.30 5275
1.30 5274
1.30 5273
1.30 5272
1.31 5271
1.31 5270
1.31 5269
1.31 5268
1.31 5267
1.31 5266
1.31 5265
1.31 5264
1.33 5263
1.33 5262
1.33 5261
1.34 5260
1.34 5259
1.34 5258
1.34 5257
1.34 5256
1.35 5255
1.35 5254
1.35 5253
1.35 5252
1.36 5251
1.36 5250
1.36 5249
1.37 5248
1.37 5247
1.37 5246
1.37 5245
1.38 5244
1.38 5243
1.38 5242
1.38 5241
1.39 5240
1.39 5239
1.39 5238
1.40 5237
1.40 5236
1.40 5235
1.40 5234
1.40 5233
1.41 5232
1.41 5231
1.41 5230
1.41 5229
1.42 5228
1.42 5227
1.42 5226
1.42 5225
1.43 5224
1.43 5223
1.43 5222
1.44 5221
1.44 5220
1.44 5219
1.44 5218
1.45 5217
1.45 5216
1.45 5215
1.45 5214
1.46 5213
1.46 5212
1.46 5211
1.47 5210
1.47 5209
1.47 5208
1.47 5207
1.48 5206
1.48 5205
1.48 5204
1.48 5203
1.49 5202
1.49 5201
1.49 5200
1.49 5199
1.50 5198
1.50 5197
1.50 5196
1.51 5195
1.51 5194
1.51 5193
1.52 5192
1.52 5191
1.52 5190
1.52 5189
1.53 5188
1.53 5187
1.53 5186
1.54 5185
1.54 5184
1.54 5183
1.55 5182
1.55 5181
1.55 5180
1.55 5179
1.56 5178
1.56 5177
1.56 5176
1.57 5175
1.57 5174
1.57 5173
1.57 5172
1.58 5171
1.58 5170
1.58 5169
1.58 5168
1.59 5167
1.59 5166
1.59 5165
1.59 5164
1.60 5163
1.60 5162
1.60 5161
1.60 5160
1.61 5159
1.61 5158
1.61 5157
1.61 5156
1.62 5155
1.62 5154
1.62 5153
1.63 5152
1.63 5151
1.63 5150
1.63 5149
1.64 5148
1.64 5147
1.64 5146
1.64 5145
1.65 5144
1.65 5143
1.65 5142
1.65 5141
1.66 5140
1.66 5139
1.66 5138
1.66 5137
1.66 5136
1.66 5135
1.66 5134
1.66 5133
1.66 5132
1.68 5131
1.68 5130
1.68 5129
1.69 5128
1.69 5127
1.69 5126
1.69 5125
1.70 5124
1.70 5123
1.70 5122
1.70 5121
1.71 5120
1.71 5119
1.71 5118
1.71 5117
1.72 5116
1.72 5115
1.72 5114
1.72 5113
1.73 5112
1.73 5111
1.73 5110
1.73 5109
1.74 5108
1.74 5107
1.74 5106
1.74 5105
1.74 5104
1.75 5103
1.75 5102
1.75 5101
1.75 5100
1.76 5099
1.76 5098
1.76 5097
1.77 5096
1.77 5095
1.77 5094
1.77 5093
1.78 5092
1.78 5091
1.78 5090
1.78 5089
1.79 5088
1.79 5087
1.79 5086
1.79 5085
1.79 5084
1.80 5083
1.80 5082
1.80 5081
1.80 5080
1.81 5079
1.81 5078
1.81 5077
1.81 5076
1.81 5075
1.82 5074
1.82 5073
1.82 5072
1.82 5071
1.82 5070
1.83 5069
1.83 5068
1.83 5067
1.83 5066
1.84 5065
1.84 5064
1.84 5063
1.84 5062
1.85 5061
1.85 5060
1.85 5059
1.85 5058
1.85 5057
1.86 5056
1.86 5055
1.86 5054
1.86 5053
1.86 5052
1.86 5051
1.86 5050
1.86 5049
1.86 5048
1.88 5047
1.88 5046
1.88 5045
1.88 5044
1.88 5043
1.88 5042
1.88 5041
1.89 5040
1.89 5039
1.89 5038
1.89 5037
1.89 5036
1.89 5035
1.89 5034
1.91 5033
1.91 5032
1.91 5031
1.91 5030
1.91 5029
1.91 5028
1.91 5027
1.92 5026
1.92 5025
1.92 5024
1.92 5023
1.94 5022
1.94 5021
1.94 5020
1.94 5019
1.94 5018
1.94 5017
1.96 5016
1.96 5015
1.96 5014
1.96 5013
1.96 5012
1.96 5011
1.97 5010
1.97 5009
1.97 5008
1.97 5007
1.98 5006
1.98 5005
1.99 5004
1.99 5003
1.99 5002
1.99 5001
2.00 5000
2.00 4999
2.00 4998
2.01 4997
2.01 4996
2.01 4995
2.01 4994
2.02 4993
2.02 4992
2.02 4991
2.02 4990
2.03 4989
2.03 4988
2.03 4987
2.03 4986
2.03 4985
2.04 4984
2.04 4983
2.04 4982
2.05 4981
2.05 4980
2.05 4979
2.05 4978
2.06 4977
2.06 4976
2.06 4975
2.06 4974
2.07 4973
2.07 4972
2.07 4971
2.07 4970
2.08 4969
2.08 4968
2.08 4967
2.08 4966
2.08 4965
2.08 4964
2.08 4963
2.09 4962
2.09 4961
2.09 4960
2.09 4959
2.09 4958
2.09 4957
2.11 4956
2.11 4955
2.11 4954
2.11 4953
2.11 4952
2.11 4951
2.11 4950
2.11 4949
2.13 4948
2.13 4947
2.13 4946
2.13 4945
2.13 4944
2.13 4943
2.13 4942
2.15 4941
2.15 4940
2.15 4939
2.15 4938
2.15 4937
2.15 4936
2.15 4935
2.16 4934
2.17 4933
2.17 4932
2.17 4931
2.17 4930
2.18 4929
2.18 4928
2.18 4927
2.18 4926
2.18 4925
2.18 4924
2.18 4923
2.19 4922
2.19 4921
2.19 4920
2.19 4919
2.19 4918
2.19 4917
2.19 4916
2.21 4915
2.21 4914
2.21 4913
2.21 4912
2.21 4911
2.21 4910
2.21 4909
2.23 4908
2.23 4907
2.23 4906
2.23 4905
2.23 4904
2.23 4903
2.23 4902
2.24 4901
2.24 4900
2.24 4899
2.24 4898
2.24 4897
2.24 4896
2.26 4895
2.26 4894
2.26 4893
2.26 4892
2.26 4891
2.26 4890
2.26 4889
2.28 4888
2.28 4887
2.28 4886
2.28 4885
2.28 4884
2.28 4883
2.28 4882
2.29 4881
2.29 4880
2.29 4879
2.29 4878
2.29 4877
2.29 4876
2.29 4875
2.31 4874
2.31 4873
2.32 4872
2.32 4871
2.32 4870
2.32 4869
2.32 4868
2.33 4867
2.33 4866
2.33 4865
2.33 4864
2.33 4863
2.33 4862
2.33 4861
2.35 4860
2.35 4859
2.35 4858
2.35 4857
2.35 4856
2.35 4855
2.35 4854
2.36 4853
2.36 4852
2.36 4851
2.36 4850
2.36 4849
2.36 4848
2.38 4847
2.38 4846
2.38 4845
2.38 4844
2.38 4843
2.38 4842
2.38 4841
2.39 4840
2.40 4839
2.40 4838
2.40 4837
2.40 4836
2.40 4835
2.40 4834
2.41 4833
2.41 4832
2.41 4831
2.41 4830
2.41 4829
2.41 4828
2.41 4827
2.43 4826
2.43 4825
2.43 4824
2.43 4823
2.43 4822
2.43 4821
2.43 4820
2.45 4819
2.45 4818
2.45 4817
2.45 4816
2.45 4815
2.45 4814
2.46 4813
2.46 4812
2.47 4811
2.47 4810
2.47 4809
2.47 4808
2.47 4807
2.48 4806
2.48 4805
2.48 4804
2.49 4803
2.49 4802
2.49 4801
2.49 4800
2.50 4799
2.50 4798
2.50 4797
2.50 4796
2.50 4795
2.50 4794
2.50 4793
2.51 4792
2.51 4791
2.51 4790
2.51 4789
2.51 4788
2.51 4787
2.51 4786
2.53 4785
2.53 4784
2.53 4783
2.53 4782
2.53 4781
2.53 4780
2.53 4779
2.54 4778
2.55 4777
2.55 4776
2.55 4775
2.55 4774
2.56 4773
2.56 4772
2.56 4771
2.57 4770
2.57 4769
2.57 4768
2.57 4767
2.57 4766
2.58 4765
2.58 4764
2.58 4763
2.58 4762
2.58 4761
2.58 4760
2.60 4759
2.60 4758
2.60 4757
2.60 4756
2.60 4755
2.60 4754
2.61 4753
2.61 4752
2.61 4751
2.61 4750
2.61 4749
2.61 4748
2.61 4747
2.63 4746
2.63 4745
2.63 4744
2.63 4743
2.63 4742
2.63 4741
2.63 4740
2.65 4739
2.65 4738
2.65 4737
2.65 4736
2.65 4735
2.65 4734
2.65 4733
2.66 4732
2.66 4731
2.67 4730
2.67 4729
2.67 4728
2.67 4727
2.67 4726
2.68 4725
2.68 4724
2.68 4723
2.68 4722
2.68 4721
2.68 4720
2.68 4719
2.70 4718
2.70 4717
2.70 4716
2.70 4715
2.70 4714
2.70 4713
2.71 4712
2.71 4711
2.71 4710
2.71 4709
2.71 4708
2.71 4707
2.71 4706
2.73 4705
2.73 4704
2.73 4703
2.73 4702
2.73 4701
2.73 4700
2.74 4699
2.75 4698
2.75 4697
2.75 4696
2.75 4695
2.75 4694
2.75 4693
2.75 4692
2.76 4691
2.76 4690
2.76 4689
2.76 4688
2.76 4687
2.76 4686
2.76 4685
2.78 4684
2.78 4683
2.78 4682
2.78 4681
2.78 4680
2.78 4679
2.78 4678
2.78 4677
2.79 4676
2.80 4675
2.80 4674
2.80 4673
2.80 4672
2.81 4671
2.81 4670
2.81 4669
2.81 4668
2.81 4667
2.81 4666
2.81 4665
2.81 4664
2.83 4663
2.83 4662
2.83 4661
2.83 4660
2.83 4659
2.83 4658
2.83 4657
2.83 4656
2.84 4655
2.84 4654
2.84 4653
2.84 4652
2.84 4651
2.84 4650
9.71 3307
9.71 3306
28.44 3305
