0.09 5683
0.09 5682
0.11 5681
0.11 5680
0.11 5679
0.11 5678
0.12 5677
0.12 5676
0.13 5675
0.13 5674
0.13 5673
0.13 5672
0.14 5671
0.14 5670
0.14 5669
0.14 5668
0.15 5667
0.15 5666
0.16 5665
0.16 5664
0.16 5663
0.16 5662
0.17 5661
0.17 5660
0.17 5659
0.17 5658
0.18 5657
0.18 5656
0.18 5655
0.19 5654
0.19 5653
0.19 5652
0.19 5651
0.20 5650
0.20 5649
0.20 5648
0.20 5647
0.20 5646
0.21 5645
0.21 5644
0.21 5643
0.21 5642
0.22 5641
0.22 5640
0.22 5639
0.22 5638
0.22 5637
0.22 5636
0.22 5635
0.23 5634
0.23 5633
0.23 5632
0.23 5631
0.23 5630
0.23 5629
0.23 5628
0.25 5627
0.25 5626
0.25 5625
0.25 5624
0.25 5623
0.27 5622
0.27 5621
0.27 5620
0.27 5619
0.27 5618
0.27 5617
0.28 5616
0.28 5615
0.28 5614
0.28 5613
0.28 5612
0.28 5611
0.28 5610
0.30 5609
0.30 5608
0.30 5607
0.30 5606
0.30 5605
0.30 5604
0.31 5603
0.31 5602
0.32 5601
0.32 5600
0.32 5599
0.33 5598
0.33 5597
0.33 5596
0.33 5595
0.33 5594
0.33 5593
0.35 5592
0.35 5591
0.35 5590
0.35 5589
0.35 5588
0.35 5587
0.36 5586
0.36 5585
0.36 5584
0.36 5583
0.36 5582
0.36 5581
0.38 5580
0.38 5579
0.38 5578
0.38 5577
0.38 5576
0.38 5575
0.38 5574
0.39 5573
0.39 5572
0.39 5571
0.39 5570
0.39 5569
0.39 5568
0.41 5567
0.41 5566
0.41 5565
0.41 5564
0.41 5563
0.41 5562
0.42 5561
0.42 5560
0.42 5559
0.42 5558
0.42 5557
0.42 5556
0.42 5555
0.44 5554
0.44 5553
0.44 5552
0.44 5551
0.44 5550
0.44 5549
0.46 5548
0.46 5547
0.46 5546
0.46 5545
0.46 5544
0.46 5543
0.47 5542
0.47 5541
0.47 5540
0.47 5539
0.47 5538
0.47 5537
0.47 5536
0.49 5535
0.49 5534
0.49 5533
0.49 5532
0.49 5531
0.49 5530
0.49 5529
0.50 5528
0.50 5527
0.50 5526
0.50 5525
0.50 5524
0.50 5523
0.52 5522
0.52 5521
0.52 5520
0.52 5519
0.52 5518
0.52 5517
0.52 5516
0.53 5515
0.53 5514
0.53 5513
0.53 5512
0.53 5511
0.53 5510
0.55 5509
0.55 5508
0.55 5507
0.57 5506
0.57 5505
0.57 5504
0.57 5503
0.57 5502
0.57 5501
0.58 5500
0.58 5499
0.58 5498
0.58 5497
0.58 5496
0.58 5495
0.58 5494
0.60 5493
0.60 5492
0.60 5491
0.60 5490
0.60 5489
0.60 5488
0.61 5487
0.61 5486
0.61 5485
0.61 5484
0.62 5483
0.62 5482
0.62 5481
0.63 5480
0.63 5479
0.63 5478
0.63 5477
0.63 5476
0.63 5475
0.64 5474
0.64 5473
0.64 5472
0.64 5471
0.64 5470
0.64 5469
0.66 5468
0.66 5467
0.66 5466
0.66 5465
0.68 5464
0.68 5463
0.68 5462
0.68 5461
0.68 5460
0.68 5459
0.68 5458
0.69 5457
0.69 5456
0.69 5455
0.69 5454
0.69 5453
0.69 5452
0.69 5451
0.71 5450
0.71 5449
0.71 5448
0.71 5447
0.72 5446
0.72 5445
0.72 5444
0.73 5443
0.73 5442
0.73 5441
0.73 5440
0.74 5439
0.74 5438
0.74 5437
0.75 5436
0.75 5435
0.75 5434
0.75 5433
0.75 5432
0.75 5431
0.75 5430
0.75 5429
0.75 5428
0.77 5427
0.77 5426
0.77 5425
0.77 5424
0.77 5423
0.77 5422
0.77 5421
0.78 5420
0.78 5419
0.78 5418
0.78 5417
0.78 5416
0.78 5415
0.80 5414
0.80 5413
0.80 5412
0.80 5411
0.80 5410
0.80 5409
0.80 5408
0.82 5407
0.82 5406
0.82 5405
0.82 5404
0.82 5403
0.82 5402
0.83 5401
0.83 5400
0.83 5399
0.83 5398
0.83 5397
0.83 5396
0.83 5395
0.85 5394
0.85 5393
0.85 5392
0.85 5391
0.85 5390
0.85 5389
0.86 5388
0.86 5387
0.86 5386
0.86 5385
0.86 5384
0.86 5383
0.86 5382
0.88 5381
0.88 5380
0.88 5379
0.88 5378
0.88 5377
0.88 5376
0.89 5375
0.89 5374
0.89 5373
0.89 5372
0.89 5371
0.89 5370
0.91 5369
0.91 5368
0.91 5367
0.92 5366
0.93 5365
0.93 5364
0.93 5363
0.93 5362
0.93 5361
0.93 5360
0.93 5359
0.94 5358
0.94 5357
0.94 5356
0.94 5355
0.94 5354
0.94 5353
0.94 5352
0.94 5351
0.96 5350
0.96 5349
0.96 5348
0.96 5347
0.96 5346
0.96 5345
0.96 5344
0.97 5343
0.97 5342
0.97 5341
0.97 5340
0.97 5339
0.97 5338
0.97 5337
0.99 5336
0.99 5335
0.99 5334
0.99 5333
0.99 5332
0.99 5331
0.99 5330
1.00 5329
1.00 5328
1.00 5327
1.00 5326
1.00 5325
1.00 5324
1.02 5323
1.02 5322
1.02 5321
1.02 5320
1.02 5319
1.02 5318
1.02 5317
1.04 5316
1.04 5315
1.04 5314
1.04 5313
1.04 5312
1.05 5311
1.05 5310
1.05 5309
1.05 5308
1.05 5307
1.05 5306
1.05 5305
1.07 5304
1.07 5303
1.07 5302
1.07 5301
1.07 5300
1.07 5299
1.08 5298
1.08 5297
1.08 5296
1.08 5295
1.08 5294
1.08 5293
1.08 5292
1.08 5291
1.10 5290
1.10 5289
1.10 5288
1.10 5287
1.10 5286
1.10 5285
1.10 5284
1.11 5283
1.11 5282
1.11 5281
1.11 5280
1.12 5279
1.12 5278
1.12 5277
1.12 5276
1.13 5275
1.13 5274
1.13 5273
1.13 5272
1.13 5271
1.13 5270
1.13 5269
1.15 5268
1.15 5267
1.15 5266
1.15 5265
1.15 5264
1.15 5263
1.16 5262
1.16 5261
1.16 5260
1.17 5259
1.17 5258
1.17 5257
1.18 5256
1.18 5255
1.18 5254
1.18 5253
1.18 5252
1.19 5251
1.19 5250
1.19 5249
1.19 5248
1.20 5247
1.20 5246
1.20 5245
1.20 5244
1.20 5243
1.20 5242
1.20 5241
1.20 5240
1.20 5239
1.22 5238
1.22 5237
1.22 5236
1.22 5235
1.22 5234
1.22 5233
1.22 5232
1.23 5231
1.24 5230
1.24 5229
1.24 5228
1.25 5227
1.25 5226
1.25 5225
1.25 5224
1.25 5223
1.26 5222
1.26 5221
1.26 5220
1.26 5219
1.27 5218
1.27 5217
1.27 5216
1.27 5215
1.28 5214
1.28 5213
1.28 5212
1.28 5211
1.29 5210
1.29 5209
1.29 5208
1.29 5207
1.29 5206
1.29 5205
1.30 5204
1.30 5203
1.30 5202
1.30 5201
1.30 5200
1.30 5199
1.32 5198
1.32 5197
1.32 5196
1.32 5195
1.32 5194
1.32 5193
1.32 5192
1.33 5191
1.33 5190
1.33 5189
1.33 5188
1.33 5187
1.33 5186
1.35 5185
1.35 5184
1.35 5183
1.35 5182
1.35 5181
1.35 5180
1.35 5179
1.36 5178
1.36 5177
1.36 5176
1.36 5175
1.36 5174
1.36 5173
1.38 5172
1.38 5171
1.38 5170
1.38 5169
1.38 5168
1.38 5167
1.38 5166
1.40 5165
1.40 5164
1.40 5163
1.40 5162
1.40 5161
1.40 5160
1.40 5159
1.41 5158
1.41 5157
1.41 5156
1.41 5155
1.41 5154
1.42 5153
1.43 5152
1.43 5151
1.43 5150
1.43 5149
1.43 5148
1.43 5147
1.43 5146
1.43 5145
1.44 5144
1.44 5143
1.44 5142
1.44 5141
1.44 5140
1.44 5139
1.44 5138
1.46 5137
1.46 5136
1.46 5135
1.46 5134
1.46 5133
1.46 5132
1.46 5131
1.47 5130
1.47 5129
1.47 5128
1.47 5127
1.47 5126
1.47 5125
1.47 5124
1.49 5123
1.49 5122
1.49 5121
1.49 5120
1.49 5119
1.49 5118
1.49 5117
1.51 5116
1.51 5115
1.51 5114
1.51 5113
1.51 5112
1.51 5111
1.51 5110
1.52 5109
1.52 5108
1.52 5107
1.52 5106
1.52 5105
1.52 5104
1.52 5103
1.54 5102
1.54 5101
1.54 5100
1.54 5099
1.55 5098
1.55 5097
1.55 5096
1.56 5095
1.56 5094
1.56 5093
1.56 5092
1.57 5091
1.57 5090
1.57 5089
1.57 5088
1.58 5087
1.58 5086
1.58 5085
1.58 5084
1.58 5083
1.58 5082
1.58 5081
1.58 5080
1.58 5079
1.58 5078
1.58 5077
1.60 5076
1.60 5075
1.60 5074
1.60 5073
1.60 5072
1.60 5071
1.60 5070
1.62 5069
1.62 5068
1.62 5067
1.62 5066
1.62 5065
1.62 5064
1.62 5063
1.62 5062
1.63 5061
1.63 5060
1.63 5059
1.63 5058
1.63 5057
1.63 5056
1.63 5055
1.65 5054
1.65 5053
1.65 5052
1.65 5051
1.65 5050
1.65 5049
1.65 5048
1.66 5047
1.66 5046
1.66 5045
1.66 5044
1.66 5043
1.66 5042
1.66 5041
1.66 5040
1.68 5039
1.68 5038
1.68 5037
1.68 5036
1.70 5035
1.70 5034
1.70 5033
1.70 5032
1.70 5031
1.70 5030
1.71 5029
1.71 5028
1.71 5027
1.71 5026
1.71 5025
1.71 5024
1.72 5023
1.72 5022
1.73 5021
1.73 5020
1.73 5019
1.73 5018
1.73 5017
1.73 5016
1.73 5015
1.74 5014
1.74 5013
1.74 5012
1.74 5011
1.74 5010
1.74 5009
1.74 5008
1.76 5007
1.76 5006
1.76 5005
1.76 5004
1.77 5003
1.77 5002
1.77 5001
1.78 5000
1.78 4999
1.78 4998
1.78 4997
1.78 4996
1.79 4995
1.79 4994
1.79 4993
1.80 4992
1.80 4991
1.80 4990
1.80 4989
1.80 4988
1.80 4987
1.80 4986
1.80 4985
1.80 4984
1.80 4983
1.82 4982
1.82 4981
1.82 4980
1.82 4979
1.82 4978
1.82 4977
1.83 4976
1.83 4975
1.83 4974
1.83 4973
1.83 4972
1.83 4971
1.83 4970
1.83 4969
1.85 4968
1.85 4967
1.85 4966
1.85 4965
1.85 4964
1.85 4963
1.85 4962
1.86 4961
1.86 4960
1.86 4959
1.86 4958
1.86 4957
1.86 4956
1.86 4955
1.88 4954
1.88 4953
1.88 4952
1.88 4951
1.88 4950
1.88 4949
1.90 4948
1.90 4947
1.90 4946
1.90 4945
1.90 4944
1.90 4943
1.90 4942
1.91 4941
1.91 4940
1.91 4939
1.91 4938
1.92 4937
1.92 4936
1.93 4935
1.93 4934
1.93 4933
1.93 4932
1.93 4931
1.93 4930
1.93 4929
1.93 4928
1.94 4927
1.94 4926
1.94 4925
1.94 4924
1.94 4923
1.94 4922
1.94 4921
1.96 4920
1.96 4919
1.96 4918
1.96 4917
1.96 4916
1.96 4915
1.96 4914
1.96 4913
1.97 4912
1.97 4911
1.97 4910
1.97 4909
1.97 4908
1.97 4907
1.97 4906
1.99 4905
1.99 4904
1.99 4903
1.99 4902
1.99 4901
1.99 4900
1.99 4899
2.01 4898
2.01 4897
2.01 4896
2.01 4895
2.01 4894
2.01 4893
2.01 4892
2.01 4891
2.02 4890
2.02 4889
2.02 4888
2.02 4887
2.02 4886
2.02 4885
2.02 4884
2.04 4883
2.04 4882
2.04 4881
2.04 4880
2.04 4879
2.04 4878
2.04 4877
2.05 4876
2.05 4875
2.05 4874
2.05 4873
2.05 4872
2.05 4871
2.05 4870
2.05 4869
2.07 4868
2.07 4867
2.07 4866
2.07 4865
2.07 4864
2.07 4863
2.07 4862
2.07 4861
2.08 4860
2.08 4859
2.08 4858
2.08 4857
2.08 4856
2.08 4855
2.08 4854
2.10 4853
2.10 4852
2.10 4851
2.10 4850
2.10 4849
2.10 4848
2.10 4847
2.10 4846
2.10 4845
2.12 4844
2.12 4843
2.12 4842
2.12 4841
2.12 4840
2.12 4839
2.12 4838
2.12 4837
2.13 4836
2.13 4835
2.13 4834
2.13 4833
2.13 4832
2.13 4831
2.13 4830
2.13 4829
2.15 4828
2.15 4827
2.15 4826
2.15 4825
2.15 4824
2.15 4823
2.15 4822
2.16 4821
2.16 4820
2.17 4819
2.17 4818
2.17 4817
2.18 4816
2.18 4815
2.18 4814
2.18 4813
2.18 4812
2.19 4811
2.19 4810
2.19 4809
2.19 4808
2.19 4807
2.20 4806
2.20 4805
2.20 4804
2.20 4803
2.20 4802
2.20 4801
2.20 4800
2.20 4799
2.20 4798
2.22 4797
2.22 4796
2.22 4795
2.22 4794
2.22 4793
2.22 4792
2.22 4791
2.22 4790
2.23 4789
2.23 4788
2.23 4787
2.23 4786
2.23 4785
2.23 4784
2.23 4783
2.23 4782
2.25 4781
2.25 4780
2.25 4779
2.25 4778
2.25 4777
2.25 4776
2.25 4775
2.26 4774
2.26 4773
2.26 4772
2.26 4771
2.26 4770
2.26 4769
2.26 4768
2.26 4767
2.28 4766
2.28 4765
2.28 4764
2.28 4763
2.28 4762
2.28 4761
2.28 4760
2.28 4759
2.30 4758
2.30 4757
2.30 4756
2.30 4755
2.31 4754
2.31 4753
2.31 4752
2.31 4751
2.31 4750
2.32 4749
2.32 4748
2.32 4747
2.32 4746
2.33 4745
2.33 4744
2.33 4743
2.33 4742
2.33 4741
2.34 4740
2.34 4739
2.34 4738
2.34 4737
2.35 4736
2.35 4735
2.35 4734
2.35 4733
2.35 4732
2.35 4731
2.35 4730
2.35 4729
2.35 4728
2.37 4727
2.37 4726
2.37 4725
2.37 4724
2.37 4723
2.37 4722
2.37 4721
2.38 4720
2.38 4719
2.38 4718
2.38 4717
2.38 4716
2.38 4715
2.38 4714
2.38 4713
2.40 4712
2.40 4711
2.40 4710
2.40 4709
2.40 4708
2.40 4707
2.40 4706
2.41 4705
2.41 4704
2.42 4703
2.42 4702
2.43 4701
2.43 4700
2.43 4699
2.43 4698
2.43 4697
2.43 4696
2.43 4695
2.45 4694
2.45 4693
2.45 4692
2.45 4691
2.45 4690
2.45 4689
2.45 4688
2.45 4687
2.46 4686
2.46 4685
2.46 4684
2.46 4683
2.46 4682
2.46 4681
2.46 4680
2.48 4679
2.48 4678
2.48 4677
2.48 4676
2.48 4675
2.48 4674
2.48 4673
2.48 4672
2.49 4671
2.49 4670
2.49 4669
2.49 4668
2.49 4667
2.49 4666
2.51 4665
2.51 4664
2.51 4663
2.51 4662
2.51 4661
2.51 4660
2.51 4659
2.51 4658
2.52 4657
2.52 4656
2.52 4655
2.52 4654
2.52 4653
2.52 4652
2.52 4651
2.54 4650
12.98 3308
12.98 3307
