0.02 3735
0.03 3734
0.03 3733
0.03 3732
0.03 3731
0.03 3730
0.03 3729
0.03 3728
0.03 3727
0.03 3726
0.04 3725
0.04 3724
0.04 3723
0.04 3722
0.04 3721
0.04 3720
0.04 3719
0.05 3718
0.05 3717
0.05 3716
0.05 3715
0.05 3714
0.05 3713
0.06 3712
0.06 3711
0.06 3710
0.06 3709
0.06 3708
0.06 3707
0.06 3706
0.06 3705
0.07 3704
0.07 3703
0.07 3702
0.07 3701
0.07 3700
0.07 3699
0.07 3698
0.08 3697
0.08 3696
0.08 3695
0.08 3694
0.08 3693
0.08 3692
0.08 3691
0.08 3690
0.09 3689
0.09 3688
0.09 3687
0.09 3686
0.09 3685
0.09 3684
0.09 3683
0.10 3682
0.10 3681
0.10 3680
0.10 3679
0.10 3678
0.10 3677
0.10 3676
0.10 3675
0.10 3674
0.10 3673
0.10 3672
0.10 3671
0.10 3670
0.10 3669
0.10 3668
0.12 3667
0.12 3666
0.12 3665
0.12 3664
0.12 3663
0.12 3662
0.12 3661
0.12 3660
0.12 3659
0.12 3658
0.12 3657
0.12 3656
0.12 3655
0.12 3654
0.12 3653
0.12 3652
0.13 3651
0.14 3650
0.14 3649
0.14 3648
0.14 3647
0.14 3646
0.14 3645
0.14 3644
0.14 3643
0.15 3642
0.15 3641
0.15 3640
0.15 3639
0.15 3638
0.15 3637
0.15 3636
0.16 3635
0.16 3634
0.16 3633
0.16 3632
0.16 3631
0.16 3630
0.16 3629
0.16 3628
0.16 3627
0.17 3626
0.17 3625
0.17 3624
0.17 3623
0.17 3622
0.17 3621
0.17 3620
0.17 3619
0.18 3618
0.18 3617
0.18 3616
0.18 3615
0.18 3614
0.18 3613
0.19 3612
0.19 3611
0.19 3610
0.19 3609
0.19 3608
0.19 3607
0.19 3606
0.19 3605
0.19 3604
0.20 3603
0.20 3602
0.20 3601
0.20 3600
0.20 3599
0.20 3598
0.20 3597
0.20 3596
0.20 3595
0.20 3594
0.20 3593
0.20 3592
0.20 3591
0.21 3590
0.21 3589
0.22 3588
0.22 3587
0.22 3586
0.22 3585
0.22 3584
0.22 3583
0.22 3582
0.22 3581
0.23 3580
0.23 3579
0.23 3578
0.23 3577
0.23 3576
0.23 3575
0.23 3574
0.23 3573
0.24 3572
0.24 3571
0.24 3570
0.24 3569
0.24 3568
0.24 3567
0.24 3566
0.25 3565
0.25 3564
0.25 3563
0.25 3562
0.25 3561
0.25 3560
0.25 3559
0.25 3558
0.25 3557
0.25 3556
0.25 3555
0.26 3554
0.26 3553
0.26 3552
0.26 3551
0.26 3550
0.26 3549
0.26 3548
0.26 3547
0.26 3546
0.26 3545
0.27 3544
0.27 3543
0.28 3542
0.28 3541
0.28 3540
0.28 3539
0.28 3538
0.28 3537
0.28 3536
0.28 3535
0.28 3534
0.28 3533
0.28 3532
0.28 3531
0.29 3530
0.29 3529
0.29 3528
0.29 3527
0.29 3526
0.29 3525
0.29 3524
0.29 3523
0.29 3522
0.29 3521
0.29 3520
0.29 3519
0.29 3518
0.31 3517
0.31 3516
0.31 3515
0.31 3514
0.31 3513
0.31 3512
0.31 3511
0.32 3510
0.32 3509
0.32 3508
0.32 3507
0.32 3506
0.32 3505
0.32 3504
0.32 3503
0.32 3502
0.32 3501
0.32 3500
0.32 3499
0.32 3498
0.32 3497
0.32 3496
0.32 3495
0.32 3494
0.32 3493
0.32 3492
0.34 3491
0.34 3490
0.34 3489
0.34 3488
0.34 3487
0.34 3486
0.35 3485
0.35 3484
0.35 3483
0.35 3482
0.35 3481
0.35 3480
0.35 3479
0.35 3478
0.36 3477
0.36 3476
0.36 3475
0.36 3474
0.36 3473
0.36 3472
0.36 3471
0.36 3470
0.37 3469
0.37 3468
0.37 3467
0.37 3466
0.37 3465
0.37 3464
0.37 3463
0.37 3462
0.38 3461
0.38 3460
0.38 3459
0.38 3458
0.38 3457
0.38 3456
0.38 3455
0.38 3454
0.39 3453
0.39 3452
0.39 3451
0.39 3450
0.39 3449
0.39 3448
0.39 3447
0.39 3446
0.40 3445
0.40 3444
0.40 3443
0.40 3442
0.40 3441
0.40 3440
0.40 3439
0.40 3438
0.40 3437
0.40 3436
0.40 3435
0.40 3434
0.40 3433
0.40 3432
0.40 3431
0.40 3430
0.40 3429
0.40 3428
0.42 3427
0.42 3426
0.42 3425
0.42 3424
0.42 3423
0.42 3422
0.43 3421
0.43 3420
0.43 3419
0.43 3418
0.43 3417
0.43 3416
0.43 3415
0.43 3414
0.44 3413
0.44 3412
0.44 3411
0.44 3410
0.44 3409
0.44 3408
0.44 3407
0.44 3406
0.44 3405
0.44 3404
0.45 3403
0.45 3402
0.45 3401
0.45 3400
0.45 3399
0.46 3398
0.46 3397
0.46 3396
0.46 3395
0.46 3394
0.46 3393
0.46 3392
0.47 3391
0.47 3390
0.47 3389
0.47 3388
0.47 3387
0.47 3386
0.47 3385
0.47 3384
0.47 3383
0.47 3382
0.47 3381
0.47 3380
0.47 3379
0.48 3378
0.48 3377
0.48 3376
0.48 3375
0.48 3374
0.48 3373
0.48 3372
0.48 3371
0.48 3370
0.48 3369
0.48 3368
0.48 3367
0.48 3366
0.48 3365
0.48 3364
0.50 3363
0.50 3362
0.50 3361
0.50 3360
0.50 3359
0.50 3358
0.50 3357
0.50 3356
0.50 3355
0.50 3354
0.50 3353
0.50 3352
0.50 3351
0.50 3350
0.50 3349
0.50 3348
0.51 3347
0.51 3346
0.51 3345
0.51 3344
0.51 3343
0.51 3342
0.51 3341
0.51 3340
0.51 3339
0.51 3338
0.51 3337
0.51 3336
0.51 3335
0.51 3334
0.51 3333
0.53 3332
0.53 3331
0.53 3330
0.53 3329
0.53 3328
0.53 3327
0.53 3326
0.53 3325
0.53 3324
0.53 3323
0.53 3322
0.53 3321
0.54 3320
0.54 3319
0.54 3318
0.54 3317
0.54 3316
0.54 3315
0.54 3314
0.54 3313
0.54 3312
0.54 3311
0.54 3310
0.54 3309
0.56 3308
0.56 3307
0.56 3306
0.56 3305
0.56 3304
0.56 3303
0.56 3302
0.56 3301
0.56 3300
0.56 3299
0.57 3298
0.57 3297
0.58 3296
0.58 3295
0.58 3294
0.58 3293
0.58 3292
0.58 3291
0.58 3290
0.58 3289
0.59 3288
0.59 3287
0.59 3286
0.59 3285
0.59 3284
0.59 3283
0.59 3282
0.59 3281
0.60 3280
0.60 3279
0.60 3278
0.60 3277
0.60 3276
0.60 3275
0.60 3274
0.60 3273
0.61 3272
0.61 3271
0.61 3270
0.61 3269
0.61 3268
0.61 3267
0.61 3266
0.61 3265
0.61 3264
0.61 3263
0.61 3262
0.61 3261
0.61 3260
0.61 3259
0.61 3258
0.61 3257
0.61 3256
0.61 3255
0.61 3254
0.63 3253
0.63 3252
0.63 3251
0.63 3250
0.63 3249
0.63 3248
0.63 3247
0.63 3246
0.63 3245
0.63 3244
0.63 3243
0.63 3242
0.63 3241
0.64 3240
0.64 3239
0.64 3238
0.64 3237
0.64 3236
0.64 3235
0.64 3234
0.64 3233
0.64 3232
0.64 3231
0.64 3230
0.64 3229
0.64 3228
0.64 3227
0.66 3226
0.66 3225
0.66 3224
0.66 3223
0.66 3222
0.66 3221
0.66 3220
0.66 3219
0.66 3218
0.66 3217
0.67 3216
0.67 3215
0.67 3214
0.68 3213
0.68 3212
0.68 3211
0.68 3210
0.68 3209
0.68 3208
0.68 3207
0.68 3206
0.68 3205
0.68 3204
0.68 3203
0.68 3202
0.68 3201
0.68 3200
0.68 3199
0.68 3198
0.68 3197
0.69 3196
0.69 3195
0.69 3194
0.69 3193
0.69 3192
0.69 3191
0.69 3190
0.69 3189
0.69 3188
0.69 3187
0.69 3186
0.69 3185
0.69 3184
0.69 3183
0.69 3182
0.69 3181
0.69 3180
0.69 3179
0.71 3178
0.71 3177
0.71 3176
0.71 3175
0.71 3174
0.71 3173
0.71 3172
0.71 3171
0.71 3170
0.71 3169
0.71 3168
0.71 3167
0.71 3166
0.71 3165
0.71 3164
0.72 3163
0.72 3162
0.72 3161
0.72 3160
0.72 3159
0.72 3158
0.72 3157
0.72 3156
0.72 3155
0.72 3154
0.72 3153
0.72 3152
0.72 3151
0.72 3150
0.74 3149
0.74 3148
0.74 3147
0.74 3146
0.74 3145
0.74 3144
0.74 3143
0.74 3142
0.74 3141
0.74 3140
0.74 3139
0.74 3138
0.76 3137
0.76 3136
0.76 3135
0.76 3134
0.76 3133
0.76 3132
0.76 3131
0.76 3130
0.76 3129
0.76 3128
0.76 3127
0.76 3126
0.76 3125
0.77 3124
0.77 3123
0.77 3122
0.77 3121
0.77 3120
0.77 3119
0.77 3118
0.77 3117
0.77 3116
0.77 3115
0.77 3114
0.77 3113
0.77 3112
0.77 3111
0.79 3110
0.79 3109
0.79 3108
0.79 3107
0.79 3106
0.79 3105
0.79 3104
0.79 3103
0.79 3102
0.79 3101
0.79 3100
0.79 3099
0.79 3098
0.79 3097
0.79 3096
0.79 3095
0.79 3094
0.79 3093
0.79 3092
0.79 3091
0.79 3090
0.79 3089
0.79 3088
0.79 3087
0.80 3086
0.80 3085
0.80 3084
0.80 3083
0.80 3082
0.80 3081
0.80 3080
0.80 3079
0.80 3078
0.80 3077
0.80 3076
0.80 3075
0.80 3074
0.80 3073
0.80 3072
0.80 3071
0.80 3070
0.80 3069
0.80 3068
0.80 3067
0.80 3066
0.80 3065
0.80 3064
0.82 3063
0.82 3062
0.82 3061
0.82 3060
0.82 3059
0.82 3058
0.82 3057
0.82 3056
0.82 3055
0.82 3054
0.82 3053
0.82 3052
0.82 3051
0.82 3050
0.82 3049
0.83 3048
0.83 3047
0.83 3046
0.83 3045
0.83 3044
0.83 3043
0.83 3042
0.83 3041
0.83 3040
0.83 3039
0.83 3038
0.83 3037
0.83 3036
0.83 3035
0.83 3034
0.83 3033
0.83 3032
0.83 3031
0.83 3030
0.83 3029
0.83 3028
0.83 3027
0.83 3026
0.83 3025
0.85 3024
0.85 3023
0.85 3022
0.85 3021
0.85 3020
0.85 3019
0.85 3018
0.85 3017
0.85 3016
0.85 3015
0.85 3014
0.85 3013
0.85 3012
0.85 3011
0.87 3010
0.87 3009
0.87 3008
0.87 3007
0.87 3006
0.87 3005
0.87 3004
0.87 3003
0.87 3002
0.87 3001
0.87 3000
0.87 2999
0.87 2998
0.87 2997
0.88 2996
0.88 2995
0.88 2994
0.88 2993
0.88 2992
0.88 2991
0.88 2990
0.88 2989
0.88 2988
0.88 2987
0.88 2986
0.88 2985
0.88 2984
0.88 2983
0.88 2982
0.88 2981
0.90 2980
0.90 2979
0.90 2978
0.90 2977
0.90 2976
0.90 2975
0.90 2974
0.90 2973
0.90 2972
0.90 2971
0.90 2970
0.90 2969
0.90 2968
0.90 2967
0.91 2966
0.91 2965
0.91 2964
0.91 2963
0.91 2962
0.91 2961
0.91 2960
0.91 2959
0.91 2958
0.91 2957
0.91 2956
0.91 2955
0.91 2954
0.91 2953
0.93 2952
0.93 2951
0.93 2950
0.93 2949
0.93 2948
0.93 2947
0.93 2946
0.93 2945
0.93 2944
0.93 2943
0.93 2942
0.93 2941
0.95 2940
0.95 2939
0.95 2938
0.95 2937
0.95 2936
0.95 2935
0.95 2934
0.95 2933
0.95 2932
0.95 2931
0.95 2930
0.95 2929
0.95 2928
0.96 2927
0.96 2926
0.96 2925
0.96 2924
0.96 2923
0.96 2922
0.96 2921
0.96 2920
0.96 2919
0.96 2918
0.96 2917
0.97 2916
0.97 2915
0.97 2914
0.98 2913
0.98 2912
0.98 2911
0.98 2910
0.98 2909
0.98 2908
0.98 2907
0.98 2906
0.98 2905
0.98 2904
0.98 2903
0.98 2902
0.98 2901
0.98 2900
0.99 2899
0.99 2898
0.99 2897
0.99 2896
0.99 2895
0.99 2894
0.99 2893
0.99 2892
0.99 2891
0.99 2890
0.99 2889
0.99 2888
0.99 2887
1.01 2886
1.01 2885
1.01 2884
1.01 2883
1.01 2882
1.01 2881
1.01 2880
1.01 2879
1.01 2878
1.01 2877
1.01 2876
1.01 2875
1.01 2874
1.01 2873
1.01 2872
1.01 2871
1.01 2870
1.01 2869
1.01 2868
1.01 2867
1.03 2866
1.03 2865
1.03 2864
1.03 2863
1.03 2862
1.03 2861
1.03 2860
1.03 2859
1.03 2858
1.03 2857
1.03 2856
1.03 2855
1.03 2854
1.03 2853
1.03 2852
1.04 2851
1.04 2850
1.04 2849
1.04 2848
1.04 2847
1.04 2846
1.04 2845
1.04 2844
1.04 2843
1.04 2842
1.04 2841
1.04 2840
1.04 2839
1.04 2838
1.04 2837
1.06 2836
1.06 2835
1.06 2834
1.06 2833
1.06 2832
1.06 2831
1.06 2830
1.06 2829
1.06 2828
1.06 2827
1.06 2826
1.06 2825
1.06 2824
1.06 2823
1.06 2822
1.06 2821
1.06 2820
1.06 2819
1.06 2818
1.06 2817
1.06 2816
1.06 2815
1.07 2814
1.07 2813
1.07 2812
1.07 2811
1.07 2810
1.07 2809
1.07 2808
1.07 2807
1.07 2806
1.07 2805
1.07 2804
1.07 2803
1.07 2802
1.07 2801
1.07 2800
1.07 2799
1.09 2798
1.09 2797
1.09 2796
1.09 2795
1.09 2794
1.09 2793
1.09 2792
1.09 2791
1.09 2790
1.09 2789
1.09 2788
1.09 2787
1.09 2786
1.10 2785
1.10 2784
1.10 2783
1.10 2782
1.10 2781
1.10 2780
1.10 2779
1.10 2778
1.10 2777
1.10 2776
1.10 2775
1.10 2774
1.10 2773
1.10 2772
1.12 2771
1.12 2770
1.12 2769
1.12 2768
1.12 2767
1.12 2766
1.12 2765
1.12 2764
1.12 2763
1.12 2762
1.12 2761
1.12 2760
1.12 2759
1.12 2758
1.12 2757
1.14 2756
1.14 2755
1.14 2754
1.14 2753
1.14 2752
1.14 2751
1.14 2750
1.14 2749
1.14 2748
1.14 2747
1.14 2746
1.14 2745
1.14 2744
1.14 2743
1.14 2742
1.15 2741
1.15 2740
1.15 2739
1.15 2738
1.15 2737
1.15 2736
1.15 2735
1.15 2734
1.15 2733
1.15 2732
1.15 2731
1.15 2730
1.15 2729
1.15 2728
1.15 2727
1.15 2726
1.15 2725
1.15 2724
1.15 2723
1.15 2722
1.15 2721
1.15 2720
1.15 2719
1.15 2718
1.15 2717
1.15 2716
1.15 2715
1.17 2714
1.17 2713
1.17 2712
1.17 2711
1.17 2710
1.17 2709
1.17 2708
1.17 2707
1.17 2706
1.17 2705
1.17 2704
1.17 2703
1.17 2702
1.18 2701
1.18 2700
1.18 2699
1.18 2698
1.18 2697
1.18 2696
1.18 2695
1.18 2694
1.18 2693
1.18 2692
1.18 2691
1.18 2690
1.18 2689
1.18 2688
1.20 2687
1.20 2686
1.20 2685
1.20 2684
1.20 2683
1.20 2682
1.20 2681
1.20 2680
1.20 2679
1.20 2678
1.20 2677
1.20 2676
1.20 2675
1.22 2674
1.22 2673
1.22 2672
1.22 2671
1.22 2670
1.22 2669
1.22 2668
1.22 2667
1.22 2666
1.22 2665
1.22 2664
1.22 2663
1.23 2662
1.23 2661
1.23 2660
1.23 2659
1.23 2658
1.23 2657
1.23 2656
1.23 2655
1.23 2654
1.23 2653
1.23 2652
1.23 2651
1.23 2650
1.23 2649
1.25 2648
1.25 2647
1.25 2646
1.25 2645
1.25 2644
1.25 2643
1.25 2642
1.25 2641
1.25 2640
1.25 2639
1.25 2638
1.25 2637
1.25 2636
1.25 2635
1.25 2634
1.25 2633
1.25 2632
1.25 2631
1.25 2630
1.25 2629
1.25 2628
1.25 2627
1.25 2626
1.25 2625
1.26 2624
1.26 2623
1.26 2622
1.26 2621
1.26 2620
1.26 2619
1.26 2618
1.26 2617
1.26 2616
1.26 2615
1.27 2614
1.27 2613
1.27 2612
1.27 2611
1.27 2610
1.27 2609
1.27 2608
1.28 2607
1.28 2606
1.28 2605
1.28 2604
1.28 2603
1.28 2602
1.28 2601
1.28 2600
1.28 2599
1.28 2598
1.28 2597
1.28 2596
1.28 2595
1.28 2594
1.28 2593
1.28 2592
1.29 2591
1.29 2590
1.29 2589
1.29 2588
1.29 2587
1.29 2586
1.29 2585
1.29 2584
1.29 2583
1.29 2582
1.29 2581
1.29 2580
1.29 2579
1.29 2578
1.29 2577
1.29 2576
1.29 2575
1.29 2574
1.29 2573
1.29 2572
1.31 2571
1.31 2570
1.31 2569
1.31 2568
1.31 2567
1.31 2566
1.31 2565
1.31 2564
1.31 2563
1.31 2562
1.31 2561
1.31 2560
1.31 2559
1.31 2558
1.31 2557
1.31 2556
1.33 2555
1.33 2554
1.33 2553
1.33 2552
1.33 2551
1.33 2550
1.33 2549
1.33 2548
1.33 2547
1.33 2546
1.33 2545
1.33 2544
1.33 2543
1.33 2542
1.33 2541
1.33 2540
1.33 2539
1.33 2538
1.33 2537
1.34 2536
1.34 2535
1.34 2534
1.34 2533
1.34 2532
1.34 2531
1.34 2530
1.34 2529
1.34 2528
1.34 2527
1.34 2526
1.34 2525
1.34 2524
1.34 2523
1.34 2522
1.34 2521
1.34 2520
1.34 2519
1.34 2518
1.34 2517
1.34 2516
1.34 2515
1.36 2514
1.36 2513
1.36 2512
1.36 2511
1.36 2510
1.36 2509
1.36 2508
1.36 2507
1.36 2506
1.36 2505
1.36 2504
1.36 2503
1.36 2502
1.36 2501
1.36 2500
1.36 2499
1.36 2498
1.36 2497
1.36 2496
1.36 2495
1.36 2494
1.36 2493
1.36 2492
1.37 2491
1.37 2490
1.37 2489
1.37 2488
1.37 2487
1.37 2486
1.37 2485
1.37 2484
1.37 2483
1.37 2482
1.37 2481
1.37 2480
1.37 2479
1.37 2478
1.37 2477
1.37 2476
1.37 2475
1.37 2474
1.37 2473
1.37 2472
1.37 2471
1.37 2470
1.37 2469
1.37 2468
1.39 2467
1.39 2466
1.39 2465
1.39 2464
1.39 2463
1.39 2462
1.39 2461
1.39 2460
1.39 2459
1.39 2458
1.39 2457
1.39 2456
1.39 2455
1.39 2454
1.39 2453
1.39 2452
1.41 2451
1.41 2450
1.41 2449
1.41 2448
1.41 2447
1.41 2446
1.41 2445
1.41 2444
1.41 2443
1.42 2442
1.42 2441
1.42 2440
1.42 2439
1.42 2438
1.42 2437
1.42 2436
1.42 2435
1.42 2434
1.42 2433
1.42 2432
1.42 2431
1.42 2430
1.42 2429
1.44 2428
1.44 2427
1.44 2426
1.44 2425
1.44 2424
1.44 2423
1.44 2422
1.44 2421
1.44 2420
1.44 2419
1.44 2418
1.44 2417
1.44 2416
1.44 2415
1.44 2414
1.44 2413
1.44 2412
1.45 2411
1.45 2410
1.45 2409
1.45 2408
1.45 2407
1.45 2406
1.45 2405
1.45 2404
1.45 2403
1.45 2402
1.45 2401
1.45 2400
1.45 2399
1.45 2398
1.45 2397
1.47 2396
1.47 2395
1.47 2394
1.47 2393
1.47 2392
1.47 2391
1.47 2390
1.47 2389
1.47 2388
1.47 2387
1.47 2386
1.47 2385
1.47 2384
1.47 2383
1.47 2382
1.47 2381
1.47 2380
1.48 2379
1.48 2378
1.48 2377
1.48 2376
1.48 2375
1.48 2374
1.48 2373
1.48 2372
1.48 2371
1.48 2370
1.48 2369
1.48 2368
1.48 2367
1.48 2366
1.48 2365
1.48 2364
1.48 2363
1.48 2362
1.48 2361
1.48 2360
1.48 2359
1.48 2358
1.48 2357
1.48 2356
1.48 2355
1.48 2354
1.48 2353
1.48 2352
1.50 2351
1.50 2350
1.50 2349
1.50 2348
1.50 2347
1.50 2346
1.50 2345
1.50 2344
1.50 2343
1.50 2342
1.50 2341
1.50 2340
1.50 2339
1.50 2338
1.50 2337
1.50 2336
1.50 2335
1.50 2334
1.50 2333
1.50 2332
1.50 2331
1.50 2330
1.50 2329
2.85 2277
2.85 2276
2.85 2275
2.85 2274
2.85 2273
2.85 2272
2.85 2271
2.85 2270
2.85 2269
2.85 2268
2.85 2267
2.85 2266
2.85 2265
2.85 2264
2.85 2263
7.73 2262
15.17 2261
15.17 2260
15.17 2259
15.17 2258
15.17 2257
15.17 2256
15.17 2255
15.17 2254
15.17 2253
15.17 2252
