0.05 5677
0.05 5676
0.05 5675
0.05 5674
0.05 5673
0.05 5672
0.05 5671
0.05 5670
0.07 5669
0.07 5668
0.07 5667
0.07 5666
0.07 5665
0.07 5664
0.07 5663
0.07 5662
0.07 5661
0.07 5660
0.07 5659
0.08 5658
0.08 5657
0.08 5656
0.08 5655
0.08 5654
0.08 5653
0.08 5652
0.08 5651
0.08 5650
0.08 5649
0.08 5648
0.10 5647
0.10 5646
0.10 5645
0.10 5644
0.10 5643
0.10 5642
0.10 5641
0.10 5640
0.10 5639
0.10 5638
0.12 5637
0.12 5636
0.12 5635
0.12 5634
0.12 5633
0.12 5632
0.12 5631
0.12 5630
0.12 5629
0.12 5628
0.12 5627
0.13 5626
0.13 5625
0.13 5624
0.13 5623
0.13 5622
0.13 5621
0.13 5620
0.14 5619
0.14 5618
0.14 5617
0.14 5616
0.14 5615
0.15 5614
0.15 5613
0.15 5612
0.15 5611
0.15 5610
0.15 5609
0.15 5608
0.15 5607
0.15 5606
0.15 5605
0.15 5604
0.17 5603
0.17 5602
0.17 5601
0.17 5600
0.17 5599
0.17 5598
0.17 5597
0.17 5596
0.17 5595
0.17 5594
0.17 5593
0.18 5592
0.18 5591
0.18 5590
0.18 5589
0.18 5588
0.18 5587
0.18 5586
0.18 5585
0.18 5584
0.18 5583
0.18 5582
0.20 5581
0.20 5580
0.20 5579
0.20 5578
0.20 5577
0.20 5576
0.20 5575
0.20 5574
0.20 5573
0.20 5572
0.20 5571
0.22 5570
0.22 5569
0.22 5568
0.22 5567
0.22 5566
0.22 5565
0.22 5564
0.22 5563
0.22 5562
0.22 5561
0.22 5560
0.23 5559
0.23 5558
0.23 5557
0.23 5556
0.24 5555
0.24 5554
0.24 5553
0.24 5552
0.24 5551
0.25 5550
0.25 5549
0.25 5548
0.25 5547
0.25 5546
0.25 5545
0.25 5544
0.27 5543
0.27 5542
0.27 5541
0.27 5540
0.27 5539
0.27 5538
0.27 5537
0.27 5536
0.27 5535
0.27 5534
0.27 5533
0.28 5532
0.28 5531
0.28 5530
0.28 5529
0.28 5528
0.28 5527
0.28 5526
0.28 5525
0.28 5524
0.28 5523
0.28 5522
0.30 5521
0.30 5520
0.30 5519
0.30 5518
0.30 5517
0.30 5516
0.30 5515
0.30 5514
0.30 5513
0.30 5512
0.30 5511
0.32 5510
0.32 5509
0.32 5508
0.32 5507
0.32 5506
0.32 5505
0.32 5504
0.32 5503
0.32 5502
0.32 5501
0.32 5500
0.32 5499
0.33 5498
0.33 5497
0.33 5496
0.33 5495
0.33 5494
0.33 5493
0.33 5492
0.34 5491
0.34 5490
0.34 5489
0.34 5488
0.34 5487
0.35 5486
0.35 5485
0.35 5484
0.35 5483
0.35 5482
0.35 5481
0.35 5480
0.35 5479
0.35 5478
0.35 5477
0.35 5476
0.37 5475
0.37 5474
0.37 5473
0.37 5472
0.37 5471
0.37 5470
0.37 5469
0.37 5468
0.37 5467
0.37 5466
0.38 5465
0.38 5464
0.38 5463
0.38 5462
0.38 5461
0.38 5460
0.38 5459
0.38 5458
0.38 5457
0.38 5456
0.38 5455
0.38 5454
0.40 5453
0.40 5452
0.40 5451
0.40 5450
0.40 5449
0.40 5448
0.40 5447
0.40 5446
0.40 5445
0.40 5444
0.40 5443
0.42 5442
0.42 5441
0.42 5440
0.42 5439
0.42 5438
0.42 5437
0.42 5436
0.42 5435
0.42 5434
0.42 5433
0.42 5432
0.42 5431
0.43 5430
0.43 5429
0.43 5428
0.43 5427
0.43 5426
0.43 5425
0.44 5424
0.44 5423
0.44 5422
0.44 5421
0.44 5420
0.45 5419
0.45 5418
0.45 5417
0.45 5416
0.45 5415
0.45 5414
0.45 5413
0.45 5412
0.45 5411
0.45 5410
0.45 5409
0.47 5408
0.47 5407
0.47 5406
0.47 5405
0.47 5404
0.47 5403
0.47 5402
0.48 5401
0.48 5400
0.48 5399
0.48 5398
0.48 5397
0.48 5396
0.48 5395
0.48 5394
0.48 5393
0.48 5392
0.50 5391
0.50 5390
0.50 5389
0.50 5388
0.50 5387
0.50 5386
0.50 5385
0.50 5384
0.50 5383
0.50 5382
0.50 5381
0.52 5380
0.52 5379
0.52 5378
0.52 5377
0.52 5376
0.52 5375
0.52 5374
0.53 5373
0.53 5372
0.53 5371
0.53 5370
0.53 5369
0.53 5368
0.53 5367
0.54 5366
0.54 5365
0.54 5364
0.54 5363
0.54 5362
0.54 5361
0.54 5360
0.55 5359
0.55 5358
0.55 5357
0.55 5356
0.55 5355
0.55 5354
0.55 5353
0.55 5352
0.56 5351
0.56 5350
0.56 5349
0.56 5348
0.56 5347
0.56 5346
0.56 5345
0.57 5344
0.57 5343
0.57 5342
0.57 5341
0.57 5340
0.57 5339
0.57 5338
0.57 5337
0.57 5336
0.57 5335
0.57 5334
0.57 5333
0.57 5332
0.58 5331
0.58 5330
0.58 5329
0.58 5328
0.58 5327
0.58 5326
0.58 5325
0.58 5324
0.58 5323
0.58 5322
0.58 5321
0.60 5320
0.60 5319
0.60 5318
0.60 5317
0.60 5316
0.60 5315
0.60 5314
0.60 5313
0.61 5312
0.61 5311
0.61 5310
0.61 5309
0.61 5308
0.61 5307
0.61 5306
0.61 5305
0.61 5304
0.61 5303
0.61 5302
0.63 5301
0.63 5300
0.63 5299
0.63 5298
0.63 5297
0.63 5296
0.63 5295
0.63 5294
0.63 5293
0.64 5292
0.64 5291
0.65 5290
0.65 5289
0.65 5288
0.65 5287
0.65 5286
0.65 5285
0.65 5284
0.65 5283
0.65 5282
0.65 5281
0.65 5280
0.65 5279
0.66 5278
0.66 5277
0.66 5276
0.66 5275
0.66 5274
0.66 5273
0.66 5272
0.66 5271
0.66 5270
0.66 5269
0.66 5268
0.68 5267
0.68 5266
0.68 5265
0.68 5264
0.68 5263
0.68 5262
0.68 5261
0.68 5260
0.68 5259
0.68 5258
0.69 5257
0.69 5256
0.69 5255
0.69 5254
0.69 5253
0.69 5252
0.69 5251
0.69 5250
0.69 5249
0.69 5248
0.71 5247
0.71 5246
0.71 5245
0.71 5244
0.71 5243
0.72 5242
0.72 5241
0.72 5240
0.72 5239
0.72 5238
0.72 5237
0.72 5236
0.73 5235
0.73 5234
0.73 5233
0.73 5232
0.73 5231
0.73 5230
0.73 5229
0.74 5228
0.74 5227
0.74 5226
0.74 5225
0.74 5224
0.74 5223
0.74 5222
0.75 5221
0.75 5220
0.75 5219
0.75 5218
0.75 5217
0.75 5216
0.75 5215
0.75 5214
0.75 5213
0.75 5212
0.75 5211
0.75 5210
0.75 5209
0.76 5208
0.76 5207
0.76 5206
0.76 5205
0.76 5204
0.76 5203
0.76 5202
0.76 5201
0.76 5200
0.76 5199
0.76 5198
0.78 5197
0.78 5196
0.78 5195
0.78 5194
0.78 5193
0.78 5192
0.78 5191
0.78 5190
0.78 5189
0.78 5188
0.78 5187
0.80 5186
0.80 5185
0.80 5184
0.80 5183
0.80 5182
0.80 5181
0.80 5180
0.80 5179
0.80 5178
0.80 5177
0.80 5176
0.81 5175
0.81 5174
0.81 5173
0.81 5172
0.81 5171
0.81 5170
0.81 5169
0.81 5168
0.81 5167
0.81 5166
0.81 5165
0.83 5164
0.83 5163
0.83 5162
0.83 5161
0.83 5160
0.83 5159
0.83 5158
0.83 5157
0.83 5156
0.83 5155
0.83 5154
0.84 5153
0.84 5152
0.84 5151
0.84 5150
0.84 5149
0.84 5148
0.84 5147
0.84 5146
0.84 5145
0.84 5144
0.84 5143
0.86 5142
0.86 5141
0.86 5140
0.86 5139
0.86 5138
0.86 5137
0.86 5136
0.86 5135
0.86 5134
0.86 5133
0.86 5132
0.86 5131
0.87 5130
0.87 5129
0.87 5128
0.87 5127
0.87 5126
0.87 5125
0.87 5124
0.87 5123
0.87 5122
0.87 5121
0.87 5120
0.89 5119
0.89 5118
0.89 5117
0.89 5116
0.89 5115
0.89 5114
0.89 5113
0.89 5112
0.89 5111
0.89 5110
0.91 5109
0.91 5108
0.91 5107
0.91 5106
0.91 5105
0.91 5104
0.91 5103
0.91 5102
0.91 5101
0.91 5100
0.91 5099
0.91 5098
0.92 5097
0.92 5096
0.92 5095
0.92 5094
0.92 5093
0.92 5092
0.92 5091
0.94 5090
0.94 5089
0.94 5088
0.94 5087
0.94 5086
0.94 5085
0.94 5084
0.94 5083
0.94 5082
0.94 5081
0.94 5080
0.95 5079
0.95 5078
0.95 5077
0.95 5076
0.95 5075
0.95 5074
0.95 5073
0.95 5072
0.95 5071
0.95 5070
0.95 5069
0.95 5068
0.97 5067
0.97 5066
0.97 5065
0.97 5064
0.97 5063
0.97 5062
0.97 5061
0.97 5060
0.97 5059
0.97 5058
0.99 5057
0.99 5056
0.99 5055
0.99 5054
0.99 5053
0.99 5052
0.99 5051
0.99 5050
0.99 5049
0.99 5048
0.99 5047
1.00 5046
1.00 5045
1.00 5044
1.00 5043
1.00 5042
1.00 5041
1.00 5040
1.00 5039
1.00 5038
1.00 5037
1.00 5036
1.02 5035
1.02 5034
1.02 5033
1.02 5032
1.02 5031
1.02 5030
1.02 5029
1.02 5028
1.02 5027
1.02 5026
1.03 5025
1.03 5024
1.03 5023
1.03 5022
1.03 5021
1.03 5020
1.03 5019
1.03 5018
1.04 5017
1.04 5016
1.04 5015
1.04 5014
1.05 5013
1.05 5012
1.05 5011
1.05 5010
1.05 5009
1.05 5008
1.05 5007
1.05 5006
1.06 5005
1.06 5004
1.06 5003
1.06 5002
1.06 5001
1.06 5000
1.06 4999
1.06 4998
1.06 4997
1.08 4996
1.08 4995
1.08 4994
1.08 4993
1.08 4992
1.08 4991
1.08 4990
1.08 4989
1.08 4988
1.08 4987
1.08 4986
1.10 4985
1.10 4984
1.10 4983
1.10 4982
1.10 4981
1.10 4980
1.10 4979
1.10 4978
1.10 4977
1.10 4976
1.10 4975
1.10 4974
1.11 4973
1.11 4972
1.11 4971
1.11 4970
1.11 4969
1.11 4968
1.11 4967
1.11 4966
1.11 4965
1.11 4964
1.11 4963
1.11 4962
1.13 4961
1.13 4960
1.13 4959
1.13 4958
1.13 4957
1.13 4956
1.13 4955
1.13 4954
1.13 4953
1.13 4952
1.13 4951
1.13 4950
1.14 4949
1.14 4948
1.14 4947
1.14 4946
1.14 4945
1.14 4944
1.14 4943
1.14 4942
1.14 4941
1.16 4940
1.16 4939
1.16 4938
1.16 4937
1.16 4936
1.16 4935
1.16 4934
1.16 4933
1.16 4932
1.16 4931
1.16 4930
1.16 4929
1.17 4928
1.17 4927
1.17 4926
1.17 4925
1.17 4924
1.17 4923
1.17 4922
1.17 4921
1.17 4920
1.17 4919
1.17 4918
1.17 4917
1.19 4916
1.19 4915
1.19 4914
1.19 4913
1.19 4912
1.19 4911
1.19 4910
1.19 4909
1.19 4908
1.19 4907
1.19 4906
1.19 4905
1.19 4904
1.19 4903
1.21 4902
1.21 4901
1.21 4900
1.21 4899
1.21 4898
1.21 4897
1.21 4896
1.21 4895
1.21 4894
1.21 4893
1.21 4892
1.21 4891
1.21 4890
1.21 4889
1.22 4888
1.22 4887
1.22 4886
1.22 4885
1.22 4884
1.22 4883
1.22 4882
1.22 4881
1.22 4880
1.22 4879
1.22 4878
1.22 4877
1.22 4876
1.22 4875
1.22 4874
1.24 4873
1.24 4872
1.24 4871
1.24 4870
1.24 4869
1.24 4868
1.24 4867
1.24 4866
1.24 4865
1.24 4864
1.24 4863
1.24 4862
1.25 4861
1.25 4860
1.25 4859
1.25 4858
1.25 4857
1.25 4856
1.25 4855
1.25 4854
1.25 4853
1.25 4852
1.27 4851
1.27 4850
1.27 4849
1.27 4848
1.27 4847
1.27 4846
1.27 4845
1.27 4844
1.27 4843
1.27 4842
1.27 4841
1.27 4840
1.27 4839
1.27 4838
1.27 4837
1.29 4836
1.29 4835
1.29 4834
1.29 4833
1.29 4832
1.29 4831
1.29 4830
1.29 4829
1.29 4828
1.29 4827
1.29 4826
1.29 4825
1.29 4824
1.29 4823
1.30 4822
1.30 4821
1.30 4820
1.30 4819
1.30 4818
1.30 4817
1.30 4816
1.30 4815
1.30 4814
1.30 4813
1.30 4812
1.30 4811
1.30 4810
1.30 4809
1.30 4808
1.30 4807
1.32 4806
1.32 4805
1.32 4804
1.32 4803
1.32 4802
1.32 4801
1.32 4800
1.32 4799
1.32 4798
1.32 4797
1.32 4796
1.32 4795
1.32 4794
1.32 4793
1.33 4792
1.33 4791
1.33 4790
1.33 4789
1.33 4788
1.33 4787
1.33 4786
1.33 4785
1.33 4784
1.33 4783
1.33 4782
1.33 4781
1.35 4780
1.35 4779
1.35 4778
1.35 4777
1.35 4776
1.35 4775
1.35 4774
1.35 4773
1.35 4772
1.35 4771
1.35 4770
1.35 4769
1.35 4768
1.35 4767
1.35 4766
1.35 4765
1.35 4764
1.35 4763
1.36 4762
1.36 4761
1.36 4760
1.36 4759
1.36 4758
1.36 4757
1.36 4756
1.36 4755
1.36 4754
1.36 4753
1.36 4752
1.36 4751
1.36 4750
1.36 4749
1.38 4748
1.38 4747
1.38 4746
1.38 4745
1.38 4744
1.38 4743
1.38 4742
1.38 4741
1.38 4740
1.38 4739
1.38 4738
1.38 4737
1.38 4736
1.38 4735
1.38 4734
1.40 4733
1.40 4732
1.40 4731
1.40 4730
1.40 4729
1.40 4728
1.40 4727
1.40 4726
1.40 4725
1.40 4724
1.40 4723
1.40 4722
1.40 4721
1.40 4720
1.41 4719
1.41 4718
1.41 4717
1.41 4716
1.41 4715
1.41 4714
1.41 4713
1.41 4712
1.41 4711
1.41 4710
1.41 4709
1.41 4708
1.41 4707
1.41 4706
1.43 4705
1.43 4704
1.43 4703
1.43 4702
1.43 4701
1.43 4700
1.43 4699
1.43 4698
1.43 4697
1.43 4696
1.43 4695
1.43 4694
1.43 4693
1.43 4692
1.43 4691
1.44 4690
1.44 4689
1.45 4688
1.45 4687
1.45 4686
1.45 4685
1.45 4684
1.45 4683
1.45 4682
1.45 4681
1.45 4680
1.45 4679
1.45 4678
1.45 4677
1.46 4676
1.46 4675
1.46 4674
1.46 4673
1.46 4672
1.46 4671
1.46 4670
1.46 4669
1.46 4668
1.46 4667
1.46 4666
1.46 4665
1.46 4664
1.46 4663
1.46 4662
1.47 4661
1.47 4660
1.47 4659
1.47 4658
1.47 4657
1.47 4656
1.47 4655
1.47 4654
1.47 4653
1.47 4652
1.47 4651
1.47 4650
1.47 4649
1.47 4648
1.47 4647
1.49 4646
1.49 4645
1.49 4644
1.49 4643
1.49 4642
1.49 4641
1.49 4640
1.49 4639
1.49 4638
1.49 4637
1.49 4636
1.49 4635
1.49 4634
1.49 4633
1.51 4632
1.51 4631
1.51 4630
1.51 4629
1.51 4628
1.51 4627
1.51 4626
1.51 4625
1.51 4624
1.51 4623
1.51 4622
1.51 4621
1.51 4620
1.51 4619
1.51 4618
1.52 4617
1.52 4616
1.52 4615
1.52 4614
1.52 4613
1.52 4612
1.52 4611
1.52 4610
1.52 4609
1.52 4608
1.52 4607
1.52 4606
1.52 4605
1.52 4604
1.54 4603
1.54 4602
1.54 4601
1.54 4600
1.54 4599
1.54 4598
1.54 4597
1.55 4596
1.55 4595
1.55 4594
1.55 4593
1.55 4592
1.55 4591
1.55 4590
1.55 4589
1.55 4588
1.55 4587
1.55 4586
1.55 4585
1.55 4584
1.55 4583
1.55 4582
1.55 4581
1.55 4580
1.55 4579
1.55 4578
1.55 4577
1.55 4576
1.55 4575
1.55 4574
1.57 4573
1.57 4572
1.57 4571
1.57 4570
1.57 4569
1.57 4568
1.57 4567
1.57 4566
1.57 4565
1.57 4564
1.57 4563
1.57 4562
1.57 4561
1.57 4560
1.58 4559
1.58 4558
1.58 4557
1.58 4556
1.58 4555
1.58 4554
1.58 4553
1.58 4552
1.58 4551
1.58 4550
1.58 4549
1.58 4548
1.58 4547
1.58 4546
1.58 4545
1.60 4544
1.60 4543
1.60 4542
1.60 4541
1.60 4540
1.60 4539
1.60 4538
1.60 4537
1.60 4536
1.60 4535
1.60 4534
1.60 4533
1.60 4532
1.60 4531
1.60 4530
1.62 4529
1.62 4528
1.62 4527
1.62 4526
1.62 4525
1.62 4524
1.62 4523
1.62 4522
1.62 4521
1.62 4520
1.62 4519
1.62 4518
1.62 4517
1.62 4516
1.63 4515
1.63 4514
1.63 4513
1.63 4512
1.63 4511
1.63 4510
1.63 4509
1.63 4508
1.63 4507
1.63 4506
1.63 4505
1.65 4504
1.65 4503
1.65 4502
1.65 4501
1.65 4500
1.65 4499
1.65 4498
1.65 4497
1.65 4496
1.65 4495
1.65 4494
1.65 4493
1.65 4492
1.65 4491
1.65 4490
1.65 4489
1.65 4488
1.65 4487
1.66 4486
1.66 4485
1.66 4484
1.66 4483
1.66 4482
1.66 4481
1.66 4480
1.66 4479
1.66 4478
1.66 4477
1.66 4476
1.66 4475
1.66 4474
1.66 4473
1.66 4472
1.68 4471
1.68 4470
1.68 4469
1.68 4468
1.68 4467
1.68 4466
1.68 4465
1.68 4464
1.68 4463
1.68 4462
1.68 4461
1.68 4460
1.68 4459
1.68 4458
1.70 4457
1.70 4456
1.70 4455
1.70 4454
1.70 4453
1.70 4452
1.70 4451
1.70 4450
1.70 4449
1.70 4448
1.70 4447
1.70 4446
1.70 4445
1.71 4444
1.71 4443
1.71 4442
1.71 4441
1.71 4440
1.72 4439
1.72 4438
1.72 4437
1.72 4436
1.72 4435
1.72 4434
1.72 4433
1.72 4432
1.72 4431
1.73 4430
1.73 4429
1.73 4428
1.73 4427
1.73 4426
1.73 4425
1.73 4424
1.73 4423
1.73 4422
1.73 4421
1.74 4420
1.74 4419
1.74 4418
1.74 4417
1.74 4416
1.74 4415
1.74 4414
1.74 4413
1.74 4412
1.75 4411
1.75 4410
1.75 4409
1.75 4408
1.75 4407
1.75 4406
1.75 4405
1.75 4404
1.75 4403
1.75 4402
1.75 4401
1.75 4400
1.75 4399
1.75 4398
1.75 4397
1.75 4396
1.75 4395
1.75 4394
1.75 4393
1.77 4392
1.77 4391
1.77 4390
1.77 4389
1.77 4388
1.77 4387
1.77 4386
1.77 4385
1.77 4384
1.77 4383
1.77 4382
1.77 4381
1.77 4380
1.77 4379
1.78 4378
1.78 4377
1.78 4376
1.78 4375
1.78 4374
1.78 4373
1.78 4372
1.78 4371
1.78 4370
1.78 4369
1.78 4368
1.78 4367
1.78 4366
1.78 4365
1.78 4364
1.80 4363
1.80 4362
1.80 4361
1.80 4360
1.80 4359
1.80 4358
1.80 4357
1.80 4356
1.80 4355
1.80 4354
1.80 4353
1.80 4352
1.80 4351
1.80 4350
1.80 4349
1.81 4348
1.81 4347
1.81 4346
1.81 4345
1.81 4344
1.81 4343
1.81 4342
1.81 4341
1.81 4340
1.81 4339
1.81 4338
1.81 4337
1.81 4336
1.81 4335
1.81 4334
1.83 4333
1.83 4332
1.83 4331
1.83 4330
1.83 4329
1.83 4328
1.83 4327
1.83 4326
1.83 4325
1.83 4324
1.83 4323
1.83 4322
1.83 4321
1.83 4320
1.84 4319
1.85 4318
1.85 4317
1.85 4316
1.85 4315
1.85 4314
1.85 4313
1.85 4312
1.85 4311
1.85 4310
1.85 4309
1.85 4308
1.85 4307
1.85 4306
1.85 4305
1.86 4304
1.86 4303
1.86 4302
1.86 4301
1.86 4300
1.86 4299
1.86 4298
1.86 4297
1.86 4296
1.86 4295
1.86 4294
1.86 4293
1.86 4292
1.86 4291
1.88 4290
1.88 4289
1.88 4288
1.88 4287
1.88 4286
1.88 4285
1.88 4284
1.88 4283
1.88 4282
1.88 4281
1.88 4280
1.88 4279
1.88 4278
1.88 4277
1.88 4276
1.89 4275
1.89 4274
1.89 4273
1.89 4272
1.89 4271
1.89 4270
1.89 4269
1.89 4268
1.89 4267
1.89 4266
1.89 4265
1.89 4264
1.89 4263
1.89 4262
1.89 4261
1.91 4260
1.91 4259
1.91 4258
1.91 4257
1.91 4256
1.91 4255
1.91 4254
1.91 4253
1.91 4252
1.91 4251
1.91 4250
1.91 4249
1.91 4248
1.91 4247
1.91 4246
1.92 4245
1.92 4244
1.92 4243
1.92 4242
1.92 4241
1.92 4240
1.92 4239
1.92 4238
1.92 4237
1.92 4236
1.92 4235
1.92 4234
1.92 4233
1.92 4232
1.92 4231
1.94 4230
1.94 4229
1.94 4228
1.94 4227
1.94 4226
1.94 4225
1.94 4224
1.95 4223
1.95 4222
1.95 4221
1.95 4220
1.95 4219
1.95 4218
1.95 4217
1.95 4216
1.96 4215
1.96 4214
1.96 4213
1.96 4212
1.96 4211
1.96 4210
1.96 4209
1.96 4208
1.96 4207
1.96 4206
1.96 4205
1.96 4204
1.96 4203
1.96 4202
1.96 4201
1.97 4200
1.97 4199
1.97 4198
1.97 4197
1.97 4196
1.97 4195
1.97 4194
1.97 4193
1.97 4192
1.97 4191
1.97 4190
1.97 4189
1.97 4188
1.97 4187
1.97 4186
1.97 4185
1.99 4184
1.99 4183
1.99 4182
1.99 4181
1.99 4180
1.99 4179
1.99 4178
1.99 4177
1.99 4176
1.99 4175
1.99 4174
1.99 4173
1.99 4172
1.99 4171
1.99 4170
2.00 4169
2.00 4168
2.00 4167
2.00 4166
2.00 4165
2.00 4164
2.00 4163
2.00 4162
2.00 4161
2.00 4160
2.00 4159
2.00 4158
2.00 4157
2.00 4156
2.00 4155
2.02 4154
2.02 4153
2.02 4152
2.02 4151
2.02 4150
2.02 4149
2.02 4148
2.02 4147
2.02 4146
2.02 4145
2.02 4144
2.02 4143
2.02 4142
2.02 4141
2.02 4140
2.02 4139
2.03 4138
2.03 4137
2.03 4136
2.03 4135
2.03 4134
2.03 4133
2.03 4132
2.03 4131
2.03 4130
2.03 4129
2.03 4128
2.03 4127
2.05 4126
2.05 4125
2.05 4124
2.05 4123
2.05 4122
2.05 4121
2.05 4120
2.05 4119
2.05 4118
2.05 4117
2.05 4116
2.05 4115
2.05 4114
2.05 4113
2.05 4112
2.05 4111
2.05 4110
2.05 4109
2.05 4108
2.07 4107
2.07 4106
2.07 4105
2.07 4104
2.07 4103
2.07 4102
2.07 4101
2.07 4100
2.07 4099
2.07 4098
2.07 4097
2.07 4096
2.07 4095
2.08 4094
2.08 4093
2.08 4092
2.08 4091
2.08 4090
2.08 4089
2.08 4088
2.08 4087
2.08 4086
2.08 4085
2.08 4084
2.08 4083
2.08 4082
2.08 4081
2.10 4080
2.10 4079
2.10 4078
2.10 4077
2.10 4076
2.10 4075
2.10 4074
2.10 4073
2.10 4072
2.10 4071
2.10 4070
2.10 4069
2.10 4068
2.10 4067
2.10 4066
2.11 4065
2.11 4064
2.11 4063
2.11 4062
2.11 4061
2.11 4060
2.11 4059
2.11 4058
2.11 4057
2.11 4056
2.11 4055
2.11 4054
2.11 4053
2.11 4052
2.11 4051
2.13 4050
2.13 4049
2.13 4048
2.13 4047
2.13 4046
2.13 4045
2.13 4044
2.13 4043
2.13 4042
5.28 3944
5.28 3943
5.28 3942
5.28 3941
5.28 3940
5.28 3939
5.28 3938
5.28 3937
5.28 3936
