0.02 3735
0.03 3734
0.03 3733
0.03 3732
0.03 3731
0.03 3730
0.03 3729
0.03 3728
0.03 3727
0.03 3726
0.03 3725
0.03 3724
0.03 3723
0.03 3722
0.03 3721
0.03 3720
0.04 3719
0.04 3718
0.04 3717
0.04 3716
0.04 3715
0.04 3714
0.04 3713
0.05 3712
0.05 3711
0.05 3710
0.05 3709
0.05 3708
0.05 3707
0.05 3706
0.05 3705
0.05 3704
0.05 3703
0.05 3702
0.05 3701
0.05 3700
0.05 3699
0.05 3698
0.05 3697
0.05 3696
0.05 3695
0.05 3694
0.05 3693
0.06 3692
0.06 3691
0.06 3690
0.06 3689
0.06 3688
0.06 3687
0.06 3686
0.06 3685
0.06 3684
0.06 3683
0.06 3682
0.06 3681
0.06 3680
0.06 3679
0.06 3678
0.06 3677
0.06 3676
0.06 3675
0.06 3674
0.06 3673
0.06 3672
0.08 3671
0.08 3670
0.08 3669
0.08 3668
0.08 3667
0.08 3666
0.08 3665
0.08 3664
0.08 3663
0.08 3662
0.08 3661
0.08 3660
0.08 3659
0.08 3658
0.08 3657
0.08 3656
0.08 3655
0.08 3654
0.08 3653
0.08 3652
0.08 3651
0.08 3650
0.09 3649
0.09 3648
0.09 3647
0.09 3646
0.09 3645
0.09 3644
0.09 3643
0.09 3642
0.09 3641
0.09 3640
0.09 3639
0.09 3638
0.09 3637
0.09 3636
0.09 3635
0.09 3634
0.09 3633
0.09 3632
0.09 3631
0.09 3630
0.11 3629
0.11 3628
0.11 3627
0.11 3626
0.11 3625
0.11 3624
0.11 3623
0.11 3622
0.11 3621
0.11 3620
0.11 3619
0.11 3618
0.11 3617
0.11 3616
0.11 3615
0.11 3614
0.11 3613
0.11 3612
0.13 3611
0.13 3610
0.13 3609
0.13 3608
0.13 3607
0.13 3606
0.13 3605
0.13 3604
0.13 3603
0.13 3602
0.13 3601
0.13 3600
0.13 3599
0.13 3598
0.13 3597
0.13 3596
0.13 3595
0.13 3594
0.13 3593
0.13 3592
0.14 3591
0.14 3590
0.14 3589
0.14 3588
0.14 3587
0.14 3586
0.14 3585
0.14 3584
0.14 3583
0.14 3582
0.14 3581
0.14 3580
0.14 3579
0.14 3578
0.14 3577
0.14 3576
0.14 3575
0.14 3574
0.14 3573
0.16 3572
0.16 3571
0.16 3570
0.16 3569
0.16 3568
0.16 3567
0.16 3566
0.16 3565
0.16 3564
0.16 3563
0.16 3562
0.16 3561
0.16 3560
0.16 3559
0.16 3558
0.16 3557
0.16 3556
0.17 3555
0.17 3554
0.17 3553
0.17 3552
0.17 3551
0.17 3550
0.17 3549
0.17 3548
0.17 3547
0.17 3546
0.17 3545
0.17 3544
0.17 3543
0.17 3542
0.17 3541
0.17 3540
0.17 3539
0.17 3538
0.17 3537
0.17 3536
0.19 3535
0.19 3534
0.19 3533
0.19 3532
0.19 3531
0.19 3530
0.19 3529
0.19 3528
0.19 3527
0.19 3526
0.19 3525
0.19 3524
0.19 3523
0.19 3522
0.19 3521
0.19 3520
0.19 3519
0.19 3518
0.19 3517
0.19 3516
0.19 3515
0.21 3514
0.21 3513
0.21 3512
0.21 3511
0.21 3510
0.21 3509
0.21 3508
0.21 3507
0.21 3506
0.21 3505
0.21 3504
0.21 3503
0.21 3502
0.21 3501
0.21 3500
0.21 3499
0.21 3498
0.21 3497
0.21 3496
0.21 3495
0.21 3494
0.21 3493
0.22 3492
0.22 3491
0.22 3490
0.22 3489
0.22 3488
0.22 3487
0.22 3486
0.22 3485
0.22 3484
0.22 3483
0.22 3482
0.22 3481
0.22 3480
0.22 3479
0.22 3478
0.22 3477
0.22 3476
0.22 3475
0.22 3474
0.22 3473
0.22 3472
0.22 3471
0.24 3470
0.24 3469
0.24 3468
0.24 3467
0.24 3466
0.24 3465
0.24 3464
0.24 3463
0.24 3462
0.24 3461
0.24 3460
0.24 3459
0.24 3458
0.24 3457
0.24 3456
0.24 3455
0.24 3454
0.24 3453
0.25 3452
0.25 3451
0.25 3450
0.25 3449
0.25 3448
0.25 3447
0.25 3446
0.25 3445
0.25 3444
0.25 3443
0.25 3442
0.25 3441
0.25 3440
0.25 3439
0.25 3438
0.25 3437
0.25 3436
0.25 3435
0.25 3434
0.25 3433
0.25 3432
0.27 3431
0.27 3430
0.27 3429
0.27 3428
0.27 3427
0.27 3426
0.27 3425
0.27 3424
0.27 3423
0.27 3422
0.27 3421
0.27 3420
0.27 3419
0.27 3418
0.27 3417
0.27 3416
0.28 3415
0.28 3414
0.28 3413
0.28 3412
0.28 3411
0.28 3410
0.28 3409
0.28 3408
0.28 3407
0.28 3406
0.28 3405
0.28 3404
0.28 3403
0.28 3402
0.28 3401
0.28 3400
0.30 3399
0.30 3398
0.30 3397
0.30 3396
0.30 3395
0.30 3394
0.30 3393
0.30 3392
0.30 3391
0.30 3390
0.30 3389
0.30 3388
0.30 3387
0.30 3386
0.30 3385
0.30 3384
0.30 3383
0.30 3382
0.30 3381
0.30 3380
0.30 3379
0.32 3378
0.32 3377
0.32 3376
0.32 3375
0.32 3374
0.32 3373
0.32 3372
0.32 3371
0.32 3370
0.32 3369
0.32 3368
0.32 3367
0.32 3366
0.32 3365
0.32 3364
0.32 3363
0.32 3362
0.32 3361
0.32 3360
0.32 3359
0.32 3358
0.32 3357
0.33 3356
0.33 3355
0.33 3354
0.33 3353
0.33 3352
0.33 3351
0.33 3350
0.33 3349
0.33 3348
0.33 3347
0.33 3346
0.33 3345
0.33 3344
0.33 3343
0.33 3342
0.33 3341
0.34 3340
0.34 3339
0.34 3338
0.34 3337
0.34 3336
0.34 3335
0.35 3334
0.35 3333
0.35 3332
0.35 3331
0.35 3330
0.35 3329
0.35 3328
0.35 3327
0.35 3326
0.35 3325
0.35 3324
0.35 3323
0.35 3322
0.35 3321
0.35 3320
0.35 3319
0.35 3318
0.35 3317
0.35 3316
0.35 3315
0.35 3314
0.35 3313
0.35 3312
0.36 3311
0.36 3310
0.36 3309
0.36 3308
0.36 3307
0.36 3306
0.36 3305
0.36 3304
0.36 3303
0.36 3302
0.36 3301
0.36 3300
0.36 3299
0.36 3298
0.36 3297
0.36 3296
0.36 3295
0.36 3294
0.36 3293
0.36 3292
0.36 3291
0.36 3290
0.38 3289
0.38 3288
0.38 3287
0.38 3286
0.38 3285
0.38 3284
0.38 3283
0.38 3282
0.38 3281
0.38 3280
0.38 3279
0.38 3278
0.38 3277
0.38 3276
0.38 3275
0.38 3274
0.38 3273
0.38 3272
0.38 3271
0.38 3270
0.38 3269
0.38 3268
0.39 3267
0.39 3266
0.39 3265
0.39 3264
0.39 3263
0.39 3262
0.39 3261
0.39 3260
0.39 3259
0.39 3258
0.39 3257
0.39 3256
0.39 3255
0.39 3254
0.39 3253
0.39 3252
0.39 3251
0.39 3250
0.39 3249
0.39 3248
0.39 3247
0.39 3246
0.39 3245
0.41 3244
0.41 3243
0.41 3242
0.41 3241
0.41 3240
0.41 3239
0.41 3238
0.41 3237
0.41 3236
0.41 3235
0.41 3234
0.41 3233
0.41 3232
0.41 3231
0.41 3230
0.41 3229
0.41 3228
0.41 3227
0.41 3226
0.41 3225
0.41 3224
0.41 3223
0.41 3222
0.43 3221
0.43 3220
0.43 3219
0.43 3218
0.43 3217
0.43 3216
0.43 3215
0.43 3214
0.43 3213
0.43 3212
0.43 3211
0.43 3210
0.43 3209
0.43 3208
0.43 3207
0.43 3206
0.43 3205
0.43 3204
0.43 3203
0.44 3202
0.44 3201
0.44 3200
0.44 3199
0.44 3198
0.44 3197
0.44 3196
0.44 3195
0.44 3194
0.44 3193
0.44 3192
0.44 3191
0.44 3190
0.44 3189
0.44 3188
0.44 3187
0.44 3186
0.44 3185
0.44 3184
0.44 3183
0.44 3182
0.44 3181
0.44 3180
0.44 3179
0.46 3178
0.46 3177
0.46 3176
0.46 3175
0.46 3174
0.46 3173
0.46 3172
0.46 3171
0.46 3170
0.46 3169
0.46 3168
0.46 3167
0.46 3166
0.46 3165
0.46 3164
0.46 3163
0.46 3162
0.46 3161
0.46 3160
0.46 3159
0.46 3158
0.47 3157
0.47 3156
0.47 3155
0.47 3154
0.47 3153
0.47 3152
0.47 3151
0.47 3150
0.47 3149
0.47 3148
0.47 3147
0.47 3146
0.47 3145
0.47 3144
0.47 3143
0.47 3142
0.47 3141
0.47 3140
0.47 3139
0.47 3138
0.47 3137
0.49 3136
0.49 3135
0.49 3134
0.49 3133
0.49 3132
0.49 3131
0.49 3130
0.49 3129
0.49 3128
0.49 3127
0.49 3126
0.49 3125
0.49 3124
0.49 3123
0.49 3122
0.49 3121
0.49 3120
0.49 3119
0.49 3118
0.49 3117
0.49 3116
0.49 3115
0.50 3114
0.50 3113
0.50 3112
0.50 3111
0.50 3110
0.50 3109
0.50 3108
0.50 3107
0.50 3106
0.50 3105
0.50 3104
0.50 3103
0.50 3102
0.50 3101
0.50 3100
0.50 3099
0.50 3098
0.50 3097
0.50 3096
0.50 3095
0.50 3094
0.50 3093
0.52 3092
0.52 3091
0.52 3090
0.52 3089
0.52 3088
0.52 3087
0.52 3086
0.52 3085
0.52 3084
0.52 3083
0.52 3082
0.52 3081
0.52 3080
0.52 3079
0.52 3078
0.52 3077
0.52 3076
0.52 3075
0.52 3074
0.52 3073
0.52 3072
0.52 3071
0.52 3070
0.54 3069
0.54 3068
0.54 3067
0.54 3066
0.54 3065
0.54 3064
0.54 3063
0.54 3062
0.54 3061
0.54 3060
0.54 3059
0.54 3058
0.54 3057
0.54 3056
0.54 3055
0.54 3054
0.54 3053
0.54 3052
0.54 3051
0.54 3050
0.54 3049
0.54 3048
0.55 3047
0.55 3046
0.55 3045
0.55 3044
0.55 3043
0.55 3042
0.55 3041
0.55 3040
0.55 3039
0.55 3038
0.55 3037
0.55 3036
0.55 3035
0.55 3034
0.55 3033
0.55 3032
0.55 3031
0.55 3030
0.55 3029
0.55 3028
0.55 3027
0.55 3026
0.55 3025
0.57 3024
0.57 3023
0.57 3022
0.57 3021
0.57 3020
0.57 3019
0.57 3018
0.57 3017
0.57 3016
0.57 3015
0.57 3014
0.57 3013
0.57 3012
0.57 3011
0.57 3010
0.57 3009
0.57 3008
0.57 3007
0.57 3006
0.57 3005
0.57 3004
0.58 3003
0.58 3002
0.58 3001
0.58 3000
0.58 2999
0.58 2998
0.58 2997
0.58 2996
0.58 2995
0.58 2994
0.58 2993
0.58 2992
0.58 2991
0.58 2990
0.58 2989
0.58 2988
0.58 2987
0.58 2986
0.58 2985
0.58 2984
0.58 2983
0.58 2982
0.58 2981
0.60 2980
0.60 2979
0.60 2978
0.60 2977
0.60 2976
0.60 2975
0.60 2974
0.60 2973
0.60 2972
0.61 2971
0.61 2970
0.61 2969
0.61 2968
0.61 2967
0.61 2966
0.61 2965
0.61 2964
0.61 2963
0.61 2962
0.61 2961
0.61 2960
0.61 2959
0.61 2958
0.61 2957
0.61 2956
0.61 2955
0.61 2954
0.61 2953
0.61 2952
0.61 2951
0.61 2950
0.61 2949
0.61 2948
0.61 2947
0.61 2946
0.61 2945
0.61 2944
0.61 2943
0.61 2942
0.61 2941
0.61 2940
0.61 2939
0.61 2938
0.61 2937
0.63 2936
0.63 2935
0.63 2934
0.63 2933
0.63 2932
0.63 2931
0.63 2930
0.63 2929
0.63 2928
0.63 2927
0.63 2926
0.63 2925
0.63 2924
0.63 2923
0.63 2922
0.63 2921
0.63 2920
0.63 2919
0.63 2918
0.64 2917
0.64 2916
0.64 2915
0.64 2914
0.64 2913
0.65 2912
0.65 2911
0.65 2910
0.65 2909
0.65 2908
0.65 2907
0.65 2906
0.65 2905
0.65 2904
0.65 2903
0.65 2902
0.65 2901
0.65 2900
0.65 2899
0.65 2898
0.65 2897
0.65 2896
0.65 2895
0.65 2894
0.65 2893
0.65 2892
0.65 2891
0.65 2890
0.66 2889
0.66 2888
0.66 2887
0.66 2886
0.66 2885
0.66 2884
0.66 2883
0.66 2882
0.66 2881
0.66 2880
0.66 2879
0.66 2878
0.66 2877
0.66 2876
0.66 2875
0.66 2874
0.66 2873
0.66 2872
0.66 2871
0.66 2870
0.66 2869
0.66 2868
0.66 2867
0.68 2866
0.68 2865
0.68 2864
0.68 2863
0.68 2862
0.68 2861
0.68 2860
0.68 2859
0.68 2858
0.68 2857
0.68 2856
0.68 2855
0.68 2854
0.68 2853
0.68 2852
0.68 2851
0.68 2850
0.68 2849
0.69 2848
0.69 2847
0.69 2846
0.69 2845
0.69 2844
0.69 2843
0.69 2842
0.69 2841
0.69 2840
0.69 2839
0.69 2838
0.69 2837
0.69 2836
0.69 2835
0.69 2834
0.69 2833
0.69 2832
0.69 2831
0.69 2830
0.69 2829
0.69 2828
0.69 2827
0.69 2826
0.69 2825
0.71 2824
0.71 2823
0.71 2822
0.71 2821
0.71 2820
0.71 2819
0.71 2818
0.71 2817
0.71 2816
0.71 2815
0.71 2814
0.71 2813
0.71 2812
0.71 2811
0.71 2810
0.71 2809
0.71 2808
0.71 2807
0.71 2806
0.71 2805
0.71 2804
0.71 2803
0.71 2802
0.72 2801
0.72 2800
0.72 2799
0.72 2798
0.72 2797
0.72 2796
0.72 2795
0.72 2794
0.72 2793
0.72 2792
0.72 2791
0.72 2790
0.72 2789
0.72 2788
0.72 2787
0.72 2786
0.72 2785
0.72 2784
0.72 2783
0.72 2782
0.72 2781
0.72 2780
0.74 2779
0.74 2778
0.74 2777
0.74 2776
0.74 2775
0.74 2774
0.74 2773
0.74 2772
0.74 2771
0.74 2770
0.74 2769
0.74 2768
0.74 2767
0.74 2766
0.74 2765
0.74 2764
0.74 2763
0.74 2762
0.74 2761
0.74 2760
0.74 2759
0.76 2758
0.76 2757
0.76 2756
0.76 2755
0.76 2754
0.76 2753
0.76 2752
0.76 2751
0.76 2750
0.76 2749
0.76 2748
0.76 2747
0.76 2746
0.76 2745
0.76 2744
0.76 2743
0.76 2742
0.76 2741
0.76 2740
0.76 2739
0.77 2738
0.77 2737
0.77 2736
0.77 2735
0.77 2734
0.77 2733
0.77 2732
0.77 2731
0.77 2730
0.77 2729
0.77 2728
0.77 2727
0.77 2726
0.77 2725
0.77 2724
0.77 2723
0.77 2722
0.77 2721
0.77 2720
0.77 2719
0.77 2718
0.77 2717
0.77 2716
0.79 2715
0.79 2714
0.79 2713
0.79 2712
0.79 2711
0.79 2710
0.79 2709
0.79 2708
0.79 2707
0.79 2706
0.79 2705
0.79 2704
0.79 2703
0.79 2702
0.79 2701
0.79 2700
0.79 2699
0.79 2698
0.79 2697
0.79 2696
0.80 2695
0.80 2694
0.80 2693
0.80 2692
0.80 2691
0.81 2690
0.81 2689
0.81 2688
0.81 2687
0.81 2686
0.81 2685
0.81 2684
0.81 2683
0.81 2682
0.81 2681
0.81 2680
0.81 2679
0.82 2678
0.82 2677
0.82 2676
0.82 2675
0.82 2674
0.82 2673
0.82 2672
0.82 2671
0.82 2670
0.82 2669
0.82 2668
0.82 2667
0.82 2666
0.82 2665
0.82 2664
0.82 2663
0.83 2662
0.83 2661
0.83 2660
0.83 2659
0.83 2658
0.83 2657
0.83 2656
0.83 2655
0.83 2654
0.83 2653
0.83 2652
0.83 2651
0.83 2650
0.83 2649
0.84 2648
0.84 2647
0.84 2646
0.84 2645
0.84 2644
0.84 2643
0.84 2642
0.84 2641
0.84 2640
0.84 2639
0.84 2638
0.84 2637
0.84 2636
0.84 2635
0.84 2634
0.84 2633
0.84 2632
0.84 2631
0.84 2630
0.84 2629
0.84 2628
0.84 2627
0.84 2626
0.84 2625
0.84 2624
0.84 2623
0.84 2622
0.86 2621
0.86 2620
0.86 2619
0.86 2618
0.86 2617
0.86 2616
0.86 2615
0.86 2614
0.86 2613
0.86 2612
0.86 2611
0.86 2610
0.86 2609
0.86 2608
0.86 2607
0.86 2606
0.86 2605
0.87 2604
0.87 2603
0.87 2602
0.87 2601
0.87 2600
0.87 2599
0.87 2598
0.87 2597
0.87 2596
0.87 2595
0.87 2594
0.87 2593
0.87 2592
0.87 2591
0.87 2590
0.87 2589
0.87 2588
0.87 2587
0.87 2586
0.89 2585
0.89 2584
0.89 2583
0.89 2582
0.89 2581
0.89 2580
0.89 2579
0.89 2578
0.90 2577
0.90 2576
0.90 2575
0.90 2574
0.90 2573
0.90 2572
0.90 2571
0.90 2570
0.90 2569
0.90 2568
0.90 2567
0.90 2566
0.90 2565
0.91 2564
0.91 2563
0.91 2562
0.91 2561
0.91 2560
0.91 2559
0.91 2558
0.91 2557
0.91 2556
0.91 2555
0.91 2554
0.91 2553
0.92 2552
0.92 2551
0.92 2550
0.92 2549
0.92 2548
0.92 2547
0.92 2546
0.92 2545
0.92 2544
0.92 2543
0.92 2542
0.92 2541
0.92 2540
0.92 2539
0.92 2538
0.92 2537
0.92 2536
0.94 2535
0.94 2534
0.94 2533
0.94 2532
0.94 2531
0.94 2530
0.94 2529
0.94 2528
0.94 2527
0.94 2526
0.94 2525
0.94 2524
0.94 2523
0.94 2522
0.94 2521
0.94 2520
0.94 2519
0.94 2518
0.94 2517
0.94 2516
0.94 2515
0.94 2514
0.95 2513
0.95 2512
0.95 2511
0.95 2510
0.95 2509
0.95 2508
0.95 2507
0.95 2506
0.95 2505
0.95 2504
0.95 2503
0.95 2502
0.95 2501
0.95 2500
0.95 2499
0.95 2498
0.95 2497
0.95 2496
0.95 2495
0.95 2494
0.95 2493
0.95 2492
0.95 2491
0.95 2490
0.97 2489
0.97 2488
0.97 2487
0.97 2486
0.97 2485
0.97 2484
0.97 2483
0.97 2482
0.97 2481
0.97 2480
0.97 2479
0.97 2478
0.97 2477
0.97 2476
0.97 2475
0.97 2474
0.97 2473
0.97 2472
0.97 2471
0.97 2470
0.99 2469
0.99 2468
0.99 2467
0.99 2466
0.99 2465
0.99 2464
0.99 2463
0.99 2462
0.99 2461
0.99 2460
0.99 2459
0.99 2458
0.99 2457
0.99 2456
0.99 2455
0.99 2454
0.99 2453
0.99 2452
0.99 2451
0.99 2450
0.99 2449
1.00 2448
1.00 2447
1.00 2446
1.00 2445
1.00 2444
1.00 2443
1.00 2442
1.00 2441
1.00 2440
1.00 2439
1.00 2438
1.00 2437
1.00 2436
1.00 2435
1.00 2434
1.00 2433
1.00 2432
1.00 2431
1.00 2430
1.00 2429
1.00 2428
1.00 2427
1.00 2426
1.00 2425
1.00 2424
1.02 2423
1.02 2422
1.02 2421
1.02 2420
1.02 2419
1.02 2418
1.02 2417
1.02 2416
1.02 2415
1.02 2414
1.02 2413
1.02 2412
1.02 2411
1.02 2410
1.02 2409
1.02 2408
1.02 2407
1.02 2406
1.02 2405
1.02 2404
1.02 2403
1.02 2402
1.02 2401
1.02 2400
1.03 2399
1.03 2398
1.03 2397
1.03 2396
1.03 2395
1.03 2394
1.03 2393
1.03 2392
1.03 2391
1.03 2390
1.03 2389
1.03 2388
1.03 2387
1.03 2386
1.03 2385
1.03 2384
1.04 2383
1.04 2382
1.04 2381
1.04 2380
1.04 2379
1.04 2378
1.04 2377
1.04 2376
1.04 2375
1.05 2374
1.05 2373
1.05 2372
1.05 2371
1.05 2370
1.05 2369
1.05 2368
1.05 2367
1.05 2366
1.05 2365
1.05 2364
1.05 2363
1.05 2362
1.05 2361
1.05 2360
1.05 2359
1.05 2358
1.05 2357
1.05 2356
1.05 2355
1.05 2354
1.05 2353
1.05 2352
1.05 2351
1.06 2350
1.06 2349
1.06 2348
1.06 2347
1.06 2346
1.06 2345
1.06 2344
1.06 2343
1.06 2342
1.06 2341
1.06 2340
1.06 2339
1.06 2338
1.06 2337
1.06 2336
1.06 2335
1.06 2334
1.06 2333
1.06 2332
1.06 2331
1.06 2330
1.06 2329
2.55 2273
2.55 2272
2.55 2271
2.55 2270
2.55 2269
2.55 2268
2.55 2267
2.55 2266
2.55 2265
2.55 2264
2.55 2263
2.57 2262
2.57 2261
2.57 2260
2.57 2259
2.57 2258
2.57 2257
2.57 2256
