1.04 1999
1.04 1998
1.04 1997
1.04 1996
1.04 1995
1.04 1994
1.04 1993
1.04 1992
1.04 1991
1.04 1990
1.04 1989
1.04 1988
1.04 1987
1.04 1986
1.04 1985
1.04 1984
1.04 1983
1.04 1982
1.05 1981
1.05 1980
1.05 1979
1.05 1978
1.05 1977
1.05 1976
1.05 1975
1.05 1974
1.05 1973
1.05 1972
1.05 1971
1.05 1970
1.05 1969
1.05 1968
1.05 1967
1.05 1966
1.05 1965
1.05 1964
1.05 1963
1.05 1962
1.05 1961
1.05 1960
1.05 1959
1.05 1958
1.05 1957
1.05 1956
1.05 1955
1.06 1954
1.06 1953
1.06 1952
1.07 1951
1.07 1950
1.07 1949
1.07 1948
1.07 1947
1.07 1946
1.07 1945
1.07 1944
1.07 1943
1.07 1942
1.07 1941
1.07 1940
1.07 1939
1.07 1938
1.08 1937
1.08 1936
1.08 1935
1.08 1934
1.08 1933
1.08 1932
1.08 1931
1.08 1930
1.08 1929
1.08 1928
1.08 1927
1.08 1926
1.08 1925
1.08 1924
1.08 1923
1.08 1922
1.09 1921
1.09 1920
1.09 1919
1.09 1918
1.09 1917
1.09 1916
1.09 1915
1.09 1914
1.09 1913
1.09 1912
1.09 1911
1.09 1910
1.09 1909
1.09 1908
1.09 1907
1.09 1906
1.09 1905
1.09 1904
1.10 1903
1.10 1902
1.10 1901
1.10 1900
1.10 1899
1.10 1898
1.10 1897
1.10 1896
1.10 1895
1.10 1894
1.10 1893
1.10 1892
1.10 1891
1.10 1890
1.10 1889
1.10 1888
1.10 1887
1.10 1886
1.10 1885
1.10 1884
1.10 1883
1.10 1882
1.10 1881
1.10 1880
1.10 1879
1.10 1878
1.10 1877
1.10 1876
1.11 1875
1.11 1874
1.11 1873
1.11 1872
1.11 1871
1.11 1870
1.12 1869
1.12 1868
1.12 1867
1.12 1866
1.12 1865
1.12 1864
1.12 1863
1.12 1862
1.12 1861
1.12 1860
1.12 1859
1.12 1858
1.13 1857
1.13 1856
1.13 1855
1.13 1854
1.13 1853
1.13 1852
1.13 1851
1.13 1850
1.13 1849
1.13 1848
1.13 1847
1.13 1846
1.13 1845
1.13 1844
1.13 1843
1.13 1842
1.13 1841
1.14 1840
1.14 1839
1.14 1838
1.14 1837
1.14 1836
1.14 1835
1.14 1834
1.14 1833
1.14 1832
1.14 1831
1.14 1830
1.14 1829
1.14 1828
1.14 1827
1.14 1826
1.14 1825
1.14 1824
1.14 1823
1.14 1822
1.15 1821
1.15 1820
1.15 1819
1.15 1818
1.15 1817
1.15 1816
1.15 1815
1.15 1814
1.15 1813
1.15 1812
1.15 1811
1.15 1810
1.15 1809
1.15 1808
1.15 1807
1.15 1806
1.15 1805
1.15 1804
1.15 1803
1.16 1802
1.16 1801
1.16 1800
1.16 1799
1.16 1798
1.16 1797
1.16 1796
1.16 1795
1.16 1794
1.16 1793
1.16 1792
1.16 1791
1.16 1790
1.16 1789
1.16 1788
1.16 1787
1.16 1786
1.16 1785
1.16 1784
1.16 1783
1.16 1782
1.16 1781
1.16 1780
1.16 1779
1.16 1778
1.16 1777
1.16 1776
1.17 1775
1.17 1774
1.17 1773
1.17 1772
1.17 1771
1.17 1770
1.17 1769
1.17 1768
1.18 1767
1.18 1766
1.18 1765
1.18 1764
1.18 1763
1.18 1762
1.18 1761
1.18 1760
1.18 1759
1.18 1758
1.18 1757
1.18 1756
1.18 1755
1.18 1754
1.18 1753
1.18 1752
1.18 1751
1.18 1750
1.18 1749
1.19 1748
1.19 1747
1.19 1746
1.19 1745
1.19 1744
1.19 1743
1.19 1742
1.19 1741
1.19 1740
1.19 1739
1.19 1738
1.19 1737
1.19 1736
1.19 1735
1.19 1734
1.19 1733
1.19 1732
1.19 1731
1.19 1730
1.19 1729
1.19 1728
1.19 1727
1.19 1726
1.19 1725
1.19 1724
1.20 1723
1.20 1722
1.20 1721
1.20 1720
1.20 1719
1.20 1718
1.20 1717
1.20 1716
1.20 1715
1.20 1714
1.20 1713
1.20 1712
1.21 1711
1.21 1710
1.21 1709
1.21 1708
1.21 1707
1.21 1706
1.21 1705
1.21 1704
1.21 1703
1.21 1702
1.21 1701
1.21 1700
1.21 1699
1.21 1698
1.21 1697
1.21 1696
1.21 1695
1.21 1694
1.21 1693
1.21 1692
1.21 1691
1.21 1690
1.21 1689
1.21 1688
1.21 1687
1.21 1686
1.21 1685
1.21 1684
1.21 1683
1.21 1682
1.21 1681
1.21 1680
1.22 1679
1.22 1678
1.22 1677
1.23 1676
1.23 1675
1.23 1674
1.23 1673
1.23 1672
1.23 1671
1.23 1670
1.23 1669
1.23 1668
1.23 1667
1.23 1666
1.23 1665
1.23 1664
1.23 1663
1.23 1662
1.23 1661
1.23 1660
1.24 1659
1.24 1658
1.24 1657
1.24 1656
1.24 1655
1.24 1654
1.24 1653
1.24 1652
1.24 1651
1.24 1650
1.24 1649
1.24 1648
1.24 1647
1.24 1646
1.24 1645
1.24 1644
1.24 1643
1.24 1642
1.24 1641
1.24 1640
1.25 1639
1.25 1638
1.25 1637
1.25 1636
1.25 1635
1.25 1634
1.25 1633
1.25 1632
1.25 1631
1.25 1630
1.25 1629
1.25 1628
1.25 1627
1.25 1626
1.25 1625
1.25 1624
1.25 1623
1.25 1622
1.26 1621
1.26 1620
1.26 1619
1.26 1618
1.26 1617
1.26 1616
1.26 1615
1.26 1614
1.26 1613
1.26 1612
1.26 1611
1.26 1610
1.26 1609
1.26 1608
1.26 1607
1.26 1606
1.26 1605
1.26 1604
1.26 1603
1.26 1602
1.27 1601
1.27 1600
1.27 1599
1.27 1598
1.27 1597
1.27 1596
1.27 1595
1.27 1594
1.27 1593
1.27 1592
1.27 1591
1.27 1590
1.27 1589
1.27 1588
1.27 1587
1.27 1586
1.27 1585
1.27 1584
1.28 1583
1.28 1582
1.28 1581
1.28 1580
1.28 1579
1.28 1578
1.28 1577
1.28 1576
1.28 1575
1.28 1574
1.28 1573
1.28 1572
1.28 1571
1.28 1570
1.28 1569
1.28 1568
1.28 1567
1.28 1566
1.28 1565
1.29 1564
1.29 1563
1.29 1562
1.29 1561
1.29 1560
1.29 1559
1.29 1558
1.29 1557
1.29 1556
1.29 1555
1.29 1554
1.29 1553
1.29 1552
1.29 1551
1.29 1550
1.29 1549
1.29 1548
1.29 1547
1.29 1546
1.29 1545
1.30 1544
1.30 1543
1.30 1542
1.30 1541
1.30 1540
1.30 1539
1.30 1538
1.30 1537
1.30 1536
1.30 1535
1.30 1534
1.30 1533
1.30 1532
1.30 1531
1.30 1530
1.30 1529
1.30 1528
1.30 1527
1.30 1526
1.31 1525
1.31 1524
1.31 1523
1.31 1522
1.31 1521
1.31 1520
1.31 1519
1.31 1518
1.31 1517
1.31 1516
1.31 1515
1.31 1514
1.31 1513
1.31 1512
1.31 1511
1.31 1510
1.31 1509
1.31 1508
1.31 1507
1.31 1506
1.31 1505
1.32 1504
1.32 1503
1.32 1502
1.32 1501
1.32 1500
1.32 1499
1.32 1498
1.32 1497
1.32 1496
1.32 1495
1.32 1494
1.32 1493
1.32 1492
1.32 1491
1.32 1490
1.32 1489
1.32 1488
1.32 1487
1.32 1486
1.33 1485
1.33 1484
1.33 1483
1.33 1482
1.33 1481
1.33 1480
1.33 1479
1.33 1478
1.33 1477
1.33 1476
1.33 1475
1.33 1474
1.33 1473
1.33 1472
1.33 1471
1.33 1470
1.33 1469
1.34 1468
1.34 1467
1.34 1466
1.34 1465
1.34 1464
1.34 1463
1.35 1462
1.35 1461
1.35 1460
1.35 1459
1.35 1458
1.35 1457
1.35 1456
1.35 1455
1.35 1454
1.35 1453
1.35 1452
1.35 1451
1.35 1450
1.35 1449
1.35 1448
1.35 1447
1.35 1446
1.35 1445
1.35 1444
1.35 1443
1.36 1442
1.36 1441
1.36 1440
1.36 1439
1.36 1438
1.36 1437
1.36 1436
1.36 1435
1.36 1434
1.36 1433
1.36 1432
1.36 1431
1.36 1430
1.36 1429
1.36 1428
1.36 1427
1.36 1426
1.36 1425
1.37 1424
1.37 1423
1.37 1422
1.37 1421
1.37 1420
1.37 1419
1.37 1418
1.37 1417
1.37 1416
1.37 1415
1.37 1414
1.37 1413
1.37 1412
1.37 1411
1.37 1410
1.37 1409
1.37 1408
1.37 1407
1.37 1406
1.37 1405
1.37 1404
1.37 1403
1.38 1402
1.38 1401
1.38 1400
1.38 1399
1.38 1398
1.38 1397
1.38 1396
1.38 1395
1.38 1394
1.38 1393
1.38 1392
1.38 1391
1.38 1390
1.38 1389
1.38 1388
1.38 1387
1.38 1386
1.38 1385
1.38 1384
1.38 1383
1.38 1382
1.39 1381
1.39 1380
1.39 1379
1.39 1378
1.39 1377
1.39 1376
1.39 1375
1.39 1374
1.39 1373
1.39 1372
1.39 1371
1.39 1370
1.39 1369
1.39 1368
1.39 1367
1.39 1366
1.39 1365
1.39 1364
1.39 1363
1.39 1362
1.39 1361
1.39 1360
1.39 1359
1.39 1358
1.39 1357
1.40 1356
1.40 1355
1.40 1354
1.40 1353
1.40 1352
1.40 1351
1.40 1350
1.40 1349
1.40 1348
1.40 1347
1.40 1346
1.40 1345
1.40 1344
1.40 1343
1.40 1342
1.41 1341
1.41 1340
1.41 1339
1.41 1338
1.41 1337
1.41 1336
1.41 1335
1.41 1334
1.41 1333
1.41 1332
1.41 1331
1.41 1330
1.41 1329
1.41 1328
1.41 1327
1.41 1326
1.41 1325
1.41 1324
1.41 1323
1.41 1322
1.41 1321
1.41 1320
1.41 1319
1.41 1318
1.41 1317
1.41 1316
1.41 1315
1.42 1314
1.42 1313
1.42 1312
1.42 1311
1.42 1310
1.42 1309
1.42 1308
1.42 1307
1.42 1306
1.42 1305
1.46 1304
1.46 1303
1.46 1302
1.46 1301
1.46 1300
1.46 1299
1.46 1298
1.47 1297
1.47 1296
1.47 1295
1.47 1294
1.47 1293
1.47 1292
1.47 1291
1.47 1290
1.47 1289
1.47 1288
1.47 1287
1.47 1286
1.47 1285
1.47 1284
1.47 1283
1.47 1282
1.47 1281
1.47 1280
1.47 1279
1.48 1278
1.48 1277
1.48 1276
1.48 1275
1.48 1274
1.48 1273
1.48 1272
1.48 1271
1.48 1270
1.48 1269
1.48 1268
1.48 1267
1.48 1266
1.48 1265
1.49 1264
1.49 1263
1.49 1262
1.49 1261
1.49 1260
1.49 1259
1.49 1258
1.49 1257
1.49 1256
1.49 1255
1.49 1254
1.49 1253
1.49 1252
1.50 1251
1.50 1250
1.50 1249
1.50 1248
1.50 1247
1.50 1246
1.50 1245
1.50 1244
1.50 1243
1.50 1242
1.50 1241
1.50 1240
1.50 1239
1.50 1238
1.50 1237
1.50 1236
1.50 1235
1.51 1234
1.51 1233
1.51 1232
1.51 1231
1.51 1230
1.51 1229
1.51 1228
1.51 1227
1.51 1226
1.51 1225
1.51 1224
1.51 1223
1.51 1222
1.51 1221
1.51 1220
1.51 1219
1.51 1218
1.51 1217
1.51 1216
1.51 1215
1.51 1214
1.51 1213
1.51 1212
1.52 1211
1.52 1210
1.52 1209
1.52 1208
1.52 1207
1.52 1206
1.52 1205
1.52 1204
1.52 1203
1.52 1202
1.52 1201
1.52 1200
1.52 1199
1.52 1198
1.52 1197
1.52 1196
1.52 1195
1.52 1194
1.52 1193
1.52 1192
1.52 1191
1.52 1190
1.52 1189
1.52 1188
1.52 1187
1.52 1186
1.53 1185
1.53 1184
1.53 1183
1.53 1182
1.53 1181
1.53 1180
1.53 1179
1.53 1178
1.53 1177
1.53 1176
1.53 1175
1.53 1174
1.54 1173
1.54 1172
1.54 1171
1.54 1170
1.54 1169
1.54 1168
1.54 1167
1.54 1166
1.54 1165
1.54 1164
1.54 1163
1.54 1162
1.54 1161
1.54 1160
1.54 1159
1.54 1158
1.54 1157
1.54 1156
1.54 1155
1.54 1154
1.54 1153
1.55 1152
1.55 1151
1.55 1150
1.55 1149
1.55 1148
1.55 1147
1.55 1146
1.55 1145
1.55 1144
1.55 1143
1.55 1142
1.55 1141
1.55 1140
1.55 1139
1.55 1138
1.55 1137
1.55 1136
1.56 1135
1.56 1134
1.56 1133
1.56 1132
1.56 1131
1.56 1130
1.56 1129
1.56 1128
1.56 1127
1.56 1126
1.56 1125
1.56 1124
1.56 1123
1.56 1122
1.56 1121
1.56 1120
1.56 1119
1.56 1118
1.56 1117
1.56 1116
1.56 1115
1.56 1114
1.56 1113
1.56 1112
1.56 1111
1.57 1110
1.57 1109
1.57 1108
1.57 1107
1.57 1106
1.57 1105
1.57 1104
1.57 1103
1.57 1102
1.57 1101
1.57 1100
1.57 1099
1.57 1098
1.57 1097
1.58 1096
1.58 1095
1.58 1094
1.58 1093
1.58 1092
1.58 1091
1.58 1090
1.58 1089
1.58 1088
1.58 1087
1.58 1086
1.58 1085
1.58 1084
1.58 1083
1.58 1082
1.58 1081
1.58 1080
1.58 1079
1.58 1078
1.58 1077
1.58 1076
1.58 1075
1.59 1074
1.59 1073
1.59 1072
1.59 1071
1.59 1070
1.59 1069
1.59 1068
1.59 1067
1.59 1066
1.59 1065
1.59 1064
1.59 1063
1.59 1062
1.59 1061
1.59 1060
1.59 1059
1.59 1058
1.59 1057
1.59 1056
1.59 1055
1.59 1054
1.59 1053
1.59 1052
1.59 1051
1.59 1050
1.59 1049
1.59 1048
1.59 1047
1.60 1046
1.60 1045
1.60 1044
1.60 1043
1.60 1042
1.60 1041
1.60 1040
1.60 1039
1.60 1038
1.60 1037
1.60 1036
1.60 1035
1.60 1034
1.60 1033
1.60 1032
1.60 1031
1.60 1030
1.60 1029
1.60 1028
1.60 1027
1.60 1026
1.60 1025
1.60 1024
1.60 1023
1.60 1022
1.60 1021
1.60 1020
1.60 1019
1.60 1018
1.60 1017
1.60 1016
1.60 1015
1.60 1014
1.60 1013
1.62 1012
1.62 1011
1.62 1010
1.62 1009
1.62 1008
1.62 1007
1.62 1006
1.62 1005
1.62 1004
1.62 1003
1.62 1002
1.62 1001
1.62 1000
