0.32 1971
0.32 1970
0.32 1969
0.32 1968
0.32 1967
0.33 1966
0.33 1965
0.33 1964
0.33 1963
0.33 1962
0.33 1961
0.33 1960
0.33 1959
0.33 1958
0.33 1957
0.33 1956
0.33 1955
0.33 1954
0.33 1953
0.33 1952
0.33 1951
0.33 1950
0.33 1949
0.33 1948
0.33 1947
0.33 1946
0.33 1945
0.33 1944
0.33 1943
0.33 1942
0.33 1941
0.35 1940
0.35 1939
0.35 1938
0.35 1937
0.35 1936
0.35 1935
0.35 1934
0.35 1933
0.35 1932
0.35 1931
0.35 1930
0.35 1929
0.35 1928
0.35 1927
0.35 1926
0.35 1925
0.35 1924
0.35 1923
0.35 1922
0.35 1921
0.35 1920
0.35 1919
0.36 1918
0.36 1917
0.36 1916
0.36 1915
0.36 1914
0.36 1913
0.36 1912
0.36 1911
0.36 1910
0.36 1909
0.36 1908
0.36 1907
0.36 1906
0.36 1905
0.36 1904
0.36 1903
0.36 1902
0.36 1901
0.36 1900
0.36 1899
0.36 1898
0.36 1897
0.36 1896
0.36 1895
0.36 1894
0.36 1893
0.38 1892
0.38 1891
0.38 1890
0.38 1889
0.38 1888
0.38 1887
0.38 1886
0.38 1885
0.38 1884
0.38 1883
0.38 1882
0.38 1881
0.38 1880
0.38 1879
0.38 1878
0.38 1877
0.38 1876
0.38 1875
0.38 1874
0.38 1873
0.38 1872
0.38 1871
0.38 1870
0.38 1869
0.38 1868
0.38 1867
0.38 1866
0.39 1865
0.39 1864
0.39 1863
0.39 1862
0.39 1861
0.39 1860
0.39 1859
0.39 1858
0.39 1857
0.39 1856
0.39 1855
0.39 1854
0.39 1853
0.39 1852
0.39 1851
0.39 1850
0.39 1849
0.39 1848
0.39 1847
0.39 1846
0.39 1845
0.39 1844
0.39 1843
0.41 1842
0.41 1841
0.41 1840
0.41 1839
0.41 1838
0.41 1837
0.41 1836
0.41 1835
0.41 1834
0.41 1833
0.41 1832
0.41 1831
0.41 1830
0.41 1829
0.43 1828
0.43 1827
0.43 1826
0.43 1825
0.43 1824
0.43 1823
0.43 1822
0.43 1821
0.43 1820
0.43 1819
0.43 1818
0.43 1817
0.44 1816
0.44 1815
0.44 1814
0.44 1813
0.46 1812
2.67 1811
2.67 1810
2.67 1809
2.67 1808
2.68 1807
2.68 1806
2.68 1805
2.69 1804
2.69 1803
2.69 1802
2.70 1801
14.67 1800
14.67 1799
14.68 1798
14.68 1797
