0.44 999
0.44 998
0.44 997
0.44 996
0.44 995
0.44 994
0.44 993
0.44 992
0.44 991
0.44 990
0.44 989
0.44 988
0.44 987
0.44 986
0.44 985
0.44 984
0.46 983
0.46 982
0.46 981
0.46 980
0.46 979
0.46 978
0.46 977
0.46 976
0.46 975
0.46 974
0.46 973
0.46 972
0.46 971
0.46 970
0.46 969
0.46 968
0.46 967
0.46 966
0.46 965
0.46 964
0.46 963
0.46 962
0.46 961
0.46 960
0.46 959
0.46 958
0.46 957
0.46 956
0.46 955
0.46 954
0.46 953
0.46 952
0.46 951
0.46 950
0.46 949
0.46 948
0.46 947
0.46 946
0.46 945
0.47 944
0.47 943
0.47 942
0.47 941
0.47 940
0.47 939
0.47 938
0.47 937
0.47 936
0.47 935
0.47 934
2.45 933
