0.02 3735
0.02 3734
0.02 3733
0.02 3732
0.02 3731
0.02 3730
0.02 3729
0.02 3728
0.02 3727
0.02 3726
0.03 3725
0.03 3724
0.03 3723
0.03 3722
0.03 3721
0.03 3720
0.03 3719
0.03 3718
0.03 3717
0.03 3716
0.03 3715
0.03 3714
0.03 3713
0.03 3712
0.04 3711
0.04 3710
0.04 3709
0.04 3708
0.04 3707
0.04 3706
0.04 3705
0.04 3704
0.05 3703
0.05 3702
0.05 3701
0.05 3700
0.05 3699
0.05 3698
0.05 3697
0.05 3696
0.05 3695
0.05 3694
0.05 3693
0.06 3692
0.06 3691
0.06 3690
0.06 3689
0.06 3688
0.06 3687
0.06 3686
0.06 3685
0.06 3684
0.06 3683
0.06 3682
0.06 3681
0.06 3680
0.07 3679
0.07 3678
0.07 3677
0.07 3676
0.07 3675
0.07 3674
0.07 3673
0.07 3672
0.07 3671
0.07 3670
0.07 3669
0.07 3668
0.07 3667
0.07 3666
0.07 3665
0.07 3664
0.08 3663
0.08 3662
0.08 3661
0.08 3660
0.08 3659
0.08 3658
0.08 3657
0.08 3656
0.08 3655
0.08 3654
0.09 3653
0.09 3652
0.09 3651
0.09 3650
0.09 3649
0.09 3648
0.09 3647
0.09 3646
0.09 3645
0.09 3644
0.09 3643
0.09 3642
0.10 3641
0.10 3640
0.10 3639
0.10 3638
0.10 3637
0.10 3636
0.10 3635
0.10 3634
0.10 3633
0.10 3632
0.10 3631
0.10 3630
0.10 3629
0.10 3628
0.10 3627
0.10 3626
0.11 3625
0.11 3624
0.11 3623
0.11 3622
0.11 3621
0.11 3620
0.11 3619
0.11 3618
0.11 3617
0.11 3616
0.12 3615
0.12 3614
0.12 3613
0.12 3612
0.12 3611
0.12 3610
0.12 3609
0.12 3608
0.12 3607
0.12 3606
0.12 3605
0.13 3604
0.13 3603
0.13 3602
0.13 3601
0.13 3600
0.13 3599
0.13 3598
0.13 3597
0.13 3596
0.13 3595
0.13 3594
0.14 3593
0.14 3592
0.14 3591
0.14 3590
0.14 3589
0.14 3588
0.14 3587
0.14 3586
0.14 3585
0.14 3584
0.14 3583
0.14 3582
0.14 3581
0.14 3580
0.14 3579
0.14 3578
0.14 3577
0.14 3576
0.14 3575
0.15 3574
0.15 3573
0.15 3572
0.15 3571
0.15 3570
0.15 3569
0.15 3568
0.15 3567
0.15 3566
0.16 3565
0.16 3564
0.16 3563
0.16 3562
0.16 3561
0.16 3560
0.16 3559
0.16 3558
0.16 3557
0.16 3556
0.16 3555
0.17 3554
0.17 3553
0.17 3552
0.17 3551
0.17 3550
0.17 3549
0.17 3548
0.17 3547
0.17 3546
0.17 3545
0.17 3544
0.17 3543
0.17 3542
0.17 3541
0.18 3540
0.18 3539
0.18 3538
0.18 3537
0.18 3536
0.18 3535
0.18 3534
0.18 3533
0.18 3532
0.18 3531
0.18 3530
0.18 3529
0.18 3528
0.18 3527
0.19 3526
0.19 3525
0.19 3524
0.19 3523
0.19 3522
0.19 3521
0.19 3520
0.19 3519
0.19 3518
0.19 3517
0.19 3516
0.19 3515
0.19 3514
0.19 3513
0.19 3512
0.20 3511
0.20 3510
0.20 3509
0.20 3508
0.20 3507
0.20 3506
0.20 3505
0.20 3504
0.20 3503
0.20 3502
0.20 3501
0.20 3500
0.20 3499
0.20 3498
0.21 3497
0.21 3496
0.21 3495
0.21 3494
0.21 3493
0.21 3492
0.21 3491
0.21 3490
0.21 3489
0.21 3488
0.21 3487
0.21 3486
0.21 3485
0.22 3484
0.22 3483
0.22 3482
0.22 3481
0.22 3480
0.22 3479
0.22 3478
0.22 3477
0.22 3476
0.22 3475
0.22 3474
0.22 3473
0.22 3472
0.23 3471
0.23 3470
0.23 3469
0.23 3468
0.23 3467
0.23 3466
0.23 3465
0.23 3464
0.23 3463
0.23 3462
0.23 3461
0.23 3460
0.24 3459
0.24 3458
0.24 3457
0.24 3456
0.24 3455
0.24 3454
0.24 3453
0.24 3452
0.24 3451
0.24 3450
0.24 3449
0.24 3448
0.24 3447
0.25 3446
0.25 3445
0.25 3444
0.25 3443
0.25 3442
0.25 3441
0.25 3440
0.25 3439
0.25 3438
0.25 3437
0.25 3436
0.25 3435
0.25 3434
0.26 3433
0.26 3432
0.26 3431
0.26 3430
0.26 3429
0.26 3428
0.26 3427
0.26 3426
0.26 3425
0.26 3424
0.26 3423
0.26 3422
0.26 3421
0.26 3420
0.27 3419
0.27 3418
0.27 3417
0.27 3416
0.27 3415
0.27 3414
0.27 3413
0.27 3412
0.27 3411
0.27 3410
0.27 3409
0.27 3408
0.28 3407
0.28 3406
0.28 3405
0.28 3404
0.28 3403
0.28 3402
0.28 3401
0.28 3400
0.28 3399
0.28 3398
0.28 3397
0.28 3396
0.28 3395
0.29 3394
0.29 3393
0.29 3392
0.29 3391
0.29 3390
0.29 3389
0.29 3388
0.29 3387
0.29 3386
0.29 3385
0.29 3384
0.29 3383
0.30 3382
0.30 3381
0.30 3380
0.30 3379
0.30 3378
0.30 3377
0.30 3376
0.30 3375
0.30 3374
0.30 3373
0.30 3372
0.30 3371
0.30 3370
0.30 3369
0.31 3368
0.31 3367
0.31 3366
0.31 3365
0.31 3364
0.31 3363
0.31 3362
0.31 3361
0.31 3360
0.31 3359
0.31 3358
0.31 3357
0.31 3356
0.31 3355
0.31 3354
0.31 3353
0.31 3352
0.31 3351
0.31 3350
0.31 3349
0.31 3348
0.31 3347
0.32 3346
0.32 3345
0.32 3344
0.32 3343
0.32 3342
0.32 3341
0.32 3340
0.32 3339
0.32 3338
0.32 3337
0.32 3336
0.32 3335
0.32 3334
0.32 3333
0.32 3332
0.32 3331
0.32 3330
0.32 3329
0.32 3328
0.32 3327
0.32 3326
0.34 3325
0.34 3324
0.34 3323
0.34 3322
0.34 3321
0.34 3320
0.34 3319
0.34 3318
0.34 3317
0.34 3316
0.34 3315
0.34 3314
0.34 3313
0.34 3312
0.34 3311
0.34 3310
0.34 3309
0.34 3308
0.34 3307
0.36 3306
0.36 3305
0.36 3304
0.36 3303
0.36 3302
0.36 3301
0.36 3300
0.36 3299
0.36 3298
0.36 3297
0.36 3296
0.36 3295
0.36 3294
0.36 3293
0.36 3292
0.36 3291
0.36 3290
0.36 3289
0.36 3288
0.37 3287
0.37 3286
0.37 3285
0.37 3284
0.37 3283
0.37 3282
0.37 3281
0.37 3280
0.37 3279
0.37 3278
0.37 3277
0.37 3276
0.37 3275
0.37 3274
0.37 3273
0.37 3272
0.37 3271
0.37 3270
0.37 3269
0.39 3268
0.39 3267
0.39 3266
0.39 3265
0.39 3264
0.39 3263
0.39 3262
0.39 3261
0.39 3260
0.39 3259
0.39 3258
0.39 3257
0.39 3256
0.39 3255
0.39 3254
0.39 3253
0.39 3252
0.39 3251
0.39 3250
0.39 3249
0.40 3248
0.40 3247
0.40 3246
0.40 3245
0.40 3244
0.40 3243
0.40 3242
0.40 3241
0.40 3240
0.40 3239
0.40 3238
0.40 3237
0.41 3236
0.41 3235
0.41 3234
0.41 3233
0.41 3232
0.41 3231
0.41 3230
0.41 3229
0.41 3228
0.42 3227
0.42 3226
0.42 3225
0.42 3224
0.42 3223
0.42 3222
0.42 3221
0.42 3220
0.42 3219
0.42 3218
0.42 3217
0.42 3216
0.42 3215
0.42 3214
0.42 3213
0.42 3212
0.42 3211
0.42 3210
0.42 3209
0.42 3208
0.43 3207
0.43 3206
0.43 3205
0.43 3204
0.43 3203
0.43 3202
0.43 3201
0.43 3200
0.43 3199
0.43 3198
0.43 3197
0.43 3196
0.43 3195
0.43 3194
0.43 3193
0.43 3192
0.43 3191
0.43 3190
0.43 3189
0.43 3188
0.45 3187
0.45 3186
0.45 3185
0.45 3184
0.45 3183
0.45 3182
0.45 3181
0.45 3180
0.45 3179
0.45 3178
0.45 3177
0.45 3176
0.45 3175
0.45 3174
0.45 3173
0.45 3172
0.45 3171
0.45 3170
0.45 3169
0.45 3168
0.47 3167
0.47 3166
0.47 3165
0.47 3164
0.47 3163
0.47 3162
0.47 3161
0.47 3160
0.47 3159
0.47 3158
0.47 3157
0.47 3156
0.47 3155
0.47 3154
0.47 3153
0.47 3152
0.47 3151
0.47 3150
0.47 3149
0.47 3148
0.47 3147
0.47 3146
0.48 3145
0.48 3144
0.48 3143
0.48 3142
0.48 3141
0.48 3140
0.48 3139
0.48 3138
0.48 3137
0.48 3136
0.48 3135
0.48 3134
0.48 3133
0.48 3132
0.48 3131
0.48 3130
0.48 3129
0.48 3128
0.48 3127
0.48 3126
0.48 3125
0.48 3124
0.48 3123
0.48 3122
0.50 3121
0.50 3120
0.50 3119
0.50 3118
0.50 3117
0.50 3116
0.50 3115
0.50 3114
0.50 3113
0.50 3112
0.50 3111
0.50 3110
0.50 3109
0.50 3108
0.50 3107
0.50 3106
0.50 3105
0.50 3104
0.50 3103
0.50 3102
0.50 3101
0.51 3100
0.51 3099
0.51 3098
0.51 3097
0.51 3096
0.51 3095
0.51 3094
0.51 3093
0.51 3092
0.51 3091
0.51 3090
0.51 3089
0.51 3088
0.51 3087
0.51 3086
0.51 3085
0.51 3084
0.51 3083
0.51 3082
0.51 3081
0.53 3080
0.53 3079
0.53 3078
0.53 3077
0.53 3076
0.53 3075
0.53 3074
0.53 3073
0.53 3072
0.53 3071
0.53 3070
0.53 3069
0.53 3068
0.53 3067
0.53 3066
0.53 3065
0.53 3064
0.53 3063
0.53 3062
0.53 3061
0.53 3060
0.54 3059
0.54 3058
0.54 3057
0.54 3056
0.54 3055
0.54 3054
0.54 3053
0.54 3052
0.54 3051
0.54 3050
0.54 3049
0.54 3048
0.54 3047
0.54 3046
0.54 3045
0.54 3044
0.54 3043
0.54 3042
0.54 3041
0.54 3040
0.56 3039
0.56 3038
0.56 3037
0.56 3036
0.56 3035
0.56 3034
0.56 3033
0.56 3032
0.56 3031
0.56 3030
0.56 3029
0.56 3028
0.56 3027
0.56 3026
0.56 3025
0.56 3024
0.56 3023
0.56 3022
0.56 3021
0.56 3020
0.56 3019
0.56 3018
0.56 3017
0.56 3016
0.56 3015
0.57 3014
0.57 3013
0.57 3012
0.57 3011
0.57 3010
0.57 3009
0.57 3008
0.57 3007
0.57 3006
0.57 3005
0.57 3004
0.57 3003
0.57 3002
0.57 3001
0.57 3000
0.57 2999
0.57 2998
0.57 2997
0.57 2996
0.57 2995
0.57 2994
0.57 2993
0.57 2992
0.59 2991
0.59 2990
0.59 2989
0.59 2988
0.59 2987
0.59 2986
0.59 2985
0.59 2984
0.59 2983
0.59 2982
0.59 2981
0.59 2980
0.59 2979
0.59 2978
0.59 2977
0.59 2976
0.59 2975
0.59 2974
0.59 2973
0.59 2972
0.59 2971
0.59 2970
0.61 2969
0.61 2968
0.61 2967
0.61 2966
0.61 2965
0.61 2964
0.61 2963
0.61 2962
0.61 2961
0.61 2960
0.61 2959
0.61 2958
0.61 2957
0.61 2956
0.61 2955
0.61 2954
0.61 2953
0.61 2952
0.61 2951
0.61 2950
0.61 2949
0.61 2948
0.62 2947
0.62 2946
0.62 2945
0.62 2944
0.62 2943
0.62 2942
0.62 2941
0.62 2940
0.62 2939
0.62 2938
0.62 2937
0.62 2936
0.62 2935
0.62 2934
0.62 2933
0.62 2932
0.62 2931
0.62 2930
0.62 2929
0.62 2928
0.62 2927
0.62 2926
0.62 2925
0.64 2924
0.64 2923
0.64 2922
0.64 2921
0.64 2920
0.64 2919
0.64 2918
0.64 2917
0.64 2916
0.64 2915
0.64 2914
0.64 2913
0.64 2912
0.64 2911
0.64 2910
0.64 2909
0.64 2908
0.64 2907
0.64 2906
0.64 2905
0.64 2904
0.64 2903
0.64 2902
0.64 2901
0.64 2900
0.65 2899
0.65 2898
0.65 2897
0.65 2896
0.65 2895
0.65 2894
0.65 2893
0.65 2892
0.65 2891
0.65 2890
0.65 2889
0.65 2888
0.65 2887
0.65 2886
0.65 2885
0.65 2884
0.65 2883
0.65 2882
0.65 2881
0.65 2880
0.65 2879
0.65 2878
0.65 2877
0.65 2876
0.65 2875
0.67 2874
0.67 2873
0.67 2872
0.67 2871
0.67 2870
0.67 2869
0.67 2868
0.67 2867
0.67 2866
0.67 2865
0.67 2864
0.67 2863
0.67 2862
0.67 2861
0.67 2860
0.67 2859
0.67 2858
0.67 2857
0.67 2856
0.67 2855
0.67 2854
0.67 2853
0.67 2852
0.67 2851
0.67 2850
0.69 2849
0.69 2848
0.69 2847
0.69 2846
0.69 2845
0.69 2844
0.69 2843
0.69 2842
0.69 2841
0.69 2840
0.69 2839
0.69 2838
0.69 2837
0.69 2836
0.69 2835
0.69 2834
0.69 2833
0.69 2832
0.69 2831
0.69 2830
0.69 2829
0.70 2828
0.70 2827
0.70 2826
0.70 2825
0.70 2824
0.70 2823
0.70 2822
0.70 2821
0.70 2820
0.70 2819
0.70 2818
0.70 2817
0.70 2816
0.71 2815
0.71 2814
0.71 2813
0.71 2812
0.71 2811
0.71 2810
0.72 2809
0.72 2808
0.72 2807
0.72 2806
0.72 2805
0.72 2804
0.72 2803
0.72 2802
0.72 2801
0.72 2800
0.72 2799
0.72 2798
0.72 2797
0.73 2796
0.73 2795
0.73 2794
0.73 2793
0.73 2792
0.73 2791
0.73 2790
0.73 2789
0.73 2788
0.73 2787
0.73 2786
0.73 2785
0.73 2784
0.73 2783
0.73 2782
0.73 2781
0.74 2780
0.74 2779
0.74 2778
0.74 2777
0.74 2776
0.74 2775
0.74 2774
0.74 2773
0.74 2772
0.74 2771
0.74 2770
0.74 2769
0.74 2768
0.74 2767
0.75 2766
0.75 2765
0.75 2764
0.75 2763
0.75 2762
0.75 2761
0.75 2760
0.75 2759
0.75 2758
0.75 2757
0.75 2756
0.75 2755
0.75 2754
0.75 2753
0.76 2752
0.76 2751
0.76 2750
0.76 2749
0.76 2748
0.76 2747
0.76 2746
0.76 2745
0.76 2744
0.76 2743
0.76 2742
0.76 2741
0.76 2740
0.76 2739
0.76 2738
0.76 2737
0.76 2736
0.76 2735
0.76 2734
0.76 2733
0.76 2732
0.76 2731
0.76 2730
0.76 2729
0.76 2728
0.76 2727
0.77 2726
0.77 2725
0.77 2724
0.77 2723
0.77 2722
0.77 2721
0.77 2720
0.77 2719
0.77 2718
0.77 2717
0.77 2716
0.77 2715
0.77 2714
0.77 2713
0.77 2712
0.77 2711
0.77 2710
0.77 2709
0.77 2708
0.77 2707
0.77 2706
0.77 2705
0.77 2704
0.77 2703
0.77 2702
0.77 2701
0.79 2700
0.79 2699
0.79 2698
0.79 2697
0.79 2696
0.79 2695
0.79 2694
0.79 2693
0.79 2692
0.79 2691
0.79 2690
0.79 2689
0.79 2688
0.79 2687
0.79 2686
0.79 2685
0.79 2684
0.79 2683
0.79 2682
0.79 2681
0.79 2680
0.79 2679
0.79 2678
0.79 2677
0.79 2676
0.80 2675
0.80 2674
0.80 2673
0.80 2672
0.80 2671
0.80 2670
0.80 2669
0.80 2668
0.80 2667
0.80 2666
0.80 2665
0.81 2664
0.81 2663
0.81 2662
0.81 2661
0.81 2660
0.81 2659
0.81 2658
0.81 2657
0.81 2656
0.81 2655
0.82 2654
0.82 2653
0.82 2652
0.82 2651
0.82 2650
0.82 2649
0.82 2648
0.82 2647
0.82 2646
0.82 2645
0.82 2644
0.82 2643
0.82 2642
0.82 2641
0.82 2640
0.82 2639
0.82 2638
0.82 2637
0.82 2636
0.82 2635
0.82 2634
0.82 2633
0.82 2632
0.82 2631
0.82 2630
0.84 2629
0.84 2628
0.84 2627
0.84 2626
0.84 2625
0.84 2624
0.84 2623
0.84 2622
0.84 2621
0.84 2620
0.84 2619
0.84 2618
0.84 2617
0.84 2616
0.84 2615
0.84 2614
0.84 2613
0.84 2612
0.84 2611
0.84 2610
0.84 2609
0.84 2608
0.84 2607
0.85 2606
0.85 2605
0.85 2604
0.85 2603
0.85 2602
0.85 2601
0.85 2600
0.85 2599
0.85 2598
0.85 2597
0.85 2596
0.85 2595
0.85 2594
0.85 2593
0.85 2592
0.85 2591
0.85 2590
0.85 2589
0.85 2588
0.85 2587
0.85 2586
0.85 2585
0.85 2584
0.85 2583
0.85 2582
0.87 2581
0.87 2580
0.87 2579
0.87 2578
0.87 2577
0.87 2576
0.87 2575
0.87 2574
0.87 2573
0.87 2572
0.87 2571
0.87 2570
0.87 2569
0.87 2568
0.87 2567
0.87 2566
0.87 2565
0.87 2564
0.87 2563
0.87 2562
0.87 2561
0.87 2560
0.87 2559
0.87 2558
0.87 2557
0.87 2556
0.87 2555
0.88 2554
0.88 2553
0.88 2552
0.88 2551
0.88 2550
0.88 2549
0.88 2548
0.88 2547
0.88 2546
0.88 2545
0.88 2544
0.88 2543
0.88 2542
0.88 2541
0.88 2540
0.88 2539
0.88 2538
0.88 2537
0.88 2536
0.88 2535
0.88 2534
0.88 2533
0.88 2532
0.88 2531
0.88 2530
0.90 2529
0.90 2528
0.90 2527
0.90 2526
0.90 2525
0.90 2524
0.90 2523
0.90 2522
0.90 2521
0.90 2520
0.90 2519
0.90 2518
0.90 2517
0.90 2516
0.90 2515
0.90 2514
0.90 2513
0.90 2512
0.90 2511
0.90 2510
0.90 2509
0.90 2508
0.90 2507
0.90 2506
0.91 2505
0.91 2504
0.91 2503
0.91 2502
0.91 2501
0.91 2500
0.91 2499
0.91 2498
0.91 2497
0.91 2496
0.91 2495
0.91 2494
0.91 2493
0.91 2492
0.91 2491
0.91 2490
0.91 2489
0.91 2488
0.91 2487
0.91 2486
0.91 2485
0.91 2484
0.91 2483
0.91 2482
0.91 2481
0.91 2480
0.91 2479
0.93 2478
0.93 2477
0.93 2476
0.93 2475
0.93 2474
0.93 2473
0.93 2472
0.93 2471
0.93 2470
0.93 2469
0.93 2468
0.93 2467
0.93 2466
0.93 2465
0.93 2464
0.93 2463
0.93 2462
0.93 2461
0.93 2460
0.95 2459
0.95 2458
0.95 2457
0.95 2456
0.95 2455
0.95 2454
0.95 2453
0.95 2452
0.95 2451
0.95 2450
0.95 2449
0.95 2448
0.95 2447
0.95 2446
0.95 2445
0.95 2444
0.95 2443
0.95 2442
0.95 2441
0.95 2440
0.95 2439
0.95 2438
0.95 2437
0.96 2436
0.96 2435
0.96 2434
0.96 2433
0.96 2432
0.96 2431
0.96 2430
0.96 2429
0.96 2428
0.96 2427
0.96 2426
0.96 2425
0.96 2424
0.96 2423
0.96 2422
0.96 2421
0.96 2420
0.96 2419
0.96 2418
0.96 2417
0.96 2416
0.96 2415
0.96 2414
0.96 2413
0.98 2412
0.98 2411
0.98 2410
0.98 2409
0.98 2408
0.98 2407
0.98 2406
0.98 2405
0.98 2404
0.98 2403
0.98 2402
0.98 2401
0.98 2400
0.98 2399
0.98 2398
0.98 2397
0.98 2396
0.98 2395
0.98 2394
0.98 2393
0.98 2392
0.98 2391
0.98 2390
0.98 2389
0.99 2388
0.99 2387
0.99 2386
0.99 2385
0.99 2384
0.99 2383
0.99 2382
0.99 2381
0.99 2380
0.99 2379
0.99 2378
0.99 2377
0.99 2376
0.99 2375
0.99 2374
0.99 2373
0.99 2372
0.99 2371
0.99 2370
0.99 2369
0.99 2368
0.99 2367
0.99 2366
1.01 2365
1.01 2364
1.01 2363
1.01 2362
1.01 2361
1.01 2360
1.01 2359
1.01 2358
1.01 2357
1.01 2356
1.01 2355
1.01 2354
1.01 2353
1.01 2352
1.01 2351
1.01 2350
1.01 2349
1.01 2348
1.01 2347
1.01 2346
1.01 2345
1.01 2344
1.01 2343
1.01 2342
1.02 2341
1.02 2340
1.02 2339
1.02 2338
1.02 2337
1.02 2336
1.02 2335
1.02 2334
1.02 2333
1.02 2332
1.02 2331
1.02 2330
1.02 2329
2.45 2272
2.45 2271
2.45 2270
2.45 2269
2.45 2268
2.45 2267
2.45 2266
2.45 2265
2.45 2264
2.45 2263
2.45 2262
2.45 2261
2.45 2260
2.45 2259
2.45 2258
2.47 2257
2.47 2256
2.47 2255
19.36 2254
19.36 2253
