1.01 1959
1.03 1958
1.03 1957
1.03 1956
1.03 1955
1.03 1954
1.03 1953
1.03 1952
1.03 1951
1.03 1950
1.03 1949
1.03 1948
1.03 1947
1.03 1946
1.03 1945
1.03 1944
1.03 1943
1.03 1942
1.03 1941
1.03 1940
1.03 1939
1.03 1938
1.04 1937
1.04 1936
1.04 1935
1.04 1934
1.04 1933
1.04 1932
1.04 1931
1.04 1930
1.04 1929
1.04 1928
1.04 1927
1.04 1926
1.04 1925
1.04 1924
1.04 1923
1.04 1922
1.04 1921
1.04 1920
1.04 1919
1.04 1918
1.06 1917
1.06 1916
1.06 1915
1.06 1914
1.06 1913
1.06 1912
1.06 1911
1.06 1910
1.06 1909
1.06 1908
1.06 1907
1.06 1906
1.07 1905
1.07 1904
1.07 1903
1.07 1902
1.07 1901
1.07 1900
1.07 1899
1.07 1898
1.07 1897
1.07 1896
1.07 1895
1.07 1894
1.07 1893
1.07 1892
1.07 1891
1.07 1890
1.07 1889
1.07 1888
1.07 1887
1.07 1886
1.07 1885
1.07 1884
1.07 1883
1.07 1882
1.07 1881
1.07 1880
1.07 1879
1.07 1878
1.07 1877
1.07 1876
1.07 1875
1.07 1874
1.09 1873
1.09 1872
1.09 1871
1.09 1870
1.09 1869
1.09 1868
1.09 1867
1.09 1866
1.09 1865
1.09 1864
1.09 1863
1.09 1862
1.09 1861
1.09 1860
1.09 1859
1.09 1858
1.09 1857
1.09 1856
1.09 1855
1.09 1854
1.09 1853
1.09 1852
1.11 1851
1.11 1850
1.11 1849
1.11 1848
1.11 1847
1.11 1846
1.11 1845
1.11 1844
1.11 1843
1.11 1842
1.11 1841
1.11 1840
1.11 1839
1.11 1838
1.11 1837
1.11 1836
1.11 1835
1.11 1834
1.11 1833
1.11 1832
1.11 1831
1.11 1830
1.12 1829
1.12 1828
1.12 1827
1.12 1826
1.12 1825
1.12 1824
1.12 1823
1.12 1822
1.12 1821
1.12 1820
1.12 1819
1.12 1818
1.12 1817
1.12 1816
1.12 1815
1.12 1814
1.12 1813
1.12 1812
1.12 1811
1.12 1810
1.12 1809
1.12 1808
1.12 1807
1.14 1806
1.14 1805
1.14 1804
1.14 1803
1.14 1802
1.14 1801
1.14 1800
1.14 1799
1.14 1798
1.14 1797
1.14 1796
1.14 1795
1.14 1794
1.14 1793
1.14 1792
1.14 1791
1.14 1790
1.14 1789
1.14 1788
1.14 1787
1.14 1786
1.15 1785
1.15 1784
1.15 1783
1.15 1782
1.15 1781
1.15 1780
1.15 1779
1.15 1778
1.15 1777
1.15 1776
1.15 1775
1.15 1774
1.15 1773
1.15 1772
1.15 1771
1.15 1770
1.15 1769
1.15 1768
1.15 1767
1.15 1766
1.17 1765
1.17 1764
1.17 1763
1.17 1762
1.17 1761
1.17 1760
1.17 1759
1.17 1758
1.17 1757
1.17 1756
1.17 1755
1.17 1754
1.17 1753
1.17 1752
1.17 1751
1.17 1750
1.17 1749
1.17 1748
1.17 1747
1.17 1746
1.17 1745
1.17 1744
1.17 1743
1.17 1742
1.17 1741
1.18 1740
1.18 1739
1.18 1738
1.18 1737
1.18 1736
1.18 1735
1.18 1734
1.18 1733
1.18 1732
1.18 1731
1.18 1730
1.18 1729
1.18 1728
1.18 1727
1.18 1726
1.18 1725
1.18 1724
1.18 1723
1.20 1722
1.20 1721
1.20 1720
1.20 1719
1.20 1718
1.20 1717
1.20 1716
1.20 1715
1.20 1714
1.20 1713
1.20 1712
1.20 1711
1.20 1710
1.20 1709
1.20 1708
1.20 1707
1.20 1706
1.20 1705
1.20 1704
1.22 1703
1.22 1702
1.22 1701
1.22 1700
1.22 1699
1.22 1698
1.22 1697
1.22 1696
1.22 1695
1.22 1694
1.22 1693
1.22 1692
1.22 1691
1.22 1690
1.22 1689
1.22 1688
1.22 1687
1.22 1686
1.22 1685
1.22 1684
1.22 1683
1.22 1682
1.22 1681
1.23 1680
1.23 1679
1.23 1678
1.23 1677
1.23 1676
1.23 1675
1.23 1674
1.23 1673
1.23 1672
1.23 1671
1.23 1670
1.23 1669
1.23 1668
1.23 1667
1.23 1666
1.23 1665
1.23 1664
1.23 1663
1.23 1662
1.23 1661
1.23 1660
1.23 1659
1.23 1658
1.25 1657
1.25 1656
1.25 1655
1.25 1654
1.25 1653
1.25 1652
1.25 1651
1.25 1650
1.25 1649
1.25 1648
1.25 1647
1.25 1646
1.25 1645
1.25 1644
1.25 1643
1.25 1642
1.25 1641
1.25 1640
1.25 1639
1.25 1638
1.25 1637
1.25 1636
1.25 1635
1.26 1634
1.26 1633
1.26 1632
1.26 1631
1.26 1630
1.26 1629
1.27 1628
1.27 1627
1.27 1626
1.27 1625
1.27 1624
1.27 1623
1.27 1622
1.27 1621
1.27 1620
1.27 1619
1.27 1618
1.27 1617
1.27 1616
1.27 1615
1.27 1614
1.27 1613
1.27 1612
1.28 1611
1.28 1610
1.28 1609
1.28 1608
1.28 1607
1.28 1606
1.28 1605
1.28 1604
1.28 1603
1.28 1602
1.28 1601
1.28 1600
1.28 1599
1.28 1598
1.28 1597
1.28 1596
1.28 1595
1.28 1594
1.28 1593
1.30 1592
1.30 1591
1.30 1590
1.30 1589
1.30 1588
1.30 1587
1.30 1586
1.30 1585
1.30 1584
1.30 1583
1.30 1582
1.30 1581
1.30 1580
1.30 1579
1.30 1578
1.30 1577
1.30 1576
1.30 1575
1.31 1574
1.31 1573
1.31 1572
1.31 1571
1.31 1570
1.31 1569
1.31 1568
1.31 1567
1.31 1566
1.31 1565
1.31 1564
1.31 1563
1.31 1562
1.31 1561
1.31 1560
1.31 1559
1.31 1558
1.31 1557
1.31 1556
1.33 1555
1.33 1554
1.33 1553
1.33 1552
1.33 1551
1.33 1550
1.33 1549
1.33 1548
1.33 1547
1.33 1546
1.33 1545
1.33 1544
1.33 1543
1.33 1542
1.33 1541
1.33 1540
1.33 1539
1.33 1538
1.34 1537
1.34 1536
1.34 1535
1.34 1534
1.34 1533
1.34 1532
1.34 1531
1.34 1530
1.34 1529
1.34 1528
1.34 1527
1.34 1526
1.34 1525
1.34 1524
1.34 1523
1.34 1522
1.34 1521
1.34 1520
1.36 1519
1.36 1518
1.36 1517
1.36 1516
1.36 1515
1.36 1514
1.36 1513
1.36 1512
1.36 1511
1.36 1510
1.36 1509
1.36 1508
1.37 1507
1.37 1506
1.37 1505
1.37 1504
1.37 1503
1.37 1502
1.37 1501
1.37 1500
1.37 1499
1.37 1498
1.37 1497
1.37 1496
1.37 1495
1.37 1494
1.37 1493
1.37 1492
1.37 1491
1.37 1490
1.37 1489
1.37 1488
1.37 1487
1.37 1486
1.37 1485
1.37 1484
1.37 1483
1.37 1482
1.37 1481
1.37 1480
1.37 1479
1.37 1478
1.37 1477
1.37 1476
1.37 1475
1.39 1474
1.39 1473
1.39 1472
1.39 1471
1.39 1470
1.39 1469
1.39 1468
1.39 1467
1.39 1466
1.39 1465
1.39 1464
1.39 1463
1.39 1462
1.39 1461
1.39 1460
1.39 1459
1.39 1458
1.39 1457
1.39 1456
1.41 1455
1.41 1454
1.41 1453
1.41 1452
1.41 1451
1.41 1450
1.41 1449
1.41 1448
1.41 1447
1.41 1446
1.41 1445
1.41 1444
1.41 1443
1.41 1442
1.41 1441
1.41 1440
1.41 1439
1.41 1438
1.41 1437
1.41 1436
1.41 1435
1.42 1434
1.42 1433
1.42 1432
1.42 1431
1.42 1430
1.42 1429
1.42 1428
1.42 1427
1.42 1426
1.42 1425
1.42 1424
1.42 1423
1.42 1422
1.42 1421
1.42 1420
1.42 1419
1.42 1418
1.42 1417
1.42 1416
1.42 1415
1.42 1414
1.42 1413
1.42 1412
1.42 1411
1.42 1410
1.42 1409
1.44 1408
1.44 1407
1.44 1406
1.44 1405
1.44 1404
1.44 1403
1.44 1402
1.44 1401
1.44 1400
1.44 1399
1.44 1398
1.44 1397
1.44 1396
1.44 1395
1.44 1394
1.44 1393
1.44 1392
1.44 1391
1.44 1390
1.45 1389
1.45 1388
1.45 1387
1.45 1386
1.45 1385
1.45 1384
1.45 1383
1.45 1382
1.45 1381
1.45 1380
1.45 1379
1.45 1378
1.45 1377
1.45 1376
1.45 1375
1.45 1374
1.45 1373
1.45 1372
1.45 1371
1.45 1370
1.47 1369
1.47 1368
1.47 1367
1.47 1366
1.47 1365
1.47 1364
1.47 1363
1.47 1362
1.47 1361
1.47 1360
1.47 1359
1.47 1358
1.47 1357
1.47 1356
1.47 1355
1.47 1354
1.47 1353
1.47 1352
1.47 1351
1.47 1350
1.47 1349
1.47 1348
1.47 1347
1.47 1346
1.47 1345
1.48 1344
1.48 1343
1.48 1342
1.48 1341
1.48 1340
1.48 1339
1.48 1338
1.48 1337
1.48 1336
1.48 1335
1.48 1334
1.48 1333
1.48 1332
1.48 1331
1.48 1330
1.48 1329
1.48 1328
1.48 1327
1.48 1326
1.48 1325
1.48 1324
1.48 1323
1.48 1322
1.48 1321
1.48 1320
1.48 1319
1.50 1318
1.50 1317
1.50 1316
1.50 1315
1.50 1314
1.50 1313
1.50 1312
1.50 1311
1.50 1310
1.50 1309
1.50 1308
1.50 1307
1.50 1306
1.50 1305
1.50 1304
1.50 1303
1.50 1302
1.50 1301
1.50 1300
1.50 1299
1.50 1298
1.50 1297
1.50 1296
1.50 1295
1.51 1294
1.51 1293
1.51 1292
1.51 1291
1.51 1290
1.51 1289
1.51 1288
1.51 1287
1.51 1286
1.51 1285
1.51 1284
1.51 1283
1.51 1282
1.51 1281
1.51 1280
1.51 1279
1.51 1278
1.51 1277
1.51 1276
1.51 1275
1.51 1274
1.51 1273
1.53 1272
1.53 1271
1.53 1270
1.53 1269
1.53 1268
1.53 1267
1.53 1266
1.53 1265
1.53 1264
1.53 1263
1.53 1262
1.53 1261
1.53 1260
1.53 1259
1.53 1258
1.53 1257
1.53 1256
1.53 1255
1.53 1254
1.53 1253
1.53 1252
1.53 1251
1.55 1250
1.55 1249
1.55 1248
1.55 1247
1.55 1246
1.55 1245
1.55 1244
1.55 1243
1.55 1242
1.55 1241
1.55 1240
1.55 1239
1.55 1238
1.55 1237
1.55 1236
1.55 1235
1.55 1234
1.55 1233
1.55 1232
1.55 1231
1.55 1230
1.55 1229
1.55 1228
1.56 1227
1.56 1226
1.56 1225
1.56 1224
1.56 1223
1.56 1222
1.56 1221
1.56 1220
1.57 1219
1.57 1218
1.57 1217
1.57 1216
1.57 1215
1.57 1214
1.57 1213
1.57 1212
1.57 1211
1.57 1210
1.57 1209
1.57 1208
1.57 1207
1.57 1206
1.57 1205
1.57 1204
1.57 1203
1.57 1202
1.58 1201
1.58 1200
1.58 1199
1.58 1198
1.58 1197
1.58 1196
1.58 1195
1.58 1194
1.58 1193
1.58 1192
1.58 1191
1.58 1190
1.58 1189
1.58 1188
1.58 1187
1.58 1186
1.58 1185
1.58 1184
1.58 1183
1.58 1182
1.58 1181
1.58 1180
1.58 1179
1.58 1178
1.58 1177
1.58 1176
1.58 1175
1.59 1174
1.59 1173
1.59 1172
1.59 1171
1.59 1170
1.59 1169
1.59 1168
1.59 1167
1.59 1166
1.59 1165
1.59 1164
1.59 1163
1.59 1162
1.59 1161
1.59 1160
1.59 1159
1.59 1158
1.59 1157
1.59 1156
1.59 1155
1.59 1154
1.59 1153
1.59 1152
1.59 1151
1.59 1150
1.59 1149
1.59 1148
1.59 1147
1.59 1146
1.61 1145
1.61 1144
1.61 1143
1.61 1142
1.61 1141
1.61 1140
1.61 1139
1.61 1138
1.61 1137
1.61 1136
1.61 1135
1.61 1134
1.61 1133
1.61 1132
1.61 1131
1.61 1130
1.61 1129
1.61 1128
1.61 1127
1.61 1126
1.61 1125
1.61 1124
1.61 1123
1.61 1122
1.61 1121
1.61 1120
1.61 1119
1.61 1118
1.61 1117
1.61 1116
1.63 1115
1.63 1114
1.63 1113
1.63 1112
1.63 1111
1.63 1110
1.63 1109
1.63 1108
1.63 1107
1.63 1106
1.63 1105
1.63 1104
1.63 1103
1.63 1102
1.63 1101
1.63 1100
1.63 1099
1.63 1098
1.63 1097
1.63 1096
1.63 1095
1.63 1094
1.63 1093
1.63 1092
1.63 1091
1.63 1090
1.63 1089
1.63 1088
1.63 1087
1.63 1086
1.64 1085
1.64 1084
1.64 1083
1.64 1082
1.64 1081
1.64 1080
1.64 1079
1.64 1078
1.64 1077
1.64 1076
1.64 1075
1.64 1074
1.64 1073
1.64 1072
1.64 1071
1.64 1070
1.64 1069
1.64 1068
1.64 1067
1.64 1066
1.64 1065
1.64 1064
1.64 1063
1.64 1062
1.64 1061
1.64 1060
1.64 1059
1.64 1058
1.64 1057
1.64 1056
1.64 1055
1.66 1054
1.66 1053
1.66 1052
1.66 1051
1.66 1050
1.66 1049
1.66 1048
1.66 1047
1.66 1046
1.66 1045
1.66 1044
1.66 1043
1.66 1042
1.66 1041
1.66 1040
1.66 1039
1.66 1038
1.66 1037
1.66 1036
1.66 1035
1.66 1034
1.66 1033
1.66 1032
1.67 1031
1.67 1030
1.67 1029
1.67 1028
1.67 1027
1.67 1026
1.67 1025
1.67 1024
1.67 1023
1.67 1022
1.67 1021
1.67 1020
1.67 1019
1.67 1018
1.67 1017
1.67 1016
1.67 1015
1.67 1014
1.67 1013
1.67 1012
1.67 1011
1.67 1010
1.67 1009
1.67 1008
1.67 1007
1.67 1006
1.67 1005
1.67 1004
1.67 1003
1.67 1002
1.67 1001
1.67 1000
1.67 999
1.67 998
1.67 997
1.67 996
1.67 995
1.67 994
1.67 993
1.67 992
1.69 991
1.69 990
1.69 989
1.69 988
1.69 987
1.69 986
1.69 985
1.69 984
1.69 983
1.69 982
1.69 981
1.69 980
