0.31 1971
0.31 1970
0.31 1969
0.31 1968
0.31 1967
0.31 1966
0.31 1965
0.31 1964
0.31 1963
0.33 1962
0.33 1961
0.33 1960
0.33 1959
0.33 1958
0.33 1957
0.33 1956
0.33 1955
0.33 1954
0.33 1953
0.33 1952
0.33 1951
0.33 1950
0.33 1949
0.33 1948
0.33 1947
0.33 1946
0.33 1945
0.33 1944
0.33 1943
0.33 1942
0.33 1941
0.33 1940
0.33 1939
0.33 1938
0.33 1937
0.34 1936
0.34 1935
0.34 1934
0.34 1933
0.34 1932
0.34 1931
0.34 1930
0.34 1929
0.34 1928
0.34 1927
0.34 1926
0.34 1925
0.34 1924
0.34 1923
0.34 1922
0.34 1921
0.34 1920
0.34 1919
0.34 1918
0.34 1917
0.34 1916
0.34 1915
0.34 1914
0.34 1913
0.34 1912
0.34 1911
0.36 1910
0.36 1909
0.36 1908
0.36 1907
0.36 1906
0.36 1905
0.36 1904
0.36 1903
0.36 1902
0.36 1901
0.36 1900
0.36 1899
0.36 1898
0.36 1897
0.36 1896
0.36 1895
0.36 1894
0.36 1893
0.36 1892
0.36 1891
0.36 1890
0.36 1889
0.37 1888
0.37 1887
0.37 1886
0.37 1885
0.38 1884
0.38 1883
0.38 1882
0.38 1881
0.38 1880
0.38 1879
0.38 1878
0.38 1877
0.38 1876
0.38 1875
0.38 1874
0.38 1873
0.38 1872
0.38 1871
0.38 1870
0.38 1869
0.38 1868
0.38 1867
0.38 1866
0.38 1865
0.38 1864
0.38 1863
0.38 1862
0.38 1861
0.38 1860
0.38 1859
0.38 1858
0.39 1857
0.39 1856
0.39 1855
0.39 1854
0.39 1853
0.39 1852
0.39 1851
0.39 1850
0.39 1849
0.39 1848
0.39 1847
0.39 1846
0.39 1845
0.39 1844
0.39 1843
0.39 1842
0.39 1841
0.39 1840
0.39 1839
0.41 1838
0.41 1837
0.41 1836
0.41 1835
0.41 1834
0.41 1833
0.41 1832
0.41 1831
0.41 1830
0.41 1829
0.41 1828
0.41 1827
0.42 1826
0.42 1825
0.42 1824
0.42 1823
0.42 1822
0.42 1821
0.42 1820
0.42 1819
0.42 1818
0.42 1817
0.44 1816
0.44 1815
0.44 1814
0.45 1813
0.45 1812
5.14 1811
5.14 1810
5.14 1809
5.14 1808
5.15 1807
5.15 1806
5.15 1805
5.16 1804
5.16 1803
7.57 1802
7.57 1801
7.57 1800
7.57 1799
7.57 1798
7.57 1797
7.58 1796
7.59 1795
