1.25 1499
1.25 1498
1.25 1497
1.25 1496
1.25 1495
1.25 1494
1.25 1493
1.25 1492
1.25 1491
1.25 1490
1.26 1489
1.26 1488
1.26 1487
1.26 1486
1.26 1485
1.26 1484
1.26 1483
1.26 1482
1.26 1481
1.26 1480
1.26 1479
1.26 1478
1.26 1477
1.28 1476
1.28 1475
1.28 1474
1.28 1473
1.28 1472
1.28 1471
1.28 1470
1.28 1469
1.28 1468
1.28 1467
1.28 1466
1.28 1465
1.28 1464
1.30 1463
1.30 1462
1.30 1461
1.30 1460
1.30 1459
1.30 1458
1.30 1457
1.31 1456
1.31 1455
1.31 1454
1.31 1453
1.31 1452
1.31 1451
1.31 1450
1.31 1449
1.31 1448
1.33 1447
1.33 1446
1.34 1445
1.34 1444
4.96 1443
8.71 1440
16.71 1439
16.73 1438
