0.11 5683
0.12 5682
0.12 5681
0.12 5680
0.12 5679
0.13 5678
0.13 5677
0.13 5676
0.13 5675
0.14 5674
0.14 5673
0.14 5672
0.15 5671
0.15 5670
0.15 5669
0.16 5668
0.16 5667
0.16 5666
0.16 5665
0.17 5664
0.17 5663
0.17 5662
0.17 5661
0.18 5660
0.18 5659
0.18 5658
0.18 5657
0.19 5656
0.19 5655
0.19 5654
0.19 5653
0.20 5652
0.20 5651
0.20 5650
0.21 5649
0.21 5648
0.21 5647
0.21 5646
0.22 5645
0.22 5644
0.22 5643
0.22 5642
0.23 5641
0.23 5640
0.23 5639
0.24 5638
0.24 5637
0.24 5636
0.24 5635
0.25 5634
0.25 5633
0.25 5632
0.25 5631
0.26 5630
0.26 5629
0.26 5628
0.26 5627
0.27 5626
0.27 5625
0.27 5624
0.28 5623
0.28 5622
0.28 5621
0.28 5620
0.28 5619
0.29 5618
0.29 5617
0.29 5616
0.29 5615
0.30 5614
0.30 5613
0.30 5612
0.30 5611
0.30 5610
0.31 5609
0.31 5608
0.31 5607
0.31 5606
0.32 5605
0.32 5604
0.32 5603
0.32 5602
0.32 5601
0.32 5600
0.32 5599
0.32 5598
0.32 5597
0.34 5596
0.34 5595
0.34 5594
0.34 5593
0.34 5592
0.34 5591
0.35 5590
0.35 5589
0.35 5588
0.35 5587
0.35 5586
0.35 5585
0.35 5584
0.37 5583
0.37 5582
0.37 5581
0.37 5580
0.37 5579
0.37 5578
0.37 5577
0.38 5576
0.38 5575
0.38 5574
0.40 5573
0.40 5572
0.40 5571
0.40 5570
0.40 5569
0.40 5568
0.40 5567
0.40 5566
0.42 5565
0.42 5564
0.42 5563
0.42 5562
0.42 5561
0.42 5560
0.42 5559
0.43 5558
0.43 5557
0.43 5556
0.43 5555
0.43 5554
0.43 5553
0.43 5552
0.45 5551
0.45 5550
0.45 5549
0.45 5548
0.45 5547
0.45 5546
0.46 5545
0.46 5544
0.46 5543
0.46 5542
0.48 5541
0.48 5540
0.48 5539
0.48 5538
0.48 5537
0.48 5536
0.48 5535
0.50 5534
0.50 5533
0.50 5532
0.50 5531
0.51 5530
0.51 5529
0.51 5528
0.51 5527
0.52 5526
0.52 5525
0.52 5524
0.52 5523
0.53 5522
0.53 5521
0.53 5520
0.53 5519
0.54 5518
0.54 5517
0.54 5516
0.54 5515
0.54 5514
0.54 5513
0.55 5512
0.55 5511
0.56 5510
0.56 5509
0.56 5508
0.56 5507
0.56 5506
0.57 5505
0.57 5504
0.58 5503
0.58 5502
0.58 5501
0.58 5500
0.59 5499
0.59 5498
0.59 5497
0.59 5496
0.60 5495
0.60 5494
0.60 5493
0.60 5492
0.61 5491
0.61 5490
0.61 5489
0.61 5488
0.62 5487
0.62 5486
0.62 5485
0.62 5484
0.62 5483
0.62 5482
0.62 5481
0.62 5480
0.64 5479
0.64 5478
0.64 5477
0.64 5476
0.64 5475
0.64 5474
0.64 5473
0.65 5472
0.65 5471
0.65 5470
0.65 5469
0.65 5468
0.65 5467
0.67 5466
0.67 5465
0.67 5464
0.67 5463
0.67 5462
0.67 5461
0.67 5460
0.68 5459
0.68 5458
0.68 5457
0.68 5456
0.68 5455
0.70 5454
0.70 5453
0.70 5452
0.70 5451
0.70 5450
0.70 5449
0.70 5448
0.72 5447
0.72 5446
0.72 5445
0.72 5444
0.72 5443
0.72 5442
0.72 5441
0.73 5440
0.73 5439
0.73 5438
0.73 5437
0.73 5436
0.73 5435
0.75 5434
0.75 5433
0.75 5432
0.75 5431
0.75 5430
0.75 5429
0.76 5428
0.76 5427
0.76 5426
0.76 5425
0.76 5424
0.76 5423
0.78 5422
0.78 5421
0.78 5420
0.78 5419
0.78 5418
0.78 5417
0.79 5416
0.80 5415
0.80 5414
0.80 5413
0.80 5412
0.80 5411
0.80 5410
0.81 5409
0.81 5408
0.81 5407
0.81 5406
0.81 5405
0.81 5404
0.83 5403
0.83 5402
0.83 5401
0.83 5400
0.83 5399
0.83 5398
0.83 5397
0.84 5396
0.84 5395
0.84 5394
0.84 5393
0.84 5392
0.84 5391
0.84 5390
0.86 5389
0.86 5388
0.86 5387
0.86 5386
0.86 5385
0.86 5384
0.87 5383
0.87 5382
0.87 5381
0.87 5380
0.87 5379
0.87 5378
0.89 5377
0.89 5376
0.89 5375
0.90 5374
0.90 5373
0.90 5372
0.90 5371
0.90 5370
0.90 5369
0.90 5368
0.90 5367
0.90 5366
0.90 5365
0.90 5364
0.92 5363
0.92 5362
0.92 5361
0.92 5360
0.92 5359
0.92 5358
0.92 5357
0.94 5356
0.94 5355
0.94 5354
0.94 5353
0.94 5352
0.94 5351
0.94 5350
0.95 5349
0.95 5348
0.95 5347
0.95 5346
0.95 5345
0.95 5344
0.95 5343
0.97 5342
0.97 5341
0.97 5340
0.97 5339
0.97 5338
0.98 5337
0.98 5336
0.98 5335
1.00 5334
1.00 5333
1.00 5332
1.00 5331
1.00 5330
1.00 5329
1.00 5328
1.01 5327
1.01 5326
1.01 5325
1.01 5324
1.01 5323
1.01 5322
1.03 5321
1.03 5320
1.03 5319
1.03 5318
1.03 5317
1.03 5316
1.03 5315
1.05 5314
1.05 5313
1.05 5312
1.05 5311
1.05 5310
1.05 5309
1.06 5308
1.06 5307
1.06 5306
1.06 5305
1.06 5304
1.08 5303
1.08 5302
1.08 5301
1.08 5300
1.08 5299
1.08 5298
1.09 5297
1.10 5296
1.10 5295
1.10 5294
1.10 5293
1.10 5292
1.11 5291
1.11 5290
1.11 5289
1.11 5288
1.11 5287
1.12 5286
1.12 5285
1.12 5284
1.12 5283
1.12 5282
1.12 5281
1.14 5280
1.14 5279
1.14 5278
1.14 5277
1.14 5276
1.14 5275
1.16 5274
1.16 5273
1.16 5272
1.16 5271
1.16 5270
1.16 5269
1.17 5268
1.17 5267
1.17 5266
1.17 5265
1.17 5264
1.17 5263
1.17 5262
1.19 5261
1.19 5260
1.19 5259
1.20 5258
1.20 5257
1.20 5256
1.20 5255
1.20 5254
1.20 5253
1.20 5252
1.20 5251
1.20 5250
1.22 5249
1.22 5248
1.23 5247
1.23 5246
1.23 5245
1.23 5244
1.23 5243
1.24 5242
1.24 5241
1.24 5240
1.24 5239
1.25 5238
1.25 5237
1.25 5236
1.25 5235
1.26 5234
1.26 5233
1.26 5232
1.26 5231
1.26 5230
1.27 5229
1.27 5228
1.27 5227
1.27 5226
1.27 5225
1.27 5224
1.27 5223
1.28 5222
1.28 5221
1.28 5220
1.28 5219
1.28 5218
1.28 5217
1.30 5216
1.30 5215
1.30 5214
1.30 5213
1.30 5212
1.30 5211
1.30 5210
1.30 5209
1.30 5208
1.32 5207
1.32 5206
1.32 5205
1.32 5204
1.33 5203
1.33 5202
1.33 5201
1.33 5200
1.35 5199
1.35 5198
1.35 5197
1.35 5196
1.35 5195
1.35 5194
1.36 5193
1.36 5192
1.36 5191
1.36 5190
1.36 5189
1.36 5188
1.38 5187
1.38 5186
1.38 5185
1.38 5184
1.38 5183
1.38 5182
1.39 5181
1.40 5180
1.40 5179
1.40 5178
1.40 5177
1.41 5176
1.41 5175
1.41 5174
1.41 5173
1.41 5172
1.41 5171
1.43 5170
1.43 5169
1.43 5168
1.43 5167
1.43 5166
1.43 5165
1.44 5164
1.44 5163
1.44 5162
1.44 5161
1.44 5160
1.44 5159
1.46 5158
1.46 5157
1.46 5156
1.46 5155
1.46 5154
1.46 5153
1.47 5152
1.47 5151
1.47 5150
1.47 5149
1.47 5148
1.47 5147
1.47 5146
1.49 5145
1.49 5144
1.49 5143
1.50 5142
1.50 5141
1.50 5140
1.50 5139
1.50 5138
1.50 5137
1.50 5136
1.50 5135
1.50 5134
1.50 5133
1.52 5132
1.52 5131
1.52 5130
1.52 5129
1.52 5128
1.52 5127
1.54 5126
1.54 5125
1.54 5124
1.54 5123
1.54 5122
1.54 5121
1.55 5120
1.55 5119
1.55 5118
1.55 5117
1.55 5116
1.55 5115
1.57 5114
1.57 5113
1.57 5112
1.57 5111
1.57 5110
1.57 5109
1.57 5108
1.58 5107
1.58 5106
1.58 5105
1.58 5104
1.60 5103
1.60 5102
1.60 5101
1.60 5100
1.61 5099
1.61 5098
1.61 5097
1.61 5096
1.62 5095
1.62 5094
1.62 5093
1.62 5092
1.63 5091
1.63 5090
1.63 5089
1.63 5088
1.63 5087
1.64 5086
1.64 5085
1.64 5084
1.64 5083
1.64 5082
1.64 5081
1.64 5080
1.64 5079
1.65 5078
1.65 5077
1.65 5076
1.65 5075
1.65 5074
1.65 5073
1.65 5072
1.67 5071
1.67 5070
1.67 5069
1.67 5068
1.67 5067
1.67 5066
1.67 5065
1.68 5064
1.68 5063
1.68 5062
1.68 5061
1.70 5060
1.70 5059
1.70 5058
1.70 5057
1.70 5056
1.70 5055
1.70 5054
1.70 5053
1.72 5052
1.72 5051
1.72 5050
1.72 5049
1.72 5048
1.72 5047
1.73 5046
1.73 5045
1.73 5044
1.73 5043
1.73 5042
1.73 5041
1.73 5040
1.75 5039
1.75 5038
1.75 5037
1.75 5036
1.75 5035
1.75 5034
1.75 5033
1.76 5032
1.76 5031
1.76 5030
1.76 5029
1.76 5028
1.76 5027
1.76 5026
1.78 5025
1.78 5024
1.78 5023
1.78 5022
1.78 5021
1.78 5020
1.78 5019
1.80 5018
1.80 5017
1.80 5016
1.80 5015
1.80 5014
1.81 5013
1.83 5012
1.83 5011
1.83 5010
1.83 5009
1.84 5008
1.84 5007
1.84 5006
1.84 5005
1.85 5004
1.85 5003
1.85 5002
1.85 5001
1.85 5000
1.86 4999
1.86 4998
1.86 4997
1.86 4996
1.86 4995
1.87 4994
1.87 4993
1.87 4992
1.87 4991
1.87 4990
1.87 4989
1.87 4988
1.87 4987
1.87 4986
1.87 4985
1.89 4984
1.89 4983
1.89 4982
1.89 4981
1.90 4980
1.90 4979
1.90 4978
1.90 4977
1.90 4976
1.90 4975
1.90 4974
1.90 4973
1.90 4972
1.90 4971
1.92 4970
1.92 4969
1.92 4968
1.92 4967
1.92 4966
1.92 4965
1.92 4964
1.93 4963
1.93 4962
1.93 4961
1.93 4960
1.93 4959
1.93 4958
1.93 4957
1.95 4956
1.95 4955
1.95 4954
1.95 4953
1.95 4952
1.95 4951
1.97 4950
1.97 4949
1.97 4948
1.97 4947
1.97 4946
1.97 4945
1.97 4944
1.97 4943
1.98 4942
1.98 4941
1.98 4940
1.98 4939
1.98 4938
1.98 4937
2.00 4936
2.00 4935
2.00 4934
2.00 4933
2.00 4932
2.00 4931
2.01 4930
2.01 4929
2.01 4928
2.01 4927
2.03 4926
2.03 4925
2.03 4924
2.03 4923
2.03 4922
2.04 4921
2.05 4920
2.05 4919
2.05 4918
2.05 4917
2.06 4916
2.06 4915
2.06 4914
2.06 4913
2.08 4912
2.08 4911
2.09 4910
2.09 4909
2.09 4908
2.09 4907
2.09 4906
2.10 4905
2.10 4904
2.10 4903
2.10 4902
2.11 4901
2.11 4900
2.11 4899
2.11 4898
2.11 4897
2.11 4896
2.11 4895
2.12 4894
2.12 4893
2.12 4892
2.12 4891
2.12 4890
2.12 4889
2.12 4888
2.14 4887
2.14 4886
2.14 4885
2.14 4884
2.14 4883
2.14 4882
2.14 4881
2.15 4880
2.15 4879
2.15 4878
2.15 4877
2.15 4876
2.15 4875
2.15 4874
2.15 4873
2.17 4872
2.17 4871
2.17 4870
2.17 4869
2.17 4868
2.17 4867
2.17 4866
2.17 4865
2.18 4864
2.18 4863
2.18 4862
2.18 4861
2.18 4860
2.18 4859
2.18 4858
2.20 4857
2.20 4856
2.20 4855
2.20 4854
2.20 4853
2.20 4852
2.20 4851
2.20 4850
2.22 4849
2.22 4848
2.22 4847
2.22 4846
2.22 4845
2.22 4844
2.22 4843
2.23 4842
2.23 4841
2.23 4840
2.23 4839
2.25 4838
2.25 4837
2.25 4836
2.25 4835
2.25 4834
2.25 4833
2.26 4832
2.27 4831
2.27 4830
2.27 4829
2.27 4828
2.28 4827
2.28 4826
2.28 4825
2.28 4824
2.29 4823
2.29 4822
2.29 4821
2.29 4820
2.29 4819
2.29 4818
2.30 4817
2.30 4816
2.30 4815
2.30 4814
2.30 4813
2.31 4812
2.31 4811
2.31 4810
2.31 4809
2.31 4808
2.31 4807
2.31 4806
2.31 4805
2.33 4804
2.33 4803
2.33 4802
2.33 4801
2.33 4800
2.33 4799
2.33 4798
2.34 4797
2.34 4796
2.34 4795
2.34 4794
2.34 4793
2.34 4792
2.34 4791
2.36 4790
2.36 4789
2.36 4788
2.36 4787
2.36 4786
2.36 4785
2.36 4784
2.37 4783
2.37 4782
2.37 4781
2.37 4780
2.37 4779
2.37 4778
2.37 4777
2.39 4776
2.39 4775
2.39 4774
2.39 4773
2.39 4772
2.40 4771
2.40 4770
2.40 4769
2.40 4768
2.40 4767
2.40 4766
2.40 4765
2.40 4764
2.40 4763
2.40 4762
2.42 4761
2.42 4760
2.42 4759
2.42 4758
2.42 4757
2.42 4756
2.44 4755
2.44 4754
2.44 4753
2.44 4752
2.44 4751
2.44 4750
2.44 4749
2.45 4748
2.45 4747
2.45 4746
2.45 4745
2.45 4744
2.45 4743
2.45 4742
2.45 4741
2.47 4740
2.47 4739
2.47 4738
2.48 4737
2.48 4736
2.48 4735
2.48 4734
2.48 4733
2.49 4732
2.49 4731
2.49 4730
2.49 4729
2.49 4728
2.50 4727
2.50 4726
2.50 4725
2.50 4724
2.50 4723
2.51 4722
2.51 4721
2.51 4720
2.51 4719
2.51 4718
2.52 4717
2.52 4716
2.52 4715
2.52 4714
2.53 4713
2.53 4712
2.53 4711
2.53 4710
2.53 4709
2.54 4708
2.54 4707
2.54 4706
2.54 4705
2.55 4704
2.55 4703
2.56 4702
2.56 4701
2.56 4700
2.57 4699
2.57 4698
2.57 4697
2.57 4696
2.58 4695
2.58 4694
2.58 4693
2.58 4692
2.59 4691
2.59 4690
2.59 4689
2.59 4688
2.60 4687
2.60 4686
2.60 4685
2.60 4684
2.61 4683
2.61 4682
2.61 4681
2.61 4680
2.61 4679
2.61 4678
2.61 4677
2.62 4676
2.63 4675
2.63 4674
2.63 4673
2.63 4672
2.63 4671
2.64 4670
2.64 4669
2.64 4668
2.64 4667
2.65 4666
2.65 4665
2.65 4664
2.65 4663
2.65 4662
2.66 4661
2.66 4660
2.66 4659
2.66 4658
2.66 4657
2.67 4656
2.67 4655
2.67 4654
2.67 4653
2.68 4652
2.68 4651
2.68 4650
9.63 3305
9.64 3304
