1.47 1959
1.47 1958
1.47 1957
1.47 1956
1.47 1955
1.47 1954
1.47 1953
1.48 1952
1.48 1951
1.48 1950
1.48 1949
1.48 1948
1.48 1947
1.48 1946
1.48 1945
1.48 1944
1.48 1943
1.48 1942
1.48 1941
1.50 1940
1.50 1939
1.50 1938
1.50 1937
1.50 1936
1.50 1935
1.50 1934
1.50 1933
1.50 1932
1.50 1931
1.50 1930
1.51 1929
1.51 1928
1.51 1927
1.51 1926
1.51 1925
1.51 1924
1.51 1923
1.51 1922
1.51 1921
1.51 1920
1.51 1919
1.53 1918
1.53 1917
1.53 1916
1.53 1915
1.53 1914
1.54 1913
1.54 1912
1.54 1911
1.54 1910
1.54 1909
1.54 1908
1.54 1907
1.55 1906
1.55 1905
1.55 1904
1.55 1903
1.55 1902
1.55 1901
1.55 1900
1.55 1899
1.55 1898
1.55 1897
1.55 1896
1.55 1895
1.55 1894
1.56 1893
1.56 1892
1.56 1891
1.56 1890
1.56 1889
1.56 1888
1.56 1887
1.56 1886
1.56 1885
1.56 1884
1.56 1883
1.58 1882
1.58 1881
1.58 1880
1.58 1879
1.58 1878
1.58 1877
1.58 1876
1.58 1875
1.58 1874
1.58 1873
1.58 1872
1.58 1871
1.58 1870
1.58 1869
1.59 1868
1.59 1867
1.59 1866
1.59 1865
1.59 1864
1.59 1863
1.59 1862
1.59 1861
1.59 1860
1.59 1859
1.59 1858
1.59 1857
1.61 1856
1.61 1855
1.61 1854
1.61 1853
1.61 1852
1.61 1851
1.61 1850
1.61 1849
1.61 1848
1.61 1847
1.63 1846
1.63 1845
1.63 1844
1.63 1843
1.63 1842
1.63 1841
1.63 1840
1.63 1839
1.63 1838
1.63 1837
1.64 1836
1.64 1835
1.64 1834
1.64 1833
1.64 1832
1.64 1831
1.64 1830
1.64 1829
1.64 1828
1.64 1827
1.64 1826
1.64 1825
1.64 1824
1.64 1823
1.64 1822
1.64 1821
1.66 1820
1.66 1819
1.66 1818
1.66 1817
1.66 1816
1.66 1815
1.66 1814
1.66 1813
1.66 1812
1.66 1811
1.66 1810
1.66 1809
1.66 1808
1.66 1807
1.67 1806
1.67 1805
1.67 1804
1.67 1803
1.67 1802
1.67 1801
1.67 1800
1.67 1799
1.67 1798
1.67 1797
1.67 1796
1.69 1795
1.69 1794
1.69 1793
1.69 1792
1.69 1791
1.69 1790
1.69 1789
1.69 1788
1.69 1787
1.69 1786
1.69 1785
1.69 1784
1.69 1783
1.70 1782
1.70 1781
1.70 1780
1.70 1779
1.70 1778
1.70 1777
1.70 1776
1.70 1775
1.70 1774
1.70 1773
1.70 1772
1.70 1771
1.70 1770
1.70 1769
1.70 1768
1.70 1767
1.72 1766
1.72 1765
1.72 1764
1.72 1763
1.72 1762
1.72 1761
1.72 1760
1.72 1759
1.72 1758
1.72 1757
1.72 1756
1.72 1755
1.72 1754
1.72 1753
1.72 1752
1.74 1751
1.74 1750
1.74 1749
1.74 1748
1.74 1747
1.74 1746
1.74 1745
1.74 1744
1.74 1743
1.74 1742
1.74 1741
1.74 1740
1.74 1739
1.74 1738
1.74 1737
1.74 1736
1.75 1735
1.75 1734
1.75 1733
1.75 1732
1.75 1731
1.75 1730
1.75 1729
1.75 1728
1.75 1727
1.75 1726
1.75 1725
1.75 1724
1.75 1723
1.75 1722
1.75 1721
1.75 1720
1.77 1719
1.77 1718
1.77 1717
1.77 1716
1.77 1715
1.77 1714
1.77 1713
1.77 1712
1.77 1711
1.77 1710
1.77 1709
1.77 1708
1.77 1707
1.77 1706
1.77 1705
1.77 1704
1.77 1703
1.78 1702
1.78 1701
1.78 1700
1.78 1699
1.78 1698
1.78 1697
1.78 1696
1.78 1695
1.78 1694
1.78 1693
1.78 1692
1.78 1691
1.78 1690
1.78 1689
1.78 1688
1.78 1687
1.80 1686
1.80 1685
1.80 1684
1.80 1683
1.80 1682
1.80 1681
1.80 1680
1.80 1679
1.80 1678
1.80 1677
1.80 1676
1.80 1675
1.80 1674
1.80 1673
1.80 1672
1.80 1671
1.81 1670
1.81 1669
1.81 1668
1.81 1667
1.81 1666
1.81 1665
1.81 1664
1.81 1663
1.81 1662
1.81 1661
1.81 1660
1.81 1659
1.81 1658
1.81 1657
1.81 1656
1.81 1655
1.83 1654
1.83 1653
1.83 1652
1.83 1651
1.83 1650
1.84 1649
1.84 1648
1.84 1647
1.84 1646
1.84 1645
1.84 1644
1.84 1643
1.85 1642
1.85 1641
1.85 1640
1.85 1639
1.85 1638
1.85 1637
1.85 1636
1.85 1635
1.85 1634
1.85 1633
1.85 1632
1.85 1631
1.85 1630
1.85 1629
1.85 1628
1.86 1627
1.86 1626
1.86 1625
1.86 1624
1.86 1623
1.86 1622
1.86 1621
1.86 1620
1.86 1619
1.86 1618
1.86 1617
1.86 1616
1.86 1615
1.86 1614
1.86 1613
1.88 1612
1.88 1611
1.88 1610
1.88 1609
1.88 1608
1.88 1607
1.88 1606
1.88 1605
1.88 1604
1.88 1603
1.88 1602
1.88 1601
1.88 1600
1.88 1599
1.88 1598
1.88 1597
1.88 1596
1.89 1595
1.89 1594
1.89 1593
1.89 1592
1.89 1591
1.89 1590
1.89 1589
1.89 1588
1.89 1587
1.89 1586
1.89 1585
1.89 1584
1.89 1583
1.91 1582
1.91 1581
1.91 1580
1.91 1579
1.91 1578
1.91 1577
1.91 1576
1.91 1575
1.91 1574
1.91 1573
1.91 1572
1.91 1571
1.91 1570
1.92 1569
1.92 1568
1.92 1567
1.92 1566
1.92 1565
1.92 1564
1.92 1563
1.92 1562
1.92 1561
1.92 1560
1.92 1559
1.92 1558
1.92 1557
1.92 1556
1.94 1555
1.94 1554
1.94 1553
1.94 1552
1.94 1551
1.94 1550
1.94 1549
1.94 1548
1.94 1547
1.94 1546
1.94 1545
1.94 1544
1.94 1543
1.94 1542
1.94 1541
1.94 1540
1.94 1539
1.94 1538
1.94 1537
1.94 1536
1.94 1535
1.96 1534
1.96 1533
1.96 1532
1.96 1531
1.96 1530
1.96 1529
1.96 1528
1.96 1527
1.96 1526
1.96 1525
1.96 1524
1.96 1523
1.96 1522
1.97 1521
1.97 1520
1.97 1519
1.97 1518
1.97 1517
1.97 1516
1.97 1515
1.97 1514
1.97 1513
1.97 1512
1.97 1511
1.97 1510
1.97 1509
1.97 1508
1.97 1507
1.97 1506
1.99 1505
1.99 1504
1.99 1503
1.99 1502
1.99 1501
1.99 1500
1.99 1499
1.99 1498
1.99 1497
1.99 1496
1.99 1495
2.00 1494
2.00 1493
2.00 1492
2.00 1491
2.00 1490
2.00 1489
2.01 1488
2.01 1487
2.01 1486
2.01 1485
2.01 1484
2.01 1483
2.01 1482
2.02 1481
2.02 1480
2.02 1479
2.02 1478
2.02 1477
2.02 1476
2.02 1475
2.02 1474
2.02 1473
2.02 1472
2.02 1471
2.02 1470
2.02 1469
2.02 1468
2.03 1467
2.03 1466
2.03 1465
2.03 1464
2.03 1463
2.04 1462
2.04 1461
2.04 1460
2.04 1459
2.04 1458
2.04 1457
2.04 1456
2.04 1455
2.04 1454
2.04 1453
2.04 1452
2.05 1451
2.05 1450
2.05 1449
2.05 1448
2.05 1447
2.05 1446
2.05 1445
2.05 1444
2.05 1443
2.05 1442
2.05 1441
2.05 1440
2.05 1439
2.05 1438
2.06 1437
2.06 1436
2.06 1435
2.06 1434
2.06 1433
2.06 1432
2.06 1431
2.06 1430
2.06 1429
2.06 1428
2.06 1427
2.06 1426
2.06 1425
2.06 1424
2.06 1423
2.06 1422
2.06 1421
2.08 1420
2.08 1419
2.08 1418
2.08 1417
2.08 1416
2.08 1415
2.08 1414
2.08 1413
2.08 1412
2.08 1411
2.08 1410
2.08 1409
2.08 1408
2.08 1407
2.08 1406
2.08 1405
2.08 1404
2.10 1403
2.10 1402
2.10 1401
2.10 1400
2.10 1399
2.10 1398
2.10 1397
2.10 1396
2.10 1395
2.10 1394
2.10 1393
2.10 1392
2.10 1391
2.10 1390
2.10 1389
2.10 1388
2.11 1387
2.11 1386
2.11 1385
2.11 1384
2.11 1383
2.11 1382
2.11 1381
2.11 1380
2.11 1379
2.11 1378
2.12 1377
2.13 1376
2.13 1375
2.13 1374
2.13 1373
2.13 1372
2.13 1371
2.13 1370
2.13 1369
2.14 1368
2.14 1367
2.14 1366
2.14 1365
2.14 1364
2.14 1363
2.14 1362
2.14 1361
2.15 1360
2.15 1359
2.15 1358
2.15 1357
2.15 1356
2.15 1355
2.15 1354
2.15 1353
2.15 1352
2.15 1351
2.15 1350
2.16 1349
2.16 1348
2.16 1347
2.16 1346
2.16 1345
2.16 1344
2.16 1343
2.16 1342
2.16 1341
2.16 1340
2.16 1339
2.16 1338
2.16 1337
2.17 1336
2.17 1335
2.17 1334
2.17 1333
2.17 1332
2.17 1331
2.17 1330
2.17 1329
2.17 1328
2.17 1327
2.17 1326
2.17 1325
2.18 1324
2.18 1323
2.18 1322
2.18 1321
2.18 1320
2.18 1319
2.18 1318
2.18 1317
2.18 1316
2.19 1315
2.19 1314
2.19 1313
2.19 1312
2.19 1311
2.19 1310
2.19 1309
2.20 1308
2.20 1307
2.20 1306
2.20 1305
2.20 1304
2.20 1303
2.20 1302
2.20 1301
2.21 1300
2.21 1299
2.21 1298
2.21 1297
2.21 1296
2.21 1295
2.21 1294
2.21 1293
2.21 1292
2.21 1291
2.21 1290
2.21 1289
2.21 1288
2.21 1287
2.21 1286
2.21 1285
2.21 1284
2.21 1283
2.22 1282
2.22 1281
2.22 1280
2.22 1279
2.22 1278
2.22 1277
2.22 1276
2.22 1275
2.22 1274
2.22 1273
2.24 1272
2.24 1271
2.24 1270
2.24 1269
2.24 1268
2.24 1267
2.24 1266
2.24 1265
2.24 1264
2.24 1263
2.24 1262
2.24 1261
2.24 1260
2.25 1259
2.25 1258
2.25 1257
2.25 1256
2.25 1255
2.25 1254
2.25 1253
2.25 1252
2.25 1251
2.25 1250
2.25 1249
2.25 1248
2.25 1247
2.25 1246
2.25 1245
2.25 1244
2.27 1243
2.27 1242
2.27 1241
2.27 1240
2.27 1239
2.27 1238
2.27 1237
2.27 1236
2.27 1235
2.27 1234
2.27 1233
2.27 1232
2.27 1231
2.28 1230
2.28 1229
2.28 1228
2.28 1227
2.28 1226
2.28 1225
2.28 1224
2.28 1223
2.28 1222
2.28 1221
2.28 1220
2.28 1219
2.28 1218
2.28 1217
2.28 1216
2.28 1215
2.28 1214
2.30 1213
2.30 1212
2.30 1211
2.30 1210
2.30 1209
2.30 1208
2.30 1207
2.30 1206
2.30 1205
2.30 1204
2.30 1203
2.30 1202
2.30 1201
2.30 1200
2.30 1199
2.30 1198
2.30 1197
2.30 1196
2.30 1195
2.32 1194
2.32 1193
2.32 1192
2.32 1191
2.32 1190
2.32 1189
2.32 1188
2.32 1187
2.32 1186
2.32 1185
2.32 1184
2.32 1183
2.32 1182
2.32 1181
2.32 1180
2.32 1179
2.32 1178
2.33 1177
2.33 1176
2.33 1175
2.33 1174
2.33 1173
2.33 1172
2.34 1171
2.34 1170
2.34 1169
2.34 1168
2.34 1167
2.34 1166
2.34 1165
2.34 1164
2.34 1163
2.34 1162
2.34 1161
2.34 1160
2.35 1159
2.35 1158
2.35 1157
2.35 1156
2.35 1155
2.35 1154
2.35 1153
2.35 1152
2.35 1151
2.35 1150
2.35 1149
2.35 1148
2.35 1147
2.35 1146
2.35 1145
2.35 1144
2.35 1143
2.35 1142
2.35 1141
2.36 1140
2.36 1139
2.36 1138
2.36 1137
2.36 1136
2.36 1135
2.36 1134
2.36 1133
2.36 1132
2.36 1131
2.36 1130
2.36 1129
2.36 1128
2.36 1127
2.36 1126
2.36 1125
2.36 1124
2.36 1123
2.38 1122
2.38 1121
2.38 1120
2.38 1119
2.38 1118
2.38 1117
2.38 1116
2.38 1115
2.38 1114
2.38 1113
2.38 1112
2.38 1111
2.38 1110
2.38 1109
2.38 1108
2.38 1107
2.38 1106
2.38 1105
2.39 1104
2.39 1103
2.39 1102
2.39 1101
2.39 1100
2.39 1099
2.39 1098
2.39 1097
2.39 1096
2.39 1095
2.39 1094
2.39 1093
2.39 1092
2.39 1091
2.39 1090
2.39 1089
2.39 1088
2.39 1087
2.39 1086
2.41 1085
2.41 1084
2.41 1083
2.41 1082
2.41 1081
2.41 1080
2.42 1079
2.42 1078
2.42 1077
2.42 1076
2.42 1075
2.42 1074
2.42 1073
2.42 1072
2.42 1071
2.42 1070
2.42 1069
2.42 1068
2.42 1067
2.42 1066
2.43 1065
2.43 1064
2.43 1063
2.43 1062
2.43 1061
2.43 1060
2.43 1059
2.43 1058
2.43 1057
2.44 1056
2.44 1055
2.44 1054
2.44 1053
2.44 1052
2.44 1051
2.44 1050
2.44 1049
2.44 1048
2.44 1047
2.44 1046
2.44 1045
2.44 1044
2.44 1043
2.44 1042
2.44 1041
2.44 1040
2.44 1039
2.44 1038
2.44 1037
2.45 1036
2.45 1035
2.45 1034
2.45 1033
2.45 1032
2.45 1031
2.45 1030
2.45 1029
2.45 1028
2.45 1027
2.46 1026
2.46 1025
2.46 1024
2.46 1023
2.46 1022
2.46 1021
2.46 1020
2.46 1019
2.46 1018
2.46 1017
2.46 1016
2.46 1015
2.46 1014
2.46 1013
2.47 1012
2.47 1011
2.47 1010
2.47 1009
2.47 1008
2.47 1007
2.47 1006
2.47 1005
2.47 1004
2.48 1003
2.48 1002
2.48 1001
2.48 1000
2.48 999
2.48 998
2.48 997
2.48 996
2.48 995
2.49 994
2.49 993
2.49 992
2.49 991
2.49 990
2.49 989
2.49 988
2.49 987
2.49 986
2.49 985
2.49 984
2.49 983
2.49 982
2.49 981
2.49 980
