0.02 3735
0.02 3734
0.02 3733
0.02 3732
0.02 3731
0.02 3730
0.02 3729
0.02 3728
0.02 3727
0.02 3726
0.02 3725
0.02 3724
0.02 3723
0.03 3722
0.03 3721
0.03 3720
0.03 3719
0.03 3718
0.03 3717
0.03 3716
0.03 3715
0.03 3714
0.03 3713
0.03 3712
0.03 3711
0.03 3710
0.03 3709
0.03 3708
0.04 3707
0.04 3706
0.04 3705
0.04 3704
0.04 3703
0.04 3702
0.04 3701
0.04 3700
0.04 3699
0.04 3698
0.04 3697
0.04 3696
0.04 3695
0.04 3694
0.05 3693
0.05 3692
0.05 3691
0.05 3690
0.05 3689
0.05 3688
0.05 3687
0.05 3686
0.05 3685
0.05 3684
0.05 3683
0.05 3682
0.05 3681
0.05 3680
0.06 3679
0.06 3678
0.06 3677
0.06 3676
0.06 3675
0.06 3674
0.06 3673
0.06 3672
0.06 3671
0.06 3670
0.06 3669
0.06 3668
0.06 3667
0.06 3666
0.06 3665
0.07 3664
0.07 3663
0.07 3662
0.07 3661
0.07 3660
0.07 3659
0.07 3658
0.07 3657
0.07 3656
0.07 3655
0.07 3654
0.07 3653
0.07 3652
0.08 3651
0.08 3650
0.08 3649
0.08 3648
0.08 3647
0.08 3646
0.08 3645
0.08 3644
0.08 3643
0.08 3642
0.08 3641
0.08 3640
0.08 3639
0.09 3638
0.09 3637
0.09 3636
0.09 3635
0.09 3634
0.09 3633
0.09 3632
0.09 3631
0.09 3630
0.09 3629
0.09 3628
0.09 3627
0.10 3626
0.10 3625
0.10 3624
0.10 3623
0.10 3622
0.10 3621
0.10 3620
0.10 3619
0.10 3618
0.10 3617
0.10 3616
0.10 3615
0.10 3614
0.11 3613
0.11 3612
0.11 3611
0.11 3610
0.11 3609
0.11 3608
0.11 3607
0.11 3606
0.11 3605
0.11 3604
0.11 3603
0.11 3602
0.11 3601
0.12 3600
0.12 3599
0.12 3598
0.12 3597
0.12 3596
0.12 3595
0.12 3594
0.12 3593
0.12 3592
0.12 3591
0.12 3590
0.12 3589
0.12 3588
0.12 3587
0.12 3586
0.13 3585
0.13 3584
0.13 3583
0.13 3582
0.13 3581
0.13 3580
0.13 3579
0.13 3578
0.13 3577
0.13 3576
0.13 3575
0.13 3574
0.14 3573
0.14 3572
0.14 3571
0.14 3570
0.14 3569
0.14 3568
0.14 3567
0.14 3566
0.14 3565
0.14 3564
0.14 3563
0.14 3562
0.14 3561
0.15 3560
0.15 3559
0.15 3558
0.15 3557
0.15 3556
0.15 3555
0.15 3554
0.15 3553
0.15 3552
0.15 3551
0.15 3550
0.15 3549
0.15 3548
0.16 3547
0.16 3546
0.16 3545
0.16 3544
0.16 3543
0.16 3542
0.16 3541
0.16 3540
0.16 3539
0.16 3538
0.16 3537
0.16 3536
0.16 3535
0.16 3534
0.16 3533
0.17 3532
0.17 3531
0.17 3530
0.17 3529
0.17 3528
0.17 3527
0.17 3526
0.17 3525
0.17 3524
0.17 3523
0.17 3522
0.17 3521
0.17 3520
0.18 3519
0.18 3518
0.18 3517
0.18 3516
0.18 3515
0.18 3514
0.18 3513
0.18 3512
0.18 3511
0.18 3510
0.18 3509
0.18 3508
0.19 3507
0.19 3506
0.19 3505
0.19 3504
0.19 3503
0.19 3502
0.19 3501
0.19 3500
0.19 3499
0.19 3498
0.19 3497
0.19 3496
0.19 3495
0.20 3494
0.20 3493
0.20 3492
0.20 3491
0.20 3490
0.20 3489
0.20 3488
0.20 3487
0.20 3486
0.20 3485
0.20 3484
0.20 3483
0.20 3482
0.20 3481
0.20 3480
0.21 3479
0.21 3478
0.21 3477
0.21 3476
0.21 3475
0.21 3474
0.21 3473
0.21 3472
0.21 3471
0.21 3470
0.21 3469
0.21 3468
0.21 3467
0.22 3466
0.22 3465
0.22 3464
0.22 3463
0.22 3462
0.22 3461
0.22 3460
0.22 3459
0.22 3458
0.22 3457
0.22 3456
0.22 3455
0.22 3454
0.22 3453
0.22 3452
0.23 3451
0.23 3450
0.23 3449
0.23 3448
0.23 3447
0.23 3446
0.23 3445
0.23 3444
0.23 3443
0.23 3442
0.23 3441
0.23 3440
0.23 3439
0.23 3438
0.24 3437
0.24 3436
0.24 3435
0.24 3434
0.24 3433
0.24 3432
0.24 3431
0.24 3430
0.24 3429
0.24 3428
0.24 3427
0.24 3426
0.24 3425
0.24 3424
0.24 3423
0.24 3422
0.25 3421
0.25 3420
0.25 3419
0.25 3418
0.25 3417
0.25 3416
0.25 3415
0.25 3414
0.25 3413
0.25 3412
0.25 3411
0.25 3410
0.25 3409
0.25 3408
0.26 3407
0.26 3406
0.26 3405
0.26 3404
0.26 3403
0.26 3402
0.26 3401
0.26 3400
0.26 3399
0.26 3398
0.26 3397
0.26 3396
0.26 3395
0.26 3394
0.26 3393
0.27 3392
0.27 3391
0.27 3390
0.27 3389
0.27 3388
0.27 3387
0.27 3386
0.27 3385
0.27 3384
0.27 3383
0.27 3382
0.27 3381
0.27 3380
0.27 3379
0.27 3378
0.28 3377
0.28 3376
0.28 3375
0.28 3374
0.28 3373
0.28 3372
0.28 3371
0.28 3370
0.28 3369
0.28 3368
0.28 3367
0.28 3366
0.28 3365
0.28 3364
0.28 3363
0.29 3362
0.29 3361
0.29 3360
0.29 3359
0.29 3358
0.29 3357
0.29 3356
0.29 3355
0.29 3354
0.29 3353
0.29 3352
0.29 3351
0.29 3350
0.29 3349
0.30 3348
0.30 3347
0.30 3346
0.30 3345
0.30 3344
0.30 3343
0.30 3342
0.30 3341
0.30 3340
0.30 3339
0.30 3338
0.30 3337
0.31 3336
0.31 3335
0.31 3334
0.31 3333
0.31 3332
0.31 3331
0.31 3330
0.31 3329
0.31 3328
0.31 3327
0.31 3326
0.31 3325
0.31 3324
0.31 3323
0.31 3322
0.32 3321
0.32 3320
0.32 3319
0.32 3318
0.32 3317
0.32 3316
0.32 3315
0.32 3314
0.32 3313
0.32 3312
0.32 3311
0.32 3310
0.32 3309
0.32 3308
0.32 3307
0.33 3306
0.33 3305
0.33 3304
0.33 3303
0.33 3302
0.33 3301
0.33 3300
0.33 3299
0.33 3298
0.33 3297
0.33 3296
0.33 3295
0.33 3294
0.33 3293
0.33 3292
0.34 3291
0.34 3290
0.34 3289
0.34 3288
0.34 3287
0.34 3286
0.34 3285
0.34 3284
0.34 3283
0.34 3282
0.34 3281
0.34 3280
0.34 3279
0.34 3278
0.34 3277
0.35 3276
0.35 3275
0.35 3274
0.35 3273
0.35 3272
0.35 3271
0.35 3270
0.35 3269
0.35 3268
0.35 3267
0.35 3266
0.35 3265
0.35 3264
0.35 3263
0.35 3262
0.36 3261
0.36 3260
0.36 3259
0.36 3258
0.36 3257
0.36 3256
0.36 3255
0.36 3254
0.36 3253
0.36 3252
0.36 3251
0.36 3250
0.36 3249
0.36 3248
0.37 3247
0.37 3246
0.37 3245
0.37 3244
0.37 3243
0.37 3242
0.37 3241
0.37 3240
0.37 3239
0.37 3238
0.37 3237
0.37 3236
0.37 3235
0.37 3234
0.38 3233
0.38 3232
0.38 3231
0.38 3230
0.38 3229
0.38 3228
0.38 3227
0.38 3226
0.38 3225
0.38 3224
0.38 3223
0.38 3222
0.38 3221
0.39 3220
0.39 3219
0.39 3218
0.39 3217
0.39 3216
0.39 3215
0.39 3214
0.39 3213
0.39 3212
0.39 3211
0.39 3210
0.39 3209
0.39 3208
0.39 3207
0.39 3206
0.40 3205
0.40 3204
0.40 3203
0.40 3202
0.40 3201
0.40 3200
0.40 3199
0.40 3198
0.40 3197
0.40 3196
0.40 3195
0.40 3194
0.40 3193
0.40 3192
0.40 3191
0.41 3190
0.41 3189
0.41 3188
0.41 3187
0.41 3186
0.41 3185
0.41 3184
0.41 3183
0.41 3182
0.41 3181
0.41 3180
0.41 3179
0.41 3178
0.41 3177
0.41 3176
0.41 3175
0.42 3174
0.42 3173
0.42 3172
0.42 3171
0.42 3170
0.42 3169
0.42 3168
0.42 3167
0.42 3166
0.42 3165
0.42 3164
0.42 3163
0.42 3162
0.42 3161
0.42 3160
0.42 3159
0.43 3158
0.43 3157
0.43 3156
0.43 3155
0.43 3154
0.43 3153
0.43 3152
0.43 3151
0.43 3150
0.43 3149
0.43 3148
0.43 3147
0.43 3146
0.43 3145
0.44 3144
0.44 3143
0.44 3142
0.44 3141
0.44 3140
0.44 3139
0.44 3138
0.44 3137
0.44 3136
0.44 3135
0.44 3134
0.44 3133
0.45 3132
0.45 3131
0.45 3130
0.45 3129
0.45 3128
0.45 3127
0.45 3126
0.45 3125
0.45 3124
0.45 3123
0.45 3122
0.45 3121
0.45 3120
0.45 3119
0.45 3118
0.46 3117
0.46 3116
0.46 3115
0.46 3114
0.46 3113
0.46 3112
0.46 3111
0.46 3110
0.46 3109
0.46 3108
0.46 3107
0.47 3106
0.47 3105
0.47 3104
0.47 3103
0.47 3102
0.47 3101
0.47 3100
0.47 3099
0.47 3098
0.47 3097
0.47 3096
0.47 3095
0.47 3094
0.47 3093
0.48 3092
0.48 3091
0.48 3090
0.48 3089
0.48 3088
0.48 3087
0.48 3086
0.48 3085
0.48 3084
0.48 3083
0.48 3082
0.48 3081
0.48 3080
0.49 3079
0.49 3078
0.49 3077
0.49 3076
0.49 3075
0.49 3074
0.49 3073
0.49 3072
0.49 3071
0.49 3070
0.49 3069
0.49 3068
0.49 3067
0.49 3066
0.49 3065
0.49 3064
0.50 3063
0.50 3062
0.50 3061
0.50 3060
0.50 3059
0.50 3058
0.50 3057
0.50 3056
0.50 3055
0.50 3054
0.50 3053
0.50 3052
0.50 3051
0.50 3050
0.50 3049
0.50 3048
0.50 3047
0.51 3046
0.51 3045
0.51 3044
0.51 3043
0.51 3042
0.51 3041
0.51 3040
0.51 3039
0.51 3038
0.51 3037
0.52 3036
0.52 3035
0.52 3034
0.52 3033
0.52 3032
0.52 3031
0.52 3030
0.52 3029
0.52 3028
0.52 3027
0.52 3026
0.52 3025
0.52 3024
0.53 3023
0.53 3022
0.53 3021
0.53 3020
0.53 3019
0.53 3018
0.53 3017
0.53 3016
0.53 3015
0.53 3014
0.53 3013
0.53 3012
0.53 3011
0.53 3010
0.53 3009
0.54 3008
0.54 3007
0.54 3006
0.54 3005
0.54 3004
0.54 3003
0.54 3002
0.54 3001
0.54 3000
0.54 2999
0.54 2998
0.54 2997
0.54 2996
0.54 2995
0.55 2994
0.55 2993
0.55 2992
0.55 2991
0.55 2990
0.55 2989
0.55 2988
0.55 2987
0.55 2986
0.55 2985
0.55 2984
0.55 2983
0.55 2982
0.55 2981
0.56 2980
0.56 2979
0.56 2978
0.56 2977
0.56 2976
0.56 2975
0.56 2974
0.56 2973
0.56 2972
0.56 2971
0.56 2970
0.56 2969
0.56 2968
0.56 2967
0.57 2966
0.57 2965
0.57 2964
0.57 2963
0.57 2962
0.57 2961
0.57 2960
0.57 2959
0.57 2958
0.57 2957
0.57 2956
0.57 2955
0.57 2954
0.57 2953
0.57 2952
0.57 2951
0.57 2950
0.57 2949
0.58 2948
0.58 2947
0.58 2946
0.58 2945
0.58 2944
0.58 2943
0.58 2942
0.58 2941
0.58 2940
0.58 2939
0.58 2938
0.58 2937
0.58 2936
0.58 2935
0.59 2934
0.59 2933
0.59 2932
0.59 2931
0.59 2930
0.59 2929
0.59 2928
0.59 2927
0.59 2926
0.59 2925
0.59 2924
0.59 2923
0.59 2922
0.60 2921
0.60 2920
0.60 2919
0.60 2918
0.60 2917
0.60 2916
0.60 2915
0.60 2914
0.60 2913
0.60 2912
0.60 2911
0.60 2910
0.60 2909
0.60 2908
0.61 2907
0.61 2906
0.61 2905
0.61 2904
0.61 2903
0.61 2902
0.61 2901
0.61 2900
0.61 2899
0.61 2898
0.61 2897
0.61 2896
0.61 2895
0.61 2894
0.61 2893
0.62 2892
0.62 2891
0.62 2890
0.62 2889
0.62 2888
0.62 2887
0.62 2886
0.62 2885
0.62 2884
0.62 2883
0.62 2882
0.62 2881
0.62 2880
0.62 2879
0.62 2878
0.63 2877
0.63 2876
0.63 2875
0.63 2874
0.63 2873
0.63 2872
0.63 2871
0.63 2870
0.63 2869
0.63 2868
0.63 2867
0.63 2866
0.63 2865
0.63 2864
0.63 2863
0.64 2862
0.64 2861
0.64 2860
0.64 2859
0.64 2858
0.64 2857
0.64 2856
0.64 2855
0.64 2854
0.64 2853
0.64 2852
0.64 2851
0.64 2850
0.64 2849
0.64 2848
0.65 2847
0.65 2846
0.65 2845
0.65 2844
0.65 2843
0.65 2842
0.65 2841
0.65 2840
0.65 2839
0.65 2838
0.65 2837
0.65 2836
0.65 2835
0.65 2834
0.65 2833
0.65 2832
0.66 2831
0.66 2830
0.66 2829
0.66 2828
0.66 2827
0.66 2826
0.66 2825
0.66 2824
0.66 2823
0.66 2822
0.66 2821
0.66 2820
0.66 2819
0.66 2818
0.66 2817
0.66 2816
0.67 2815
0.67 2814
0.67 2813
0.67 2812
0.67 2811
0.67 2810
0.67 2809
0.67 2808
0.67 2807
0.67 2806
0.67 2805
0.67 2804
0.67 2803
0.67 2802
0.67 2801
0.68 2800
0.68 2799
0.68 2798
0.68 2797
0.68 2796
0.68 2795
0.68 2794
0.68 2793
0.68 2792
0.68 2791
0.68 2790
0.68 2789
0.68 2788
0.68 2787
0.68 2786
0.69 2785
0.69 2784
0.69 2783
0.69 2782
0.69 2781
0.69 2780
0.69 2779
0.69 2778
0.69 2777
0.69 2776
0.69 2775
0.69 2774
0.69 2773
0.69 2772
0.69 2771
0.69 2770
0.70 2769
0.70 2768
0.70 2767
0.70 2766
0.70 2765
0.70 2764
0.70 2763
0.70 2762
0.70 2761
0.70 2760
0.70 2759
0.70 2758
0.70 2757
0.70 2756
0.71 2755
0.71 2754
0.71 2753
0.71 2752
0.71 2751
0.71 2750
0.71 2749
0.71 2748
0.71 2747
0.71 2746
0.71 2745
0.71 2744
0.71 2743
0.71 2742
0.71 2741
0.71 2740
0.71 2739
0.72 2738
0.72 2737
0.72 2736
0.72 2735
0.72 2734
0.72 2733
0.72 2732
0.72 2731
0.72 2730
0.72 2729
0.72 2728
0.72 2727
0.72 2726
0.72 2725
0.72 2724
0.72 2723
0.72 2722
0.73 2721
0.73 2720
0.73 2719
0.73 2718
0.73 2717
0.73 2716
0.73 2715
0.73 2714
0.73 2713
0.73 2712
0.73 2711
0.73 2710
0.73 2709
0.73 2708
0.73 2707
0.73 2706
0.73 2705
0.74 2704
0.74 2703
0.74 2702
0.74 2701
0.74 2700
0.74 2699
0.74 2698
0.74 2697
0.74 2696
0.74 2695
0.74 2694
0.74 2693
0.74 2692
0.74 2691
0.74 2690
0.74 2689
0.74 2688
0.74 2687
0.74 2686
0.74 2685
0.75 2684
0.75 2683
0.75 2682
0.75 2681
0.75 2680
0.75 2679
0.75 2678
0.75 2677
0.75 2676
0.75 2675
0.75 2674
0.75 2673
0.75 2672
0.75 2671
0.75 2670
0.75 2669
0.75 2668
0.76 2667
0.76 2666
0.76 2665
0.76 2664
0.76 2663
0.76 2662
0.76 2661
0.76 2660
0.76 2659
0.76 2658
0.76 2657
0.76 2656
0.77 2655
0.77 2654
0.77 2653
0.77 2652
0.77 2651
0.77 2650
0.77 2649
0.77 2648
0.77 2647
0.77 2646
0.77 2645
0.77 2644
0.77 2643
0.77 2642
0.77 2641
0.78 2640
0.78 2639
0.78 2638
0.78 2637
0.78 2636
0.78 2635
0.78 2634
0.78 2633
0.78 2632
0.78 2631
0.78 2630
0.78 2629
0.78 2628
0.78 2627
0.78 2626
0.79 2625
0.79 2624
0.79 2623
0.79 2622
0.79 2621
0.79 2620
0.79 2619
0.79 2618
0.79 2617
0.79 2616
0.79 2615
0.79 2614
0.79 2613
0.79 2612
0.79 2611
0.79 2610
0.79 2609
0.80 2608
0.80 2607
0.80 2606
0.80 2605
0.80 2604
0.80 2603
0.80 2602
0.80 2601
0.80 2600
0.80 2599
0.80 2598
0.80 2597
0.80 2596
0.80 2595
0.80 2594
0.80 2593
0.80 2592
0.81 2591
0.81 2590
0.81 2589
0.81 2588
0.81 2587
0.81 2586
0.81 2585
0.81 2584
0.81 2583
0.81 2582
0.81 2581
0.81 2580
0.81 2579
0.81 2578
0.81 2577
0.81 2576
0.81 2575
0.81 2574
0.82 2573
0.82 2572
0.82 2571
0.82 2570
0.82 2569
0.82 2568
0.82 2567
0.82 2566
0.82 2565
0.82 2564
0.82 2563
0.82 2562
0.82 2561
0.82 2560
0.82 2559
0.83 2558
0.83 2557
0.83 2556
0.83 2555
0.83 2554
0.83 2553
0.83 2552
0.83 2551
0.83 2550
0.83 2549
0.83 2548
0.83 2547
0.83 2546
0.83 2545
0.83 2544
0.83 2543
0.83 2542
0.84 2541
0.84 2540
0.84 2539
0.84 2538
0.84 2537
0.84 2536
0.84 2535
0.84 2534
0.84 2533
0.84 2532
0.84 2531
0.84 2530
0.84 2529
0.84 2528
0.84 2527
0.84 2526
0.84 2525
0.85 2524
0.85 2523
0.85 2522
0.85 2521
0.85 2520
0.85 2519
0.85 2518
0.85 2517
0.85 2516
0.85 2515
0.85 2514
0.85 2513
0.85 2512
0.85 2511
0.85 2510
0.85 2509
0.86 2508
0.86 2507
0.86 2506
0.86 2505
0.86 2504
0.86 2503
0.86 2502
0.86 2501
0.86 2500
0.86 2499
0.86 2498
0.86 2497
0.86 2496
0.86 2495
0.86 2494
0.86 2493
0.86 2492
0.86 2491
0.87 2490
0.87 2489
0.87 2488
0.87 2487
0.87 2486
0.87 2485
0.87 2484
0.87 2483
0.87 2482
0.87 2481
0.87 2480
0.87 2479
0.87 2478
0.87 2477
0.88 2476
0.88 2475
0.88 2474
0.88 2473
0.88 2472
0.88 2471
0.88 2470
0.88 2469
0.88 2468
0.88 2467
0.88 2466
0.88 2465
0.88 2464
0.88 2463
0.88 2462
0.88 2461
0.88 2460
0.88 2459
0.88 2458
0.88 2457
0.88 2456
0.89 2455
0.89 2454
0.89 2453
0.89 2452
0.89 2451
0.89 2450
0.89 2449
0.89 2448
0.89 2447
0.89 2446
0.89 2445
0.89 2444
0.89 2443
0.89 2442
0.89 2441
0.89 2440
0.89 2439
0.90 2438
0.90 2437
0.90 2436
0.90 2435
0.90 2434
0.90 2433
0.90 2432
0.90 2431
0.90 2430
0.90 2429
0.90 2428
0.90 2427
0.90 2426
0.90 2425
0.91 2424
0.91 2423
0.91 2422
0.91 2421
0.91 2420
0.91 2419
0.91 2418
0.91 2417
0.91 2416
0.91 2415
0.91 2414
0.91 2413
0.91 2412
0.91 2411
0.91 2410
0.91 2409
0.91 2408
0.91 2407
0.92 2406
0.92 2405
0.92 2404
0.92 2403
0.92 2402
0.92 2401
0.92 2400
0.92 2399
0.92 2398
0.92 2397
0.92 2396
0.92 2395
0.92 2394
0.92 2393
0.92 2392
0.92 2391
0.92 2390
0.92 2389
0.92 2388
0.93 2387
0.93 2386
0.93 2385
0.93 2384
0.93 2383
0.93 2382
0.93 2381
0.93 2380
0.93 2379
0.93 2378
0.93 2377
0.93 2376
0.93 2375
0.93 2374
0.93 2373
0.93 2372
0.93 2371
0.94 2370
0.94 2369
0.94 2368
0.94 2367
0.94 2366
0.94 2365
0.94 2364
0.94 2363
0.94 2362
0.94 2361
0.94 2360
0.94 2359
0.94 2358
0.94 2357
0.94 2356
0.94 2355
0.94 2354
0.94 2353
0.95 2352
0.95 2351
0.95 2350
0.95 2349
0.95 2348
0.95 2347
0.95 2346
0.95 2345
0.95 2344
0.95 2343
0.95 2342
0.95 2341
0.95 2340
0.95 2339
0.95 2338
0.95 2337
0.95 2336
0.96 2335
0.96 2334
0.96 2333
0.96 2332
0.96 2331
0.96 2330
0.96 2329
2.42 2274
2.42 2273
2.43 2272
2.43 2271
2.43 2270
2.43 2269
2.43 2268
2.43 2267
2.43 2266
2.43 2265
2.43 2264
2.43 2263
2.43 2262
2.43 2261
2.43 2260
2.43 2259
4.91 2258
23.64 2257
23.64 2256
