0.00 813
0.00 812
0.00 811
0.00 810
0.00 809
0.00 808
0.00 807
0.00 806
0.00 805
0.00 804
0.00 803
0.00 802
0.00 801
0.00 800
0.00 799
0.00 798
0.00 797
0.00 796
0.00 795
0.00 794
0.02 793
0.02 792
0.02 791
0.02 790
0.02 789
0.02 788
0.02 787
0.02 786
0.02 785
0.02 784
0.02 783
0.02 782
0.02 781
0.02 780
0.02 779
0.02 778
0.02 777
0.02 776
0.02 775
0.02 774
0.02 773
0.02 772
0.02 771
0.02 770
0.02 769
0.02 768
0.02 767
0.02 766
0.02 765
0.02 764
0.02 763
0.02 762
0.02 761
0.02 760
0.02 759
0.02 758
0.02 757
0.02 756
0.02 755
0.02 754
0.02 753
0.02 752
0.02 751
0.02 750
0.02 749
0.02 748
0.02 747
0.02 746
0.02 745
0.02 744
0.02 743
0.02 742
0.02 741
0.02 740
0.02 739
0.02 738
0.02 737
0.02 736
0.02 735
0.02 734
0.02 733
0.02 732
0.02 731
0.02 730
0.02 729
0.02 728
0.02 727
0.02 726
0.02 725
0.02 724
0.02 723
0.02 722
0.02 721
0.02 720
0.02 719
0.02 718
0.02 717
0.02 716
0.02 715
0.02 714
0.02 713
0.02 712
0.02 711
0.02 710
0.02 709
0.02 708
0.02 707
0.02 706
0.02 705
0.02 704
0.02 703
0.02 702
0.02 701
0.02 700
0.03 699
0.03 698
0.03 697
0.03 696
0.03 695
0.03 694
0.03 693
0.03 692
0.03 691
0.03 690
0.03 689
0.03 688
0.03 687
0.03 686
0.04 685
0.04 684
0.04 683
0.04 682
0.04 681
0.04 680
0.04 679
0.04 678
0.04 677
0.04 676
0.04 675
0.04 674
0.04 673
0.04 672
0.04 671
0.04 670
0.04 669
0.04 668
0.04 667
0.04 666
0.04 665
0.04 664
0.04 663
0.04 662
0.04 661
0.04 660
0.04 659
0.04 658
0.04 657
0.04 656
0.04 655
0.04 654
0.04 653
0.04 652
0.04 651
0.04 650
0.04 649
0.04 648
0.04 647
0.04 646
0.04 645
0.04 644
0.04 643
0.04 642
0.04 641
0.04 640
0.04 639
0.04 638
0.04 637
0.04 636
0.04 635
0.04 634
0.04 633
0.04 632
0.04 631
0.04 630
0.04 629
0.04 628
0.04 627
0.04 626
0.04 625
0.04 624
0.04 623
0.05 622
0.05 621
0.05 620
0.05 619
0.05 618
0.05 617
0.05 616
1.37 605
1.37 604
1.37 603
4.08 602
4.08 601
