0.76 1999
0.76 1998
0.76 1997
0.76 1996
0.76 1995
0.76 1994
0.76 1993
0.76 1992
0.78 1991
0.78 1990
0.78 1989
0.78 1988
0.78 1987
0.78 1986
0.78 1985
0.78 1984
0.78 1983
0.78 1982
0.78 1981
0.78 1980
0.78 1979
0.78 1978
0.78 1977
0.78 1976
0.78 1975
0.78 1974
0.78 1973
0.78 1972
0.78 1971
0.78 1970
0.78 1969
0.78 1968
0.78 1967
0.78 1966
0.78 1965
0.78 1964
0.78 1963
0.78 1962
0.78 1961
0.78 1960
0.78 1959
0.78 1958
0.79 1957
0.79 1956
0.79 1955
0.79 1954
0.79 1953
0.79 1952
0.79 1951
0.79 1950
0.79 1949
0.79 1948
0.79 1947
0.79 1946
0.79 1945
0.79 1944
0.79 1943
0.79 1942
0.79 1941
0.79 1940
0.79 1939
0.79 1938
0.79 1937
0.79 1936
0.79 1935
0.79 1934
0.79 1933
0.79 1932
0.79 1931
0.79 1930
0.79 1929
0.79 1928
0.79 1927
0.79 1926
0.79 1925
0.81 1924
0.81 1923
0.81 1922
0.81 1921
0.81 1920
0.81 1919
0.81 1918
0.81 1917
0.81 1916
0.81 1915
0.81 1914
0.81 1913
0.81 1912
0.81 1911
0.81 1910
0.81 1909
0.81 1908
0.81 1907
0.81 1906
0.81 1905
0.81 1904
0.81 1903
0.81 1902
0.81 1901
0.81 1900
0.81 1899
0.81 1898
0.81 1897
0.81 1896
0.81 1895
0.81 1894
0.81 1893
0.81 1892
0.82 1891
0.82 1890
0.82 1889
0.82 1888
0.82 1887
0.82 1886
0.82 1885
0.82 1884
0.82 1883
0.82 1882
0.82 1881
0.82 1880
0.82 1879
0.82 1878
0.82 1877
0.82 1876
0.82 1875
0.82 1874
0.82 1873
0.82 1872
0.82 1871
0.82 1870
0.82 1869
0.82 1868
0.82 1867
0.82 1866
0.82 1865
0.82 1864
0.82 1863
0.82 1862
0.82 1861
0.82 1860
0.82 1859
0.82 1858
0.84 1857
0.84 1856
0.84 1855
0.84 1854
0.84 1853
0.84 1852
0.84 1851
0.84 1850
0.84 1849
0.84 1848
0.84 1847
0.84 1846
0.84 1845
0.84 1844
0.84 1843
0.84 1842
0.84 1841
0.84 1840
0.84 1839
0.84 1838
0.84 1837
0.84 1836
0.84 1835
0.84 1834
0.84 1833
0.84 1832
0.84 1831
0.84 1830
0.84 1829
0.84 1828
0.84 1827
0.84 1826
0.84 1825
0.84 1824
0.86 1823
0.86 1822
0.86 1821
0.86 1820
0.86 1819
0.86 1818
0.86 1817
0.86 1816
0.86 1815
0.86 1814
0.86 1813
0.86 1812
0.86 1811
0.86 1810
0.86 1809
0.86 1808
0.86 1807
0.86 1806
0.86 1805
0.86 1804
0.86 1803
0.86 1802
0.86 1801
0.86 1800
0.86 1799
0.86 1798
0.86 1797
0.86 1796
0.86 1795
0.86 1794
0.86 1793
0.86 1792
0.86 1791
0.86 1790
0.86 1789
0.87 1788
0.87 1787
0.87 1786
0.87 1785
0.87 1784
0.87 1783
0.87 1782
0.87 1781
0.87 1780
0.87 1779
0.87 1778
0.87 1777
0.87 1776
0.87 1775
0.87 1774
0.87 1773
0.87 1772
0.87 1771
0.87 1770
0.87 1769
0.87 1768
0.87 1767
0.87 1766
0.87 1765
0.87 1764
0.87 1763
0.87 1762
0.87 1761
0.87 1760
0.87 1759
0.87 1758
0.87 1757
0.87 1756
0.87 1755
0.87 1754
0.89 1753
0.89 1752
0.89 1751
0.89 1750
0.89 1749
0.89 1748
0.89 1747
0.89 1746
0.89 1745
0.89 1744
0.89 1743
0.89 1742
0.89 1741
0.89 1740
0.89 1739
0.89 1738
0.89 1737
0.89 1736
0.89 1735
0.89 1734
0.89 1733
0.89 1732
0.89 1731
0.89 1730
0.89 1729
0.89 1728
0.89 1727
0.89 1726
0.89 1725
0.89 1724
0.89 1723
0.89 1722
0.89 1721
0.89 1720
0.89 1719
0.90 1718
0.90 1717
0.90 1716
0.90 1715
0.90 1714
0.90 1713
0.90 1712
0.90 1711
0.90 1710
0.90 1709
0.90 1708
0.90 1707
0.90 1706
0.90 1705
0.90 1704
0.90 1703
0.90 1702
0.90 1701
0.90 1700
0.90 1699
0.90 1698
0.90 1697
0.90 1696
0.90 1695
0.90 1694
0.90 1693
0.90 1692
0.90 1691
0.90 1690
0.90 1689
0.90 1688
0.90 1687
0.90 1686
0.90 1685
0.90 1684
0.90 1683
0.92 1682
0.92 1681
0.92 1680
0.92 1679
0.92 1678
0.92 1677
0.92 1676
0.92 1675
0.92 1674
0.92 1673
0.92 1672
0.92 1671
0.92 1670
0.92 1669
0.92 1668
0.92 1667
0.92 1666
0.92 1665
0.92 1664
0.92 1663
0.92 1662
0.92 1661
0.92 1660
0.92 1659
0.92 1658
0.92 1657
0.92 1656
0.92 1655
0.92 1654
0.92 1653
0.92 1652
0.92 1651
0.92 1650
0.92 1649
0.92 1648
0.93 1647
0.93 1646
0.93 1645
0.93 1644
0.93 1643
0.93 1642
0.93 1641
0.93 1640
0.93 1639
0.93 1638
0.93 1637
0.93 1636
0.93 1635
0.93 1634
0.93 1633
0.93 1632
0.93 1631
0.93 1630
0.93 1629
0.93 1628
0.93 1627
0.93 1626
0.93 1625
0.93 1624
0.93 1623
0.93 1622
0.93 1621
0.93 1620
0.93 1619
0.95 1618
0.95 1617
0.95 1616
0.95 1615
0.95 1614
0.95 1613
0.95 1612
0.95 1611
0.95 1610
0.95 1609
0.95 1608
0.96 1607
0.96 1606
0.96 1605
0.96 1604
0.96 1603
0.96 1602
0.96 1601
0.96 1600
0.96 1599
0.96 1598
0.96 1597
0.96 1596
0.96 1595
0.96 1594
0.96 1593
0.96 1592
0.96 1591
0.96 1590
0.96 1589
0.96 1588
0.96 1587
0.96 1586
0.97 1585
0.97 1584
0.97 1583
0.97 1582
0.97 1581
0.97 1580
0.97 1579
0.97 1578
0.97 1577
0.97 1576
0.97 1575
0.97 1574
0.97 1573
0.97 1572
0.97 1571
0.97 1570
0.97 1569
0.97 1568
0.97 1567
0.97 1566
0.97 1565
0.97 1564
0.97 1563
0.97 1562
0.98 1561
0.98 1560
0.98 1559
0.98 1558
0.98 1557
0.98 1556
0.98 1555
0.98 1554
0.98 1553
0.98 1552
0.98 1551
0.98 1550
0.98 1549
0.98 1548
0.98 1547
0.98 1546
0.98 1545
0.98 1544
0.98 1543
0.98 1542
0.98 1541
0.98 1540
0.98 1539
0.98 1538
0.98 1537
0.98 1536
0.98 1535
0.98 1534
0.98 1533
0.98 1532
0.98 1531
0.98 1530
0.98 1529
0.98 1528
0.98 1527
0.98 1526
0.98 1525
0.98 1524
0.98 1523
0.98 1522
0.98 1521
0.98 1520
0.98 1519
0.98 1518
0.98 1517
0.98 1516
0.98 1515
0.98 1514
0.98 1513
0.98 1512
0.98 1511
0.98 1510
0.98 1509
0.98 1508
0.98 1507
0.98 1506
0.98 1505
1.00 1504
1.00 1503
1.00 1502
1.00 1501
1.00 1500
1.00 1499
1.00 1498
1.00 1497
1.00 1496
1.00 1495
1.00 1494
1.00 1493
1.00 1492
1.00 1491
1.00 1490
1.00 1489
1.00 1488
1.00 1487
1.00 1486
1.00 1485
1.00 1484
1.00 1483
1.00 1482
1.00 1481
1.00 1480
1.00 1479
1.00 1478
1.00 1477
1.00 1476
1.00 1475
1.00 1474
1.00 1473
1.00 1472
1.00 1471
1.00 1470
1.00 1469
1.00 1468
1.00 1467
1.02 1466
1.02 1465
1.02 1464
1.02 1463
1.02 1462
1.02 1461
1.02 1460
1.02 1459
1.02 1458
1.02 1457
1.02 1456
1.02 1455
1.02 1454
1.02 1453
1.02 1452
1.02 1451
1.02 1450
1.02 1449
1.02 1448
1.02 1447
1.02 1446
1.02 1445
1.02 1444
1.02 1443
1.02 1442
1.02 1441
1.02 1440
1.02 1439
1.02 1438
1.02 1437
1.02 1436
1.02 1435
1.02 1434
1.02 1433
1.02 1432
1.02 1431
1.02 1430
1.02 1429
1.03 1428
1.03 1427
1.03 1426
1.03 1425
1.03 1424
1.03 1423
1.03 1422
1.03 1421
1.03 1420
1.03 1419
1.03 1418
1.03 1417
1.03 1416
1.03 1415
1.03 1414
1.03 1413
1.03 1412
1.03 1411
1.03 1410
1.03 1409
1.03 1408
1.03 1407
1.03 1406
1.03 1405
1.03 1404
1.03 1403
1.03 1402
1.03 1401
1.03 1400
1.03 1399
1.03 1398
1.03 1397
1.03 1396
1.03 1395
1.03 1394
1.03 1393
1.03 1392
1.03 1391
1.05 1390
1.05 1389
1.05 1388
1.05 1387
1.05 1386
1.05 1385
1.05 1384
1.05 1383
1.05 1382
1.05 1381
1.05 1380
1.05 1379
1.05 1378
1.05 1377
1.05 1376
1.05 1375
1.05 1374
1.05 1373
1.05 1372
1.05 1371
1.05 1370
1.05 1369
1.05 1368
1.05 1367
1.05 1366
1.05 1365
1.05 1364
1.05 1363
1.05 1362
1.05 1361
1.06 1360
1.06 1359
1.06 1358
1.06 1357
1.06 1356
1.06 1355
1.06 1354
1.06 1353
1.06 1352
1.06 1351
1.06 1350
1.06 1349
1.06 1348
1.06 1347
1.06 1346
1.06 1345
1.06 1344
1.06 1343
1.06 1342
1.06 1341
1.06 1340
1.06 1339
1.06 1338
1.06 1337
1.06 1336
1.06 1335
1.06 1334
1.06 1333
1.06 1332
1.06 1331
1.06 1330
1.06 1329
1.06 1328
1.06 1327
1.06 1326
1.06 1325
1.06 1324
1.06 1323
1.06 1322
1.06 1321
1.06 1320
1.06 1319
1.06 1318
1.06 1317
1.08 1316
1.08 1315
1.08 1314
1.08 1313
1.08 1312
1.08 1311
1.08 1310
1.08 1309
1.08 1308
1.08 1307
1.08 1306
1.08 1305
1.08 1304
1.08 1303
1.08 1302
1.08 1301
1.08 1300
1.08 1299
1.08 1298
1.08 1297
1.08 1296
1.08 1295
1.08 1294
1.08 1293
1.08 1292
1.08 1291
1.08 1290
1.08 1289
1.08 1288
1.08 1287
1.08 1286
1.08 1285
1.08 1284
1.08 1283
1.08 1282
1.08 1281
1.08 1280
1.09 1279
1.09 1278
1.09 1277
1.09 1276
1.09 1275
1.09 1274
1.09 1273
1.09 1272
1.09 1271
1.09 1270
1.09 1269
1.09 1268
1.09 1267
1.09 1266
1.09 1265
1.09 1264
1.09 1263
1.09 1262
1.09 1261
1.09 1260
1.09 1259
1.09 1258
1.09 1257
1.09 1256
1.09 1255
1.09 1254
1.09 1253
1.09 1252
1.09 1251
1.09 1250
1.09 1249
1.09 1248
1.09 1247
1.09 1246
1.09 1245
1.09 1244
1.09 1243
1.09 1242
1.09 1241
1.09 1240
1.09 1239
1.11 1238
1.11 1237
1.11 1236
1.11 1235
1.11 1234
1.11 1233
1.11 1232
1.11 1231
1.11 1230
1.11 1229
1.11 1228
1.11 1227
1.11 1226
1.11 1225
1.11 1224
1.11 1223
1.11 1222
1.11 1221
1.11 1220
1.11 1219
1.11 1218
1.11 1217
1.11 1216
1.11 1215
1.11 1214
1.11 1213
1.11 1212
1.11 1211
1.11 1210
1.11 1209
1.11 1208
1.11 1207
1.11 1206
1.11 1205
1.11 1204
1.11 1203
1.11 1202
1.11 1201
1.11 1200
1.11 1199
1.11 1198
1.13 1197
1.13 1196
1.13 1195
1.13 1194
1.13 1193
1.13 1192
1.13 1191
1.13 1190
1.13 1189
1.13 1188
1.13 1187
1.13 1186
1.13 1185
1.13 1184
1.13 1183
1.13 1182
1.13 1181
1.13 1180
1.13 1179
1.13 1178
1.13 1177
1.13 1176
1.13 1175
1.13 1174
1.13 1173
1.13 1172
1.13 1171
1.13 1170
1.13 1169
1.13 1168
1.13 1167
1.13 1166
1.13 1165
1.13 1164
1.13 1163
1.13 1162
1.13 1161
1.13 1160
1.13 1159
1.13 1158
1.13 1157
1.14 1156
1.14 1155
1.14 1154
1.14 1153
1.14 1152
1.14 1151
1.14 1150
1.14 1149
1.14 1148
1.14 1147
1.14 1146
1.14 1145
1.14 1144
1.14 1143
1.14 1142
1.14 1141
1.14 1140
1.14 1139
1.14 1138
1.14 1137
1.14 1136
1.14 1135
1.14 1134
1.14 1133
1.14 1132
1.14 1131
1.14 1130
1.14 1129
1.14 1128
1.14 1127
1.14 1126
1.14 1125
1.14 1124
1.14 1123
1.14 1122
1.14 1121
1.14 1120
1.14 1119
1.14 1118
1.14 1117
1.14 1116
1.14 1115
1.16 1114
1.16 1113
1.16 1112
1.16 1111
1.16 1110
1.16 1109
1.16 1108
1.16 1107
1.16 1106
1.16 1105
1.16 1104
1.16 1103
1.16 1102
1.16 1101
1.16 1100
1.16 1099
1.16 1098
1.16 1097
1.16 1096
1.16 1095
1.16 1094
1.16 1093
1.16 1092
1.16 1091
1.16 1090
1.16 1089
1.16 1088
1.16 1087
1.16 1086
1.16 1085
1.16 1084
1.16 1083
1.16 1082
1.16 1081
1.16 1080
1.16 1079
1.16 1078
1.16 1077
1.16 1076
1.16 1075
1.17 1074
1.17 1073
1.17 1072
1.17 1071
1.17 1070
1.17 1069
1.17 1068
1.17 1067
1.17 1066
1.17 1065
1.17 1064
1.17 1063
1.17 1062
1.17 1061
1.17 1060
1.17 1059
1.17 1058
1.17 1057
1.17 1056
1.17 1055
1.17 1054
1.17 1053
1.17 1052
1.17 1051
1.17 1050
1.17 1049
1.17 1048
1.17 1047
1.17 1046
1.17 1045
1.17 1044
1.17 1043
1.17 1042
1.17 1041
1.17 1040
1.17 1039
1.17 1038
1.17 1037
1.17 1036
1.17 1035
1.19 1034
1.19 1033
1.19 1032
1.19 1031
1.19 1030
1.19 1029
1.19 1028
1.19 1027
1.19 1026
1.19 1025
1.19 1024
1.19 1023
1.19 1022
1.19 1021
1.19 1020
1.19 1019
1.19 1018
1.19 1017
1.19 1016
1.19 1015
1.19 1014
1.19 1013
1.19 1012
1.19 1011
1.19 1010
1.19 1009
1.19 1008
1.19 1007
1.19 1006
1.19 1005
1.19 1004
1.19 1003
1.19 1002
1.19 1001
1.19 1000
