0.00 813
0.00 812
0.00 811
0.00 810
0.00 809
0.00 808
0.00 807
0.00 806
0.00 805
0.00 804
0.00 803
0.00 802
0.00 801
0.00 800
0.00 799
0.00 798
0.00 797
0.00 796
0.00 795
0.00 794
0.00 793
0.00 792
0.00 791
0.00 790
0.00 789
0.00 788
0.00 787
0.00 786
0.00 785
0.00 784
0.00 783
0.00 782
0.00 781
0.00 780
0.00 779
0.00 778
0.00 777
0.00 776
0.00 775
0.00 774
0.00 773
0.00 772
0.00 771
0.00 770
0.00 769
0.00 768
0.00 767
0.01 766
0.01 765
0.01 764
0.01 763
0.01 762
0.01 761
0.01 760
0.01 759
0.01 758
0.01 757
0.01 756
0.01 755
0.01 754
0.01 753
0.01 752
0.01 751
0.01 750
0.01 749
0.01 748
0.01 747
0.01 746
0.01 745
0.01 744
0.01 743
0.01 742
0.01 741
0.01 740
0.01 739
0.01 738
0.01 737
0.01 736
0.01 735
0.01 734
0.01 733
0.01 732
0.01 731
0.01 730
0.01 729
0.01 728
0.01 727
0.01 726
0.01 725
0.01 724
0.01 723
0.01 722
0.01 721
0.01 720
0.01 719
0.01 718
0.01 717
0.01 716
0.01 715
0.01 714
0.01 713
0.01 712
0.01 711
0.01 710
0.01 709
0.01 708
0.01 707
0.01 706
0.01 705
0.01 704
0.01 703
0.01 702
0.01 701
0.01 700
0.01 699
0.01 698
0.01 697
0.01 696
0.01 695
0.01 694
0.01 693
0.01 692
0.01 691
0.01 690
0.01 689
0.01 688
0.01 687
0.01 686
0.01 685
0.01 684
0.01 683
0.01 682
0.01 681
0.01 680
0.01 679
0.01 678
0.01 677
0.01 676
0.01 675
0.01 674
0.01 673
0.01 672
0.01 671
0.01 670
0.01 669
0.01 668
0.01 667
0.01 666
0.01 665
0.01 664
0.01 663
0.01 662
0.01 661
0.01 660
0.01 659
0.01 658
0.03 657
0.03 656
0.03 655
0.03 654
0.03 653
0.03 652
0.03 651
0.03 650
0.03 649
0.03 648
0.03 647
0.03 646
0.03 645
0.03 644
0.03 643
0.03 642
0.03 641
0.03 640
0.03 639
0.03 638
0.03 637
0.03 636
0.03 635
0.03 634
0.03 633
0.03 632
0.03 631
0.03 630
0.03 629
0.03 628
0.03 627
0.03 626
0.03 625
0.03 624
0.03 623
0.03 622
0.03 621
0.03 620
0.03 619
0.03 618
0.03 617
0.03 616
1.34 606
1.34 605
1.34 604
1.34 603
1.34 602
1.34 601
