0.10 5683
0.10 5682
0.10 5681
0.10 5680
0.12 5679
0.12 5678
0.12 5677
0.12 5676
0.12 5675
0.12 5674
0.14 5673
0.14 5672
0.14 5671
0.14 5670
0.15 5669
0.15 5668
0.15 5667
0.15 5666
0.15 5665
0.16 5664
0.16 5663
0.16 5662
0.17 5661
0.17 5660
0.17 5659
0.17 5658
0.18 5657
0.18 5656
0.18 5655
0.19 5654
0.19 5653
0.19 5652
0.19 5651
0.19 5650
0.20 5649
0.20 5648
0.20 5647
0.21 5646
0.21 5645
0.21 5644
0.21 5643
0.22 5642
0.22 5641
0.22 5640
0.22 5639
0.22 5638
0.22 5637
0.22 5636
0.23 5635
0.23 5634
0.23 5633
0.23 5632
0.23 5631
0.25 5630
0.25 5629
0.25 5628
0.25 5627
0.25 5626
0.26 5625
0.26 5624
0.26 5623
0.26 5622
0.26 5621
0.28 5620
0.28 5619
0.29 5618
0.29 5617
0.30 5616
0.30 5615
0.30 5614
0.30 5613
0.30 5612
0.31 5611
0.31 5610
0.31 5609
0.31 5608
0.32 5607
0.32 5606
0.32 5605
0.32 5604
0.32 5603
0.33 5602
0.33 5601
0.33 5600
0.34 5599
0.34 5598
0.34 5597
0.34 5596
0.34 5595
0.35 5594
0.35 5593
0.35 5592
0.36 5591
0.36 5590
0.36 5589
0.36 5588
0.37 5587
0.37 5586
0.37 5585
0.37 5584
0.37 5583
0.38 5582
0.38 5581
0.38 5580
0.38 5579
0.39 5578
0.39 5577
0.39 5576
0.39 5575
0.40 5574
0.40 5573
0.40 5572
0.40 5571
0.41 5570
0.41 5569
0.41 5568
0.41 5567
0.42 5566
0.42 5565
0.42 5564
0.42 5563
0.42 5562
0.43 5561
0.43 5560
0.43 5559
0.43 5558
0.44 5557
0.44 5556
0.44 5555
0.44 5554
0.44 5553
0.45 5552
0.45 5551
0.45 5550
0.45 5549
0.46 5548
0.46 5547
0.46 5546
0.46 5545
0.47 5544
0.47 5543
0.47 5542
0.47 5541
0.48 5540
0.48 5539
0.48 5538
0.48 5537
0.49 5536
0.49 5535
0.49 5534
0.49 5533
0.50 5532
0.50 5531
0.50 5530
0.50 5529
0.50 5528
0.51 5527
0.51 5526
0.51 5525
0.51 5524
0.52 5523
0.52 5522
0.52 5521
0.52 5520
0.53 5519
0.53 5518
0.53 5517
0.53 5516
0.53 5515
0.54 5514
0.54 5513
0.54 5512
0.54 5511
0.54 5510
0.55 5509
0.55 5508
0.55 5507
0.55 5506
0.56 5505
0.56 5504
0.56 5503
0.56 5502
0.56 5501
0.57 5500
0.57 5499
0.57 5498
0.57 5497
0.58 5496
0.58 5495
0.58 5494
0.58 5493
0.59 5492
0.59 5491
0.59 5490
0.59 5489
0.60 5488
0.60 5487
0.60 5486
0.60 5485
0.61 5484
0.61 5483
0.61 5482
0.61 5481
0.62 5480
0.62 5479
0.62 5478
0.62 5477
0.63 5476
0.63 5475
0.63 5474
0.63 5473
0.63 5472
0.64 5471
0.64 5470
0.64 5469
0.64 5468
0.65 5467
0.65 5466
0.65 5465
0.65 5464
0.66 5463
0.66 5462
0.66 5461
0.66 5460
0.66 5459
0.67 5458
0.67 5457
0.67 5456
0.68 5455
0.68 5454
0.68 5453
0.68 5452
0.68 5451
0.69 5450
0.69 5449
0.69 5448
0.69 5447
0.69 5446
0.69 5445
0.70 5444
0.70 5443
0.71 5442
0.71 5441
0.71 5440
0.71 5439
0.72 5438
0.72 5437
0.72 5436
0.72 5435
0.73 5434
0.73 5433
0.74 5432
0.74 5431
0.74 5430
0.75 5429
0.75 5428
0.75 5427
0.75 5426
0.75 5425
0.75 5424
0.76 5423
0.76 5422
0.76 5421
0.77 5420
0.77 5419
0.77 5418
0.78 5417
0.78 5416
0.78 5415
0.78 5414
0.78 5413
0.78 5412
0.78 5411
0.78 5410
0.79 5409
0.80 5408
0.80 5407
0.80 5406
0.80 5405
0.81 5404
0.81 5403
0.81 5402
0.81 5401
0.81 5400
0.81 5399
0.83 5398
0.83 5397
0.83 5396
0.83 5395
0.83 5394
0.84 5393
0.84 5392
0.84 5391
0.84 5390
0.84 5389
0.84 5388
0.86 5387
0.86 5386
0.86 5385
0.86 5384
0.86 5383
0.86 5382
0.88 5381
0.88 5380
0.88 5379
0.88 5378
0.88 5377
0.89 5376
0.89 5375
0.89 5374
0.90 5373
0.90 5372
0.90 5371
0.91 5370
0.91 5369
0.92 5368
0.92 5367
0.92 5366
0.93 5365
0.93 5364
0.93 5363
0.93 5362
0.94 5361
0.94 5360
0.94 5359
0.94 5358
0.95 5357
0.95 5356
0.95 5355
0.96 5354
0.96 5353
0.96 5352
0.96 5351
0.96 5350
0.97 5349
0.97 5348
0.97 5347
0.97 5346
0.97 5345
0.97 5344
0.97 5343
0.97 5342
0.99 5341
0.99 5340
0.99 5339
0.99 5338
0.99 5337
1.00 5336
1.00 5335
1.00 5334
1.00 5333
1.00 5332
1.00 5331
1.00 5330
1.02 5329
1.02 5328
1.02 5327
1.02 5326
1.02 5325
1.03 5324
1.03 5323
1.03 5322
1.03 5321
1.03 5320
1.03 5319
1.05 5318
1.05 5317
1.05 5316
1.05 5315
1.06 5314
1.06 5313
1.06 5312
1.06 5311
1.06 5310
1.06 5309
1.06 5308
1.06 5307
1.08 5306
1.08 5305
1.08 5304
1.08 5303
1.08 5302
1.10 5301
1.10 5300
1.10 5299
1.10 5298
1.10 5297
1.11 5296
1.11 5295
1.11 5294
1.11 5293
1.12 5292
1.12 5291
1.12 5290
1.13 5289
1.13 5288
1.13 5287
1.14 5286
1.14 5285
1.14 5284
1.14 5283
1.15 5282
1.15 5281
1.15 5280
1.15 5279
1.15 5278
1.16 5277
1.16 5276
1.16 5275
1.16 5274
1.17 5273
1.17 5272
1.17 5271
1.17 5270
1.17 5269
1.18 5268
1.18 5267
1.18 5266
1.19 5265
1.19 5264
1.19 5263
1.19 5262
1.19 5261
1.19 5260
1.20 5259
1.20 5258
1.20 5257
1.20 5256
1.20 5255
1.20 5254
1.22 5253
1.22 5252
1.22 5251
1.22 5250
1.22 5249
1.23 5248
1.23 5247
1.23 5246
1.23 5245
1.23 5244
1.23 5243
1.25 5242
1.25 5241
1.25 5240
1.25 5239
1.26 5238
1.26 5237
1.27 5236
1.27 5235
1.27 5234
1.27 5233
1.28 5232
1.28 5231
1.28 5230
1.29 5229
1.30 5228
1.30 5227
1.31 5226
1.32 5225
1.32 5224
1.32 5223
1.33 5222
1.33 5221
1.33 5220
1.33 5219
1.34 5218
1.34 5217
1.34 5216
1.34 5215
1.35 5214
1.35 5213
1.35 5212
1.35 5211
1.36 5210
1.36 5209
1.37 5208
1.37 5207
1.37 5206
1.37 5205
1.38 5204
1.38 5203
1.38 5202
1.39 5201
1.39 5200
1.39 5199
1.39 5198
1.40 5197
1.40 5196
1.40 5195
1.40 5194
1.41 5193
1.41 5192
1.41 5191
1.41 5190
1.42 5189
1.42 5188
1.42 5187
1.42 5186
1.43 5185
1.43 5184
1.43 5183
1.43 5182
1.44 5181
1.44 5180
1.44 5179
1.44 5178
1.45 5177
1.45 5176
1.45 5175
1.45 5174
1.46 5173
1.46 5172
1.46 5171
1.46 5170
1.46 5169
1.46 5168
1.46 5167
1.48 5166
1.48 5165
1.48 5164
1.49 5163
1.49 5162
1.49 5161
1.49 5160
1.50 5159
1.50 5158
1.50 5157
1.50 5156
1.51 5155
1.51 5154
1.51 5153
1.52 5152
1.52 5151
1.52 5150
1.53 5149
1.53 5148
1.53 5147
1.53 5146
1.54 5145
1.54 5144
1.54 5143
1.55 5142
1.55 5141
1.55 5140
1.55 5139
1.56 5138
1.56 5137
1.56 5136
1.57 5135
1.57 5134
1.57 5133
1.57 5132
1.57 5131
1.57 5130
1.58 5129
1.58 5128
1.59 5127
1.59 5126
1.59 5125
1.60 5124
1.60 5123
1.60 5122
1.60 5121
1.61 5120
1.61 5119
1.61 5118
1.62 5117
1.62 5116
1.62 5115
1.62 5114
1.63 5113
1.63 5112
1.63 5111
1.63 5110
1.63 5109
1.64 5108
1.64 5107
1.64 5106
1.65 5105
1.65 5104
1.65 5103
1.66 5102
1.66 5101
1.66 5100
1.66 5099
1.66 5098
1.67 5097
1.67 5096
1.67 5095
1.67 5094
1.67 5093
1.67 5092
1.67 5091
1.67 5090
1.69 5089
1.69 5088
1.69 5087
1.70 5086
1.70 5085
1.70 5084
1.70 5083
1.70 5082
1.70 5081
1.70 5080
1.71 5079
1.72 5078
1.72 5077
1.72 5076
1.72 5075
1.73 5074
1.73 5073
1.73 5072
1.73 5071
1.74 5070
1.74 5069
1.74 5068
1.74 5067
1.75 5066
1.75 5065
1.75 5064
1.75 5063
1.75 5062
1.76 5061
1.76 5060
1.76 5059
1.76 5058
1.77 5057
1.77 5056
1.77 5055
1.77 5054
1.78 5053
1.78 5052
1.78 5051
1.79 5050
1.79 5049
1.79 5048
1.79 5047
1.80 5046
1.80 5045
1.80 5044
1.80 5043
1.80 5042
1.80 5041
1.81 5040
1.81 5039
1.81 5038
1.81 5037
1.81 5036
1.81 5035
1.81 5034
1.81 5033
1.81 5032
1.83 5031
1.84 5030
1.84 5029
1.84 5028
1.84 5027
1.85 5026
1.85 5025
1.85 5024
1.85 5023
1.86 5022
1.86 5021
1.86 5020
1.86 5019
1.86 5018
1.86 5017
1.86 5016
1.88 5015
1.88 5014
1.88 5013
1.88 5012
1.88 5011
1.88 5010
1.89 5009
1.89 5008
1.89 5007
1.89 5006
1.89 5005
1.89 5004
1.91 5003
1.91 5002
1.91 5001
1.91 5000
1.91 4999
1.91 4998
1.93 4997
1.93 4996
1.93 4995
1.93 4994
1.93 4993
1.93 4992
1.94 4991
1.95 4990
1.95 4989
1.95 4988
1.95 4987
1.96 4986
1.96 4985
1.96 4984
1.96 4983
1.97 4982
1.97 4981
1.97 4980
1.97 4979
1.98 4978
1.98 4977
1.98 4976
1.98 4975
1.99 4974
1.99 4973
1.99 4972
1.99 4971
1.99 4970
1.99 4969
1.99 4968
1.99 4967
2.00 4966
2.01 4965
2.01 4964
2.01 4963
2.01 4962
2.01 4961
2.02 4960
2.02 4959
2.02 4958
2.02 4957
2.02 4956
2.02 4955
2.03 4954
2.03 4953
2.03 4952
2.03 4951
2.03 4950
2.03 4949
2.05 4948
2.05 4947
2.05 4946
2.05 4945
2.06 4944
2.06 4943
2.06 4942
2.07 4941
2.07 4940
2.07 4939
2.07 4938
2.07 4937
2.08 4936
2.08 4935
2.08 4934
2.08 4933
2.08 4932
2.08 4931
2.10 4930
2.10 4929
2.10 4928
2.10 4927
2.10 4926
2.10 4925
2.12 4924
2.12 4923
2.12 4922
2.12 4921
2.12 4920
2.13 4919
2.13 4918
2.13 4917
2.14 4916
2.14 4915
2.14 4914
2.15 4913
2.15 4912
2.15 4911
2.15 4910
2.15 4909
2.15 4908
2.15 4907
2.16 4906
2.16 4905
2.17 4904
2.17 4903
2.17 4902
2.17 4901
2.18 4900
2.18 4899
2.18 4898
2.18 4897
2.18 4896
2.19 4895
2.19 4894
2.19 4893
2.19 4892
2.19 4891
2.20 4890
2.20 4889
2.20 4888
2.20 4887
2.21 4886
2.21 4885
2.21 4884
2.21 4883
2.21 4882
2.21 4881
2.21 4880
2.21 4879
2.22 4878
2.22 4877
2.23 4876
2.23 4875
2.23 4874
2.23 4873
2.23 4872
2.24 4871
2.24 4870
2.24 4869
2.24 4868
2.24 4867
2.24 4866
2.24 4865
2.24 4864
2.25 4863
2.25 4862
2.25 4861
2.25 4860
2.26 4859
2.26 4858
2.26 4857
2.26 4856
2.27 4855
2.27 4854
2.27 4853
2.27 4852
2.27 4851
2.27 4850
2.28 4849
2.28 4848
2.28 4847
2.31 4846
2.31 4845
2.31 4844
2.31 4843
2.32 4842
2.32 4841
2.32 4840
2.32 4839
2.33 4838
2.33 4837
2.33 4836
2.33 4835
2.33 4834
2.34 4833
2.34 4832
2.34 4831
2.34 4830
2.34 4829
2.34 4828
2.34 4827
2.34 4826
2.36 4825
2.36 4824
2.36 4823
2.36 4822
2.36 4821
2.36 4820
2.36 4819
2.37 4818
2.37 4817
2.38 4816
2.38 4815
2.38 4814
2.38 4813
2.38 4812
2.39 4811
2.39 4810
2.39 4809
2.39 4808
2.39 4807
2.40 4806
2.40 4805
2.40 4804
2.40 4803
2.40 4802
2.40 4801
2.40 4800
2.40 4799
2.40 4798
2.40 4797
2.42 4796
2.42 4795
2.43 4794
2.43 4793
2.43 4792
2.43 4791
2.43 4790
2.44 4789
2.44 4788
2.44 4787
2.44 4786
2.45 4785
2.45 4784
2.45 4783
2.46 4782
2.46 4781
2.46 4780
2.46 4779
2.46 4778
2.46 4777
2.47 4776
2.47 4775
2.47 4774
2.47 4773
2.47 4772
2.48 4771
2.48 4770
2.48 4769
2.48 4768
2.48 4767
2.48 4766
2.48 4765
2.48 4764
2.48 4763
2.50 4762
2.50 4761
2.50 4760
2.50 4759
2.50 4758
2.51 4757
2.51 4756
2.51 4755
2.51 4754
2.51 4753
2.52 4752
2.52 4751
2.52 4750
2.53 4749
2.53 4748
2.53 4747
2.53 4746
2.53 4745
2.53 4744
2.53 4743
2.54 4742
2.54 4741
2.55 4740
2.55 4739
2.55 4738
2.55 4737
2.55 4736
2.55 4735
2.56 4734
2.56 4733
2.56 4732
2.56 4731
2.56 4730
2.56 4729
2.56 4728
2.56 4727
2.58 4726
2.58 4725
2.58 4724
2.58 4723
2.58 4722
2.59 4721
2.59 4720
2.59 4719
2.59 4718
2.59 4717
2.59 4716
2.59 4715
2.59 4714
2.59 4713
2.59 4712
2.61 4711
2.61 4710
2.61 4709
2.62 4708
2.62 4707
2.62 4706
2.62 4705
2.62 4704
2.62 4703
2.62 4702
2.64 4701
2.64 4700
2.64 4699
2.64 4698
2.64 4697
2.64 4696
2.65 4695
2.65 4694
2.65 4693
2.66 4692
2.66 4691
2.66 4690
2.66 4689
2.66 4688
2.67 4687
2.67 4686
2.67 4685
2.67 4684
2.67 4683
2.67 4682
2.67 4681
2.69 4680
2.69 4679
2.69 4678
2.69 4677
2.69 4676
2.69 4675
2.69 4674
2.69 4673
2.70 4672
2.71 4671
2.71 4670
2.71 4669
2.71 4668
2.71 4667
2.72 4666
2.72 4665
2.72 4664
2.72 4663
2.73 4662
2.73 4661
2.73 4660
2.73 4659
2.73 4658
2.74 4657
2.74 4656
2.74 4655
2.74 4654
2.74 4653
2.75 4652
2.75 4651
2.75 4650
9.34 3306
9.35 3305
