0.16 5683
0.17 5682
0.17 5681
0.17 5680
0.17 5679
0.17 5678
0.17 5677
0.17 5676
0.19 5675
0.19 5674
0.19 5673
0.20 5672
0.20 5671
0.20 5670
0.24 5669
0.24 5668
0.25 5667
0.25 5666
0.25 5665
0.27 5664
0.27 5663
0.27 5662
0.27 5661
0.27 5660
0.29 5659
0.29 5658
0.29 5657
0.29 5656
0.29 5655
0.30 5654
0.30 5653
0.31 5652
0.31 5651
0.31 5650
0.32 5649
0.32 5648
0.32 5647
0.32 5646
0.33 5645
0.33 5644
0.33 5643
0.34 5642
0.34 5641
0.34 5640
0.34 5639
0.35 5638
0.35 5637
0.35 5636
0.35 5635
0.35 5634
0.35 5633
0.35 5632
0.37 5631
0.37 5630
0.37 5629
0.37 5628
0.37 5627
0.37 5626
0.37 5625
0.39 5624
0.39 5623
0.39 5622
0.39 5621
0.39 5620
0.39 5619
0.40 5618
0.40 5617
0.40 5616
0.40 5615
0.40 5614
0.42 5613
0.42 5612
0.42 5611
0.42 5610
0.42 5609
0.44 5608
0.44 5607
0.44 5606
0.44 5605
0.45 5604
0.45 5603
0.45 5602
0.45 5601
0.47 5600
0.47 5599
0.47 5598
0.47 5597
0.47 5596
0.48 5595
0.49 5594
0.49 5593
0.49 5592
0.49 5591
0.49 5590
0.50 5589
0.50 5588
0.50 5587
0.50 5586
0.50 5585
0.52 5584
0.52 5583
0.52 5582
0.52 5581
0.52 5580
0.54 5579
0.54 5578
0.54 5577
0.54 5576
0.54 5575
0.55 5574
0.55 5573
0.55 5572
0.55 5571
0.55 5570
0.55 5569
0.57 5568
0.57 5567
0.57 5566
0.57 5565
0.57 5564
0.58 5563
0.59 5562
0.59 5561
0.59 5560
0.59 5559
0.59 5558
0.60 5557
0.60 5556
0.60 5555
0.60 5554
0.62 5553
0.62 5552
0.62 5551
0.62 5550
0.62 5549
0.62 5548
0.64 5547
0.64 5546
0.64 5545
0.64 5544
0.64 5543
0.64 5542
0.65 5541
0.65 5540
0.65 5539
0.65 5538
0.67 5537
0.67 5536
0.67 5535
0.67 5534
0.67 5533
0.67 5532
0.68 5531
0.69 5530
0.69 5529
0.69 5528
0.69 5527
0.69 5526
0.70 5525
0.70 5524
0.70 5523
0.70 5522
0.70 5521
0.70 5520
0.72 5519
0.72 5518
0.72 5517
0.72 5516
0.72 5515
0.73 5514
0.74 5513
0.74 5512
0.74 5511
0.74 5510
0.74 5509
0.75 5508
0.76 5507
0.76 5506
0.76 5505
0.76 5504
0.77 5503
0.77 5502
0.77 5501
0.77 5500
0.77 5499
0.78 5498
0.79 5497
0.79 5496
0.79 5495
0.79 5494
0.79 5493
0.80 5492
0.80 5491
0.80 5490
0.80 5489
0.80 5488
0.80 5487
0.82 5486
0.82 5485
0.82 5484
0.82 5483
0.82 5482
0.84 5481
0.84 5480
0.84 5479
0.84 5478
0.85 5477
0.85 5476
0.85 5475
0.85 5474
0.85 5473
0.87 5472
0.87 5471
0.87 5470
0.87 5469
0.87 5468
0.87 5467
0.89 5466
0.89 5465
0.89 5464
0.89 5463
0.89 5462
0.90 5461
0.90 5460
0.90 5459
0.90 5458
0.92 5457
0.92 5456
0.92 5455
0.92 5454
0.92 5453
0.92 5452
0.94 5451
0.94 5450
0.94 5449
0.94 5448
0.94 5447
0.95 5446
0.95 5445
0.95 5444
0.95 5443
0.95 5442
0.95 5441
0.97 5440
0.97 5439
0.97 5438
0.97 5437
0.97 5436
0.99 5435
0.99 5434
0.99 5433
0.99 5432
1.00 5431
1.00 5430
1.00 5429
1.00 5428
1.00 5427
1.00 5426
1.02 5425
1.02 5424
1.02 5423
1.02 5422
1.02 5421
1.04 5420
1.04 5419
1.04 5418
1.05 5417
1.05 5416
1.05 5415
1.06 5414
1.06 5413
1.06 5412
1.06 5411
1.07 5410
1.07 5409
1.07 5408
1.07 5407
1.07 5406
1.08 5405
1.09 5404
1.09 5403
1.09 5402
1.09 5401
1.09 5400
1.10 5399
1.10 5398
1.10 5397
1.10 5396
1.10 5395
1.10 5394
1.12 5393
1.12 5392
1.12 5391
1.12 5390
1.12 5389
1.12 5388
1.14 5387
1.14 5386
1.14 5385
1.14 5384
1.14 5383
1.14 5382
1.15 5381
1.15 5380
1.15 5379
1.15 5378
1.15 5377
1.17 5376
1.17 5375
1.17 5374
1.17 5373
1.17 5372
1.17 5371
1.19 5370
1.19 5369
1.19 5368
1.19 5367
1.19 5366
1.20 5365
1.20 5364
1.20 5363
1.20 5362
1.20 5361
1.20 5360
1.22 5359
1.22 5358
1.22 5357
1.22 5356
1.22 5355
1.24 5354
1.24 5353
1.24 5352
1.24 5351
1.24 5350
1.25 5349
1.25 5348
1.25 5347
1.25 5346
1.27 5345
1.27 5344
1.27 5343
1.27 5342
1.27 5341
1.27 5340
1.29 5339
1.29 5338
1.29 5337
1.29 5336
1.29 5335
1.30 5334
1.30 5333
1.30 5332
1.30 5331
1.30 5330
1.32 5329
1.32 5328
1.32 5327
1.32 5326
1.32 5325
1.33 5324
1.34 5323
1.34 5322
1.34 5321
1.34 5320
1.34 5319
1.35 5318
1.35 5317
1.35 5316
1.35 5315
1.35 5314
1.35 5313
1.37 5312
1.37 5311
1.37 5310
1.37 5309
1.37 5308
1.38 5307
1.39 5306
1.39 5305
1.39 5304
1.39 5303
1.39 5302
1.40 5301
1.40 5300
1.40 5299
1.40 5298
1.40 5297
1.42 5296
1.42 5295
1.42 5294
1.42 5293
1.42 5292
1.44 5291
1.44 5290
1.44 5289
1.44 5288
1.44 5287
1.44 5286
1.45 5285
1.45 5284
1.45 5283
1.45 5282
1.45 5281
1.47 5280
1.47 5279
1.47 5278
1.47 5277
1.47 5276
1.49 5275
1.49 5274
1.49 5273
1.49 5272
1.49 5271
1.50 5270
1.50 5269
1.50 5268
1.50 5267
1.50 5266
1.52 5265
1.52 5264
1.52 5263
1.52 5262
1.52 5261
1.52 5260
1.54 5259
1.54 5258
1.54 5257
1.54 5256
1.54 5255
1.55 5254
1.55 5253
1.55 5252
1.55 5251
1.55 5250
1.55 5249
1.57 5248
1.57 5247
1.58 5246
1.58 5245
1.58 5244
1.58 5243
1.59 5242
1.59 5241
1.59 5240
1.60 5239
1.60 5238
1.60 5237
1.61 5236
1.61 5235
1.61 5234
1.62 5233
1.62 5232
1.62 5231
1.63 5230
1.63 5229
1.63 5228
1.64 5227
1.64 5226
1.64 5225
1.64 5224
1.65 5223
1.65 5222
1.65 5221
1.66 5220
1.66 5219
1.66 5218
1.66 5217
1.67 5216
1.67 5215
1.67 5214
1.68 5213
1.68 5212
1.68 5211
1.68 5210
1.68 5209
1.68 5208
1.68 5207
1.68 5206
1.70 5205
1.70 5204
1.70 5203
1.70 5202
1.72 5201
1.72 5200
1.72 5199
1.72 5198
1.72 5197
1.72 5196
1.73 5195
1.73 5194
1.73 5193
1.74 5192
1.74 5191
1.75 5190
1.75 5189
1.75 5188
1.75 5187
1.75 5186
1.76 5185
1.76 5184
1.76 5183
1.76 5182
1.76 5181
1.76 5180
1.78 5179
1.78 5178
1.78 5177
1.78 5176
1.80 5175
1.80 5174
1.80 5173
1.80 5172
1.81 5171
1.81 5170
1.81 5169
1.82 5168
1.82 5167
1.82 5166
1.83 5165
1.83 5164
1.83 5163
1.84 5162
1.84 5161
1.84 5160
1.84 5159
1.85 5158
1.85 5157
1.85 5156
1.86 5155
1.86 5154
1.86 5153
1.86 5152
1.87 5151
1.87 5150
1.87 5149
1.87 5148
1.88 5147
1.88 5146
1.88 5145
1.88 5144
1.89 5143
1.89 5142
1.89 5141
1.89 5140
1.90 5139
1.90 5138
1.90 5137
1.91 5136
1.91 5135
1.91 5134
1.91 5133
1.92 5132
1.92 5131
1.92 5130
1.92 5129
1.93 5128
1.93 5127
1.93 5126
1.93 5125
1.93 5124
1.93 5123
1.94 5122
1.94 5121
1.95 5120
1.95 5119
1.95 5118
1.95 5117
1.95 5116
1.97 5115
1.97 5114
1.97 5113
1.97 5112
1.97 5111
1.97 5110
1.98 5109
1.98 5108
1.98 5107
1.98 5106
2.00 5105
2.00 5104
2.00 5103
2.00 5102
2.01 5101
2.01 5100
2.01 5099
2.02 5098
2.02 5097
2.02 5096
2.02 5095
2.03 5094
2.03 5093
2.03 5092
2.04 5091
2.04 5090
2.04 5089
2.05 5088
2.05 5087
2.05 5086
2.05 5085
2.06 5084
2.06 5083
2.06 5082
2.07 5081
2.07 5080
2.07 5079
2.08 5078
2.08 5077
2.08 5076
2.08 5075
2.08 5074
2.08 5073
2.08 5072
2.08 5071
2.08 5070
2.08 5069
2.10 5068
2.11 5067
2.11 5066
2.11 5065
2.11 5064
2.11 5063
2.12 5062
2.12 5061
2.12 5060
2.12 5059
2.12 5058
2.12 5057
2.12 5056
2.13 5055
2.13 5054
2.13 5053
2.13 5052
2.14 5051
2.14 5050
2.15 5049
2.15 5048
2.15 5047
2.15 5046
2.15 5045
2.15 5044
2.17 5043
2.17 5042
2.17 5041
2.17 5040
2.17 5039
2.17 5038
2.17 5037
2.18 5036
2.18 5035
2.18 5034
2.18 5033
2.18 5032
2.18 5031
2.20 5030
2.20 5029
2.20 5028
2.20 5027
2.20 5026
2.20 5025
2.20 5024
2.22 5023
2.22 5022
2.22 5021
2.22 5020
2.22 5019
2.22 5018
2.23 5017
2.24 5016
2.24 5015
2.24 5014
2.24 5013
2.25 5012
2.25 5011
2.25 5010
2.25 5009
2.25 5008
2.25 5007
2.25 5006
2.27 5005
2.27 5004
2.27 5003
2.27 5002
2.27 5001
2.27 5000
2.29 4999
2.29 4998
2.29 4997
2.29 4996
2.29 4995
2.29 4994
2.30 4993
2.30 4992
2.30 4991
2.30 4990
2.30 4989
2.30 4988
2.32 4987
2.32 4986
2.32 4985
2.32 4984
2.32 4983
2.32 4982
2.32 4981
2.34 4980
2.34 4979
2.34 4978
2.35 4977
2.35 4976
2.35 4975
2.36 4974
2.36 4973
2.36 4972
2.36 4971
2.37 4970
2.37 4969
2.37 4968
2.37 4967
2.37 4966
2.37 4965
2.37 4964
2.38 4963
2.38 4962
2.38 4961
2.38 4960
2.38 4959
2.38 4958
2.40 4957
2.40 4956
2.40 4955
2.40 4954
2.40 4953
2.40 4952
2.42 4951
2.42 4950
2.42 4949
2.42 4948
2.42 4947
2.42 4946
2.43 4945
2.43 4944
2.44 4943
2.44 4942
2.44 4941
2.45 4940
2.45 4939
2.45 4938
2.45 4937
2.45 4936
2.45 4935
2.47 4934
2.47 4933
2.48 4932
2.48 4931
2.48 4930
2.48 4929
2.49 4928
2.49 4927
2.50 4926
2.50 4925
2.50 4924
2.50 4923
2.50 4922
2.50 4921
2.50 4920
2.50 4919
2.52 4918
2.52 4917
2.53 4916
2.53 4915
2.53 4914
2.53 4913
2.54 4912
2.54 4911
2.54 4910
2.55 4909
2.55 4908
2.55 4907
2.56 4906
2.56 4905
2.56 4904
2.56 4903
2.57 4902
2.57 4901
2.57 4900
2.57 4899
2.58 4898
2.58 4897
2.58 4896
2.58 4895
2.58 4894
2.58 4893
2.58 4892
2.58 4891
2.58 4890
2.60 4889
2.60 4888
2.60 4887
2.60 4886
2.60 4885
2.62 4884
2.62 4883
2.62 4882
2.62 4881
2.62 4880
2.62 4879
2.63 4878
2.63 4877
2.63 4876
2.63 4875
2.64 4874
2.64 4873
2.65 4872
2.65 4871
2.65 4870
2.65 4869
2.65 4868
2.65 4867
2.66 4866
2.66 4865
2.66 4864
2.66 4863
2.66 4862
2.68 4861
2.68 4860
2.68 4859
2.68 4858
2.68 4857
2.68 4856
2.70 4855
2.70 4854
2.70 4853
2.70 4852
2.70 4851
2.71 4850
2.71 4849
2.71 4848
2.71 4847
2.71 4846
2.71 4845
2.73 4844
2.73 4843
2.73 4842
2.73 4841
2.73 4840
2.74 4839
2.74 4838
2.74 4837
2.74 4836
2.76 4835
2.76 4834
2.76 4833
2.76 4832
2.77 4831
2.77 4830
2.77 4829
2.78 4828
2.78 4827
2.78 4826
2.79 4825
2.79 4824
2.80 4823
2.80 4822
2.80 4821
2.81 4820
2.81 4819
2.81 4818
2.82 4817
2.82 4816
2.82 4815
2.83 4814
2.83 4813
2.83 4812
2.84 4811
2.84 4810
2.84 4809
2.84 4808
2.84 4807
2.84 4806
2.85 4805
2.86 4804
2.86 4803
2.86 4802
2.87 4801
2.87 4800
2.87 4799
2.88 4798
2.88 4797
2.88 4796
2.89 4795
2.89 4794
2.89 4793
2.90 4792
2.90 4791
2.90 4790
2.90 4789
2.90 4788
2.92 4787
2.92 4786
2.92 4785
2.93 4784
2.93 4783
2.95 4782
2.95 4781
2.95 4780
2.96 4779
2.96 4778
2.96 4777
2.97 4776
2.97 4775
2.97 4774
2.98 4773
2.98 4772
3.00 4771
3.00 4770
3.00 4769
3.01 4768
3.01 4767
3.01 4766
3.01 4765
3.02 4764
3.02 4763
3.03 4762
3.03 4761
3.03 4760
3.04 4759
3.04 4758
3.04 4757
3.05 4756
3.05 4755
3.05 4754
3.05 4753
3.06 4752
3.06 4751
3.06 4750
3.06 4749
3.07 4748
3.07 4747
3.07 4746
3.08 4745
3.08 4744
3.08 4743
3.08 4742
3.09 4741
3.09 4740
3.09 4739
3.10 4738
3.10 4737
3.10 4736
3.11 4735
3.11 4734
3.11 4733
3.11 4732
3.12 4731
3.12 4730
3.12 4729
3.12 4728
3.12 4727
3.12 4726
3.14 4725
3.14 4724
3.14 4723
3.14 4722
3.14 4721
3.15 4720
3.15 4719
3.15 4718
3.15 4717
3.15 4716
3.15 4715
3.15 4714
3.17 4713
3.17 4712
3.17 4711
3.18 4710
3.18 4709
3.18 4708
3.19 4707
3.19 4706
3.19 4705
3.19 4704
3.19 4703
3.20 4702
3.21 4701
3.21 4700
3.21 4699
3.21 4698
3.22 4697
3.22 4696
3.22 4695
3.23 4694
3.23 4693
3.23 4692
3.24 4691
3.24 4690
3.24 4689
3.25 4688
3.25 4687
3.25 4686
3.25 4685
3.26 4684
3.26 4683
3.26 4682
3.26 4681
3.27 4680
3.27 4679
3.27 4678
3.27 4677
3.27 4676
3.27 4675
3.29 4674
3.29 4673
3.29 4672
3.29 4671
3.30 4670
3.30 4669
3.31 4668
3.31 4667
3.31 4666
3.35 4665
3.35 4664
3.35 4663
3.35 4662
3.37 4661
3.37 4660
3.38 4659
3.38 4658
3.38 4657
3.38 4656
3.39 4655
3.39 4654
3.39 4653
3.40 4652
3.40 4651
3.40 4650
9.26 3309
9.28 3308
9.28 3307
16.06 3306
16.06 3305
