0.41 1989
0.41 1988
0.41 1987
0.41 1986
0.41 1985
0.41 1984
0.41 1983
0.43 1982
0.43 1981
0.43 1980
0.43 1979
0.43 1978
0.43 1977
0.43 1976
0.43 1975
0.43 1974
0.43 1973
0.43 1972
0.43 1971
0.43 1970
0.43 1969
0.43 1968
0.43 1967
0.43 1966
0.43 1965
0.45 1964
0.45 1963
0.45 1962
0.45 1961
0.45 1960
0.45 1959
0.45 1958
0.45 1957
0.45 1956
0.45 1955
0.45 1954
0.45 1953
0.45 1952
0.45 1951
0.45 1950
0.45 1949
0.45 1948
0.45 1947
0.45 1946
0.46 1945
0.46 1944
0.46 1943
0.46 1942
0.46 1941
0.46 1940
0.46 1939
0.46 1938
0.46 1937
0.46 1936
0.48 1935
0.48 1934
0.48 1933
0.48 1932
0.48 1931
3.31 1930
3.32 1929
3.32 1928
6.16 1927
6.16 1926
25.70 1925
