0.38 1989
0.38 1988
0.38 1987
0.38 1986
0.38 1985
0.38 1984
0.38 1983
0.38 1982
0.38 1981
0.38 1980
0.40 1979
0.40 1978
0.40 1977
0.40 1976
0.40 1975
0.40 1974
0.40 1973
0.40 1972
0.40 1971
0.40 1970
0.40 1969
0.40 1968
0.40 1967
0.40 1966
0.40 1965
0.40 1964
0.40 1963
0.40 1962
0.40 1961
0.40 1960
0.40 1959
0.40 1958
0.40 1957
0.41 1956
0.41 1955
0.42 1954
0.42 1953
0.42 1952
0.42 1951
0.42 1950
0.42 1949
0.42 1948
0.42 1947
0.42 1946
0.42 1945
0.42 1944
0.42 1943
0.42 1942
0.42 1941
0.42 1940
0.42 1939
0.42 1938
0.42 1937
0.43 1936
0.43 1935
0.43 1934
0.43 1933
0.43 1932
0.43 1931
3.07 1930
3.07 1929
3.07 1928
3.07 1927
19.22 1926
19.22 1925
