0.35 1971
0.35 1970
0.35 1969
0.35 1968
0.35 1967
0.35 1966
0.36 1965
0.36 1964
0.36 1963
0.36 1962
0.36 1961
0.36 1960
0.36 1959
0.36 1958
0.36 1957
0.36 1956
0.36 1955
0.36 1954
0.36 1953
0.36 1952
0.36 1951
0.36 1950
0.36 1949
0.36 1948
0.36 1947
0.36 1946
0.36 1945
0.36 1944
0.36 1943
0.36 1942
0.36 1941
0.36 1940
0.37 1939
0.37 1938
0.37 1937
0.37 1936
0.37 1935
0.37 1934
0.37 1933
0.37 1932
0.37 1931
0.37 1930
0.37 1929
0.37 1928
0.37 1927
0.37 1926
0.37 1925
0.37 1924
0.37 1923
0.37 1922
0.37 1921
0.37 1920
0.37 1919
0.37 1918
0.37 1917
0.39 1916
0.39 1915
0.39 1914
0.39 1913
0.39 1912
0.39 1911
0.39 1910
0.39 1909
0.39 1908
0.39 1907
0.39 1906
0.39 1905
0.39 1904
0.39 1903
0.39 1902
0.39 1901
0.39 1900
0.39 1899
0.39 1898
0.39 1897
0.39 1896
0.39 1895
0.39 1894
0.39 1893
0.39 1892
0.40 1891
0.40 1890
0.40 1889
0.40 1888
0.40 1887
0.40 1886
0.40 1885
0.40 1884
0.40 1883
0.40 1882
0.40 1881
0.40 1880
0.40 1879
0.40 1878
0.40 1877
0.40 1876
0.40 1875
0.40 1874
0.40 1873
0.40 1872
0.40 1871
0.40 1870
0.40 1869
0.40 1868
0.40 1867
0.40 1866
0.42 1865
0.42 1864
0.42 1863
0.42 1862
0.42 1861
0.42 1860
0.42 1859
0.42 1858
0.42 1857
0.42 1856
0.42 1855
0.42 1854
0.42 1853
0.42 1852
0.42 1851
0.42 1850
0.42 1849
0.42 1848
0.42 1847
0.42 1846
0.42 1845
0.42 1844
0.42 1843
0.44 1842
0.44 1841
0.44 1840
0.44 1839
0.44 1838
0.44 1837
0.44 1836
0.44 1835
0.44 1834
0.44 1833
0.44 1832
0.45 1831
0.45 1830
0.45 1829
0.45 1828
0.45 1827
0.45 1826
0.45 1825
0.45 1824
0.45 1823
0.45 1822
0.47 1821
0.47 1820
0.47 1819
0.47 1818
0.47 1817
0.47 1816
0.48 1815
0.48 1814
0.48 1813
0.50 1812
2.77 1811
2.77 1810
2.77 1809
2.77 1808
2.77 1807
2.77 1806
2.77 1805
2.78 1804
2.78 1803
5.17 1802
5.18 1801
9.94 1800
9.96 1799
9.96 1798
9.96 1797
9.97 1796
