0.98 1959
0.98 1958
0.98 1957
0.98 1956
0.98 1955
0.98 1954
0.98 1953
0.98 1952
0.98 1951
0.98 1950
0.98 1949
0.98 1948
0.98 1947
0.98 1946
0.98 1945
0.98 1944
0.98 1943
0.98 1942
0.98 1941
0.99 1940
0.99 1939
0.99 1938
0.99 1937
0.99 1936
0.99 1935
0.99 1934
0.99 1933
0.99 1932
0.99 1931
0.99 1930
0.99 1929
0.99 1928
0.99 1927
0.99 1926
0.99 1925
0.99 1924
0.99 1923
0.99 1922
0.99 1921
0.99 1920
0.99 1919
0.99 1918
0.99 1917
0.99 1916
1.01 1915
1.01 1914
1.01 1913
1.01 1912
1.01 1911
1.01 1910
1.01 1909
1.01 1908
1.01 1907
1.01 1906
1.01 1905
1.01 1904
1.01 1903
1.01 1902
1.01 1901
1.01 1900
1.01 1899
1.01 1898
1.01 1897
1.01 1896
1.01 1895
1.01 1894
1.01 1893
1.01 1892
1.01 1891
1.01 1890
1.02 1889
1.02 1888
1.02 1887
1.02 1886
1.02 1885
1.02 1884
1.02 1883
1.02 1882
1.02 1881
1.02 1880
1.02 1879
1.02 1878
1.02 1877
1.02 1876
1.02 1875
1.02 1874
1.02 1873
1.02 1872
1.02 1871
1.02 1870
1.02 1869
1.02 1868
1.02 1867
1.02 1866
1.02 1865
1.04 1864
1.04 1863
1.04 1862
1.04 1861
1.04 1860
1.04 1859
1.04 1858
1.04 1857
1.04 1856
1.04 1855
1.04 1854
1.04 1853
1.04 1852
1.04 1851
1.04 1850
1.04 1849
1.04 1848
1.04 1847
1.04 1846
1.04 1845
1.04 1844
1.04 1843
1.04 1842
1.04 1841
1.04 1840
1.06 1839
1.06 1838
1.06 1837
1.06 1836
1.06 1835
1.06 1834
1.06 1833
1.06 1832
1.06 1831
1.06 1830
1.06 1829
1.06 1828
1.06 1827
1.06 1826
1.06 1825
1.06 1824
1.06 1823
1.06 1822
1.06 1821
1.06 1820
1.06 1819
1.06 1818
1.06 1817
1.06 1816
1.07 1815
1.07 1814
1.07 1813
1.07 1812
1.07 1811
1.07 1810
1.07 1809
1.07 1808
1.07 1807
1.07 1806
1.07 1805
1.07 1804
1.07 1803
1.07 1802
1.07 1801
1.07 1800
1.07 1799
1.07 1798
1.07 1797
1.07 1796
1.07 1795
1.07 1794
1.07 1793
1.07 1792
1.07 1791
1.09 1790
1.09 1789
1.09 1788
1.09 1787
1.09 1786
1.09 1785
1.09 1784
1.09 1783
1.09 1782
1.09 1781
1.09 1780
1.09 1779
1.09 1778
1.09 1777
1.09 1776
1.09 1775
1.09 1774
1.09 1773
1.09 1772
1.09 1771
1.09 1770
1.09 1769
1.09 1768
1.10 1767
1.10 1766
1.10 1765
1.10 1764
1.10 1763
1.10 1762
1.10 1761
1.10 1760
1.10 1759
1.10 1758
1.10 1757
1.10 1756
1.10 1755
1.10 1754
1.10 1753
1.10 1752
1.10 1751
1.10 1750
1.11 1749
1.11 1748
1.11 1747
1.11 1746
1.11 1745
1.11 1744
1.12 1743
1.12 1742
1.12 1741
1.12 1740
1.12 1739
1.12 1738
1.12 1737
1.12 1736
1.12 1735
1.12 1734
1.12 1733
1.12 1732
1.12 1731
1.12 1730
1.12 1729
1.12 1728
1.12 1727
1.12 1726
1.13 1725
1.13 1724
1.13 1723
1.13 1722
1.13 1721
1.13 1720
1.13 1719
1.13 1718
1.13 1717
1.13 1716
1.13 1715
1.13 1714
1.13 1713
1.13 1712
1.13 1711
1.13 1710
1.13 1709
1.13 1708
1.13 1707
1.13 1706
1.13 1705
1.13 1704
1.13 1703
1.15 1702
1.15 1701
1.15 1700
1.15 1699
1.15 1698
1.15 1697
1.15 1696
1.15 1695
1.15 1694
1.15 1693
1.15 1692
1.15 1691
1.15 1690
1.15 1689
1.15 1688
1.15 1687
1.15 1686
1.15 1685
1.15 1684
1.15 1683
1.15 1682
1.15 1681
1.15 1680
1.15 1679
1.17 1678
1.17 1677
1.17 1676
1.17 1675
1.17 1674
1.17 1673
1.17 1672
1.17 1671
1.17 1670
1.17 1669
1.17 1668
1.17 1667
1.17 1666
1.17 1665
1.17 1664
1.17 1663
1.17 1662
1.17 1661
1.17 1660
1.17 1659
1.17 1658
1.17 1657
1.17 1656
1.18 1655
1.18 1654
1.18 1653
1.18 1652
1.18 1651
1.18 1650
1.18 1649
1.18 1648
1.18 1647
1.18 1646
1.18 1645
1.18 1644
1.18 1643
1.18 1642
1.18 1641
1.18 1640
1.18 1639
1.18 1638
1.18 1637
1.18 1636
1.18 1635
1.18 1634
1.18 1633
1.18 1632
1.18 1631
1.20 1630
1.20 1629
1.20 1628
1.20 1627
1.20 1626
1.20 1625
1.20 1624
1.20 1623
1.20 1622
1.20 1621
1.20 1620
1.20 1619
1.20 1618
1.20 1617
1.20 1616
1.20 1615
1.20 1614
1.20 1613
1.20 1612
1.20 1611
1.20 1610
1.20 1609
1.20 1608
1.20 1607
1.21 1606
1.21 1605
1.21 1604
1.21 1603
1.22 1602
1.22 1601
1.22 1600
1.22 1599
1.22 1598
1.22 1597
1.22 1596
1.22 1595
1.22 1594
1.22 1593
1.22 1592
1.22 1591
1.22 1590
1.22 1589
1.22 1588
1.22 1587
1.22 1586
1.22 1585
1.22 1584
1.22 1583
1.22 1582
1.23 1581
1.23 1580
1.23 1579
1.23 1578
1.23 1577
1.23 1576
1.23 1575
1.23 1574
1.23 1573
1.23 1572
1.23 1571
1.23 1570
1.23 1569
1.23 1568
1.23 1567
1.23 1566
1.23 1565
1.23 1564
1.23 1563
1.23 1562
1.23 1561
1.23 1560
1.23 1559
1.23 1558
1.23 1557
1.24 1556
1.24 1555
1.24 1554
1.24 1553
1.24 1552
1.24 1551
1.24 1550
1.24 1549
1.24 1548
1.24 1547
1.24 1546
1.24 1545
1.24 1544
1.24 1543
1.24 1542
1.24 1541
1.24 1540
1.24 1539
1.24 1538
1.24 1537
1.24 1536
1.24 1535
1.24 1534
1.24 1533
1.24 1532
1.24 1531
1.26 1530
1.26 1529
1.26 1528
1.26 1527
1.26 1526
1.26 1525
1.26 1524
1.26 1523
1.26 1522
1.26 1521
1.26 1520
1.26 1519
1.26 1518
1.26 1517
1.26 1516
1.26 1515
1.26 1514
1.26 1513
1.26 1512
1.26 1511
1.26 1510
1.26 1509
1.26 1508
1.26 1507
1.26 1506
1.26 1505
1.26 1504
1.28 1503
1.28 1502
1.28 1501
1.28 1500
1.28 1499
1.28 1498
1.28 1497
1.28 1496
1.28 1495
1.28 1494
1.28 1493
1.28 1492
1.28 1491
1.28 1490
1.28 1489
1.28 1488
1.28 1487
1.28 1486
1.28 1485
1.28 1484
1.28 1483
1.28 1482
1.28 1481
1.28 1480
1.28 1479
1.28 1478
1.28 1477
1.28 1476
1.29 1475
1.29 1474
1.29 1473
1.29 1472
1.29 1471
1.29 1470
1.29 1469
1.29 1468
1.29 1467
1.29 1466
1.29 1465
1.29 1464
1.29 1463
1.29 1462
1.29 1461
1.29 1460
1.29 1459
1.29 1458
1.29 1457
1.29 1456
1.29 1455
1.29 1454
1.29 1453
1.29 1452
1.29 1451
1.29 1450
1.29 1449
1.29 1448
1.31 1447
1.31 1446
1.31 1445
1.31 1444
1.31 1443
1.31 1442
1.31 1441
1.31 1440
1.31 1439
1.31 1438
1.31 1437
1.31 1436
1.31 1435
1.31 1434
1.32 1433
1.32 1432
1.32 1431
1.32 1430
1.32 1429
1.32 1428
1.32 1427
1.32 1426
1.32 1425
1.32 1424
1.32 1423
1.32 1422
1.32 1421
1.32 1420
1.32 1419
1.32 1418
1.32 1417
1.32 1416
1.32 1415
1.32 1414
1.32 1413
1.32 1412
1.32 1411
1.32 1410
1.32 1409
1.32 1408
1.32 1407
1.32 1406
1.32 1405
1.32 1404
1.32 1403
1.32 1402
1.32 1401
1.32 1400
1.32 1399
1.32 1398
1.32 1397
1.32 1396
1.32 1395
1.32 1394
1.32 1393
1.34 1392
1.34 1391
1.34 1390
1.34 1389
1.34 1388
1.34 1387
1.34 1386
1.34 1385
1.34 1384
1.34 1383
1.34 1382
1.34 1381
1.34 1380
1.34 1379
1.34 1378
1.34 1377
1.34 1376
1.34 1375
1.34 1374
1.34 1373
1.34 1372
1.34 1371
1.34 1370
1.34 1369
1.34 1368
1.34 1367
1.34 1366
1.34 1365
1.36 1364
1.36 1363
1.36 1362
1.36 1361
1.36 1360
1.36 1359
1.36 1358
1.36 1357
1.36 1356
1.36 1355
1.36 1354
1.36 1353
1.36 1352
1.36 1351
1.36 1350
1.36 1349
1.36 1348
1.36 1347
1.36 1346
1.36 1345
1.36 1344
1.36 1343
1.36 1342
1.36 1341
1.36 1340
1.36 1339
1.36 1338
1.36 1337
1.36 1336
1.37 1335
1.37 1334
1.37 1333
1.37 1332
1.37 1331
1.37 1330
1.37 1329
1.37 1328
1.37 1327
1.37 1326
1.37 1325
1.37 1324
1.37 1323
1.37 1322
1.37 1321
1.37 1320
1.37 1319
1.37 1318
1.37 1317
1.37 1316
1.37 1315
1.37 1314
1.37 1313
1.37 1312
1.37 1311
1.37 1310
1.37 1309
1.37 1308
1.39 1307
1.39 1306
1.39 1305
1.39 1304
1.39 1303
1.39 1302
1.39 1301
1.39 1300
1.39 1299
1.39 1298
1.39 1297
1.39 1296
1.39 1295
1.39 1294
1.39 1293
1.39 1292
1.39 1291
1.39 1290
1.39 1289
1.39 1288
1.39 1287
1.39 1286
1.39 1285
1.39 1284
1.39 1283
1.39 1282
1.39 1281
1.39 1280
1.39 1279
1.40 1278
1.40 1277
1.40 1276
1.40 1275
1.40 1274
1.40 1273
1.40 1272
1.40 1271
1.40 1270
1.40 1269
1.40 1268
1.40 1267
1.40 1266
1.40 1265
1.40 1264
1.40 1263
1.40 1262
1.40 1261
1.40 1260
1.42 1259
1.42 1258
1.42 1257
1.42 1256
1.42 1255
1.42 1254
1.42 1253
1.42 1252
1.42 1251
1.42 1250
1.42 1249
1.42 1248
1.42 1247
1.42 1246
1.42 1245
1.42 1244
1.42 1243
1.42 1242
1.42 1241
1.42 1240
1.42 1239
1.42 1238
1.42 1237
1.42 1236
1.42 1235
1.42 1234
1.42 1233
1.42 1232
1.42 1231
1.42 1230
1.42 1229
1.42 1228
1.42 1227
1.42 1226
1.43 1225
1.43 1224
1.43 1223
1.43 1222
1.43 1221
1.43 1220
1.43 1219
1.43 1218
1.43 1217
1.43 1216
1.43 1215
1.43 1214
1.43 1213
1.43 1212
1.43 1211
1.43 1210
1.43 1209
1.43 1208
1.43 1207
1.43 1206
1.43 1205
1.43 1204
1.43 1203
1.43 1202
1.43 1201
1.43 1200
1.43 1199
1.43 1198
1.43 1197
1.45 1196
1.45 1195
1.45 1194
1.45 1193
1.45 1192
1.45 1191
1.45 1190
1.45 1189
1.45 1188
1.45 1187
1.45 1186
1.45 1185
1.45 1184
1.45 1183
1.45 1182
1.45 1181
1.45 1180
1.45 1179
1.45 1178
1.45 1177
1.45 1176
1.45 1175
1.45 1174
1.45 1173
1.45 1172
1.45 1171
1.45 1170
1.45 1169
1.45 1168
1.47 1167
1.47 1166
1.47 1165
1.47 1164
1.47 1163
1.47 1162
1.47 1161
1.47 1160
1.47 1159
1.47 1158
1.47 1157
1.47 1156
1.47 1155
1.47 1154
1.47 1153
1.47 1152
1.47 1151
1.47 1150
1.47 1149
1.47 1148
1.47 1147
1.47 1146
1.47 1145
1.47 1144
1.47 1143
1.47 1142
1.47 1141
1.47 1140
1.47 1139
1.48 1138
1.48 1137
1.48 1136
1.48 1135
1.48 1134
1.48 1133
1.48 1132
1.48 1131
1.48 1130
1.48 1129
1.48 1128
1.48 1127
1.48 1126
1.48 1125
1.48 1124
1.48 1123
1.48 1122
1.48 1121
1.48 1120
1.48 1119
1.48 1118
1.48 1117
1.48 1116
1.48 1115
1.48 1114
1.48 1113
1.48 1112
1.48 1111
1.48 1110
1.50 1109
1.50 1108
1.50 1107
1.50 1106
1.50 1105
1.51 1104
1.51 1103
1.51 1102
1.51 1101
1.51 1100
1.51 1099
1.51 1098
1.51 1097
1.51 1096
1.51 1095
1.51 1094
1.51 1093
1.51 1092
1.51 1091
1.51 1090
1.52 1089
1.52 1088
1.52 1087
1.52 1086
1.52 1085
1.52 1084
1.52 1083
1.52 1082
1.52 1081
1.52 1080
1.52 1079
1.52 1078
1.52 1077
1.52 1076
1.52 1075
1.52 1074
1.52 1073
1.52 1072
1.52 1071
1.53 1070
1.53 1069
1.53 1068
1.53 1067
1.53 1066
1.53 1065
1.53 1064
1.53 1063
1.53 1062
1.53 1061
1.54 1060
1.54 1059
1.54 1058
1.54 1057
1.54 1056
1.54 1055
1.54 1054
1.54 1053
1.54 1052
1.54 1051
1.54 1050
1.54 1049
1.54 1048
1.54 1047
1.54 1046
1.54 1045
1.54 1044
1.54 1043
1.54 1042
1.55 1041
1.55 1040
1.55 1039
1.55 1038
1.55 1037
1.55 1036
1.55 1035
1.55 1034
1.55 1033
1.55 1032
1.55 1031
1.55 1030
1.55 1029
1.55 1028
1.55 1027
1.55 1026
1.55 1025
1.55 1024
1.55 1023
1.55 1022
1.55 1021
1.55 1020
1.55 1019
1.55 1018
1.55 1017
1.55 1016
1.55 1015
1.55 1014
1.55 1013
1.55 1012
1.56 1011
1.56 1010
1.56 1009
1.56 1008
1.56 1007
1.56 1006
1.56 1005
1.56 1004
1.56 1003
1.56 1002
1.56 1001
1.56 1000
1.56 999
1.56 998
1.56 997
1.56 996
1.56 995
1.56 994
1.56 993
1.57 992
1.57 991
1.57 990
1.57 989
1.57 988
1.57 987
1.57 986
1.57 985
1.57 984
1.58 983
1.58 982
1.58 981
1.58 980
