0.73 1999
0.73 1998
0.73 1997
0.73 1996
0.73 1995
0.73 1994
0.73 1993
0.73 1992
0.73 1991
0.73 1990
0.73 1989
0.73 1988
0.73 1987
0.73 1986
0.73 1985
0.73 1984
0.73 1983
0.73 1982
0.75 1981
0.75 1980
0.75 1979
0.75 1978
0.75 1977
0.75 1976
0.75 1975
0.75 1974
0.75 1973
0.75 1972
0.75 1971
0.75 1970
0.75 1969
0.75 1968
0.75 1967
0.75 1966
0.75 1965
0.75 1964
0.75 1963
0.75 1962
0.75 1961
0.75 1960
0.75 1959
0.75 1958
0.75 1957
0.75 1956
0.75 1955
0.75 1954
0.75 1953
0.76 1952
0.76 1951
0.76 1950
0.76 1949
0.76 1948
0.76 1947
0.76 1946
0.76 1945
0.76 1944
0.76 1943
0.76 1942
0.76 1941
0.76 1940
0.76 1939
0.76 1938
0.76 1937
0.76 1936
0.76 1935
0.76 1934
0.76 1933
0.76 1932
0.76 1931
0.76 1930
0.76 1929
0.76 1928
0.76 1927
0.76 1926
0.76 1925
0.76 1924
0.76 1923
0.78 1922
0.78 1921
0.78 1920
0.78 1919
0.78 1918
0.78 1917
0.78 1916
0.78 1915
0.78 1914
0.78 1913
0.78 1912
0.78 1911
0.78 1910
0.78 1909
0.78 1908
0.78 1907
0.78 1906
0.78 1905
0.78 1904
0.78 1903
0.78 1902
0.78 1901
0.78 1900
0.78 1899
0.78 1898
0.78 1897
0.78 1896
0.78 1895
0.78 1894
0.78 1893
0.80 1892
0.80 1891
0.80 1890
0.80 1889
0.80 1888
0.80 1887
0.80 1886
0.80 1885
0.80 1884
0.80 1883
0.80 1882
0.80 1881
0.80 1880
0.80 1879
0.80 1878
0.80 1877
0.80 1876
0.80 1875
0.80 1874
0.80 1873
0.80 1872
0.80 1871
0.80 1870
0.80 1869
0.80 1868
0.80 1867
0.80 1866
0.80 1865
0.80 1864
0.80 1863
0.81 1862
0.81 1861
0.81 1860
0.81 1859
0.81 1858
0.81 1857
0.81 1856
0.81 1855
0.81 1854
0.81 1853
0.81 1852
0.81 1851
0.81 1850
0.81 1849
0.81 1848
0.81 1847
0.81 1846
0.81 1845
0.81 1844
0.81 1843
0.81 1842
0.81 1841
0.81 1840
0.81 1839
0.81 1838
0.81 1837
0.81 1836
0.81 1835
0.81 1834
0.81 1833
0.81 1832
0.81 1831
0.81 1830
0.81 1829
0.83 1828
0.83 1827
0.83 1826
0.83 1825
0.83 1824
0.83 1823
0.83 1822
0.83 1821
0.83 1820
0.83 1819
0.83 1818
0.83 1817
0.83 1816
0.83 1815
0.83 1814
0.83 1813
0.83 1812
0.83 1811
0.83 1810
0.83 1809
0.83 1808
0.83 1807
0.83 1806
0.83 1805
0.83 1804
0.83 1803
0.83 1802
0.83 1801
0.83 1800
0.83 1799
0.83 1798
0.83 1797
0.83 1796
0.83 1795
0.83 1794
0.83 1793
0.84 1792
0.84 1791
0.84 1790
0.84 1789
0.84 1788
0.84 1787
0.84 1786
0.84 1785
0.84 1784
0.84 1783
0.84 1782
0.84 1781
0.84 1780
0.84 1779
0.84 1778
0.84 1777
0.84 1776
0.84 1775
0.84 1774
0.84 1773
0.84 1772
0.84 1771
0.84 1770
0.84 1769
0.84 1768
0.84 1767
0.84 1766
0.84 1765
0.84 1764
0.84 1763
0.84 1762
0.84 1761
0.84 1760
0.84 1759
0.86 1758
0.86 1757
0.86 1756
0.86 1755
0.86 1754
0.86 1753
0.86 1752
0.86 1751
0.86 1750
0.86 1749
0.86 1748
0.86 1747
0.86 1746
0.86 1745
0.86 1744
0.86 1743
0.86 1742
0.86 1741
0.86 1740
0.86 1739
0.86 1738
0.86 1737
0.86 1736
0.86 1735
0.86 1734
0.86 1733
0.86 1732
0.86 1731
0.86 1730
0.86 1729
0.86 1728
0.86 1727
0.86 1726
0.86 1725
0.86 1724
0.86 1723
0.86 1722
0.87 1721
0.87 1720
0.87 1719
0.87 1718
0.87 1717
0.87 1716
0.87 1715
0.87 1714
0.87 1713
0.87 1712
0.87 1711
0.87 1710
0.87 1709
0.87 1708
0.87 1707
0.87 1706
0.87 1705
0.87 1704
0.87 1703
0.87 1702
0.87 1701
0.87 1700
0.87 1699
0.87 1698
0.87 1697
0.87 1696
0.87 1695
0.87 1694
0.87 1693
0.87 1692
0.87 1691
0.87 1690
0.87 1689
0.87 1688
0.87 1687
0.87 1686
0.87 1685
0.89 1684
0.89 1683
0.89 1682
0.89 1681
0.89 1680
0.89 1679
0.89 1678
0.89 1677
0.89 1676
0.89 1675
0.89 1674
0.89 1673
0.89 1672
0.89 1671
0.89 1670
0.89 1669
0.89 1668
0.89 1667
0.89 1666
0.89 1665
0.89 1664
0.89 1663
0.89 1662
0.89 1661
0.89 1660
0.89 1659
0.89 1658
0.89 1657
0.89 1656
0.89 1655
0.89 1654
0.89 1653
0.89 1652
0.89 1651
0.89 1650
0.91 1649
0.91 1648
0.91 1647
0.91 1646
0.91 1645
0.91 1644
0.91 1643
0.91 1642
0.91 1641
0.91 1640
0.91 1639
0.91 1638
0.91 1637
0.91 1636
0.91 1635
0.91 1634
0.91 1633
0.91 1632
0.91 1631
0.91 1630
0.91 1629
0.91 1628
0.91 1627
0.91 1626
0.91 1625
0.91 1624
0.91 1623
0.91 1622
0.91 1621
0.91 1620
0.91 1619
0.91 1618
0.91 1617
0.91 1616
0.91 1615
0.91 1614
0.91 1613
0.91 1612
0.92 1611
0.92 1610
0.92 1609
0.92 1608
0.92 1607
0.92 1606
0.92 1605
0.92 1604
0.92 1603
0.92 1602
0.92 1601
0.92 1600
0.93 1599
0.93 1598
0.93 1597
0.93 1596
0.93 1595
0.93 1594
0.93 1593
0.93 1592
0.93 1591
0.93 1590
0.93 1589
0.93 1588
0.93 1587
0.93 1586
0.93 1585
0.93 1584
0.93 1583
0.93 1582
0.93 1581
0.93 1580
0.93 1579
0.93 1578
0.93 1577
0.93 1576
0.93 1575
0.93 1574
0.93 1573
0.94 1572
0.94 1571
0.94 1570
0.94 1569
0.94 1568
0.94 1567
0.94 1566
0.94 1565
0.94 1564
0.94 1563
0.94 1562
0.94 1561
0.94 1560
0.94 1559
0.94 1558
0.94 1557
0.94 1556
0.94 1555
0.94 1554
0.94 1553
0.94 1552
0.94 1551
0.94 1550
0.94 1549
0.94 1548
0.94 1547
0.94 1546
0.94 1545
0.94 1544
0.94 1543
0.94 1542
0.94 1541
0.94 1540
0.94 1539
0.94 1538
0.94 1537
0.94 1536
0.95 1535
0.95 1534
0.95 1533
0.95 1532
0.95 1531
0.95 1530
0.95 1529
0.95 1528
0.95 1527
0.95 1526
0.95 1525
0.95 1524
0.95 1523
0.95 1522
0.95 1521
0.95 1520
0.95 1519
0.95 1518
0.95 1517
0.95 1516
0.95 1515
0.95 1514
0.95 1513
0.95 1512
0.95 1511
0.95 1510
0.95 1509
0.95 1508
0.95 1507
0.95 1506
0.95 1505
0.95 1504
0.95 1503
0.95 1502
0.95 1501
0.95 1500
0.95 1499
0.95 1498
0.95 1497
0.97 1496
0.97 1495
0.97 1494
0.97 1493
0.97 1492
0.97 1491
0.97 1490
0.97 1489
0.97 1488
0.97 1487
0.97 1486
0.97 1485
0.97 1484
0.97 1483
0.97 1482
0.97 1481
0.97 1480
0.97 1479
0.97 1478
0.97 1477
0.97 1476
0.97 1475
0.97 1474
0.97 1473
0.97 1472
0.97 1471
0.97 1470
0.97 1469
0.97 1468
0.97 1467
0.97 1466
0.97 1465
0.97 1464
0.97 1463
0.97 1462
0.97 1461
0.97 1460
0.97 1459
0.99 1458
0.99 1457
0.99 1456
0.99 1455
0.99 1454
0.99 1453
0.99 1452
0.99 1451
0.99 1450
0.99 1449
0.99 1448
0.99 1447
0.99 1446
0.99 1445
0.99 1444
0.99 1443
0.99 1442
0.99 1441
0.99 1440
0.99 1439
0.99 1438
0.99 1437
0.99 1436
0.99 1435
0.99 1434
0.99 1433
0.99 1432
0.99 1431
0.99 1430
0.99 1429
0.99 1428
0.99 1427
0.99 1426
0.99 1425
0.99 1424
1.00 1423
1.00 1422
1.00 1421
1.00 1420
1.00 1419
1.00 1418
1.00 1417
1.00 1416
1.00 1415
1.00 1414
1.00 1413
1.00 1412
1.00 1411
1.00 1410
1.00 1409
1.00 1408
1.00 1407
1.00 1406
1.00 1405
1.00 1404
1.00 1403
1.00 1402
1.00 1401
1.00 1400
1.00 1399
1.00 1398
1.00 1397
1.00 1396
1.00 1395
1.00 1394
1.00 1393
1.00 1392
1.00 1391
1.00 1390
1.02 1389
1.02 1388
1.02 1387
1.02 1386
1.02 1385
1.02 1384
1.02 1383
1.02 1382
1.02 1381
1.02 1380
1.02 1379
1.02 1378
1.02 1377
1.02 1376
1.02 1375
1.02 1374
1.02 1373
1.02 1372
1.02 1371
1.02 1370
1.02 1369
1.02 1368
1.03 1367
1.03 1366
1.03 1365
1.03 1364
1.03 1363
1.03 1362
1.03 1361
1.03 1360
1.03 1359
1.03 1358
1.03 1357
1.03 1356
1.03 1355
1.03 1354
1.03 1353
1.03 1352
1.03 1351
1.03 1350
1.03 1349
1.03 1348
1.03 1347
1.03 1346
1.03 1345
1.03 1344
1.03 1343
1.03 1342
1.04 1341
1.04 1340
1.04 1339
1.04 1338
1.04 1337
1.04 1336
1.04 1335
1.04 1334
1.04 1333
1.04 1332
1.04 1331
1.04 1330
1.04 1329
1.04 1328
1.04 1327
1.04 1326
1.04 1325
1.04 1324
1.04 1323
1.04 1322
1.04 1321
1.04 1320
1.04 1319
1.05 1318
1.05 1317
1.05 1316
1.05 1315
1.05 1314
1.05 1313
1.05 1312
1.05 1311
1.05 1310
1.05 1309
1.05 1308
1.05 1307
1.05 1306
1.05 1305
1.05 1304
1.05 1303
1.05 1302
1.05 1301
1.05 1300
1.05 1299
1.05 1298
1.06 1297
1.06 1296
1.06 1295
1.06 1294
1.06 1293
1.06 1292
1.06 1291
1.06 1290
1.06 1289
1.06 1288
1.06 1287
1.06 1286
1.06 1285
1.06 1284
1.06 1283
1.06 1282
1.06 1281
1.06 1280
1.06 1279
1.06 1278
1.06 1277
1.06 1276
1.06 1275
1.06 1274
1.06 1273
1.06 1272
1.06 1271
1.06 1270
1.06 1269
1.06 1268
1.06 1267
1.06 1266
1.06 1265
1.06 1264
1.06 1263
1.06 1262
1.06 1261
1.06 1260
1.06 1259
1.06 1258
1.06 1257
1.06 1256
1.06 1255
1.07 1254
1.07 1253
1.07 1252
1.07 1251
1.07 1250
1.07 1249
1.07 1248
1.07 1247
1.07 1246
1.07 1245
1.07 1244
1.07 1243
1.07 1242
1.07 1241
1.07 1240
1.07 1239
1.07 1238
1.07 1237
1.07 1236
1.07 1235
1.07 1234
1.07 1233
1.07 1232
1.07 1231
1.07 1230
1.07 1229
1.07 1228
1.07 1227
1.07 1226
1.07 1225
1.07 1224
1.07 1223
1.07 1222
1.07 1221
1.07 1220
1.07 1219
1.07 1218
1.07 1217
1.07 1216
1.07 1215
1.07 1214
1.09 1213
1.09 1212
1.09 1211
1.09 1210
1.09 1209
1.09 1208
1.09 1207
1.09 1206
1.09 1205
1.09 1204
1.09 1203
1.09 1202
1.09 1201
1.09 1200
1.09 1199
1.09 1198
1.09 1197
1.09 1196
1.09 1195
1.09 1194
1.09 1193
1.09 1192
1.09 1191
1.09 1190
1.09 1189
1.09 1188
1.09 1187
1.09 1186
1.09 1185
1.09 1184
1.09 1183
1.09 1182
1.09 1181
1.09 1180
1.09 1179
1.09 1178
1.09 1177
1.09 1176
1.09 1175
1.09 1174
1.09 1173
1.09 1172
1.10 1171
1.10 1170
1.10 1169
1.10 1168
1.10 1167
1.10 1166
1.10 1165
1.10 1164
1.10 1163
1.10 1162
1.10 1161
1.10 1160
1.10 1159
1.10 1158
1.10 1157
1.10 1156
1.10 1155
1.10 1154
1.10 1153
1.10 1152
1.10 1151
1.10 1150
1.10 1149
1.10 1148
1.10 1147
1.10 1146
1.10 1145
1.10 1144
1.10 1143
1.10 1142
1.10 1141
1.10 1140
1.10 1139
1.10 1138
1.10 1137
1.10 1136
1.10 1135
1.10 1134
1.10 1133
1.10 1132
1.10 1131
1.10 1130
1.12 1129
1.12 1128
1.12 1127
1.12 1126
1.12 1125
1.12 1124
1.12 1123
1.12 1122
1.12 1121
1.12 1120
1.12 1119
1.12 1118
1.12 1117
1.12 1116
1.12 1115
1.12 1114
1.12 1113
1.12 1112
1.12 1111
1.12 1110
1.12 1109
1.13 1108
1.13 1107
1.13 1106
1.13 1105
1.13 1104
1.13 1103
1.13 1102
1.13 1101
1.13 1100
1.13 1099
1.13 1098
1.13 1097
1.13 1096
1.13 1095
1.13 1094
1.13 1093
1.13 1092
1.13 1091
1.13 1090
1.13 1089
1.14 1088
1.14 1087
1.14 1086
1.14 1085
1.14 1084
1.14 1083
1.14 1082
1.14 1081
1.14 1080
1.14 1079
1.14 1078
1.14 1077
1.14 1076
1.14 1075
1.14 1074
1.14 1073
1.14 1072
1.14 1071
1.14 1070
1.14 1069
1.14 1068
1.14 1067
1.14 1066
1.14 1065
1.14 1064
1.14 1063
1.14 1062
1.14 1061
1.14 1060
1.14 1059
1.14 1058
1.14 1057
1.14 1056
1.14 1055
1.14 1054
1.14 1053
1.14 1052
1.14 1051
1.14 1050
1.14 1049
1.14 1048
1.14 1047
1.15 1046
1.15 1045
1.15 1044
1.15 1043
1.15 1042
1.15 1041
1.15 1040
1.15 1039
1.15 1038
1.15 1037
1.15 1036
1.15 1035
1.15 1034
1.15 1033
1.15 1032
1.15 1031
1.15 1030
1.15 1029
1.15 1028
1.15 1027
1.15 1026
1.15 1025
1.15 1024
1.15 1023
1.15 1022
1.15 1021
1.15 1020
1.15 1019
1.15 1018
1.15 1017
1.15 1016
1.15 1015
1.15 1014
1.15 1013
1.15 1012
1.15 1011
1.15 1010
1.15 1009
1.15 1008
1.15 1007
1.15 1006
1.15 1005
1.15 1004
1.15 1003
1.17 1002
1.17 1001
1.17 1000
