0.80 1999
0.80 1998
0.80 1997
0.80 1996
0.80 1995
0.80 1994
0.80 1993
0.80 1992
0.80 1991
0.80 1990
0.80 1989
0.80 1988
0.80 1987
0.80 1986
0.80 1985
0.80 1984
0.80 1983
0.80 1982
0.80 1981
0.80 1980
0.80 1979
0.80 1978
0.80 1977
0.80 1976
0.80 1975
0.80 1974
0.82 1973
0.82 1972
0.82 1971
0.82 1970
0.82 1969
0.82 1968
0.82 1967
0.82 1966
0.82 1965
0.82 1964
0.82 1963
0.82 1962
0.82 1961
0.82 1960
0.82 1959
0.82 1958
0.82 1957
0.82 1956
0.82 1955
0.82 1954
0.82 1953
0.82 1952
0.82 1951
0.82 1950
0.82 1949
0.82 1948
0.82 1947
0.82 1946
0.82 1945
0.82 1944
0.83 1943
0.83 1942
0.83 1941
0.83 1940
0.83 1939
0.83 1938
0.83 1937
0.83 1936
0.83 1935
0.83 1934
0.83 1933
0.83 1932
0.83 1931
0.83 1930
0.83 1929
0.83 1928
0.83 1927
0.83 1926
0.83 1925
0.83 1924
0.83 1923
0.83 1922
0.83 1921
0.83 1920
0.83 1919
0.83 1918
0.83 1917
0.83 1916
0.83 1915
0.85 1914
0.85 1913
0.85 1912
0.85 1911
0.85 1910
0.85 1909
0.85 1908
0.85 1907
0.85 1906
0.85 1905
0.85 1904
0.85 1903
0.85 1902
0.85 1901
0.85 1900
0.85 1899
0.85 1898
0.85 1897
0.85 1896
0.85 1895
0.85 1894
0.85 1893
0.85 1892
0.85 1891
0.85 1890
0.85 1889
0.85 1888
0.85 1887
0.85 1886
0.87 1885
0.87 1884
0.87 1883
0.87 1882
0.87 1881
0.87 1880
0.87 1879
0.87 1878
0.87 1877
0.87 1876
0.87 1875
0.87 1874
0.87 1873
0.87 1872
0.87 1871
0.87 1870
0.87 1869
0.87 1868
0.87 1867
0.87 1866
0.87 1865
0.87 1864
0.87 1863
0.87 1862
0.87 1861
0.87 1860
0.87 1859
0.87 1858
0.87 1857
0.88 1856
0.88 1855
0.88 1854
0.88 1853
0.88 1852
0.88 1851
0.88 1850
0.88 1849
0.88 1848
0.88 1847
0.88 1846
0.88 1845
0.88 1844
0.88 1843
0.88 1842
0.88 1841
0.88 1840
0.88 1839
0.88 1838
0.88 1837
0.88 1836
0.88 1835
0.88 1834
0.88 1833
0.88 1832
0.88 1831
0.88 1830
0.88 1829
0.88 1828
0.88 1827
0.90 1826
0.90 1825
0.90 1824
0.90 1823
0.90 1822
0.90 1821
0.90 1820
0.90 1819
0.90 1818
0.90 1817
0.90 1816
0.90 1815
0.90 1814
0.90 1813
0.90 1812
0.90 1811
0.90 1810
0.90 1809
0.90 1808
0.90 1807
0.90 1806
0.90 1805
0.90 1804
0.90 1803
0.91 1802
0.91 1801
0.91 1800
0.91 1799
0.91 1798
0.91 1797
0.91 1796
0.91 1795
0.91 1794
0.91 1793
0.91 1792
0.91 1791
0.91 1790
0.91 1789
0.91 1788
0.91 1787
0.93 1786
0.93 1785
0.93 1784
0.93 1783
0.93 1782
0.93 1781
0.93 1780
0.93 1779
0.93 1778
0.93 1777
0.93 1776
0.93 1775
0.93 1774
0.93 1773
0.93 1772
0.93 1771
0.93 1770
0.93 1769
0.93 1768
0.93 1767
0.93 1766
0.93 1765
0.93 1764
0.93 1763
0.93 1762
0.93 1761
0.93 1760
0.93 1759
0.93 1758
0.93 1757
0.93 1756
0.93 1755
0.93 1754
0.93 1753
0.94 1752
0.94 1751
0.94 1750
0.94 1749
0.94 1748
0.94 1747
0.94 1746
0.94 1745
0.94 1744
0.94 1743
0.94 1742
0.94 1741
0.94 1740
0.94 1739
0.94 1738
0.94 1737
0.94 1736
0.94 1735
0.94 1734
0.94 1733
0.94 1732
0.94 1731
0.94 1730
0.94 1729
0.94 1728
0.94 1727
0.94 1726
0.94 1725
0.94 1724
0.94 1723
0.94 1722
0.94 1721
0.96 1720
0.96 1719
0.96 1718
0.96 1717
0.96 1716
0.96 1715
0.96 1714
0.96 1713
0.96 1712
0.96 1711
0.96 1710
0.96 1709
0.96 1708
0.96 1707
0.96 1706
0.96 1705
0.96 1704
0.96 1703
0.96 1702
0.96 1701
0.96 1700
0.96 1699
0.96 1698
0.96 1697
0.96 1696
0.96 1695
0.96 1694
0.96 1693
0.96 1692
0.96 1691
0.96 1690
0.96 1689
0.98 1688
0.98 1687
0.98 1686
0.98 1685
0.98 1684
0.98 1683
0.98 1682
0.98 1681
0.98 1680
0.98 1679
0.98 1678
0.98 1677
0.98 1676
0.98 1675
0.98 1674
0.98 1673
0.98 1672
0.98 1671
0.98 1670
0.98 1669
0.98 1668
0.98 1667
0.98 1666
0.98 1665
0.98 1664
0.98 1663
0.98 1662
0.98 1661
0.98 1660
0.98 1659
0.98 1658
0.99 1657
0.99 1656
0.99 1655
0.99 1654
0.99 1653
0.99 1652
0.99 1651
0.99 1650
0.99 1649
0.99 1648
0.99 1647
0.99 1646
0.99 1645
1.00 1644
1.00 1643
1.00 1642
1.00 1641
1.00 1640
1.00 1639
1.00 1638
1.00 1637
1.00 1636
1.00 1635
1.00 1634
1.00 1633
1.00 1632
1.00 1631
1.00 1630
1.00 1629
1.00 1628
1.00 1627
1.01 1626
1.01 1625
1.01 1624
1.01 1623
1.01 1622
1.01 1621
1.01 1620
1.01 1619
1.01 1618
1.01 1617
1.01 1616
1.01 1615
1.01 1614
1.01 1613
1.01 1612
1.01 1611
1.01 1610
1.01 1609
1.01 1608
1.01 1607
1.01 1606
1.01 1605
1.01 1604
1.01 1603
1.01 1602
1.01 1601
1.01 1600
1.01 1599
1.01 1598
1.02 1597
1.02 1596
1.02 1595
1.02 1594
1.02 1593
1.02 1592
1.02 1591
1.02 1590
1.02 1589
1.02 1588
1.02 1587
1.02 1586
1.02 1585
1.02 1584
1.02 1583
1.02 1582
1.02 1581
1.02 1580
1.02 1579
1.02 1578
1.02 1577
1.02 1576
1.02 1575
1.02 1574
1.02 1573
1.02 1572
1.02 1571
1.02 1570
1.04 1569
1.04 1568
1.04 1567
1.04 1566
1.04 1565
1.04 1564
1.04 1563
1.04 1562
1.04 1561
1.04 1560
1.04 1559
1.04 1558
1.04 1557
1.04 1556
1.04 1555
1.04 1554
1.04 1553
1.04 1552
1.04 1551
1.04 1550
1.04 1549
1.04 1548
1.04 1547
1.04 1546
1.04 1545
1.04 1544
1.04 1543
1.04 1542
1.04 1541
1.04 1540
1.04 1539
1.06 1538
1.06 1537
1.06 1536
1.06 1535
1.06 1534
1.06 1533
1.06 1532
1.06 1531
1.06 1530
1.06 1529
1.06 1528
1.06 1527
1.06 1526
1.06 1525
1.06 1524
1.06 1523
1.06 1522
1.06 1521
1.06 1520
1.06 1519
1.06 1518
1.06 1517
1.06 1516
1.06 1515
1.06 1514
1.06 1513
1.06 1512
1.06 1511
1.06 1510
1.06 1509
1.06 1508
1.06 1507
1.06 1506
1.06 1505
1.06 1504
1.06 1503
1.06 1502
1.07 1501
1.07 1500
1.07 1499
1.07 1498
1.07 1497
1.07 1496
1.07 1495
1.07 1494
1.07 1493
1.07 1492
1.07 1491
1.07 1490
1.07 1489
1.07 1488
1.07 1487
1.07 1486
1.07 1485
1.07 1484
1.07 1483
1.07 1482
1.07 1481
1.07 1480
1.07 1479
1.07 1478
1.07 1477
1.07 1476
1.07 1475
1.07 1474
1.07 1473
1.07 1472
1.07 1471
1.07 1470
1.07 1469
1.07 1468
1.07 1467
1.07 1466
1.07 1465
1.09 1464
1.09 1463
1.09 1462
1.09 1461
1.09 1460
1.09 1459
1.09 1458
1.09 1457
1.09 1456
1.09 1455
1.09 1454
1.09 1453
1.09 1452
1.09 1451
1.09 1450
1.09 1449
1.09 1448
1.09 1447
1.09 1446
1.09 1445
1.09 1444
1.09 1443
1.09 1442
1.09 1441
1.09 1440
1.09 1439
1.09 1438
1.09 1437
1.09 1436
1.09 1435
1.09 1434
1.10 1433
1.10 1432
1.10 1431
1.10 1430
1.10 1429
1.10 1428
1.10 1427
1.10 1426
1.10 1425
1.10 1424
1.10 1423
1.10 1422
1.10 1421
1.10 1420
1.10 1419
1.10 1418
1.10 1417
1.10 1416
1.10 1415
1.10 1414
1.10 1413
1.10 1412
1.10 1411
1.10 1410
1.10 1409
1.10 1408
1.10 1407
1.10 1406
1.10 1405
1.10 1404
1.10 1403
1.10 1402
1.10 1401
1.10 1400
1.10 1399
1.10 1398
1.10 1397
1.10 1396
1.10 1395
1.10 1394
1.10 1393
1.10 1392
1.10 1391
1.12 1390
1.12 1389
1.12 1388
1.12 1387
1.12 1386
1.12 1385
1.12 1384
1.12 1383
1.12 1382
1.12 1381
1.12 1380
1.12 1379
1.12 1378
1.12 1377
1.12 1376
1.12 1375
1.12 1374
1.12 1373
1.12 1372
1.12 1371
1.12 1370
1.12 1369
1.12 1368
1.12 1367
1.12 1366
1.12 1365
1.12 1364
1.12 1363
1.12 1362
1.12 1361
1.12 1360
1.12 1359
1.13 1358
1.13 1357
1.13 1356
1.13 1355
1.13 1354
1.13 1353
1.13 1352
1.13 1351
1.13 1350
1.13 1349
1.13 1348
1.13 1347
1.13 1346
1.13 1345
1.13 1344
1.13 1343
1.13 1342
1.13 1341
1.13 1340
1.13 1339
1.13 1338
1.13 1337
1.13 1336
1.13 1335
1.13 1334
1.13 1333
1.13 1332
1.13 1331
1.13 1330
1.13 1329
1.13 1328
1.13 1327
1.13 1326
1.13 1325
1.13 1324
1.13 1323
1.13 1322
1.13 1321
1.13 1320
1.15 1319
1.15 1318
1.15 1317
1.15 1316
1.15 1315
1.15 1314
1.15 1313
1.15 1312
1.15 1311
1.15 1310
1.15 1309
1.15 1308
1.15 1307
1.15 1306
1.15 1305
1.15 1304
1.15 1303
1.15 1302
1.15 1301
1.15 1300
1.15 1299
1.15 1298
1.15 1297
1.15 1296
1.15 1295
1.15 1294
1.15 1293
1.15 1292
1.15 1291
1.15 1290
1.15 1289
1.15 1288
1.15 1287
1.15 1286
1.15 1285
1.17 1284
1.17 1283
1.17 1282
1.17 1281
1.17 1280
1.17 1279
1.17 1278
1.17 1277
1.17 1276
1.17 1275
1.17 1274
1.17 1273
1.17 1272
1.17 1271
1.17 1270
1.17 1269
1.17 1268
1.17 1267
1.17 1266
1.17 1265
1.17 1264
1.17 1263
1.17 1262
1.17 1261
1.17 1260
1.17 1259
1.17 1258
1.17 1257
1.17 1256
1.17 1255
1.17 1254
1.17 1253
1.17 1252
1.17 1251
1.17 1250
1.17 1249
1.17 1248
1.17 1247
1.17 1246
1.18 1245
1.18 1244
1.18 1243
1.18 1242
1.18 1241
1.18 1240
1.18 1239
1.18 1238
1.18 1237
1.18 1236
1.18 1235
1.18 1234
1.18 1233
1.18 1232
1.18 1231
1.18 1230
1.18 1229
1.18 1228
1.18 1227
1.18 1226
1.18 1225
1.18 1224
1.18 1223
1.18 1222
1.18 1221
1.18 1220
1.18 1219
1.18 1218
1.18 1217
1.18 1216
1.18 1215
1.18 1214
1.18 1213
1.18 1212
1.18 1211
1.18 1210
1.18 1209
1.18 1208
1.18 1207
1.18 1206
1.18 1205
1.20 1204
1.20 1203
1.20 1202
1.20 1201
1.20 1200
1.20 1199
1.20 1198
1.20 1197
1.20 1196
1.20 1195
1.20 1194
1.20 1193
1.20 1192
1.20 1191
1.20 1190
1.20 1189
1.20 1188
1.20 1187
1.20 1186
1.20 1185
1.20 1184
1.20 1183
1.20 1182
1.20 1181
1.20 1180
1.20 1179
1.20 1178
1.20 1177
1.20 1176
1.20 1175
1.20 1174
1.20 1173
1.20 1172
1.20 1171
1.20 1170
1.20 1169
1.20 1168
1.20 1167
1.20 1166
1.21 1165
1.21 1164
1.21 1163
1.21 1162
1.21 1161
1.21 1160
1.21 1159
1.21 1158
1.21 1157
1.21 1156
1.21 1155
1.21 1154
1.21 1153
1.21 1152
1.21 1151
1.23 1150
1.23 1149
1.23 1148
1.23 1147
1.23 1146
1.23 1145
1.23 1144
1.23 1143
1.23 1142
1.23 1141
1.23 1140
1.23 1139
1.23 1138
1.23 1137
1.23 1136
1.23 1135
1.23 1134
1.23 1133
1.23 1132
1.23 1131
1.23 1130
1.23 1129
1.23 1128
1.23 1127
1.23 1126
1.23 1125
1.23 1124
1.23 1123
1.23 1122
1.23 1121
1.23 1120
1.23 1119
1.23 1118
1.23 1117
1.23 1116
1.23 1115
1.23 1114
1.23 1113
1.23 1112
1.25 1111
1.25 1110
1.25 1109
1.25 1108
1.25 1107
1.25 1106
1.25 1105
1.25 1104
1.25 1103
1.25 1102
1.25 1101
1.25 1100
1.25 1099
1.25 1098
1.25 1097
1.25 1096
1.25 1095
1.25 1094
1.25 1093
1.25 1092
1.25 1091
1.25 1090
1.25 1089
1.25 1088
1.25 1087
1.25 1086
1.25 1085
1.25 1084
1.25 1083
1.25 1082
1.25 1081
1.25 1080
1.25 1079
1.25 1078
1.25 1077
1.25 1076
1.25 1075
1.25 1074
1.25 1073
1.25 1072
1.25 1071
1.25 1070
1.26 1069
1.26 1068
1.26 1067
1.26 1066
1.26 1065
1.26 1064
1.26 1063
1.26 1062
1.26 1061
1.26 1060
1.26 1059
1.26 1058
1.26 1057
1.26 1056
1.26 1055
1.26 1054
1.26 1053
1.26 1052
1.26 1051
1.26 1050
1.26 1049
1.26 1048
1.26 1047
1.26 1046
1.26 1045
1.26 1044
1.26 1043
1.26 1042
1.26 1041
1.26 1040
1.26 1039
1.26 1038
1.26 1037
1.26 1036
1.26 1035
1.26 1034
1.26 1033
1.26 1032
1.26 1031
1.26 1030
1.26 1029
1.26 1028
1.26 1027
1.28 1026
1.28 1025
1.28 1024
1.28 1023
1.28 1022
1.28 1021
1.28 1020
1.28 1019
1.28 1018
1.28 1017
1.28 1016
1.28 1015
1.28 1014
1.28 1013
1.28 1012
1.28 1011
1.28 1010
1.28 1009
1.28 1008
1.28 1007
1.28 1006
1.28 1005
1.28 1004
1.28 1003
1.28 1002
1.28 1001
1.28 1000
