0.83 1999
0.83 1998
0.83 1997
0.83 1996
0.83 1995
0.83 1994
0.83 1993
0.83 1992
0.83 1991
0.83 1990
0.83 1989
0.84 1988
0.84 1987
0.84 1986
0.84 1985
0.84 1984
0.84 1983
0.84 1982
0.84 1981
0.84 1980
0.84 1979
0.84 1978
0.84 1977
0.84 1976
0.84 1975
0.84 1974
0.84 1973
0.84 1972
0.84 1971
0.84 1970
0.84 1969
0.84 1968
0.84 1967
0.84 1966
0.84 1965
0.84 1964
0.84 1963
0.84 1962
0.84 1961
0.84 1960
0.84 1959
0.84 1958
0.86 1957
0.86 1956
0.86 1955
0.86 1954
0.86 1953
0.86 1952
0.86 1951
0.86 1950
0.86 1949
0.86 1948
0.86 1947
0.86 1946
0.86 1945
0.86 1944
0.86 1943
0.86 1942
0.86 1941
0.86 1940
0.86 1939
0.86 1938
0.86 1937
0.86 1936
0.86 1935
0.86 1934
0.86 1933
0.86 1932
0.86 1931
0.86 1930
0.86 1929
0.87 1928
0.87 1927
0.87 1926
0.87 1925
0.87 1924
0.87 1923
0.87 1922
0.87 1921
0.87 1920
0.87 1919
0.87 1918
0.87 1917
0.87 1916
0.87 1915
0.87 1914
0.87 1913
0.87 1912
0.87 1911
0.87 1910
0.87 1909
0.87 1908
0.87 1907
0.87 1906
0.87 1905
0.87 1904
0.87 1903
0.87 1902
0.87 1901
0.87 1900
0.87 1899
0.87 1898
0.87 1897
0.87 1896
0.87 1895
0.89 1894
0.89 1893
0.89 1892
0.89 1891
0.89 1890
0.89 1889
0.89 1888
0.89 1887
0.89 1886
0.89 1885
0.89 1884
0.89 1883
0.89 1882
0.89 1881
0.89 1880
0.89 1879
0.89 1878
0.89 1877
0.89 1876
0.89 1875
0.89 1874
0.89 1873
0.89 1872
0.89 1871
0.89 1870
0.89 1869
0.89 1868
0.89 1867
0.89 1866
0.90 1865
0.90 1864
0.90 1863
0.90 1862
0.90 1861
0.90 1860
0.90 1859
0.90 1858
0.90 1857
0.90 1856
0.90 1855
0.90 1854
0.90 1853
0.90 1852
0.90 1851
0.90 1850
0.91 1849
0.91 1848
0.91 1847
0.91 1846
0.91 1845
0.91 1844
0.91 1843
0.91 1842
0.91 1841
0.91 1840
0.91 1839
0.91 1838
0.91 1837
0.91 1836
0.91 1835
0.92 1834
0.92 1833
0.92 1832
0.92 1831
0.92 1830
0.92 1829
0.92 1828
0.92 1827
0.92 1826
0.92 1825
0.92 1824
0.92 1823
0.92 1822
0.92 1821
0.92 1820
0.92 1819
0.92 1818
0.92 1817
0.92 1816
0.92 1815
0.92 1814
0.92 1813
0.92 1812
0.92 1811
0.92 1810
0.92 1809
0.92 1808
0.92 1807
0.92 1806
0.92 1805
0.92 1804
0.92 1803
0.92 1802
0.92 1801
0.92 1800
0.94 1799
0.94 1798
0.94 1797
0.94 1796
0.94 1795
0.94 1794
0.94 1793
0.94 1792
0.94 1791
0.94 1790
0.94 1789
0.94 1788
0.94 1787
0.94 1786
0.94 1785
0.94 1784
0.94 1783
0.94 1782
0.94 1781
0.94 1780
0.94 1779
0.94 1778
0.94 1777
0.94 1776
0.94 1775
0.94 1774
0.94 1773
0.94 1772
0.94 1771
0.94 1770
0.94 1769
0.94 1768
0.94 1767
0.94 1766
0.94 1765
0.95 1764
0.95 1763
0.95 1762
0.95 1761
0.95 1760
0.95 1759
0.95 1758
0.95 1757
0.95 1756
0.95 1755
0.95 1754
0.95 1753
0.95 1752
0.95 1751
0.95 1750
0.95 1749
0.95 1748
0.95 1747
0.95 1746
0.95 1745
0.95 1744
0.95 1743
0.95 1742
0.95 1741
0.95 1740
0.95 1739
0.95 1738
0.95 1737
0.95 1736
0.95 1735
0.95 1734
0.95 1733
0.95 1732
0.95 1731
0.97 1730
0.97 1729
0.97 1728
0.97 1727
0.97 1726
0.97 1725
0.97 1724
0.97 1723
0.97 1722
0.97 1721
0.97 1720
0.97 1719
0.97 1718
0.97 1717
0.97 1716
0.97 1715
0.97 1714
0.97 1713
0.97 1712
0.97 1711
0.97 1710
0.97 1709
0.97 1708
0.97 1707
0.97 1706
0.97 1705
0.97 1704
0.97 1703
0.97 1702
0.97 1701
0.97 1700
0.97 1699
0.97 1698
0.97 1697
0.97 1696
0.97 1695
0.98 1694
0.98 1693
0.98 1692
0.98 1691
0.98 1690
0.98 1689
0.98 1688
0.98 1687
0.98 1686
0.98 1685
0.98 1684
0.98 1683
0.98 1682
0.98 1681
0.98 1680
0.98 1679
0.98 1678
0.98 1677
0.98 1676
0.98 1675
0.98 1674
0.98 1673
0.98 1672
0.98 1671
0.98 1670
0.98 1669
0.98 1668
0.98 1667
0.98 1666
0.98 1665
0.98 1664
0.98 1663
0.98 1662
0.98 1661
0.98 1660
0.98 1659
0.98 1658
1.00 1657
1.00 1656
1.00 1655
1.00 1654
1.00 1653
1.00 1652
1.00 1651
1.00 1650
1.00 1649
1.00 1648
1.00 1647
1.00 1646
1.00 1645
1.00 1644
1.00 1643
1.00 1642
1.00 1641
1.00 1640
1.00 1639
1.00 1638
1.00 1637
1.00 1636
1.00 1635
1.01 1634
1.01 1633
1.01 1632
1.02 1631
1.02 1630
1.02 1629
1.02 1628
1.02 1627
1.02 1626
1.02 1625
1.02 1624
1.02 1623
1.02 1622
1.02 1621
1.02 1620
1.02 1619
1.02 1618
1.02 1617
1.02 1616
1.02 1615
1.02 1614
1.02 1613
1.02 1612
1.02 1611
1.02 1610
1.02 1609
1.02 1608
1.02 1607
1.02 1606
1.02 1605
1.02 1604
1.03 1603
1.03 1602
1.03 1601
1.03 1600
1.03 1599
1.03 1598
1.03 1597
1.03 1596
1.03 1595
1.03 1594
1.03 1593
1.03 1592
1.03 1591
1.03 1590
1.03 1589
1.03 1588
1.03 1587
1.03 1586
1.03 1585
1.03 1584
1.03 1583
1.03 1582
1.03 1581
1.03 1580
1.03 1579
1.03 1578
1.03 1577
1.03 1576
1.05 1575
1.05 1574
1.05 1573
1.05 1572
1.05 1571
1.05 1570
1.05 1569
1.05 1568
1.05 1567
1.05 1566
1.05 1565
1.05 1564
1.05 1563
1.05 1562
1.05 1561
1.05 1560
1.05 1559
1.05 1558
1.05 1557
1.05 1556
1.05 1555
1.05 1554
1.05 1553
1.05 1552
1.05 1551
1.05 1550
1.05 1549
1.05 1548
1.05 1547
1.05 1546
1.05 1545
1.05 1544
1.06 1543
1.06 1542
1.06 1541
1.06 1540
1.06 1539
1.06 1538
1.06 1537
1.06 1536
1.06 1535
1.06 1534
1.06 1533
1.06 1532
1.06 1531
1.06 1530
1.06 1529
1.06 1528
1.06 1527
1.06 1526
1.06 1525
1.06 1524
1.06 1523
1.06 1522
1.06 1521
1.06 1520
1.06 1519
1.06 1518
1.06 1517
1.06 1516
1.06 1515
1.06 1514
1.06 1513
1.06 1512
1.08 1511
1.08 1510
1.08 1509
1.08 1508
1.08 1507
1.08 1506
1.08 1505
1.08 1504
1.08 1503
1.08 1502
1.08 1501
1.08 1500
1.08 1499
1.08 1498
1.08 1497
1.08 1496
1.08 1495
1.08 1494
1.08 1493
1.08 1492
1.08 1491
1.08 1490
1.08 1489
1.08 1488
1.08 1487
1.08 1486
1.08 1485
1.08 1484
1.08 1483
1.08 1482
1.08 1481
1.09 1480
1.09 1479
1.09 1478
1.09 1477
1.09 1476
1.09 1475
1.09 1474
1.09 1473
1.09 1472
1.09 1471
1.09 1470
1.09 1469
1.09 1468
1.09 1467
1.09 1466
1.09 1465
1.09 1464
1.09 1463
1.09 1462
1.09 1461
1.09 1460
1.09 1459
1.09 1458
1.09 1457
1.09 1456
1.09 1455
1.09 1454
1.09 1453
1.09 1452
1.09 1451
1.09 1450
1.09 1449
1.11 1448
1.11 1447
1.11 1446
1.11 1445
1.11 1444
1.11 1443
1.11 1442
1.11 1441
1.11 1440
1.11 1439
1.11 1438
1.11 1437
1.11 1436
1.11 1435
1.11 1434
1.11 1433
1.11 1432
1.11 1431
1.11 1430
1.11 1429
1.11 1428
1.11 1427
1.11 1426
1.11 1425
1.11 1424
1.11 1423
1.11 1422
1.11 1421
1.11 1420
1.11 1419
1.11 1418
1.11 1417
1.11 1416
1.13 1415
1.13 1414
1.13 1413
1.13 1412
1.13 1411
1.13 1410
1.13 1409
1.13 1408
1.13 1407
1.13 1406
1.13 1405
1.13 1404
1.13 1403
1.13 1402
1.13 1401
1.13 1400
1.13 1399
1.13 1398
1.13 1397
1.13 1396
1.13 1395
1.13 1394
1.13 1393
1.13 1392
1.13 1391
1.13 1390
1.13 1389
1.13 1388
1.13 1387
1.13 1386
1.13 1385
1.13 1384
1.13 1383
1.14 1382
1.14 1381
1.14 1380
1.14 1379
1.14 1378
1.14 1377
1.14 1376
1.14 1375
1.14 1374
1.14 1373
1.14 1372
1.14 1371
1.14 1370
1.14 1369
1.14 1368
1.14 1367
1.14 1366
1.14 1365
1.14 1364
1.14 1363
1.14 1362
1.14 1361
1.14 1360
1.14 1359
1.14 1358
1.14 1357
1.14 1356
1.14 1355
1.14 1354
1.14 1353
1.14 1352
1.14 1351
1.16 1350
1.16 1349
1.16 1348
1.16 1347
1.16 1346
1.16 1345
1.16 1344
1.16 1343
1.16 1342
1.16 1341
1.16 1340
1.16 1339
1.16 1338
1.16 1337
1.16 1336
1.16 1335
1.16 1334
1.16 1333
1.16 1332
1.16 1331
1.16 1330
1.16 1329
1.16 1328
1.16 1327
1.16 1326
1.16 1325
1.16 1324
1.16 1323
1.16 1322
1.16 1321
1.16 1320
1.16 1319
1.16 1318
1.16 1317
1.17 1316
1.17 1315
1.17 1314
1.17 1313
1.17 1312
1.17 1311
1.17 1310
1.17 1309
1.17 1308
1.17 1307
1.17 1306
1.17 1305
1.17 1304
1.17 1303
1.17 1302
1.17 1301
1.17 1300
1.17 1299
1.17 1298
1.17 1297
1.17 1296
1.17 1295
1.17 1294
1.17 1293
1.17 1292
1.17 1291
1.17 1290
1.19 1289
1.19 1288
1.19 1287
1.19 1286
1.19 1285
1.19 1284
1.19 1283
1.19 1282
1.19 1281
1.19 1280
1.19 1279
1.19 1278
1.19 1277
1.19 1276
1.19 1275
1.19 1274
1.19 1273
1.19 1272
1.19 1271
1.19 1270
1.19 1269
1.19 1268
1.19 1267
1.19 1266
1.19 1265
1.19 1264
1.19 1263
1.19 1262
1.19 1261
1.19 1260
1.19 1259
1.19 1258
1.19 1257
1.19 1256
1.21 1255
1.21 1254
1.21 1253
1.21 1252
1.21 1251
1.21 1250
1.21 1249
1.21 1248
1.21 1247
1.21 1246
1.21 1245
1.21 1244
1.21 1243
1.21 1242
1.21 1241
1.21 1240
1.21 1239
1.21 1238
1.21 1237
1.21 1236
1.21 1235
1.21 1234
1.21 1233
1.21 1232
1.21 1231
1.21 1230
1.21 1229
1.22 1228
1.22 1227
1.22 1226
1.22 1225
1.22 1224
1.22 1223
1.22 1222
1.22 1221
1.22 1220
1.22 1219
1.22 1218
1.22 1217
1.22 1216
1.22 1215
1.22 1214
1.22 1213
1.22 1212
1.22 1211
1.22 1210
1.22 1209
1.22 1208
1.22 1207
1.24 1206
1.24 1205
1.24 1204
1.24 1203
1.24 1202
1.24 1201
1.24 1200
1.24 1199
1.24 1198
1.24 1197
1.24 1196
1.24 1195
1.24 1194
1.24 1193
1.24 1192
1.24 1191
1.24 1190
1.24 1189
1.24 1188
1.24 1187
1.24 1186
1.24 1185
1.24 1184
1.24 1183
1.24 1182
1.24 1181
1.24 1180
1.24 1179
1.24 1178
1.24 1177
1.24 1176
1.24 1175
1.24 1174
1.24 1173
1.25 1172
1.25 1171
1.25 1170
1.25 1169
1.25 1168
1.25 1167
1.25 1166
1.25 1165
1.25 1164
1.25 1163
1.25 1162
1.25 1161
1.25 1160
1.25 1159
1.25 1158
1.25 1157
1.25 1156
1.25 1155
1.25 1154
1.25 1153
1.25 1152
1.25 1151
1.25 1150
1.25 1149
1.25 1148
1.25 1147
1.25 1146
1.25 1145
1.25 1144
1.25 1143
1.25 1142
1.25 1141
1.25 1140
1.25 1139
1.25 1138
1.25 1137
1.25 1136
1.25 1135
1.25 1134
1.25 1133
1.27 1132
1.27 1131
1.27 1130
1.27 1129
1.27 1128
1.27 1127
1.27 1126
1.27 1125
1.27 1124
1.27 1123
1.27 1122
1.27 1121
1.27 1120
1.27 1119
1.27 1118
1.27 1117
1.27 1116
1.27 1115
1.27 1114
1.27 1113
1.27 1112
1.27 1111
1.27 1110
1.27 1109
1.27 1108
1.27 1107
1.27 1106
1.27 1105
1.27 1104
1.27 1103
1.27 1102
1.27 1101
1.27 1100
1.27 1099
1.27 1098
1.27 1097
1.27 1096
1.27 1095
1.27 1094
1.28 1093
1.28 1092
1.28 1091
1.28 1090
1.28 1089
1.28 1088
1.28 1087
1.28 1086
1.28 1085
1.28 1084
1.28 1083
1.28 1082
1.28 1081
1.28 1080
1.28 1079
1.28 1078
1.28 1077
1.28 1076
1.28 1075
1.28 1074
1.28 1073
1.28 1072
1.28 1071
1.28 1070
1.28 1069
1.28 1068
1.28 1067
1.28 1066
1.28 1065
1.28 1064
1.28 1063
1.28 1062
1.28 1061
1.28 1060
1.28 1059
1.28 1058
1.28 1057
1.28 1056
1.28 1055
1.30 1054
1.30 1053
1.30 1052
1.30 1051
1.30 1050
1.30 1049
1.30 1048
1.30 1047
1.30 1046
1.30 1045
1.30 1044
1.30 1043
1.30 1042
1.30 1041
1.30 1040
1.30 1039
1.30 1038
1.30 1037
1.30 1036
1.30 1035
1.30 1034
1.30 1033
1.30 1032
1.30 1031
1.30 1030
1.30 1029
1.30 1028
1.30 1027
1.30 1026
1.30 1025
1.30 1024
1.30 1023
1.30 1022
1.30 1021
1.30 1020
1.30 1019
1.30 1018
1.30 1017
1.31 1016
1.31 1015
1.31 1014
1.31 1013
1.31 1012
1.31 1011
1.32 1010
1.32 1009
1.32 1008
1.32 1007
1.32 1006
1.32 1005
1.32 1004
1.32 1003
1.32 1002
1.32 1001
1.32 1000
