0.04 5677
0.05 5676
0.05 5675
0.05 5674
0.05 5673
0.05 5672
0.05 5671
0.05 5670
0.05 5669
0.05 5668
0.05 5667
0.05 5666
0.05 5665
0.05 5664
0.05 5663
0.05 5662
0.07 5661
0.07 5660
0.07 5659
0.07 5658
0.07 5657
0.08 5656
0.08 5655
0.08 5654
0.08 5653
0.08 5652
0.09 5651
0.09 5650
0.09 5649
0.09 5648
0.09 5647
0.09 5646
0.09 5645
0.09 5644
0.09 5643
0.09 5642
0.10 5641
0.10 5640
0.10 5639
0.10 5638
0.10 5637
0.10 5636
0.10 5635
0.10 5634
0.10 5633
0.10 5632
0.12 5631
0.12 5630
0.12 5629
0.12 5628
0.12 5627
0.12 5626
0.12 5625
0.12 5624
0.12 5623
0.12 5622
0.13 5621
0.13 5620
0.13 5619
0.13 5618
0.13 5617
0.13 5616
0.13 5615
0.13 5614
0.13 5613
0.13 5612
0.15 5611
0.15 5610
0.15 5609
0.15 5608
0.15 5607
0.15 5606
0.15 5605
0.15 5604
0.15 5603
0.15 5602
0.16 5601
0.16 5600
0.16 5599
0.16 5598
0.16 5597
0.16 5596
0.16 5595
0.16 5594
0.18 5593
0.18 5592
0.18 5591
0.18 5590
0.18 5589
0.18 5588
0.18 5587
0.18 5586
0.18 5585
0.18 5584
0.18 5583
0.18 5582
0.20 5581
0.20 5580
0.20 5579
0.20 5578
0.20 5577
0.20 5576
0.20 5575
0.20 5574
0.20 5573
0.20 5572
0.21 5571
0.21 5570
0.21 5569
0.21 5568
0.21 5567
0.21 5566
0.21 5565
0.21 5564
0.21 5563
0.23 5562
0.23 5561
0.23 5560
0.23 5559
0.23 5558
0.23 5557
0.23 5556
0.23 5555
0.23 5554
0.23 5553
0.24 5552
0.24 5551
0.24 5550
0.24 5549
0.24 5548
0.24 5547
0.24 5546
0.24 5545
0.24 5544
0.24 5543
0.24 5542
0.26 5541
0.26 5540
0.26 5539
0.26 5538
0.26 5537
0.26 5536
0.26 5535
0.26 5534
0.26 5533
0.26 5532
0.27 5531
0.27 5530
0.28 5529
0.28 5528
0.28 5527
0.28 5526
0.28 5525
0.28 5524
0.28 5523
0.28 5522
0.28 5521
0.29 5520
0.29 5519
0.29 5518
0.29 5517
0.29 5516
0.29 5515
0.29 5514
0.29 5513
0.29 5512
0.29 5511
0.29 5510
0.31 5509
0.31 5508
0.31 5507
0.31 5506
0.31 5505
0.31 5504
0.31 5503
0.31 5502
0.31 5501
0.31 5500
0.32 5499
0.32 5498
0.32 5497
0.32 5496
0.32 5495
0.32 5494
0.32 5493
0.32 5492
0.32 5491
0.32 5490
0.32 5489
0.34 5488
0.34 5487
0.34 5486
0.34 5485
0.34 5484
0.34 5483
0.34 5482
0.34 5481
0.34 5480
0.34 5479
0.35 5478
0.35 5477
0.35 5476
0.35 5475
0.35 5474
0.35 5473
0.35 5472
0.35 5471
0.35 5470
0.35 5469
0.35 5468
0.37 5467
0.37 5466
0.37 5465
0.37 5464
0.37 5463
0.37 5462
0.38 5461
0.38 5460
0.38 5459
0.38 5458
0.38 5457
0.39 5456
0.39 5455
0.39 5454
0.39 5453
0.39 5452
0.39 5451
0.39 5450
0.39 5449
0.39 5448
0.39 5447
0.40 5446
0.40 5445
0.40 5444
0.40 5443
0.40 5442
0.40 5441
0.40 5440
0.40 5439
0.40 5438
0.40 5437
0.40 5436
0.42 5435
0.42 5434
0.42 5433
0.42 5432
0.42 5431
0.42 5430
0.42 5429
0.42 5428
0.42 5427
0.42 5426
0.43 5425
0.43 5424
0.43 5423
0.43 5422
0.43 5421
0.43 5420
0.43 5419
0.43 5418
0.43 5417
0.43 5416
0.45 5415
0.45 5414
0.45 5413
0.45 5412
0.45 5411
0.45 5410
0.45 5409
0.45 5408
0.45 5407
0.45 5406
0.45 5405
0.46 5404
0.46 5403
0.46 5402
0.46 5401
0.46 5400
0.46 5399
0.46 5398
0.46 5397
0.48 5396
0.48 5395
0.48 5394
0.48 5393
0.48 5392
0.48 5391
0.48 5390
0.48 5389
0.48 5388
0.50 5387
0.50 5386
0.50 5385
0.50 5384
0.50 5383
0.50 5382
0.50 5381
0.50 5380
0.50 5379
0.50 5378
0.50 5377
0.51 5376
0.51 5375
0.51 5374
0.51 5373
0.51 5372
0.51 5371
0.51 5370
0.51 5369
0.51 5368
0.53 5367
0.53 5366
0.53 5365
0.53 5364
0.53 5363
0.53 5362
0.53 5361
0.53 5360
0.53 5359
0.53 5358
0.53 5357
0.54 5356
0.54 5355
0.54 5354
0.54 5353
0.54 5352
0.54 5351
0.54 5350
0.54 5349
0.54 5348
0.54 5347
0.56 5346
0.56 5345
0.56 5344
0.56 5343
0.56 5342
0.56 5341
0.56 5340
0.56 5339
0.56 5338
0.56 5337
0.56 5336
0.57 5335
0.57 5334
0.57 5333
0.58 5332
0.58 5331
0.58 5330
0.58 5329
0.58 5328
0.58 5327
0.58 5326
0.58 5325
0.59 5324
0.59 5323
0.59 5322
0.59 5321
0.59 5320
0.59 5319
0.59 5318
0.59 5317
0.59 5316
0.59 5315
0.59 5314
0.59 5313
0.61 5312
0.61 5311
0.61 5310
0.61 5309
0.61 5308
0.61 5307
0.61 5306
0.61 5305
0.61 5304
0.61 5303
0.61 5302
0.62 5301
0.62 5300
0.62 5299
0.62 5298
0.62 5297
0.62 5296
0.62 5295
0.62 5294
0.62 5293
0.62 5292
0.62 5291
0.62 5290
0.64 5289
0.64 5288
0.64 5287
0.64 5286
0.64 5285
0.64 5284
0.64 5283
0.64 5282
0.64 5281
0.64 5280
0.64 5279
0.65 5278
0.65 5277
0.65 5276
0.65 5275
0.65 5274
0.65 5273
0.65 5272
0.65 5271
0.65 5270
0.65 5269
0.65 5268
0.65 5267
0.67 5266
0.67 5265
0.67 5264
0.67 5263
0.67 5262
0.67 5261
0.67 5260
0.68 5259
0.68 5258
0.68 5257
0.68 5256
0.68 5255
0.69 5254
0.69 5253
0.69 5252
0.69 5251
0.69 5250
0.69 5249
0.69 5248
0.69 5247
0.69 5246
0.69 5245
0.69 5244
0.70 5243
0.70 5242
0.70 5241
0.70 5240
0.70 5239
0.70 5238
0.70 5237
0.70 5236
0.70 5235
0.70 5234
0.70 5233
0.70 5232
0.72 5231
0.72 5230
0.72 5229
0.72 5228
0.72 5227
0.72 5226
0.72 5225
0.72 5224
0.72 5223
0.72 5222
0.72 5221
0.72 5220
0.73 5219
0.73 5218
0.73 5217
0.73 5216
0.73 5215
0.73 5214
0.73 5213
0.73 5212
0.73 5211
0.73 5210
0.73 5209
0.75 5208
0.75 5207
0.75 5206
0.75 5205
0.75 5204
0.75 5203
0.75 5202
0.75 5201
0.75 5200
0.75 5199
0.75 5198
0.76 5197
0.76 5196
0.76 5195
0.76 5194
0.76 5193
0.76 5192
0.76 5191
0.76 5190
0.76 5189
0.76 5188
0.76 5187
0.78 5186
0.78 5185
0.78 5184
0.78 5183
0.78 5182
0.78 5181
0.78 5180
0.78 5179
0.78 5178
0.78 5177
0.79 5176
0.79 5175
0.79 5174
0.79 5173
0.79 5172
0.79 5171
0.79 5170
0.79 5169
0.79 5168
0.79 5167
0.81 5166
0.81 5165
0.81 5164
0.81 5163
0.81 5162
0.81 5161
0.81 5160
0.81 5159
0.81 5158
0.81 5157
0.81 5156
0.83 5155
0.83 5154
0.83 5153
0.83 5152
0.83 5151
0.83 5150
0.83 5149
0.83 5148
0.83 5147
0.83 5146
0.83 5145
0.83 5144
0.83 5143
0.84 5142
0.84 5141
0.84 5140
0.84 5139
0.84 5138
0.84 5137
0.84 5136
0.84 5135
0.84 5134
0.84 5133
0.84 5132
0.84 5131
0.84 5130
0.84 5129
0.86 5128
0.86 5127
0.86 5126
0.86 5125
0.86 5124
0.86 5123
0.86 5122
0.86 5121
0.86 5120
0.86 5119
0.86 5118
0.86 5117
0.87 5116
0.87 5115
0.87 5114
0.87 5113
0.87 5112
0.88 5111
0.88 5110
0.88 5109
0.88 5108
0.88 5107
0.88 5106
0.88 5105
0.88 5104
0.88 5103
0.89 5102
0.89 5101
0.89 5100
0.89 5099
0.89 5098
0.89 5097
0.89 5096
0.89 5095
0.89 5094
0.89 5093
0.89 5092
0.89 5091
0.91 5090
0.91 5089
0.91 5088
0.91 5087
0.91 5086
0.91 5085
0.91 5084
0.91 5083
0.91 5082
0.91 5081
0.91 5080
0.91 5079
0.91 5078
0.91 5077
0.92 5076
0.92 5075
0.92 5074
0.92 5073
0.92 5072
0.92 5071
0.92 5070
0.92 5069
0.94 5068
0.94 5067
0.94 5066
0.94 5065
0.94 5064
0.94 5063
0.94 5062
0.94 5061
0.94 5060
0.94 5059
0.94 5058
0.94 5057
0.94 5056
0.95 5055
0.95 5054
0.95 5053
0.95 5052
0.95 5051
0.95 5050
0.95 5049
0.95 5048
0.95 5047
0.95 5046
0.95 5045
0.95 5044
0.95 5043
0.95 5042
0.97 5041
0.97 5040
0.97 5039
0.97 5038
0.97 5037
0.97 5036
0.97 5035
0.97 5034
0.97 5033
0.97 5032
0.98 5031
0.98 5030
0.98 5029
0.98 5028
0.98 5027
0.98 5026
0.98 5025
0.98 5024
0.98 5023
0.98 5022
0.98 5021
0.98 5020
0.98 5019
0.98 5018
0.98 5017
0.98 5016
0.98 5015
0.98 5014
1.00 5013
1.00 5012
1.00 5011
1.00 5010
1.00 5009
1.00 5008
1.00 5007
1.00 5006
1.00 5005
1.00 5004
1.00 5003
1.00 5002
1.02 5001
1.02 5000
1.02 4999
1.02 4998
1.02 4997
1.02 4996
1.02 4995
1.03 4994
1.03 4993
1.03 4992
1.03 4991
1.03 4990
1.03 4989
1.03 4988
1.03 4987
1.03 4986
1.03 4985
1.04 4984
1.04 4983
1.04 4982
1.04 4981
1.04 4980
1.04 4979
1.04 4978
1.04 4977
1.05 4976
1.05 4975
1.05 4974
1.05 4973
1.05 4972
1.05 4971
1.05 4970
1.05 4969
1.05 4968
1.05 4967
1.05 4966
1.05 4965
1.05 4964
1.05 4963
1.05 4962
1.05 4961
1.05 4960
1.05 4959
1.05 4958
1.05 4957
1.05 4956
1.07 4955
1.07 4954
1.07 4953
1.07 4952
1.07 4951
1.07 4950
1.07 4949
1.07 4948
1.08 4947
1.08 4946
1.08 4945
1.08 4944
1.08 4943
1.09 4942
1.09 4941
1.09 4940
1.09 4939
1.09 4938
1.09 4937
1.09 4936
1.09 4935
1.09 4934
1.09 4933
1.09 4932
1.09 4931
1.09 4930
1.09 4929
1.10 4928
1.10 4927
1.10 4926
1.10 4925
1.10 4924
1.10 4923
1.10 4922
1.10 4921
1.10 4920
1.10 4919
1.10 4918
1.10 4917
1.10 4916
1.10 4915
1.12 4914
1.12 4913
1.12 4912
1.12 4911
1.12 4910
1.12 4909
1.12 4908
1.12 4907
1.12 4906
1.12 4905
1.12 4904
1.12 4903
1.12 4902
1.12 4901
1.13 4900
1.13 4899
1.13 4898
1.13 4897
1.13 4896
1.13 4895
1.13 4894
1.13 4893
1.13 4892
1.13 4891
1.13 4890
1.13 4889
1.13 4888
1.13 4887
1.15 4886
1.15 4885
1.15 4884
1.15 4883
1.15 4882
1.15 4881
1.15 4880
1.15 4879
1.15 4878
1.15 4877
1.15 4876
1.15 4875
1.15 4874
1.16 4873
1.16 4872
1.16 4871
1.16 4870
1.16 4869
1.16 4868
1.16 4867
1.16 4866
1.16 4865
1.16 4864
1.16 4863
1.16 4862
1.16 4861
1.16 4860
1.18 4859
1.18 4858
1.18 4857
1.18 4856
1.18 4855
1.18 4854
1.18 4853
1.18 4852
1.18 4851
1.18 4850
1.18 4849
1.18 4848
1.18 4847
1.18 4846
1.20 4845
1.20 4844
1.20 4843
1.20 4842
1.20 4841
1.20 4840
1.20 4839
1.20 4838
1.20 4837
1.20 4836
1.20 4835
1.20 4834
1.20 4833
1.21 4832
1.21 4831
1.21 4830
1.21 4829
1.21 4828
1.21 4827
1.21 4826
1.21 4825
1.21 4824
1.21 4823
1.21 4822
1.21 4821
1.21 4820
1.21 4819
1.21 4818
1.23 4817
1.23 4816
1.23 4815
1.23 4814
1.23 4813
1.23 4812
1.23 4811
1.23 4810
1.23 4809
1.23 4808
1.23 4807
1.23 4806
1.23 4805
1.23 4804
1.24 4803
1.24 4802
1.24 4801
1.24 4800
1.24 4799
1.24 4798
1.24 4797
1.24 4796
1.24 4795
1.24 4794
1.24 4793
1.24 4792
1.24 4791
1.24 4790
1.24 4789
1.26 4788
1.26 4787
1.26 4786
1.26 4785
1.26 4784
1.26 4783
1.26 4782
1.26 4781
1.26 4780
1.26 4779
1.26 4778
1.26 4777
1.26 4776
1.26 4775
1.27 4774
1.27 4773
1.27 4772
1.27 4771
1.27 4770
1.27 4769
1.28 4768
1.28 4767
1.28 4766
1.28 4765
1.28 4764
1.28 4763
1.28 4762
1.28 4761
1.28 4760
1.29 4759
1.29 4758
1.29 4757
1.29 4756
1.29 4755
1.29 4754
1.29 4753
1.29 4752
1.31 4751
1.31 4750
1.31 4749
1.31 4748
1.31 4747
1.31 4746
1.31 4745
1.31 4744
1.31 4743
1.31 4742
1.31 4741
1.31 4740
1.31 4739
1.31 4738
1.32 4737
1.32 4736
1.32 4735
1.32 4734
1.32 4733
1.32 4732
1.32 4731
1.32 4730
1.32 4729
1.32 4728
1.32 4727
1.32 4726
1.32 4725
1.32 4724
1.34 4723
1.34 4722
1.34 4721
1.34 4720
1.34 4719
1.34 4718
1.34 4717
1.34 4716
1.34 4715
1.34 4714
1.34 4713
1.34 4712
1.34 4711
1.34 4710
1.35 4709
1.35 4708
1.35 4707
1.35 4706
1.35 4705
1.35 4704
1.35 4703
1.35 4702
1.35 4701
1.35 4700
1.35 4699
1.35 4698
1.35 4697
1.35 4696
1.35 4695
1.37 4694
1.37 4693
1.37 4692
1.37 4691
1.37 4690
1.37 4689
1.37 4688
1.37 4687
1.37 4686
1.37 4685
1.38 4684
1.38 4683
1.38 4682
1.38 4681
1.38 4680
1.38 4679
1.38 4678
1.38 4677
1.38 4676
1.38 4675
1.38 4674
1.38 4673
1.38 4672
1.38 4671
1.38 4670
1.38 4669
1.38 4668
1.40 4667
1.40 4666
1.40 4665
1.40 4664
1.40 4663
1.40 4662
1.40 4661
1.40 4660
1.40 4659
1.40 4658
1.40 4657
1.40 4656
1.40 4655
1.42 4654
1.42 4653
1.42 4652
1.42 4651
1.42 4650
1.42 4649
1.42 4648
1.42 4647
1.42 4646
1.42 4645
1.42 4644
1.42 4643
1.42 4642
1.42 4641
1.42 4640
1.43 4639
1.43 4638
1.43 4637
1.43 4636
1.43 4635
1.43 4634
1.43 4633
1.43 4632
1.43 4631
1.43 4630
1.43 4629
1.43 4628
1.43 4627
1.43 4626
1.43 4625
1.43 4624
1.45 4623
1.45 4622
1.45 4621
1.45 4620
1.45 4619
1.45 4618
1.45 4617
1.45 4616
1.45 4615
1.45 4614
1.45 4613
1.45 4612
1.45 4611
1.45 4610
1.46 4609
1.46 4608
1.46 4607
1.46 4606
1.46 4605
1.46 4604
1.46 4603
1.46 4602
1.46 4601
1.46 4600
1.46 4599
1.46 4598
1.46 4597
1.46 4596
1.46 4595
1.46 4594
1.48 4593
1.48 4592
1.48 4591
1.48 4590
1.48 4589
1.48 4588
1.48 4587
1.48 4586
1.48 4585
1.48 4584
1.48 4583
1.48 4582
1.48 4581
1.48 4580
1.48 4579
1.48 4578
1.50 4577
1.50 4576
1.50 4575
1.50 4574
1.50 4573
1.50 4572
1.50 4571
1.50 4570
1.50 4569
1.50 4568
1.50 4567
1.50 4566
1.50 4565
1.50 4564
1.51 4563
1.51 4562
1.51 4561
1.51 4560
1.51 4559
1.51 4558
1.51 4557
1.51 4556
1.51 4555
1.51 4554
1.51 4553
1.51 4552
1.51 4551
1.51 4550
1.51 4549
1.51 4548
1.53 4547
1.53 4546
1.53 4545
1.53 4544
1.53 4543
1.53 4542
1.53 4541
1.53 4540
1.53 4539
1.53 4538
1.53 4537
1.53 4536
1.53 4535
1.53 4534
1.53 4533
1.53 4532
1.54 4531
1.54 4530
1.54 4529
1.54 4528
1.54 4527
1.54 4526
1.54 4525
1.54 4524
1.54 4523
1.54 4522
1.54 4521
1.54 4520
1.54 4519
1.54 4518
1.54 4517
1.56 4516
1.56 4515
1.56 4514
1.56 4513
1.56 4512
1.56 4511
1.56 4510
1.56 4509
1.56 4508
1.56 4507
1.56 4506
1.56 4505
1.56 4504
1.56 4503
1.56 4502
1.56 4501
1.57 4500
1.57 4499
1.57 4498
1.57 4497
1.57 4496
1.57 4495
1.57 4494
1.58 4493
1.58 4492
1.58 4491
1.58 4490
1.58 4489
1.58 4488
1.58 4487
1.58 4486
1.59 4485
1.59 4484
1.59 4483
1.59 4482
1.59 4481
1.59 4480
1.59 4479
1.59 4478
1.59 4477
1.59 4476
1.59 4475
1.59 4474
1.59 4473
1.59 4472
1.59 4471
1.59 4470
1.61 4469
1.61 4468
1.61 4467
1.61 4466
1.61 4465
1.61 4464
1.61 4463
1.61 4462
1.61 4461
1.61 4460
1.61 4459
1.61 4458
1.61 4457
1.61 4456
1.61 4455
1.62 4454
1.62 4453
1.62 4452
1.62 4451
1.62 4450
1.62 4449
1.62 4448
1.62 4447
1.62 4446
1.62 4445
1.62 4444
1.62 4443
1.62 4442
1.62 4441
1.62 4440
1.64 4439
1.64 4438
1.64 4437
1.64 4436
1.64 4435
1.64 4434
1.64 4433
1.64 4432
1.65 4431
1.65 4430
1.65 4429
1.65 4428
1.65 4427
1.65 4426
1.65 4425
1.65 4424
1.65 4423
1.65 4422
1.65 4421
1.65 4420
1.65 4419
1.65 4418
1.66 4417
1.66 4416
1.66 4415
1.66 4414
1.66 4413
1.66 4412
1.67 4411
1.67 4410
1.67 4409
1.67 4408
1.67 4407
1.67 4406
1.67 4405
1.67 4404
1.67 4403
1.67 4402
1.67 4401
1.67 4400
1.67 4399
1.67 4398
1.67 4397
1.67 4396
1.67 4395
1.68 4394
1.68 4393
1.68 4392
1.68 4391
1.68 4390
1.68 4389
1.68 4388
1.68 4387
1.68 4386
1.68 4385
1.68 4384
1.68 4383
1.68 4382
1.68 4381
1.68 4380
1.68 4379
1.68 4378
1.70 4377
1.70 4376
1.70 4375
1.70 4374
1.70 4373
1.70 4372
1.70 4371
1.70 4370
1.70 4369
1.70 4368
1.70 4367
1.70 4366
1.70 4365
1.70 4364
1.70 4363
1.71 4362
1.71 4361
1.71 4360
1.71 4359
1.71 4358
1.71 4357
1.71 4356
1.71 4355
1.71 4354
1.71 4353
1.71 4352
1.71 4351
1.71 4350
1.71 4349
1.71 4348
1.73 4347
1.73 4346
1.73 4345
1.73 4344
1.73 4343
1.73 4342
1.73 4341
1.73 4340
1.73 4339
1.73 4338
1.73 4337
1.73 4336
1.73 4335
1.73 4334
1.73 4333
1.75 4332
1.75 4331
1.75 4330
1.75 4329
1.75 4328
1.75 4327
1.75 4326
1.75 4325
1.75 4324
1.75 4323
1.75 4322
1.75 4321
1.75 4320
1.75 4319
1.75 4318
1.76 4317
1.76 4316
1.76 4315
1.76 4314
1.76 4313
1.76 4312
1.76 4311
1.76 4310
1.76 4309
1.76 4308
1.76 4307
1.76 4306
1.76 4305
1.76 4304
1.76 4303
1.78 4302
1.78 4301
1.78 4300
1.78 4299
1.78 4298
1.78 4297
1.78 4296
1.78 4295
1.78 4294
1.78 4293
1.78 4292
1.78 4291
1.78 4290
1.78 4289
1.78 4288
1.79 4287
1.79 4286
1.79 4285
1.79 4284
1.79 4283
1.79 4282
1.79 4281
1.79 4280
1.79 4279
1.79 4278
1.79 4277
1.79 4276
1.79 4275
1.79 4274
1.79 4273
1.81 4272
1.81 4271
1.81 4270
1.81 4269
1.81 4268
1.81 4267
1.81 4266
1.81 4265
1.81 4264
1.81 4263
1.81 4262
1.81 4261
1.81 4260
1.81 4259
1.83 4258
1.83 4257
1.83 4256
1.83 4255
1.83 4254
1.83 4253
1.83 4252
1.83 4251
1.83 4250
1.83 4249
1.83 4248
1.83 4247
1.83 4246
1.83 4245
1.83 4244
1.84 4243
1.84 4242
1.84 4241
1.84 4240
1.84 4239
1.84 4238
1.84 4237
1.84 4236
1.84 4235
1.84 4234
1.84 4233
1.84 4232
1.84 4231
1.84 4230
1.84 4229
1.86 4228
1.86 4227
1.86 4226
1.86 4225
1.86 4224
1.86 4223
1.86 4222
1.86 4221
1.86 4220
1.86 4219
1.86 4218
1.86 4217
1.86 4216
1.86 4215
1.87 4214
1.87 4213
1.87 4212
1.87 4211
1.87 4210
1.88 4209
1.88 4208
1.88 4207
1.88 4206
1.88 4205
1.89 4204
1.89 4203
1.89 4202
1.89 4201
1.89 4200
1.89 4199
1.89 4198
1.89 4197
1.89 4196
1.89 4195
1.89 4194
1.89 4193
1.89 4192
1.89 4191
1.90 4190
1.90 4189
1.90 4188
1.90 4187
1.90 4186
1.90 4185
1.90 4184
1.90 4183
1.90 4182
1.90 4181
1.90 4180
1.90 4179
1.90 4178
1.90 4177
1.90 4176
1.90 4175
1.92 4174
1.92 4173
1.92 4172
1.92 4171
1.92 4170
1.92 4169
1.92 4168
1.92 4167
1.92 4166
1.92 4165
1.92 4164
1.92 4163
1.92 4162
1.92 4161
1.92 4160
1.94 4159
1.94 4158
1.94 4157
1.94 4156
1.94 4155
1.94 4154
1.94 4153
1.94 4152
1.94 4151
1.94 4150
1.94 4149
1.94 4148
1.94 4147
1.94 4146
1.94 4145
1.95 4144
1.95 4143
1.95 4142
1.95 4141
1.95 4140
1.95 4139
1.95 4138
1.95 4137
1.97 4136
1.97 4135
1.97 4134
1.97 4133
1.97 4132
1.97 4131
1.97 4130
1.97 4129
1.97 4128
1.97 4127
1.97 4126
1.97 4125
1.98 4124
1.98 4123
1.98 4122
1.98 4121
1.98 4120
1.98 4119
1.98 4118
1.98 4117
1.98 4116
1.98 4115
1.98 4114
1.98 4113
1.98 4112
1.98 4111
1.98 4110
1.98 4109
1.98 4108
2.00 4107
2.00 4106
2.00 4105
2.00 4104
2.00 4103
2.00 4102
2.00 4101
2.00 4100
2.00 4099
2.00 4098
2.00 4097
2.00 4096
2.00 4095
2.01 4094
2.01 4093
2.01 4092
2.01 4091
2.01 4090
2.01 4089
2.02 4088
2.02 4087
2.02 4086
2.02 4085
2.03 4084
2.03 4083
2.03 4082
2.03 4081
2.03 4080
2.03 4079
2.03 4078
2.03 4077
2.03 4076
2.04 4075
2.04 4074
2.04 4073
2.04 4072
2.04 4071
2.04 4070
2.04 4069
2.04 4068
2.04 4067
2.04 4066
2.05 4065
2.05 4064
2.05 4063
2.05 4062
2.05 4061
2.05 4060
2.05 4059
2.05 4058
2.05 4057
2.05 4056
2.05 4055
2.05 4054
2.05 4053
2.05 4052
2.05 4051
2.05 4050
2.05 4049
2.05 4048
2.05 4047
2.05 4046
2.05 4045
2.05 4044
2.05 4043
2.05 4042
5.23 3941
5.23 3940
5.23 3939
5.23 3938
5.23 3937
18.54 3936
