0.02 3735
0.02 3734
0.02 3733
0.03 3732
0.03 3731
0.03 3730
0.03 3729
0.03 3728
0.03 3727
0.03 3726
0.03 3725
0.03 3724
0.03 3723
0.03 3722
0.03 3721
0.03 3720
0.03 3719
0.03 3718
0.03 3717
0.05 3716
0.05 3715
0.05 3714
0.05 3713
0.05 3712
0.05 3711
0.05 3710
0.05 3709
0.05 3708
0.05 3707
0.05 3706
0.05 3705
0.06 3704
0.06 3703
0.06 3702
0.06 3701
0.06 3700
0.06 3699
0.06 3698
0.06 3697
0.06 3696
0.06 3695
0.06 3694
0.06 3693
0.06 3692
0.06 3691
0.06 3690
0.06 3689
0.06 3688
0.08 3687
0.08 3686
0.08 3685
0.08 3684
0.08 3683
0.08 3682
0.08 3681
0.08 3680
0.08 3679
0.08 3678
0.08 3677
0.08 3676
0.08 3675
0.08 3674
0.08 3673
0.08 3672
0.08 3671
0.08 3670
0.08 3669
0.08 3668
0.08 3667
0.08 3666
0.10 3665
0.10 3664
0.10 3663
0.10 3662
0.10 3661
0.10 3660
0.10 3659
0.10 3658
0.10 3657
0.10 3656
0.10 3655
0.10 3654
0.10 3653
0.10 3652
0.10 3651
0.10 3650
0.10 3649
0.10 3648
0.10 3647
0.10 3646
0.10 3645
0.10 3644
0.10 3643
0.11 3642
0.11 3641
0.11 3640
0.11 3639
0.11 3638
0.11 3637
0.11 3636
0.11 3635
0.11 3634
0.11 3633
0.11 3632
0.11 3631
0.11 3630
0.11 3629
0.11 3628
0.11 3627
0.11 3626
0.11 3625
0.11 3624
0.11 3623
0.11 3622
0.11 3621
0.11 3620
0.13 3619
0.13 3618
0.13 3617
0.13 3616
0.13 3615
0.13 3614
0.13 3613
0.13 3612
0.13 3611
0.13 3610
0.13 3609
0.13 3608
0.13 3607
0.13 3606
0.13 3605
0.13 3604
0.13 3603
0.13 3602
0.13 3601
0.13 3600
0.13 3599
0.13 3598
0.13 3597
0.14 3596
0.14 3595
0.14 3594
0.14 3593
0.14 3592
0.14 3591
0.14 3590
0.14 3589
0.14 3588
0.14 3587
0.14 3586
0.14 3585
0.14 3584
0.14 3583
0.14 3582
0.14 3581
0.14 3580
0.14 3579
0.14 3578
0.14 3577
0.14 3576
0.14 3575
0.14 3574
0.16 3573
0.16 3572
0.16 3571
0.16 3570
0.16 3569
0.16 3568
0.16 3567
0.16 3566
0.16 3565
0.16 3564
0.16 3563
0.16 3562
0.16 3561
0.16 3560
0.16 3559
0.16 3558
0.16 3557
0.16 3556
0.16 3555
0.16 3554
0.16 3553
0.16 3552
0.17 3551
0.17 3550
0.17 3549
0.17 3548
0.17 3547
0.17 3546
0.17 3545
0.17 3544
0.17 3543
0.17 3542
0.17 3541
0.17 3540
0.18 3539
0.18 3538
0.18 3537
0.18 3536
0.18 3535
0.18 3534
0.18 3533
0.19 3532
0.19 3531
0.19 3530
0.19 3529
0.19 3528
0.19 3527
0.19 3526
0.19 3525
0.19 3524
0.19 3523
0.19 3522
0.19 3521
0.20 3520
0.20 3519
0.20 3518
0.20 3517
0.20 3516
0.20 3515
0.20 3514
0.20 3513
0.20 3512
0.20 3511
0.20 3510
0.20 3509
0.20 3508
0.21 3507
0.21 3506
0.21 3505
0.21 3504
0.21 3503
0.21 3502
0.21 3501
0.21 3500
0.21 3499
0.21 3498
0.21 3497
0.21 3496
0.21 3495
0.21 3494
0.21 3493
0.22 3492
0.22 3491
0.22 3490
0.22 3489
0.22 3488
0.22 3487
0.22 3486
0.22 3485
0.22 3484
0.22 3483
0.22 3482
0.23 3481
0.23 3480
0.23 3479
0.23 3478
0.23 3477
0.23 3476
0.23 3475
0.23 3474
0.23 3473
0.23 3472
0.23 3471
0.23 3470
0.23 3469
0.23 3468
0.23 3467
0.23 3466
0.23 3465
0.24 3464
0.24 3463
0.24 3462
0.24 3461
0.24 3460
0.24 3459
0.24 3458
0.24 3457
0.24 3456
0.24 3455
0.24 3454
0.25 3453
0.25 3452
0.25 3451
0.25 3450
0.25 3449
0.25 3448
0.25 3447
0.25 3446
0.25 3445
0.25 3444
0.25 3443
0.25 3442
0.25 3441
0.25 3440
0.26 3439
0.26 3438
0.26 3437
0.26 3436
0.26 3435
0.26 3434
0.26 3433
0.26 3432
0.26 3431
0.26 3430
0.26 3429
0.26 3428
0.26 3427
0.26 3426
0.26 3425
0.26 3424
0.26 3423
0.27 3422
0.27 3421
0.27 3420
0.27 3419
0.27 3418
0.27 3417
0.27 3416
0.27 3415
0.27 3414
0.27 3413
0.27 3412
0.27 3411
0.27 3410
0.27 3409
0.28 3408
0.28 3407
0.28 3406
0.28 3405
0.28 3404
0.28 3403
0.28 3402
0.28 3401
0.28 3400
0.28 3399
0.28 3398
0.28 3397
0.29 3396
0.29 3395
0.29 3394
0.29 3393
0.29 3392
0.29 3391
0.29 3390
0.29 3389
0.29 3388
0.29 3387
0.29 3386
0.29 3385
0.29 3384
0.29 3383
0.30 3382
0.30 3381
0.30 3380
0.30 3379
0.30 3378
0.30 3377
0.30 3376
0.30 3375
0.30 3374
0.30 3373
0.30 3372
0.30 3371
0.30 3370
0.31 3369
0.31 3368
0.31 3367
0.31 3366
0.31 3365
0.31 3364
0.31 3363
0.31 3362
0.31 3361
0.31 3360
0.31 3359
0.31 3358
0.31 3357
0.31 3356
0.32 3355
0.32 3354
0.32 3353
0.32 3352
0.32 3351
0.32 3350
0.32 3349
0.32 3348
0.32 3347
0.32 3346
0.32 3345
0.32 3344
0.32 3343
0.33 3342
0.33 3341
0.33 3340
0.33 3339
0.33 3338
0.33 3337
0.33 3336
0.33 3335
0.33 3334
0.33 3333
0.33 3332
0.33 3331
0.33 3330
0.33 3329
0.33 3328
0.33 3327
0.33 3326
0.34 3325
0.34 3324
0.34 3323
0.34 3322
0.34 3321
0.34 3320
0.34 3319
0.34 3318
0.34 3317
0.34 3316
0.34 3315
0.34 3314
0.34 3313
0.34 3312
0.34 3311
0.34 3310
0.35 3309
0.35 3308
0.35 3307
0.35 3306
0.35 3305
0.35 3304
0.35 3303
0.35 3302
0.35 3301
0.35 3300
0.35 3299
0.35 3298
0.35 3297
0.35 3296
0.35 3295
0.35 3294
0.35 3293
0.36 3292
0.36 3291
0.36 3290
0.36 3289
0.36 3288
0.36 3287
0.36 3286
0.36 3285
0.36 3284
0.36 3283
0.36 3282
0.36 3281
0.36 3280
0.36 3279
0.36 3278
0.36 3277
0.36 3276
0.36 3275
0.36 3274
0.36 3273
0.36 3272
0.38 3271
0.38 3270
0.38 3269
0.38 3268
0.38 3267
0.38 3266
0.38 3265
0.38 3264
0.38 3263
0.38 3262
0.38 3261
0.38 3260
0.38 3259
0.38 3258
0.38 3257
0.38 3256
0.38 3255
0.38 3254
0.38 3253
0.38 3252
0.38 3251
0.38 3250
0.38 3249
0.40 3248
0.40 3247
0.40 3246
0.40 3245
0.40 3244
0.40 3243
0.40 3242
0.40 3241
0.40 3240
0.40 3239
0.40 3238
0.40 3237
0.40 3236
0.40 3235
0.40 3234
0.40 3233
0.40 3232
0.40 3231
0.40 3230
0.40 3229
0.40 3228
0.40 3227
0.41 3226
0.41 3225
0.41 3224
0.41 3223
0.41 3222
0.41 3221
0.41 3220
0.41 3219
0.41 3218
0.41 3217
0.41 3216
0.41 3215
0.41 3214
0.41 3213
0.41 3212
0.41 3211
0.41 3210
0.41 3209
0.41 3208
0.41 3207
0.41 3206
0.41 3205
0.43 3204
0.43 3203
0.43 3202
0.43 3201
0.43 3200
0.43 3199
0.43 3198
0.43 3197
0.43 3196
0.43 3195
0.43 3194
0.43 3193
0.43 3192
0.43 3191
0.43 3190
0.43 3189
0.43 3188
0.43 3187
0.43 3186
0.43 3185
0.43 3184
0.43 3183
0.43 3182
0.44 3181
0.44 3180
0.44 3179
0.44 3178
0.44 3177
0.44 3176
0.44 3175
0.44 3174
0.44 3173
0.44 3172
0.44 3171
0.44 3170
0.44 3169
0.44 3168
0.44 3167
0.44 3166
0.44 3165
0.44 3164
0.44 3163
0.44 3162
0.44 3161
0.44 3160
0.44 3159
0.46 3158
0.46 3157
0.46 3156
0.46 3155
0.46 3154
0.46 3153
0.46 3152
0.46 3151
0.46 3150
0.46 3149
0.46 3148
0.46 3147
0.46 3146
0.46 3145
0.46 3144
0.46 3143
0.46 3142
0.46 3141
0.46 3140
0.46 3139
0.46 3138
0.46 3137
0.47 3136
0.47 3135
0.47 3134
0.47 3133
0.47 3132
0.47 3131
0.47 3130
0.47 3129
0.47 3128
0.47 3127
0.47 3126
0.47 3125
0.48 3124
0.48 3123
0.48 3122
0.48 3121
0.48 3120
0.48 3119
0.48 3118
0.48 3117
0.48 3116
0.49 3115
0.49 3114
0.49 3113
0.49 3112
0.49 3111
0.49 3110
0.49 3109
0.49 3108
0.49 3107
0.49 3106
0.49 3105
0.49 3104
0.49 3103
0.49 3102
0.49 3101
0.49 3100
0.49 3099
0.49 3098
0.49 3097
0.49 3096
0.49 3095
0.49 3094
0.51 3093
0.51 3092
0.51 3091
0.51 3090
0.51 3089
0.51 3088
0.51 3087
0.51 3086
0.51 3085
0.51 3084
0.51 3083
0.51 3082
0.51 3081
0.51 3080
0.51 3079
0.51 3078
0.51 3077
0.51 3076
0.51 3075
0.51 3074
0.51 3073
0.51 3072
0.52 3071
0.52 3070
0.52 3069
0.52 3068
0.52 3067
0.52 3066
0.52 3065
0.52 3064
0.52 3063
0.52 3062
0.52 3061
0.52 3060
0.52 3059
0.52 3058
0.52 3057
0.52 3056
0.52 3055
0.52 3054
0.52 3053
0.52 3052
0.52 3051
0.54 3050
0.54 3049
0.54 3048
0.54 3047
0.54 3046
0.54 3045
0.54 3044
0.54 3043
0.54 3042
0.54 3041
0.54 3040
0.54 3039
0.54 3038
0.54 3037
0.54 3036
0.54 3035
0.54 3034
0.54 3033
0.54 3032
0.54 3031
0.54 3030
0.54 3029
0.54 3028
0.55 3027
0.55 3026
0.55 3025
0.55 3024
0.55 3023
0.55 3022
0.55 3021
0.55 3020
0.55 3019
0.55 3018
0.55 3017
0.55 3016
0.55 3015
0.55 3014
0.55 3013
0.55 3012
0.55 3011
0.55 3010
0.55 3009
0.55 3008
0.55 3007
0.55 3006
0.55 3005
0.57 3004
0.57 3003
0.57 3002
0.57 3001
0.57 3000
0.57 2999
0.57 2998
0.57 2997
0.57 2996
0.57 2995
0.58 2994
0.58 2993
0.58 2992
0.58 2991
0.58 2990
0.58 2989
0.58 2988
0.58 2987
0.58 2986
0.58 2985
0.58 2984
0.58 2983
0.58 2982
0.59 2981
0.59 2980
0.59 2979
0.59 2978
0.59 2977
0.59 2976
0.59 2975
0.59 2974
0.59 2973
0.59 2972
0.59 2971
0.59 2970
0.59 2969
0.59 2968
0.60 2967
0.60 2966
0.60 2965
0.60 2964
0.60 2963
0.60 2962
0.60 2961
0.60 2960
0.60 2959
0.60 2958
0.60 2957
0.60 2956
0.60 2955
0.60 2954
0.60 2953
0.61 2952
0.61 2951
0.61 2950
0.61 2949
0.61 2948
0.61 2947
0.61 2946
0.61 2945
0.61 2944
0.61 2943
0.61 2942
0.61 2941
0.61 2940
0.61 2939
0.61 2938
0.61 2937
0.61 2936
0.61 2935
0.61 2934
0.61 2933
0.61 2932
0.61 2931
0.61 2930
0.61 2929
0.61 2928
0.61 2927
0.62 2926
0.62 2925
0.62 2924
0.62 2923
0.62 2922
0.62 2921
0.62 2920
0.62 2919
0.62 2918
0.62 2917
0.62 2916
0.62 2915
0.62 2914
0.62 2913
0.62 2912
0.62 2911
0.62 2910
0.62 2909
0.62 2908
0.62 2907
0.62 2906
0.62 2905
0.62 2904
0.62 2903
0.64 2902
0.64 2901
0.64 2900
0.64 2899
0.64 2898
0.64 2897
0.64 2896
0.64 2895
0.64 2894
0.64 2893
0.64 2892
0.64 2891
0.64 2890
0.64 2889
0.64 2888
0.64 2887
0.64 2886
0.64 2885
0.64 2884
0.64 2883
0.64 2882
0.64 2881
0.64 2880
0.64 2879
0.66 2878
0.66 2877
0.66 2876
0.66 2875
0.66 2874
0.66 2873
0.66 2872
0.66 2871
0.66 2870
0.66 2869
0.66 2868
0.66 2867
0.66 2866
0.66 2865
0.66 2864
0.66 2863
0.66 2862
0.66 2861
0.66 2860
0.66 2859
0.66 2858
0.66 2857
0.67 2856
0.67 2855
0.67 2854
0.67 2853
0.67 2852
0.67 2851
0.67 2850
0.67 2849
0.67 2848
0.67 2847
0.67 2846
0.67 2845
0.67 2844
0.67 2843
0.68 2842
0.68 2841
0.68 2840
0.68 2839
0.68 2838
0.69 2837
0.69 2836
0.69 2835
0.69 2834
0.69 2833
0.69 2832
0.69 2831
0.69 2830
0.69 2829
0.69 2828
0.69 2827
0.69 2826
0.69 2825
0.69 2824
0.69 2823
0.69 2822
0.69 2821
0.69 2820
0.69 2819
0.69 2818
0.69 2817
0.69 2816
0.69 2815
0.69 2814
0.69 2813
0.70 2812
0.70 2811
0.70 2810
0.70 2809
0.70 2808
0.70 2807
0.70 2806
0.70 2805
0.70 2804
0.70 2803
0.70 2802
0.70 2801
0.70 2800
0.70 2799
0.70 2798
0.70 2797
0.70 2796
0.70 2795
0.70 2794
0.70 2793
0.70 2792
0.70 2791
0.72 2790
0.72 2789
0.72 2788
0.72 2787
0.72 2786
0.72 2785
0.72 2784
0.72 2783
0.72 2782
0.72 2781
0.72 2780
0.72 2779
0.72 2778
0.72 2777
0.72 2776
0.72 2775
0.72 2774
0.72 2773
0.72 2772
0.72 2771
0.72 2770
0.72 2769
0.72 2768
0.73 2767
0.73 2766
0.73 2765
0.73 2764
0.73 2763
0.73 2762
0.73 2761
0.73 2760
0.73 2759
0.73 2758
0.73 2757
0.73 2756
0.73 2755
0.73 2754
0.73 2753
0.73 2752
0.73 2751
0.73 2750
0.73 2749
0.73 2748
0.73 2747
0.73 2746
0.73 2745
0.73 2744
0.75 2743
0.75 2742
0.75 2741
0.75 2740
0.75 2739
0.75 2738
0.75 2737
0.75 2736
0.75 2735
0.75 2734
0.75 2733
0.75 2732
0.75 2731
0.75 2730
0.75 2729
0.75 2728
0.75 2727
0.75 2726
0.75 2725
0.75 2724
0.75 2723
0.75 2722
0.77 2721
0.77 2720
0.77 2719
0.77 2718
0.77 2717
0.77 2716
0.77 2715
0.77 2714
0.77 2713
0.77 2712
0.77 2711
0.77 2710
0.77 2709
0.77 2708
0.77 2707
0.77 2706
0.77 2705
0.77 2704
0.77 2703
0.77 2702
0.77 2701
0.77 2700
0.78 2699
0.78 2698
0.78 2697
0.78 2696
0.78 2695
0.78 2694
0.78 2693
0.78 2692
0.78 2691
0.78 2690
0.78 2689
0.78 2688
0.78 2687
0.78 2686
0.78 2685
0.78 2684
0.78 2683
0.78 2682
0.78 2681
0.78 2680
0.78 2679
0.78 2678
0.80 2677
0.80 2676
0.80 2675
0.80 2674
0.80 2673
0.80 2672
0.80 2671
0.80 2670
0.80 2669
0.80 2668
0.80 2667
0.80 2666
0.80 2665
0.80 2664
0.80 2663
0.80 2662
0.80 2661
0.80 2660
0.80 2659
0.80 2658
0.80 2657
0.80 2656
0.81 2655
0.81 2654
0.81 2653
0.81 2652
0.81 2651
0.81 2650
0.81 2649
0.81 2648
0.81 2647
0.81 2646
0.81 2645
0.81 2644
0.81 2643
0.81 2642
0.81 2641
0.81 2640
0.81 2639
0.83 2638
0.83 2637
0.83 2636
0.83 2635
0.83 2634
0.83 2633
0.83 2632
0.83 2631
0.83 2630
0.83 2629
0.83 2628
0.83 2627
0.83 2626
0.83 2625
0.83 2624
0.83 2623
0.83 2622
0.83 2621
0.83 2620
0.83 2619
0.83 2618
0.85 2617
0.85 2616
0.85 2615
0.85 2614
0.85 2613
0.85 2612
0.85 2611
0.85 2610
0.85 2609
0.85 2608
0.85 2607
0.85 2606
0.85 2605
0.85 2604
0.85 2603
0.85 2602
0.85 2601
0.85 2600
0.85 2599
0.85 2598
0.85 2597
0.85 2596
0.86 2595
0.86 2594
0.86 2593
0.86 2592
0.86 2591
0.86 2590
0.86 2589
0.86 2588
0.86 2587
0.86 2586
0.86 2585
0.86 2584
0.86 2583
0.86 2582
0.86 2581
0.86 2580
0.86 2579
0.86 2578
0.86 2577
0.86 2576
0.86 2575
0.88 2574
0.88 2573
0.88 2572
0.88 2571
0.88 2570
0.88 2569
0.88 2568
0.88 2567
0.88 2566
0.88 2565
0.88 2564
0.88 2563
0.88 2562
0.88 2561
0.88 2560
0.88 2559
0.88 2558
0.88 2557
0.88 2556
0.88 2555
0.89 2554
0.89 2553
0.89 2552
0.89 2551
0.89 2550
0.89 2549
0.89 2548
0.89 2547
0.89 2546
0.89 2545
0.89 2544
0.89 2543
0.89 2542
0.89 2541
0.89 2540
0.89 2539
0.89 2538
0.89 2537
0.89 2536
0.89 2535
0.89 2534
0.89 2533
0.91 2532
0.91 2531
0.91 2530
0.91 2529
0.91 2528
0.91 2527
0.91 2526
0.91 2525
0.91 2524
0.91 2523
0.91 2522
0.91 2521
0.91 2520
0.91 2519
0.91 2518
0.91 2517
0.91 2516
0.91 2515
0.91 2514
0.91 2513
0.91 2512
0.93 2511
0.93 2510
0.93 2509
0.93 2508
0.93 2507
0.93 2506
0.93 2505
0.93 2504
0.93 2503
0.93 2502
0.93 2501
0.93 2500
0.93 2499
0.93 2498
0.93 2497
0.93 2496
0.93 2495
0.93 2494
0.93 2493
0.93 2492
0.93 2491
0.93 2490
0.94 2489
0.94 2488
0.94 2487
0.94 2486
0.94 2485
0.94 2484
0.94 2483
0.94 2482
0.94 2481
0.94 2480
0.94 2479
0.94 2478
0.94 2477
0.94 2476
0.94 2475
0.94 2474
0.94 2473
0.94 2472
0.94 2471
0.94 2470
0.94 2469
0.94 2468
0.94 2467
0.94 2466
0.96 2465
0.96 2464
0.96 2463
0.96 2462
0.96 2461
0.96 2460
0.96 2459
0.96 2458
0.96 2457
0.96 2456
0.96 2455
0.96 2454
0.96 2453
0.96 2452
0.96 2451
0.96 2450
0.96 2449
0.96 2448
0.96 2447
0.96 2446
0.96 2445
0.96 2444
0.96 2443
0.97 2442
0.97 2441
0.97 2440
0.97 2439
0.97 2438
0.97 2437
0.97 2436
0.97 2435
0.97 2434
0.97 2433
0.97 2432
0.97 2431
0.97 2430
0.97 2429
0.98 2428
0.98 2427
0.98 2426
0.98 2425
0.98 2424
0.98 2423
0.98 2422
0.98 2421
0.98 2420
0.99 2419
0.99 2418
0.99 2417
0.99 2416
0.99 2415
0.99 2414
0.99 2413
0.99 2412
0.99 2411
0.99 2410
0.99 2409
0.99 2408
0.99 2407
0.99 2406
0.99 2405
0.99 2404
0.99 2403
0.99 2402
0.99 2401
0.99 2400
1.01 2399
1.01 2398
1.01 2397
1.01 2396
1.01 2395
1.01 2394
1.01 2393
1.01 2392
1.01 2391
1.01 2390
1.01 2389
1.01 2388
1.01 2387
1.01 2386
1.01 2385
1.01 2384
1.01 2383
1.01 2382
1.01 2381
1.01 2380
1.01 2379
1.01 2378
1.01 2377
1.01 2376
1.02 2375
1.02 2374
1.02 2373
1.02 2372
1.02 2371
1.02 2370
1.02 2369
1.02 2368
1.02 2367
1.02 2366
1.02 2365
1.02 2364
1.02 2363
1.02 2362
1.02 2361
1.02 2360
1.02 2359
1.02 2358
1.02 2357
1.02 2356
1.02 2355
1.02 2354
1.04 2353
1.04 2352
1.04 2351
1.04 2350
1.04 2349
1.04 2348
1.04 2347
1.04 2346
1.04 2345
1.04 2344
1.04 2343
1.04 2342
1.04 2341
1.04 2340
1.04 2339
1.04 2338
1.04 2337
1.04 2336
1.04 2335
1.04 2334
1.04 2333
1.05 2332
1.05 2331
1.05 2330
1.05 2329
2.70 2272
2.70 2271
2.70 2270
2.70 2269
2.70 2268
2.70 2267
2.70 2266
2.70 2265
2.70 2264
2.70 2263
2.70 2262
2.70 2261
2.70 2260
2.70 2259
7.90 2258
7.90 2257
20.76 2256
23.22 2255
