0.04 5677
0.04 5676
0.04 5675
0.05 5674
0.05 5673
0.05 5672
0.06 5671
0.06 5670
0.06 5669
0.06 5668
0.06 5667
0.06 5666
0.07 5665
0.07 5664
0.07 5663
0.07 5662
0.07 5661
0.07 5660
0.08 5659
0.08 5658
0.08 5657
0.08 5656
0.08 5655
0.09 5654
0.09 5653
0.09 5652
0.09 5651
0.09 5650
0.09 5649
0.10 5648
0.10 5647
0.10 5646
0.10 5645
0.10 5644
0.11 5643
0.11 5642
0.11 5641
0.11 5640
0.11 5639
0.11 5638
0.12 5637
0.12 5636
0.12 5635
0.12 5634
0.12 5633
0.13 5632
0.13 5631
0.13 5630
0.13 5629
0.13 5628
0.14 5627
0.14 5626
0.14 5625
0.14 5624
0.14 5623
0.14 5622
0.15 5621
0.15 5620
0.15 5619
0.15 5618
0.16 5617
0.16 5616
0.16 5615
0.16 5614
0.16 5613
0.16 5612
0.16 5611
0.17 5610
0.17 5609
0.17 5608
0.18 5607
0.18 5606
0.18 5605
0.18 5604
0.18 5603
0.19 5602
0.19 5601
0.19 5600
0.19 5599
0.19 5598
0.20 5597
0.20 5596
0.20 5595
0.20 5594
0.20 5593
0.20 5592
0.21 5591
0.21 5590
0.21 5589
0.21 5588
0.21 5587
0.21 5586
0.22 5585
0.22 5584
0.22 5583
0.22 5582
0.23 5581
0.23 5580
0.23 5579
0.23 5578
0.23 5577
0.23 5576
0.24 5575
0.24 5574
0.24 5573
0.24 5572
0.24 5571
0.24 5570
0.24 5569
0.25 5568
0.25 5567
0.25 5566
0.26 5565
0.26 5564
0.26 5563
0.26 5562
0.26 5561
0.27 5560
0.27 5559
0.27 5558
0.27 5557
0.27 5556
0.27 5555
0.27 5554
0.27 5553
0.28 5552
0.28 5551
0.28 5550
0.28 5549
0.29 5548
0.29 5547
0.29 5546
0.29 5545
0.29 5544
0.30 5543
0.30 5542
0.30 5541
0.30 5540
0.30 5539
0.30 5538
0.31 5537
0.31 5536
0.31 5535
0.31 5534
0.31 5533
0.32 5532
0.32 5531
0.32 5530
0.32 5529
0.32 5528
0.32 5527
0.32 5526
0.33 5525
0.33 5524
0.33 5523
0.33 5522
0.33 5521
0.33 5520
0.33 5519
0.33 5518
0.34 5517
0.35 5516
0.35 5515
0.35 5514
0.35 5513
0.35 5512
0.35 5511
0.35 5510
0.35 5509
0.36 5508
0.36 5507
0.36 5506
0.36 5505
0.37 5504
0.37 5503
0.37 5502
0.37 5501
0.37 5500
0.37 5499
0.38 5498
0.38 5497
0.38 5496
0.38 5495
0.38 5494
0.38 5493
0.39 5492
0.39 5491
0.39 5490
0.39 5489
0.39 5488
0.39 5487
0.39 5486
0.40 5485
0.40 5484
0.40 5483
0.40 5482
0.40 5481
0.40 5480
0.41 5479
0.41 5478
0.41 5477
0.41 5476
0.41 5475
0.41 5474
0.42 5473
0.42 5472
0.42 5471
0.42 5470
0.42 5469
0.42 5468
0.42 5467
0.43 5466
0.43 5465
0.43 5464
0.43 5463
0.43 5462
0.43 5461
0.44 5460
0.44 5459
0.44 5458
0.44 5457
0.44 5456
0.44 5455
0.44 5454
0.44 5453
0.44 5452
0.45 5451
0.45 5450
0.45 5449
0.45 5448
0.46 5447
0.46 5446
0.46 5445
0.46 5444
0.46 5443
0.46 5442
0.46 5441
0.47 5440
0.47 5439
0.47 5438
0.47 5437
0.47 5436
0.48 5435
0.48 5434
0.48 5433
0.48 5432
0.48 5431
0.48 5430
0.49 5429
0.49 5428
0.49 5427
0.49 5426
0.49 5425
0.49 5424
0.50 5423
0.50 5422
0.50 5421
0.50 5420
0.50 5419
0.50 5418
0.51 5417
0.51 5416
0.51 5415
0.51 5414
0.51 5413
0.51 5412
0.52 5411
0.52 5410
0.52 5409
0.52 5408
0.52 5407
0.52 5406
0.52 5405
0.53 5404
0.53 5403
0.53 5402
0.53 5401
0.53 5400
0.54 5399
0.54 5398
0.54 5397
0.54 5396
0.54 5395
0.55 5394
0.55 5393
0.55 5392
0.55 5391
0.55 5390
0.55 5389
0.55 5388
0.55 5387
0.56 5386
0.56 5385
0.57 5384
0.57 5383
0.57 5382
0.57 5381
0.57 5380
0.57 5379
0.57 5378
0.58 5377
0.58 5376
0.58 5375
0.58 5374
0.58 5373
0.58 5372
0.59 5371
0.59 5370
0.59 5369
0.59 5368
0.59 5367
0.59 5366
0.59 5365
0.60 5364
0.60 5363
0.60 5362
0.60 5361
0.60 5360
0.61 5359
0.61 5358
0.61 5357
0.61 5356
0.61 5355
0.61 5354
0.61 5353
0.62 5352
0.62 5351
0.62 5350
0.62 5349
0.62 5348
0.63 5347
0.63 5346
0.63 5345
0.63 5344
0.63 5343
0.63 5342
0.63 5341
0.64 5340
0.64 5339
0.64 5338
0.64 5337
0.64 5336
0.64 5335
0.65 5334
0.65 5333
0.65 5332
0.65 5331
0.65 5330
0.65 5329
0.65 5328
0.66 5327
0.66 5326
0.66 5325
0.66 5324
0.66 5323
0.66 5322
0.67 5321
0.67 5320
0.67 5319
0.67 5318
0.67 5317
0.67 5316
0.68 5315
0.68 5314
0.68 5313
0.68 5312
0.68 5311
0.68 5310
0.68 5309
0.68 5308
0.69 5307
0.69 5306
0.69 5305
0.69 5304
0.69 5303
0.69 5302
0.70 5301
0.70 5300
0.70 5299
0.70 5298
0.70 5297
0.71 5296
0.71 5295
0.71 5294
0.71 5293
0.71 5292
0.71 5291
0.72 5290
0.72 5289
0.72 5288
0.72 5287
0.72 5286
0.72 5285
0.73 5284
0.73 5283
0.73 5282
0.73 5281
0.73 5280
0.73 5279
0.74 5278
0.74 5277
0.74 5276
0.74 5275
0.74 5274
0.74 5273
0.75 5272
0.75 5271
0.75 5270
0.75 5269
0.75 5268
0.75 5267
0.75 5266
0.76 5265
0.76 5264
0.76 5263
0.76 5262
0.76 5261
0.77 5260
0.77 5259
0.77 5258
0.77 5257
0.77 5256
0.78 5255
0.78 5254
0.78 5253
0.78 5252
0.78 5251
0.78 5250
0.78 5249
0.79 5248
0.79 5247
0.79 5246
0.79 5245
0.79 5244
0.79 5243
0.79 5242
0.80 5241
0.80 5240
0.80 5239
0.80 5238
0.81 5237
0.81 5236
0.81 5235
0.81 5234
0.81 5233
0.81 5232
0.81 5231
0.82 5230
0.82 5229
0.82 5228
0.82 5227
0.82 5226
0.82 5225
0.83 5224
0.83 5223
0.83 5222
0.83 5221
0.83 5220
0.83 5219
0.83 5218
0.84 5217
0.84 5216
0.84 5215
0.84 5214
0.84 5213
0.85 5212
0.85 5211
0.85 5210
0.85 5209
0.85 5208
0.85 5207
0.86 5206
0.86 5205
0.86 5204
0.86 5203
0.86 5202
0.86 5201
0.86 5200
0.86 5199
0.87 5198
0.87 5197
0.87 5196
0.87 5195
0.87 5194
0.87 5193
0.88 5192
0.88 5191
0.88 5190
0.88 5189
0.88 5188
0.88 5187
0.89 5186
0.89 5185
0.89 5184
0.89 5183
0.89 5182
0.89 5181
0.90 5180
0.90 5179
0.90 5178
0.90 5177
0.90 5176
0.90 5175
0.90 5174
0.91 5173
0.91 5172
0.91 5171
0.91 5170
0.91 5169
0.91 5168
0.91 5167
0.92 5166
0.92 5165
0.92 5164
0.92 5163
0.92 5162
0.92 5161
0.93 5160
0.93 5159
0.93 5158
0.93 5157
0.93 5156
0.93 5155
0.94 5154
0.94 5153
0.94 5152
0.94 5151
0.94 5150
0.94 5149
0.94 5148
0.95 5147
0.95 5146
0.95 5145
0.95 5144
0.95 5143
0.95 5142
0.95 5141
0.95 5140
0.95 5139
0.96 5138
0.96 5137
0.97 5136
0.97 5135
0.97 5134
0.97 5133
0.98 5132
0.98 5131
0.98 5130
0.99 5129
0.99 5128
0.99 5127
0.99 5126
0.99 5125
0.99 5124
0.99 5123
1.00 5122
1.00 5121
1.00 5120
1.00 5119
1.00 5118
1.00 5117
1.01 5116
1.01 5115
1.01 5114
1.01 5113
1.01 5112
1.01 5111
1.01 5110
1.01 5109
1.02 5108
1.02 5107
1.02 5106
1.02 5105
1.02 5104
1.02 5103
1.03 5102
1.03 5101
1.03 5100
1.03 5099
1.03 5098
1.03 5097
1.04 5096
1.04 5095
1.04 5094
1.04 5093
1.04 5092
1.04 5091
1.04 5090
1.05 5089
1.05 5088
1.05 5087
1.05 5086
1.05 5085
1.05 5084
1.06 5083
1.06 5082
1.06 5081
1.06 5080
1.06 5079
1.06 5078
1.07 5077
1.07 5076
1.07 5075
1.07 5074
1.07 5073
1.07 5072
1.07 5071
1.08 5070
1.08 5069
1.08 5068
1.08 5067
1.08 5066
1.09 5065
1.09 5064
1.09 5063
1.09 5062
1.09 5061
1.10 5060
1.10 5059
1.10 5058
1.10 5057
1.10 5056
1.10 5055
1.11 5054
1.11 5053
1.11 5052
1.11 5051
1.11 5050
1.11 5049
1.11 5048
1.12 5047
1.12 5046
1.12 5045
1.12 5044
1.13 5043
1.13 5042
1.13 5041
1.13 5040
1.13 5039
1.13 5038
1.13 5037
1.14 5036
1.14 5035
1.14 5034
1.14 5033
1.14 5032
1.14 5031
1.14 5030
1.14 5029
1.15 5028
1.15 5027
1.15 5026
1.15 5025
1.16 5024
1.16 5023
1.16 5022
1.16 5021
1.17 5020
1.17 5019
1.17 5018
1.17 5017
1.17 5016
1.17 5015
1.17 5014
1.17 5013
1.17 5012
1.18 5011
1.18 5010
1.18 5009
1.18 5008
1.19 5007
1.19 5006
1.19 5005
1.19 5004
1.19 5003
1.19 5002
1.19 5001
1.20 5000
1.20 4999
1.20 4998
1.20 4997
1.20 4996
1.20 4995
1.21 4994
1.21 4993
1.21 4992
1.21 4991
1.21 4990
1.21 4989
1.22 4988
1.22 4987
1.22 4986
1.22 4985
1.22 4984
1.22 4983
1.22 4982
1.23 4981
1.23 4980
1.23 4979
1.23 4978
1.23 4977
1.23 4976
1.24 4975
1.24 4974
1.24 4973
1.24 4972
1.24 4971
1.24 4970
1.25 4969
1.25 4968
1.25 4967
1.25 4966
1.25 4965
1.25 4964
1.26 4963
1.26 4962
1.26 4961
1.26 4960
1.26 4959
1.27 4958
1.27 4957
1.27 4956
1.27 4955
1.27 4954
1.27 4953
1.27 4952
1.28 4951
1.28 4950
1.28 4949
1.28 4948
1.28 4947
1.29 4946
1.29 4945
1.29 4944
1.29 4943
1.29 4942
1.29 4941
1.29 4940
1.30 4939
1.30 4938
1.30 4937
1.30 4936
1.30 4935
1.30 4934
1.31 4933
1.31 4932
1.31 4931
1.31 4930
1.31 4929
1.31 4928
1.32 4927
1.32 4926
1.32 4925
1.32 4924
1.32 4923
1.32 4922
1.32 4921
1.32 4920
1.32 4919
1.32 4918
1.33 4917
1.33 4916
1.34 4915
1.34 4914
1.34 4913
1.34 4912
1.34 4911
1.34 4910
1.34 4909
1.34 4908
1.35 4907
1.35 4906
1.35 4905
1.35 4904
1.35 4903
1.35 4902
1.35 4901
1.35 4900
1.35 4899
1.36 4898
1.36 4897
1.36 4896
1.36 4895
1.36 4894
1.36 4893
1.36 4892
1.36 4891
1.37 4890
1.37 4889
1.37 4888
1.37 4887
1.37 4886
1.37 4885
1.37 4884
1.37 4883
1.38 4882
1.38 4881
1.38 4880
1.38 4879
1.38 4878
1.38 4877
1.38 4876
1.38 4875
1.39 4874
1.39 4873
1.39 4872
1.39 4871
1.39 4870
1.39 4869
1.39 4868
1.39 4867
1.40 4866
1.40 4865
1.40 4864
1.40 4863
1.40 4862
1.40 4861
1.40 4860
1.40 4859
1.40 4858
1.40 4857
1.40 4856
1.41 4855
1.41 4854
1.41 4853
1.41 4852
1.41 4851
1.42 4850
1.42 4849
1.42 4848
1.42 4847
1.42 4846
1.42 4845
1.42 4844
1.42 4843
1.43 4842
1.43 4841
1.43 4840
1.43 4839
1.43 4838
1.43 4837
1.43 4836
1.43 4835
1.43 4834
1.44 4833
1.44 4832
1.44 4831
1.44 4830
1.44 4829
1.44 4828
1.44 4827
1.44 4826
1.45 4825
1.45 4824
1.45 4823
1.45 4822
1.45 4821
1.45 4820
1.46 4819
1.46 4818
1.46 4817
1.46 4816
1.46 4815
1.46 4814
1.46 4813
1.46 4812
1.47 4811
1.47 4810
1.47 4809
1.47 4808
1.47 4807
1.47 4806
1.47 4805
1.47 4804
1.47 4803
1.48 4802
1.48 4801
1.48 4800
1.48 4799
1.48 4798
1.48 4797
1.48 4796
1.48 4795
1.48 4794
1.49 4793
1.49 4792
1.49 4791
1.49 4790
1.49 4789
1.49 4788
1.49 4787
1.49 4786
1.50 4785
1.50 4784
1.50 4783
1.50 4782
1.50 4781
1.50 4780
1.50 4779
1.50 4778
1.50 4777
1.51 4776
1.51 4775
1.51 4774
1.51 4773
1.51 4772
1.51 4771
1.51 4770
1.51 4769
1.52 4768
1.52 4767
1.52 4766
1.52 4765
1.52 4764
1.52 4763
1.52 4762
1.52 4761
1.52 4760
1.53 4759
1.53 4758
1.53 4757
1.53 4756
1.53 4755
1.53 4754
1.53 4753
1.53 4752
1.54 4751
1.54 4750
1.54 4749
1.54 4748
1.54 4747
1.54 4746
1.54 4745
1.54 4744
1.54 4743
1.55 4742
1.55 4741
1.55 4740
1.55 4739
1.55 4738
1.55 4737
1.55 4736
1.55 4735
1.56 4734
1.56 4733
1.56 4732
1.56 4731
1.56 4730
1.56 4729
1.57 4728
1.57 4727
1.57 4726
1.57 4725
1.57 4724
1.57 4723
1.58 4722
1.58 4721
1.58 4720
1.58 4719
1.58 4718
1.58 4717
1.59 4716
1.59 4715
1.59 4714
1.59 4713
1.59 4712
1.59 4711
1.59 4710
1.59 4709
1.59 4708
1.60 4707
1.60 4706
1.60 4705
1.60 4704
1.60 4703
1.60 4702
1.60 4701
1.61 4700
1.61 4699
1.61 4698
1.61 4697
1.61 4696
1.61 4695
1.61 4694
1.61 4693
1.62 4692
1.62 4691
1.62 4690
1.62 4689
1.62 4688
1.62 4687
1.62 4686
1.63 4685
1.63 4684
1.63 4683
1.63 4682
1.63 4681
1.63 4680
1.63 4679
1.63 4678
1.64 4677
1.64 4676
1.64 4675
1.64 4674
1.64 4673
1.64 4672
1.64 4671
1.64 4670
1.65 4669
1.65 4668
1.65 4667
1.65 4666
1.65 4665
1.65 4664
1.65 4663
1.65 4662
1.66 4661
1.66 4660
1.66 4659
1.66 4658
1.66 4657
1.66 4656
1.66 4655
1.66 4654
1.66 4653
1.67 4652
1.67 4651
1.67 4650
1.67 4649
1.67 4648
1.67 4647
1.67 4646
1.67 4645
1.67 4644
1.68 4643
1.68 4642
1.68 4641
1.68 4640
1.68 4639
1.68 4638
1.68 4637
1.68 4636
1.68 4635
1.69 4634
1.69 4633
1.69 4632
1.69 4631
1.69 4630
1.69 4629
1.70 4628
1.70 4627
1.70 4626
1.70 4625
1.70 4624
1.70 4623
1.70 4622
1.70 4621
1.71 4620
1.71 4619
1.71 4618
1.71 4617
1.71 4616
1.71 4615
1.71 4614
1.71 4613
1.71 4612
1.71 4611
1.72 4610
1.72 4609
1.72 4608
1.72 4607
1.72 4606
1.72 4605
1.72 4604
1.72 4603
1.72 4602
1.73 4601
1.73 4600
1.73 4599
1.73 4598
1.73 4597
1.73 4596
1.73 4595
1.73 4594
1.73 4593
1.74 4592
1.74 4591
1.74 4590
1.74 4589
1.74 4588
1.74 4587
1.74 4586
1.74 4585
1.74 4584
1.75 4583
1.75 4582
1.75 4581
1.75 4580
1.75 4579
1.75 4578
1.75 4577
1.75 4576
1.75 4575
1.76 4574
1.76 4573
1.76 4572
1.76 4571
1.76 4570
1.76 4569
1.76 4568
1.76 4567
1.76 4566
1.77 4565
1.77 4564
1.77 4563
1.77 4562
1.77 4561
1.77 4560
1.77 4559
1.77 4558
1.77 4557
1.77 4556
1.78 4555
1.78 4554
1.78 4553
1.78 4552
1.78 4551
1.78 4550
1.78 4549
1.78 4548
1.78 4547
1.78 4546
1.79 4545
1.79 4544
1.79 4543
1.79 4542
1.79 4541
1.79 4540
1.79 4539
1.79 4538
1.79 4537
1.80 4536
1.80 4535
1.80 4534
1.80 4533
1.80 4532
1.80 4531
1.80 4530
1.80 4529
1.80 4528
1.81 4527
1.81 4526
1.81 4525
1.81 4524
1.81 4523
1.81 4522
1.81 4521
1.82 4520
1.82 4519
1.82 4518
1.82 4517
1.82 4516
1.82 4515
1.82 4514
1.82 4513
1.82 4512
1.82 4511
1.83 4510
1.83 4509
1.83 4508
1.83 4507
1.83 4506
1.83 4505
1.83 4504
1.83 4503
1.83 4502
1.84 4501
1.84 4500
1.84 4499
1.84 4498
1.84 4497
1.84 4496
1.84 4495
1.84 4494
1.84 4493
1.84 4492
1.84 4491
1.85 4490
1.85 4489
1.85 4488
1.85 4487
1.85 4486
1.85 4485
1.85 4484
1.86 4483
1.86 4482
1.86 4481
1.86 4480
1.86 4479
1.86 4478
1.86 4477
1.86 4476
1.86 4475
1.87 4474
1.87 4473
1.87 4472
1.87 4471
1.87 4470
1.87 4469
1.87 4468
1.88 4467
1.88 4466
1.88 4465
1.88 4464
1.88 4463
1.88 4462
1.88 4461
1.88 4460
1.88 4459
1.89 4458
1.89 4457
1.89 4456
1.89 4455
1.89 4454
1.89 4453
1.89 4452
1.89 4451
1.89 4450
1.89 4449
1.90 4448
1.90 4447
1.90 4446
1.90 4445
1.90 4444
1.90 4443
1.90 4442
1.90 4441
1.90 4440
1.91 4439
1.91 4438
1.91 4437
1.91 4436
1.91 4435
1.91 4434
1.91 4433
1.91 4432
1.91 4431
1.92 4430
1.92 4429
1.92 4428
1.92 4427
1.92 4426
1.92 4425
1.92 4424
1.92 4423
1.92 4422
1.93 4421
1.93 4420
1.93 4419
1.93 4418
1.93 4417
1.93 4416
1.93 4415
1.93 4414
1.93 4413
1.94 4412
1.94 4411
1.94 4410
1.94 4409
1.94 4408
1.94 4407
1.94 4406
1.94 4405
1.94 4404
1.95 4403
1.95 4402
1.95 4401
1.95 4400
1.95 4399
1.95 4398
1.95 4397
1.95 4396
1.95 4395
1.96 4394
1.96 4393
1.96 4392
1.96 4391
1.96 4390
1.96 4389
1.96 4388
1.96 4387
1.96 4386
1.97 4385
1.97 4384
1.97 4383
1.97 4382
1.97 4381
1.97 4380
1.97 4379
1.97 4378
1.97 4377
1.97 4376
1.98 4375
1.98 4374
1.98 4373
1.98 4372
1.98 4371
1.98 4370
1.98 4369
1.98 4368
1.98 4367
1.98 4366
1.98 4365
1.98 4364
1.99 4363
1.99 4362
1.99 4361
1.99 4360
1.99 4359
2.00 4358
2.00 4357
2.00 4356
2.00 4355
2.00 4354
2.00 4353
2.00 4352
2.00 4351
2.00 4350
2.01 4349
2.01 4348
2.01 4347
2.01 4346
2.01 4345
2.01 4344
2.01 4343
2.01 4342
2.01 4341
2.01 4340
2.02 4339
2.02 4338
2.02 4337
2.02 4336
2.02 4335
2.02 4334
2.02 4333
2.02 4332
2.02 4331
2.03 4330
2.03 4329
2.03 4328
2.03 4327
2.03 4326
2.03 4325
2.03 4324
2.03 4323
2.04 4322
2.04 4321
2.04 4320
2.04 4319
2.04 4318
2.04 4317
2.04 4316
2.04 4315
2.05 4314
2.05 4313
2.05 4312
2.05 4311
2.05 4310
2.05 4309
2.05 4308
2.05 4307
2.05 4306
2.06 4305
2.06 4304
2.06 4303
2.06 4302
2.06 4301
2.06 4300
2.06 4299
2.06 4298
2.06 4297
2.07 4296
2.07 4295
2.07 4294
2.07 4293
2.07 4292
2.07 4291
2.07 4290
2.07 4289
2.07 4288
2.07 4287
2.08 4286
2.08 4285
2.08 4284
2.08 4283
2.08 4282
2.08 4281
2.08 4280
2.08 4279
2.09 4278
2.09 4277
2.09 4276
2.09 4275
2.09 4274
2.09 4273
2.09 4272
2.09 4271
2.09 4270
2.09 4269
2.10 4268
2.10 4267
2.10 4266
2.10 4265
2.10 4264
2.10 4263
2.10 4262
2.10 4261
2.10 4260
2.10 4259
2.11 4258
2.11 4257
2.11 4256
2.11 4255
2.11 4254
2.11 4253
2.11 4252
2.11 4251
2.11 4250
2.11 4249
2.12 4248
2.12 4247
2.12 4246
2.12 4245
2.12 4244
2.12 4243
2.12 4242
2.12 4241
2.12 4240
2.13 4239
2.13 4238
2.13 4237
2.13 4236
2.13 4235
2.13 4234
2.13 4233
2.13 4232
2.14 4231
2.14 4230
2.14 4229
2.14 4228
2.14 4227
2.14 4226
2.14 4225
2.14 4224
2.14 4223
2.14 4222
2.15 4221
2.15 4220
2.15 4219
2.15 4218
2.15 4217
2.15 4216
2.15 4215
2.15 4214
2.15 4213
2.15 4212
2.16 4211
2.16 4210
2.16 4209
2.16 4208
2.16 4207
2.16 4206
2.16 4205
2.16 4204
2.16 4203
2.17 4202
2.17 4201
2.17 4200
2.17 4199
2.17 4198
2.17 4197
2.17 4196
2.17 4195
2.17 4194
2.17 4193
2.18 4192
2.18 4191
2.18 4190
2.18 4189
2.18 4188
2.18 4187
2.18 4186
2.18 4185
2.18 4184
2.19 4183
2.19 4182
2.19 4181
2.19 4180
2.19 4179
2.19 4178
2.19 4177
2.19 4176
2.19 4175
2.19 4174
2.19 4173
2.19 4172
2.20 4171
2.20 4170
2.20 4169
2.20 4168
2.20 4167
2.20 4166
2.21 4165
2.21 4164
2.21 4163
2.21 4162
2.21 4161
2.21 4160
2.21 4159
2.21 4158
2.21 4157
2.22 4156
2.22 4155
2.22 4154
2.22 4153
2.22 4152
2.22 4151
2.22 4150
2.22 4149
2.22 4148
2.23 4147
2.23 4146
2.23 4145
2.23 4144
2.23 4143
2.23 4142
2.23 4141
2.23 4140
2.23 4139
2.23 4138
2.23 4137
2.24 4136
2.24 4135
2.24 4134
2.24 4133
2.24 4132
2.24 4131
2.24 4130
2.24 4129
2.25 4128
2.25 4127
2.25 4126
2.25 4125
2.25 4124
2.25 4123
2.25 4122
2.25 4121
2.25 4120
2.26 4119
2.26 4118
2.26 4117
2.26 4116
2.26 4115
2.26 4114
2.26 4113
2.26 4112
2.26 4111
2.27 4110
2.27 4109
2.27 4108
2.27 4107
2.27 4106
2.27 4105
2.27 4104
2.27 4103
2.27 4102
2.28 4101
2.28 4100
2.28 4099
2.28 4098
2.28 4097
2.28 4096
2.28 4095
2.28 4094
2.28 4093
2.29 4092
2.29 4091
2.29 4090
2.29 4089
2.29 4088
2.29 4087
2.29 4086
2.29 4085
2.29 4084
2.29 4083
2.30 4082
2.30 4081
2.30 4080
2.30 4079
2.30 4078
2.30 4077
2.30 4076
2.30 4075
2.30 4074
2.30 4073
2.30 4072
2.30 4071
2.30 4070
2.31 4069
2.31 4068
2.31 4067
2.31 4066
2.31 4065
2.31 4064
2.31 4063
2.31 4062
2.31 4061
2.32 4060
2.32 4059
2.32 4058
2.32 4057
2.32 4056
2.32 4055
2.32 4054
2.33 4053
2.33 4052
2.33 4051
2.33 4050
2.33 4049
2.33 4048
2.33 4047
2.33 4046
2.33 4045
2.33 4044
2.33 4043
2.33 4042
5.71 3944
5.72 3943
5.72 3942
5.72 3941
5.72 3940
5.72 3939
5.72 3938
15.02 3937
15.02 3936
