0.38 999
0.38 998
0.38 997
0.38 996
0.38 995
0.40 994
0.40 993
0.40 992
0.40 991
0.40 990
0.40 989
0.40 988
0.40 987
0.40 986
0.40 985
0.40 984
0.40 983
0.40 982
0.40 981
0.41 980
0.41 979
0.41 978
0.41 977
0.41 976
0.41 975
0.41 974
0.41 973
0.41 972
0.41 971
0.41 970
0.41 969
0.41 968
0.41 967
0.41 966
0.41 965
0.41 964
0.41 963
0.41 962
0.41 961
0.41 960
0.41 959
0.41 958
0.41 957
0.41 956
0.41 955
0.42 954
0.42 953
0.42 952
0.42 951
0.42 950
0.42 949
0.42 948
0.42 947
0.42 946
0.42 945
0.42 944
0.42 943
0.42 942
0.42 941
0.42 940
0.42 939
0.42 938
0.42 937
0.42 936
0.42 935
0.42 934
2.33 933
