1.08 1499
1.08 1498
1.08 1497
1.08 1496
1.09 1495
1.09 1494
1.09 1493
1.09 1492
1.09 1491
1.09 1490
1.09 1489
1.09 1488
1.09 1487
1.09 1486
1.09 1485
1.09 1484
1.09 1483
1.10 1482
1.10 1481
1.10 1480
1.10 1479
1.10 1478
1.10 1477
1.10 1476
1.10 1475
1.10 1474
1.11 1473
1.11 1472
1.11 1471
1.11 1470
1.11 1469
1.11 1468
1.11 1467
1.11 1466
1.12 1465
1.12 1464
1.12 1463
1.12 1462
1.12 1461
1.12 1460
1.13 1459
1.13 1458
1.13 1457
1.13 1456
1.13 1455
1.13 1454
1.13 1453
1.14 1452
1.14 1451
1.14 1450
1.14 1449
1.14 1448
1.15 1447
1.15 1446
1.16 1445
1.17 1444
3.88 1442
3.88 1441
3.88 1440
12.57 1439
12.57 1438
