0.79 1999
0.79 1998
0.79 1997
0.79 1996
0.79 1995
0.79 1994
0.79 1993
0.79 1992
0.79 1991
0.79 1990
0.79 1989
0.80 1988
0.80 1987
0.80 1986
0.80 1985
0.80 1984
0.80 1983
0.80 1982
0.80 1981
0.80 1980
0.80 1979
0.80 1978
0.80 1977
0.80 1976
0.80 1975
0.80 1974
0.80 1973
0.80 1972
0.80 1971
0.80 1970
0.81 1969
0.81 1968
0.81 1967
0.81 1966
0.81 1965
0.81 1964
0.81 1963
0.81 1962
0.81 1961
0.81 1960
0.81 1959
0.81 1958
0.81 1957
0.81 1956
0.81 1955
0.81 1954
0.81 1953
0.81 1952
0.81 1951
0.81 1950
0.82 1949
0.82 1948
0.82 1947
0.82 1946
0.82 1945
0.82 1944
0.82 1943
0.82 1942
0.82 1941
0.82 1940
0.82 1939
0.82 1938
0.82 1937
0.82 1936
0.82 1935
0.82 1934
0.82 1933
0.82 1932
0.82 1931
0.82 1930
0.82 1929
0.82 1928
0.82 1927
0.82 1926
0.82 1925
0.82 1924
0.83 1923
0.83 1922
0.83 1921
0.83 1920
0.83 1919
0.83 1918
0.83 1917
0.83 1916
0.83 1915
0.83 1914
0.83 1913
0.83 1912
0.83 1911
0.83 1910
0.83 1909
0.83 1908
0.83 1907
0.83 1906
0.83 1905
0.83 1904
0.83 1903
0.83 1902
0.83 1901
0.84 1900
0.84 1899
0.84 1898
0.84 1897
0.84 1896
0.84 1895
0.84 1894
0.84 1893
0.84 1892
0.84 1891
0.84 1890
0.84 1889
0.84 1888
0.84 1887
0.84 1886
0.84 1885
0.84 1884
0.84 1883
0.84 1882
0.84 1881
0.84 1880
0.84 1879
0.84 1878
0.84 1877
0.84 1876
0.84 1875
0.84 1874
0.84 1873
0.84 1872
0.84 1871
0.84 1870
0.85 1869
0.85 1868
0.85 1867
0.85 1866
0.85 1865
0.85 1864
0.85 1863
0.85 1862
0.85 1861
0.85 1860
0.85 1859
0.85 1858
0.85 1857
0.85 1856
0.86 1855
0.86 1854
0.86 1853
0.86 1852
0.86 1851
0.86 1850
0.86 1849
0.86 1848
0.86 1847
0.86 1846
0.86 1845
0.86 1844
0.86 1843
0.86 1842
0.86 1841
0.86 1840
0.86 1839
0.86 1838
0.86 1837
0.86 1836
0.86 1835
0.86 1834
0.86 1833
0.87 1832
0.87 1831
0.87 1830
0.87 1829
0.87 1828
0.87 1827
0.87 1826
0.87 1825
0.87 1824
0.87 1823
0.87 1822
0.87 1821
0.87 1820
0.87 1819
0.87 1818
0.87 1817
0.87 1816
0.87 1815
0.87 1814
0.88 1813
0.88 1812
0.88 1811
0.88 1810
0.88 1809
0.88 1808
0.88 1807
0.88 1806
0.88 1805
0.88 1804
0.88 1803
0.88 1802
0.88 1801
0.88 1800
0.88 1799
0.88 1798
0.88 1797
0.88 1796
0.88 1795
0.88 1794
0.88 1793
0.88 1792
0.88 1791
0.88 1790
0.88 1789
0.88 1788
0.89 1787
0.89 1786
0.89 1785
0.89 1784
0.89 1783
0.89 1782
0.89 1781
0.89 1780
0.89 1779
0.89 1778
0.89 1777
0.89 1776
0.89 1775
0.89 1774
0.89 1773
0.89 1772
0.89 1771
0.89 1770
0.89 1769
0.89 1768
0.90 1767
0.90 1766
0.90 1765
0.90 1764
0.90 1763
0.90 1762
0.90 1761
0.90 1760
0.90 1759
0.90 1758
0.90 1757
0.90 1756
0.90 1755
0.90 1754
0.90 1753
0.90 1752
0.90 1751
0.90 1750
0.90 1749
0.90 1748
0.90 1747
0.90 1746
0.90 1745
0.90 1744
0.90 1743
0.90 1742
0.91 1741
0.91 1740
0.91 1739
0.91 1738
0.91 1737
0.91 1736
0.91 1735
0.91 1734
0.91 1733
0.91 1732
0.91 1731
0.91 1730
0.91 1729
0.91 1728
0.91 1727
0.91 1726
0.91 1725
0.91 1724
0.91 1723
0.91 1722
0.91 1721
0.92 1720
0.92 1719
0.92 1718
0.92 1717
0.92 1716
0.92 1715
0.92 1714
0.92 1713
0.92 1712
0.92 1711
0.92 1710
0.92 1709
0.92 1708
0.92 1707
0.92 1706
0.92 1705
0.92 1704
0.92 1703
0.92 1702
0.92 1701
0.92 1700
0.92 1699
0.92 1698
0.92 1697
0.92 1696
0.92 1695
0.92 1694
0.92 1693
0.92 1692
0.92 1691
0.92 1690
0.92 1689
0.92 1688
0.92 1687
0.92 1686
0.92 1685
0.92 1684
0.92 1683
0.92 1682
0.92 1681
0.92 1680
0.92 1679
0.92 1678
0.92 1677
0.92 1676
0.94 1675
0.94 1674
0.94 1673
0.94 1672
0.94 1671
0.94 1670
0.94 1669
0.94 1668
0.94 1667
0.94 1666
0.94 1665
0.94 1664
0.94 1663
0.94 1662
0.94 1661
0.94 1660
0.94 1659
0.94 1658
0.94 1657
0.94 1656
0.94 1655
0.94 1654
0.94 1653
0.94 1652
0.94 1651
0.95 1650
0.95 1649
0.95 1648
0.95 1647
0.95 1646
0.95 1645
0.95 1644
0.95 1643
0.95 1642
0.95 1641
0.95 1640
0.95 1639
0.95 1638
0.95 1637
0.95 1636
0.95 1635
0.95 1634
0.95 1633
0.95 1632
0.95 1631
0.95 1630
0.95 1629
0.96 1628
0.96 1627
0.96 1626
0.96 1625
0.96 1624
0.96 1623
0.96 1622
0.96 1621
0.96 1620
0.96 1619
0.96 1618
0.96 1617
0.96 1616
0.96 1615
0.96 1614
0.96 1613
0.96 1612
0.96 1611
0.96 1610
0.96 1609
0.96 1608
0.96 1607
0.96 1606
0.96 1605
0.96 1604
0.96 1603
0.96 1602
0.96 1601
0.96 1600
0.96 1599
0.96 1598
0.96 1597
0.96 1596
0.96 1595
0.96 1594
0.96 1593
0.96 1592
0.96 1591
0.97 1590
0.97 1589
0.97 1588
0.97 1587
0.97 1586
0.97 1585
0.97 1584
0.97 1583
0.97 1582
0.97 1581
0.97 1580
0.97 1579
0.97 1578
0.97 1577
0.97 1576
0.97 1575
0.97 1574
0.97 1573
0.97 1572
0.97 1571
0.97 1570
0.97 1569
0.97 1568
0.97 1567
0.97 1566
0.97 1565
0.97 1564
0.98 1563
0.98 1562
0.98 1561
0.98 1560
0.98 1559
0.98 1558
0.98 1557
0.98 1556
0.98 1555
0.98 1554
0.99 1553
0.99 1552
0.99 1551
0.99 1550
0.99 1549
0.99 1548
0.99 1547
0.99 1546
0.99 1545
0.99 1544
0.99 1543
0.99 1542
0.99 1541
0.99 1540
0.99 1539
0.99 1538
0.99 1537
0.99 1536
0.99 1535
0.99 1534
0.99 1533
0.99 1532
0.99 1531
0.99 1530
1.00 1529
1.00 1528
1.00 1527
1.00 1526
1.00 1525
1.00 1524
1.00 1523
1.00 1522
1.00 1521
1.00 1520
1.00 1519
1.00 1518
1.00 1517
1.00 1516
1.00 1515
1.00 1514
1.00 1513
1.00 1512
1.00 1511
1.00 1510
1.00 1509
1.00 1508
1.01 1507
1.01 1506
1.01 1505
1.01 1504
1.01 1503
1.01 1502
1.01 1501
1.01 1500
1.01 1499
1.01 1498
1.01 1497
1.01 1496
1.01 1495
1.01 1494
1.01 1493
1.01 1492
1.01 1491
1.01 1490
1.01 1489
1.01 1488
1.01 1487
1.01 1486
1.01 1485
1.01 1484
1.01 1483
1.01 1482
1.01 1481
1.01 1480
1.01 1479
1.02 1478
1.02 1477
1.02 1476
1.02 1475
1.02 1474
1.02 1473
1.02 1472
1.02 1471
1.02 1470
1.02 1469
1.02 1468
1.02 1467
1.02 1466
1.03 1465
1.03 1464
1.03 1463
1.03 1462
1.03 1461
1.03 1460
1.03 1459
1.03 1458
1.03 1457
1.03 1456
1.03 1455
1.03 1454
1.03 1453
1.03 1452
1.03 1451
1.03 1450
1.03 1449
1.03 1448
1.03 1447
1.03 1446
1.03 1445
1.03 1444
1.03 1443
1.03 1442
1.03 1441
1.03 1440
1.03 1439
1.04 1438
1.04 1437
1.04 1436
1.04 1435
1.04 1434
1.04 1433
1.04 1432
1.04 1431
1.04 1430
1.04 1429
1.04 1428
1.04 1427
1.04 1426
1.04 1425
1.04 1424
1.04 1423
1.04 1422
1.04 1421
1.04 1420
1.04 1419
1.04 1418
1.04 1417
1.04 1416
1.04 1415
1.05 1414
1.05 1413
1.05 1412
1.05 1411
1.05 1410
1.05 1409
1.05 1408
1.05 1407
1.05 1406
1.05 1405
1.05 1404
1.05 1403
1.06 1402
1.06 1401
1.06 1400
1.06 1399
1.06 1398
1.06 1397
1.06 1396
1.06 1395
1.06 1394
1.06 1393
1.06 1392
1.06 1391
1.06 1390
1.06 1389
1.06 1388
1.06 1387
1.06 1386
1.06 1385
1.06 1384
1.06 1383
1.06 1382
1.06 1381
1.07 1380
1.07 1379
1.07 1378
1.07 1377
1.07 1376
1.07 1375
1.07 1374
1.07 1373
1.07 1372
1.07 1371
1.07 1370
1.07 1369
1.07 1368
1.07 1367
1.07 1366
1.07 1365
1.07 1364
1.07 1363
1.07 1362
1.07 1361
1.07 1360
1.07 1359
1.07 1358
1.07 1357
1.07 1356
1.07 1355
1.07 1354
1.07 1353
1.07 1352
1.08 1351
1.08 1350
1.08 1349
1.08 1348
1.08 1347
1.08 1346
1.08 1345
1.08 1344
1.08 1343
1.08 1342
1.08 1341
1.08 1340
1.08 1339
1.09 1338
1.09 1337
1.09 1336
1.09 1335
1.09 1334
1.09 1333
1.09 1332
1.09 1331
1.09 1330
1.09 1329
1.09 1328
1.09 1327
1.09 1326
1.09 1325
1.09 1324
1.09 1323
1.09 1322
1.09 1321
1.09 1320
1.09 1319
1.09 1318
1.09 1317
1.10 1316
1.10 1315
1.10 1314
1.10 1313
1.10 1312
1.10 1311
1.10 1310
1.10 1309
1.10 1308
1.10 1307
1.10 1306
1.10 1305
1.10 1304
1.10 1303
1.10 1302
1.10 1301
1.10 1300
1.10 1299
1.10 1298
1.10 1297
1.10 1296
1.10 1295
1.11 1294
1.11 1293
1.11 1292
1.11 1291
1.11 1290
1.11 1289
1.11 1288
1.11 1287
1.11 1286
1.11 1285
1.11 1284
1.11 1283
1.11 1282
1.11 1281
1.11 1280
1.11 1279
1.11 1278
1.12 1277
1.12 1276
1.12 1275
1.12 1274
1.12 1273
1.12 1272
1.12 1271
1.12 1270
1.12 1269
1.12 1268
1.12 1267
1.12 1266
1.12 1265
1.12 1264
1.12 1263
1.12 1262
1.12 1261
1.12 1260
1.12 1259
1.12 1258
1.13 1257
1.13 1256
1.13 1255
1.13 1254
1.13 1253
1.13 1252
1.13 1251
1.13 1250
1.13 1249
1.13 1248
1.13 1247
1.13 1246
1.13 1245
1.13 1244
1.13 1243
1.13 1242
1.13 1241
1.13 1240
1.13 1239
1.13 1238
1.13 1237
1.13 1236
1.13 1235
1.13 1234
1.13 1233
1.13 1232
1.13 1231
1.13 1230
1.13 1229
1.13 1228
1.13 1227
1.13 1226
1.14 1225
1.14 1224
1.14 1223
1.14 1222
1.14 1221
1.14 1220
1.14 1219
1.14 1218
1.14 1217
1.14 1216
1.14 1215
1.14 1214
1.14 1213
1.14 1212
1.15 1211
1.15 1210
1.15 1209
1.15 1208
1.15 1207
1.15 1206
1.15 1205
1.15 1204
1.15 1203
1.15 1202
1.15 1201
1.15 1200
1.15 1199
1.15 1198
1.15 1197
1.15 1196
1.15 1195
1.15 1194
1.15 1193
1.15 1192
1.15 1191
1.15 1190
1.15 1189
1.15 1188
1.15 1187
1.15 1186
1.15 1185
1.15 1184
1.15 1183
1.15 1182
1.15 1181
1.15 1180
1.15 1179
1.15 1178
1.15 1177
1.15 1176
1.15 1175
1.15 1174
1.15 1173
1.15 1172
1.15 1171
1.16 1170
1.16 1169
1.16 1168
1.16 1167
1.16 1166
1.16 1165
1.16 1164
1.16 1163
1.16 1162
1.16 1161
1.16 1160
1.16 1159
1.16 1158
1.16 1157
1.16 1156
1.17 1155
1.17 1154
1.17 1153
1.17 1152
1.17 1151
1.17 1150
1.17 1149
1.17 1148
1.17 1147
1.17 1146
1.17 1145
1.17 1144
1.17 1143
1.17 1142
1.17 1141
1.17 1140
1.17 1139
1.17 1138
1.17 1137
1.17 1136
1.17 1135
1.17 1134
1.17 1133
1.17 1132
1.17 1131
1.17 1130
1.17 1129
1.18 1128
1.18 1127
1.18 1126
1.18 1125
1.18 1124
1.18 1123
1.18 1122
1.18 1121
1.18 1120
1.18 1119
1.18 1118
1.18 1117
1.18 1116
1.18 1115
1.18 1114
1.18 1113
1.18 1112
1.18 1111
1.18 1110
1.18 1109
1.18 1108
1.18 1107
1.18 1106
1.18 1105
1.18 1104
1.18 1103
1.19 1102
1.19 1101
1.19 1100
1.19 1099
1.19 1098
1.19 1097
1.19 1096
1.19 1095
1.19 1094
1.19 1093
1.19 1092
1.19 1091
1.19 1090
1.19 1089
1.19 1088
1.19 1087
1.19 1086
1.19 1085
1.19 1084
1.19 1083
1.19 1082
1.19 1081
1.19 1080
1.19 1079
1.19 1078
1.19 1077
1.19 1076
1.19 1075
1.20 1074
1.20 1073
1.20 1072
1.20 1071
1.20 1070
1.20 1069
1.20 1068
1.20 1067
1.20 1066
1.20 1065
1.20 1064
1.20 1063
1.20 1062
1.20 1061
1.20 1060
1.20 1059
1.20 1058
1.20 1057
1.20 1056
1.20 1055
1.20 1054
1.20 1053
1.20 1052
1.20 1051
1.20 1050
1.20 1049
1.20 1048
1.21 1047
1.21 1046
1.21 1045
1.21 1044
1.21 1043
1.21 1042
1.21 1041
1.21 1040
1.21 1039
1.21 1038
1.21 1037
1.21 1036
1.21 1035
1.21 1034
1.21 1033
1.21 1032
1.21 1031
1.21 1030
1.21 1029
1.21 1028
1.21 1027
1.21 1026
1.21 1025
1.21 1024
1.21 1023
1.21 1022
1.21 1021
1.21 1020
1.22 1019
1.22 1018
1.22 1017
1.22 1016
1.22 1015
1.22 1014
1.22 1013
1.22 1012
1.22 1011
1.22 1010
1.22 1009
1.22 1008
1.22 1007
1.22 1006
1.22 1005
1.22 1004
1.22 1003
1.22 1002
1.22 1001
1.22 1000
