0.01 813
0.01 812
0.01 811
0.01 810
0.01 809
0.01 808
0.01 807
0.01 806
0.01 805
0.01 804
0.01 803
0.01 802
0.01 801
0.01 800
0.01 799
0.01 798
0.01 797
0.01 796
0.01 795
0.01 794
0.01 793
0.01 792
0.01 791
0.01 790
0.01 789
0.01 788
0.01 787
0.01 786
0.01 785
0.01 784
0.01 783
0.01 782
0.01 781
0.01 780
0.01 779
0.01 778
0.01 777
0.01 776
0.01 775
0.01 774
0.01 773
0.01 772
0.01 771
0.01 770
0.01 769
0.02 768
0.02 767
0.02 766
0.02 765
0.02 764
0.02 763
0.02 762
0.02 761
0.02 760
0.02 759
0.02 758
0.02 757
0.02 756
0.02 755
0.02 754
0.02 753
0.02 752
0.02 751
0.02 750
0.02 749
0.02 748
0.02 747
0.02 746
0.02 745
0.02 744
0.02 743
0.02 742
0.02 741
0.02 740
0.02 739
0.02 738
0.02 737
0.02 736
0.02 735
0.02 734
0.02 733
0.02 732
0.02 731
0.02 730
0.02 729
0.02 728
0.02 727
0.02 726
0.02 725
0.02 724
0.02 723
0.02 722
0.02 721
0.02 720
0.02 719
0.02 718
0.02 717
0.02 716
0.02 715
0.02 714
0.02 713
0.02 712
0.02 711
0.02 710
0.02 709
0.02 708
0.02 707
0.02 706
0.02 705
0.02 704
0.02 703
0.02 702
0.03 701
0.03 700
0.03 699
0.03 698
0.03 697
0.03 696
0.03 695
0.03 694
0.03 693
0.03 692
0.03 691
0.03 690
0.03 689
0.03 688
0.03 687
0.03 686
0.03 685
0.03 684
0.03 683
0.03 682
0.03 681
0.03 680
0.03 679
0.03 678
0.03 677
0.03 676
0.03 675
0.03 674
0.03 673
0.03 672
0.03 671
0.03 670
0.03 669
0.03 668
0.03 667
0.03 666
0.03 665
0.03 664
0.03 663
0.03 662
0.05 661
0.05 660
0.05 659
0.05 658
0.05 657
0.05 656
0.05 655
0.05 654
0.05 653
0.05 652
0.05 651
0.05 650
0.05 649
0.05 648
0.05 647
0.05 646
0.05 645
0.05 644
0.05 643
0.05 642
0.05 641
0.05 640
0.05 639
0.05 638
0.05 637
0.05 636
0.05 635
0.05 634
0.05 633
0.05 632
0.05 631
0.05 630
0.05 629
0.05 628
0.05 627
0.05 626
0.05 625
0.05 624
0.05 623
0.05 622
0.05 621
0.05 620
0.05 619
0.05 618
0.05 617
0.05 616
1.35 606
1.35 605
1.35 604
1.35 603
4.01 602
4.01 601
4.01 600
