0.40 1989
0.40 1988
0.40 1987
0.40 1986
0.40 1985
0.40 1984
0.40 1983
0.40 1982
0.40 1981
0.40 1980
0.40 1979
0.40 1978
0.42 1977
0.42 1976
0.42 1975
0.42 1974
0.42 1973
0.42 1972
0.42 1971
0.42 1970
0.42 1969
0.42 1968
0.42 1967
0.42 1966
0.42 1965
0.42 1964
0.42 1963
0.42 1962
0.42 1961
0.42 1960
0.42 1959
0.42 1958
0.42 1957
0.42 1956
0.43 1955
0.43 1954
0.43 1953
0.43 1952
0.43 1951
0.43 1950
0.43 1949
0.43 1948
0.43 1947
0.43 1946
0.43 1945
0.43 1944
0.43 1943
0.43 1942
0.43 1941
0.43 1940
0.43 1939
0.43 1938
0.43 1937
0.45 1936
0.45 1935
0.45 1934
0.45 1933
0.45 1932
0.45 1931
3.17 1930
3.17 1929
16.87 1928
16.87 1927
16.87 1926
19.59 1925
