0.33 1971
0.33 1970
0.33 1969
0.34 1968
0.34 1967
0.34 1966
0.34 1965
0.34 1964
0.34 1963
0.34 1962
0.34 1961
0.34 1960
0.34 1959
0.34 1958
0.34 1957
0.34 1956
0.35 1955
0.35 1954
0.35 1953
0.35 1952
0.35 1951
0.35 1950
0.35 1949
0.35 1948
0.35 1947
0.35 1946
0.35 1945
0.35 1944
0.36 1943
0.36 1942
0.36 1941
0.36 1940
0.36 1939
0.36 1938
0.36 1937
0.36 1936
0.36 1935
0.36 1934
0.36 1933
0.36 1932
0.36 1931
0.36 1930
0.36 1929
0.36 1928
0.36 1927
0.36 1926
0.36 1925
0.36 1924
0.36 1923
0.36 1922
0.36 1921
0.36 1920
0.36 1919
0.36 1918
0.37 1917
0.37 1916
0.37 1915
0.37 1914
0.37 1913
0.37 1912
0.37 1911
0.37 1910
0.37 1909
0.37 1908
0.37 1907
0.37 1906
0.37 1905
0.37 1904
0.37 1903
0.37 1902
0.37 1901
0.37 1900
0.37 1899
0.37 1898
0.37 1897
0.37 1896
0.37 1895
0.37 1894
0.37 1893
0.37 1892
0.37 1891
0.39 1890
0.39 1889
0.39 1888
0.39 1887
0.39 1886
0.39 1885
0.39 1884
0.39 1883
0.39 1882
0.39 1881
0.39 1880
0.39 1879
0.39 1878
0.39 1877
0.39 1876
0.39 1875
0.39 1874
0.39 1873
0.39 1872
0.39 1871
0.39 1870
0.39 1869
0.39 1868
0.39 1867
0.39 1866
0.39 1865
0.40 1864
0.40 1863
0.40 1862
0.40 1861
0.40 1860
0.40 1859
0.40 1858
0.41 1857
0.41 1856
0.41 1855
0.41 1854
0.41 1853
0.41 1852
0.41 1851
0.41 1850
0.41 1849
0.41 1848
0.41 1847
0.42 1846
0.42 1845
0.42 1844
0.42 1843
0.42 1842
0.42 1841
0.42 1840
0.42 1839
0.43 1838
0.43 1837
0.43 1836
0.43 1835
0.43 1834
0.44 1833
0.44 1832
0.44 1831
0.44 1830
0.44 1829
0.44 1828
0.44 1827
0.44 1826
0.44 1825
0.44 1824
0.44 1823
0.44 1822
0.45 1821
0.45 1820
0.45 1819
0.45 1818
0.45 1817
0.45 1816
0.47 1815
0.47 1814
0.47 1813
0.47 1812
2.67 1811
2.67 1810
2.67 1809
2.67 1808
2.69 1807
2.69 1806
2.69 1805
2.69 1804
2.69 1803
7.36 1802
7.36 1801
7.36 1800
7.36 1799
7.36 1798
7.38 1797
7.38 1796
9.80 1795
