0.31 1971
0.31 1970
0.31 1969
0.31 1968
0.31 1967
0.31 1966
0.32 1965
0.32 1964
0.32 1963
0.32 1962
0.32 1961
0.32 1960
0.32 1959
0.32 1958
0.32 1957
0.32 1956
0.32 1955
0.32 1954
0.32 1953
0.32 1952
0.32 1951
0.32 1950
0.32 1949
0.32 1948
0.32 1947
0.32 1946
0.32 1945
0.32 1944
0.32 1943
0.32 1942
0.32 1941
0.34 1940
0.34 1939
0.34 1938
0.34 1937
0.34 1936
0.34 1935
0.34 1934
0.34 1933
0.35 1932
0.35 1931
0.35 1930
0.35 1929
0.35 1928
0.35 1927
0.35 1926
0.35 1925
0.35 1924
0.35 1923
0.35 1922
0.35 1921
0.36 1920
0.36 1919
0.36 1918
0.36 1917
0.36 1916
0.36 1915
0.36 1914
0.36 1913
0.36 1912
0.36 1911
0.36 1910
0.36 1909
0.36 1908
0.37 1907
0.37 1906
0.37 1905
0.37 1904
0.37 1903
0.37 1902
0.37 1901
0.37 1900
0.37 1899
0.37 1898
0.37 1897
0.37 1896
0.37 1895
0.37 1894
0.37 1893
0.37 1892
0.37 1891
0.37 1890
0.37 1889
0.37 1888
0.37 1887
0.37 1886
0.37 1885
0.37 1884
0.38 1883
0.38 1882
0.38 1881
0.38 1880
0.38 1879
0.38 1878
0.38 1877
0.38 1876
0.38 1875
0.38 1874
0.38 1873
0.38 1872
0.39 1871
0.39 1870
0.39 1869
0.39 1868
0.39 1867
0.39 1866
0.39 1865
0.39 1864
0.39 1863
0.39 1862
0.39 1861
0.39 1860
0.39 1859
0.39 1858
0.39 1857
0.39 1856
0.39 1855
0.39 1854
0.39 1853
0.39 1852
0.39 1851
0.39 1850
0.41 1849
0.41 1848
0.41 1847
0.41 1846
0.41 1845
0.41 1844
0.41 1843
0.41 1842
0.41 1841
0.41 1840
0.41 1839
0.41 1838
0.41 1837
0.41 1836
0.41 1835
0.42 1834
0.42 1833
0.42 1832
0.42 1831
0.42 1830
0.42 1829
0.42 1828
0.42 1827
0.42 1826
0.42 1825
0.42 1824
0.42 1823
0.42 1822
0.44 1821
0.44 1820
0.44 1819
0.44 1818
0.44 1817
0.44 1816
0.45 1815
0.45 1814
0.45 1813
0.45 1812
2.62 1811
2.62 1810
2.62 1809
4.92 1808
4.92 1807
4.92 1806
11.91 1805
11.91 1804
11.91 1803
11.91 1802
11.93 1801
11.93 1800
11.93 1799
11.95 1798
11.95 1797
11.95 1796
11.95 1795
