0.00 813
0.00 812
0.00 811
0.00 810
0.00 809
0.00 808
0.00 807
0.00 806
0.00 805
0.00 804
0.00 803
0.00 802
0.00 801
0.00 800
0.00 799
0.00 798
0.00 797
0.00 796
0.00 795
0.00 794
0.00 793
0.00 792
0.00 791
0.00 790
0.00 789
0.00 788
0.00 787
0.02 786
0.02 785
0.02 784
0.02 783
0.02 782
0.02 781
0.02 780
0.02 779
0.02 778
0.02 777
0.02 776
0.02 775
0.02 774
0.02 773
0.02 772
0.02 771
0.02 770
0.02 769
0.02 768
0.02 767
0.02 766
0.02 765
0.02 764
0.02 763
0.02 762
0.02 761
0.02 760
0.02 759
0.02 758
0.02 757
0.02 756
0.02 755
0.02 754
0.02 753
0.02 752
0.02 751
0.02 750
0.02 749
0.02 748
0.02 747
0.02 746
0.02 745
0.02 744
0.02 743
0.02 742
0.02 741
0.02 740
0.02 739
0.02 738
0.02 737
0.02 736
0.02 735
0.02 734
0.02 733
0.02 732
0.02 731
0.02 730
0.02 729
0.02 728
0.02 727
0.02 726
0.02 725
0.02 724
0.02 723
0.02 722
0.02 721
0.02 720
0.02 719
0.02 718
0.02 717
0.02 716
0.02 715
0.02 714
0.02 713
0.02 712
0.02 711
0.02 710
0.02 709
0.02 708
0.02 707
0.02 706
0.02 705
0.02 704
0.02 703
0.02 702
0.02 701
0.02 700
0.02 699
0.02 698
0.02 697
0.02 696
0.02 695
0.02 694
0.02 693
0.02 692
0.02 691
0.02 690
0.02 689
0.02 688
0.02 687
0.02 686
0.02 685
0.02 684
0.02 683
0.02 682
0.02 681
0.02 680
0.02 679
0.02 678
0.02 677
0.02 676
0.02 675
0.03 674
0.03 673
0.03 672
0.03 671
0.03 670
0.03 669
0.03 668
0.03 667
0.03 666
0.03 665
0.03 664
0.03 663
0.03 662
0.03 661
0.03 660
0.03 659
0.03 658
0.03 657
0.03 656
0.03 655
0.03 654
0.03 653
0.03 652
0.03 651
0.03 650
0.03 649
0.03 648
0.03 647
0.03 646
0.03 645
0.03 644
0.03 643
0.03 642
0.03 641
0.03 640
0.03 639
0.03 638
0.03 637
0.03 636
0.03 635
0.03 634
0.03 633
0.03 632
0.03 631
0.03 630
0.03 629
0.03 628
0.03 627
0.03 626
0.03 625
0.03 624
0.03 623
0.03 622
0.03 621
0.03 620
0.03 619
0.03 618
0.03 617
0.03 616
1.33 604
1.33 603
1.33 602
1.33 601
1.33 600
1.33 599
