0.98 1959
0.98 1958
0.98 1957
0.98 1956
0.98 1955
1.00 1954
1.00 1953
1.00 1952
1.00 1951
1.00 1950
1.00 1949
1.00 1948
1.00 1947
1.00 1946
1.00 1945
1.00 1944
1.00 1943
1.00 1942
1.00 1941
1.00 1940
1.00 1939
1.00 1938
1.00 1937
1.00 1936
1.00 1935
1.00 1934
1.00 1933
1.01 1932
1.01 1931
1.01 1930
1.01 1929
1.01 1928
1.01 1927
1.01 1926
1.01 1925
1.01 1924
1.01 1923
1.01 1922
1.01 1921
1.01 1920
1.01 1919
1.01 1918
1.01 1917
1.01 1916
1.01 1915
1.01 1914
1.01 1913
1.01 1912
1.01 1911
1.01 1910
1.01 1909
1.01 1908
1.03 1907
1.03 1906
1.03 1905
1.03 1904
1.03 1903
1.03 1902
1.03 1901
1.03 1900
1.03 1899
1.03 1898
1.03 1897
1.03 1896
1.03 1895
1.03 1894
1.03 1893
1.03 1892
1.03 1891
1.03 1890
1.03 1889
1.03 1888
1.03 1887
1.03 1886
1.03 1885
1.03 1884
1.03 1883
1.03 1882
1.04 1881
1.04 1880
1.04 1879
1.04 1878
1.04 1877
1.04 1876
1.04 1875
1.04 1874
1.04 1873
1.04 1872
1.04 1871
1.04 1870
1.04 1869
1.04 1868
1.04 1867
1.04 1866
1.04 1865
1.04 1864
1.04 1863
1.04 1862
1.04 1861
1.04 1860
1.04 1859
1.04 1858
1.04 1857
1.06 1856
1.06 1855
1.06 1854
1.06 1853
1.06 1852
1.06 1851
1.06 1850
1.06 1849
1.06 1848
1.07 1847
1.07 1846
1.07 1845
1.07 1844
1.07 1843
1.07 1842
1.07 1841
1.07 1840
1.07 1839
1.08 1838
1.08 1837
1.08 1836
1.08 1835
1.08 1834
1.08 1833
1.08 1832
1.08 1831
1.08 1830
1.08 1829
1.08 1828
1.08 1827
1.08 1826
1.08 1825
1.08 1824
1.08 1823
1.08 1822
1.08 1821
1.08 1820
1.09 1819
1.09 1818
1.09 1817
1.09 1816
1.09 1815
1.09 1814
1.09 1813
1.09 1812
1.09 1811
1.09 1810
1.09 1809
1.09 1808
1.09 1807
1.09 1806
1.09 1805
1.09 1804
1.09 1803
1.09 1802
1.09 1801
1.09 1800
1.09 1799
1.09 1798
1.09 1797
1.11 1796
1.11 1795
1.11 1794
1.11 1793
1.11 1792
1.11 1791
1.11 1790
1.11 1789
1.11 1788
1.11 1787
1.11 1786
1.11 1785
1.11 1784
1.11 1783
1.11 1782
1.11 1781
1.11 1780
1.11 1779
1.11 1778
1.11 1777
1.11 1776
1.11 1775
1.11 1774
1.12 1773
1.12 1772
1.12 1771
1.12 1770
1.12 1769
1.12 1768
1.12 1767
1.12 1766
1.12 1765
1.12 1764
1.12 1763
1.12 1762
1.12 1761
1.12 1760
1.12 1759
1.12 1758
1.12 1757
1.12 1756
1.12 1755
1.12 1754
1.12 1753
1.12 1752
1.12 1751
1.12 1750
1.14 1749
1.14 1748
1.14 1747
1.14 1746
1.14 1745
1.14 1744
1.14 1743
1.14 1742
1.14 1741
1.14 1740
1.14 1739
1.14 1738
1.14 1737
1.14 1736
1.14 1735
1.14 1734
1.14 1733
1.14 1732
1.14 1731
1.14 1730
1.14 1729
1.14 1728
1.14 1727
1.15 1726
1.15 1725
1.15 1724
1.15 1723
1.15 1722
1.15 1721
1.15 1720
1.15 1719
1.15 1718
1.15 1717
1.15 1716
1.15 1715
1.15 1714
1.15 1713
1.15 1712
1.15 1711
1.15 1710
1.15 1709
1.15 1708
1.15 1707
1.17 1706
1.17 1705
1.17 1704
1.17 1703
1.17 1702
1.17 1701
1.17 1700
1.17 1699
1.17 1698
1.17 1697
1.17 1696
1.17 1695
1.17 1694
1.17 1693
1.17 1692
1.17 1691
1.17 1690
1.17 1689
1.17 1688
1.17 1687
1.17 1686
1.17 1685
1.17 1684
1.17 1683
1.17 1682
1.17 1681
1.17 1680
1.17 1679
1.17 1678
1.19 1677
1.19 1676
1.19 1675
1.19 1674
1.19 1673
1.19 1672
1.19 1671
1.19 1670
1.19 1669
1.19 1668
1.19 1667
1.19 1666
1.19 1665
1.19 1664
1.19 1663
1.19 1662
1.19 1661
1.19 1660
1.19 1659
1.19 1658
1.19 1657
1.19 1656
1.19 1655
1.19 1654
1.20 1653
1.20 1652
1.20 1651
1.20 1650
1.20 1649
1.20 1648
1.20 1647
1.20 1646
1.20 1645
1.20 1644
1.20 1643
1.20 1642
1.20 1641
1.20 1640
1.20 1639
1.20 1638
1.20 1637
1.20 1636
1.20 1635
1.20 1634
1.20 1633
1.20 1632
1.20 1631
1.20 1630
1.22 1629
1.22 1628
1.22 1627
1.22 1626
1.22 1625
1.22 1624
1.22 1623
1.22 1622
1.22 1621
1.22 1620
1.22 1619
1.22 1618
1.22 1617
1.22 1616
1.22 1615
1.22 1614
1.22 1613
1.22 1612
1.22 1611
1.22 1610
1.22 1609
1.22 1608
1.22 1607
1.22 1606
1.22 1605
1.23 1604
1.23 1603
1.23 1602
1.23 1601
1.23 1600
1.23 1599
1.23 1598
1.23 1597
1.23 1596
1.23 1595
1.23 1594
1.23 1593
1.23 1592
1.23 1591
1.23 1590
1.23 1589
1.23 1588
1.23 1587
1.23 1586
1.23 1585
1.23 1584
1.23 1583
1.23 1582
1.23 1581
1.23 1580
1.25 1579
1.25 1578
1.25 1577
1.25 1576
1.25 1575
1.25 1574
1.25 1573
1.25 1572
1.25 1571
1.25 1570
1.25 1569
1.25 1568
1.25 1567
1.25 1566
1.25 1565
1.25 1564
1.25 1563
1.25 1562
1.25 1561
1.25 1560
1.25 1559
1.25 1558
1.25 1557
1.25 1556
1.26 1555
1.26 1554
1.26 1553
1.26 1552
1.27 1551
1.27 1550
1.27 1549
1.27 1548
1.27 1547
1.27 1546
1.27 1545
1.27 1544
1.27 1543
1.27 1542
1.27 1541
1.27 1540
1.27 1539
1.27 1538
1.27 1537
1.27 1536
1.27 1535
1.27 1534
1.27 1533
1.27 1532
1.27 1531
1.28 1530
1.28 1529
1.28 1528
1.28 1527
1.28 1526
1.28 1525
1.28 1524
1.28 1523
1.28 1522
1.28 1521
1.28 1520
1.28 1519
1.28 1518
1.28 1517
1.28 1516
1.28 1515
1.28 1514
1.28 1513
1.30 1512
1.30 1511
1.30 1510
1.30 1509
1.30 1508
1.30 1507
1.30 1506
1.30 1505
1.30 1504
1.30 1503
1.30 1502
1.30 1501
1.30 1500
1.30 1499
1.30 1498
1.30 1497
1.30 1496
1.30 1495
1.30 1494
1.30 1493
1.30 1492
1.30 1491
1.30 1490
1.30 1489
1.30 1488
1.31 1487
1.31 1486
1.31 1485
1.31 1484
1.31 1483
1.31 1482
1.31 1481
1.31 1480
1.31 1479
1.31 1478
1.31 1477
1.31 1476
1.31 1475
1.31 1474
1.31 1473
1.31 1472
1.31 1471
1.31 1470
1.31 1469
1.31 1468
1.31 1467
1.31 1466
1.31 1465
1.31 1464
1.31 1463
1.31 1462
1.33 1461
1.33 1460
1.33 1459
1.33 1458
1.33 1457
1.33 1456
1.33 1455
1.33 1454
1.33 1453
1.33 1452
1.33 1451
1.33 1450
1.33 1449
1.33 1448
1.33 1447
1.33 1446
1.33 1445
1.33 1444
1.33 1443
1.33 1442
1.33 1441
1.33 1440
1.33 1439
1.33 1438
1.33 1437
1.34 1436
1.34 1435
1.34 1434
1.34 1433
1.34 1432
1.34 1431
1.34 1430
1.34 1429
1.34 1428
1.34 1427
1.34 1426
1.34 1425
1.34 1424
1.34 1423
1.34 1422
1.34 1421
1.34 1420
1.34 1419
1.34 1418
1.34 1417
1.34 1416
1.34 1415
1.34 1414
1.34 1413
1.34 1412
1.34 1411
1.36 1410
1.36 1409
1.36 1408
1.36 1407
1.36 1406
1.36 1405
1.36 1404
1.36 1403
1.36 1402
1.36 1401
1.36 1400
1.36 1399
1.36 1398
1.37 1397
1.37 1396
1.37 1395
1.37 1394
1.37 1393
1.37 1392
1.37 1391
1.37 1390
1.37 1389
1.37 1388
1.37 1387
1.37 1386
1.37 1385
1.38 1384
1.38 1383
1.38 1382
1.38 1381
1.38 1380
1.38 1379
1.38 1378
1.38 1377
1.38 1376
1.38 1375
1.38 1374
1.38 1373
1.38 1372
1.38 1371
1.38 1370
1.38 1369
1.38 1368
1.38 1367
1.38 1366
1.38 1365
1.38 1364
1.38 1363
1.38 1362
1.38 1361
1.38 1360
1.38 1359
1.39 1358
1.39 1357
1.39 1356
1.39 1355
1.39 1354
1.39 1353
1.39 1352
1.39 1351
1.39 1350
1.39 1349
1.39 1348
1.39 1347
1.39 1346
1.39 1345
1.39 1344
1.39 1343
1.39 1342
1.39 1341
1.39 1340
1.39 1339
1.39 1338
1.39 1337
1.39 1336
1.39 1335
1.41 1334
1.41 1333
1.41 1332
1.41 1331
1.41 1330
1.41 1329
1.41 1328
1.41 1327
1.41 1326
1.41 1325
1.41 1324
1.41 1323
1.41 1322
1.41 1321
1.41 1320
1.41 1319
1.41 1318
1.41 1317
1.41 1316
1.41 1315
1.41 1314
1.41 1313
1.41 1312
1.41 1311
1.41 1310
1.41 1309
1.42 1308
1.42 1307
1.42 1306
1.42 1305
1.42 1304
1.42 1303
1.42 1302
1.42 1301
1.42 1300
1.42 1299
1.42 1298
1.42 1297
1.42 1296
1.42 1295
1.42 1294
1.42 1293
1.42 1292
1.44 1291
1.44 1290
1.44 1289
1.44 1288
1.44 1287
1.44 1286
1.44 1285
1.44 1284
1.44 1283
1.44 1282
1.44 1281
1.44 1280
1.44 1279
1.44 1278
1.44 1277
1.45 1276
1.45 1275
1.45 1274
1.45 1273
1.45 1272
1.45 1271
1.45 1270
1.45 1269
1.45 1268
1.45 1267
1.45 1266
1.45 1265
1.45 1264
1.45 1263
1.45 1262
1.45 1261
1.45 1260
1.45 1259
1.45 1258
1.45 1257
1.45 1256
1.45 1255
1.47 1254
1.47 1253
1.47 1252
1.47 1251
1.47 1250
1.47 1249
1.47 1248
1.47 1247
1.47 1246
1.47 1245
1.47 1244
1.47 1243
1.47 1242
1.47 1241
1.47 1240
1.47 1239
1.47 1238
1.47 1237
1.47 1236
1.47 1235
1.47 1234
1.47 1233
1.47 1232
1.47 1231
1.47 1230
1.47 1229
1.47 1228
1.47 1227
1.47 1226
1.47 1225
1.49 1224
1.49 1223
1.49 1222
1.49 1221
1.49 1220
1.49 1219
1.49 1218
1.49 1217
1.49 1216
1.49 1215
1.49 1214
1.49 1213
1.49 1212
1.49 1211
1.49 1210
1.49 1209
1.49 1208
1.49 1207
1.49 1206
1.49 1205
1.49 1204
1.49 1203
1.49 1202
1.49 1201
1.49 1200
1.49 1199
1.49 1198
1.49 1197
1.50 1196
1.50 1195
1.50 1194
1.50 1193
1.50 1192
1.50 1191
1.50 1190
1.50 1189
1.50 1188
1.50 1187
1.50 1186
1.50 1185
1.50 1184
1.50 1183
1.50 1182
1.50 1181
1.50 1180
1.50 1179
1.50 1178
1.50 1177
1.50 1176
1.50 1175
1.50 1174
1.50 1173
1.50 1172
1.50 1171
1.50 1170
1.50 1169
1.50 1168
1.52 1167
1.52 1166
1.52 1165
1.52 1164
1.52 1163
1.52 1162
1.52 1161
1.52 1160
1.52 1159
1.52 1158
1.52 1157
1.52 1156
1.52 1155
1.52 1154
1.52 1153
1.52 1152
1.52 1151
1.52 1150
1.52 1149
1.52 1148
1.52 1147
1.52 1146
1.52 1145
1.52 1144
1.52 1143
1.52 1142
1.52 1141
1.52 1140
1.53 1139
1.53 1138
1.53 1137
1.53 1136
1.53 1135
1.53 1134
1.53 1133
1.53 1132
1.53 1131
1.53 1130
1.53 1129
1.53 1128
1.53 1127
1.53 1126
1.53 1125
1.53 1124
1.53 1123
1.53 1122
1.53 1121
1.53 1120
1.53 1119
1.53 1118
1.53 1117
1.53 1116
1.53 1115
1.53 1114
1.53 1113
1.55 1112
1.55 1111
1.55 1110
1.55 1109
1.55 1108
1.55 1107
1.55 1106
1.55 1105
1.55 1104
1.55 1103
1.55 1102
1.55 1101
1.55 1100
1.55 1099
1.55 1098
1.55 1097
1.55 1096
1.55 1095
1.55 1094
1.55 1093
1.55 1092
1.55 1091
1.55 1090
1.55 1089
1.55 1088
1.55 1087
1.55 1086
1.55 1085
1.55 1084
1.56 1083
1.56 1082
1.56 1081
1.56 1080
1.56 1079
1.57 1078
1.57 1077
1.57 1076
1.57 1075
1.57 1074
1.57 1073
1.57 1072
1.57 1071
1.57 1070
1.57 1069
1.57 1068
1.57 1067
1.57 1066
1.57 1065
1.57 1064
1.57 1063
1.57 1062
1.57 1061
1.58 1060
1.58 1059
1.58 1058
1.58 1057
1.58 1056
1.58 1055
1.58 1054
1.58 1053
1.58 1052
1.58 1051
1.58 1050
1.58 1049
1.58 1048
1.58 1047
1.58 1046
1.58 1045
1.58 1044
1.58 1043
1.58 1042
1.58 1041
1.58 1040
1.58 1039
1.58 1038
1.60 1037
1.60 1036
1.60 1035
1.60 1034
1.60 1033
1.60 1032
1.60 1031
1.60 1030
1.60 1029
1.60 1028
1.60 1027
1.60 1026
1.60 1025
1.60 1024
1.60 1023
1.60 1022
1.60 1021
1.60 1020
1.60 1019
1.60 1018
1.60 1017
1.60 1016
1.60 1015
1.60 1014
1.60 1013
1.60 1012
1.60 1011
1.61 1010
1.61 1009
1.61 1008
1.61 1007
1.61 1006
1.61 1005
1.61 1004
1.61 1003
1.61 1002
1.61 1001
1.61 1000
1.61 999
1.61 998
1.61 997
1.61 996
1.61 995
1.61 994
1.61 993
1.61 992
1.61 991
1.61 990
1.61 989
1.61 988
1.61 987
1.61 986
1.61 985
1.61 984
1.61 983
1.61 982
1.63 981
1.63 980
