0.35 1971
0.35 1970
0.35 1969
0.35 1968
0.35 1967
0.35 1966
0.35 1965
0.35 1964
0.35 1963
0.35 1962
0.35 1961
0.35 1960
0.36 1959
0.37 1958
0.37 1957
0.37 1956
0.37 1955
0.37 1954
0.37 1953
0.37 1952
0.37 1951
0.37 1950
0.37 1949
0.37 1948
0.37 1947
0.37 1946
0.37 1945
0.37 1944
0.37 1943
0.37 1942
0.37 1941
0.37 1940
0.37 1939
0.37 1938
0.38 1937
0.38 1936
0.38 1935
0.38 1934
0.38 1933
0.38 1932
0.38 1931
0.38 1930
0.38 1929
0.38 1928
0.38 1927
0.38 1926
0.39 1925
0.39 1924
0.39 1923
0.39 1922
0.39 1921
0.39 1920
0.39 1919
0.39 1918
0.39 1917
0.39 1916
0.40 1915
0.40 1914
0.40 1913
0.40 1912
0.40 1911
0.40 1910
0.40 1909
0.40 1908
0.40 1907
0.40 1906
0.40 1905
0.41 1904
0.41 1903
0.41 1902
0.41 1901
0.41 1900
0.41 1899
0.41 1898
0.41 1897
0.41 1896
0.41 1895
0.41 1894
0.41 1893
0.41 1892
0.41 1891
0.41 1890
0.41 1889
0.41 1888
0.41 1887
0.42 1886
0.42 1885
0.42 1884
0.42 1883
0.42 1882
0.42 1881
0.42 1880
0.42 1879
0.42 1878
0.42 1877
0.42 1876
0.42 1875
0.42 1874
0.42 1873
0.42 1872
0.42 1871
0.44 1870
0.44 1869
0.44 1868
0.44 1867
0.44 1866
0.44 1865
0.44 1864
0.44 1863
0.44 1862
0.44 1861
0.44 1860
0.44 1859
0.44 1858
0.44 1857
0.44 1856
0.44 1855
0.44 1854
0.44 1853
0.44 1852
0.44 1851
0.44 1850
0.44 1849
0.44 1848
0.45 1847
0.45 1846
0.45 1845
0.45 1844
0.45 1843
0.45 1842
0.45 1841
0.45 1840
0.45 1839
0.45 1838
0.45 1837
0.45 1836
0.47 1835
0.47 1834
0.47 1833
0.47 1832
0.47 1831
0.47 1830
0.47 1829
0.47 1828
0.47 1827
0.47 1826
0.47 1825
0.48 1824
0.48 1823
0.48 1822
0.48 1821
0.48 1820
0.48 1819
0.48 1818
0.50 1817
0.50 1816
0.50 1815
0.50 1814
0.50 1813
0.52 1812
2.84 1811
2.84 1810
2.84 1809
2.86 1808
2.86 1807
2.86 1806
2.86 1805
2.86 1804
2.86 1803
2.86 1802
2.86 1801
2.86 1800
2.87 1799
2.88 1798
5.33 1797
5.33 1796
5.34 1795
5.34 1794
