0.11 5683
0.11 5682
0.12 5681
0.12 5680
0.12 5679
0.12 5678
0.13 5677
0.13 5676
0.13 5675
0.13 5674
0.13 5673
0.14 5672
0.14 5671
0.14 5670
0.15 5669
0.15 5668
0.15 5667
0.15 5666
0.16 5665
0.16 5664
0.16 5663
0.16 5662
0.16 5661
0.17 5660
0.17 5659
0.17 5658
0.17 5657
0.18 5656
0.18 5655
0.18 5654
0.18 5653
0.19 5652
0.19 5651
0.19 5650
0.19 5649
0.20 5648
0.20 5647
0.20 5646
0.20 5645
0.21 5644
0.21 5643
0.22 5642
0.22 5641
0.22 5640
0.22 5639
0.22 5638
0.23 5637
0.23 5636
0.23 5635
0.24 5634
0.24 5633
0.24 5632
0.24 5631
0.25 5630
0.25 5629
0.25 5628
0.25 5627
0.25 5626
0.26 5625
0.26 5624
0.26 5623
0.26 5622
0.27 5621
0.27 5620
0.27 5619
0.27 5618
0.28 5617
0.28 5616
0.28 5615
0.28 5614
0.28 5613
0.29 5612
0.29 5611
0.29 5610
0.29 5609
0.30 5608
0.30 5607
0.31 5606
0.31 5605
0.31 5604
0.31 5603
0.31 5602
0.32 5601
0.32 5600
0.32 5599
0.33 5598
0.33 5597
0.33 5596
0.33 5595
0.34 5594
0.34 5593
0.34 5592
0.34 5591
0.34 5590
0.35 5589
0.35 5588
0.35 5587
0.35 5586
0.36 5585
0.36 5584
0.36 5583
0.37 5582
0.37 5581
0.37 5580
0.37 5579
0.37 5578
0.38 5577
0.38 5576
0.38 5575
0.39 5574
0.39 5573
0.39 5572
0.39 5571
0.40 5570
0.40 5569
0.40 5568
0.40 5567
0.41 5566
0.41 5565
0.41 5564
0.41 5563
0.42 5562
0.42 5561
0.42 5560
0.42 5559
0.42 5558
0.43 5557
0.43 5556
0.43 5555
0.43 5554
0.44 5553
0.44 5552
0.44 5551
0.44 5550
0.44 5549
0.45 5548
0.45 5547
0.45 5546
0.45 5545
0.45 5544
0.46 5543
0.46 5542
0.46 5541
0.46 5540
0.47 5539
0.47 5538
0.47 5537
0.47 5536
0.48 5535
0.48 5534
0.48 5533
0.48 5532
0.48 5531
0.49 5530
0.49 5529
0.49 5528
0.49 5527
0.50 5526
0.50 5525
0.50 5524
0.50 5523
0.51 5522
0.51 5521
0.51 5520
0.51 5519
0.52 5518
0.52 5517
0.52 5516
0.52 5515
0.53 5514
0.53 5513
0.53 5512
0.53 5511
0.53 5510
0.54 5509
0.54 5508
0.54 5507
0.54 5506
0.55 5505
0.55 5504
0.55 5503
0.55 5502
0.56 5501
0.56 5500
0.56 5499
0.56 5498
0.56 5497
0.57 5496
0.57 5495
0.57 5494
0.57 5493
0.58 5492
0.58 5491
0.58 5490
0.58 5489
0.59 5488
0.59 5487
0.59 5486
0.59 5485
0.59 5484
0.60 5483
0.60 5482
0.60 5481
0.60 5480
0.60 5479
0.61 5478
0.61 5477
0.61 5476
0.62 5475
0.62 5474
0.62 5473
0.62 5472
0.63 5471
0.63 5470
0.63 5469
0.63 5468
0.64 5467
0.64 5466
0.64 5465
0.64 5464
0.64 5463
0.65 5462
0.65 5461
0.65 5460
0.65 5459
0.66 5458
0.66 5457
0.66 5456
0.66 5455
0.67 5454
0.67 5453
0.67 5452
0.67 5451
0.68 5450
0.68 5449
0.68 5448
0.68 5447
0.68 5446
0.69 5445
0.69 5444
0.69 5443
0.70 5442
0.70 5441
0.71 5440
0.71 5439
0.71 5438
0.71 5437
0.72 5436
0.72 5435
0.72 5434
0.72 5433
0.72 5432
0.73 5431
0.73 5430
0.73 5429
0.73 5428
0.74 5427
0.74 5426
0.74 5425
0.75 5424
0.75 5423
0.75 5422
0.75 5421
0.76 5420
0.76 5419
0.76 5418
0.76 5417
0.77 5416
0.77 5415
0.77 5414
0.77 5413
0.77 5412
0.77 5411
0.78 5410
0.78 5409
0.78 5408
0.78 5407
0.79 5406
0.79 5405
0.79 5404
0.80 5403
0.80 5402
0.80 5401
0.80 5400
0.81 5399
0.81 5398
0.81 5397
0.81 5396
0.82 5395
0.82 5394
0.82 5393
0.82 5392
0.83 5391
0.83 5390
0.83 5389
0.83 5388
0.84 5387
0.84 5386
0.84 5385
0.84 5384
0.85 5383
0.85 5382
0.85 5381
0.85 5380
0.85 5379
0.86 5378
0.86 5377
0.86 5376
0.87 5375
0.87 5374
0.87 5373
0.87 5372
0.87 5371
0.88 5370
0.88 5369
0.88 5368
0.88 5367
0.89 5366
0.89 5365
0.89 5364
0.89 5363
0.90 5362
0.90 5361
0.90 5360
0.90 5359
0.91 5358
0.91 5357
0.91 5356
0.91 5355
0.91 5354
0.92 5353
0.92 5352
0.92 5351
0.92 5350
0.93 5349
0.93 5348
0.93 5347
0.93 5346
0.94 5345
0.94 5344
0.94 5343
0.94 5342
0.95 5341
0.95 5340
0.95 5339
0.96 5338
0.96 5337
0.96 5336
0.96 5335
0.96 5334
0.97 5333
0.97 5332
0.97 5331
0.97 5330
0.98 5329
0.98 5328
0.98 5327
0.98 5326
0.99 5325
0.99 5324
0.99 5323
1.00 5322
1.00 5321
1.00 5320
1.00 5319
1.00 5318
1.01 5317
1.01 5316
1.01 5315
1.01 5314
1.02 5313
1.02 5312
1.02 5311
1.02 5310
1.02 5309
1.03 5308
1.03 5307
1.03 5306
1.03 5305
1.04 5304
1.04 5303
1.04 5302
1.05 5301
1.05 5300
1.05 5299
1.05 5298
1.06 5297
1.06 5296
1.06 5295
1.06 5294
1.06 5293
1.07 5292
1.07 5291
1.08 5290
1.08 5289
1.08 5288
1.09 5287
1.09 5286
1.09 5285
1.09 5284
1.10 5283
1.10 5282
1.10 5281
1.10 5280
1.11 5279
1.11 5278
1.11 5277
1.11 5276
1.11 5275
1.12 5274
1.12 5273
1.12 5272
1.13 5271
1.13 5270
1.13 5269
1.14 5268
1.14 5267
1.14 5266
1.14 5265
1.15 5264
1.15 5263
1.15 5262
1.15 5261
1.15 5260
1.16 5259
1.16 5258
1.16 5257
1.16 5256
1.17 5255
1.17 5254
1.17 5253
1.17 5252
1.18 5251
1.18 5250
1.18 5249
1.18 5248
1.19 5247
1.19 5246
1.19 5245
1.20 5244
1.20 5243
1.20 5242
1.20 5241
1.21 5240
1.21 5239
1.21 5238
1.21 5237
1.21 5236
1.22 5235
1.22 5234
1.22 5233
1.22 5232
1.23 5231
1.23 5230
1.23 5229
1.23 5228
1.23 5227
1.24 5226
1.24 5225
1.24 5224
1.25 5223
1.25 5222
1.25 5221
1.25 5220
1.25 5219
1.26 5218
1.26 5217
1.26 5216
1.26 5215
1.27 5214
1.27 5213
1.27 5212
1.27 5211
1.28 5210
1.28 5209
1.28 5208
1.28 5207
1.29 5206
1.29 5205
1.29 5204
1.29 5203
1.30 5202
1.30 5201
1.30 5200
1.30 5199
1.31 5198
1.31 5197
1.31 5196
1.31 5195
1.32 5194
1.32 5193
1.32 5192
1.32 5191
1.33 5190
1.33 5189
1.33 5188
1.33 5187
1.34 5186
1.34 5185
1.34 5184
1.35 5183
1.35 5182
1.35 5181
1.36 5180
1.36 5179
1.36 5178
1.36 5177
1.37 5176
1.37 5175
1.37 5174
1.37 5173
1.38 5172
1.38 5171
1.38 5170
1.39 5169
1.39 5168
1.39 5167
1.39 5166
1.39 5165
1.40 5164
1.42 5163
1.42 5162
1.42 5161
1.43 5160
1.43 5159
1.43 5158
1.43 5157
1.43 5156
1.44 5155
1.44 5154
1.44 5153
1.44 5152
1.45 5151
1.45 5150
1.45 5149
1.45 5148
1.46 5147
1.46 5146
1.46 5145
1.46 5144
1.47 5143
1.47 5142
1.47 5141
1.47 5140
1.48 5139
1.48 5138
1.48 5137
1.48 5136
1.49 5135
1.49 5134
1.49 5133
1.49 5132
1.50 5131
1.50 5130
1.50 5129
1.50 5128
1.51 5127
1.51 5126
1.51 5125
1.51 5124
1.52 5123
1.52 5122
1.52 5121
1.52 5120
1.53 5119
1.53 5118
1.53 5117
1.53 5116
1.54 5115
1.54 5114
1.54 5113
1.54 5112
1.55 5111
1.55 5110
1.55 5109
1.55 5108
1.55 5107
1.56 5106
1.56 5105
1.56 5104
1.56 5103
1.57 5102
1.57 5101
1.57 5100
1.57 5099
1.58 5098
1.58 5097
1.58 5096
1.58 5095
1.59 5094
1.59 5093
1.59 5092
1.60 5091
1.60 5090
1.60 5089
1.60 5088
1.61 5087
1.61 5086
1.61 5085
1.62 5084
1.62 5083
1.62 5082
1.62 5081
1.62 5080
1.63 5079
1.63 5078
1.63 5077
1.64 5076
1.64 5075
1.64 5074
1.64 5073
1.65 5072
1.65 5071
1.65 5070
1.65 5069
1.66 5068
1.66 5067
1.66 5066
1.66 5065
1.67 5064
1.67 5063
1.67 5062
1.67 5061
1.68 5060
1.68 5059
1.68 5058
1.69 5057
1.69 5056
1.69 5055
1.69 5054
1.69 5053
1.70 5052
1.70 5051
1.70 5050
1.70 5049
1.71 5048
1.71 5047
1.71 5046
1.71 5045
1.72 5044
1.72 5043
1.72 5042
1.72 5041
1.73 5040
1.73 5039
1.73 5038
1.73 5037
1.74 5036
1.74 5035
1.74 5034
1.74 5033
1.75 5032
1.75 5031
1.75 5030
1.75 5029
1.76 5028
1.76 5027
1.77 5026
1.77 5025
1.77 5024
1.77 5023
1.78 5022
1.78 5021
1.78 5020
1.78 5019
1.79 5018
1.79 5017
1.79 5016
1.79 5015
1.80 5014
1.80 5013
1.80 5012
1.80 5011
1.81 5010
1.81 5009
1.81 5008
1.81 5007
1.81 5006
1.82 5005
1.82 5004
1.82 5003
1.83 5002
1.83 5001
1.83 5000
1.83 4999
1.84 4998
1.84 4997
1.84 4996
1.84 4995
1.84 4994
1.85 4993
1.85 4992
1.85 4991
1.86 4990
1.86 4989
1.86 4988
1.86 4987
1.87 4986
1.87 4985
1.87 4984
1.87 4983
1.88 4982
1.88 4981
1.88 4980
1.88 4979
1.89 4978
1.89 4977
1.89 4976
1.89 4975
1.90 4974
1.90 4973
1.90 4972
1.90 4971
1.91 4970
1.91 4969
1.91 4968
1.91 4967
1.91 4966
1.92 4965
1.92 4964
1.92 4963
1.93 4962
1.93 4961
1.93 4960
1.93 4959
1.94 4958
1.94 4957
1.94 4956
1.94 4955
1.95 4954
1.95 4953
1.95 4952
1.95 4951
1.95 4950
1.96 4949
1.96 4948
1.96 4947
1.96 4946
1.97 4945
1.97 4944
1.97 4943
1.97 4942
1.98 4941
1.98 4940
1.98 4939
1.98 4938
1.99 4937
1.99 4936
1.99 4935
1.99 4934
2.00 4933
2.00 4932
2.00 4931
2.00 4930
2.01 4929
2.01 4928
2.01 4927
2.01 4926
2.02 4925
2.02 4924
2.02 4923
2.02 4922
2.02 4921
2.03 4920
2.03 4919
2.03 4918
2.03 4917
2.04 4916
2.04 4915
2.04 4914
2.04 4913
2.05 4912
2.05 4911
2.05 4910
2.05 4909
2.05 4908
2.06 4907
2.06 4906
2.06 4905
2.06 4904
2.06 4903
2.07 4902
2.07 4901
2.07 4900
2.07 4899
2.08 4898
2.08 4897
2.08 4896
2.08 4895
2.09 4894
2.09 4893
2.09 4892
2.09 4891
2.09 4890
2.10 4889
2.10 4888
2.10 4887
2.10 4886
2.10 4885
2.10 4884
2.11 4883
2.11 4882
2.11 4881
2.11 4880
2.12 4879
2.12 4878
2.12 4877
2.12 4876
2.12 4875
2.13 4874
2.13 4873
2.13 4872
2.13 4871
2.14 4870
2.14 4869
2.14 4868
2.14 4867
2.15 4866
2.15 4865
2.15 4864
2.16 4863
2.16 4862
2.16 4861
2.16 4860
2.16 4859
2.17 4858
2.17 4857
2.17 4856
2.17 4855
2.17 4854
2.18 4853
2.18 4852
2.18 4851
2.18 4850
2.18 4849
2.19 4848
2.19 4847
2.19 4846
2.19 4845
2.19 4844
2.20 4843
2.20 4842
2.20 4841
2.20 4840
2.20 4839
2.21 4838
2.21 4837
2.21 4836
2.22 4835
2.22 4834
2.22 4833
2.23 4832
2.23 4831
2.23 4830
2.23 4829
2.24 4828
2.24 4827
2.24 4826
2.24 4825
2.24 4824
2.25 4823
2.25 4822
2.25 4821
2.25 4820
2.25 4819
2.26 4818
2.26 4817
2.26 4816
2.26 4815
2.27 4814
2.27 4813
2.27 4812
2.27 4811
2.27 4810
2.28 4809
2.28 4808
2.28 4807
2.28 4806
2.29 4805
2.29 4804
2.29 4803
2.29 4802
2.29 4801
2.30 4800
2.30 4799
2.30 4798
2.30 4797
2.30 4796
2.31 4795
2.31 4794
2.31 4793
2.31 4792
2.31 4791
2.32 4790
2.32 4789
2.32 4788
2.32 4787
2.33 4786
2.33 4785
2.33 4784
2.34 4783
2.34 4782
2.34 4781
2.34 4780
2.34 4779
2.35 4778
2.35 4777
2.35 4776
2.35 4775
2.36 4774
2.36 4773
2.36 4772
2.36 4771
2.36 4770
2.37 4769
2.37 4768
2.37 4767
2.37 4766
2.37 4765
2.38 4764
2.38 4763
2.38 4762
2.38 4761
2.38 4760
2.39 4759
2.39 4758
2.39 4757
2.39 4756
2.39 4755
2.39 4754
2.40 4753
2.40 4752
2.40 4751
2.40 4750
2.41 4749
2.41 4748
2.42 4747
2.42 4746
2.42 4745
2.42 4744
2.43 4743
2.43 4742
2.43 4741
2.43 4740
2.44 4739
2.44 4738
2.44 4737
2.44 4736
2.44 4735
2.45 4734
2.45 4733
2.45 4732
2.45 4731
2.45 4730
2.46 4729
2.46 4728
2.46 4727
2.46 4726
2.46 4725
2.47 4724
2.47 4723
2.47 4722
2.47 4721
2.47 4720
2.48 4719
2.48 4718
2.48 4717
2.48 4716
2.49 4715
2.49 4714
2.49 4713
2.49 4712
2.49 4711
2.49 4710
2.50 4709
2.50 4708
2.50 4707
2.50 4706
2.50 4705
2.51 4704
2.51 4703
2.51 4702
2.51 4701
2.52 4700
2.52 4699
2.52 4698
2.52 4697
2.52 4696
2.52 4695
2.53 4694
2.53 4693
2.53 4692
2.53 4691
2.53 4690
2.54 4689
2.54 4688
2.54 4687
2.54 4686
2.54 4685
2.55 4684
2.55 4683
2.55 4682
2.55 4681
2.55 4680
2.56 4679
2.56 4678
2.56 4677
2.56 4676
2.57 4675
2.57 4674
2.57 4673
2.57 4672
2.57 4671
2.58 4670
2.58 4669
2.58 4668
2.58 4667
2.59 4666
2.59 4665
2.59 4664
2.59 4663
2.59 4662
2.60 4661
2.60 4660
2.60 4659
2.60 4658
2.60 4657
2.60 4656
2.61 4655
2.61 4654
2.61 4653
2.62 4652
2.62 4651
2.62 4650
9.42 3307
25.50 3306
25.50 3305
