0.10 5683
0.10 5682
0.10 5681
0.10 5680
0.12 5679
0.12 5678
0.12 5677
0.12 5676
0.12 5675
0.12 5674
0.12 5673
0.13 5672
0.13 5671
0.13 5670
0.13 5669
0.13 5668
0.13 5667
0.15 5666
0.15 5665
0.15 5664
0.15 5663
0.15 5662
0.15 5661
0.15 5660
0.16 5659
0.16 5658
0.16 5657
0.16 5656
0.16 5655
0.16 5654
0.16 5653
0.18 5652
0.18 5651
0.18 5650
0.18 5649
0.18 5648
0.18 5647
0.20 5646
0.20 5645
0.20 5644
0.20 5643
0.20 5642
0.20 5641
0.20 5640
0.21 5639
0.21 5638
0.21 5637
0.21 5636
0.21 5635
0.21 5634
0.21 5633
0.23 5632
0.23 5631
0.23 5630
0.23 5629
0.23 5628
0.23 5627
0.24 5626
0.24 5625
0.24 5624
0.25 5623
0.25 5622
0.25 5621
0.25 5620
0.26 5619
0.26 5618
0.26 5617
0.26 5616
0.26 5615
0.26 5614
0.26 5613
0.28 5612
0.28 5611
0.28 5610
0.28 5609
0.28 5608
0.28 5607
0.29 5606
0.29 5605
0.29 5604
0.29 5603
0.29 5602
0.29 5601
0.31 5600
0.31 5599
0.31 5598
0.31 5597
0.31 5596
0.31 5595
0.32 5594
0.32 5593
0.32 5592
0.32 5591
0.32 5590
0.34 5589
0.34 5588
0.34 5587
0.34 5586
0.34 5585
0.35 5584
0.35 5583
0.35 5582
0.35 5581
0.35 5580
0.35 5579
0.35 5578
0.37 5577
0.37 5576
0.37 5575
0.37 5574
0.37 5573
0.37 5572
0.39 5571
0.39 5570
0.39 5569
0.39 5568
0.39 5567
0.39 5566
0.40 5565
0.40 5564
0.40 5563
0.40 5562
0.40 5561
0.40 5560
0.40 5559
0.42 5558
0.42 5557
0.42 5556
0.42 5555
0.42 5554
0.42 5553
0.43 5552
0.43 5551
0.43 5550
0.43 5549
0.43 5548
0.43 5547
0.45 5546
0.45 5545
0.45 5544
0.45 5543
0.45 5542
0.45 5541
0.46 5540
0.46 5539
0.46 5538
0.46 5537
0.46 5536
0.46 5535
0.46 5534
0.48 5533
0.48 5532
0.48 5531
0.48 5530
0.48 5529
0.48 5528
0.48 5527
0.50 5526
0.50 5525
0.50 5524
0.50 5523
0.50 5522
0.50 5521
0.51 5520
0.51 5519
0.51 5518
0.51 5517
0.51 5516
0.51 5515
0.53 5514
0.53 5513
0.53 5512
0.53 5511
0.53 5510
0.53 5509
0.54 5508
0.54 5507
0.54 5506
0.54 5505
0.55 5504
0.55 5503
0.56 5502
0.56 5501
0.56 5500
0.56 5499
0.56 5498
0.57 5497
0.57 5496
0.57 5495
0.57 5494
0.57 5493
0.59 5492
0.59 5491
0.60 5490
0.60 5489
0.60 5488
0.61 5487
0.61 5486
0.61 5485
0.61 5484
0.61 5483
0.62 5482
0.62 5481
0.62 5480
0.62 5479
0.62 5478
0.62 5477
0.64 5476
0.64 5475
0.64 5474
0.64 5473
0.64 5472
0.64 5471
0.64 5470
0.65 5469
0.65 5468
0.65 5467
0.65 5466
0.65 5465
0.65 5464
0.65 5463
0.67 5462
0.67 5461
0.67 5460
0.67 5459
0.67 5458
0.67 5457
0.67 5456
0.68 5455
0.68 5454
0.68 5453
0.68 5452
0.68 5451
0.68 5450
0.70 5449
0.70 5448
0.70 5447
0.71 5446
0.71 5445
0.71 5444
0.71 5443
0.71 5442
0.71 5441
0.71 5440
0.73 5439
0.73 5438
0.73 5437
0.73 5436
0.73 5435
0.73 5434
0.73 5433
0.75 5432
0.75 5431
0.75 5430
0.75 5429
0.75 5428
0.76 5427
0.76 5426
0.76 5425
0.76 5424
0.76 5423
0.76 5422
0.78 5421
0.78 5420
0.78 5419
0.78 5418
0.78 5417
0.78 5416
0.79 5415
0.79 5414
0.79 5413
0.79 5412
0.79 5411
0.79 5410
0.79 5409
0.81 5408
0.81 5407
0.81 5406
0.81 5405
0.81 5404
0.81 5403
0.82 5402
0.82 5401
0.82 5400
0.82 5399
0.82 5398
0.82 5397
0.84 5396
0.84 5395
0.84 5394
0.84 5393
0.84 5392
0.85 5391
0.85 5390
0.86 5389
0.86 5388
0.86 5387
0.86 5386
0.86 5385
0.86 5384
0.87 5383
0.87 5382
0.87 5381
0.87 5380
0.87 5379
0.87 5378
0.89 5377
0.89 5376
0.89 5375
0.89 5374
0.89 5373
0.89 5372
0.89 5371
0.90 5370
0.90 5369
0.90 5368
0.90 5367
0.90 5366
0.90 5365
0.92 5364
0.92 5363
0.92 5362
0.92 5361
0.94 5360
0.94 5359
0.94 5358
0.94 5357
0.94 5356
0.95 5355
0.95 5354
0.95 5353
0.95 5352
0.95 5351
0.97 5350
0.97 5349
0.97 5348
0.97 5347
0.98 5346
0.98 5345
0.98 5344
0.98 5343
0.99 5342
0.99 5341
0.99 5340
0.99 5339
1.00 5338
1.00 5337
1.00 5336
1.00 5335
1.01 5334
1.01 5333
1.01 5332
1.01 5331
1.01 5330
1.01 5329
1.01 5328
1.01 5327
1.02 5326
1.02 5325
1.02 5324
1.02 5323
1.02 5322
1.02 5321
1.04 5320
1.04 5319
1.04 5318
1.04 5317
1.04 5316
1.04 5315
1.05 5314
1.05 5313
1.05 5312
1.05 5311
1.05 5310
1.05 5309
1.05 5308
1.07 5307
1.07 5306
1.07 5305
1.07 5304
1.07 5303
1.07 5302
1.09 5301
1.09 5300
1.09 5299
1.09 5298
1.09 5297
1.09 5296
1.09 5295
1.10 5294
1.10 5293
1.10 5292
1.10 5291
1.10 5290
1.10 5289
1.12 5288
1.12 5287
1.12 5286
1.12 5285
1.12 5284
1.12 5283
1.13 5282
1.13 5281
1.13 5280
1.13 5279
1.13 5278
1.13 5277
1.15 5276
1.15 5275
1.15 5274
1.15 5273
1.15 5272
1.15 5271
1.15 5270
1.16 5269
1.16 5268
1.16 5267
1.16 5266
1.16 5265
1.16 5264
1.18 5263
1.18 5262
1.18 5261
1.18 5260
1.18 5259
1.20 5258
1.20 5257
1.20 5256
1.20 5255
1.20 5254
1.20 5253
1.21 5252
1.21 5251
1.21 5250
1.21 5249
1.21 5248
1.21 5247
1.23 5246
1.23 5245
1.23 5244
1.23 5243
1.23 5242
1.23 5241
1.24 5240
1.24 5239
1.24 5238
1.24 5237
1.25 5236
1.25 5235
1.26 5234
1.26 5233
1.26 5232
1.26 5231
1.26 5230
1.26 5229
1.27 5228
1.27 5227
1.27 5226
1.27 5225
1.27 5224
1.27 5223
1.29 5222
1.29 5221
1.29 5220
1.29 5219
1.29 5218
1.29 5217
1.31 5216
1.31 5215
1.31 5214
1.31 5213
1.31 5212
1.31 5211
1.32 5210
1.32 5209
1.32 5208
1.32 5207
1.32 5206
1.32 5205
1.34 5204
1.34 5203
1.34 5202
1.34 5201
1.34 5200
1.34 5199
1.35 5198
1.35 5197
1.35 5196
1.35 5195
1.35 5194
1.35 5193
1.37 5192
1.37 5191
1.37 5190
1.37 5189
1.37 5188
1.37 5187
1.38 5186
1.38 5185
1.38 5184
1.38 5183
1.38 5182
1.38 5181
1.40 5180
1.40 5179
1.40 5178
1.40 5177
1.40 5176
1.42 5175
1.42 5174
1.42 5173
1.42 5172
1.42 5171
1.42 5170
1.43 5169
1.43 5168
1.43 5167
1.43 5166
1.43 5165
1.45 5164
1.45 5163
1.45 5162
1.45 5161
1.45 5160
1.45 5159
1.46 5158
1.46 5157
1.46 5156
1.46 5155
1.46 5154
1.46 5153
1.48 5152
1.48 5151
1.48 5150
1.48 5149
1.48 5148
1.48 5147
1.49 5146
1.49 5145
1.49 5144
1.49 5143
1.51 5142
1.51 5141
1.51 5140
1.51 5139
1.51 5138
1.51 5137
1.53 5136
1.53 5135
1.53 5134
1.53 5133
1.53 5132
1.53 5131
1.54 5130
1.54 5129
1.54 5128
1.54 5127
1.55 5126
1.55 5125
1.56 5124
1.56 5123
1.56 5122
1.56 5121
1.56 5120
1.56 5119
1.57 5118
1.57 5117
1.57 5116
1.57 5115
1.57 5114
1.57 5113
1.59 5112
1.59 5111
1.59 5110
1.59 5109
1.59 5108
1.59 5107
1.60 5106
1.60 5105
1.60 5104
1.60 5103
1.60 5102
1.60 5101
1.62 5100
1.62 5099
1.62 5098
1.62 5097
1.62 5096
1.62 5095
1.62 5094
1.64 5093
1.64 5092
1.64 5091
1.64 5090
1.64 5089
1.64 5088
1.65 5087
1.65 5086
1.65 5085
1.65 5084
1.65 5083
1.65 5082
1.67 5081
1.67 5080
1.67 5079
1.67 5078
1.67 5077
1.67 5076
1.68 5075
1.68 5074
1.68 5073
1.68 5072
1.68 5071
1.68 5070
1.70 5069
1.70 5068
1.70 5067
1.70 5066
1.70 5065
1.70 5064
1.70 5063
1.71 5062
1.71 5061
1.71 5060
1.71 5059
1.71 5058
1.71 5057
1.73 5056
1.73 5055
1.73 5054
1.73 5053
1.73 5052
1.75 5051
1.75 5050
1.75 5049
1.75 5048
1.75 5047
1.75 5046
1.75 5045
1.76 5044
1.76 5043
1.76 5042
1.76 5041
1.76 5040
1.76 5039
1.78 5038
1.78 5037
1.78 5036
1.78 5035
1.78 5034
1.78 5033
1.79 5032
1.79 5031
1.79 5030
1.79 5029
1.79 5028
1.79 5027
1.81 5026
1.81 5025
1.81 5024
1.81 5023
1.81 5022
1.81 5021
1.82 5020
1.82 5019
1.82 5018
1.82 5017
1.82 5016
1.82 5015
1.84 5014
1.84 5013
1.84 5012
1.84 5011
1.84 5010
1.85 5009
1.86 5008
1.86 5007
1.86 5006
1.86 5005
1.86 5004
1.86 5003
1.87 5002
1.87 5001
1.87 5000
1.87 4999
1.87 4998
1.87 4997
1.89 4996
1.89 4995
1.89 4994
1.89 4993
1.89 4992
1.89 4991
1.89 4990
1.90 4989
1.90 4988
1.90 4987
1.90 4986
1.90 4985
1.90 4984
1.92 4983
1.92 4982
1.92 4981
1.92 4980
1.92 4979
1.92 4978
1.92 4977
1.94 4976
1.94 4975
1.94 4974
1.94 4973
1.94 4972
1.94 4971
1.95 4970
1.95 4969
1.95 4968
1.95 4967
1.95 4966
1.95 4965
1.97 4964
1.97 4963
1.97 4962
1.97 4961
1.98 4960
1.98 4959
1.99 4958
1.99 4957
2.00 4956
2.00 4955
2.00 4954
2.00 4953
2.01 4952
2.01 4951
2.01 4950
2.01 4949
2.02 4948
2.02 4947
2.02 4946
2.02 4945
2.02 4944
2.02 4943
2.02 4942
2.02 4941
2.02 4940
2.02 4939
2.04 4938
2.04 4937
2.04 4936
2.04 4935
2.04 4934
2.05 4933
2.06 4932
2.06 4931
2.06 4930
2.06 4929
2.06 4928
2.06 4927
2.07 4926
2.07 4925
2.07 4924
2.07 4923
2.07 4922
2.07 4921
2.09 4920
2.09 4919
2.09 4918
2.09 4917
2.09 4916
2.09 4915
2.10 4914
2.10 4913
2.10 4912
2.10 4911
2.10 4910
2.10 4909
2.10 4908
2.12 4907
2.12 4906
2.12 4905
2.12 4904
2.12 4903
2.12 4902
2.13 4901
2.13 4900
2.13 4899
2.13 4898
2.13 4897
2.13 4896
2.15 4895
2.15 4894
2.15 4893
2.15 4892
2.15 4891
2.15 4890
2.15 4889
2.17 4888
2.17 4887
2.17 4886
2.17 4885
2.17 4884
2.17 4883
2.17 4882
2.18 4881
2.18 4880
2.18 4879
2.18 4878
2.18 4877
2.18 4876
2.20 4875
2.20 4874
2.20 4873
2.20 4872
2.20 4871
2.20 4870
2.20 4869
2.21 4868
2.21 4867
2.21 4866
2.21 4865
2.21 4864
2.23 4863
2.23 4862
2.23 4861
2.23 4860
2.23 4859
2.23 4858
2.25 4857
2.25 4856
2.25 4855
2.25 4854
2.25 4853
2.25 4852
2.25 4851
2.26 4850
2.26 4849
2.26 4848
2.26 4847
2.26 4846
2.26 4845
2.28 4844
2.28 4843
2.28 4842
2.28 4841
2.28 4840
2.28 4839
2.29 4838
2.29 4837
2.29 4836
2.29 4835
2.29 4834
2.29 4833
2.29 4832
2.31 4831
2.31 4830
2.31 4829
2.31 4828
2.31 4827
2.31 4826
2.31 4825
2.32 4824
2.32 4823
2.32 4822
2.32 4821
2.32 4820
2.32 4819
2.34 4818
2.34 4817
2.34 4816
2.34 4815
2.34 4814
2.35 4813
2.36 4812
2.36 4811
2.36 4810
2.36 4809
2.36 4808
2.36 4807
2.36 4806
2.37 4805
2.37 4804
2.37 4803
2.37 4802
2.37 4801
2.37 4800
2.37 4799
2.39 4798
2.39 4797
2.39 4796
2.39 4795
2.39 4794
2.39 4793
2.40 4792
2.40 4791
2.40 4790
2.40 4789
2.40 4788
2.40 4787
2.40 4786
2.42 4785
2.42 4784
2.42 4783
2.42 4782
2.42 4781
2.42 4780
2.43 4779
2.43 4778
2.43 4777
2.43 4776
2.43 4775
2.43 4774
2.43 4773
2.45 4772
2.45 4771
2.45 4770
2.45 4769
2.45 4768
2.45 4767
2.45 4766
2.47 4765
2.47 4764
2.47 4763
2.47 4762
2.47 4761
2.47 4760
2.47 4759
2.48 4758
2.48 4757
2.48 4756
2.48 4755
2.48 4754
2.48 4753
2.50 4752
2.50 4751
2.50 4750
2.50 4749
2.50 4748
2.50 4747
2.50 4746
2.51 4745
2.51 4744
2.51 4743
2.51 4742
2.51 4741
2.51 4740
2.53 4739
2.53 4738
2.53 4737
2.53 4736
2.53 4735
2.53 4734
2.53 4733
2.54 4732
2.54 4731
2.54 4730
2.54 4729
2.55 4728
2.55 4727
2.56 4726
2.56 4725
2.56 4724
2.56 4723
2.56 4722
2.58 4721
2.58 4720
2.58 4719
2.58 4718
2.58 4717
2.58 4716
2.59 4715
2.59 4714
2.59 4713
2.59 4712
2.59 4711
2.59 4710
2.61 4709
2.61 4708
2.61 4707
2.61 4706
2.61 4705
2.61 4704
2.61 4703
2.62 4702
2.62 4701
2.62 4700
2.62 4699
2.62 4698
2.62 4697
2.62 4696
2.64 4695
2.64 4694
2.64 4693
2.64 4692
2.64 4691
2.64 4690
2.65 4689
2.65 4688
2.65 4687
2.65 4686
2.65 4685
2.65 4684
2.67 4683
2.67 4682
2.67 4681
2.67 4680
2.67 4679
2.67 4678
2.67 4677
2.69 4676
2.69 4675
2.69 4674
2.69 4673
2.69 4672
2.69 4671
2.70 4670
2.70 4669
2.70 4668
2.70 4667
2.70 4666
2.70 4665
2.70 4664
2.72 4663
2.72 4662
2.72 4661
2.72 4660
2.72 4659
2.72 4658
2.72 4657
2.73 4656
2.73 4655
2.73 4654
2.73 4653
2.73 4652
2.73 4651
2.73 4650
9.22 3309
9.22 3308
9.22 3307
9.23 3306
17.44 3305
