0.44 999
0.44 998
0.44 997
0.44 996
0.44 995
0.44 994
0.44 993
0.44 992
0.44 991
0.44 990
0.44 989
0.44 988
0.44 987
0.45 986
0.45 985
0.45 984
0.45 983
0.45 982
0.45 981
0.45 980
0.45 979
0.45 978
0.45 977
0.45 976
0.45 975
0.45 974
0.45 973
0.45 972
0.46 971
0.46 970
0.46 969
0.46 968
0.46 967
0.46 966
0.46 965
0.46 964
0.46 963
0.46 962
0.46 961
0.46 960
0.46 959
0.46 958
0.46 957
0.46 956
0.46 955
0.46 954
0.46 953
0.46 952
0.46 951
0.47 950
0.47 949
0.47 948
0.47 947
0.47 946
0.47 945
0.47 944
0.47 943
0.47 942
0.47 941
0.47 940
0.47 939
0.47 938
0.47 937
0.47 936
0.47 935
0.47 934
2.58 933
