0.30 1971
0.30 1970
0.30 1969
0.30 1968
0.31 1967
0.31 1966
0.31 1965
0.31 1964
0.31 1963
0.31 1962
0.31 1961
0.31 1960
0.31 1959
0.31 1958
0.31 1957
0.31 1956
0.31 1955
0.31 1954
0.31 1953
0.31 1952
0.31 1951
0.31 1950
0.31 1949
0.31 1948
0.31 1947
0.31 1946
0.31 1945
0.31 1944
0.31 1943
0.31 1942
0.31 1941
0.31 1940
0.31 1939
0.31 1938
0.31 1937
0.32 1936
0.32 1935
0.32 1934
0.32 1933
0.32 1932
0.32 1931
0.32 1930
0.32 1929
0.32 1928
0.32 1927
0.32 1926
0.33 1925
0.33 1924
0.33 1923
0.33 1922
0.33 1921
0.33 1920
0.33 1919
0.33 1918
0.33 1917
0.33 1916
0.33 1915
0.33 1914
0.33 1913
0.33 1912
0.33 1911
0.33 1910
0.33 1909
0.34 1908
0.34 1907
0.34 1906
0.34 1905
0.34 1904
0.34 1903
0.34 1902
0.34 1901
0.34 1900
0.34 1899
0.34 1898
0.34 1897
0.34 1896
0.34 1895
0.35 1894
0.35 1893
0.35 1892
0.35 1891
0.35 1890
0.35 1889
0.35 1888
0.35 1887
0.35 1886
0.35 1885
0.35 1884
0.35 1883
0.35 1882
0.35 1881
0.35 1880
0.35 1879
0.35 1878
0.35 1877
0.35 1876
0.35 1875
0.35 1874
0.35 1873
0.35 1872
0.35 1871
0.35 1870
0.35 1869
0.35 1868
0.36 1867
0.36 1866
0.36 1865
0.36 1864
0.36 1863
0.36 1862
0.36 1861
0.36 1860
0.36 1859
0.36 1858
0.36 1857
0.36 1856
0.36 1855
0.36 1854
0.36 1853
0.36 1852
0.36 1851
0.37 1850
0.37 1849
0.37 1848
0.37 1847
0.37 1846
0.37 1845
0.37 1844
0.37 1843
0.38 1842
0.38 1841
0.38 1840
0.38 1839
0.38 1838
0.38 1837
0.38 1836
0.39 1835
0.39 1834
0.39 1833
0.39 1832
0.39 1831
0.39 1830
0.39 1829
0.39 1828
0.39 1827
0.39 1826
0.39 1825
0.39 1824
0.39 1823
0.39 1822
0.39 1821
0.39 1820
0.41 1819
0.41 1818
0.41 1817
0.41 1816
0.42 1815
0.42 1814
0.42 1813
0.43 1812
11.15 1811
11.15 1810
11.15 1809
11.16 1808
11.16 1807
11.16 1806
11.16 1805
11.16 1804
11.17 1803
11.18 1802
17.05 1801
17.06 1800
22.61 1799
