0.53 999
0.53 998
0.53 997
0.53 996
0.53 995
0.55 994
0.55 993
0.55 992
0.55 991
0.55 990
0.55 989
0.55 988
0.55 987
0.55 986
0.55 985
0.55 984
0.55 983
0.55 982
0.55 981
0.55 980
0.55 979
0.55 978
0.55 977
0.55 976
0.55 975
0.55 974
0.55 973
0.55 972
0.56 971
0.56 970
0.56 969
0.56 968
0.56 967
0.56 966
0.56 965
0.56 964
0.56 963
0.56 962
0.56 961
0.56 960
0.56 959
0.56 958
0.56 957
0.56 956
0.56 955
0.56 954
0.56 953
0.56 952
0.56 951
0.56 950
0.56 949
0.56 948
0.56 947
0.56 946
0.58 945
0.58 944
0.58 943
0.58 942
0.58 941
0.58 940
0.58 939
0.58 938
0.58 937
0.58 936
0.58 935
0.58 934
2.82 933
