0.03 5677
0.03 5676
0.03 5675
0.03 5674
0.03 5673
0.03 5672
0.05 5671
0.05 5670
0.05 5669
0.05 5668
0.05 5667
0.05 5666
0.05 5665
0.05 5664
0.05 5663
0.05 5662
0.05 5661
0.06 5660
0.06 5659
0.06 5658
0.06 5657
0.06 5656
0.06 5655
0.06 5654
0.07 5653
0.07 5652
0.07 5651
0.08 5650
0.08 5649
0.08 5648
0.08 5647
0.08 5646
0.08 5645
0.08 5644
0.08 5643
0.08 5642
0.08 5641
0.08 5640
0.09 5639
0.09 5638
0.09 5637
0.09 5636
0.09 5635
0.09 5634
0.09 5633
0.09 5632
0.11 5631
0.11 5630
0.11 5629
0.11 5628
0.11 5627
0.11 5626
0.11 5625
0.11 5624
0.11 5623
0.11 5622
0.13 5621
0.13 5620
0.13 5619
0.13 5618
0.13 5617
0.13 5616
0.13 5615
0.13 5614
0.13 5613
0.14 5612
0.14 5611
0.14 5610
0.14 5609
0.14 5608
0.14 5607
0.14 5606
0.14 5605
0.14 5604
0.14 5603
0.16 5602
0.16 5601
0.16 5600
0.16 5599
0.16 5598
0.16 5597
0.16 5596
0.16 5595
0.16 5594
0.16 5593
0.16 5592
0.17 5591
0.17 5590
0.17 5589
0.17 5588
0.17 5587
0.17 5586
0.17 5585
0.17 5584
0.19 5583
0.19 5582
0.19 5581
0.19 5580
0.19 5579
0.19 5578
0.19 5577
0.19 5576
0.19 5575
0.19 5574
0.20 5573
0.20 5572
0.20 5571
0.20 5570
0.20 5569
0.20 5568
0.20 5567
0.20 5566
0.20 5565
0.20 5564
0.20 5563
0.22 5562
0.22 5561
0.22 5560
0.22 5559
0.22 5558
0.22 5557
0.22 5556
0.22 5555
0.22 5554
0.22 5553
0.22 5552
0.24 5551
0.24 5550
0.24 5549
0.24 5548
0.24 5547
0.24 5546
0.24 5545
0.24 5544
0.24 5543
0.24 5542
0.24 5541
0.25 5540
0.25 5539
0.25 5538
0.25 5537
0.25 5536
0.25 5535
0.25 5534
0.25 5533
0.25 5532
0.25 5531
0.25 5530
0.25 5529
0.27 5528
0.27 5527
0.27 5526
0.27 5525
0.27 5524
0.27 5523
0.27 5522
0.27 5521
0.27 5520
0.27 5519
0.27 5518
0.28 5517
0.28 5516
0.28 5515
0.28 5514
0.28 5513
0.28 5512
0.28 5511
0.28 5510
0.28 5509
0.28 5508
0.28 5507
0.30 5506
0.30 5505
0.30 5504
0.30 5503
0.30 5502
0.30 5501
0.30 5500
0.30 5499
0.30 5498
0.30 5497
0.30 5496
0.32 5495
0.32 5494
0.32 5493
0.32 5492
0.32 5491
0.32 5490
0.32 5489
0.32 5488
0.32 5487
0.32 5486
0.32 5485
0.32 5484
0.33 5483
0.33 5482
0.33 5481
0.33 5480
0.33 5479
0.33 5478
0.33 5477
0.33 5476
0.33 5475
0.33 5474
0.33 5473
0.35 5472
0.35 5471
0.35 5470
0.35 5469
0.35 5468
0.35 5467
0.35 5466
0.35 5465
0.35 5464
0.35 5463
0.35 5462
0.36 5461
0.36 5460
0.36 5459
0.36 5458
0.36 5457
0.36 5456
0.36 5455
0.36 5454
0.37 5453
0.38 5452
0.38 5451
0.38 5450
0.38 5449
0.38 5448
0.38 5447
0.38 5446
0.38 5445
0.38 5444
0.38 5443
0.38 5442
0.38 5441
0.39 5440
0.39 5439
0.39 5438
0.39 5437
0.39 5436
0.39 5435
0.39 5434
0.39 5433
0.39 5432
0.39 5431
0.39 5430
0.41 5429
0.41 5428
0.41 5427
0.41 5426
0.41 5425
0.41 5424
0.41 5423
0.41 5422
0.41 5421
0.41 5420
0.43 5419
0.43 5418
0.43 5417
0.43 5416
0.43 5415
0.43 5414
0.43 5413
0.43 5412
0.43 5411
0.43 5410
0.43 5409
0.44 5408
0.44 5407
0.44 5406
0.44 5405
0.44 5404
0.44 5403
0.44 5402
0.44 5401
0.44 5400
0.44 5399
0.44 5398
0.46 5397
0.46 5396
0.46 5395
0.46 5394
0.46 5393
0.46 5392
0.46 5391
0.46 5390
0.46 5389
0.46 5388
0.46 5387
0.47 5386
0.47 5385
0.47 5384
0.47 5383
0.47 5382
0.47 5381
0.47 5380
0.47 5379
0.47 5378
0.47 5377
0.49 5376
0.49 5375
0.49 5374
0.49 5373
0.49 5372
0.49 5371
0.49 5370
0.49 5369
0.49 5368
0.49 5367
0.49 5366
0.50 5365
0.50 5364
0.50 5363
0.50 5362
0.50 5361
0.50 5360
0.50 5359
0.50 5358
0.50 5357
0.50 5356
0.50 5355
0.52 5354
0.52 5353
0.52 5352
0.52 5351
0.52 5350
0.52 5349
0.52 5348
0.52 5347
0.52 5346
0.52 5345
0.52 5344
0.54 5343
0.54 5342
0.54 5341
0.54 5340
0.54 5339
0.54 5338
0.54 5337
0.54 5336
0.54 5335
0.54 5334
0.55 5333
0.55 5332
0.55 5331
0.55 5330
0.55 5329
0.55 5328
0.55 5327
0.55 5326
0.55 5325
0.55 5324
0.55 5323
0.57 5322
0.57 5321
0.57 5320
0.57 5319
0.57 5318
0.57 5317
0.57 5316
0.57 5315
0.57 5314
0.57 5313
0.57 5312
0.58 5311
0.58 5310
0.58 5309
0.58 5308
0.58 5307
0.58 5306
0.58 5305
0.58 5304
0.58 5303
0.60 5302
0.60 5301
0.60 5300
0.60 5299
0.60 5298
0.60 5297
0.60 5296
0.60 5295
0.60 5294
0.60 5293
0.60 5292
0.61 5291
0.61 5290
0.61 5289
0.61 5288
0.61 5287
0.61 5286
0.61 5285
0.61 5284
0.61 5283
0.61 5282
0.61 5281
0.63 5280
0.63 5279
0.63 5278
0.63 5277
0.63 5276
0.63 5275
0.63 5274
0.63 5273
0.63 5272
0.63 5271
0.63 5270
0.65 5269
0.65 5268
0.65 5267
0.65 5266
0.65 5265
0.65 5264
0.65 5263
0.65 5262
0.65 5261
0.65 5260
0.65 5259
0.65 5258
0.66 5257
0.66 5256
0.66 5255
0.66 5254
0.66 5253
0.66 5252
0.66 5251
0.66 5250
0.66 5249
0.66 5248
0.67 5247
0.67 5246
0.68 5245
0.68 5244
0.68 5243
0.68 5242
0.68 5241
0.68 5240
0.68 5239
0.68 5238
0.68 5237
0.68 5236
0.68 5235
0.69 5234
0.69 5233
0.69 5232
0.69 5231
0.69 5230
0.69 5229
0.69 5228
0.69 5227
0.69 5226
0.69 5225
0.69 5224
0.69 5223
0.71 5222
0.71 5221
0.71 5220
0.71 5219
0.71 5218
0.71 5217
0.71 5216
0.71 5215
0.72 5214
0.72 5213
0.72 5212
0.72 5211
0.72 5210
0.72 5209
0.72 5208
0.72 5207
0.72 5206
0.72 5205
0.72 5204
0.74 5203
0.74 5202
0.74 5201
0.74 5200
0.74 5199
0.74 5198
0.74 5197
0.74 5196
0.74 5195
0.74 5194
0.76 5193
0.76 5192
0.76 5191
0.76 5190
0.76 5189
0.76 5188
0.76 5187
0.76 5186
0.76 5185
0.76 5184
0.76 5183
0.76 5182
0.77 5181
0.78 5180
0.78 5179
0.78 5178
0.78 5177
0.78 5176
0.78 5175
0.78 5174
0.78 5173
0.78 5172
0.79 5171
0.79 5170
0.79 5169
0.79 5168
0.79 5167
0.79 5166
0.79 5165
0.79 5164
0.79 5163
0.79 5162
0.79 5161
0.79 5160
0.79 5159
0.79 5158
0.80 5157
0.80 5156
0.80 5155
0.80 5154
0.80 5153
0.80 5152
0.80 5151
0.80 5150
0.80 5149
0.80 5148
0.80 5147
0.80 5146
0.80 5145
0.82 5144
0.82 5143
0.82 5142
0.82 5141
0.82 5140
0.82 5139
0.82 5138
0.82 5137
0.82 5136
0.82 5135
0.82 5134
0.84 5133
0.84 5132
0.84 5131
0.84 5130
0.84 5129
0.84 5128
0.85 5127
0.85 5126
0.85 5125
0.85 5124
0.85 5123
0.85 5122
0.86 5121
0.86 5120
0.86 5119
0.86 5118
0.86 5117
0.86 5116
0.86 5115
0.87 5114
0.87 5113
0.87 5112
0.87 5111
0.87 5110
0.87 5109
0.87 5108
0.87 5107
0.87 5106
0.88 5105
0.88 5104
0.88 5103
0.88 5102
0.88 5101
0.88 5100
0.88 5099
0.88 5098
0.88 5097
0.89 5096
0.89 5095
0.89 5094
0.89 5093
0.89 5092
0.89 5091
0.89 5090
0.89 5089
0.89 5088
0.89 5087
0.89 5086
0.89 5085
0.89 5084
0.89 5083
0.89 5082
0.89 5081
0.89 5080
0.91 5079
0.91 5078
0.91 5077
0.91 5076
0.91 5075
0.91 5074
0.91 5073
0.91 5072
0.91 5071
0.91 5070
0.91 5069
0.91 5068
0.91 5067
0.91 5066
0.91 5065
0.92 5064
0.92 5063
0.92 5062
0.92 5061
0.92 5060
0.92 5059
0.92 5058
0.92 5057
0.92 5056
0.92 5055
0.92 5054
0.92 5053
0.92 5052
0.92 5051
0.94 5050
0.94 5049
0.94 5048
0.94 5047
0.94 5046
0.94 5045
0.94 5044
0.94 5043
0.94 5042
0.94 5041
0.94 5040
0.94 5039
0.95 5038
0.95 5037
0.95 5036
0.95 5035
0.95 5034
0.95 5033
0.95 5032
0.95 5031
0.95 5030
0.95 5029
0.95 5028
0.95 5027
0.95 5026
0.95 5025
0.97 5024
0.97 5023
0.97 5022
0.98 5021
0.98 5020
0.98 5019
0.98 5018
0.98 5017
0.98 5016
0.98 5015
0.98 5014
0.98 5013
0.98 5012
0.98 5011
0.98 5010
0.98 5009
0.98 5008
0.98 5007
0.98 5006
0.98 5005
0.98 5004
1.00 5003
1.00 5002
1.00 5001
1.00 5000
1.00 4999
1.00 4998
1.00 4997
1.00 4996
1.00 4995
1.00 4994
1.00 4993
1.00 4992
1.00 4991
1.02 4990
1.02 4989
1.02 4988
1.02 4987
1.02 4986
1.02 4985
1.02 4984
1.02 4983
1.02 4982
1.02 4981
1.02 4980
1.02 4979
1.02 4978
1.02 4977
1.03 4976
1.03 4975
1.03 4974
1.03 4973
1.03 4972
1.03 4971
1.03 4970
1.03 4969
1.03 4968
1.03 4967
1.03 4966
1.03 4965
1.03 4964
1.03 4963
1.05 4962
1.05 4961
1.05 4960
1.05 4959
1.05 4958
1.05 4957
1.05 4956
1.05 4955
1.05 4954
1.05 4953
1.05 4952
1.05 4951
1.05 4950
1.06 4949
1.06 4948
1.07 4947
1.07 4946
1.07 4945
1.07 4944
1.07 4943
1.07 4942
1.07 4941
1.07 4940
1.07 4939
1.08 4938
1.08 4937
1.08 4936
1.08 4935
1.08 4934
1.08 4933
1.08 4932
1.08 4931
1.08 4930
1.09 4929
1.09 4928
1.09 4927
1.09 4926
1.09 4925
1.09 4924
1.09 4923
1.09 4922
1.09 4921
1.09 4920
1.10 4919
1.10 4918
1.10 4917
1.10 4916
1.10 4915
1.10 4914
1.10 4913
1.10 4912
1.10 4911
1.10 4910
1.10 4909
1.10 4908
1.10 4907
1.11 4906
1.11 4905
1.11 4904
1.11 4903
1.11 4902
1.11 4901
1.11 4900
1.11 4899
1.11 4898
1.11 4897
1.11 4896
1.11 4895
1.11 4894
1.11 4893
1.13 4892
1.13 4891
1.13 4890
1.13 4889
1.13 4888
1.13 4887
1.13 4886
1.13 4885
1.13 4884
1.13 4883
1.13 4882
1.13 4881
1.13 4880
1.14 4879
1.14 4878
1.14 4877
1.14 4876
1.14 4875
1.14 4874
1.14 4873
1.14 4872
1.14 4871
1.14 4870
1.14 4869
1.14 4868
1.14 4867
1.14 4866
1.16 4865
1.16 4864
1.16 4863
1.16 4862
1.16 4861
1.16 4860
1.16 4859
1.16 4858
1.16 4857
1.16 4856
1.16 4855
1.16 4854
1.16 4853
1.16 4852
1.16 4851
1.17 4850
1.18 4849
1.18 4848
1.18 4847
1.18 4846
1.18 4845
1.18 4844
1.18 4843
1.18 4842
1.18 4841
1.18 4840
1.18 4839
1.18 4838
1.19 4837
1.19 4836
1.19 4835
1.19 4834
1.19 4833
1.19 4832
1.19 4831
1.19 4830
1.19 4829
1.19 4828
1.19 4827
1.19 4826
1.19 4825
1.19 4824
1.19 4823
1.21 4822
1.21 4821
1.21 4820
1.21 4819
1.21 4818
1.21 4817
1.21 4816
1.21 4815
1.21 4814
1.21 4813
1.21 4812
1.21 4811
1.21 4810
1.21 4809
1.21 4808
1.22 4807
1.22 4806
1.22 4805
1.22 4804
1.22 4803
1.22 4802
1.22 4801
1.22 4800
1.22 4799
1.22 4798
1.24 4797
1.24 4796
1.24 4795
1.24 4794
1.24 4793
1.24 4792
1.24 4791
1.24 4790
1.24 4789
1.24 4788
1.24 4787
1.24 4786
1.24 4785
1.25 4784
1.25 4783
1.25 4782
1.25 4781
1.25 4780
1.25 4779
1.25 4778
1.25 4777
1.25 4776
1.25 4775
1.25 4774
1.25 4773
1.25 4772
1.25 4771
1.27 4770
1.27 4769
1.27 4768
1.27 4767
1.27 4766
1.27 4765
1.27 4764
1.28 4763
1.28 4762
1.28 4761
1.28 4760
1.28 4759
1.28 4758
1.28 4757
1.28 4756
1.28 4755
1.28 4754
1.28 4753
1.28 4752
1.28 4751
1.28 4750
1.28 4749
1.28 4748
1.28 4747
1.28 4746
1.28 4745
1.28 4744
1.28 4743
1.28 4742
1.28 4741
1.28 4740
1.30 4739
1.30 4738
1.30 4737
1.30 4736
1.30 4735
1.30 4734
1.30 4733
1.30 4732
1.30 4731
1.30 4730
1.30 4729
1.30 4728
1.30 4727
1.30 4726
1.30 4725
1.32 4724
1.32 4723
1.32 4722
1.32 4721
1.32 4720
1.32 4719
1.32 4718
1.32 4717
1.32 4716
1.32 4715
1.32 4714
1.32 4713
1.32 4712
1.32 4711
1.32 4710
1.32 4709
1.33 4708
1.33 4707
1.33 4706
1.33 4705
1.33 4704
1.33 4703
1.33 4702
1.33 4701
1.33 4700
1.33 4699
1.33 4698
1.33 4697
1.33 4696
1.33 4695
1.33 4694
1.35 4693
1.35 4692
1.35 4691
1.35 4690
1.35 4689
1.35 4688
1.35 4687
1.35 4686
1.35 4685
1.35 4684
1.35 4683
1.35 4682
1.35 4681
1.35 4680
1.35 4679
1.36 4678
1.36 4677
1.36 4676
1.36 4675
1.36 4674
1.36 4673
1.36 4672
1.36 4671
1.36 4670
1.38 4669
1.38 4668
1.38 4667
1.38 4666
1.38 4665
1.38 4664
1.38 4663
1.38 4662
1.38 4661
1.38 4660
1.38 4659
1.38 4658
1.38 4657
1.38 4656
1.38 4655
1.38 4654
1.38 4653
1.40 4652
1.40 4651
1.40 4650
1.40 4649
1.40 4648
1.40 4647
1.40 4646
1.40 4645
1.41 4644
1.41 4643
1.41 4642
1.41 4641
1.42 4640
1.42 4639
1.42 4638
1.42 4637
1.42 4636
1.42 4635
1.42 4634
1.43 4633
1.43 4632
1.43 4631
1.43 4630
1.43 4629
1.43 4628
1.43 4627
1.43 4626
1.43 4625
1.43 4624
1.43 4623
1.43 4622
1.43 4621
1.44 4620
1.44 4619
1.44 4618
1.44 4617
1.45 4616
1.45 4615
1.45 4614
1.45 4613
1.45 4612
1.45 4611
1.45 4610
1.45 4609
1.45 4608
1.46 4607
1.46 4606
1.46 4605
1.46 4604
1.46 4603
1.46 4602
1.46 4601
1.46 4600
1.46 4599
1.46 4598
1.46 4597
1.46 4596
1.46 4595
1.46 4594
1.46 4593
1.46 4592
1.47 4591
1.47 4590
1.47 4589
1.48 4588
1.48 4587
1.48 4586
1.48 4585
1.48 4584
1.48 4583
1.48 4582
1.48 4581
1.48 4580
1.48 4579
1.48 4578
1.48 4577
1.48 4576
1.49 4575
1.49 4574
1.49 4573
1.49 4572
1.49 4571
1.49 4570
1.49 4569
1.49 4568
1.49 4567
1.49 4566
1.49 4565
1.49 4564
1.49 4563
1.49 4562
1.51 4561
1.51 4560
1.51 4559
1.51 4558
1.51 4557
1.51 4556
1.51 4555
1.51 4554
1.51 4553
1.51 4552
1.51 4551
1.51 4550
1.51 4549
1.51 4548
1.51 4547
1.51 4546
1.52 4545
1.52 4544
1.52 4543
1.52 4542
1.52 4541
1.52 4540
1.52 4539
1.52 4538
1.52 4537
1.52 4536
1.52 4535
1.52 4534
1.52 4533
1.52 4532
1.52 4531
1.54 4530
1.54 4529
1.54 4528
1.54 4527
1.54 4526
1.54 4525
1.54 4524
1.54 4523
1.54 4522
1.54 4521
1.54 4520
1.54 4519
1.56 4518
1.56 4517
1.56 4516
1.56 4515
1.56 4514
1.56 4513
1.56 4512
1.56 4511
1.56 4510
1.56 4509
1.56 4508
1.56 4507
1.56 4506
1.56 4505
1.56 4504
1.57 4503
1.57 4502
1.58 4501
1.58 4500
1.58 4499
1.58 4498
1.58 4497
1.58 4496
1.58 4495
1.58 4494
1.58 4493
1.59 4492
1.59 4491
1.59 4490
1.59 4489
1.59 4488
1.59 4487
1.59 4486
1.59 4485
1.59 4484
1.59 4483
1.60 4482
1.60 4481
1.60 4480
1.60 4479
1.60 4478
1.60 4477
1.60 4476
1.60 4475
1.60 4474
1.61 4473
1.61 4472
1.61 4471
1.61 4470
1.61 4469
1.61 4468
1.61 4467
1.61 4466
1.61 4465
1.61 4464
1.61 4463
1.61 4462
1.61 4461
1.61 4460
1.62 4459
1.62 4458
1.62 4457
1.62 4456
1.62 4455
1.62 4454
1.62 4453
1.62 4452
1.62 4451
1.62 4450
1.62 4449
1.62 4448
1.62 4447
1.62 4446
1.62 4445
1.64 4444
1.64 4443
1.64 4442
1.64 4441
1.64 4440
1.64 4439
1.64 4438
1.64 4437
1.64 4436
1.64 4435
1.64 4434
1.64 4433
1.64 4432
1.64 4431
1.66 4430
1.66 4429
1.66 4428
1.66 4427
1.66 4426
1.66 4425
1.66 4424
1.66 4423
1.66 4422
1.66 4421
1.66 4420
1.66 4419
1.66 4418
1.66 4417
1.66 4416
1.67 4415
1.67 4414
1.67 4413
1.67 4412
1.67 4411
1.68 4410
1.68 4409
1.68 4408
1.68 4407
1.68 4406
1.68 4405
1.68 4404
1.68 4403
1.68 4402
1.68 4401
1.68 4400
1.69 4399
1.69 4398
1.69 4397
1.69 4396
1.69 4395
1.69 4394
1.69 4393
1.69 4392
1.69 4391
1.69 4390
1.69 4389
1.69 4388
1.69 4387
1.69 4386
1.69 4385
1.69 4384
1.70 4383
1.70 4382
1.70 4381
1.70 4380
1.70 4379
1.70 4378
1.70 4377
1.70 4376
1.70 4375
1.70 4374
1.70 4373
1.70 4372
1.70 4371
1.70 4370
1.70 4369
1.70 4368
1.72 4367
1.72 4366
1.72 4365
1.72 4364
1.72 4363
1.72 4362
1.72 4361
1.72 4360
1.72 4359
1.72 4358
1.72 4357
1.72 4356
1.72 4355
1.72 4354
1.72 4353
1.73 4352
1.73 4351
1.73 4350
1.73 4349
1.73 4348
1.73 4347
1.73 4346
1.73 4345
1.73 4344
1.73 4343
1.73 4342
1.73 4341
1.73 4340
1.73 4339
1.73 4338
1.75 4337
1.75 4336
1.75 4335
1.75 4334
1.75 4333
1.75 4332
1.75 4331
1.75 4330
1.75 4329
1.75 4328
1.75 4327
1.75 4326
1.75 4325
1.75 4324
1.75 4323
1.77 4322
1.77 4321
1.77 4320
1.77 4319
1.77 4318
1.77 4317
1.77 4316
1.77 4315
1.77 4314
1.77 4313
1.78 4312
1.78 4311
1.78 4310
1.78 4309
1.78 4308
1.78 4307
1.78 4306
1.78 4305
1.78 4304
1.78 4303
1.78 4302
1.78 4301
1.78 4300
1.78 4299
1.78 4298
1.78 4297
1.78 4296
1.78 4295
1.78 4294
1.78 4293
1.78 4292
1.80 4291
1.80 4290
1.80 4289
1.80 4288
1.80 4287
1.80 4286
1.80 4285
1.80 4284
1.80 4283
1.80 4282
1.80 4281
1.81 4280
1.81 4279
1.81 4278
1.81 4277
1.81 4276
1.81 4275
1.81 4274
1.81 4273
1.81 4272
1.81 4271
1.81 4270
1.81 4269
1.81 4268
1.81 4267
1.83 4266
1.83 4265
1.83 4264
1.83 4263
1.83 4262
1.83 4261
1.83 4260
1.83 4259
1.83 4258
1.83 4257
1.83 4256
1.83 4255
1.84 4254
1.84 4253
1.84 4252
1.84 4251
1.84 4250
1.84 4249
1.84 4248
1.84 4247
1.84 4246
1.84 4245
1.84 4244
1.84 4243
1.84 4242
1.86 4241
1.86 4240
1.86 4239
1.86 4238
1.86 4237
1.86 4236
1.86 4235
1.86 4234
1.86 4233
1.86 4232
1.86 4231
1.86 4230
1.87 4229
1.87 4228
1.88 4227
1.88 4226
1.88 4225
1.88 4224
1.88 4223
1.88 4222
1.88 4221
1.88 4220
1.88 4219
1.89 4218
1.89 4217
1.89 4216
1.89 4215
1.89 4214
1.89 4213
1.89 4212
1.89 4211
1.89 4210
1.90 4209
1.90 4208
1.90 4207
1.90 4206
1.90 4205
1.90 4204
1.90 4203
1.90 4202
1.90 4201
1.90 4200
1.91 4199
1.91 4198
1.91 4197
1.91 4196
1.91 4195
1.91 4194
1.91 4193
1.91 4192
1.91 4191
1.91 4190
1.91 4189
1.91 4188
1.91 4187
1.91 4186
1.91 4185
1.91 4184
1.92 4183
1.92 4182
1.92 4181
1.92 4180
1.92 4179
1.92 4178
1.92 4177
1.92 4176
1.92 4175
1.92 4174
1.92 4173
1.92 4172
1.92 4171
1.92 4170
1.92 4169
1.92 4168
1.94 4167
1.94 4166
1.94 4165
1.94 4164
1.94 4163
1.94 4162
1.94 4161
1.94 4160
1.94 4159
1.94 4158
1.94 4157
1.94 4156
1.94 4155
1.94 4154
1.94 4153
1.94 4152
1.94 4151
1.96 4150
1.96 4149
1.96 4148
1.96 4147
1.96 4146
1.96 4145
1.96 4144
1.96 4143
1.96 4142
1.96 4141
1.96 4140
1.96 4139
1.96 4138
1.96 4137
1.97 4136
1.97 4135
1.97 4134
1.98 4133
1.98 4132
1.98 4131
1.98 4130
1.98 4129
1.98 4128
1.98 4127
1.98 4126
1.98 4125
1.98 4124
1.98 4123
1.98 4122
1.99 4121
1.99 4120
1.99 4119
1.99 4118
1.99 4117
1.99 4116
1.99 4115
1.99 4114
1.99 4113
1.99 4112
1.99 4111
1.99 4110
2.01 4109
2.01 4108
2.01 4107
2.01 4106
2.01 4105
2.01 4104
2.01 4103
2.01 4102
2.01 4101
2.01 4100
2.01 4099
2.01 4098
2.01 4097
2.01 4096
2.02 4095
2.02 4094
2.02 4093
2.02 4092
2.02 4091
2.02 4090
2.02 4089
2.02 4088
2.02 4087
2.02 4086
2.02 4085
2.02 4084
2.02 4083
2.02 4082
2.02 4081
2.02 4080
2.04 4079
2.04 4078
2.04 4077
2.04 4076
2.04 4075
2.04 4074
2.04 4073
2.04 4072
2.04 4071
2.04 4070
2.04 4069
2.04 4068
2.04 4067
2.04 4066
2.04 4065
2.04 4064
2.04 4063
2.06 4062
2.06 4061
2.06 4060
2.06 4059
2.06 4058
2.06 4057
2.06 4056
2.06 4055
2.06 4054
2.06 4053
2.06 4052
2.06 4051
2.06 4050
2.06 4049
2.06 4048
2.06 4047
2.06 4046
2.07 4045
2.07 4044
2.07 4043
2.07 4042
5.21 3943
5.21 3942
5.21 3941
5.21 3940
5.21 3939
5.21 3938
5.21 3937
