0.85 1959
0.85 1958
0.85 1957
0.85 1956
0.85 1955
0.85 1954
0.85 1953
0.85 1952
0.85 1951
0.85 1950
0.85 1949
0.85 1948
0.85 1947
0.85 1946
0.85 1945
0.85 1944
0.85 1943
0.85 1942
0.85 1941
0.85 1940
0.85 1939
0.85 1938
0.85 1937
0.85 1936
0.85 1935
0.87 1934
0.87 1933
0.87 1932
0.87 1931
0.87 1930
0.87 1929
0.87 1928
0.87 1927
0.87 1926
0.87 1925
0.87 1924
0.87 1923
0.87 1922
0.87 1921
0.87 1920
0.87 1919
0.87 1918
0.88 1917
0.88 1916
0.88 1915
0.88 1914
0.88 1913
0.88 1912
0.88 1911
0.88 1910
0.88 1909
0.88 1908
0.88 1907
0.88 1906
0.88 1905
0.88 1904
0.88 1903
0.88 1902
0.88 1901
0.88 1900
0.88 1899
0.88 1898
0.88 1897
0.88 1896
0.88 1895
0.88 1894
0.88 1893
0.88 1892
0.88 1891
0.88 1890
0.88 1889
0.88 1888
0.88 1887
0.88 1886
0.88 1885
0.88 1884
0.88 1883
0.88 1882
0.88 1881
0.88 1880
0.88 1879
0.88 1878
0.90 1877
0.90 1876
0.90 1875
0.90 1874
0.90 1873
0.90 1872
0.90 1871
0.90 1870
0.90 1869
0.90 1868
0.90 1867
0.90 1866
0.90 1865
0.90 1864
0.90 1863
0.90 1862
0.90 1861
0.90 1860
0.90 1859
0.90 1858
0.90 1857
0.90 1856
0.90 1855
0.90 1854
0.90 1853
0.90 1852
0.90 1851
0.90 1850
0.90 1849
0.90 1848
0.90 1847
0.92 1846
0.92 1845
0.92 1844
0.92 1843
0.92 1842
0.92 1841
0.92 1840
0.92 1839
0.92 1838
0.92 1837
0.92 1836
0.92 1835
0.92 1834
0.92 1833
0.92 1832
0.92 1831
0.92 1830
0.92 1829
0.92 1828
0.92 1827
0.92 1826
0.92 1825
0.92 1824
0.92 1823
0.92 1822
0.92 1821
0.92 1820
0.92 1819
0.92 1818
0.92 1817
0.92 1816
0.93 1815
0.93 1814
0.93 1813
0.93 1812
0.93 1811
0.93 1810
0.93 1809
0.93 1808
0.93 1807
0.93 1806
0.93 1805
0.93 1804
0.93 1803
0.93 1802
0.93 1801
0.93 1800
0.93 1799
0.93 1798
0.93 1797
0.93 1796
0.93 1795
0.93 1794
0.93 1793
0.93 1792
0.93 1791
0.93 1790
0.93 1789
0.93 1788
0.93 1787
0.93 1786
0.93 1785
0.93 1784
0.93 1783
0.93 1782
0.93 1781
0.93 1780
0.95 1779
0.95 1778
0.95 1777
0.95 1776
0.95 1775
0.95 1774
0.95 1773
0.95 1772
0.95 1771
0.95 1770
0.95 1769
0.95 1768
0.95 1767
0.95 1766
0.95 1765
0.95 1764
0.95 1763
0.95 1762
0.95 1761
0.95 1760
0.95 1759
0.95 1758
0.95 1757
0.95 1756
0.95 1755
0.95 1754
0.95 1753
0.95 1752
0.95 1751
0.95 1750
0.95 1749
0.95 1748
0.96 1747
0.96 1746
0.96 1745
0.96 1744
0.96 1743
0.96 1742
0.96 1741
0.96 1740
0.96 1739
0.96 1738
0.96 1737
0.96 1736
0.96 1735
0.96 1734
0.96 1733
0.96 1732
0.96 1731
0.96 1730
0.96 1729
0.96 1728
0.96 1727
0.96 1726
0.96 1725
0.96 1724
0.96 1723
0.96 1722
0.96 1721
0.98 1720
0.98 1719
0.98 1718
0.98 1717
0.98 1716
0.98 1715
0.98 1714
0.98 1713
0.98 1712
0.98 1711
0.98 1710
0.98 1709
0.98 1708
0.98 1707
0.98 1706
0.98 1705
0.98 1704
0.98 1703
0.98 1702
0.98 1701
0.98 1700
0.98 1699
0.98 1698
0.98 1697
0.98 1696
0.98 1695
0.98 1694
0.98 1693
0.98 1692
0.98 1691
0.98 1690
0.98 1689
0.98 1688
0.98 1687
0.98 1686
0.98 1685
0.98 1684
0.98 1683
0.99 1682
0.99 1681
0.99 1680
0.99 1679
0.99 1678
0.99 1677
0.99 1676
0.99 1675
0.99 1674
0.99 1673
0.99 1672
0.99 1671
0.99 1670
0.99 1669
0.99 1668
0.99 1667
0.99 1666
0.99 1665
0.99 1664
0.99 1663
0.99 1662
0.99 1661
0.99 1660
0.99 1659
0.99 1658
0.99 1657
0.99 1656
1.01 1655
1.01 1654
1.01 1653
1.01 1652
1.01 1651
1.01 1650
1.01 1649
1.01 1648
1.01 1647
1.01 1646
1.01 1645
1.01 1644
1.01 1643
1.01 1642
1.01 1641
1.01 1640
1.01 1639
1.01 1638
1.01 1637
1.01 1636
1.01 1635
1.01 1634
1.01 1633
1.01 1632
1.01 1631
1.01 1630
1.01 1629
1.01 1628
1.01 1627
1.01 1626
1.01 1625
1.01 1624
1.01 1623
1.01 1622
1.01 1621
1.03 1620
1.03 1619
1.03 1618
1.03 1617
1.03 1616
1.03 1615
1.03 1614
1.03 1613
1.03 1612
1.03 1611
1.03 1610
1.03 1609
1.03 1608
1.03 1607
1.03 1606
1.03 1605
1.03 1604
1.03 1603
1.03 1602
1.03 1601
1.03 1600
1.03 1599
1.03 1598
1.03 1597
1.03 1596
1.03 1595
1.03 1594
1.03 1593
1.03 1592
1.03 1591
1.03 1590
1.03 1589
1.03 1588
1.03 1587
1.03 1586
1.04 1585
1.04 1584
1.04 1583
1.04 1582
1.04 1581
1.04 1580
1.04 1579
1.04 1578
1.04 1577
1.04 1576
1.04 1575
1.04 1574
1.04 1573
1.04 1572
1.04 1571
1.04 1570
1.04 1569
1.04 1568
1.04 1567
1.04 1566
1.04 1565
1.04 1564
1.04 1563
1.04 1562
1.04 1561
1.04 1560
1.04 1559
1.04 1558
1.04 1557
1.04 1556
1.04 1555
1.04 1554
1.06 1553
1.06 1552
1.06 1551
1.06 1550
1.06 1549
1.06 1548
1.06 1547
1.06 1546
1.06 1545
1.06 1544
1.06 1543
1.06 1542
1.06 1541
1.06 1540
1.06 1539
1.06 1538
1.06 1537
1.06 1536
1.06 1535
1.06 1534
1.06 1533
1.06 1532
1.06 1531
1.06 1530
1.06 1529
1.06 1528
1.06 1527
1.06 1526
1.06 1525
1.06 1524
1.06 1523
1.06 1522
1.06 1521
1.06 1520
1.06 1519
1.06 1518
1.07 1517
1.07 1516
1.07 1515
1.07 1514
1.07 1513
1.08 1512
1.08 1511
1.08 1510
1.08 1509
1.08 1508
1.08 1507
1.08 1506
1.08 1505
1.08 1504
1.08 1503
1.08 1502
1.08 1501
1.08 1500
1.08 1499
1.08 1498
1.08 1497
1.08 1496
1.08 1495
1.08 1494
1.08 1493
1.08 1492
1.08 1491
1.08 1490
1.08 1489
1.08 1488
1.08 1487
1.08 1486
1.08 1485
1.08 1484
1.08 1483
1.08 1482
1.08 1481
1.09 1480
1.09 1479
1.09 1478
1.09 1477
1.09 1476
1.09 1475
1.09 1474
1.09 1473
1.09 1472
1.09 1471
1.09 1470
1.09 1469
1.09 1468
1.09 1467
1.09 1466
1.09 1465
1.09 1464
1.09 1463
1.09 1462
1.09 1461
1.09 1460
1.09 1459
1.09 1458
1.09 1457
1.09 1456
1.09 1455
1.09 1454
1.09 1453
1.09 1452
1.09 1451
1.09 1450
1.09 1449
1.09 1448
1.09 1447
1.09 1446
1.09 1445
1.09 1444
1.09 1443
1.09 1442
1.11 1441
1.11 1440
1.11 1439
1.11 1438
1.11 1437
1.11 1436
1.11 1435
1.11 1434
1.11 1433
1.11 1432
1.11 1431
1.11 1430
1.11 1429
1.11 1428
1.11 1427
1.11 1426
1.11 1425
1.11 1424
1.11 1423
1.11 1422
1.11 1421
1.11 1420
1.11 1419
1.11 1418
1.11 1417
1.11 1416
1.11 1415
1.11 1414
1.11 1413
1.11 1412
1.11 1411
1.11 1410
1.11 1409
1.11 1408
1.11 1407
1.11 1406
1.12 1405
1.12 1404
1.12 1403
1.12 1402
1.12 1401
1.12 1400
1.12 1399
1.12 1398
1.12 1397
1.12 1396
1.12 1395
1.12 1394
1.12 1393
1.12 1392
1.12 1391
1.12 1390
1.12 1389
1.12 1388
1.12 1387
1.12 1386
1.12 1385
1.12 1384
1.12 1383
1.12 1382
1.12 1381
1.12 1380
1.12 1379
1.12 1378
1.12 1377
1.12 1376
1.12 1375
1.12 1374
1.12 1373
1.12 1372
1.14 1371
1.14 1370
1.14 1369
1.14 1368
1.14 1367
1.14 1366
1.14 1365
1.14 1364
1.14 1363
1.14 1362
1.14 1361
1.14 1360
1.14 1359
1.14 1358
1.14 1357
1.14 1356
1.14 1355
1.14 1354
1.14 1353
1.14 1352
1.14 1351
1.14 1350
1.14 1349
1.14 1348
1.14 1347
1.14 1346
1.14 1345
1.14 1344
1.14 1343
1.14 1342
1.14 1341
1.14 1340
1.14 1339
1.14 1338
1.14 1337
1.14 1336
1.14 1335
1.14 1334
1.14 1333
1.14 1332
1.14 1331
1.15 1330
1.15 1329
1.15 1328
1.15 1327
1.15 1326
1.15 1325
1.15 1324
1.15 1323
1.15 1322
1.15 1321
1.15 1320
1.15 1319
1.15 1318
1.15 1317
1.15 1316
1.15 1315
1.15 1314
1.15 1313
1.15 1312
1.15 1311
1.15 1310
1.15 1309
1.15 1308
1.15 1307
1.15 1306
1.15 1305
1.15 1304
1.15 1303
1.15 1302
1.15 1301
1.15 1300
1.15 1299
1.15 1298
1.15 1297
1.15 1296
1.15 1295
1.15 1294
1.15 1293
1.15 1292
1.15 1291
1.15 1290
1.15 1289
1.17 1288
1.17 1287
1.17 1286
1.17 1285
1.17 1284
1.17 1283
1.17 1282
1.17 1281
1.17 1280
1.17 1279
1.17 1278
1.17 1277
1.18 1276
1.18 1275
1.18 1274
1.18 1273
1.18 1272
1.18 1271
1.18 1270
1.18 1269
1.18 1268
1.18 1267
1.18 1266
1.18 1265
1.18 1264
1.18 1263
1.18 1262
1.18 1261
1.18 1260
1.18 1259
1.18 1258
1.18 1257
1.18 1256
1.18 1255
1.18 1254
1.19 1253
1.19 1252
1.19 1251
1.19 1250
1.19 1249
1.19 1248
1.19 1247
1.19 1246
1.19 1245
1.19 1244
1.19 1243
1.19 1242
1.19 1241
1.19 1240
1.19 1239
1.19 1238
1.19 1237
1.19 1236
1.19 1235
1.19 1234
1.19 1233
1.19 1232
1.19 1231
1.19 1230
1.19 1229
1.19 1228
1.19 1227
1.19 1226
1.19 1225
1.19 1224
1.19 1223
1.19 1222
1.19 1221
1.19 1220
1.19 1219
1.19 1218
1.19 1217
1.19 1216
1.19 1215
1.19 1214
1.19 1213
1.19 1212
1.19 1211
1.20 1210
1.20 1209
1.20 1208
1.20 1207
1.20 1206
1.20 1205
1.20 1204
1.20 1203
1.20 1202
1.20 1201
1.20 1200
1.20 1199
1.20 1198
1.20 1197
1.20 1196
1.20 1195
1.20 1194
1.20 1193
1.20 1192
1.20 1191
1.20 1190
1.20 1189
1.20 1188
1.20 1187
1.20 1186
1.20 1185
1.20 1184
1.20 1183
1.20 1182
1.20 1181
1.20 1180
1.20 1179
1.20 1178
1.20 1177
1.22 1176
1.22 1175
1.22 1174
1.22 1173
1.22 1172
1.22 1171
1.22 1170
1.22 1169
1.22 1168
1.22 1167
1.22 1166
1.22 1165
1.22 1164
1.22 1163
1.22 1162
1.22 1161
1.22 1160
1.22 1159
1.22 1158
1.22 1157
1.22 1156
1.22 1155
1.22 1154
1.22 1153
1.22 1152
1.22 1151
1.22 1150
1.22 1149
1.22 1148
1.22 1147
1.22 1146
1.22 1145
1.22 1144
1.22 1143
1.22 1142
1.22 1141
1.22 1140
1.22 1139
1.22 1138
1.22 1137
1.22 1136
1.22 1135
1.22 1134
1.22 1133
1.23 1132
1.23 1131
1.23 1130
1.23 1129
1.23 1128
1.23 1127
1.23 1126
1.23 1125
1.23 1124
1.23 1123
1.23 1122
1.23 1121
1.23 1120
1.23 1119
1.23 1118
1.23 1117
1.23 1116
1.23 1115
1.23 1114
1.23 1113
1.23 1112
1.23 1111
1.23 1110
1.23 1109
1.23 1108
1.23 1107
1.23 1106
1.23 1105
1.23 1104
1.23 1103
1.23 1102
1.23 1101
1.23 1100
1.23 1099
1.23 1098
1.23 1097
1.23 1096
1.23 1095
1.23 1094
1.23 1093
1.23 1092
1.23 1091
1.23 1090
1.25 1089
1.25 1088
1.25 1087
1.25 1086
1.25 1085
1.25 1084
1.25 1083
1.25 1082
1.25 1081
1.25 1080
1.25 1079
1.25 1078
1.25 1077
1.25 1076
1.25 1075
1.25 1074
1.25 1073
1.25 1072
1.25 1071
1.25 1070
1.25 1069
1.25 1068
1.25 1067
1.25 1066
1.25 1065
1.25 1064
1.25 1063
1.25 1062
1.25 1061
1.25 1060
1.25 1059
1.25 1058
1.25 1057
1.25 1056
1.25 1055
1.25 1054
1.25 1053
1.25 1052
1.25 1051
1.25 1050
1.25 1049
1.26 1048
1.26 1047
1.26 1046
1.26 1045
1.26 1044
1.26 1043
1.26 1042
1.26 1041
1.26 1040
1.26 1039
1.26 1038
1.26 1037
1.26 1036
1.26 1035
1.26 1034
1.26 1033
1.26 1032
1.26 1031
1.26 1030
1.26 1029
1.26 1028
1.26 1027
1.26 1026
1.26 1025
1.26 1024
1.26 1023
1.26 1022
1.26 1021
1.26 1020
1.26 1019
1.28 1018
1.28 1017
1.28 1016
1.28 1015
1.28 1014
1.28 1013
1.28 1012
1.28 1011
1.28 1010
1.28 1009
1.28 1008
1.28 1007
1.28 1006
1.28 1005
1.28 1004
1.28 1003
1.28 1002
1.28 1001
1.28 1000
1.28 999
1.28 998
1.28 997
1.28 996
1.28 995
1.28 994
1.28 993
1.28 992
1.28 991
1.28 990
1.28 989
1.28 988
1.28 987
1.28 986
1.28 985
1.28 984
1.28 983
1.28 982
1.28 981
1.28 980
