0.28 1989
0.28 1988
0.30 1987
0.30 1986
0.30 1985
0.30 1984
0.30 1983
0.30 1982
0.30 1981
0.30 1980
0.30 1979
0.30 1978
0.30 1977
0.30 1976
0.30 1975
0.30 1974
0.30 1973
0.30 1972
0.30 1971
0.30 1970
0.30 1969
0.30 1968
0.30 1967
0.30 1966
0.30 1965
0.30 1964
0.30 1963
0.30 1962
0.30 1961
0.30 1960
0.30 1959
0.30 1958
0.30 1957
0.31 1956
0.31 1955
0.31 1954
0.31 1953
0.31 1952
0.31 1951
0.31 1950
0.31 1949
0.32 1948
0.32 1947
0.32 1946
0.32 1945
0.32 1944
0.32 1943
0.33 1942
0.33 1941
0.33 1940
0.33 1939
0.33 1938
0.33 1937
0.33 1936
0.33 1935
0.33 1934
0.34 1933
0.34 1932
0.36 1931
2.56 1930
2.56 1929
2.56 1928
2.56 1927
2.58 1926
