0.00 5684
3.31 4786
3.31 4785
3.56 4611
3.76 4446
3.76 4445
3.76 4444
3.76 4443
3.76 4442
3.76 4441
3.76 4440
3.77 4439
3.77 4438
3.77 4437
3.77 4436
3.77 4435
3.77 4434
3.78 4433
3.78 4432
3.78 4431
3.78 4430
3.78 4429
3.78 4428
3.78 4427
3.79 4426
3.79 4425
3.79 4424
3.79 4423
3.79 4422
3.79 4421
3.79 4420
3.79 4419
3.79 4418
3.79 4417
3.79 4416
3.80 4415
3.80 4414
3.80 4413
3.80 4412
3.80 4411
3.80 4410
3.80 4409
3.80 4408
3.80 4407
3.80 4406
3.80 4405
3.81 4404
3.81 4403
3.81 4402
3.81 4401
3.81 4400
3.81 4399
3.81 4398
3.81 4397
3.82 4396
3.82 4395
3.82 4394
3.82 4393
3.82 4392
3.82 4391
3.82 4390
3.82 4389
3.82 4388
3.82 4387
3.82 4386
3.87 4339
3.87 4338
3.87 4337
3.87 4336
3.87 4335
3.91 4334
3.91 4333
3.91 4332
3.91 4331
3.92 4330
3.92 4329
3.93 4328
3.93 4327
3.93 4326
3.93 4325
3.93 4324
3.93 4323
3.93 4322
3.93 4321
3.93 4320
3.93 4319
3.93 4318
3.93 4317
3.94 4316
3.94 4315
3.94 4314
3.94 4313
3.95 4312
3.95 4311
3.95 4310
3.95 4309
3.95 4308
3.95 4307
3.95 4306
3.95 4305
3.95 4304
3.95 4303
3.95 4302
3.95 4301
3.97 4267
3.97 4266
3.97 4265
3.99 4264
3.99 4263
3.99 4262
3.99 4261
3.99 4260
3.99 4259
3.99 4258
3.99 4257
4.00 4256
4.00 4255
4.00 4254
4.00 4253
4.00 4252
4.00 4251
4.02 4241
4.02 4240
4.02 4239
4.02 4238
4.02 4237
4.03 4236
4.03 4235
4.03 4234
4.03 4233
4.03 4232
4.03 4231
4.03 4230
4.03 4229
4.03 4228
4.03 4227
4.04 4226
4.04 4225
4.04 4224
4.05 4223
4.05 4222
4.05 4221
4.05 4220
4.05 4219
4.05 4218
4.06 4217
4.06 4216
4.06 4215
4.06 4214
4.06 4213
4.06 4212
4.06 4211
4.06 4210
4.06 4209
4.06 4208
4.06 4207
4.07 4206
4.07 4205
4.07 4204
4.07 4203
4.07 4202
4.07 4201
4.07 4200
4.07 4199
4.07 4198
4.08 4197
4.08 4196
4.08 4195
4.08 4194
4.08 4193
4.08 4192
4.08 4191
4.08 4190
4.08 4189
4.08 4188
4.08 4187
4.08 4186
4.09 4185
4.09 4184
4.09 4183
4.09 4182
4.09 4181
4.09 4180
4.09 4179
4.09 4178
4.10 4177
4.10 4176
4.10 4175
4.10 4174
4.10 4173
4.13 4172
4.13 4171
4.13 4170
4.14 4169
4.14 4168
4.14 4167
4.14 4166
4.14 4165
4.16 4164
4.16 4163
4.17 4162
4.18 4141
4.18 4140
4.19 4139
4.19 4138
4.19 4137
4.19 4136
4.19 4135
4.19 4134
4.19 4133
4.19 4132
4.19 4131
4.19 4130
4.19 4129
4.19 4128
4.20 4127
4.20 4126
4.20 4125
4.20 4124
4.20 4123
4.20 4122
4.20 4121
4.20 4120
4.20 4119
4.20 4118
4.20 4117
4.21 4116
4.21 4115
4.21 4114
4.21 4113
4.21 4112
4.21 4111
4.24 4067
4.24 4066
4.24 4065
4.24 4064
4.25 4063
4.25 4062
4.25 4061
4.25 4060
4.25 4059
4.25 4058
4.26 4057
4.26 4056
4.26 4055
4.26 4054
4.26 4053
4.26 4052
4.33 4050
4.34 4049
4.34 4048
4.34 4047
4.34 4046
4.34 4045
4.34 4044
4.34 4043
4.34 4042
4.34 4041
4.34 4040
4.34 4039
4.34 4038
4.35 4037
4.45 3968
4.45 3967
4.45 3966
4.45 3965
4.45 3964
4.45 3963
4.45 3962
4.46 3961
4.46 3960
4.46 3959
4.46 3958
4.46 3957
4.46 3956
4.46 3955
4.46 3954
4.46 3953
4.47 3952
4.47 3951
4.47 3950
4.47 3949
4.47 3948
4.47 3947
4.47 3946
4.58 3907
4.58 3906
4.58 3905
4.58 3904
4.58 3903
4.59 3902
4.59 3901
4.59 3900
4.59 3899
4.59 3898
4.59 3897
4.59 3896
4.59 3895
4.59 3894
4.59 3893
4.60 3892
4.60 3891
4.60 3890
4.60 3889
4.60 3888
4.60 3887
4.60 3886
4.60 3885
4.60 3884
4.60 3883
4.60 3882
4.60 3881
4.60 3880
4.61 3879
4.61 3878
4.61 3877
4.61 3876
4.61 3875
4.61 3874
4.61 3873
4.61 3872
4.62 3871
4.62 3870
4.62 3869
4.62 3868
4.62 3867
4.62 3866
4.62 3865
4.62 3864
4.62 3863
4.62 3862
4.62 3861
4.63 3860
4.63 3859
4.63 3858
4.63 3857
4.63 3856
4.63 3855
4.63 3854
4.63 3853
4.63 3852
4.63 3851
4.64 3850
4.64 3849
4.64 3848
4.64 3847
4.64 3846
4.70 3821
4.70 3820
4.70 3819
4.70 3818
4.71 3817
4.71 3816
4.71 3815
4.71 3814
4.71 3813
4.71 3812
4.71 3811
4.71 3810
4.71 3809
4.72 3808
4.72 3807
4.72 3806
4.72 3805
4.72 3804
4.73 3803
4.73 3802
4.73 3801
4.73 3800
4.74 3799
4.74 3798
4.74 3797
4.74 3796
4.74 3795
4.74 3794
4.75 3793
4.75 3792
4.75 3791
4.75 3790
4.75 3789
4.76 3788
4.76 3787
4.76 3786
4.76 3785
4.76 3784
4.76 3783
4.76 3782
4.76 3781
4.76 3780
4.76 3779
4.76 3778
4.76 3777
4.77 3776
4.78 3775
4.78 3774
4.78 3773
4.78 3772
4.78 3771
4.78 3770
4.78 3769
4.78 3768
4.79 3767
4.79 3766
4.79 3765
4.79 3764
4.85 3763
4.85 3762
4.86 3761
4.86 3760
4.86 3759
4.86 3758
4.86 3757
4.86 3756
4.86 3755
4.86 3754
4.86 3753
4.87 3752
4.87 3751
4.87 3750
4.87 3749
4.87 3748
4.87 3747
4.87 3746
4.87 3745
4.87 3744
4.87 3743
4.88 3742
4.88 3741
4.88 3740
4.88 3739
4.88 3738
4.88 3737
4.89 3736
4.89 3735
4.89 3734
4.89 3733
4.89 3732
4.89 3731
4.90 3730
4.90 3729
4.90 3728
4.91 3727
4.91 3726
4.91 3725
4.91 3724
4.91 3723
4.91 3722
4.91 3721
4.91 3720
4.91 3719
4.91 3718
4.91 3717
4.91 3716
4.92 3715
4.92 3714
4.92 3713
4.92 3712
4.92 3711
4.92 3710
4.92 3709
4.92 3708
4.92 3707
4.92 3706
4.93 3705
4.93 3704
4.93 3703
4.93 3702
4.93 3701
4.93 3700
4.93 3699
4.94 3698
4.94 3697
4.94 3696
4.94 3695
4.94 3694
4.94 3693
4.94 3692
4.94 3691
4.94 3690
4.94 3689
4.95 3688
4.95 3687
4.95 3686
4.95 3685
4.95 3684
4.95 3683
4.95 3682
4.95 3681
4.96 3680
4.96 3679
4.96 3678
4.96 3677
5.06 3676
5.06 3675
5.07 3674
5.07 3673
5.07 3672
5.07 3671
5.07 3670
5.08 3669
5.08 3668
5.08 3667
5.08 3666
5.08 3665
5.08 3664
5.08 3663
5.08 3662
5.08 3661
5.08 3660
5.09 3659
5.09 3658
5.09 3657
5.09 3656
5.09 3655
5.09 3654
5.09 3653
5.09 3652
5.10 3651
5.10 3650
5.10 3649
5.10 3648
5.10 3647
5.10 3646
5.10 3645
5.10 3644
5.14 3637
5.14 3636
5.14 3635
5.14 3634
5.14 3633
5.14 3632
5.14 3631
5.14 3630
5.14 3629
5.16 3628
5.17 3627
5.17 3626
5.17 3625
5.17 3624
5.17 3623
5.17 3622
5.17 3621
5.17 3620
5.17 3619
5.18 3618
5.18 3617
5.18 3616
5.18 3615
5.18 3614
5.18 3613
5.18 3612
5.18 3611
5.18 3610
5.19 3609
5.19 3608
5.19 3607
5.19 3606
5.21 3605
5.21 3604
5.21 3603
5.21 3602
5.21 3601
5.21 3600
5.22 3599
5.22 3598
5.22 3597
5.22 3596
5.22 3595
5.22 3594
5.22 3593
5.23 3592
5.23 3591
5.23 3590
5.23 3589
5.23 3588
5.23 3587
5.31 3586
5.31 3585
5.31 3584
5.31 3583
5.31 3582
5.32 3581
5.32 3580
5.32 3579
5.32 3578
5.32 3577
5.32 3576
5.32 3575
5.33 3574
5.33 3573
5.33 3572
5.33 3571
5.33 3570
5.33 3569
5.34 3568
5.36 3567
5.36 3566
5.36 3565
5.36 3564
5.36 3563
5.36 3562
5.36 3561
5.36 3560
5.36 3559
5.37 3558
5.37 3557
5.37 3556
5.37 3555
5.37 3554
5.37 3553
5.37 3552
5.37 3551
5.38 3550
5.38 3549
5.41 3548
5.41 3547
5.41 3546
5.41 3545
5.42 3544
5.42 3543
5.42 3542
5.43 3541
5.43 3540
5.43 3539
5.43 3538
5.43 3537
5.45 3536
5.45 3535
5.46 3534
5.46 3533
5.46 3532
5.46 3531
5.47 3530
5.47 3529
5.47 3528
5.47 3527
5.47 3526
5.56 3525
5.56 3524
5.56 3523
5.56 3522
5.56 3521
5.57 3520
5.57 3519
5.57 3518
5.57 3517
5.57 3516
5.57 3515
5.57 3514
5.58 3513
5.59 3512
5.59 3511
5.59 3510
5.59 3509
5.59 3508
5.60 3507
5.60 3506
5.60 3505
5.61 3504
5.61 3503
5.61 3502
5.61 3501
5.61 3500
5.64 3499
5.64 3498
5.64 3497
5.64 3496
5.64 3495
5.64 3494
5.65 3493
5.65 3492
5.65 3491
5.65 3490
5.65 3489
5.65 3488
5.66 3487
5.66 3486
5.66 3485
5.66 3484
5.67 3483
5.67 3482
5.67 3481
5.67 3480
5.67 3479
5.67 3478
5.67 3477
5.67 3476
5.68 3475
5.68 3474
5.68 3473
5.68 3472
5.68 3471
5.68 3470
5.68 3469
5.69 3468
5.69 3467
5.69 3466
5.69 3465
5.69 3464
5.76 3463
5.78 3462
5.78 3461
5.78 3460
5.78 3459
5.78 3458
5.78 3457
5.78 3456
5.78 3455
5.78 3454
5.78 3453
5.80 3452
5.80 3451
5.80 3450
5.80 3449
5.81 3448
5.81 3447
5.81 3446
5.83 3445
5.96 3444
5.99 3443
5.99 3442
5.99 3441
5.99 3440
6.00 3439
6.00 3438
6.00 3437
6.00 3436
6.00 3435
6.00 3434
6.00 3433
6.00 3432
6.00 3431
6.01 3430
6.01 3429
6.05 3428
6.05 3427
6.05 3426
6.06 3425
6.06 3424
6.06 3423
6.06 3422
6.06 3421
6.07 3420
6.08 3419
6.08 3418
6.09 3417
6.09 3416
6.09 3415
6.09 3414
6.09 3413
6.10 3412
6.10 3411
6.19 3410
6.19 3409
6.20 3408
6.20 3407
6.20 3406
6.22 3405
6.22 3404
6.23 3403
6.23 3402
6.26 3401
6.27 3400
6.28 3399
6.28 3398
6.28 3397
6.28 3396
6.29 3395
6.29 3394
6.29 3393
6.29 3392
6.30 3391
6.30 3390
6.31 3389
6.31 3388
6.31 3387
6.31 3386
6.31 3385
6.31 3384
6.32 3383
6.32 3382
6.32 3381
6.36 3380
6.36 3379
6.36 3378
6.36 3377
6.52 3376
6.53 3375
6.53 3374
6.53 3373
6.55 3372
6.55 3371
6.60 3370
6.63 3369
6.63 3368
6.63 3367
6.63 3366
6.73 3365
6.73 3364
6.73 3363
6.73 3362
6.73 3361
6.74 3360
6.75 3359
6.81 3358
6.82 3357
6.82 3356
6.83 3355
6.83 3354
6.84 3353
6.84 3352
6.89 3351
6.89 3350
6.89 3349
6.89 3348
6.89 3347
6.94 3346
6.94 3345
6.94 3344
7.11 3343
7.11 3342
7.25 3341
7.25 3340
7.32 3339
7.33 3338
7.34 3337
7.41 3336
7.41 3335
7.41 3334
7.48 3333
7.70 3332
7.78 3331
7.92 3330
