0.00 5678
0.03 5677
0.04 5676
0.04 5675
0.04 5674
0.04 5673
0.04 5672
0.04 5671
0.04 5670
0.04 5669
0.04 5668
0.04 5667
0.04 5666
0.04 5665
0.04 5664
0.04 5663
0.04 5662
0.04 5661
0.04 5660
3.55 4196
3.55 4195
3.55 4194
3.55 4193
3.55 4192
3.60 4191
3.60 4190
3.62 4175
3.62 4174
3.62 4173
3.63 4172
3.63 4171
3.63 4170
3.63 4169
3.63 4168
3.63 4167
3.80 4152
3.80 4151
3.80 4150
3.80 4149
3.80 4148
3.80 4147
3.80 4146
3.80 4145
3.82 4139
3.82 4138
3.82 4137
3.82 4136
3.82 4135
3.82 4134
3.82 4133
3.89 4127
3.89 4126
3.91 4125
3.91 4124
3.91 4123
3.91 4122
3.91 4121
3.91 4120
4.00 4111
4.00 4110
4.02 4109
4.02 4108
4.02 4107
4.02 4106
4.02 4105
4.02 4104
4.02 4103
4.02 4102
4.02 4101
4.16 4097
4.16 4096
4.16 4095
4.16 4094
4.16 4093
4.16 4092
4.16 4091
4.16 4090
4.16 4089
4.16 4088
4.27 4087
4.30 4086
4.30 4085
4.30 4084
4.30 4083
4.30 4082
4.30 4081
4.30 4080
4.30 4079
4.30 4078
4.30 4077
4.33 4076
4.33 4075
4.33 4074
4.33 4073
4.33 4072
4.33 4071
4.33 4070
4.33 4069
4.33 4068
4.33 4067
4.33 4066
4.33 4065
4.33 4064
4.59 4054
4.62 4053
4.62 4052
4.68 4051
4.68 4050
4.68 4049
4.68 4048
4.68 4047
4.68 4046
4.68 4045
4.73 4044
4.73 4043
4.73 4042
4.73 4041
4.73 4040
4.73 4039
4.78 4038
4.78 4037
4.78 4036
4.81 4035
4.81 4034
4.81 4033
4.81 4032
4.81 4031
4.81 4030
4.81 4029
4.81 4028
4.81 4027
4.81 4026
4.83 4025
4.83 4024
4.83 4023
4.83 4022
4.88 4021
4.88 4020
4.88 4019
4.88 4018
4.88 4017
4.88 4016
4.88 4015
4.88 4014
4.88 4013
4.88 4012
5.07 4011
5.07 4010
5.08 4009
5.08 4008
5.08 4007
5.08 4006
5.10 4005
5.10 4004
5.10 4003
5.10 4002
5.11 4001
5.13 4000
5.13 3999
5.13 3998
5.13 3997
5.13 3996
5.14 3995
5.14 3994
5.14 3993
5.25 3992
5.25 3991
5.25 3990
5.27 3989
5.27 3988
5.27 3987
5.27 3986
5.27 3985
5.27 3984
5.49 3983
5.49 3982
5.49 3981
5.49 3980
5.49 3979
5.49 3978
5.49 3977
5.49 3976
5.49 3975
5.49 3974
5.65 3973
5.65 3972
5.65 3971
5.76 3970
5.76 3969
5.76 3968
5.76 3967
5.82 3966
5.82 3965
5.82 3964
5.82 3963
5.82 3962
5.84 3961
5.84 3960
5.99 3959
5.99 3958
5.99 3957
5.99 3956
6.00 3955
6.02 3954
6.04 3953
6.11 3952
6.37 3951
6.37 3950
6.59 3949
6.59 3948
6.59 3947
6.65 3946
6.65 3945
8.26 3944
