0.00 5684
0.08 5683
2.92 5236
2.93 5235
2.93 5234
2.93 5233
2.93 5232
2.93 5231
2.93 5230
2.93 5229
2.93 5228
2.93 5227
2.93 5226
2.93 5225
2.94 5224
2.94 5223
3.37 4821
3.37 4820
3.39 4819
3.39 4818
3.39 4817
3.39 4816
3.39 4815
3.39 4814
3.39 4813
3.39 4812
3.39 4811
3.40 4810
3.40 4809
3.40 4808
3.40 4807
3.40 4806
3.40 4805
3.40 4804
3.49 4706
3.49 4705
3.49 4704
3.49 4703
3.49 4702
3.49 4701
3.49 4700
3.49 4699
3.49 4698
3.49 4697
3.49 4696
3.49 4695
3.49 4694
3.49 4693
3.53 4612
3.53 4611
3.53 4610
3.53 4609
3.53 4608
3.53 4607
3.53 4606
3.53 4605
3.53 4604
3.53 4603
3.77 4447
3.78 4446
3.78 4445
3.78 4444
3.78 4443
3.78 4442
3.78 4441
3.78 4424
3.79 4423
3.79 4422
3.79 4421
3.79 4420
3.79 4419
3.79 4418
3.79 4417
3.79 4416
3.79 4415
3.79 4414
3.79 4413
3.79 4412
3.79 4411
3.79 4410
3.79 4409
3.79 4408
3.79 4407
3.79 4406
3.80 4405
3.80 4404
3.80 4403
3.80 4402
3.80 4401
3.80 4400
3.80 4399
3.80 4398
3.80 4397
3.80 4396
3.80 4395
3.80 4394
3.80 4393
3.86 4356
3.86 4355
3.88 4354
3.88 4353
3.88 4352
3.88 4351
3.88 4350
3.88 4349
3.88 4348
3.88 4347
3.88 4346
3.88 4345
3.88 4344
3.88 4343
3.90 4342
3.90 4341
3.90 4340
3.90 4339
3.90 4338
3.90 4337
3.91 4336
3.91 4335
3.91 4334
3.91 4333
3.91 4332
3.91 4331
3.91 4330
3.91 4329
3.92 4328
3.92 4327
3.92 4326
3.92 4325
3.92 4324
3.92 4323
3.92 4322
3.92 4321
3.95 4295
3.95 4294
3.95 4293
4.12 4198
4.13 4197
4.13 4196
4.13 4195
4.13 4194
4.13 4193
4.13 4192
4.13 4191
4.13 4190
4.13 4189
4.14 4188
4.14 4187
4.14 4186
4.14 4185
4.14 4184
4.14 4183
4.14 4182
4.14 4181
4.15 4180
4.16 4179
4.16 4178
4.25 4141
4.25 4140
4.25 4139
4.25 4138
4.25 4137
4.25 4136
4.25 4135
4.25 4134
4.25 4133
4.26 4132
4.26 4131
4.26 4130
4.26 4129
4.27 4128
4.27 4127
4.27 4126
4.27 4125
4.27 4124
4.27 4123
4.27 4122
4.27 4121
4.27 4120
4.27 4119
4.29 4118
4.29 4117
4.29 4116
4.30 4115
4.30 4114
4.31 4113
4.31 4112
4.31 4111
4.31 4110
4.31 4109
4.31 4108
4.31 4107
4.31 4106
4.31 4105
4.31 4104
4.31 4103
4.32 4102
4.32 4101
4.32 4100
4.32 4099
4.32 4098
4.32 4097
4.33 4096
4.33 4095
4.33 4094
4.33 4093
4.33 4092
4.33 4091
4.33 4090
4.33 4089
4.34 4088
4.34 4087
4.34 4086
4.34 4085
4.36 4084
4.36 4083
4.37 4082
4.37 4081
4.37 4080
4.37 4079
4.37 4078
4.38 4077
4.38 4076
4.38 4075
4.38 4074
4.38 4073
4.38 4072
4.38 4071
4.38 4070
4.39 4069
4.39 4068
4.39 4067
4.39 4066
4.39 4065
4.39 4064
4.39 4063
4.39 4062
4.39 4061
4.40 4060
4.40 4059
4.40 4058
4.40 4057
4.40 4056
4.40 4055
4.40 4054
4.40 4053
4.40 4052
4.40 4051
4.41 4050
4.41 4049
4.41 4048
4.41 4047
4.41 4046
4.41 4045
4.41 4044
4.42 4043
4.42 4042
4.42 4041
4.42 4040
4.43 4039
4.43 4038
4.43 4037
4.43 4036
4.43 4035
4.43 4034
4.43 4033
4.43 4032
4.43 4031
4.44 4030
4.44 4029
4.44 4028
4.44 4027
4.44 4026
4.44 4025
4.44 4024
4.44 4023
4.44 4022
4.44 4021
4.44 4020
4.44 4019
4.44 4018
4.47 4017
4.47 4016
4.47 4015
4.47 4014
4.47 4013
4.47 4012
4.48 4011
4.48 4010
4.48 4009
4.48 4008
4.48 4007
4.48 4006
4.48 4005
4.48 4004
4.49 4003
4.49 4002
4.49 4001
4.49 4000
4.49 3999
4.49 3998
4.49 3997
4.49 3996
4.49 3995
4.49 3994
4.49 3993
4.49 3992
4.49 3991
4.50 3990
4.51 3989
4.51 3988
4.51 3987
4.51 3986
4.51 3985
4.51 3984
4.51 3983
4.51 3982
4.51 3981
4.51 3980
4.51 3979
4.51 3978
4.51 3977
4.52 3976
4.52 3975
4.52 3974
4.52 3973
4.52 3972
4.53 3971
4.53 3970
4.53 3969
4.53 3968
4.53 3967
4.53 3966
4.53 3965
4.53 3964
4.53 3963
4.53 3962
4.53 3961
4.54 3960
4.54 3959
4.54 3958
4.54 3957
4.54 3956
4.54 3955
4.54 3954
4.54 3953
4.55 3952
4.55 3951
4.56 3950
4.56 3949
4.56 3948
4.56 3947
4.56 3946
4.56 3945
4.56 3944
4.56 3943
4.56 3942
4.56 3941
4.57 3940
4.57 3939
4.57 3938
4.57 3937
4.57 3936
4.57 3935
4.57 3934
4.58 3933
4.58 3932
4.58 3931
4.58 3930
4.58 3929
4.58 3928
4.58 3927
4.58 3926
4.59 3925
4.59 3924
4.59 3923
4.59 3922
4.59 3921
4.59 3920
4.59 3919
4.59 3918
4.59 3917
4.59 3916
4.60 3915
4.60 3914
4.61 3913
4.61 3912
4.64 3911
4.64 3910
4.64 3909
4.64 3908
4.64 3907
4.65 3906
4.66 3905
4.66 3904
4.66 3903
4.66 3902
4.66 3901
4.66 3900
4.67 3899
4.67 3898
4.67 3897
4.68 3896
4.68 3895
4.68 3894
4.68 3893
4.68 3892
4.68 3891
4.68 3890
4.69 3889
4.69 3888
4.69 3887
4.69 3886
4.69 3885
4.69 3884
4.69 3883
4.69 3882
4.69 3881
4.69 3880
4.69 3879
4.69 3878
4.69 3877
4.69 3876
4.70 3875
4.70 3874
4.71 3873
4.71 3872
4.71 3871
4.71 3870
4.71 3869
4.71 3868
4.71 3867
4.71 3866
4.71 3865
4.76 3838
4.76 3837
4.77 3836
4.77 3835
4.77 3834
4.77 3833
4.77 3832
4.77 3831
4.77 3830
4.77 3829
4.77 3828
4.77 3827
4.77 3826
4.77 3825
4.77 3824
4.77 3823
4.79 3822
4.79 3821
4.79 3820
4.79 3819
4.79 3818
4.79 3817
4.79 3816
4.79 3815
4.79 3814
4.79 3813
4.79 3812
4.79 3811
4.79 3810
4.79 3809
4.79 3808
4.80 3807
4.81 3806
4.81 3805
4.81 3804
4.81 3803
4.81 3802
4.81 3801
4.81 3800
4.81 3799
4.81 3798
4.81 3797
4.81 3796
4.81 3795
4.82 3794
4.82 3793
4.82 3792
4.83 3791
4.83 3790
4.83 3789
4.83 3788
4.83 3787
4.83 3786
4.83 3785
4.83 3784
4.84 3783
4.84 3782
4.84 3781
4.84 3780
4.84 3779
4.84 3778
4.84 3777
4.84 3776
4.86 3775
4.86 3774
4.86 3773
4.86 3772
4.86 3771
4.86 3770
4.86 3769
4.86 3768
4.87 3767
4.87 3766
4.87 3765
4.88 3764
4.88 3763
4.88 3762
4.88 3761
4.88 3760
4.88 3759
4.88 3758
4.88 3757
4.88 3756
4.88 3755
4.88 3754
4.89 3753
4.89 3752
4.92 3751
4.92 3750
4.92 3749
4.92 3748
4.92 3747
4.93 3746
4.94 3745
4.94 3744
4.94 3743
4.96 3742
4.96 3741
4.96 3740
4.96 3739
4.96 3738
4.96 3737
4.96 3736
4.96 3735
4.97 3734
4.97 3733
4.97 3732
4.97 3731
4.97 3730
4.97 3729
4.97 3728
4.99 3707
4.99 3706
4.99 3705
4.99 3704
5.00 3703
5.00 3702
5.01 3701
5.01 3700
5.01 3699
5.01 3698
5.01 3697
5.01 3696
5.03 3695
5.03 3694
5.03 3693
5.03 3692
5.03 3691
5.03 3690
5.03 3689
5.04 3688
5.04 3687
5.04 3686
5.04 3685
5.04 3684
5.08 3683
5.08 3682
5.08 3681
5.08 3680
5.09 3679
5.09 3678
5.09 3677
5.09 3676
5.09 3675
5.09 3674
5.09 3673
5.12 3672
5.13 3671
5.13 3670
5.13 3669
5.13 3668
5.13 3667
5.13 3666
5.13 3665
5.14 3664
5.14 3663
5.14 3662
5.14 3661
5.14 3660
5.14 3659
5.14 3658
5.14 3657
5.14 3656
5.14 3655
5.14 3654
5.14 3653
5.15 3652
5.15 3651
5.16 3650
5.16 3649
5.16 3648
5.16 3647
5.16 3646
5.18 3645
5.18 3644
5.18 3643
5.24 3642
5.24 3641
5.24 3640
5.24 3639
5.24 3638
5.24 3637
5.26 3636
5.26 3635
5.26 3634
5.26 3633
5.26 3632
5.26 3631
5.26 3630
5.27 3629
5.27 3628
5.27 3627
5.27 3626
5.27 3625
5.27 3624
5.27 3623
5.29 3622
5.29 3621
5.29 3620
5.29 3619
5.29 3618
5.29 3617
5.29 3616
5.29 3615
5.31 3614
5.31 3613
5.32 3612
5.32 3611
5.32 3610
5.32 3609
5.32 3608
5.32 3607
5.32 3606
5.32 3605
5.33 3604
5.33 3603
5.33 3602
5.33 3601
5.34 3600
5.34 3599
5.34 3598
5.34 3597
5.34 3596
5.34 3595
5.35 3594
5.35 3593
5.35 3592
5.36 3591
5.36 3590
5.36 3589
5.36 3588
5.36 3587
5.36 3586
5.37 3585
5.37 3584
5.37 3583
5.37 3582
5.37 3581
5.38 3580
5.38 3579
5.38 3578
5.38 3577
5.38 3576
5.39 3575
5.39 3574
5.40 3573
5.40 3572
5.40 3571
5.41 3570
5.46 3569
5.46 3568
5.51 3567
5.51 3566
5.51 3565
5.52 3564
5.52 3563
5.52 3562
5.52 3561
5.52 3560
5.52 3559
5.52 3558
5.54 3557
5.54 3556
5.54 3555
5.54 3554
5.54 3553
5.54 3552
5.55 3551
5.55 3550
5.55 3549
5.55 3548
5.55 3547
5.55 3546
5.55 3545
5.56 3544
5.57 3543
5.57 3542
5.57 3541
5.57 3540
5.57 3539
5.57 3538
5.57 3537
5.57 3536
5.57 3535
5.58 3534
5.58 3533
5.58 3532
5.58 3531
5.59 3530
5.59 3529
5.59 3528
5.59 3527
5.59 3526
5.59 3525
5.59 3524
5.60 3523
5.60 3522
5.60 3521
5.60 3520
5.60 3519
5.60 3518
5.60 3517
5.60 3516
5.60 3515
5.60 3514
5.60 3513
5.69 3512
5.69 3511
5.69 3510
5.69 3509
5.69 3508
5.70 3507
5.70 3506
5.70 3505
5.70 3504
5.72 3503
5.72 3502
5.72 3501
5.72 3500
5.72 3499
5.72 3498
5.72 3497
5.73 3496
5.73 3495
5.73 3494
5.73 3493
5.73 3492
5.73 3491
5.75 3490
5.75 3489
5.75 3488
5.76 3487
5.76 3486
5.80 3485
5.80 3484
5.80 3483
5.80 3482
5.80 3481
5.80 3480
5.80 3479
5.81 3478
5.81 3477
5.83 3476
5.83 3475
5.83 3474
5.86 3473
5.87 3472
5.88 3471
5.88 3470
5.88 3469
5.88 3468
5.88 3467
5.88 3466
5.88 3465
5.88 3464
5.88 3463
5.89 3462
5.89 3461
5.90 3460
5.90 3459
5.90 3458
5.92 3457
5.92 3456
5.92 3455
5.92 3454
5.92 3453
5.93 3452
5.93 3451
5.94 3450
5.95 3449
5.99 3448
5.99 3447
6.00 3446
6.00 3445
6.01 3444
6.01 3443
6.02 3442
6.04 3441
6.04 3440
6.04 3439
6.04 3438
6.04 3437
6.04 3436
6.04 3435
6.04 3434
6.07 3433
6.08 3432
6.08 3431
6.09 3430
6.09 3429
6.12 3428
6.12 3427
6.12 3426
6.13 3425
6.13 3424
6.13 3423
6.13 3422
6.14 3421
6.20 3420
6.20 3419
6.21 3418
6.21 3417
6.21 3416
6.21 3415
6.21 3414
6.21 3413
6.22 3412
6.22 3411
6.22 3410
6.22 3409
6.30 3408
6.30 3407
6.30 3406
6.31 3405
6.33 3404
6.34 3403
6.34 3402
6.34 3401
6.34 3400
6.34 3399
6.34 3398
6.35 3397
6.35 3396
6.35 3395
6.35 3394
6.36 3393
6.36 3392
6.36 3391
6.37 3390
6.37 3389
6.37 3388
6.37 3387
6.38 3386
6.38 3385
6.50 3384
6.50 3383
6.50 3382
6.51 3381
6.51 3380
6.51 3379
6.51 3378
6.52 3377
6.52 3376
6.53 3375
6.53 3374
6.53 3373
6.53 3372
6.54 3371
6.54 3370
6.67 3369
6.67 3368
6.68 3367
6.68 3366
6.68 3365
6.68 3364
6.68 3363
6.83 3362
6.83 3361
6.83 3360
6.91 3359
6.91 3358
6.96 3357
6.99 3356
7.00 3355
7.11 3354
7.11 3353
7.12 3352
7.12 3351
7.12 3350
7.14 3349
7.14 3348
7.15 3347
7.45 3346
7.55 3345
7.56 3344
7.57 3343
7.60 3342
7.99 3341
