0.00 2000
0.57 1999
0.57 1998
0.72 1688
0.72 1687
0.72 1686
0.72 1685
0.72 1684
0.72 1683
0.72 1682
0.72 1681
0.72 1680
0.72 1679
0.72 1678
0.72 1677
0.72 1676
0.72 1675
0.72 1674
0.72 1673
0.72 1672
0.72 1671
0.72 1670
0.72 1669
0.72 1668
0.72 1667
0.72 1666
0.72 1665
0.72 1664
0.72 1663
0.72 1662
0.72 1661
0.72 1660
0.72 1659
0.72 1658
0.72 1657
0.72 1656
0.72 1655
0.72 1654
0.72 1653
0.72 1652
0.72 1651
0.72 1650
0.72 1649
0.72 1648
0.72 1647
0.72 1646
0.72 1645
0.72 1644
0.72 1643
0.72 1642
0.73 1641
0.73 1640
0.73 1639
0.74 1638
0.74 1637
0.74 1636
0.74 1635
0.74 1634
0.74 1633
0.74 1632
0.74 1631
0.74 1630
0.74 1629
0.74 1628
0.74 1627
0.74 1626
0.74 1625
0.74 1624
0.74 1623
0.74 1622
0.74 1621
0.74 1620
0.74 1619
0.74 1618
0.74 1617
0.74 1616
0.74 1615
0.74 1614
0.74 1613
0.74 1612
0.74 1611
0.74 1610
0.74 1609
0.74 1608
0.74 1607
0.74 1606
0.74 1605
0.74 1604
0.74 1603
0.74 1602
0.74 1601
0.74 1600
0.74 1599
0.74 1598
0.74 1597
0.74 1596
0.74 1595
0.74 1594
0.74 1593
0.74 1592
0.74 1591
0.74 1590
0.74 1589
0.74 1588
0.74 1587
0.74 1586
0.74 1585
0.75 1584
0.75 1583
0.75 1582
0.75 1581
0.75 1580
0.75 1579
0.75 1578
0.75 1577
0.75 1576
0.75 1575
0.75 1574
0.75 1573
0.75 1572
0.75 1571
0.75 1570
0.75 1569
0.75 1568
0.75 1567
0.75 1566
0.75 1565
0.75 1564
0.75 1563
0.75 1562
0.75 1561
0.75 1560
0.75 1559
0.75 1558
0.75 1557
0.75 1556
0.75 1555
0.75 1554
0.75 1553
0.75 1552
0.75 1551
0.75 1550
0.75 1549
0.75 1548
0.75 1547
0.75 1546
0.75 1545
0.75 1544
0.75 1543
0.75 1542
0.75 1541
0.75 1540
0.75 1539
0.75 1538
0.75 1537
0.75 1536
0.75 1535
0.75 1534
0.75 1533
0.75 1532
0.75 1531
0.75 1530
0.75 1529
0.75 1528
0.75 1527
0.75 1526
0.75 1525
0.75 1524
0.77 1523
0.77 1522
0.77 1521
0.77 1520
0.77 1519
0.77 1518
0.77 1517
0.77 1516
0.77 1515
0.77 1514
0.77 1513
0.77 1512
0.77 1511
0.77 1510
0.77 1509
0.77 1508
0.77 1507
0.77 1506
0.77 1505
0.77 1504
0.77 1503
0.77 1502
0.77 1501
0.77 1500
0.77 1499
0.77 1498
0.77 1497
0.77 1496
0.77 1495
0.77 1494
0.77 1493
0.77 1492
0.77 1491
0.77 1490
0.77 1489
0.77 1488
0.77 1487
0.77 1486
0.77 1485
0.77 1484
0.77 1483
0.77 1482
0.77 1481
0.77 1480
0.77 1479
0.77 1478
0.77 1477
0.77 1476
0.77 1475
0.77 1474
0.78 1473
0.78 1472
0.78 1471
0.78 1470
0.79 1469
0.79 1468
0.79 1467
0.79 1466
0.79 1465
0.79 1464
0.79 1463
0.79 1462
0.79 1461
0.79 1460
0.79 1459
0.79 1458
0.79 1457
0.79 1456
0.79 1455
0.79 1454
0.79 1453
0.79 1452
0.79 1451
0.79 1450
0.79 1449
0.79 1448
0.79 1447
0.79 1446
0.79 1445
0.79 1444
0.79 1443
0.79 1442
0.79 1441
0.79 1440
0.79 1439
0.79 1438
0.79 1437
0.79 1436
0.79 1435
0.79 1434
0.79 1433
0.80 1432
0.80 1431
0.80 1430
0.80 1429
0.80 1428
0.80 1427
0.80 1426
0.80 1425
0.80 1424
0.80 1423
0.80 1422
0.80 1421
0.80 1420
0.80 1419
0.80 1418
0.80 1417
0.80 1416
0.80 1415
0.80 1414
0.80 1413
0.80 1412
0.80 1411
0.80 1410
0.80 1409
0.80 1408
0.80 1407
0.80 1406
0.80 1405
0.80 1404
0.82 1403
0.82 1402
0.82 1401
0.82 1400
0.82 1399
0.82 1398
0.82 1397
0.82 1396
0.82 1395
0.82 1394
0.82 1393
0.82 1392
0.82 1391
0.82 1390
0.82 1389
0.82 1388
0.82 1387
0.82 1386
0.82 1385
0.82 1384
0.82 1383
0.82 1382
0.82 1381
0.82 1380
0.82 1379
0.82 1378
0.82 1377
0.82 1376
0.82 1375
0.82 1374
0.82 1373
0.82 1372
0.82 1371
0.82 1370
0.82 1369
0.82 1368
0.82 1367
0.82 1366
0.82 1365
0.82 1364
0.82 1363
0.82 1362
0.82 1361
0.82 1360
0.82 1359
0.82 1358
0.83 1357
0.83 1356
0.84 1355
0.84 1354
0.84 1353
0.84 1352
0.84 1351
0.84 1350
0.84 1349
0.84 1348
0.84 1347
0.84 1346
0.84 1345
0.84 1344
0.84 1343
0.84 1342
0.84 1341
0.84 1340
0.84 1339
0.84 1338
0.85 1337
0.85 1336
0.85 1335
0.85 1334
0.85 1333
0.85 1332
0.85 1331
0.85 1330
0.85 1329
0.85 1328
0.85 1327
0.85 1326
0.85 1325
0.85 1324
0.85 1323
0.85 1322
0.85 1321
0.85 1320
0.85 1319
0.85 1318
0.85 1317
0.85 1316
0.85 1315
0.85 1314
0.85 1313
0.85 1312
0.87 1311
0.87 1310
0.87 1309
0.87 1308
0.87 1307
0.87 1306
0.87 1305
0.87 1304
0.87 1303
0.87 1302
0.87 1301
0.87 1300
0.87 1299
0.87 1298
0.87 1297
0.87 1296
0.87 1295
0.87 1294
0.89 1293
0.89 1292
0.90 1291
0.90 1290
0.90 1289
0.90 1288
0.90 1287
0.90 1286
0.90 1285
0.90 1284
0.90 1283
0.92 1282
0.92 1281
0.92 1280
0.92 1279
0.92 1278
0.92 1277
0.92 1276
0.92 1275
0.92 1274
0.92 1273
0.92 1272
0.92 1271
0.92 1270
0.92 1269
0.92 1268
0.92 1267
0.92 1266
0.92 1265
0.92 1264
0.92 1263
0.92 1262
0.92 1261
0.92 1260
0.92 1259
0.92 1258
0.93 1257
0.94 1256
0.94 1255
0.94 1254
0.94 1253
0.94 1252
0.94 1251
0.95 1250
0.95 1249
0.95 1248
0.95 1247
0.95 1246
0.95 1245
0.95 1244
0.95 1243
0.95 1242
0.95 1241
0.95 1240
0.95 1239
0.95 1238
0.95 1237
1.00 1236
1.00 1235
1.00 1234
1.00 1233
1.00 1232
1.00 1231
1.00 1230
1.00 1229
1.00 1228
1.00 1227
1.00 1226
1.00 1225
1.02 1224
1.02 1223
1.02 1222
1.02 1221
1.02 1220
1.02 1219
1.03 1218
1.03 1217
1.03 1216
1.03 1215
1.03 1214
1.03 1213
1.05 1212
1.05 1211
1.05 1210
1.05 1209
1.05 1208
1.05 1207
1.05 1206
1.05 1205
1.05 1204
1.05 1203
1.05 1202
1.09 1201
1.12 1200
1.12 1199
1.12 1198
1.12 1197
1.12 1196
1.12 1195
1.12 1194
1.23 1193
1.23 1192
1.23 1191
1.23 1190
1.25 1189
1.25 1188
1.25 1187
1.25 1186
1.25 1185
1.25 1184
1.25 1183
1.34 1182
1.34 1181
1.34 1180
1.34 1179
1.50 1178
1.50 1177
1.71 1176
1.71 1175
1.78 1174
1.78 1173
1.78 1172
1.80 1171
1.80 1170
1.80 1169
1.80 1168
1.80 1167
1.80 1166
1.80 1165
1.80 1164
1.82 1163
1.82 1162
1.82 1161
1.82 1160
1.82 1159
1.86 1158
1.86 1157
1.86 1156
1.87 1155
1.88 1154
1.88 1153
1.88 1152
1.88 1151
1.88 1150
1.88 1149
1.88 1148
1.90 1147
1.91 1146
1.91 1145
1.91 1144
1.91 1143
1.91 1142
1.91 1141
1.91 1140
1.91 1139
1.91 1138
1.91 1137
2.05 1136
2.05 1135
2.13 1134
2.13 1133
2.15 1132
2.15 1131
2.15 1130
2.15 1129
2.15 1128
2.15 1127
2.16 1126
2.16 1125
2.18 1124
2.18 1123
2.18 1122
2.18 1121
2.18 1120
2.27 1119
2.27 1118
2.54 1117
2.56 1116
2.57 1115
2.57 1114
2.57 1113
2.61 1112
2.62 1111
2.62 1110
2.62 1109
2.64 1108
2.64 1107
2.64 1106
2.64 1105
2.64 1104
2.65 1103
2.67 1102
2.69 1101
2.69 1100
2.69 1099
2.69 1098
2.69 1097
2.69 1096
2.69 1095
2.69 1094
2.69 1093
2.69 1092
2.95 1091
2.97 1090
2.97 1089
2.97 1088
2.97 1087
2.97 1086
2.97 1085
2.97 1084
2.97 1083
3.02 1082
3.02 1081
3.02 1080
3.07 1079
3.07 1078
3.07 1077
3.07 1076
3.07 1075
3.07 1074
3.07 1073
3.24 1072
3.30 1071
3.30 1070
3.30 1069
3.30 1068
3.30 1067
3.30 1066
3.30 1065
3.30 1064
3.30 1063
3.30 1062
3.35 1061
3.35 1060
3.35 1059
3.68 1058
3.68 1057
3.68 1056
3.68 1055
3.68 1054
4.00 1053
4.00 1052
4.08 1051
4.08 1050
4.08 1049
4.08 1048
4.10 1047
4.10 1046
4.10 1045
4.10 1044
4.11 1043
4.11 1042
4.11 1041
4.20 1040
4.21 1039
4.21 1038
4.21 1037
4.21 1036
4.21 1035
4.21 1034
4.21 1033
4.21 1032
4.21 1031
4.21 1030
4.23 1029
4.28 1028
4.28 1027
4.28 1026
4.28 1025
4.28 1024
4.40 1023
4.40 1022
4.40 1021
4.48 1020
4.77 1019
5.10 1018
5.12 1017
5.13 1016
5.15 1015
5.18 1014
5.20 1013
5.20 1012
5.20 1011
5.21 1010
5.23 1009
5.29 1008
5.29 1007
5.66 1006
5.95 1005
5.95 1004
6.18 1003
6.42 1002
6.43 1001
6.72 1000
