0.00 1960
0.87 1959
0.87 1958
0.87 1957
0.87 1956
0.87 1955
0.87 1954
0.87 1953
0.87 1952
0.87 1951
0.87 1950
0.87 1949
0.87 1948
0.87 1947
0.87 1946
0.87 1945
0.87 1944
0.87 1943
0.88 1942
0.88 1941
0.88 1940
0.88 1939
0.88 1938
0.88 1937
0.88 1936
0.88 1935
0.88 1934
0.88 1933
0.88 1932
0.88 1931
0.88 1930
0.88 1929
0.88 1928
0.88 1927
0.88 1926
0.88 1925
0.88 1924
0.88 1923
0.88 1922
0.88 1921
0.88 1920
0.88 1919
0.88 1918
0.88 1917
0.88 1916
0.88 1915
0.88 1914
0.88 1913
0.88 1912
0.88 1911
0.88 1910
0.88 1909
0.88 1908
0.88 1907
0.88 1906
0.88 1905
0.88 1904
0.88 1903
0.88 1902
0.88 1901
0.88 1900
0.88 1899
0.88 1898
0.88 1897
0.88 1896
0.88 1895
0.88 1894
0.88 1893
0.88 1892
0.88 1891
0.88 1890
0.88 1889
0.88 1888
0.88 1887
0.88 1886
0.88 1885
0.90 1884
0.90 1883
0.90 1882
0.90 1881
0.90 1880
0.90 1879
0.90 1878
0.90 1877
0.90 1876
0.90 1875
0.90 1874
0.90 1873
0.90 1872
0.90 1871
0.90 1870
0.90 1869
0.90 1868
0.90 1867
0.90 1866
0.90 1865
0.90 1864
0.90 1863
0.90 1862
0.90 1861
0.90 1860
0.90 1859
0.90 1858
0.90 1857
0.90 1856
0.90 1855
0.90 1854
0.90 1853
0.90 1852
0.90 1851
0.90 1850
0.90 1849
0.90 1848
0.90 1847
0.90 1846
0.90 1845
0.90 1844
0.90 1843
0.90 1842
0.90 1841
0.90 1840
0.90 1839
0.90 1838
0.90 1837
0.90 1836
0.90 1835
0.90 1834
0.90 1833
0.90 1832
0.90 1831
0.90 1830
0.90 1829
0.90 1828
0.90 1827
0.90 1826
0.92 1825
0.92 1824
0.92 1823
0.92 1822
0.92 1821
0.92 1820
0.92 1819
0.92 1818
0.92 1817
0.92 1816
0.92 1815
0.92 1814
0.92 1813
0.92 1812
0.92 1811
0.92 1810
0.92 1809
0.92 1808
0.92 1807
0.92 1806
0.92 1805
0.92 1804
0.92 1803
0.92 1802
0.92 1801
0.92 1800
0.92 1799
0.92 1798
0.92 1797
0.92 1796
0.92 1795
0.92 1794
0.92 1793
0.92 1792
0.92 1791
0.92 1790
0.92 1789
0.93 1788
0.93 1787
0.93 1786
0.93 1785
0.93 1784
0.93 1783
0.93 1782
0.93 1781
0.93 1780
0.93 1779
0.93 1778
0.93 1777
0.93 1776
0.93 1775
0.93 1774
0.93 1773
0.93 1772
0.93 1771
0.93 1770
0.93 1769
0.93 1768
0.93 1767
0.93 1766
0.93 1765
0.93 1764
0.93 1763
0.93 1762
0.93 1761
0.93 1760
0.93 1759
0.93 1758
0.93 1757
0.93 1756
0.93 1755
0.93 1754
0.93 1753
0.93 1752
0.93 1751
0.93 1750
0.93 1749
0.93 1748
0.93 1747
0.93 1746
0.93 1745
0.93 1744
0.95 1743
0.95 1742
0.95 1741
0.95 1740
0.95 1739
0.95 1738
0.95 1737
0.95 1736
0.95 1735
0.95 1734
0.95 1733
0.95 1732
0.95 1731
0.95 1730
0.95 1729
0.95 1728
0.95 1727
0.95 1726
0.95 1725
0.95 1724
0.95 1723
0.95 1722
0.95 1721
0.95 1720
0.95 1719
0.95 1718
0.95 1717
0.95 1716
0.95 1715
0.95 1714
0.95 1713
0.95 1712
0.95 1711
0.95 1710
0.95 1709
0.95 1708
0.95 1707
0.95 1706
0.95 1705
0.95 1704
0.95 1703
0.95 1702
0.95 1701
0.95 1700
0.95 1699
0.95 1698
0.95 1697
0.95 1696
0.95 1695
0.96 1694
0.96 1693
0.96 1692
0.96 1691
0.96 1690
0.96 1689
0.96 1688
0.96 1687
0.96 1686
0.96 1685
0.96 1684
0.96 1683
0.96 1682
0.96 1681
0.96 1680
0.96 1679
0.96 1678
0.96 1677
0.96 1676
0.96 1675
0.96 1674
0.96 1673
0.96 1672
0.96 1671
0.96 1670
0.96 1669
0.96 1668
0.96 1667
0.96 1666
0.96 1665
0.96 1664
0.96 1663
0.96 1662
0.96 1661
0.96 1660
0.96 1659
0.96 1658
0.98 1657
0.98 1656
0.98 1655
0.98 1654
0.98 1653
0.98 1652
0.98 1651
0.98 1650
0.98 1649
0.98 1648
0.98 1647
0.98 1646
0.98 1645
0.98 1644
0.98 1643
0.98 1642
0.98 1641
0.98 1640
0.98 1639
0.98 1638
0.98 1637
0.98 1636
0.98 1635
0.98 1634
0.98 1633
0.98 1632
0.98 1631
0.98 1630
0.98 1629
0.98 1628
0.98 1627
0.98 1626
0.98 1625
0.98 1624
0.98 1623
0.98 1622
0.98 1621
0.98 1620
0.98 1619
0.98 1618
0.98 1617
0.98 1616
0.98 1615
0.98 1614
0.98 1613
0.98 1612
0.98 1611
0.99 1610
0.99 1609
0.99 1608
0.99 1607
0.99 1606
0.99 1605
0.99 1604
0.99 1603
0.99 1602
0.99 1601
0.99 1600
0.99 1599
0.99 1598
0.99 1597
0.99 1596
0.99 1595
0.99 1594
0.99 1593
0.99 1592
0.99 1591
0.99 1590
0.99 1589
0.99 1588
0.99 1587
0.99 1586
0.99 1585
0.99 1584
0.99 1583
0.99 1582
0.99 1581
0.99 1580
0.99 1579
0.99 1578
0.99 1577
0.99 1576
0.99 1575
0.99 1574
0.99 1573
0.99 1572
0.99 1571
0.99 1570
0.99 1569
0.99 1568
0.99 1567
0.99 1566
0.99 1565
0.99 1564
0.99 1563
0.99 1562
0.99 1561
0.99 1560
0.99 1559
0.99 1558
0.99 1557
0.99 1556
0.99 1555
1.01 1554
1.01 1553
1.01 1552
1.01 1551
1.01 1550
1.01 1549
1.01 1548
1.01 1547
1.01 1546
1.01 1545
1.01 1544
1.01 1543
1.01 1542
1.01 1541
1.01 1540
1.01 1539
1.01 1538
1.01 1537
1.01 1536
1.01 1535
1.01 1534
1.01 1533
1.01 1532
1.01 1531
1.01 1530
1.01 1529
1.01 1528
1.01 1527
1.01 1526
1.01 1525
1.01 1524
1.01 1523
1.01 1522
1.01 1521
1.01 1520
1.01 1519
1.01 1518
1.01 1517
1.01 1516
1.01 1515
1.01 1514
1.01 1513
1.01 1512
1.01 1511
1.01 1510
1.03 1509
1.03 1508
1.03 1507
1.03 1506
1.03 1505
1.03 1504
1.03 1503
1.03 1502
1.03 1501
1.03 1500
1.03 1499
1.03 1498
1.03 1497
1.03 1496
1.03 1495
1.03 1494
1.03 1493
1.03 1492
1.03 1491
1.03 1490
1.03 1489
1.03 1488
1.03 1487
1.03 1486
1.03 1485
1.03 1484
1.03 1483
1.03 1482
1.03 1481
1.03 1480
1.03 1479
1.03 1478
1.03 1477
1.03 1476
1.03 1475
1.04 1474
1.04 1473
1.04 1472
1.04 1471
1.04 1470
1.04 1469
1.04 1468
1.04 1467
1.04 1466
1.04 1465
1.04 1464
1.04 1463
1.04 1462
1.04 1461
1.04 1460
1.04 1459
1.04 1458
1.04 1457
1.04 1456
1.04 1455
1.04 1454
1.04 1453
1.04 1452
1.04 1451
1.04 1450
1.04 1449
1.04 1448
1.04 1447
1.04 1446
1.04 1445
1.04 1444
1.04 1443
1.06 1442
1.06 1441
1.06 1440
1.06 1439
1.06 1438
1.06 1437
1.06 1436
1.06 1435
1.06 1434
1.06 1433
1.06 1432
1.06 1431
1.06 1430
1.06 1429
1.06 1428
1.06 1427
1.06 1426
1.06 1425
1.06 1424
1.06 1423
1.06 1422
1.06 1421
1.06 1420
1.06 1419
1.06 1418
1.06 1417
1.06 1416
1.06 1415
1.06 1414
1.06 1413
1.06 1412
1.07 1411
1.07 1410
1.07 1409
1.07 1408
1.07 1407
1.07 1406
1.07 1405
1.07 1404
1.07 1403
1.07 1402
1.07 1401
1.07 1400
1.07 1399
1.08 1398
1.08 1397
1.08 1396
1.08 1395
1.08 1394
1.08 1393
1.08 1392
1.08 1391
1.08 1390
1.08 1389
1.08 1388
1.08 1387
1.08 1386
1.09 1385
1.09 1384
1.09 1383
1.09 1382
1.09 1381
1.09 1380
1.09 1379
1.09 1378
1.09 1377
1.09 1376
1.09 1375
1.09 1374
1.09 1373
1.09 1372
1.09 1371
1.09 1370
1.09 1369
1.09 1368
1.09 1367
1.09 1366
1.09 1365
1.09 1364
1.09 1363
1.09 1362
1.09 1361
1.09 1360
1.09 1359
1.09 1358
1.10 1357
1.10 1356
1.10 1355
1.10 1354
1.10 1353
1.10 1352
1.10 1351
1.10 1350
1.10 1349
1.10 1348
1.10 1347
1.10 1346
1.10 1345
1.10 1344
1.10 1343
1.10 1342
1.10 1341
1.10 1340
1.10 1339
1.10 1338
1.10 1337
1.10 1336
1.10 1335
1.10 1334
1.10 1333
1.10 1332
1.10 1331
1.12 1330
1.12 1329
1.12 1328
1.12 1327
1.12 1326
1.12 1325
1.12 1324
1.12 1323
1.14 1322
1.14 1321
1.14 1320
1.14 1319
1.14 1318
1.14 1317
1.14 1316
1.14 1315
1.14 1314
1.14 1313
1.14 1312
1.14 1311
1.14 1310
1.14 1309
1.14 1308
1.14 1307
1.14 1306
1.14 1305
1.14 1304
1.14 1303
1.14 1302
1.14 1301
1.14 1300
1.14 1299
1.14 1298
1.14 1297
1.14 1296
1.15 1295
1.15 1294
1.15 1293
1.15 1292
1.15 1291
1.15 1290
1.15 1289
1.15 1288
1.15 1287
1.15 1286
1.15 1285
1.15 1284
1.15 1283
1.15 1282
1.15 1281
1.15 1280
1.15 1279
1.17 1278
1.17 1277
1.17 1276
1.17 1275
1.17 1274
1.17 1273
1.17 1272
1.17 1271
1.17 1270
1.17 1269
1.17 1268
1.17 1267
1.17 1266
1.17 1265
1.17 1264
1.17 1263
1.17 1262
1.17 1261
1.18 1260
1.18 1259
1.18 1258
1.18 1257
1.18 1256
1.18 1255
1.20 1254
1.20 1253
1.20 1252
1.20 1251
1.20 1250
1.20 1249
1.20 1248
1.20 1247
1.20 1246
1.20 1245
1.20 1244
1.20 1243
1.21 1242
1.21 1241
1.23 1240
1.23 1239
1.23 1238
1.23 1237
1.25 1236
1.25 1235
1.25 1234
1.25 1233
1.25 1232
1.25 1231
1.26 1230
1.26 1229
1.26 1228
1.26 1227
1.26 1226
1.26 1225
1.26 1224
1.26 1223
1.26 1222
1.26 1221
1.26 1220
1.26 1219
1.28 1218
1.28 1217
1.28 1216
1.28 1215
1.28 1214
1.28 1213
1.28 1212
1.28 1211
1.28 1210
1.28 1209
1.28 1208
1.28 1207
1.28 1206
1.28 1205
1.28 1204
1.28 1203
1.28 1202
1.28 1201
1.29 1200
1.29 1199
1.29 1198
1.29 1197
1.31 1196
1.31 1195
1.33 1194
1.33 1193
1.36 1192
1.37 1191
1.37 1190
1.37 1189
1.37 1188
1.37 1187
1.37 1186
1.37 1185
1.38 1184
1.38 1183
1.39 1182
1.39 1181
1.39 1180
1.39 1179
1.39 1178
1.39 1177
1.39 1176
1.39 1175
1.39 1174
1.40 1173
1.45 1172
1.45 1171
1.45 1170
1.45 1169
1.45 1168
1.47 1167
1.51 1166
1.51 1165
1.51 1164
1.51 1163
1.51 1162
1.53 1161
1.53 1160
1.53 1159
1.53 1158
1.53 1157
1.53 1156
1.53 1155
1.55 1154
1.55 1153
1.55 1152
1.56 1151
1.56 1150
1.56 1149
1.62 1148
1.63 1147
1.63 1146
1.86 1145
1.86 1144
1.86 1143
1.86 1142
1.88 1141
1.88 1140
1.88 1139
1.88 1138
1.97 1137
1.97 1136
2.01 1135
2.01 1134
2.01 1133
2.02 1132
2.02 1131
2.16 1130
2.16 1129
2.27 1128
2.27 1127
2.27 1126
2.27 1125
2.28 1124
2.28 1123
2.31 1122
2.46 1121
2.46 1120
2.48 1119
2.48 1118
2.48 1117
2.48 1116
2.48 1115
2.48 1114
2.49 1113
2.51 1112
2.51 1111
2.51 1110
2.51 1109
2.51 1108
2.53 1107
2.53 1106
2.53 1105
2.53 1104
2.53 1103
2.53 1102
2.54 1101
2.54 1100
2.54 1099
2.54 1098
2.54 1097
2.65 1096
2.65 1095
2.65 1094
2.65 1093
2.65 1092
2.65 1091
2.65 1090
2.65 1089
2.65 1088
2.66 1087
2.66 1086
2.66 1085
2.69 1084
2.69 1083
2.69 1082
2.69 1081
2.70 1080
2.70 1079
2.70 1078
2.70 1077
2.70 1076
2.70 1075
2.70 1074
2.70 1073
2.70 1072
2.70 1071
3.01 1070
3.06 1069
3.06 1068
3.06 1067
3.06 1066
3.06 1065
3.06 1064
3.06 1063
3.07 1062
3.07 1061
3.12 1060
3.12 1059
3.26 1058
3.63 1057
3.63 1056
3.63 1055
3.64 1054
3.64 1053
3.64 1052
3.64 1051
3.85 1050
3.85 1049
3.86 1048
3.86 1047
3.86 1046
3.86 1045
3.93 1044
3.94 1043
3.94 1042
3.94 1041
3.94 1040
3.94 1039
3.94 1038
4.05 1037
4.05 1036
4.10 1035
4.10 1034
4.10 1033
4.22 1032
4.22 1031
4.22 1030
4.22 1029
4.24 1028
4.24 1027
4.26 1026
4.26 1025
4.26 1024
4.26 1023
4.26 1022
4.26 1021
4.26 1020
4.26 1019
4.27 1018
4.27 1017
4.27 1016
4.27 1015
4.35 1014
4.35 1013
4.35 1012
4.35 1011
4.35 1010
4.37 1009
4.44 1008
4.44 1007
4.44 1006
4.46 1005
4.68 1004
4.69 1003
4.69 1002
4.69 1001
4.69 1000
4.70 999
4.70 998
4.71 997
4.71 996
4.71 995
4.71 994
4.71 993
5.33 992
5.44 991
5.59 990
5.63 989
5.66 988
5.67 987
5.67 986
5.69 985
5.80 984
5.85 983
5.94 982
6.82 981
7.01 980
