0.00 2000
0.61 1999
0.61 1998
0.61 1997
0.61 1996
0.61 1995
0.66 1792
0.66 1791
0.66 1790
0.66 1789
0.66 1788
0.66 1787
0.66 1786
0.66 1785
0.66 1784
0.66 1783
0.67 1782
0.67 1781
0.67 1780
0.67 1779
0.67 1778
0.67 1777
0.67 1776
0.67 1775
0.67 1774
0.67 1773
0.67 1772
0.67 1771
0.67 1770
0.67 1769
0.67 1768
0.67 1767
0.67 1766
0.67 1765
0.67 1764
0.67 1763
0.67 1762
0.67 1761
0.67 1760
0.67 1759
0.67 1758
0.67 1757
0.67 1756
0.67 1755
0.67 1754
0.67 1753
0.67 1752
0.67 1751
0.67 1750
0.67 1749
0.67 1748
0.67 1747
0.67 1746
0.67 1745
0.67 1744
0.67 1743
0.67 1742
0.67 1741
0.67 1740
0.67 1739
0.67 1738
0.67 1737
0.67 1736
0.67 1735
0.67 1734
0.67 1733
0.67 1732
0.67 1731
0.67 1730
0.67 1729
0.67 1728
0.67 1727
0.67 1726
0.67 1725
0.67 1724
0.67 1723
0.67 1722
0.67 1721
0.67 1720
0.67 1719
0.67 1718
0.67 1717
0.67 1716
0.67 1715
0.67 1714
0.67 1713
0.67 1712
0.67 1711
0.67 1710
0.67 1709
0.67 1708
0.67 1707
0.67 1706
0.67 1705
0.68 1704
0.68 1703
0.68 1702
0.68 1701
0.68 1700
0.68 1699
0.68 1698
0.68 1697
0.69 1696
0.69 1695
0.69 1694
0.69 1693
0.69 1692
0.69 1691
0.69 1690
0.69 1689
0.69 1688
0.69 1687
0.69 1686
0.69 1685
0.69 1684
0.69 1683
0.69 1682
0.69 1681
0.69 1680
0.69 1679
0.69 1678
0.69 1677
0.69 1676
0.69 1675
0.69 1674
0.69 1673
0.69 1672
0.69 1671
0.69 1670
0.69 1669
0.69 1668
0.69 1667
0.69 1666
0.69 1665
0.69 1664
0.69 1663
0.69 1662
0.69 1661
0.70 1660
0.70 1659
0.70 1658
0.70 1657
0.70 1656
0.70 1655
0.70 1654
0.70 1653
0.70 1652
0.70 1651
0.70 1650
0.70 1649
0.70 1648
0.70 1647
0.70 1646
0.70 1645
0.70 1644
0.70 1643
0.70 1642
0.70 1641
0.70 1640
0.70 1639
0.70 1638
0.70 1637
0.70 1636
0.70 1635
0.70 1634
0.70 1633
0.70 1632
0.70 1631
0.70 1630
0.70 1629
0.70 1628
0.71 1627
0.71 1626
0.71 1625
0.71 1624
0.71 1623
0.71 1622
0.71 1621
0.71 1620
0.71 1619
0.71 1618
0.71 1617
0.71 1616
0.71 1615
0.71 1614
0.71 1613
0.71 1612
0.71 1611
0.71 1610
0.71 1609
0.71 1608
0.71 1607
0.71 1606
0.71 1605
0.71 1604
0.71 1603
0.71 1602
0.71 1601
0.71 1600
0.71 1599
0.71 1598
0.71 1597
0.71 1596
0.71 1595
0.72 1594
0.72 1593
0.72 1592
0.72 1591
0.72 1590
0.72 1589
0.72 1588
0.72 1587
0.72 1586
0.72 1585
0.72 1584
0.72 1583
0.72 1582
0.72 1581
0.72 1580
0.72 1579
0.72 1578
0.72 1577
0.72 1576
0.72 1575
0.72 1574
0.72 1573
0.72 1572
0.72 1571
0.72 1570
0.72 1569
0.72 1568
0.72 1567
0.72 1566
0.72 1565
0.72 1564
0.72 1563
0.72 1562
0.72 1561
0.72 1560
0.72 1559
0.72 1558
0.72 1557
0.72 1556
0.72 1555
0.72 1554
0.72 1553
0.72 1552
0.72 1551
0.72 1550
0.73 1549
0.73 1548
0.73 1547
0.73 1546
0.73 1545
0.73 1544
0.73 1543
0.73 1542
0.73 1541
0.73 1540
0.73 1539
0.73 1538
0.73 1537
0.73 1536
0.73 1535
0.73 1534
0.73 1533
0.73 1532
0.73 1531
0.73 1530
0.73 1529
0.73 1528
0.73 1527
0.73 1526
0.73 1525
0.73 1524
0.73 1523
0.73 1522
0.73 1521
0.73 1520
0.73 1519
0.73 1518
0.73 1517
0.73 1516
0.74 1515
0.74 1514
0.74 1513
0.74 1512
0.74 1511
0.74 1510
0.74 1509
0.74 1508
0.74 1507
0.74 1506
0.74 1505
0.74 1504
0.74 1503
0.74 1502
0.74 1501
0.74 1500
0.74 1499
0.74 1498
0.74 1497
0.74 1496
0.74 1495
0.74 1494
0.74 1493
0.74 1492
0.74 1491
0.75 1490
0.75 1489
0.75 1488
0.75 1487
0.75 1486
0.75 1485
0.75 1484
0.75 1483
0.75 1482
0.75 1481
0.75 1480
0.75 1479
0.75 1478
0.75 1477
0.75 1476
0.75 1475
0.75 1474
0.75 1473
0.75 1472
0.75 1471
0.75 1470
0.75 1469
0.75 1468
0.75 1467
0.75 1466
0.75 1465
0.75 1464
0.75 1463
0.75 1462
0.75 1461
0.75 1460
0.75 1459
0.75 1458
0.75 1457
0.75 1456
0.75 1455
0.76 1454
0.76 1453
0.76 1452
0.76 1451
0.76 1450
0.76 1449
0.76 1448
0.76 1447
0.76 1446
0.76 1445
0.76 1444
0.76 1443
0.76 1442
0.77 1441
0.77 1440
0.77 1439
0.77 1438
0.77 1437
0.77 1436
0.77 1435
0.77 1434
0.77 1433
0.78 1432
0.78 1431
0.78 1430
0.78 1429
0.78 1428
0.78 1427
0.78 1426
0.78 1425
0.78 1424
0.78 1423
0.78 1422
0.78 1421
0.78 1420
0.78 1419
0.78 1418
0.78 1417
0.78 1416
0.78 1415
0.78 1414
0.78 1413
0.78 1412
0.78 1411
0.78 1410
0.78 1409
0.79 1408
0.79 1407
0.79 1406
0.79 1405
0.79 1404
0.79 1403
0.79 1402
0.79 1401
0.79 1400
0.79 1399
0.79 1398
0.79 1397
0.79 1396
0.79 1395
0.79 1394
0.79 1393
0.79 1392
0.79 1391
0.79 1390
0.79 1389
0.79 1388
0.79 1387
0.79 1386
0.79 1385
0.80 1384
0.80 1383
0.80 1382
0.80 1381
0.80 1380
0.80 1379
0.80 1378
0.80 1377
0.80 1376
0.80 1375
0.80 1374
0.80 1373
0.80 1372
0.80 1371
0.80 1370
0.81 1369
0.81 1368
0.81 1367
0.81 1366
0.81 1365
0.82 1364
0.82 1363
0.82 1362
0.82 1361
0.82 1360
0.82 1359
0.82 1358
0.82 1357
0.82 1356
0.82 1355
0.83 1354
0.83 1353
0.83 1352
0.83 1351
0.83 1350
0.83 1349
0.83 1348
0.84 1347
0.84 1346
0.84 1345
0.84 1344
0.85 1343
0.85 1342
0.85 1341
0.85 1340
0.85 1339
0.85 1338
0.85 1337
0.85 1336
0.85 1335
0.85 1334
0.85 1333
0.85 1332
0.85 1331
0.85 1330
0.85 1329
0.86 1328
0.86 1327
0.86 1326
0.86 1325
0.86 1324
0.86 1323
0.86 1322
0.87 1321
0.88 1320
0.88 1319
0.88 1318
0.88 1317
0.88 1316
0.88 1315
0.88 1314
0.88 1313
0.88 1312
0.88 1311
0.88 1310
0.88 1309
0.88 1308
0.88 1307
0.89 1306
0.89 1305
0.89 1304
0.92 1303
0.92 1302
0.92 1301
0.92 1300
0.92 1299
0.92 1298
0.92 1297
0.92 1296
0.92 1295
0.93 1294
0.93 1293
0.93 1292
0.93 1291
0.93 1290
0.93 1289
0.93 1288
0.93 1287
0.93 1286
0.93 1285
0.95 1284
0.95 1283
0.95 1282
0.95 1281
0.95 1280
0.95 1279
0.95 1278
0.95 1277
0.95 1276
0.95 1275
0.95 1274
0.96 1273
0.96 1272
0.96 1271
0.96 1270
0.96 1269
0.97 1268
0.97 1267
0.97 1266
0.97 1265
0.97 1264
0.97 1263
0.97 1262
0.97 1261
0.97 1260
0.97 1259
0.98 1258
0.98 1257
0.99 1256
0.99 1255
0.99 1254
0.99 1253
0.99 1252
0.99 1251
0.99 1250
0.99 1249
0.99 1248
0.99 1247
0.99 1246
0.99 1245
0.99 1244
1.00 1243
1.00 1242
1.00 1241
1.00 1240
1.00 1239
1.01 1238
1.01 1237
1.01 1236
1.01 1235
1.02 1234
1.02 1233
1.02 1232
1.02 1231
1.03 1230
1.03 1229
1.03 1228
1.03 1227
1.03 1226
1.03 1225
1.03 1224
1.04 1223
1.14 1222
1.14 1221
1.24 1220
1.25 1219
1.25 1218
1.25 1217
1.25 1216
1.26 1215
1.26 1214
1.26 1213
1.27 1212
1.27 1211
1.28 1210
1.28 1209
1.28 1208
1.28 1207
1.28 1206
1.28 1205
1.28 1204
1.29 1203
1.29 1202
1.29 1201
1.29 1200
1.29 1199
1.29 1198
1.29 1197
1.29 1196
1.29 1195
1.29 1194
1.29 1193
1.29 1192
1.29 1191
1.29 1190
1.29 1189
1.30 1188
1.30 1187
1.30 1186
1.31 1185
1.32 1184
1.32 1183
1.32 1182
1.32 1181
1.32 1180
1.32 1179
1.32 1178
1.32 1177
1.32 1176
1.32 1175
1.32 1174
1.33 1173
1.34 1172
1.34 1171
1.40 1170
1.40 1169
1.40 1168
1.40 1167
1.40 1166
1.40 1165
1.40 1164
1.76 1163
1.76 1162
1.76 1161
1.77 1160
1.77 1159
1.77 1158
1.77 1157
1.77 1156
1.77 1155
1.77 1154
1.77 1153
1.77 1152
1.77 1151
1.79 1150
1.79 1149
1.79 1148
1.80 1147
1.80 1146
1.80 1145
1.80 1144
1.80 1143
1.80 1142
1.80 1141
1.80 1140
1.82 1139
1.82 1138
2.07 1137
2.10 1136
2.10 1135
2.10 1134
2.10 1133
2.11 1132
2.11 1131
2.11 1130
2.12 1129
2.12 1128
2.12 1127
2.12 1126
2.13 1125
2.13 1124
2.13 1123
2.13 1122
2.45 1121
2.45 1120
2.45 1119
2.45 1118
2.51 1117
2.51 1116
2.51 1115
2.51 1114
2.52 1113
2.52 1112
2.53 1111
2.53 1110
2.53 1109
2.53 1108
2.53 1107
2.53 1106
2.53 1105
2.53 1104
2.78 1103
2.78 1102
2.78 1101
2.78 1100
2.78 1099
2.79 1098
2.79 1097
2.79 1096
2.80 1095
2.80 1094
2.81 1093
2.81 1092
2.82 1091
2.92 1090
2.92 1089
2.93 1088
2.93 1087
3.00 1086
3.00 1085
3.00 1084
3.12 1083
3.14 1082
3.14 1081
3.14 1080
3.14 1079
3.14 1078
3.14 1077
3.37 1076
3.38 1075
3.38 1074
3.38 1073
3.38 1072
3.38 1071
3.38 1070
3.39 1069
3.39 1068
3.39 1067
3.41 1066
3.41 1065
3.41 1064
3.41 1063
3.41 1062
3.41 1061
3.41 1060
3.42 1059
3.42 1058
3.42 1057
3.96 1056
3.96 1055
4.00 1054
4.00 1053
4.01 1052
4.03 1051
4.03 1050
4.04 1049
4.04 1048
4.04 1047
4.04 1046
4.05 1045
4.05 1044
4.06 1043
4.06 1042
4.07 1041
4.15 1040
4.15 1039
4.15 1038
4.15 1037
4.15 1036
4.15 1035
4.15 1034
4.15 1033
4.15 1032
4.16 1031
4.39 1030
4.39 1029
4.41 1028
4.41 1027
4.41 1026
4.42 1025
4.42 1024
4.42 1023
4.86 1022
4.86 1021
4.89 1020
4.92 1019
4.95 1018
4.95 1017
4.95 1016
4.96 1015
5.11 1014
5.41 1013
5.41 1012
5.41 1011
5.43 1010
5.45 1009
5.47 1008
5.48 1007
5.49 1006
5.83 1005
5.91 1004
5.95 1003
5.97 1002
6.27 1001
6.38 1000
