0.00 5678
0.03 5677
0.03 5676
0.03 5675
0.03 5674
0.03 5673
0.03 5672
0.03 5671
0.03 5670
0.03 5669
0.04 5668
0.04 5667
0.04 5666
0.04 5665
0.04 5664
0.04 5663
0.04 5662
0.04 5661
0.04 5660
0.04 5659
0.04 5658
0.04 5657
0.04 5656
0.04 5655
0.04 5654
0.04 5653
0.04 5652
0.04 5651
3.60 4213
3.60 4212
3.60 4211
3.60 4210
3.60 4209
3.60 4208
3.61 4207
3.61 4206
3.61 4205
3.61 4204
3.68 4192
3.68 4191
3.68 4190
3.68 4189
3.68 4188
3.68 4187
3.68 4186
3.72 4147
3.72 4146
3.73 4145
3.99 4144
3.99 4143
3.99 4142
3.99 4141
3.99 4140
3.99 4139
3.99 4138
3.99 4137
3.99 4136
3.99 4135
3.99 4134
3.99 4133
3.99 4132
3.99 4131
3.99 4130
4.00 4129
4.00 4128
4.00 4127
4.00 4126
4.00 4125
4.07 4118
4.07 4117
4.07 4116
4.07 4115
4.07 4114
4.07 4113
4.07 4112
4.07 4111
4.07 4110
4.07 4109
4.17 4094
4.17 4093
4.17 4092
4.32 4091
4.32 4090
4.32 4089
4.32 4088
4.34 4079
4.34 4078
4.35 4077
4.35 4076
4.35 4075
4.35 4074
4.35 4073
4.35 4072
4.35 4071
4.45 4069
4.45 4068
4.45 4067
4.49 4066
4.49 4065
4.49 4064
4.49 4063
4.49 4062
4.54 4058
4.54 4057
4.54 4056
4.55 4055
4.55 4054
4.55 4053
4.56 4052
4.58 4051
4.58 4050
4.58 4049
4.58 4048
4.58 4047
4.58 4046
4.58 4045
4.59 4044
4.63 4043
4.63 4042
4.65 4041
4.65 4040
4.65 4039
4.65 4038
4.65 4037
4.65 4036
4.65 4035
4.65 4034
4.65 4033
4.65 4032
4.65 4031
4.65 4030
4.65 4029
4.65 4028
4.79 4027
4.79 4026
4.79 4025
4.86 4024
4.87 4023
4.87 4022
4.87 4021
4.87 4020
4.87 4019
4.87 4018
4.89 4017
4.89 4016
4.90 4015
4.90 4014
4.98 4013
4.99 4012
4.99 4011
4.99 4010
4.99 4009
4.99 4008
4.99 4007
4.99 4006
5.07 4005
5.09 4004
5.09 4003
5.09 4002
5.09 4001
5.09 4000
5.09 3999
5.09 3998
5.09 3997
5.09 3996
5.09 3995
5.09 3994
5.09 3993
5.12 3992
5.12 3991
5.24 3990
5.24 3989
5.24 3988
5.24 3987
5.24 3986
5.24 3985
5.24 3984
5.25 3983
5.25 3982
5.25 3981
5.30 3980
5.30 3979
5.38 3978
5.38 3977
5.38 3976
5.41 3975
5.41 3974
5.41 3973
5.42 3972
5.42 3971
5.42 3970
5.48 3969
5.48 3968
5.48 3967
5.48 3966
5.48 3965
5.48 3964
5.48 3963
5.48 3962
5.77 3961
5.77 3960
5.79 3959
5.79 3958
5.79 3957
5.79 3956
5.97 3955
5.97 3954
6.12 3953
6.13 3952
6.13 3951
6.13 3950
6.35 3949
6.36 3948
6.36 3947
6.36 3946
6.58 3945
6.71 3944
6.78 3943
6.78 3942
7.09 3941
