0.00 5678
0.05 5677
0.05 5676
0.05 5675
0.05 5674
0.05 5673
0.05 5672
0.05 5671
0.05 5670
0.05 5669
0.05 5668
0.05 5667
0.05 5666
0.05 5665
0.05 5664
0.05 5663
3.72 4211
3.72 4210
3.72 4209
3.72 4208
3.72 4207
3.72 4206
3.72 4205
3.86 4190
3.86 4189
3.86 4188
3.86 4187
3.86 4186
3.86 4185
3.86 4184
3.86 4183
3.86 4182
3.86 4175
3.87 4174
3.87 4173
3.87 4172
3.88 4171
3.88 4170
3.88 4169
3.88 4168
3.88 4167
3.88 4166
3.88 4165
3.88 4164
3.88 4163
3.88 4162
3.88 4161
3.88 4160
3.88 4159
3.88 4158
3.88 4157
3.94 4156
3.94 4155
3.94 4154
3.94 4153
4.03 4129
4.03 4128
4.03 4127
4.03 4126
4.03 4125
4.13 4124
4.13 4123
4.13 4122
4.18 4121
4.18 4120
4.18 4119
4.18 4118
4.26 4117
4.26 4116
4.26 4115
4.26 4114
4.26 4113
4.27 4112
4.27 4111
4.27 4110
4.27 4109
4.27 4108
4.27 4107
4.27 4106
4.27 4105
4.27 4104
4.27 4103
4.27 4102
4.31 4076
4.31 4075
4.31 4074
4.31 4073
4.31 4072
4.31 4071
4.31 4070
4.31 4069
4.43 4068
4.43 4067
4.43 4066
4.50 4065
4.50 4064
4.51 4063
4.53 4062
4.53 4061
4.53 4060
4.53 4059
4.53 4058
4.53 4057
4.56 4040
4.56 4039
4.56 4038
4.56 4037
4.69 4036
4.70 4035
4.70 4034
4.70 4033
4.70 4032
4.70 4031
4.78 4030
4.78 4029
4.78 4028
4.78 4027
4.81 4026
4.81 4025
4.81 4024
4.84 4023
4.84 4022
4.84 4021
4.92 4020
4.92 4019
4.92 4018
4.92 4017
4.92 4016
4.94 4015
4.94 4014
4.94 4013
4.94 4012
4.94 4011
4.94 4010
4.94 4009
4.94 4008
5.10 4007
5.11 4006
5.11 4005
5.11 4004
5.11 4003
5.11 4002
5.16 4001
5.16 4000
5.16 3999
5.16 3998
5.27 3997
5.27 3996
5.32 3995
5.33 3994
5.33 3993
5.35 3992
5.35 3991
5.39 3990
5.40 3989
5.40 3988
5.40 3987
5.45 3986
5.45 3985
5.45 3984
5.45 3983
5.45 3982
5.45 3981
5.45 3980
5.45 3979
5.45 3978
5.48 3977
5.58 3976
5.58 3975
5.58 3974
5.69 3973
5.69 3972
5.69 3971
5.70 3970
5.72 3969
5.85 3968
5.93 3967
5.98 3966
5.98 3965
5.98 3964
6.18 3963
6.18 3962
6.18 3961
6.18 3960
6.18 3959
6.20 3958
6.20 3957
6.20 3956
6.27 3955
6.27 3954
6.28 3953
6.36 3952
6.36 3951
6.58 3950
6.59 3949
6.59 3948
7.02 3947
