0.00 5678
0.03 5677
0.03 5676
0.03 5675
0.03 5674
0.03 5673
0.03 5672
0.03 5671
0.03 5670
0.03 5669
0.03 5668
0.03 5667
3.57 4185
3.57 4184
3.57 4183
3.57 4182
3.57 4181
3.58 4180
3.72 4165
3.72 4164
3.72 4163
3.72 4162
3.72 4161
3.72 4160
3.72 4159
3.72 4158
3.72 4157
3.73 4156
3.85 4128
3.85 4127
3.85 4126
3.85 4125
3.85 4124
4.00 4123
4.00 4122
4.00 4121
4.00 4120
4.00 4119
4.00 4118
4.00 4117
4.00 4116
4.00 4115
4.00 4114
4.00 4113
4.11 4112
4.11 4111
4.11 4110
4.11 4109
4.12 4108
4.12 4107
4.12 4106
4.12 4105
4.44 4093
4.44 4092
4.44 4091
4.44 4090
4.44 4089
4.46 4088
4.46 4087
4.46 4086
4.46 4085
4.48 4079
4.48 4078
4.48 4077
4.51 4069
4.51 4068
4.51 4067
4.51 4066
4.51 4065
4.55 4064
4.55 4063
4.55 4062
4.55 4061
4.55 4060
4.55 4059
4.55 4058
4.55 4057
4.55 4056
4.55 4055
4.55 4054
4.55 4053
4.55 4052
4.57 4051
4.57 4050
4.57 4049
4.57 4048
4.58 4045
4.58 4044
4.58 4043
4.58 4042
4.79 4041
4.79 4040
4.79 4039
4.79 4038
4.79 4037
4.79 4036
4.79 4035
4.79 4034
4.79 4033
4.79 4032
4.81 4031
4.81 4030
4.81 4029
4.81 4028
4.81 4027
4.82 4026
4.82 4025
4.82 4024
4.84 4023
4.88 4022
4.90 4021
4.93 4020
4.93 4019
4.99 4018
4.99 4017
4.99 4016
4.99 4015
5.14 4014
5.14 4013
5.14 4012
5.14 4011
5.14 4010
5.14 4009
5.14 4008
5.14 4007
5.15 4006
5.15 4005
5.15 4004
5.15 4003
5.15 4002
5.18 4001
5.19 4000
5.19 3999
5.28 3998
5.33 3997
5.36 3996
5.36 3995
5.44 3994
5.44 3993
5.46 3992
5.49 3991
5.51 3990
5.58 3989
5.63 3988
5.63 3987
5.63 3986
5.63 3985
5.63 3984
5.79 3983
5.79 3982
5.85 3981
5.85 3980
5.85 3979
5.85 3978
5.87 3977
6.06 3976
6.09 3975
6.09 3974
6.09 3973
6.09 3972
6.12 3971
6.12 3970
6.12 3969
6.23 3968
6.24 3967
6.25 3966
6.25 3965
6.62 3964
6.63 3963
6.81 3962
6.82 3961
6.88 3960
6.88 3959
