0.00 3736
0.02 3735
0.02 3734
0.02 3733
0.02 3732
0.02 3731
0.02 3730
0.02 3729
0.02 3728
0.02 3727
2.68 2511
2.68 2510
2.68 2509
2.68 2508
2.68 2507
2.68 2506
2.68 2505
2.68 2504
2.95 2496
2.95 2495
2.95 2494
2.95 2493
2.95 2492
2.95 2491
2.95 2490
2.96 2489
2.96 2488
2.96 2487
2.96 2486
2.96 2485
3.17 2458
3.17 2457
3.29 2456
3.29 2455
3.29 2454
3.34 2453
3.34 2452
3.34 2451
3.37 2430
3.37 2429
3.37 2428
3.38 2427
3.38 2426
3.38 2425
3.38 2424
3.38 2423
3.38 2422
3.38 2421
3.38 2420
3.38 2419
3.38 2418
3.38 2417
3.38 2416
3.38 2415
3.38 2414
3.38 2413
3.59 2412
3.59 2411
3.59 2410
3.59 2409
3.59 2408
3.59 2407
3.59 2406
3.59 2405
3.59 2404
3.59 2403
3.59 2402
3.59 2401
3.59 2400
3.65 2399
3.65 2398
3.65 2397
3.65 2396
3.67 2395
3.67 2394
3.67 2393
3.67 2392
3.69 2386
3.74 2385
3.79 2384
3.79 2383
3.79 2382
3.79 2381
3.79 2380
3.79 2379
3.79 2378
3.79 2377
3.79 2376
3.79 2375
3.81 2373
3.81 2372
3.81 2371
3.91 2364
3.91 2363
3.98 2360
3.98 2359
3.98 2358
3.98 2357
3.98 2356
3.98 2355
4.01 2354
4.01 2353
4.01 2352
4.01 2351
4.02 2350
4.02 2349
4.02 2348
4.02 2347
4.02 2346
4.02 2345
4.02 2344
4.03 2343
4.03 2342
4.03 2341
4.03 2340
4.03 2339
4.04 2338
4.04 2337
4.04 2336
4.04 2335
4.04 2334
4.04 2333
4.07 2332
4.07 2331
4.07 2330
4.07 2329
4.07 2328
4.07 2327
4.07 2326
4.07 2325
4.07 2324
4.23 2323
4.23 2322
4.23 2321
4.23 2320
4.23 2319
4.23 2318
4.23 2317
4.23 2316
4.24 2315
4.25 2314
4.25 2313
4.25 2312
4.26 2311
4.26 2310
4.29 2309
4.29 2308
4.30 2307
4.30 2306
4.30 2305
4.30 2304
4.41 2303
4.41 2302
4.49 2301
4.49 2300
4.49 2299
4.49 2298
4.51 2296
4.51 2295
4.51 2294
4.67 2293
4.67 2292
4.67 2291
4.67 2290
4.67 2289
4.67 2288
4.67 2287
4.75 2286
4.75 2285
4.75 2284
4.75 2283
4.75 2282
4.82 2281
4.82 2280
4.82 2279
4.82 2278
4.82 2277
4.82 2276
4.82 2275
4.85 2274
4.86 2273
4.87 2272
4.87 2271
5.00 2270
5.00 2269
5.00 2268
5.00 2267
5.00 2266
5.00 2265
5.00 2264
5.01 2263
5.07 2262
5.07 2261
5.08 2260
5.10 2259
5.10 2258
5.19 2257
5.19 2256
5.19 2255
5.19 2254
5.19 2253
5.19 2252
5.19 2251
5.19 2250
5.19 2249
5.32 2248
5.32 2247
5.32 2246
5.33 2245
5.49 2244
5.49 2243
5.49 2242
5.49 2241
5.49 2240
5.68 2239
5.75 2238
5.86 2237
5.86 2236
5.86 2235
5.86 2234
5.98 2233
6.10 2232
6.22 2231
6.26 2230
6.28 2229
6.28 2228
6.28 2227
6.29 2226
6.57 2225
6.64 2224
6.81 2223
7.82 2222
