0.00 3736
0.01 3735
0.01 3734
0.01 3733
0.01 3732
0.01 3731
0.01 3730
0.01 3729
0.01 3728
0.01 3727
0.01 3726
2.49 2595
2.49 2594
2.49 2593
2.49 2592
2.49 2591
2.82 2508
2.98 2465
2.98 2464
2.98 2463
2.98 2462
2.98 2461
2.98 2460
3.10 2459
3.10 2458
3.10 2457
3.22 2452
3.22 2451
3.22 2450
3.22 2449
3.37 2448
3.37 2447
3.37 2446
3.39 2445
3.42 2436
3.42 2435
3.48 2434
3.48 2433
3.50 2423
3.50 2422
3.50 2421
3.50 2420
3.50 2419
3.53 2414
3.53 2413
3.53 2412
3.53 2411
3.53 2410
3.57 2409
3.57 2408
3.57 2407
3.57 2406
3.57 2405
3.57 2404
3.57 2403
3.57 2402
3.57 2401
3.60 2400
3.70 2397
3.70 2396
3.71 2389
3.71 2388
3.71 2387
3.71 2386
3.77 2385
3.77 2384
3.77 2383
3.77 2382
3.90 2381
3.90 2380
3.90 2379
3.90 2378
3.90 2376
3.91 2368
3.91 2367
3.96 2366
3.97 2365
3.97 2364
3.97 2363
3.97 2362
3.97 2361
4.04 2360
4.04 2359
4.04 2358
4.04 2357
4.05 2356
4.05 2355
4.05 2354
4.05 2353
4.05 2352
4.05 2351
4.05 2350
4.05 2349
4.07 2348
4.09 2340
4.14 2339
4.14 2338
4.14 2337
4.15 2336
4.15 2335
4.15 2334
4.25 2333
4.25 2332
4.25 2331
4.25 2330
4.25 2329
4.26 2327
4.33 2326
4.33 2325
4.33 2324
4.34 2323
4.39 2322
4.39 2321
4.39 2320
4.39 2319
4.39 2318
4.43 2317
4.43 2312
4.46 2311
4.46 2310
4.46 2309
4.49 2308
4.49 2307
4.49 2306
4.49 2305
4.49 2304
4.49 2303
4.49 2302
4.62 2301
4.71 2300
4.71 2299
4.71 2298
4.71 2297
4.71 2296
4.74 2295
4.74 2294
4.74 2293
4.76 2292
4.77 2291
4.77 2290
4.77 2289
4.77 2288
4.77 2287
4.77 2286
4.77 2285
4.80 2284
4.83 2283
4.83 2282
4.83 2281
4.84 2280
4.84 2279
4.84 2278
4.84 2277
4.84 2276
4.84 2275
4.84 2274
4.84 2273
4.84 2272
4.94 2271
5.09 2270
5.09 2269
5.16 2268
5.16 2267
5.16 2266
5.16 2265
5.16 2264
5.16 2263
5.16 2262
5.16 2261
5.16 2260
5.20 2259
5.20 2258
5.20 2257
5.25 2256
5.25 2255
5.34 2254
5.34 2253
5.45 2252
5.45 2251
5.45 2250
5.45 2249
5.50 2248
5.50 2247
5.50 2246
5.50 2245
5.67 2244
5.67 2243
5.72 2242
5.72 2241
5.73 2240
5.73 2239
5.73 2238
5.93 2237
5.93 2236
5.93 2235
6.22 2234
6.31 2233
6.57 2232
6.57 2231
6.69 2230
7.08 2229
7.17 2228
7.17 2227
7.17 2226
