0.00 814
0.00 813
0.00 812
0.00 811
0.00 810
0.00 809
0.68 736
0.68 732
0.68 731
0.68 730
0.68 729
0.68 728
0.68 727
0.68 726
1.05 712
1.05 711
1.05 710
1.05 709
1.05 708
1.05 707
1.11 702
1.11 701
1.11 700
1.32 699
1.32 698
1.32 697
1.37 689
1.37 688
1.37 687
1.37 686
1.37 685
1.49 684
1.49 683
1.49 682
1.49 681
1.49 680
1.49 679
1.84 662
1.84 661
1.84 660
1.84 659
1.84 658
1.84 657
2.30 656
2.30 655
2.30 654
2.57 650
2.57 649
2.57 648
2.57 647
2.57 646
2.57 645
2.57 644
2.58 643
2.63 640
2.63 639
2.63 638
3.07 637
3.07 636
3.07 635
3.07 634
3.08 633
3.10 632
3.18 629
3.18 628
3.18 627
3.26 626
3.26 625
3.26 624
3.45 623
3.45 622
3.57 620
3.77 619
3.78 618
3.78 617
3.87 616
3.87 615
3.87 614
3.87 613
4.21 612
4.24 611
4.24 610
4.40 609
4.44 608
4.46 607
4.54 606
4.54 605
4.57 604
4.57 603
4.85 602
4.85 601
4.95 600
4.95 599
5.16 598
5.24 597
5.31 596
