0.00 5684
3.36 4831
3.36 4830
3.37 4829
3.38 4828
3.38 4827
3.38 4826
3.38 4825
3.39 4824
3.39 4823
3.39 4822
3.39 4821
3.39 4820
3.39 4819
3.39 4818
3.39 4817
3.39 4816
3.39 4815
3.40 4814
3.40 4813
3.40 4812
3.40 4811
3.40 4810
3.40 4809
3.40 4808
3.40 4807
3.40 4806
3.40 4805
3.40 4804
3.40 4803
3.42 4802
3.42 4801
3.42 4800
3.42 4799
3.42 4798
3.42 4797
3.42 4796
3.42 4795
3.42 4794
3.42 4793
3.75 4462
3.75 4461
3.75 4460
3.75 4459
3.75 4458
3.75 4457
3.75 4456
3.76 4455
3.76 4454
3.76 4453
3.76 4452
3.76 4451
3.76 4450
3.76 4449
3.76 4448
3.77 4447
3.77 4446
3.77 4445
3.77 4444
3.77 4443
3.77 4442
3.77 4441
3.77 4440
3.77 4439
3.78 4438
3.78 4437
3.78 4436
3.78 4435
3.78 4434
3.78 4433
3.79 4427
3.79 4426
3.79 4425
3.79 4424
3.79 4423
3.79 4422
3.79 4421
3.80 4420
3.80 4419
3.80 4418
3.80 4417
3.80 4416
3.80 4415
3.80 4414
3.80 4413
3.81 4412
3.86 4369
3.87 4368
3.87 4367
3.87 4366
3.87 4365
3.87 4364
3.87 4363
3.87 4362
3.88 4349
3.88 4348
3.88 4347
3.89 4346
3.89 4345
3.89 4344
3.89 4343
3.89 4342
3.89 4341
3.89 4340
3.89 4339
3.90 4338
3.90 4337
3.90 4336
3.90 4335
3.90 4334
3.90 4333
3.92 4332
3.92 4331
3.92 4330
3.92 4329
3.92 4328
3.92 4327
3.92 4326
3.92 4325
3.93 4324
3.93 4323
3.93 4322
3.93 4321
3.93 4320
3.94 4319
3.94 4318
3.94 4317
3.94 4316
3.94 4315
3.94 4314
3.94 4313
3.95 4312
3.95 4311
3.95 4310
3.95 4309
3.95 4308
3.95 4307
3.95 4306
3.96 4305
3.96 4304
3.96 4303
3.96 4302
3.96 4301
3.96 4300
3.97 4299
3.97 4298
3.97 4297
3.97 4296
3.97 4295
3.97 4294
3.97 4293
3.97 4292
3.97 4291
3.97 4290
3.97 4289
3.98 4288
3.98 4287
3.98 4286
3.98 4285
3.98 4284
3.98 4283
3.98 4282
3.98 4281
3.99 4280
3.99 4279
3.99 4278
3.99 4277
3.99 4276
3.99 4275
4.00 4274
4.00 4273
4.01 4272
4.01 4271
4.01 4270
4.01 4269
4.01 4268
4.01 4267
4.01 4266
4.01 4265
4.02 4264
4.02 4263
4.02 4262
4.02 4261
4.02 4260
4.02 4259
4.02 4258
4.02 4257
4.02 4256
4.02 4255
4.03 4254
4.03 4253
4.03 4252
4.03 4251
4.03 4250
4.03 4249
4.04 4248
4.04 4247
4.04 4246
4.04 4245
4.04 4244
4.04 4243
4.04 4242
4.04 4241
4.04 4240
4.04 4239
4.04 4238
4.05 4237
4.05 4236
4.05 4235
4.05 4234
4.05 4233
4.05 4232
4.05 4231
4.05 4230
4.05 4229
4.06 4228
4.06 4227
4.07 4226
4.07 4225
4.07 4224
4.07 4223
4.07 4222
4.07 4221
4.07 4220
4.07 4219
4.08 4218
4.08 4217
4.08 4216
4.10 4215
4.11 4214
4.11 4213
4.12 4212
4.12 4211
4.12 4210
4.12 4209
4.12 4208
4.12 4207
4.12 4206
4.12 4205
4.13 4204
4.13 4203
4.13 4202
4.13 4201
4.13 4200
4.13 4199
4.13 4198
4.14 4197
4.14 4196
4.14 4195
4.14 4194
4.14 4193
4.14 4192
4.14 4191
4.14 4190
4.14 4189
4.15 4188
4.15 4187
4.15 4186
4.15 4185
4.15 4184
4.15 4183
4.15 4182
4.15 4181
4.16 4180
4.16 4179
4.16 4178
4.16 4177
4.16 4176
4.16 4175
4.16 4174
4.16 4173
4.17 4172
4.17 4171
4.17 4170
4.17 4169
4.17 4168
4.18 4167
4.18 4166
4.18 4165
4.18 4164
4.19 4163
4.19 4162
4.19 4161
4.19 4160
4.19 4159
4.19 4158
4.23 4157
4.23 4156
4.23 4155
4.23 4154
4.23 4153
4.24 4152
4.24 4151
4.24 4150
4.24 4149
4.24 4148
4.24 4147
4.24 4146
4.24 4145
4.24 4144
4.24 4143
4.24 4142
4.24 4141
4.25 4140
4.25 4139
4.25 4138
4.25 4137
4.25 4136
4.25 4135
4.25 4134
4.25 4133
4.25 4132
4.25 4131
4.25 4130
4.25 4129
4.25 4128
4.25 4127
4.25 4126
4.25 4125
4.26 4124
4.26 4123
4.26 4122
4.27 4121
4.27 4120
4.27 4119
4.27 4118
4.27 4117
4.27 4116
4.27 4115
4.27 4114
4.27 4113
4.28 4112
4.28 4111
4.28 4110
4.28 4109
4.28 4108
4.28 4107
4.28 4106
4.29 4105
4.29 4104
4.29 4103
4.29 4102
4.29 4101
4.29 4100
4.29 4099
4.29 4098
4.29 4097
4.30 4096
4.30 4095
4.30 4094
4.30 4093
4.30 4092
4.30 4091
4.30 4090
4.30 4089
4.30 4088
4.31 4087
4.31 4086
4.31 4085
4.31 4084
4.31 4083
4.31 4082
4.31 4081
4.31 4080
4.32 4079
4.32 4078
4.32 4077
4.32 4076
4.32 4075
4.32 4074
4.33 4073
4.33 4072
4.33 4071
4.33 4070
4.33 4069
4.33 4068
4.34 4067
4.34 4066
4.34 4065
4.34 4064
4.34 4063
4.34 4062
4.34 4061
4.34 4060
4.34 4059
4.35 4058
4.35 4057
4.35 4056
4.35 4055
4.35 4054
4.35 4053
4.35 4052
4.35 4051
4.35 4050
4.35 4049
4.36 4048
4.36 4047
4.36 4046
4.36 4045
4.36 4044
4.36 4043
4.36 4042
4.36 4041
4.37 4040
4.37 4039
4.37 4038
4.37 4037
4.37 4036
4.37 4035
4.38 4034
4.38 4033
4.38 4032
4.38 4031
4.38 4030
4.38 4029
4.38 4028
4.38 4027
4.39 4026
4.39 4025
4.39 4024
4.39 4023
4.39 4022
4.39 4021
4.39 4020
4.39 4019
4.39 4018
4.39 4017
4.39 4016
4.41 3991
4.42 3990
4.42 3989
4.42 3988
4.42 3987
4.42 3986
4.42 3985
4.43 3984
4.43 3983
4.43 3982
4.43 3981
4.43 3980
4.43 3979
4.44 3978
4.44 3977
4.44 3976
4.44 3975
4.44 3974
4.44 3973
4.44 3972
4.44 3971
4.44 3970
4.44 3969
4.45 3968
4.45 3967
4.45 3966
4.45 3965
4.45 3964
4.45 3963
4.45 3962
4.45 3961
4.45 3960
4.45 3959
4.45 3958
4.46 3957
4.46 3956
4.46 3955
4.48 3954
4.48 3953
4.48 3952
4.48 3951
4.50 3950
4.50 3949
4.50 3948
4.50 3947
4.50 3946
4.51 3945
4.51 3944
4.51 3943
4.51 3942
4.53 3941
4.53 3940
4.54 3939
4.54 3938
4.54 3937
4.54 3936
4.54 3935
4.54 3934
4.56 3933
4.56 3932
4.56 3931
4.58 3930
4.58 3929
4.58 3928
4.58 3927
4.59 3926
4.59 3925
4.59 3924
4.61 3923
4.61 3922
4.61 3921
4.62 3920
4.62 3919
4.62 3918
4.62 3917
4.64 3916
4.64 3915
4.64 3914
4.66 3913
4.66 3912
4.66 3911
4.66 3910
4.66 3909
4.66 3908
4.67 3907
4.67 3906
4.67 3905
4.67 3904
4.67 3903
4.67 3902
4.67 3901
4.68 3900
4.68 3899
4.68 3898
4.68 3897
4.68 3896
4.68 3895
4.69 3894
4.69 3893
4.69 3892
4.69 3891
4.69 3890
4.69 3889
4.69 3888
4.69 3887
4.70 3886
4.70 3885
4.70 3884
4.70 3883
4.70 3882
4.70 3881
4.70 3880
4.70 3879
4.70 3878
4.71 3877
4.71 3876
4.71 3875
4.71 3874
4.71 3873
4.71 3872
4.71 3871
4.71 3870
4.72 3869
4.72 3868
4.72 3867
4.72 3866
4.72 3865
4.73 3864
4.73 3863
4.73 3862
4.73 3861
4.73 3860
4.73 3859
4.73 3858
4.74 3857
4.74 3856
4.74 3855
4.74 3854
4.74 3853
4.74 3852
4.75 3851
4.76 3850
4.78 3849
4.78 3848
4.78 3847
4.80 3846
4.80 3845
4.80 3844
4.80 3843
4.82 3842
4.82 3841
4.83 3840
4.83 3839
4.83 3838
4.83 3837
4.85 3836
4.85 3835
4.85 3834
4.85 3833
4.85 3832
4.85 3831
4.85 3830
4.85 3829
4.85 3828
4.86 3827
4.86 3826
4.86 3825
4.86 3824
4.86 3823
4.86 3822
4.86 3821
4.88 3820
4.89 3819
4.89 3818
4.89 3817
4.89 3816
4.89 3815
4.89 3814
4.89 3813
4.89 3812
4.90 3811
4.91 3810
4.91 3809
4.91 3808
4.91 3807
4.91 3806
4.91 3805
4.91 3804
4.91 3803
4.92 3802
4.92 3801
4.92 3800
4.92 3799
4.92 3798
4.92 3797
4.92 3796
4.92 3795
4.93 3794
4.93 3793
4.93 3792
4.93 3791
4.94 3790
4.94 3789
4.94 3776
4.94 3775
4.94 3774
4.95 3773
4.95 3772
4.96 3771
4.96 3770
4.96 3769
4.97 3768
4.97 3767
4.97 3766
4.97 3765
4.97 3764
4.97 3763
4.97 3762
4.98 3761
4.98 3760
4.98 3759
4.98 3758
4.98 3757
4.98 3756
4.98 3755
4.99 3754
4.99 3753
5.00 3746
5.03 3745
5.03 3744
5.03 3743
5.03 3742
5.03 3741
5.04 3740
5.04 3739
5.04 3738
5.04 3737
5.04 3736
5.05 3735
5.05 3734
5.05 3733
5.05 3732
5.05 3731
5.05 3730
5.05 3729
5.05 3728
5.05 3727
5.05 3726
5.06 3725
5.06 3724
5.06 3723
5.06 3722
5.07 3721
5.07 3720
5.07 3719
5.07 3718
5.07 3717
5.07 3716
5.07 3715
5.08 3714
5.08 3713
5.08 3712
5.08 3711
5.08 3710
5.10 3709
5.10 3708
5.10 3707
5.10 3706
5.10 3705
5.10 3704
5.11 3703
5.11 3702
5.11 3701
5.11 3700
5.11 3699
5.11 3698
5.11 3697
5.12 3696
5.12 3695
5.12 3694
5.12 3693
5.12 3692
5.12 3691
5.12 3690
5.14 3689
5.14 3688
5.14 3687
5.15 3686
5.15 3685
5.15 3684
5.15 3683
5.15 3682
5.16 3681
5.16 3680
5.16 3679
5.16 3678
5.16 3677
5.16 3676
5.16 3675
5.16 3674
5.16 3673
5.16 3672
5.16 3671
5.16 3670
5.17 3669
5.17 3668
5.17 3667
5.18 3666
5.18 3665
5.19 3664
5.19 3663
5.19 3662
5.19 3661
5.19 3660
5.19 3659
5.19 3658
5.19 3657
5.19 3656
5.20 3655
5.20 3654
5.20 3653
5.20 3652
5.20 3651
5.22 3650
5.22 3649
5.22 3648
5.22 3647
5.22 3646
5.22 3645
5.23 3644
5.24 3643
5.25 3642
5.25 3641
5.25 3640
5.25 3639
5.27 3638
5.27 3637
5.27 3636
5.27 3635
5.27 3634
5.27 3633
5.27 3632
5.27 3631
5.27 3630
5.27 3629
5.29 3628
5.29 3627
5.30 3626
5.30 3625
5.30 3624
5.30 3623
5.30 3622
5.30 3621
5.30 3620
5.30 3619
5.30 3618
5.30 3617
5.30 3616
5.30 3615
5.30 3614
5.30 3613
5.30 3612
5.30 3611
5.32 3610
5.32 3609
5.32 3608
5.32 3607
5.32 3606
5.33 3605
5.33 3604
5.33 3603
5.33 3602
5.43 3583
5.43 3582
5.43 3581
5.43 3580
5.43 3579
5.44 3578
5.44 3577
5.44 3576
5.44 3575
5.45 3574
5.45 3573
5.45 3572
5.45 3571
5.45 3570
5.45 3569
5.45 3568
5.45 3567
5.45 3566
5.45 3565
5.45 3564
5.45 3563
5.45 3562
5.46 3561
5.46 3560
5.47 3559
5.47 3558
5.48 3557
5.49 3556
5.49 3555
5.49 3554
5.49 3553
5.49 3552
5.49 3551
5.50 3550
5.50 3549
5.50 3548
5.50 3547
5.50 3546
5.50 3545
5.50 3544
5.50 3543
5.54 3542
5.54 3541
5.54 3540
5.54 3539
5.56 3538
5.56 3537
5.57 3536
5.57 3535
5.58 3534
5.62 3533
5.65 3532
5.65 3531
5.65 3530
5.65 3529
5.67 3528
5.67 3527
5.67 3526
5.68 3525
5.68 3524
5.68 3523
5.68 3522
5.68 3521
5.68 3520
5.68 3519
5.70 3518
5.70 3517
5.70 3516
5.70 3515
5.70 3514
5.72 3513
5.72 3512
5.72 3511
5.72 3510
5.73 3509
5.73 3508
5.73 3507
5.74 3506
5.74 3505
5.74 3504
5.76 3503
5.76 3502
5.77 3501
5.77 3500
5.77 3499
5.77 3498
5.77 3497
5.77 3496
5.77 3495
5.77 3494
5.77 3493
5.77 3492
5.77 3491
5.78 3490
5.78 3489
5.78 3488
5.78 3487
5.78 3486
5.79 3485
5.79 3484
5.79 3483
5.79 3482
5.81 3481
5.81 3480
5.81 3479
5.81 3478
5.81 3477
5.81 3476
5.82 3475
5.82 3474
5.82 3473
5.82 3472
5.82 3471
5.83 3470
5.87 3469
5.87 3468
5.87 3467
5.87 3466
5.87 3465
5.88 3464
5.88 3463
5.90 3462
5.90 3461
5.90 3460
5.90 3459
6.01 3458
6.01 3457
6.01 3456
6.01 3455
6.01 3454
6.01 3453
6.01 3452
6.02 3451
6.02 3450
6.02 3449
6.02 3448
6.02 3447
6.03 3446
6.03 3445
6.09 3444
6.09 3443
6.13 3442
6.13 3441
6.14 3440
6.14 3439
6.17 3438
6.18 3437
6.18 3436
6.18 3435
6.18 3434
6.19 3433
6.19 3432
6.19 3431
6.19 3430
6.19 3429
6.20 3428
6.21 3427
6.23 3426
6.24 3425
6.24 3424
6.24 3423
6.25 3422
6.25 3421
6.25 3420
6.25 3419
6.32 3418
6.35 3417
6.35 3416
6.35 3415
6.35 3414
6.35 3413
6.37 3412
6.37 3411
6.37 3410
6.37 3409
6.37 3408
6.37 3407
6.39 3406
6.42 3405
6.43 3404
6.43 3403
6.45 3402
6.45 3401
6.47 3400
6.47 3399
6.48 3398
6.50 3397
6.50 3396
6.51 3395
6.51 3394
6.54 3393
6.60 3392
6.60 3391
6.60 3390
6.60 3389
6.61 3388
6.61 3387
6.61 3386
6.62 3385
6.62 3384
6.63 3383
6.63 3382
6.65 3381
6.65 3380
6.65 3379
6.66 3378
6.67 3377
6.68 3376
6.69 3375
6.72 3374
6.73 3373
6.73 3372
6.73 3371
6.95 3370
6.98 3369
6.98 3368
6.98 3367
6.99 3366
7.01 3365
7.01 3364
7.01 3363
7.01 3362
7.09 3361
7.09 3360
7.09 3359
7.09 3358
7.09 3357
7.30 3356
7.37 3355
7.42 3354
7.42 3353
7.46 3352
7.51 3351
7.58 3350
7.59 3349
7.62 3348
