0.00 1960
0.84 1959
0.84 1958
0.84 1957
0.84 1956
0.84 1955
0.84 1954
0.84 1953
0.84 1952
0.84 1951
0.84 1950
0.84 1949
0.84 1948
0.84 1947
0.84 1946
0.84 1945
0.84 1944
0.84 1943
0.84 1942
0.84 1941
0.84 1940
0.84 1939
0.84 1938
0.84 1937
0.84 1936
0.84 1935
0.84 1934
0.84 1933
0.84 1932
0.84 1931
0.84 1930
0.84 1929
0.84 1928
0.84 1927
0.84 1926
0.84 1925
0.84 1924
0.84 1923
0.84 1922
0.84 1921
0.84 1920
0.84 1919
0.84 1918
0.84 1917
0.84 1916
0.84 1915
0.84 1914
0.84 1913
0.84 1912
0.84 1911
0.84 1910
0.84 1909
0.84 1908
0.84 1907
0.84 1906
0.84 1905
0.84 1904
0.84 1903
0.84 1902
0.84 1901
0.84 1900
0.84 1899
0.84 1898
0.84 1897
0.84 1896
0.84 1895
0.84 1894
0.84 1893
0.85 1892
0.85 1891
0.85 1890
0.85 1889
0.85 1888
0.85 1887
0.85 1886
0.85 1885
0.85 1884
0.85 1883
0.85 1882
0.85 1881
0.85 1880
0.85 1879
0.85 1878
0.85 1877
0.85 1876
0.85 1875
0.85 1874
0.85 1873
0.85 1872
0.85 1871
0.85 1870
0.85 1869
0.85 1868
0.85 1867
0.85 1866
0.85 1865
0.85 1864
0.85 1863
0.85 1862
0.85 1861
0.85 1860
0.85 1859
0.85 1858
0.85 1857
0.85 1856
0.85 1855
0.85 1854
0.85 1853
0.85 1852
0.85 1851
0.85 1850
0.85 1849
0.85 1848
0.85 1847
0.85 1846
0.85 1845
0.85 1844
0.85 1843
0.85 1842
0.85 1841
0.85 1840
0.85 1839
0.85 1838
0.85 1837
0.85 1836
0.85 1835
0.85 1834
0.85 1833
0.85 1832
0.85 1831
0.85 1830
0.87 1829
0.87 1828
0.87 1827
0.87 1826
0.87 1825
0.87 1824
0.87 1823
0.87 1822
0.87 1821
0.87 1820
0.87 1819
0.87 1818
0.87 1817
0.87 1816
0.87 1815
0.87 1814
0.87 1813
0.87 1812
0.87 1811
0.87 1810
0.87 1809
0.87 1808
0.87 1807
0.87 1806
0.87 1805
0.87 1804
0.87 1803
0.87 1802
0.87 1801
0.87 1800
0.87 1799
0.87 1798
0.87 1797
0.87 1796
0.87 1795
0.87 1794
0.87 1793
0.87 1792
0.87 1791
0.87 1790
0.87 1789
0.87 1788
0.87 1787
0.87 1786
0.87 1785
0.87 1784
0.87 1783
0.87 1782
0.87 1781
0.87 1780
0.87 1779
0.87 1778
0.87 1777
0.87 1776
0.87 1775
0.87 1774
0.89 1773
0.89 1772
0.89 1771
0.89 1770
0.89 1769
0.89 1768
0.89 1767
0.89 1766
0.89 1765
0.89 1764
0.89 1763
0.89 1762
0.89 1761
0.89 1760
0.89 1759
0.89 1758
0.89 1757
0.89 1756
0.89 1755
0.89 1754
0.89 1753
0.89 1752
0.89 1751
0.89 1750
0.89 1749
0.89 1748
0.89 1747
0.89 1746
0.89 1745
0.89 1744
0.89 1743
0.89 1742
0.89 1741
0.89 1740
0.89 1739
0.89 1738
0.89 1737
0.89 1736
0.89 1735
0.89 1734
0.89 1733
0.89 1732
0.89 1731
0.89 1730
0.89 1729
0.89 1728
0.89 1727
0.89 1726
0.89 1725
0.89 1724
0.89 1723
0.89 1722
0.89 1721
0.89 1720
0.90 1719
0.90 1718
0.90 1717
0.90 1716
0.90 1715
0.90 1714
0.90 1713
0.90 1712
0.90 1711
0.90 1710
0.90 1709
0.90 1708
0.90 1707
0.90 1706
0.90 1705
0.90 1704
0.90 1703
0.90 1702
0.90 1701
0.90 1700
0.90 1699
0.90 1698
0.90 1697
0.90 1696
0.90 1695
0.90 1694
0.90 1693
0.90 1692
0.90 1691
0.90 1690
0.90 1689
0.90 1688
0.90 1687
0.90 1686
0.90 1685
0.90 1684
0.90 1683
0.90 1682
0.90 1681
0.90 1680
0.90 1679
0.90 1678
0.90 1677
0.90 1676
0.90 1675
0.90 1674
0.90 1673
0.90 1672
0.90 1671
0.90 1670
0.90 1669
0.92 1668
0.92 1667
0.92 1666
0.92 1665
0.92 1664
0.92 1663
0.92 1662
0.92 1661
0.92 1660
0.92 1659
0.92 1658
0.92 1657
0.92 1656
0.92 1655
0.92 1654
0.92 1653
0.92 1652
0.92 1651
0.92 1650
0.92 1649
0.92 1648
0.92 1647
0.92 1646
0.92 1645
0.92 1644
0.92 1643
0.92 1642
0.92 1641
0.92 1640
0.92 1639
0.92 1638
0.92 1637
0.92 1636
0.92 1635
0.92 1634
0.92 1633
0.92 1632
0.92 1631
0.92 1630
0.92 1629
0.92 1628
0.92 1627
0.93 1626
0.93 1625
0.93 1624
0.93 1623
0.93 1622
0.93 1621
0.93 1620
0.93 1619
0.93 1618
0.93 1617
0.93 1616
0.93 1615
0.94 1614
0.94 1613
0.94 1612
0.94 1611
0.94 1610
0.94 1609
0.94 1608
0.94 1607
0.94 1606
0.94 1605
0.94 1604
0.94 1603
0.94 1602
0.94 1601
0.94 1600
0.94 1599
0.94 1598
0.94 1597
0.94 1596
0.94 1595
0.94 1594
0.94 1593
0.94 1592
0.94 1591
0.94 1590
0.94 1589
0.94 1588
0.94 1587
0.94 1586
0.94 1585
0.94 1584
0.94 1583
0.94 1582
0.95 1581
0.95 1580
0.95 1579
0.95 1578
0.95 1577
0.95 1576
0.95 1575
0.95 1574
0.95 1573
0.95 1572
0.95 1571
0.95 1570
0.95 1569
0.95 1568
0.95 1567
0.95 1566
0.95 1565
0.95 1564
0.95 1563
0.95 1562
0.95 1561
0.95 1560
0.95 1559
0.95 1558
0.95 1557
0.95 1556
0.95 1555
0.95 1554
0.95 1553
0.95 1552
0.95 1551
0.95 1550
0.95 1549
0.95 1548
0.95 1547
0.95 1546
0.95 1545
0.95 1544
0.95 1543
0.95 1542
0.95 1541
0.95 1540
0.95 1539
0.96 1538
0.96 1537
0.96 1536
0.96 1535
0.96 1534
0.96 1533
0.96 1532
0.96 1531
0.96 1530
0.96 1529
0.96 1528
0.96 1527
0.96 1526
0.96 1525
0.96 1524
0.96 1523
0.96 1522
0.96 1521
0.96 1520
0.96 1519
0.96 1518
0.96 1517
0.96 1516
0.96 1515
0.96 1514
0.96 1513
0.96 1512
0.96 1511
0.96 1510
0.96 1509
0.96 1508
0.96 1507
0.96 1506
0.96 1505
0.96 1504
0.96 1503
0.96 1502
0.96 1501
0.96 1500
0.96 1499
0.96 1498
0.96 1497
0.96 1496
0.96 1495
0.96 1494
0.98 1493
0.98 1492
0.98 1491
0.98 1490
0.98 1489
0.98 1488
0.98 1487
0.98 1486
0.98 1485
0.98 1484
0.98 1483
0.98 1482
0.98 1481
0.98 1480
0.98 1479
0.98 1478
0.98 1477
0.98 1476
0.98 1475
0.98 1474
0.98 1473
0.98 1472
0.98 1471
0.98 1470
0.98 1469
0.98 1468
0.98 1467
0.98 1466
0.98 1465
0.98 1464
0.98 1463
1.00 1462
1.00 1461
1.00 1460
1.00 1459
1.00 1458
1.00 1457
1.00 1456
1.00 1455
1.00 1454
1.00 1453
1.00 1452
1.00 1451
1.00 1450
1.00 1449
1.00 1448
1.00 1447
1.00 1446
1.00 1445
1.00 1444
1.00 1443
1.00 1442
1.00 1441
1.00 1440
1.00 1439
1.00 1438
1.00 1437
1.00 1436
1.00 1435
1.00 1434
1.00 1433
1.00 1432
1.00 1431
1.00 1430
1.00 1429
1.00 1428
1.00 1427
1.00 1426
1.00 1425
1.00 1424
1.00 1423
1.00 1422
1.00 1421
1.00 1420
1.00 1419
1.00 1418
1.01 1417
1.01 1416
1.01 1415
1.01 1414
1.01 1413
1.01 1412
1.01 1411
1.01 1410
1.01 1409
1.01 1408
1.01 1407
1.01 1406
1.01 1405
1.01 1404
1.01 1403
1.01 1402
1.01 1401
1.01 1400
1.01 1399
1.01 1398
1.01 1397
1.01 1396
1.01 1395
1.01 1394
1.01 1393
1.01 1392
1.01 1391
1.01 1390
1.01 1389
1.01 1388
1.01 1387
1.01 1386
1.01 1385
1.01 1384
1.01 1383
1.01 1382
1.01 1381
1.01 1380
1.01 1379
1.03 1378
1.03 1377
1.03 1376
1.03 1375
1.03 1374
1.03 1373
1.03 1372
1.03 1371
1.03 1370
1.03 1369
1.03 1368
1.03 1367
1.03 1366
1.03 1365
1.03 1364
1.04 1363
1.04 1362
1.04 1361
1.04 1360
1.04 1359
1.04 1358
1.04 1357
1.04 1356
1.04 1355
1.04 1354
1.04 1353
1.04 1352
1.04 1351
1.04 1350
1.04 1349
1.04 1348
1.04 1347
1.04 1346
1.04 1345
1.04 1344
1.04 1343
1.04 1342
1.04 1341
1.04 1340
1.04 1339
1.04 1338
1.06 1337
1.06 1336
1.06 1335
1.06 1334
1.06 1333
1.06 1332
1.06 1331
1.06 1330
1.06 1329
1.06 1328
1.06 1327
1.06 1326
1.06 1325
1.06 1324
1.06 1323
1.06 1322
1.06 1321
1.06 1320
1.06 1319
1.06 1318
1.06 1317
1.06 1316
1.06 1315
1.06 1314
1.07 1313
1.07 1312
1.07 1311
1.07 1310
1.07 1309
1.07 1308
1.07 1307
1.07 1306
1.07 1305
1.07 1304
1.07 1303
1.07 1302
1.07 1301
1.07 1300
1.07 1299
1.07 1298
1.07 1297
1.07 1296
1.09 1295
1.09 1294
1.09 1293
1.09 1292
1.09 1291
1.09 1290
1.09 1289
1.09 1288
1.09 1287
1.09 1286
1.09 1285
1.09 1284
1.09 1283
1.09 1282
1.09 1281
1.09 1280
1.09 1279
1.09 1278
1.09 1277
1.09 1276
1.09 1275
1.11 1274
1.11 1273
1.11 1272
1.11 1271
1.11 1270
1.11 1269
1.11 1268
1.11 1267
1.11 1266
1.11 1265
1.11 1264
1.11 1263
1.11 1262
1.11 1261
1.11 1260
1.11 1259
1.11 1258
1.12 1257
1.12 1256
1.12 1255
1.12 1254
1.12 1253
1.12 1252
1.12 1251
1.12 1250
1.14 1249
1.14 1248
1.14 1247
1.14 1246
1.14 1245
1.14 1244
1.14 1243
1.14 1242
1.14 1241
1.14 1240
1.14 1239
1.15 1238
1.15 1237
1.15 1236
1.15 1235
1.15 1234
1.15 1233
1.15 1232
1.15 1231
1.20 1230
1.20 1229
1.23 1228
1.24 1227
1.24 1226
1.24 1225
1.24 1224
1.24 1223
1.24 1222
1.24 1221
1.24 1220
1.24 1219
1.24 1218
1.24 1217
1.24 1216
1.25 1215
1.25 1214
1.25 1213
1.25 1212
1.25 1211
1.28 1210
1.28 1209
1.28 1208
1.28 1207
1.28 1206
1.28 1205
1.28 1204
1.28 1203
1.30 1202
1.30 1201
1.30 1200
1.30 1199
1.31 1198
1.31 1197
1.31 1196
1.31 1195
1.31 1194
1.31 1193
1.31 1192
1.31 1191
1.31 1190
1.31 1189
1.34 1188
1.34 1187
1.34 1186
1.34 1185
1.34 1184
1.34 1183
1.39 1182
1.39 1181
1.39 1180
1.39 1179
1.39 1178
1.39 1177
1.39 1176
1.39 1175
1.39 1174
1.39 1173
1.39 1172
1.41 1171
1.41 1170
1.41 1169
1.41 1168
1.41 1167
1.41 1166
1.46 1165
1.48 1164
1.48 1163
1.54 1162
1.60 1161
1.60 1160
1.62 1159
1.62 1158
1.62 1157
1.62 1156
1.62 1155
1.62 1154
1.70 1153
1.70 1152
1.70 1151
1.70 1150
1.71 1149
1.71 1148
1.71 1147
1.71 1146
1.71 1145
1.71 1144
1.73 1143
1.73 1142
1.73 1141
1.74 1140
1.75 1139
1.78 1138
1.78 1137
1.82 1136
1.82 1135
1.82 1134
1.82 1133
1.84 1132
1.84 1131
1.84 1130
1.84 1129
1.86 1128
1.86 1127
1.86 1126
1.86 1125
1.86 1124
1.86 1123
1.86 1122
1.86 1121
2.25 1120
2.34 1119
2.36 1118
2.36 1117
2.36 1116
2.36 1115
2.38 1114
2.38 1113
2.38 1112
2.38 1111
2.38 1110
2.38 1109
2.38 1108
2.38 1107
2.39 1106
2.39 1105
2.39 1104
2.39 1103
2.39 1102
2.39 1101
2.39 1100
2.39 1099
2.65 1098
2.65 1097
2.65 1096
2.65 1095
2.67 1094
2.67 1093
2.67 1092
2.68 1091
2.68 1090
2.68 1089
2.68 1088
2.68 1087
2.72 1086
2.72 1085
2.72 1084
2.72 1083
2.76 1082
2.90 1081
2.91 1080
2.91 1079
2.91 1078
2.91 1077
2.91 1076
2.93 1075
2.93 1074
2.93 1073
2.93 1072
2.93 1071
2.93 1070
2.93 1069
2.93 1068
3.12 1067
3.12 1066
3.12 1065
3.12 1064
3.12 1063
3.12 1062
3.12 1061
3.12 1060
3.15 1059
3.15 1058
3.15 1057
3.15 1056
3.15 1055
3.16 1054
3.16 1053
3.16 1052
3.20 1051
3.21 1050
3.29 1049
3.29 1048
3.29 1047
3.31 1046
3.31 1045
3.92 1044
3.92 1043
3.94 1042
3.94 1041
3.94 1040
3.94 1039
3.94 1038
3.94 1037
3.94 1036
3.95 1035
3.95 1034
3.95 1033
3.95 1032
3.95 1031
3.98 1030
3.98 1029
3.98 1028
3.98 1027
3.98 1026
4.00 1025
4.00 1024
4.00 1023
4.00 1022
4.01 1021
4.01 1020
4.12 1019
4.12 1018
4.12 1017
4.40 1016
4.40 1015
4.46 1014
4.46 1013
4.46 1012
4.47 1011
4.47 1010
4.49 1009
4.49 1008
4.80 1007
4.80 1006
4.80 1005
4.80 1004
4.80 1003
4.82 1002
4.84 1001
4.85 1000
4.96 999
5.06 998
5.06 997
5.06 996
5.09 995
5.09 994
5.10 993
5.15 992
5.15 991
5.29 990
5.31 989
5.31 988
5.33 987
5.33 986
5.76 985
6.09 984
6.16 983
6.25 982
6.31 981
6.35 980
