0.00 1960
0.84 1959
0.84 1958
0.84 1957
0.84 1956
0.85 1955
0.85 1954
0.85 1953
0.85 1952
0.85 1951
0.85 1950
0.85 1949
0.85 1948
0.85 1947
0.85 1946
0.85 1945
0.85 1944
0.85 1943
0.85 1942
0.85 1941
0.85 1940
0.85 1939
0.85 1938
0.85 1937
0.85 1936
0.85 1935
0.85 1934
0.85 1933
0.85 1932
0.85 1931
0.85 1930
0.85 1929
0.85 1928
0.85 1927
0.85 1926
0.85 1925
0.85 1924
0.85 1923
0.85 1922
0.85 1921
0.85 1920
0.85 1919
0.85 1918
0.85 1917
0.85 1916
0.85 1915
0.85 1914
0.85 1913
0.85 1912
0.85 1911
0.85 1910
0.85 1909
0.85 1908
0.85 1907
0.85 1906
0.85 1905
0.87 1904
0.87 1903
0.87 1902
0.87 1901
0.87 1900
0.87 1899
0.87 1898
0.87 1897
0.87 1896
0.87 1895
0.87 1894
0.87 1893
0.87 1892
0.87 1891
0.87 1890
0.87 1889
0.87 1888
0.87 1887
0.87 1886
0.87 1885
0.87 1884
0.87 1883
0.87 1882
0.87 1881
0.87 1880
0.87 1879
0.87 1878
0.87 1877
0.87 1876
0.87 1875
0.87 1874
0.87 1873
0.87 1872
0.87 1871
0.87 1870
0.87 1869
0.87 1868
0.87 1867
0.87 1866
0.87 1865
0.87 1864
0.87 1863
0.87 1862
0.87 1861
0.87 1860
0.87 1859
0.87 1858
0.87 1857
0.87 1856
0.87 1855
0.87 1854
0.87 1853
0.89 1852
0.89 1851
0.89 1850
0.89 1849
0.89 1848
0.89 1847
0.89 1846
0.89 1845
0.89 1844
0.89 1843
0.89 1842
0.89 1841
0.89 1840
0.89 1839
0.89 1838
0.89 1837
0.89 1836
0.89 1835
0.89 1834
0.89 1833
0.89 1832
0.89 1831
0.89 1830
0.89 1829
0.89 1828
0.89 1827
0.89 1826
0.89 1825
0.89 1824
0.89 1823
0.89 1822
0.89 1821
0.89 1820
0.89 1819
0.89 1818
0.89 1817
0.89 1816
0.89 1815
0.89 1814
0.89 1813
0.89 1812
0.89 1811
0.89 1810
0.89 1809
0.89 1808
0.89 1807
0.90 1806
0.90 1805
0.90 1804
0.90 1803
0.90 1802
0.90 1801
0.90 1800
0.90 1799
0.90 1798
0.90 1797
0.90 1796
0.90 1795
0.90 1794
0.90 1793
0.90 1792
0.90 1791
0.90 1790
0.90 1789
0.90 1788
0.90 1787
0.90 1786
0.90 1785
0.90 1784
0.90 1783
0.90 1782
0.90 1781
0.90 1780
0.90 1779
0.90 1778
0.90 1777
0.90 1776
0.90 1775
0.90 1774
0.90 1773
0.90 1772
0.90 1771
0.90 1770
0.90 1769
0.90 1768
0.90 1767
0.90 1766
0.90 1765
0.90 1764
0.90 1763
0.90 1762
0.90 1761
0.92 1760
0.92 1759
0.92 1758
0.92 1757
0.92 1756
0.92 1755
0.92 1754
0.92 1753
0.92 1752
0.92 1751
0.92 1750
0.92 1749
0.92 1748
0.92 1747
0.92 1746
0.92 1745
0.92 1744
0.92 1743
0.92 1742
0.92 1741
0.92 1740
0.92 1739
0.92 1738
0.92 1737
0.92 1736
0.92 1735
0.92 1734
0.92 1733
0.92 1732
0.92 1731
0.92 1730
0.93 1729
0.93 1728
0.93 1727
0.93 1726
0.93 1725
0.93 1724
0.93 1723
0.93 1722
0.93 1721
0.93 1720
0.93 1719
0.93 1718
0.93 1717
0.93 1716
0.93 1715
0.93 1714
0.93 1713
0.93 1712
0.93 1711
0.93 1710
0.93 1709
0.93 1708
0.93 1707
0.93 1706
0.93 1705
0.93 1704
0.93 1703
0.93 1702
0.93 1701
0.93 1700
0.93 1699
0.93 1698
0.93 1697
0.93 1696
0.93 1695
0.93 1694
0.93 1693
0.93 1692
0.93 1691
0.93 1690
0.93 1689
0.93 1688
0.93 1687
0.93 1686
0.93 1685
0.93 1684
0.93 1683
0.93 1682
0.93 1681
0.93 1680
0.93 1679
0.93 1678
0.93 1677
0.93 1676
0.93 1675
0.93 1674
0.93 1673
0.95 1672
0.95 1671
0.95 1670
0.95 1669
0.95 1668
0.95 1667
0.95 1666
0.95 1665
0.95 1664
0.95 1663
0.95 1662
0.95 1661
0.95 1660
0.95 1659
0.95 1658
0.95 1657
0.95 1656
0.95 1655
0.95 1654
0.95 1653
0.95 1652
0.95 1651
0.95 1650
0.95 1649
0.95 1648
0.95 1647
0.95 1646
0.95 1645
0.95 1644
0.95 1643
0.95 1642
0.95 1641
0.95 1640
0.95 1639
0.95 1638
0.95 1637
0.95 1636
0.95 1635
0.95 1634
0.95 1633
0.97 1632
0.97 1631
0.97 1630
0.97 1629
0.97 1628
0.97 1627
0.97 1626
0.97 1625
0.97 1624
0.97 1623
0.97 1622
0.97 1621
0.97 1620
0.97 1619
0.97 1618
0.97 1617
0.97 1616
0.97 1615
0.97 1614
0.97 1613
0.97 1612
0.97 1611
0.97 1610
0.97 1609
0.97 1608
0.97 1607
0.97 1606
0.98 1605
0.98 1604
0.98 1603
0.98 1602
0.98 1601
0.98 1600
0.98 1599
0.98 1598
0.98 1597
0.98 1596
0.98 1595
0.98 1594
0.98 1593
0.98 1592
0.98 1591
0.98 1590
0.98 1589
0.98 1588
0.98 1587
0.98 1586
0.98 1585
0.98 1584
0.98 1583
0.98 1582
0.98 1581
0.98 1580
0.98 1579
0.98 1578
0.98 1577
0.98 1576
0.98 1575
0.98 1574
0.98 1573
0.98 1572
0.98 1571
0.98 1570
0.98 1569
0.98 1568
0.98 1567
0.98 1566
0.98 1565
0.98 1564
1.00 1563
1.00 1562
1.00 1561
1.00 1560
1.00 1559
1.00 1558
1.00 1557
1.00 1556
1.00 1555
1.00 1554
1.00 1553
1.00 1552
1.00 1551
1.00 1550
1.00 1549
1.00 1548
1.00 1547
1.00 1546
1.00 1545
1.00 1544
1.00 1543
1.00 1542
1.00 1541
1.00 1540
1.00 1539
1.00 1538
1.00 1537
1.00 1536
1.00 1535
1.00 1534
1.00 1533
1.00 1532
1.00 1531
1.00 1530
1.00 1529
1.00 1528
1.00 1527
1.00 1526
1.00 1525
1.00 1524
1.00 1523
1.00 1522
1.01 1521
1.01 1520
1.01 1519
1.01 1518
1.01 1517
1.01 1516
1.01 1515
1.01 1514
1.01 1513
1.01 1512
1.01 1511
1.01 1510
1.01 1509
1.01 1508
1.01 1507
1.01 1506
1.01 1505
1.01 1504
1.01 1503
1.01 1502
1.01 1501
1.01 1500
1.01 1499
1.01 1498
1.01 1497
1.01 1496
1.01 1495
1.01 1494
1.03 1493
1.03 1492
1.03 1491
1.03 1490
1.03 1489
1.03 1488
1.03 1487
1.03 1486
1.03 1485
1.03 1484
1.03 1483
1.03 1482
1.03 1481
1.03 1480
1.03 1479
1.03 1478
1.03 1477
1.03 1476
1.03 1475
1.03 1474
1.03 1473
1.03 1472
1.03 1471
1.03 1470
1.03 1469
1.03 1468
1.03 1467
1.03 1466
1.04 1465
1.04 1464
1.04 1463
1.04 1462
1.04 1461
1.04 1460
1.04 1459
1.04 1458
1.04 1457
1.04 1456
1.04 1455
1.04 1454
1.04 1453
1.04 1452
1.04 1451
1.04 1450
1.04 1449
1.04 1448
1.04 1447
1.04 1446
1.04 1445
1.04 1444
1.04 1443
1.04 1442
1.04 1441
1.06 1440
1.06 1439
1.06 1438
1.06 1437
1.06 1436
1.06 1435
1.06 1434
1.06 1433
1.06 1432
1.06 1431
1.06 1430
1.06 1429
1.06 1428
1.06 1427
1.06 1426
1.06 1425
1.06 1424
1.06 1423
1.06 1422
1.06 1421
1.06 1420
1.06 1419
1.06 1418
1.06 1417
1.06 1416
1.06 1415
1.06 1414
1.06 1413
1.06 1412
1.06 1411
1.08 1410
1.08 1409
1.08 1408
1.08 1407
1.08 1406
1.08 1405
1.08 1404
1.08 1403
1.08 1402
1.08 1401
1.08 1400
1.08 1399
1.08 1398
1.08 1397
1.08 1396
1.08 1395
1.08 1394
1.08 1393
1.08 1392
1.08 1391
1.08 1390
1.08 1389
1.08 1388
1.08 1387
1.08 1386
1.08 1385
1.09 1384
1.09 1383
1.09 1382
1.09 1381
1.09 1380
1.09 1379
1.09 1378
1.09 1377
1.09 1376
1.09 1375
1.09 1374
1.09 1373
1.09 1372
1.09 1371
1.09 1370
1.09 1369
1.09 1368
1.09 1367
1.09 1366
1.09 1365
1.09 1364
1.11 1363
1.11 1362
1.11 1361
1.11 1360
1.11 1359
1.11 1358
1.11 1357
1.11 1356
1.11 1355
1.11 1354
1.11 1353
1.11 1352
1.11 1351
1.11 1350
1.11 1349
1.11 1348
1.11 1347
1.11 1346
1.12 1345
1.12 1344
1.12 1343
1.12 1342
1.12 1341
1.13 1340
1.13 1339
1.13 1338
1.13 1337
1.13 1336
1.13 1335
1.13 1334
1.13 1333
1.13 1332
1.13 1331
1.13 1330
1.13 1329
1.13 1328
1.13 1327
1.13 1326
1.14 1325
1.14 1324
1.14 1323
1.14 1322
1.14 1321
1.14 1320
1.14 1319
1.15 1318
1.15 1317
1.15 1316
1.15 1315
1.15 1314
1.15 1313
1.15 1312
1.15 1311
1.15 1310
1.15 1309
1.15 1308
1.16 1307
1.16 1306
1.16 1305
1.16 1304
1.16 1303
1.16 1302
1.16 1301
1.16 1300
1.16 1299
1.16 1298
1.16 1297
1.16 1296
1.16 1295
1.16 1294
1.16 1293
1.17 1292
1.17 1291
1.17 1290
1.17 1289
1.17 1288
1.17 1287
1.17 1286
1.17 1285
1.18 1284
1.18 1283
1.18 1282
1.18 1281
1.18 1280
1.18 1279
1.18 1278
1.18 1277
1.18 1276
1.19 1275
1.19 1274
1.19 1273
1.19 1272
1.19 1271
1.19 1270
1.19 1269
1.19 1268
1.19 1267
1.19 1266
1.19 1265
1.20 1264
1.20 1263
1.20 1262
1.20 1261
1.20 1260
1.20 1259
1.20 1258
1.20 1257
1.20 1256
1.20 1255
1.20 1254
1.20 1253
1.20 1252
1.20 1251
1.23 1250
1.23 1249
1.23 1248
1.23 1247
1.23 1246
1.23 1245
1.24 1244
1.24 1243
1.24 1242
1.24 1241
1.24 1240
1.26 1239
1.26 1238
1.26 1237
1.26 1236
1.26 1235
1.26 1234
1.26 1233
1.26 1232
1.26 1231
1.26 1230
1.26 1229
1.26 1228
1.27 1227
1.27 1226
1.27 1225
1.27 1224
1.27 1223
1.27 1222
1.29 1221
1.29 1220
1.29 1219
1.29 1218
1.29 1217
1.29 1216
1.29 1215
1.29 1214
1.29 1213
1.29 1212
1.29 1211
1.31 1210
1.31 1209
1.31 1208
1.31 1207
1.31 1206
1.31 1205
1.31 1204
1.31 1203
1.31 1202
1.31 1201
1.33 1200
1.33 1199
1.33 1198
1.33 1197
1.33 1196
1.34 1195
1.34 1194
1.34 1193
1.34 1192
1.34 1191
1.34 1190
1.34 1189
1.34 1188
1.35 1187
1.37 1186
1.37 1185
1.37 1184
1.37 1183
1.37 1182
1.40 1181
1.40 1180
1.40 1179
1.40 1178
1.40 1177
1.42 1176
1.42 1175
1.42 1174
1.42 1173
1.42 1172
1.42 1171
1.43 1170
1.43 1169
1.43 1168
1.43 1167
1.43 1166
1.43 1165
1.43 1164
1.43 1163
1.43 1162
1.45 1161
1.45 1160
1.51 1159
1.51 1158
1.51 1157
1.53 1156
1.53 1155
1.54 1154
1.54 1153
1.54 1152
1.54 1151
1.54 1150
1.54 1149
1.54 1148
1.54 1147
1.65 1146
1.65 1145
1.67 1144
1.67 1143
1.67 1142
1.67 1141
1.67 1140
1.68 1139
1.68 1138
1.72 1137
1.72 1136
1.73 1135
1.75 1134
1.75 1133
1.76 1132
1.93 1131
1.93 1130
1.94 1129
1.94 1128
1.94 1127
1.94 1126
1.94 1125
1.94 1124
1.95 1123
1.95 1122
1.95 1121
2.08 1120
2.08 1119
2.08 1118
2.08 1117
2.09 1116
2.09 1115
2.47 1114
2.48 1113
2.50 1112
2.58 1111
2.58 1110
2.59 1109
2.59 1108
2.61 1107
2.61 1106
2.61 1105
2.62 1104
2.62 1103
2.63 1102
2.63 1101
2.63 1100
2.63 1099
2.64 1098
2.64 1097
2.64 1096
2.64 1095
2.64 1094
2.64 1093
2.64 1092
2.64 1091
2.64 1090
2.64 1089
2.64 1088
2.64 1087
2.64 1086
2.65 1085
2.70 1084
2.70 1083
2.70 1082
2.70 1081
2.70 1080
2.70 1079
2.70 1078
2.73 1077
3.05 1076
3.06 1075
3.06 1074
3.06 1073
3.08 1072
3.11 1071
3.11 1070
3.11 1069
3.11 1068
3.11 1067
3.11 1066
3.17 1065
3.19 1064
3.24 1063
3.24 1062
3.25 1061
3.36 1060
3.36 1059
3.36 1058
3.45 1057
3.45 1056
3.45 1055
3.46 1054
3.58 1053
3.58 1052
3.58 1051
3.60 1050
3.60 1049
3.66 1048
3.66 1047
3.66 1046
3.68 1045
3.68 1044
3.76 1043
3.76 1042
3.76 1041
3.76 1040
3.77 1039
3.77 1038
3.77 1037
3.79 1036
3.80 1035
3.84 1034
3.84 1033
3.84 1032
3.84 1031
3.85 1030
3.85 1029
3.85 1028
3.85 1027
3.87 1026
3.87 1025
3.87 1024
3.87 1023
3.87 1022
4.07 1021
4.12 1020
4.12 1019
4.12 1018
4.14 1017
4.14 1016
4.22 1015
4.22 1014
4.27 1013
4.28 1012
4.30 1011
4.30 1010
4.52 1009
4.52 1008
4.54 1007
4.55 1006
4.55 1005
4.55 1004
4.73 1003
4.73 1002
4.79 1001
4.91 1000
4.91 999
5.01 998
5.01 997
5.01 996
5.12 995
5.14 994
5.21 993
5.26 992
5.40 991
5.50 990
5.50 989
5.75 988
5.84 987
6.00 986
6.04 985
6.04 984
6.10 983
6.24 982
6.44 981
6.45 980
