0.00 5678
3.76 4176
3.76 4175
3.79 4152
3.79 4151
3.86 4145
3.86 4144
3.86 4143
3.86 4142
3.86 4141
3.86 4140
3.86 4139
3.92 4138
3.92 4137
3.92 4136
3.92 4135
3.92 4134
3.92 4133
3.92 4132
3.92 4131
3.92 4130
3.96 4129
3.97 4128
4.07 4127
4.07 4126
4.07 4125
4.07 4124
4.07 4123
4.13 4122
4.13 4121
4.13 4120
4.13 4119
4.13 4118
4.13 4117
4.13 4116
4.13 4115
4.13 4114
4.13 4113
4.13 4112
4.13 4111
4.13 4110
4.16 4109
4.16 4108
4.16 4107
4.16 4106
4.16 4105
4.16 4104
4.18 4096
4.18 4095
4.18 4094
4.18 4093
4.18 4092
4.18 4091
4.18 4090
4.18 4089
4.18 4088
4.18 4087
4.18 4086
4.19 4085
4.19 4084
4.19 4083
4.24 4080
4.24 4079
4.24 4078
4.33 4077
4.35 4076
4.35 4075
4.35 4074
4.40 4073
4.40 4072
4.40 4071
4.40 4070
4.40 4069
4.40 4068
4.43 4067
4.43 4066
4.43 4065
4.45 4064
4.45 4063
4.45 4062
4.45 4061
4.45 4060
4.45 4059
4.45 4058
4.45 4057
4.55 4045
4.55 4044
4.55 4043
4.55 4042
4.55 4041
4.55 4040
4.70 4036
4.71 4035
4.71 4034
4.71 4033
4.71 4032
4.71 4031
4.71 4030
4.71 4029
4.71 4028
4.79 4027
4.79 4026
4.79 4025
4.85 4024
4.85 4023
4.85 4022
4.85 4021
4.85 4020
4.85 4019
4.88 4018
4.88 4017
4.88 4016
4.88 4015
4.90 4014
4.90 4013
4.90 4012
4.90 4011
4.90 4010
4.90 4009
4.90 4008
4.90 4007
5.11 4006
5.11 4005
5.13 3995
5.21 3994
5.21 3993
5.21 3992
5.35 3989
5.35 3988
5.35 3987
5.35 3986
5.35 3985
5.37 3984
5.37 3983
5.43 3982
5.43 3981
5.56 3980
5.56 3979
5.56 3978
5.56 3977
5.56 3976
5.68 3975
5.68 3974
5.68 3973
5.68 3972
5.70 3971
5.70 3970
5.70 3969
5.70 3968
5.76 3967
5.76 3966
5.76 3965
5.89 3964
5.89 3963
5.89 3962
5.89 3961
5.89 3960
5.89 3959
6.08 3958
6.13 3957
6.14 3956
6.14 3955
6.32 3954
6.35 3953
6.49 3952
6.49 3951
6.49 3950
6.49 3949
6.75 3948
6.76 3947
6.76 3946
