0.00 1000
0.25 999
0.25 998
0.25 995
0.25 994
0.25 993
0.25 992
0.25 991
0.25 990
0.25 989
0.25 988
0.25 987
0.25 986
0.26 985
0.26 984
0.26 983
0.26 982
0.26 981
0.27 980
0.27 979
0.28 975
0.28 974
0.28 973
0.36 972
0.37 971
0.37 970
0.48 969
0.48 968
0.48 967
0.49 966
0.51 960
0.52 959
0.52 958
0.60 956
0.60 955
0.62 954
0.62 953
0.62 952
0.68 951
0.70 950
0.70 949
0.74 948
0.79 947
0.79 946
0.79 945
1.13 944
1.13 943
1.13 942
1.28 941
1.29 940
1.29 939
1.41 938
1.42 937
1.42 936
1.99 935
3.27 934
3.63 933
