0.00 5684
3.46 4744
3.46 4743
3.46 4742
3.46 4741
3.46 4740
3.47 4739
3.47 4738
3.47 4737
3.47 4736
3.47 4735
3.48 4734
3.48 4733
3.51 4732
3.51 4731
3.52 4730
3.52 4729
4.05 4257
4.05 4256
4.05 4255
4.05 4254
4.05 4253
4.05 4252
4.05 4251
4.06 4250
4.06 4249
4.06 4248
4.06 4247
4.06 4246
4.06 4245
4.07 4244
4.07 4243
4.07 4242
4.07 4241
4.07 4240
4.07 4239
4.08 4238
4.08 4237
4.08 4236
4.08 4235
4.08 4234
4.08 4233
4.08 4232
4.09 4231
4.09 4230
4.09 4229
4.09 4228
4.09 4227
4.09 4226
4.10 4225
4.10 4224
4.10 4223
4.10 4222
4.10 4221
4.10 4220
4.38 4044
4.38 4043
4.38 4042
4.39 4041
4.39 4040
4.40 4039
4.40 4038
4.41 4037
4.41 4036
4.41 4035
4.42 4034
4.42 4033
4.42 4032
4.42 4031
4.42 4030
4.43 4029
4.43 4028
4.43 4027
4.45 4026
4.45 4025
4.50 4024
4.50 4023
4.51 4022
4.54 4021
4.54 4020
4.55 4019
4.55 4018
4.56 4017
4.57 4016
4.57 4015
4.58 4014
4.58 4013
4.58 4012
4.59 4011
4.59 4010
4.60 4009
4.61 4008
4.62 4007
4.62 4006
4.63 4005
4.63 4004
4.64 4003
4.64 4002
4.64 4001
4.65 4000
4.66 3999
4.66 3998
4.66 3997
4.66 3996
4.67 3995
4.67 3994
4.68 3993
4.68 3992
4.68 3991
4.68 3990
4.68 3989
4.68 3988
4.68 3987
4.69 3986
4.69 3985
4.69 3984
4.69 3983
4.70 3982
4.70 3981
4.71 3980
4.71 3979
4.71 3978
4.71 3977
4.71 3976
4.71 3975
4.72 3974
4.72 3973
4.72 3972
4.72 3971
4.72 3970
4.72 3969
4.73 3968
4.73 3967
4.73 3966
4.74 3965
4.74 3964
4.74 3963
4.75 3962
4.76 3961
4.76 3960
4.76 3959
4.76 3958
4.76 3957
4.76 3956
4.77 3955
4.77 3954
4.77 3953
4.77 3952
4.77 3951
4.78 3950
4.78 3949
4.78 3948
4.78 3947
4.79 3946
4.79 3945
4.79 3944
4.79 3943
4.80 3942
4.80 3941
4.80 3940
4.80 3939
4.80 3938
4.80 3937
4.80 3936
4.81 3935
4.81 3934
4.81 3933
4.81 3932
4.82 3931
4.82 3930
4.82 3929
4.82 3928
4.83 3927
4.83 3926
4.83 3925
4.84 3924
4.84 3923
4.84 3922
4.84 3921
4.84 3920
4.84 3919
4.85 3918
4.85 3917
4.85 3916
4.85 3915
4.85 3914
4.85 3913
4.85 3912
4.86 3911
4.86 3910
4.86 3909
4.86 3908
4.86 3907
4.87 3906
4.87 3905
4.87 3904
4.87 3903
4.88 3902
4.88 3901
4.89 3900
4.89 3899
4.89 3898
4.90 3897
4.91 3896
4.91 3895
4.91 3894
4.92 3893
4.92 3892
4.92 3891
4.93 3890
4.93 3889
4.93 3888
4.94 3887
4.94 3886
4.94 3885
4.95 3884
4.95 3883
4.95 3882
4.96 3881
4.97 3880
4.97 3879
4.98 3878
4.99 3877
4.99 3876
5.00 3875
5.01 3874
5.02 3873
5.02 3872
5.03 3871
5.03 3870
5.03 3869
5.03 3868
5.03 3867
5.04 3866
5.04 3865
5.04 3864
5.04 3863
5.04 3862
5.05 3861
5.05 3860
5.06 3859
5.06 3858
5.06 3857
5.06 3856
5.07 3855
5.07 3854
5.07 3853
5.08 3852
5.08 3851
5.08 3850
5.08 3849
5.09 3848
5.10 3847
5.10 3846
5.10 3845
5.11 3844
5.11 3843
5.11 3842
5.11 3841
5.11 3840
5.11 3839
5.12 3838
5.12 3837
5.12 3836
5.13 3835
5.13 3834
5.14 3833
5.14 3832
5.15 3831
5.15 3830
5.15 3829
5.16 3828
5.16 3827
5.17 3826
5.18 3825
5.20 3824
5.21 3823
5.22 3822
5.22 3821
5.23 3820
5.23 3819
5.24 3818
5.25 3817
5.25 3816
5.26 3815
5.27 3814
5.28 3813
5.29 3812
5.30 3811
5.31 3810
5.31 3809
5.31 3808
5.31 3807
5.31 3806
5.31 3805
5.32 3804
5.32 3803
5.33 3802
5.33 3801
5.34 3800
5.34 3799
5.34 3798
5.34 3797
5.34 3796
5.34 3795
5.34 3794
5.35 3793
5.35 3792
5.35 3791
5.35 3790
5.35 3789
5.35 3788
5.35 3787
5.36 3786
5.36 3785
5.36 3784
5.36 3783
5.36 3782
5.37 3781
5.37 3780
5.37 3779
5.37 3778
5.37 3777
5.37 3776
5.38 3775
5.38 3774
5.38 3773
5.38 3772
5.38 3771
5.38 3770
5.39 3769
5.39 3768
5.39 3767
5.39 3766
5.39 3765
5.39 3764
5.40 3763
5.40 3762
5.40 3761
5.40 3760
5.40 3759
5.40 3758
5.41 3757
5.41 3756
5.41 3755
5.41 3754
5.41 3753
5.41 3752
5.42 3751
5.42 3750
5.42 3749
5.42 3748
5.42 3747
5.43 3746
5.43 3745
5.43 3744
5.43 3743
5.43 3742
5.43 3741
5.44 3740
5.44 3739
5.44 3738
5.44 3737
5.44 3736
5.44 3735
5.44 3734
5.45 3733
5.45 3732
5.45 3731
5.45 3730
5.45 3729
5.45 3728
5.46 3727
5.46 3726
5.46 3725
5.47 3724
5.47 3723
5.47 3722
5.48 3721
5.49 3720
5.49 3719
5.49 3718
5.50 3717
5.50 3716
5.50 3715
5.50 3714
5.50 3713
5.51 3712
5.51 3711
5.51 3710
5.51 3709
5.51 3708
5.51 3707
5.51 3706
5.51 3705
5.51 3704
5.52 3703
5.52 3702
5.52 3701
5.53 3700
5.53 3699
5.54 3698
5.57 3697
5.57 3696
5.57 3695
5.57 3694
5.57 3693
5.58 3692
5.58 3691
5.58 3690
5.58 3689
5.58 3688
5.58 3687
5.58 3686
5.59 3685
5.59 3684
5.59 3683
5.59 3682
5.60 3681
5.60 3680
5.60 3679
5.61 3678
5.61 3677
5.61 3676
5.61 3675
5.61 3674
5.62 3673
5.62 3672
5.62 3671
5.62 3670
5.63 3669
5.63 3668
5.63 3667
5.63 3666
5.63 3665
5.67 3613
5.68 3612
5.68 3611
5.68 3610
5.68 3609
5.69 3608
5.70 3607
5.71 3606
5.71 3605
5.71 3604
5.72 3603
5.73 3602
5.73 3601
5.74 3600
5.74 3599
5.75 3598
5.75 3597
5.75 3596
5.76 3595
5.76 3594
5.76 3593
5.76 3592
5.77 3591
5.77 3590
5.77 3589
5.78 3588
5.79 3587
5.79 3586
5.79 3585
5.83 3584
5.83 3583
5.84 3582
5.84 3581
5.84 3580
5.84 3579
5.84 3578
5.85 3577
5.85 3576
5.85 3575
5.85 3574
5.85 3573
5.86 3572
5.86 3571
5.86 3570
5.86 3569
5.86 3568
5.87 3567
5.87 3566
5.87 3565
5.87 3564
5.87 3563
5.88 3562
5.88 3561
5.88 3560
5.88 3559
5.88 3558
5.88 3557
5.89 3556
5.89 3555
5.89 3554
5.89 3553
5.89 3552
5.89 3551
5.90 3550
5.90 3549
5.90 3548
5.90 3547
5.90 3546
5.91 3545
5.91 3544
5.91 3543
5.91 3542
5.92 3541
5.92 3540
5.92 3539
5.92 3538
5.92 3537
5.92 3536
5.93 3535
5.93 3534
5.93 3533
5.93 3532
5.94 3531
5.94 3530
5.94 3529
5.94 3528
5.94 3527
5.95 3526
5.95 3525
5.96 3524
5.96 3523
5.97 3522
5.98 3521
5.98 3520
5.99 3519
5.99 3518
5.99 3517
5.99 3516
6.00 3515
6.00 3514
6.00 3513
6.00 3512
6.01 3511
6.01 3510
6.02 3509
6.02 3508
6.02 3507
6.02 3506
6.02 3505
6.03 3504
6.03 3503
6.04 3502
6.04 3501
6.04 3500
6.05 3499
6.05 3498
6.05 3497
6.05 3496
6.05 3495
6.06 3494
6.06 3493
6.06 3492
6.07 3491
6.07 3490
6.07 3489
6.07 3488
6.07 3487
6.08 3486
6.08 3485
6.08 3484
6.10 3483
6.10 3482
6.10 3481
6.11 3480
6.11 3479
6.11 3478
6.11 3477
6.12 3476
6.12 3475
6.12 3474
6.12 3473
6.13 3472
6.13 3471
6.14 3470
6.14 3469
6.14 3468
6.14 3467
6.14 3466
6.15 3465
6.15 3464
6.15 3463
6.15 3462
6.15 3461
6.16 3460
6.16 3459
6.16 3458
6.17 3457
6.17 3456
6.18 3455
6.18 3454
6.18 3453
6.18 3452
6.19 3451
6.19 3450
6.19 3449
6.19 3448
6.20 3447
6.20 3446
6.20 3445
6.21 3444
6.21 3443
6.25 3442
6.25 3441
6.25 3440
6.26 3439
6.26 3438
6.26 3437
6.26 3436
6.27 3435
6.27 3434
6.33 3433
6.34 3432
6.34 3431
6.35 3430
6.35 3429
6.36 3428
6.36 3427
6.37 3426
6.37 3425
6.40 3424
6.42 3423
6.42 3422
6.43 3421
6.44 3420
6.45 3419
6.45 3418
6.46 3417
6.47 3416
6.47 3415
6.48 3414
6.48 3413
6.48 3412
6.50 3411
6.50 3410
6.52 3409
6.52 3408
6.53 3407
6.59 3406
6.60 3405
6.61 3404
6.63 3403
6.63 3402
6.64 3401
6.64 3400
6.65 3399
6.66 3398
6.66 3397
6.67 3396
6.67 3395
6.67 3394
6.68 3393
6.69 3392
6.69 3391
6.69 3390
6.69 3389
6.70 3388
6.70 3387
6.74 3386
6.75 3385
6.75 3384
6.75 3383
6.75 3382
6.82 3381
6.83 3380
6.83 3379
6.84 3378
6.84 3377
6.84 3376
6.85 3375
6.86 3374
6.86 3373
6.87 3372
6.89 3371
6.91 3370
7.03 3369
7.03 3368
7.06 3367
7.07 3366
7.12 3365
7.13 3364
7.13 3363
7.14 3362
7.15 3361
7.15 3360
7.17 3359
7.21 3358
7.30 3357
7.32 3356
7.33 3355
7.46 3354
7.60 3353
7.81 3352
7.96 3351
7.97 3350
