0.00 814
0.00 813
0.69 726
0.69 725
1.01 712
1.03 702
1.03 701
1.03 700
1.28 698
1.42 689
1.42 688
1.52 684
1.52 683
1.52 682
1.52 679
1.75 678
1.75 677
1.75 676
1.75 675
1.88 674
1.99 672
1.99 671
2.12 670
2.12 669
2.12 668
2.12 667
2.12 666
2.12 665
2.12 664
2.12 663
2.12 662
2.20 661
2.21 660
2.21 659
2.22 658
2.22 657
2.22 656
2.22 655
2.37 654
2.37 653
2.42 652
2.42 651
2.42 650
2.46 649
2.46 648
2.64 647
2.64 646
2.64 645
2.64 644
2.76 643
2.83 642
2.83 641
2.83 640
2.83 639
3.03 638
3.03 637
3.03 636
3.15 635
3.15 634
3.15 633
3.15 632
3.15 631
3.15 630
3.15 629
3.18 628
3.51 627
3.51 626
3.51 625
3.51 624
3.51 623
3.62 622
3.65 621
3.67 620
3.67 619
3.67 618
3.67 617
3.67 616
3.67 615
4.08 613
4.11 612
4.16 611
4.16 610
4.30 609
4.30 608
4.30 607
4.39 606
4.39 605
4.39 604
4.39 603
5.12 602
5.16 601
5.45 600
5.50 599
5.52 598
5.53 597
