0.00 2000
0.59 1999
0.59 1998
0.59 1997
0.59 1996
0.66 1956
0.66 1955
0.66 1954
0.66 1953
0.66 1952
0.66 1951
0.66 1950
0.66 1949
0.66 1948
0.66 1947
0.66 1946
0.66 1945
0.66 1944
0.66 1943
0.66 1942
0.66 1941
0.66 1940
0.66 1939
0.66 1938
0.66 1937
0.66 1936
0.66 1935
0.66 1934
0.66 1933
0.66 1932
0.66 1931
0.66 1930
0.66 1929
0.66 1928
0.66 1927
0.66 1926
0.66 1925
0.66 1924
0.66 1923
0.66 1922
0.66 1921
0.66 1920
0.67 1919
0.67 1918
0.67 1917
0.67 1916
0.67 1915
0.67 1914
0.67 1913
0.67 1912
0.67 1911
0.67 1910
0.67 1909
0.67 1908
0.67 1907
0.67 1906
0.67 1905
0.67 1904
0.67 1903
0.67 1902
0.67 1901
0.67 1900
0.67 1899
0.67 1898
0.67 1897
0.67 1896
0.67 1895
0.67 1894
0.67 1893
0.67 1892
0.67 1891
0.67 1890
0.67 1889
0.67 1888
0.67 1887
0.67 1886
0.67 1885
0.67 1884
0.67 1883
0.67 1882
0.67 1881
0.67 1880
0.67 1879
0.67 1878
0.67 1877
0.67 1876
0.67 1875
0.67 1874
0.67 1873
0.67 1872
0.67 1871
0.68 1870
0.68 1869
0.68 1868
0.68 1867
0.68 1866
0.68 1865
0.68 1864
0.68 1863
0.68 1862
0.68 1861
0.68 1860
0.68 1859
0.68 1858
0.68 1857
0.68 1856
0.68 1855
0.68 1854
0.68 1853
0.68 1852
0.68 1851
0.68 1850
0.68 1849
0.68 1848
0.68 1847
0.68 1846
0.68 1845
0.68 1844
0.68 1843
0.68 1842
0.68 1841
0.68 1840
0.68 1839
0.68 1838
0.68 1837
0.68 1836
0.68 1835
0.68 1834
0.68 1833
0.68 1832
0.68 1831
0.68 1830
0.68 1829
0.68 1828
0.68 1827
0.68 1826
0.68 1825
0.68 1824
0.68 1823
0.68 1822
0.68 1821
0.68 1820
0.68 1819
0.68 1818
0.68 1817
0.68 1816
0.68 1815
0.68 1814
0.68 1813
0.68 1812
0.68 1811
0.68 1810
0.68 1809
0.68 1808
0.68 1807
0.68 1806
0.68 1805
0.68 1804
0.68 1803
0.68 1802
0.69 1801
0.69 1800
0.69 1799
0.69 1798
0.69 1797
0.69 1796
0.69 1795
0.69 1794
0.69 1793
0.69 1792
0.69 1791
0.69 1790
0.69 1789
0.69 1788
0.69 1787
0.69 1786
0.69 1785
0.69 1784
0.69 1783
0.69 1782
0.69 1781
0.69 1780
0.69 1779
0.70 1778
0.70 1777
0.70 1776
0.70 1775
0.70 1774
0.70 1773
0.70 1772
0.70 1771
0.70 1770
0.70 1769
0.70 1768
0.70 1767
0.70 1766
0.70 1765
0.70 1764
0.70 1763
0.70 1762
0.70 1761
0.70 1760
0.70 1759
0.70 1758
0.70 1757
0.70 1756
0.70 1755
0.70 1754
0.70 1753
0.70 1752
0.70 1751
0.70 1750
0.70 1749
0.70 1748
0.70 1747
0.70 1746
0.70 1745
0.70 1744
0.70 1743
0.70 1742
0.70 1741
0.70 1740
0.70 1739
0.70 1738
0.70 1737
0.71 1736
0.71 1735
0.71 1734
0.71 1733
0.71 1732
0.71 1731
0.71 1730
0.71 1729
0.71 1728
0.71 1727
0.71 1726
0.71 1725
0.71 1724
0.71 1723
0.71 1722
0.71 1721
0.71 1720
0.71 1719
0.71 1718
0.71 1717
0.71 1716
0.71 1715
0.71 1714
0.71 1713
0.71 1712
0.71 1711
0.71 1710
0.72 1709
0.72 1708
0.72 1707
0.72 1706
0.72 1705
0.72 1704
0.72 1703
0.72 1702
0.72 1701
0.72 1700
0.72 1699
0.72 1698
0.72 1697
0.72 1696
0.72 1695
0.72 1694
0.72 1693
0.72 1692
0.72 1691
0.72 1690
0.72 1689
0.72 1688
0.72 1687
0.72 1686
0.72 1685
0.72 1684
0.72 1683
0.72 1682
0.72 1681
0.72 1680
0.72 1679
0.72 1678
0.72 1677
0.72 1676
0.72 1675
0.72 1674
0.72 1673
0.72 1672
0.72 1671
0.72 1670
0.72 1669
0.72 1668
0.72 1667
0.72 1666
0.72 1665
0.72 1664
0.72 1663
0.72 1662
0.72 1661
0.72 1660
0.72 1659
0.73 1658
0.73 1657
0.73 1656
0.73 1655
0.73 1654
0.73 1653
0.73 1652
0.73 1651
0.73 1650
0.73 1649
0.73 1648
0.73 1647
0.73 1646
0.73 1645
0.73 1644
0.73 1643
0.73 1642
0.73 1641
0.73 1640
0.73 1639
0.73 1638
0.73 1637
0.73 1636
0.73 1635
0.73 1634
0.73 1633
0.73 1632
0.73 1631
0.73 1630
0.73 1629
0.74 1628
0.74 1627
0.74 1626
0.74 1625
0.74 1624
0.74 1623
0.74 1622
0.74 1621
0.74 1620
0.74 1619
0.74 1618
0.74 1617
0.74 1616
0.74 1615
0.74 1614
0.74 1613
0.74 1612
0.74 1611
0.74 1610
0.74 1609
0.74 1608
0.74 1607
0.74 1606
0.74 1605
0.74 1604
0.74 1603
0.74 1602
0.74 1601
0.74 1600
0.74 1599
0.74 1598
0.74 1597
0.74 1596
0.74 1595
0.74 1594
0.75 1593
0.75 1592
0.75 1591
0.75 1590
0.75 1589
0.75 1588
0.75 1587
0.75 1586
0.75 1585
0.75 1584
0.75 1583
0.75 1582
0.75 1581
0.75 1580
0.75 1579
0.75 1578
0.75 1577
0.75 1576
0.75 1575
0.75 1574
0.75 1573
0.75 1572
0.75 1571
0.75 1570
0.75 1569
0.75 1568
0.75 1567
0.75 1566
0.75 1565
0.75 1564
0.75 1563
0.75 1562
0.75 1561
0.75 1560
0.76 1559
0.76 1558
0.76 1557
0.76 1556
0.76 1555
0.76 1554
0.76 1553
0.76 1552
0.76 1551
0.76 1550
0.76 1549
0.76 1548
0.76 1547
0.76 1546
0.76 1545
0.76 1544
0.76 1543
0.76 1542
0.76 1541
0.76 1540
0.76 1539
0.76 1538
0.76 1537
0.76 1536
0.76 1535
0.76 1534
0.76 1533
0.76 1532
0.76 1531
0.76 1530
0.76 1529
0.76 1528
0.76 1527
0.76 1526
0.76 1525
0.77 1524
0.77 1523
0.77 1522
0.77 1521
0.77 1520
0.77 1519
0.77 1518
0.77 1517
0.77 1516
0.77 1515
0.77 1514
0.77 1513
0.77 1512
0.77 1511
0.77 1510
0.77 1509
0.77 1508
0.77 1507
0.77 1506
0.77 1505
0.77 1504
0.78 1503
0.78 1502
0.78 1501
0.78 1500
0.78 1499
0.78 1498
0.78 1497
0.78 1496
0.78 1495
0.78 1494
0.78 1493
0.78 1492
0.78 1491
0.78 1490
0.78 1489
0.78 1488
0.78 1487
0.78 1486
0.78 1485
0.78 1484
0.78 1483
0.79 1482
0.79 1481
0.79 1480
0.79 1479
0.79 1478
0.79 1477
0.79 1476
0.79 1475
0.79 1474
0.79 1473
0.79 1472
0.79 1471
0.79 1470
0.79 1469
0.79 1468
0.79 1467
0.79 1466
0.79 1465
0.79 1464
0.79 1463
0.79 1462
0.79 1461
0.79 1460
0.79 1459
0.79 1458
0.79 1457
0.79 1456
0.79 1455
0.79 1454
0.79 1453
0.79 1452
0.79 1451
0.79 1450
0.80 1449
0.80 1448
0.80 1447
0.80 1446
0.80 1445
0.80 1444
0.80 1443
0.80 1442
0.80 1441
0.80 1440
0.80 1439
0.80 1438
0.80 1437
0.80 1436
0.80 1435
0.80 1434
0.80 1433
0.80 1432
0.81 1431
0.81 1430
0.81 1429
0.81 1428
0.81 1427
0.81 1426
0.81 1425
0.81 1424
0.81 1423
0.81 1422
0.81 1421
0.81 1420
0.81 1419
0.81 1418
0.81 1417
0.81 1416
0.81 1415
0.82 1414
0.82 1413
0.82 1412
0.82 1411
0.82 1410
0.82 1409
0.82 1408
0.82 1407
0.82 1406
0.82 1405
0.82 1404
0.82 1403
0.82 1402
0.82 1401
0.82 1400
0.82 1399
0.82 1398
0.82 1397
0.82 1396
0.82 1395
0.82 1394
0.82 1393
0.82 1392
0.82 1391
0.82 1390
0.83 1389
0.83 1388
0.83 1387
0.83 1386
0.83 1385
0.83 1384
0.83 1383
0.83 1382
0.83 1381
0.83 1380
0.83 1379
0.83 1378
0.83 1377
0.83 1376
0.83 1375
0.84 1374
0.84 1373
0.84 1372
0.84 1371
0.84 1370
0.84 1369
0.84 1368
0.84 1367
0.84 1366
0.84 1365
0.84 1364
0.84 1363
0.84 1362
0.85 1361
0.85 1360
0.85 1359
0.85 1358
0.85 1357
0.85 1356
0.85 1355
0.85 1354
0.85 1353
0.85 1352
0.85 1351
0.85 1350
0.85 1349
0.85 1348
0.85 1347
0.86 1346
0.86 1345
0.86 1344
0.86 1343
0.86 1342
0.86 1341
0.86 1340
0.86 1339
0.87 1338
0.87 1337
0.87 1336
0.87 1335
0.87 1334
0.87 1333
0.87 1332
0.87 1331
0.88 1330
0.88 1329
0.88 1328
0.88 1327
0.88 1326
0.88 1325
0.88 1324
0.88 1323
0.88 1322
0.88 1321
0.88 1320
0.88 1319
0.88 1318
0.89 1317
0.89 1316
0.89 1315
0.89 1314
0.89 1313
0.89 1312
0.89 1311
0.89 1310
0.89 1309
0.90 1308
0.90 1307
0.91 1306
0.91 1305
0.91 1304
0.92 1303
0.92 1302
0.92 1301
0.92 1300
0.92 1299
0.92 1298
0.92 1297
0.92 1296
0.92 1295
0.92 1294
0.92 1293
0.92 1292
0.92 1291
0.92 1290
0.92 1289
0.92 1288
0.93 1287
0.93 1286
0.93 1285
0.93 1284
0.93 1283
0.93 1282
0.93 1281
0.93 1280
0.93 1279
0.93 1278
0.93 1277
0.93 1276
0.93 1275
0.93 1274
0.93 1273
0.93 1272
0.94 1271
0.94 1270
0.94 1269
0.94 1268
0.94 1267
0.95 1266
0.95 1265
0.98 1264
0.98 1263
0.98 1262
0.98 1261
0.98 1260
0.98 1259
0.99 1258
1.00 1257
1.00 1256
1.00 1255
1.00 1254
1.00 1253
1.01 1252
1.01 1251
1.01 1250
1.01 1249
1.01 1248
1.01 1247
1.01 1246
1.01 1245
1.01 1244
1.02 1243
1.02 1242
1.04 1241
1.04 1240
1.04 1239
1.04 1238
1.04 1237
1.04 1236
1.04 1235
1.04 1234
1.04 1233
1.07 1232
1.07 1231
1.07 1230
1.07 1229
1.07 1228
1.09 1227
1.09 1226
1.09 1225
1.09 1224
1.09 1223
1.09 1222
1.09 1221
1.09 1220
1.09 1219
1.09 1218
1.09 1217
1.10 1216
1.10 1215
1.11 1214
1.11 1213
1.11 1212
1.11 1211
1.13 1210
1.13 1209
1.13 1208
1.13 1207
1.13 1206
1.13 1205
1.13 1204
1.13 1203
1.14 1202
1.16 1201
1.16 1200
1.16 1199
1.16 1198
1.16 1197
1.16 1196
1.16 1195
1.16 1194
1.17 1193
1.17 1192
1.17 1191
1.17 1190
1.17 1189
1.17 1188
1.18 1187
1.18 1186
1.18 1185
1.47 1184
1.47 1183
1.47 1182
1.47 1181
1.47 1180
1.47 1179
1.47 1178
1.48 1177
1.53 1176
1.53 1175
1.53 1174
1.53 1173
1.53 1172
1.53 1171
1.53 1170
1.55 1169
1.55 1168
1.56 1167
1.56 1166
1.56 1165
1.56 1164
1.56 1163
1.56 1162
1.58 1161
1.58 1160
1.58 1159
1.58 1158
1.58 1157
1.58 1156
1.58 1155
1.59 1154
1.59 1153
1.60 1152
1.60 1151
1.60 1150
1.78 1149
1.87 1148
1.87 1147
1.87 1146
1.88 1145
1.88 1144
1.88 1143
1.88 1142
1.88 1141
2.11 1140
2.11 1139
2.11 1138
2.11 1137
2.20 1136
2.20 1135
2.20 1134
2.20 1133
2.20 1132
2.20 1131
2.26 1130
2.26 1129
2.26 1128
2.26 1127
2.26 1126
2.26 1125
2.44 1124
2.44 1123
2.44 1122
2.44 1121
2.44 1120
2.44 1119
2.44 1118
2.79 1117
2.79 1116
2.85 1115
2.86 1114
2.86 1113
2.86 1112
2.86 1111
2.87 1110
2.87 1109
2.87 1108
2.87 1107
2.87 1106
2.87 1105
2.87 1104
2.87 1103
2.87 1102
2.88 1101
2.88 1100
2.88 1099
2.97 1098
2.97 1097
3.04 1096
3.04 1095
3.08 1094
3.08 1093
3.08 1092
3.08 1091
3.08 1090
3.08 1089
3.08 1088
3.08 1087
3.08 1086
3.08 1085
3.09 1084
3.10 1083
3.10 1082
3.10 1081
3.10 1080
3.10 1079
3.10 1078
3.10 1077
3.10 1076
3.11 1075
3.11 1074
3.37 1073
3.37 1072
3.37 1071
3.37 1070
3.37 1069
3.37 1068
3.38 1067
3.38 1066
3.38 1065
3.38 1064
3.38 1063
3.38 1062
3.39 1061
3.39 1060
3.39 1059
3.39 1058
3.39 1057
3.39 1056
3.39 1055
3.47 1054
3.63 1053
3.63 1052
3.63 1051
3.63 1050
3.75 1049
3.75 1048
3.87 1047
3.87 1046
3.89 1045
3.89 1044
3.89 1043
3.90 1042
3.90 1041
3.90 1040
3.99 1039
3.99 1038
3.99 1037
3.99 1036
3.99 1035
4.11 1034
4.11 1033
4.17 1032
4.17 1031
4.17 1030
4.17 1029
4.17 1028
4.18 1027
4.18 1026
4.18 1025
4.72 1024
4.77 1023
4.78 1022
4.85 1021
5.01 1020
5.01 1019
5.02 1018
5.10 1017
5.10 1016
5.10 1015
5.11 1014
5.11 1013
5.13 1012
5.19 1011
5.19 1010
5.61 1009
5.71 1008
5.73 1007
5.83 1006
5.85 1005
5.93 1004
5.94 1003
6.07 1002
6.30 1001
7.37 1000
