0.00 2000
0.67 1999
0.67 1998
0.73 1798
0.73 1797
0.73 1796
0.73 1795
0.73 1794
0.73 1793
0.73 1792
0.73 1791
0.73 1790
0.73 1789
0.73 1788
0.73 1787
0.73 1786
0.73 1785
0.73 1784
0.73 1783
0.73 1782
0.73 1781
0.73 1780
0.73 1779
0.73 1778
0.73 1777
0.73 1776
0.73 1775
0.73 1774
0.73 1773
0.73 1772
0.73 1771
0.73 1770
0.73 1769
0.73 1768
0.73 1767
0.73 1766
0.73 1765
0.73 1764
0.73 1763
0.73 1762
0.73 1761
0.73 1760
0.73 1759
0.73 1758
0.73 1757
0.73 1756
0.73 1755
0.73 1754
0.73 1753
0.73 1752
0.73 1751
0.73 1750
0.73 1749
0.73 1748
0.73 1747
0.73 1746
0.73 1745
0.73 1744
0.73 1743
0.73 1742
0.73 1741
0.75 1740
0.75 1739
0.75 1738
0.75 1737
0.75 1736
0.75 1735
0.75 1734
0.75 1733
0.75 1732
0.75 1731
0.75 1730
0.75 1729
0.75 1728
0.75 1727
0.75 1726
0.75 1725
0.75 1724
0.75 1723
0.75 1722
0.75 1721
0.75 1720
0.75 1719
0.75 1718
0.75 1717
0.75 1716
0.75 1715
0.75 1714
0.75 1713
0.75 1712
0.75 1711
0.75 1710
0.75 1709
0.75 1708
0.75 1707
0.75 1706
0.75 1705
0.75 1704
0.75 1703
0.75 1702
0.75 1701
0.75 1700
0.75 1699
0.75 1698
0.75 1697
0.75 1696
0.75 1695
0.75 1694
0.75 1693
0.75 1692
0.75 1691
0.75 1690
0.75 1689
0.75 1688
0.75 1687
0.75 1686
0.75 1685
0.75 1684
0.75 1683
0.75 1682
0.75 1681
0.75 1680
0.76 1679
0.76 1678
0.77 1677
0.77 1676
0.77 1675
0.77 1674
0.77 1673
0.77 1672
0.77 1671
0.77 1670
0.77 1669
0.77 1668
0.77 1667
0.77 1666
0.77 1665
0.77 1664
0.77 1663
0.77 1662
0.77 1661
0.77 1660
0.77 1659
0.77 1658
0.77 1657
0.77 1656
0.77 1655
0.77 1654
0.77 1653
0.77 1652
0.77 1651
0.77 1650
0.77 1649
0.77 1648
0.77 1647
0.77 1646
0.77 1645
0.77 1644
0.77 1643
0.77 1642
0.77 1641
0.77 1640
0.77 1639
0.77 1638
0.77 1637
0.77 1636
0.77 1635
0.77 1634
0.77 1633
0.77 1632
0.77 1631
0.77 1630
0.77 1629
0.77 1628
0.77 1627
0.77 1626
0.78 1625
0.78 1624
0.78 1623
0.78 1622
0.78 1621
0.78 1620
0.78 1619
0.78 1618
0.78 1617
0.78 1616
0.78 1615
0.78 1614
0.78 1613
0.78 1612
0.78 1611
0.78 1610
0.78 1609
0.78 1608
0.78 1607
0.78 1606
0.78 1605
0.78 1604
0.78 1603
0.78 1602
0.78 1601
0.78 1600
0.78 1599
0.78 1598
0.78 1597
0.78 1596
0.78 1595
0.78 1594
0.78 1593
0.78 1592
0.78 1591
0.78 1590
0.78 1589
0.78 1588
0.78 1587
0.78 1586
0.78 1585
0.78 1584
0.78 1583
0.78 1582
0.78 1581
0.78 1580
0.78 1579
0.78 1578
0.78 1577
0.78 1576
0.80 1575
0.80 1574
0.80 1573
0.80 1572
0.80 1571
0.80 1570
0.80 1569
0.80 1568
0.80 1567
0.80 1566
0.80 1565
0.80 1564
0.80 1563
0.80 1562
0.80 1561
0.80 1560
0.80 1559
0.80 1558
0.80 1557
0.80 1556
0.80 1555
0.80 1554
0.80 1553
0.80 1552
0.80 1551
0.80 1550
0.80 1549
0.80 1548
0.80 1547
0.80 1546
0.80 1545
0.80 1544
0.80 1543
0.80 1542
0.80 1541
0.80 1540
0.80 1539
0.80 1538
0.80 1537
0.80 1536
0.80 1535
0.80 1534
0.80 1533
0.80 1532
0.80 1531
0.80 1530
0.80 1529
0.80 1528
0.80 1527
0.80 1526
0.80 1525
0.80 1524
0.80 1523
0.81 1522
0.81 1521
0.82 1520
0.82 1519
0.82 1518
0.82 1517
0.82 1516
0.82 1515
0.82 1514
0.82 1513
0.82 1512
0.82 1511
0.82 1510
0.82 1509
0.82 1508
0.82 1507
0.82 1506
0.82 1505
0.82 1504
0.82 1503
0.82 1502
0.82 1501
0.82 1500
0.82 1499
0.82 1498
0.82 1497
0.82 1496
0.82 1495
0.82 1494
0.82 1493
0.82 1492
0.82 1491
0.82 1490
0.82 1489
0.82 1488
0.82 1487
0.82 1486
0.82 1485
0.82 1484
0.82 1483
0.82 1482
0.83 1481
0.83 1480
0.83 1479
0.83 1478
0.83 1477
0.83 1476
0.83 1475
0.83 1474
0.83 1473
0.83 1472
0.83 1471
0.83 1470
0.83 1469
0.83 1468
0.83 1467
0.83 1466
0.83 1465
0.83 1464
0.83 1463
0.83 1462
0.83 1461
0.83 1460
0.83 1459
0.83 1458
0.83 1457
0.83 1456
0.83 1455
0.83 1454
0.83 1453
0.83 1452
0.83 1451
0.83 1450
0.83 1449
0.83 1448
0.85 1447
0.85 1446
0.85 1445
0.85 1444
0.85 1443
0.85 1442
0.85 1441
0.85 1440
0.85 1439
0.85 1438
0.85 1437
0.85 1436
0.85 1435
0.85 1434
0.85 1433
0.85 1432
0.85 1431
0.85 1430
0.85 1429
0.85 1428
0.85 1427
0.85 1426
0.85 1425
0.85 1424
0.85 1423
0.85 1422
0.87 1421
0.87 1420
0.87 1419
0.87 1418
0.87 1417
0.87 1416
0.87 1415
0.87 1414
0.87 1413
0.87 1412
0.87 1411
0.87 1410
0.87 1409
0.87 1408
0.87 1407
0.87 1406
0.87 1405
0.87 1404
0.87 1403
0.87 1402
0.87 1401
0.87 1400
0.87 1399
0.87 1398
0.87 1397
0.87 1396
0.87 1395
0.87 1394
0.87 1393
0.87 1392
0.87 1391
0.87 1390
0.87 1389
0.88 1388
0.88 1387
0.88 1386
0.88 1385
0.88 1384
0.88 1383
0.88 1382
0.88 1381
0.88 1380
0.88 1379
0.88 1378
0.88 1377
0.88 1376
0.88 1375
0.88 1374
0.88 1373
0.88 1372
0.88 1371
0.88 1370
0.88 1369
0.88 1368
0.88 1367
0.88 1366
0.88 1365
0.88 1364
0.88 1363
0.88 1362
0.88 1361
0.88 1360
0.88 1359
0.88 1358
0.90 1357
0.90 1356
0.90 1355
0.90 1354
0.90 1353
0.90 1352
0.90 1351
0.90 1350
0.90 1349
0.90 1348
0.90 1347
0.90 1346
0.90 1345
0.90 1344
0.90 1343
0.92 1342
0.92 1341
0.92 1340
0.92 1339
0.92 1338
0.92 1337
0.92 1336
0.92 1335
0.92 1334
0.92 1333
0.92 1332
0.92 1331
0.93 1330
0.93 1329
0.93 1328
0.93 1327
0.93 1326
0.93 1325
0.93 1324
0.93 1323
0.93 1322
0.93 1321
0.93 1320
0.93 1319
0.93 1318
0.93 1317
0.93 1316
0.95 1315
0.95 1314
0.95 1313
0.95 1312
0.95 1311
0.95 1310
0.95 1309
0.95 1308
0.95 1307
0.95 1306
0.95 1305
0.95 1304
0.95 1303
0.95 1302
0.95 1301
0.95 1300
0.95 1299
0.95 1298
0.95 1297
0.95 1296
0.95 1295
0.95 1294
0.97 1293
0.97 1292
0.97 1291
0.97 1290
0.97 1289
0.97 1288
0.97 1287
0.97 1286
0.97 1285
0.97 1284
0.97 1283
0.97 1282
0.97 1281
0.97 1280
0.97 1279
0.98 1278
0.98 1277
0.98 1276
0.98 1275
0.98 1274
0.98 1273
0.98 1272
0.98 1271
0.98 1270
0.98 1269
0.98 1268
0.98 1267
1.00 1266
1.00 1265
1.00 1264
1.00 1263
1.00 1262
1.00 1261
1.00 1260
1.00 1259
1.00 1258
1.00 1257
1.00 1256
1.00 1255
1.00 1254
1.00 1253
1.00 1252
1.00 1251
1.02 1250
1.02 1249
1.02 1248
1.02 1247
1.02 1246
1.02 1245
1.02 1244
1.02 1243
1.02 1242
1.02 1241
1.02 1240
1.02 1239
1.03 1238
1.03 1237
1.05 1236
1.05 1235
1.05 1234
1.05 1233
1.05 1232
1.05 1231
1.05 1230
1.05 1229
1.07 1228
1.07 1227
1.12 1226
1.12 1225
1.12 1224
1.12 1223
1.12 1222
1.15 1221
1.15 1220
1.15 1219
1.15 1218
1.15 1217
1.15 1216
1.15 1215
1.15 1214
1.15 1213
1.20 1212
1.20 1211
1.22 1210
1.22 1209
1.22 1208
1.22 1207
1.23 1206
1.23 1205
1.23 1204
1.23 1203
1.50 1202
1.50 1201
1.50 1200
1.50 1199
1.52 1198
1.53 1197
1.53 1196
1.53 1195
1.53 1194
1.53 1193
1.53 1192
1.53 1191
1.53 1190
1.54 1189
1.54 1188
1.54 1187
1.54 1186
1.54 1185
1.54 1184
1.54 1183
1.54 1182
1.54 1181
1.54 1180
1.54 1179
1.54 1178
1.58 1177
1.58 1176
1.58 1175
1.58 1174
1.58 1173
1.78 1172
1.78 1171
1.78 1170
1.78 1169
1.78 1168
1.78 1167
1.78 1166
1.80 1165
1.80 1164
1.80 1163
1.80 1162
1.80 1161
1.80 1160
1.80 1159
1.80 1158
1.80 1157
1.80 1156
1.83 1155
1.83 1154
1.83 1153
1.83 1152
1.86 1151
1.86 1150
1.86 1149
1.86 1148
1.86 1147
1.86 1146
1.86 1145
1.86 1144
1.86 1143
1.88 1142
1.88 1141
1.88 1140
1.88 1139
1.88 1138
2.23 1137
2.23 1136
2.23 1135
2.23 1134
2.23 1133
2.23 1132
2.23 1131
2.24 1130
2.24 1129
2.24 1128
2.24 1127
2.24 1126
2.24 1125
2.24 1124
2.26 1123
2.26 1122
2.29 1121
2.29 1120
2.29 1119
2.30 1118
2.30 1117
2.30 1116
2.30 1115
2.37 1114
2.37 1113
2.37 1112
2.40 1111
2.40 1110
2.40 1109
2.62 1108
2.62 1107
2.62 1106
2.62 1105
2.62 1104
2.62 1103
2.62 1102
2.62 1101
2.82 1100
2.82 1099
2.83 1098
2.87 1097
2.89 1096
2.91 1095
2.91 1094
2.92 1093
2.92 1092
2.92 1091
2.92 1090
2.92 1089
2.92 1088
2.92 1087
2.94 1086
2.94 1085
3.08 1084
3.08 1083
3.08 1082
3.08 1081
3.12 1080
3.13 1079
3.13 1078
3.15 1077
3.15 1076
3.15 1075
3.21 1074
3.24 1073
3.26 1072
3.26 1071
3.26 1070
3.26 1069
3.65 1068
3.67 1067
3.67 1066
3.68 1065
3.68 1064
3.68 1063
3.68 1062
3.68 1061
3.68 1060
3.68 1059
3.68 1058
3.68 1057
3.68 1056
3.68 1055
3.70 1054
3.70 1053
3.70 1052
3.70 1051
3.70 1050
3.70 1049
3.87 1048
3.87 1047
3.87 1046
3.87 1045
3.87 1044
3.87 1043
3.87 1042
4.11 1041
4.12 1040
4.12 1039
4.12 1038
4.12 1037
4.18 1036
4.18 1035
4.18 1034
4.18 1033
4.42 1032
4.42 1031
4.52 1030
4.52 1029
4.53 1028
4.53 1027
4.53 1026
4.78 1025
4.78 1024
4.80 1023
4.80 1022
4.91 1021
4.91 1020
4.96 1019
5.00 1018
5.03 1017
5.03 1016
5.21 1015
5.24 1014
5.29 1013
5.29 1012
5.29 1011
5.29 1010
5.50 1009
5.51 1008
5.58 1007
5.58 1006
5.73 1005
5.91 1004
6.26 1003
6.31 1002
6.36 1001
6.61 1000
