0.00 1960
0.63 1959
0.63 1958
0.63 1957
0.63 1956
0.63 1955
0.63 1954
0.63 1953
0.63 1952
0.63 1951
0.63 1950
0.63 1949
0.63 1948
0.63 1947
0.64 1946
0.64 1945
0.64 1944
0.64 1943
0.64 1942
0.64 1941
0.64 1940
0.64 1939
0.64 1938
0.64 1937
0.64 1936
0.64 1935
0.64 1934
0.64 1933
0.64 1932
0.64 1931
0.64 1930
0.64 1929
0.64 1928
0.64 1927
0.64 1926
0.64 1925
0.64 1924
0.64 1923
0.64 1922
0.64 1921
0.64 1920
0.64 1919
0.64 1918
0.64 1917
0.64 1916
0.64 1915
0.64 1914
0.64 1913
0.64 1912
0.64 1911
0.64 1910
0.64 1909
0.64 1908
0.64 1907
0.64 1906
0.64 1905
0.64 1904
0.64 1903
0.64 1902
0.64 1901
0.64 1900
0.64 1899
0.64 1898
0.64 1897
0.64 1896
0.64 1895
0.64 1894
0.64 1893
0.64 1892
0.64 1891
0.64 1890
0.64 1889
0.64 1888
0.64 1887
0.64 1886
0.64 1885
0.64 1884
0.64 1883
0.64 1882
0.64 1881
0.64 1880
0.64 1879
0.64 1878
0.64 1877
0.64 1876
0.64 1875
0.64 1874
0.64 1873
0.64 1872
0.64 1871
0.64 1870
0.64 1869
0.64 1868
0.64 1867
0.64 1866
0.64 1865
0.66 1864
0.66 1863
0.66 1862
0.66 1861
0.66 1860
0.66 1859
0.66 1858
0.66 1857
0.66 1856
0.66 1855
0.66 1854
0.66 1853
0.66 1852
0.66 1851
0.66 1850
0.66 1849
0.66 1848
0.66 1847
0.66 1846
0.66 1845
0.66 1844
0.66 1843
0.66 1842
0.66 1841
0.66 1840
0.66 1839
0.66 1838
0.66 1837
0.66 1836
0.66 1835
0.66 1834
0.66 1833
0.66 1832
0.66 1831
0.66 1830
0.66 1829
0.66 1828
0.66 1827
0.66 1826
0.66 1825
0.66 1824
0.66 1823
0.66 1822
0.66 1821
0.66 1820
0.66 1819
0.66 1818
0.66 1817
0.66 1816
0.66 1815
0.66 1814
0.66 1813
0.66 1812
0.66 1811
0.66 1810
0.67 1809
0.67 1808
0.67 1807
0.68 1806
0.68 1805
0.68 1804
0.68 1803
0.68 1802
0.68 1801
0.68 1800
0.68 1799
0.68 1798
0.68 1797
0.68 1796
0.68 1795
0.68 1794
0.68 1793
0.68 1792
0.68 1791
0.68 1790
0.68 1789
0.68 1788
0.68 1787
0.68 1786
0.68 1785
0.68 1784
0.68 1783
0.68 1782
0.68 1781
0.68 1780
0.68 1779
0.68 1778
0.68 1777
0.68 1776
0.68 1775
0.68 1774
0.68 1773
0.68 1772
0.68 1771
0.68 1770
0.68 1769
0.68 1768
0.68 1767
0.68 1766
0.68 1765
0.68 1764
0.68 1763
0.68 1762
0.68 1761
0.68 1760
0.68 1759
0.68 1758
0.68 1757
0.68 1756
0.68 1755
0.68 1754
0.68 1753
0.68 1752
0.68 1751
0.68 1750
0.68 1749
0.68 1748
0.68 1747
0.68 1746
0.68 1745
0.68 1744
0.68 1743
0.69 1742
0.69 1741
0.69 1740
0.69 1739
0.69 1738
0.69 1737
0.69 1736
0.69 1735
0.69 1734
0.69 1733
0.69 1732
0.69 1731
0.69 1730
0.69 1729
0.69 1728
0.69 1727
0.69 1726
0.69 1725
0.69 1724
0.69 1723
0.69 1722
0.69 1721
0.69 1720
0.69 1719
0.69 1718
0.69 1717
0.69 1716
0.69 1715
0.69 1714
0.69 1713
0.69 1712
0.69 1711
0.69 1710
0.69 1709
0.70 1708
0.70 1707
0.70 1706
0.70 1705
0.70 1704
0.70 1703
0.70 1702
0.70 1701
0.70 1700
0.70 1699
0.70 1698
0.70 1697
0.70 1696
0.70 1695
0.70 1694
0.70 1693
0.70 1692
0.70 1691
0.70 1690
0.70 1689
0.70 1688
0.70 1687
0.71 1686
0.71 1685
0.71 1684
0.71 1683
0.71 1682
0.71 1681
0.71 1680
0.71 1679
0.71 1678
0.71 1677
0.71 1676
0.71 1675
0.71 1674
0.71 1673
0.71 1672
0.71 1671
0.71 1670
0.71 1669
0.71 1668
0.71 1667
0.71 1666
0.71 1665
0.71 1664
0.71 1663
0.71 1662
0.71 1661
0.71 1660
0.71 1659
0.71 1658
0.71 1657
0.71 1656
0.71 1655
0.71 1654
0.71 1653
0.71 1652
0.71 1651
0.71 1650
0.71 1649
0.71 1648
0.71 1647
0.71 1646
0.71 1645
0.71 1644
0.71 1643
0.71 1642
0.71 1641
0.71 1640
0.71 1639
0.71 1638
0.71 1637
0.71 1636
0.72 1635
0.72 1634
0.72 1633
0.73 1632
0.73 1631
0.73 1630
0.73 1629
0.73 1628
0.73 1627
0.73 1626
0.73 1625
0.73 1624
0.73 1623
0.73 1622
0.73 1621
0.73 1620
0.73 1619
0.73 1618
0.73 1617
0.73 1616
0.73 1615
0.73 1614
0.73 1613
0.73 1612
0.73 1611
0.73 1610
0.73 1609
0.73 1608
0.73 1607
0.73 1606
0.73 1605
0.73 1604
0.73 1603
0.73 1602
0.73 1601
0.73 1600
0.73 1599
0.73 1598
0.73 1597
0.73 1596
0.73 1595
0.73 1594
0.73 1593
0.73 1592
0.73 1591
0.73 1590
0.73 1589
0.73 1588
0.73 1587
0.73 1586
0.73 1585
0.73 1584
0.74 1583
0.74 1582
0.74 1581
0.74 1580
0.74 1579
0.74 1578
0.74 1577
0.74 1576
0.74 1575
0.74 1574
0.74 1573
0.74 1572
0.74 1571
0.74 1570
0.74 1569
0.74 1568
0.74 1567
0.74 1566
0.74 1565
0.74 1564
0.74 1563
0.74 1562
0.74 1561
0.74 1560
0.74 1559
0.74 1558
0.74 1557
0.74 1556
0.74 1555
0.74 1554
0.74 1553
0.74 1552
0.74 1551
0.74 1550
0.74 1549
0.74 1548
0.74 1547
0.74 1546
0.74 1545
0.74 1544
0.74 1543
0.74 1542
0.74 1541
0.76 1540
0.76 1539
0.76 1538
0.76 1537
0.76 1536
0.76 1535
0.76 1534
0.76 1533
0.76 1532
0.76 1531
0.76 1530
0.76 1529
0.76 1528
0.76 1527
0.76 1526
0.76 1525
0.76 1524
0.76 1523
0.76 1522
0.76 1521
0.76 1520
0.76 1519
0.76 1518
0.76 1517
0.76 1516
0.76 1515
0.76 1514
0.76 1513
0.76 1512
0.76 1511
0.76 1510
0.76 1509
0.76 1508
0.76 1507
0.76 1506
0.76 1505
0.76 1504
0.76 1503
0.76 1502
0.76 1501
0.76 1500
0.76 1499
0.76 1498
0.76 1497
0.76 1496
0.76 1495
0.76 1494
0.76 1493
0.76 1492
0.76 1491
0.76 1490
0.76 1489
0.76 1488
0.76 1487
0.77 1486
0.77 1485
0.77 1484
0.78 1483
0.78 1482
0.78 1481
0.78 1480
0.78 1479
0.78 1478
0.78 1477
0.78 1476
0.78 1475
0.78 1474
0.78 1473
0.78 1472
0.78 1471
0.78 1470
0.78 1469
0.78 1468
0.78 1467
0.78 1466
0.78 1465
0.78 1464
0.78 1463
0.78 1462
0.78 1461
0.78 1460
0.78 1459
0.78 1458
0.78 1457
0.78 1456
0.78 1455
0.79 1454
0.79 1453
0.79 1452
0.79 1451
0.79 1450
0.79 1449
0.79 1448
0.79 1447
0.79 1446
0.79 1445
0.79 1444
0.79 1443
0.79 1442
0.79 1441
0.79 1440
0.79 1439
0.80 1438
0.80 1437
0.80 1436
0.80 1435
0.80 1434
0.80 1433
0.81 1432
0.81 1431
0.81 1430
0.81 1429
0.81 1428
0.81 1427
0.81 1426
0.81 1425
0.81 1424
0.81 1423
0.81 1422
0.81 1421
0.81 1420
0.81 1419
0.81 1418
0.81 1417
0.81 1416
0.81 1415
0.81 1414
0.81 1413
0.81 1412
0.81 1411
0.81 1410
0.81 1409
0.81 1408
0.81 1407
0.81 1406
0.81 1405
0.81 1404
0.82 1403
0.82 1402
0.83 1401
0.83 1400
0.83 1399
0.83 1398
0.83 1397
0.83 1396
0.83 1395
0.83 1394
0.83 1393
0.83 1392
0.83 1391
0.83 1390
0.83 1389
0.83 1388
0.83 1387
0.83 1386
0.83 1385
0.83 1384
0.83 1383
0.83 1382
0.83 1381
0.83 1380
0.83 1379
0.83 1378
0.84 1377
0.84 1376
0.84 1375
0.84 1374
0.84 1373
0.84 1372
0.84 1371
0.84 1370
0.84 1369
0.84 1368
0.84 1367
0.84 1366
0.84 1365
0.84 1364
0.86 1363
0.86 1362
0.86 1361
0.86 1360
0.86 1359
0.86 1358
0.87 1357
0.87 1356
0.87 1355
0.87 1354
0.87 1353
0.87 1352
0.87 1351
0.87 1350
0.87 1349
0.87 1348
0.87 1347
0.87 1346
0.87 1345
0.87 1344
0.87 1343
0.87 1342
0.87 1341
0.87 1340
0.88 1339
0.88 1338
0.88 1337
0.88 1336
0.88 1335
0.88 1334
0.88 1333
0.88 1332
0.88 1331
0.88 1330
0.88 1329
0.88 1328
0.88 1327
0.88 1326
0.88 1325
0.88 1324
0.88 1323
0.88 1322
0.89 1321
0.89 1320
0.89 1319
0.89 1318
0.89 1317
0.89 1316
0.89 1315
0.89 1314
0.89 1313
0.89 1312
0.89 1311
0.89 1310
0.89 1309
0.90 1308
0.90 1307
0.90 1306
0.90 1305
0.90 1304
0.90 1303
0.90 1302
0.90 1301
0.91 1300
0.91 1299
0.91 1298
0.91 1297
0.91 1296
0.91 1295
0.91 1294
0.91 1293
0.91 1292
0.91 1291
0.91 1290
0.91 1289
0.91 1288
0.91 1287
0.91 1286
0.91 1285
0.91 1284
0.93 1283
0.93 1282
0.93 1281
0.93 1280
0.93 1279
0.93 1278
0.93 1277
0.93 1276
0.93 1275
0.93 1274
0.93 1273
0.93 1272
0.94 1271
0.94 1270
0.94 1269
0.94 1268
0.94 1267
0.94 1266
0.94 1265
0.94 1264
0.94 1263
0.94 1262
0.94 1261
0.96 1260
0.96 1259
0.96 1258
0.96 1257
0.96 1256
0.96 1255
0.96 1254
0.96 1253
0.98 1252
0.98 1251
0.98 1250
0.99 1249
0.99 1248
0.99 1247
0.99 1246
0.99 1245
0.99 1244
0.99 1243
0.99 1242
1.00 1241
1.00 1240
1.00 1239
1.00 1238
1.00 1237
1.00 1236
1.00 1235
1.01 1234
1.01 1233
1.01 1232
1.01 1231
1.01 1230
1.01 1229
1.06 1228
1.06 1227
1.06 1226
1.06 1225
1.06 1224
1.06 1223
1.06 1222
1.06 1221
1.06 1220
1.06 1219
1.06 1218
1.07 1217
1.08 1216
1.08 1215
1.08 1214
1.08 1213
1.08 1212
1.08 1211
1.08 1210
1.08 1209
1.09 1208
1.09 1207
1.10 1206
1.11 1205
1.12 1204
1.12 1203
1.13 1202
1.13 1201
1.13 1200
1.13 1199
1.18 1198
1.19 1197
1.19 1196
1.20 1195
1.20 1194
1.21 1193
1.21 1192
1.23 1191
1.23 1190
1.23 1189
1.23 1188
1.23 1187
1.23 1186
1.23 1185
1.23 1184
1.23 1183
1.23 1182
1.23 1181
1.40 1180
1.44 1179
1.44 1178
1.44 1177
1.44 1176
1.44 1175
1.44 1174
1.44 1173
1.44 1172
1.44 1171
1.44 1170
1.44 1169
1.47 1168
1.47 1167
1.47 1166
1.47 1165
1.49 1164
1.49 1163
1.49 1162
1.49 1161
1.49 1160
1.49 1159
1.52 1158
1.55 1157
1.56 1156
1.56 1155
1.56 1154
1.56 1153
1.61 1152
1.61 1151
1.61 1150
1.61 1149
1.82 1148
1.82 1147
1.82 1146
1.83 1145
1.83 1144
1.83 1143
1.85 1142
1.85 1141
1.85 1140
1.85 1139
1.85 1138
1.85 1137
1.85 1136
1.85 1135
2.03 1134
2.03 1133
2.03 1132
2.16 1131
2.18 1130
2.18 1129
2.18 1128
2.18 1127
2.18 1126
2.18 1125
2.18 1124
2.18 1123
2.18 1122
2.18 1121
2.18 1120
2.18 1119
2.18 1118
2.18 1117
2.20 1116
2.20 1115
2.20 1114
2.20 1113
2.20 1112
2.20 1111
2.20 1110
2.20 1109
2.21 1108
2.21 1107
2.21 1106
2.21 1105
2.21 1104
2.21 1103
2.21 1102
2.21 1101
2.21 1100
2.62 1099
2.62 1098
2.62 1097
2.62 1096
2.62 1095
2.62 1094
2.62 1093
2.62 1092
2.63 1091
2.63 1090
2.63 1089
2.63 1088
2.63 1087
2.63 1086
2.63 1085
2.63 1084
2.63 1083
2.63 1082
2.63 1081
2.63 1080
2.63 1079
2.63 1078
2.63 1077
2.94 1076
2.94 1075
2.97 1074
2.97 1073
2.97 1072
2.97 1071
2.97 1070
3.02 1069
3.02 1068
3.02 1067
3.13 1066
3.13 1065
3.13 1064
3.13 1063
3.15 1062
3.15 1061
3.15 1060
3.15 1059
3.15 1058
3.16 1057
3.16 1056
3.16 1055
3.16 1054
3.16 1053
3.16 1052
3.16 1051
3.16 1050
3.16 1049
3.16 1048
3.18 1047
3.18 1046
3.18 1045
3.20 1044
3.20 1043
3.21 1042
3.21 1041
3.62 1040
3.62 1039
3.62 1038
3.62 1037
3.70 1036
3.70 1035
3.71 1034
3.71 1033
3.73 1032
3.75 1031
3.75 1030
3.75 1029
3.75 1028
3.78 1027
3.78 1026
3.96 1025
3.96 1024
3.96 1023
3.96 1022
3.96 1021
3.97 1020
3.97 1019
3.97 1018
3.97 1017
3.97 1016
4.21 1015
4.22 1014
4.24 1013
4.24 1012
4.50 1011
4.60 1010
4.60 1009
4.68 1008
4.70 1007
4.71 1006
4.71 1005
4.75 1004
4.80 1003
4.80 1002
4.80 1001
4.81 1000
4.81 999
4.81 998
4.81 997
4.84 996
4.86 995
4.86 994
5.29 993
5.37 992
5.38 991
5.54 990
5.62 989
5.68 988
5.68 987
5.68 986
5.68 985
5.76 984
6.31 983
6.34 982
6.46 981
6.57 980
