0.00 5684
3.45 4751
3.45 4750
3.45 4749
3.84 4415
3.85 4414
3.85 4413
3.85 4412
3.85 4411
3.85 4410
3.85 4409
3.85 4408
3.85 4407
3.86 4406
3.86 4405
3.86 4404
3.86 4403
3.86 4402
3.86 4401
3.86 4400
3.86 4399
3.86 4398
3.86 4397
3.86 4396
3.87 4395
3.87 4356
3.89 4355
3.89 4354
3.89 4353
3.89 4352
3.89 4351
3.89 4350
3.89 4349
3.89 4348
3.89 4347
3.89 4346
3.89 4345
3.89 4344
3.89 4343
3.89 4342
3.89 4341
3.89 4340
3.89 4339
3.90 4338
3.90 4337
3.90 4336
3.90 4335
3.90 4334
3.90 4333
3.90 4332
3.90 4331
3.90 4330
3.90 4329
3.90 4328
3.90 4327
3.92 4326
3.92 4325
3.92 4324
3.92 4323
3.92 4322
3.92 4321
3.92 4320
3.92 4319
4.01 4199
4.01 4198
4.03 4197
4.03 4196
4.03 4195
4.03 4194
4.03 4193
4.03 4192
4.03 4191
4.03 4190
4.03 4189
4.04 4188
4.04 4187
4.04 4186
4.04 4185
4.04 4184
4.11 4140
4.11 4139
4.11 4138
4.11 4137
4.11 4136
4.11 4135
4.11 4134
4.11 4133
4.11 4132
4.12 4131
4.12 4130
4.12 4129
4.12 4128
4.12 4127
4.12 4126
4.12 4125
4.12 4124
4.12 4123
4.12 4122
4.12 4121
4.12 4120
4.12 4119
4.12 4118
4.12 4117
4.12 4116
4.12 4115
4.14 4114
4.14 4113
4.14 4112
4.14 4111
4.14 4110
4.14 4109
4.14 4108
4.14 4107
4.14 4106
4.14 4105
4.14 4104
4.14 4103
4.14 4102
4.14 4101
4.14 4100
4.14 4099
4.14 4098
4.16 4097
4.16 4096
4.16 4095
4.16 4094
4.16 4093
4.28 4088
4.28 4087
4.28 4086
4.28 4085
4.28 4084
4.28 4083
4.30 4082
4.30 4081
4.30 4080
4.30 4079
4.30 4078
4.30 4077
4.30 4076
4.30 4075
4.30 4074
4.30 4073
4.30 4072
4.30 4071
4.30 4070
4.30 4069
4.30 4068
4.30 4067
4.30 4066
4.31 4065
4.31 4064
4.31 4063
4.31 4062
4.31 4061
4.31 4060
4.39 4050
4.39 4049
4.39 4048
4.39 4047
4.39 4046
4.39 4045
4.39 4044
4.39 4043
4.40 4042
4.40 4041
4.40 4040
4.40 4039
4.40 4038
4.40 4037
4.40 4036
4.40 4035
4.42 3994
4.44 3993
4.44 3992
4.44 3991
4.44 3990
4.44 3989
4.44 3988
4.44 3987
4.44 3986
4.44 3985
4.44 3984
4.44 3983
4.44 3982
4.44 3981
4.44 3980
4.45 3979
4.45 3978
4.45 3977
4.45 3976
4.45 3975
4.45 3974
4.45 3973
4.45 3972
4.47 3971
4.47 3970
4.47 3969
4.47 3968
4.47 3967
4.47 3966
4.47 3965
4.47 3964
4.47 3963
4.48 3962
4.48 3961
4.48 3960
4.48 3959
4.48 3958
4.48 3957
4.48 3956
4.48 3955
4.48 3954
4.48 3953
4.48 3952
4.48 3951
4.48 3950
4.48 3949
4.48 3948
4.48 3947
4.48 3946
4.50 3945
4.50 3944
4.50 3943
4.50 3942
4.50 3941
4.51 3940
4.51 3939
4.51 3938
4.51 3937
4.51 3936
4.51 3935
4.51 3934
4.51 3933
4.51 3932
4.52 3931
4.52 3930
4.52 3929
4.52 3928
4.52 3927
4.52 3926
4.52 3925
4.53 3924
4.53 3923
4.53 3922
4.53 3921
4.53 3920
4.53 3919
4.54 3918
4.54 3917
4.59 3916
4.59 3915
4.60 3914
4.60 3913
4.60 3912
4.60 3911
4.60 3910
4.60 3909
4.60 3908
4.60 3907
4.60 3906
4.60 3905
4.60 3904
4.60 3903
4.60 3902
4.62 3901
4.62 3900
4.62 3899
4.62 3898
4.62 3897
4.62 3896
4.62 3895
4.62 3894
4.62 3893
4.67 3869
4.67 3868
4.67 3867
4.67 3866
4.67 3865
4.67 3864
4.67 3863
4.67 3862
4.67 3861
4.67 3860
4.67 3859
4.67 3858
4.67 3857
4.67 3856
4.68 3855
4.68 3854
4.68 3853
4.68 3852
4.68 3851
4.68 3850
4.68 3849
4.68 3848
4.70 3847
4.70 3846
4.70 3845
4.70 3844
4.70 3843
4.70 3842
4.70 3841
4.70 3840
4.70 3839
4.71 3838
4.71 3837
4.71 3836
4.71 3835
4.71 3834
4.71 3833
4.71 3832
4.71 3831
4.71 3830
4.71 3829
4.71 3828
4.73 3827
4.73 3826
4.73 3825
4.73 3824
4.73 3823
4.73 3822
4.73 3821
4.73 3820
4.79 3793
4.79 3792
4.79 3791
4.81 3790
4.81 3789
4.81 3788
4.81 3787
4.81 3786
4.81 3785
4.81 3784
4.82 3783
4.82 3782
4.82 3781
4.82 3780
4.82 3779
4.84 3778
4.84 3777
4.84 3776
4.84 3775
4.84 3774
4.84 3773
4.92 3753
4.92 3752
4.92 3751
4.92 3750
4.92 3749
4.92 3748
4.92 3747
4.92 3746
4.92 3745
4.92 3744
4.92 3743
4.92 3742
4.92 3741
4.92 3740
4.92 3739
4.92 3738
4.94 3737
4.94 3736
4.94 3735
4.95 3734
4.95 3733
4.95 3732
4.95 3731
4.95 3730
4.95 3729
4.95 3728
4.95 3727
4.95 3726
4.95 3725
4.95 3724
4.95 3723
4.97 3722
4.97 3721
4.97 3720
4.97 3719
4.97 3718
4.97 3717
4.97 3716
4.98 3715
4.98 3714
4.98 3713
4.98 3712
4.98 3711
4.98 3710
4.98 3709
4.98 3708
4.98 3707
4.98 3706
4.98 3705
4.98 3704
4.98 3703
4.98 3702
5.00 3701
5.00 3700
5.00 3699
5.00 3698
5.00 3697
5.00 3696
5.00 3695
5.00 3694
5.00 3693
5.00 3692
5.00 3691
5.00 3690
5.00 3689
5.00 3688
5.02 3687
5.02 3686
5.02 3685
5.02 3684
5.02 3683
5.03 3682
5.03 3681
5.03 3680
5.03 3679
5.03 3678
5.03 3677
5.03 3676
5.05 3675
5.05 3674
5.05 3673
5.05 3672
5.05 3671
5.05 3670
5.05 3669
5.05 3668
5.05 3667
5.06 3666
5.06 3665
5.06 3664
5.09 3663
5.09 3662
5.09 3661
5.09 3660
5.09 3659
5.09 3658
5.09 3657
5.11 3656
5.11 3655
5.13 3654
5.13 3653
5.13 3652
5.13 3651
5.13 3650
5.13 3649
5.13 3648
5.13 3647
5.13 3646
5.14 3645
5.16 3644
5.16 3643
5.16 3642
5.16 3641
5.16 3640
5.16 3639
5.16 3638
5.16 3637
5.17 3636
5.17 3635
5.17 3634
5.17 3633
5.17 3632
5.19 3631
5.19 3630
5.19 3629
5.19 3628
5.19 3627
5.19 3626
5.19 3625
5.19 3624
5.20 3623
5.20 3622
5.20 3621
5.22 3620
5.22 3619
5.22 3618
5.22 3617
5.22 3616
5.22 3615
5.22 3614
5.22 3613
5.22 3612
5.22 3611
5.22 3610
5.22 3609
5.24 3608
5.24 3607
5.24 3606
5.24 3605
5.24 3604
5.24 3603
5.24 3602
5.24 3601
5.24 3600
5.24 3599
5.24 3598
5.24 3597
5.24 3596
5.24 3595
5.24 3594
5.25 3593
5.25 3592
5.25 3591
5.28 3590
5.28 3589
5.28 3588
5.28 3587
5.30 3586
5.30 3585
5.30 3584
5.30 3583
5.30 3582
5.30 3581
5.30 3580
5.30 3579
5.32 3578
5.32 3577
5.32 3576
5.33 3575
5.33 3574
5.33 3573
5.33 3572
5.38 3571
5.39 3570
5.39 3569
5.47 3568
5.47 3567
5.47 3566
5.47 3565
5.47 3564
5.47 3563
5.47 3562
5.47 3561
5.47 3560
5.47 3559
5.49 3558
5.49 3557
5.49 3556
5.49 3555
5.49 3554
5.50 3553
5.50 3552
5.50 3551
5.50 3550
5.50 3549
5.50 3548
5.50 3547
5.50 3546
5.50 3545
5.51 3544
5.51 3543
5.51 3542
5.51 3541
5.52 3540
5.52 3539
5.52 3538
5.52 3537
5.53 3536
5.53 3535
5.53 3534
5.53 3533
5.53 3532
5.54 3531
5.54 3530
5.54 3529
5.54 3528
5.54 3527
5.54 3526
5.54 3525
5.54 3524
5.55 3523
5.56 3522
5.56 3521
5.56 3520
5.56 3519
5.56 3518
5.56 3517
5.57 3516
5.57 3515
5.57 3514
5.57 3513
5.57 3512
5.57 3511
5.57 3510
5.57 3509
5.57 3508
5.57 3507
5.57 3506
5.57 3505
5.57 3504
5.57 3503
5.59 3502
5.59 3501
5.59 3500
5.59 3499
5.59 3498
5.63 3497
5.63 3496
5.63 3495
5.63 3494
5.63 3493
5.65 3492
5.65 3491
5.71 3490
5.71 3489
5.71 3488
5.71 3487
5.71 3486
5.71 3485
5.71 3484
5.73 3483
5.73 3482
5.73 3481
5.73 3480
5.74 3479
5.74 3478
5.74 3477
5.79 3476
5.79 3475
5.79 3474
5.79 3473
5.79 3472
5.79 3471
5.81 3470
5.81 3469
5.81 3468
5.81 3467
5.82 3466
5.82 3465
5.82 3464
5.84 3463
5.84 3462
5.84 3461
5.84 3460
5.86 3459
5.86 3458
5.86 3457
5.86 3456
5.87 3455
5.87 3454
5.87 3453
5.87 3452
5.87 3451
5.87 3450
5.97 3449
5.97 3448
5.97 3447
5.97 3446
5.97 3445
5.99 3444
5.99 3443
5.99 3442
5.99 3441
5.99 3440
5.99 3439
5.99 3438
5.99 3437
5.99 3436
5.99 3435
5.99 3434
5.99 3433
5.99 3432
6.00 3431
6.00 3430
6.00 3429
6.00 3428
6.00 3427
6.00 3426
6.00 3425
6.00 3424
6.00 3423
6.00 3422
6.00 3421
6.00 3420
6.00 3419
6.05 3418
6.08 3417
6.10 3416
6.10 3415
6.10 3414
6.10 3413
6.10 3412
6.11 3411
6.11 3410
6.11 3409
6.11 3408
6.13 3407
6.13 3406
6.13 3405
6.17 3404
6.19 3403
6.19 3402
6.19 3401
6.19 3400
6.19 3399
6.19 3398
6.19 3397
6.19 3396
6.19 3395
6.21 3394
6.21 3393
6.22 3392
6.22 3391
6.22 3390
6.22 3389
6.22 3388
6.22 3387
6.40 3386
6.40 3385
6.40 3384
6.40 3383
6.41 3382
6.41 3381
6.43 3380
6.44 3379
6.46 3378
6.46 3377
6.46 3376
6.46 3375
6.60 3374
6.67 3373
6.67 3372
6.67 3371
6.75 3370
6.75 3369
6.75 3368
6.76 3367
6.76 3366
6.76 3365
6.84 3364
6.84 3363
6.84 3362
6.89 3361
6.89 3360
6.90 3359
6.92 3358
6.94 3357
6.97 3356
7.00 3355
7.00 3354
7.01 3353
7.02 3352
7.02 3351
7.05 3350
7.34 3349
7.35 3348
7.35 3347
7.40 3346
7.41 3345
7.41 3344
7.41 3343
7.81 3342
7.81 3341
7.82 3340
