0.00 1960
0.82 1959
0.82 1958
0.82 1957
0.82 1956
0.82 1955
0.82 1954
0.82 1953
0.82 1952
0.82 1951
0.82 1950
0.82 1949
0.82 1948
0.82 1947
0.82 1946
0.83 1945
0.83 1944
0.83 1943
0.83 1942
0.83 1941
0.83 1940
0.83 1939
0.83 1938
0.83 1937
0.83 1936
0.83 1935
0.83 1934
0.83 1933
0.83 1932
0.83 1931
0.83 1930
0.83 1929
0.83 1928
0.83 1927
0.83 1926
0.83 1925
0.83 1924
0.83 1923
0.83 1922
0.83 1921
0.83 1920
0.83 1919
0.83 1918
0.83 1917
0.83 1916
0.83 1915
0.83 1914
0.83 1913
0.83 1912
0.83 1911
0.83 1910
0.83 1909
0.83 1908
0.83 1907
0.83 1906
0.84 1905
0.84 1904
0.84 1903
0.84 1902
0.84 1901
0.84 1900
0.84 1899
0.84 1898
0.84 1897
0.84 1896
0.84 1895
0.84 1894
0.84 1893
0.84 1892
0.84 1891
0.84 1890
0.84 1889
0.84 1888
0.84 1887
0.84 1886
0.84 1885
0.84 1884
0.84 1883
0.84 1882
0.84 1881
0.84 1880
0.84 1879
0.84 1878
0.84 1877
0.84 1876
0.84 1875
0.84 1874
0.84 1873
0.84 1872
0.84 1871
0.84 1870
0.84 1869
0.84 1868
0.84 1867
0.84 1866
0.84 1865
0.84 1864
0.84 1863
0.84 1862
0.84 1861
0.84 1860
0.84 1859
0.84 1858
0.84 1857
0.84 1856
0.84 1855
0.84 1854
0.84 1853
0.84 1852
0.84 1851
0.84 1850
0.84 1849
0.84 1848
0.84 1847
0.84 1846
0.84 1845
0.84 1844
0.84 1843
0.85 1842
0.85 1841
0.85 1840
0.85 1839
0.85 1838
0.85 1837
0.85 1836
0.85 1835
0.85 1834
0.85 1833
0.85 1832
0.85 1831
0.85 1830
0.85 1829
0.85 1828
0.85 1827
0.85 1826
0.85 1825
0.85 1824
0.85 1823
0.85 1822
0.86 1821
0.86 1820
0.86 1819
0.86 1818
0.86 1817
0.86 1816
0.86 1815
0.86 1814
0.86 1813
0.86 1812
0.86 1811
0.86 1810
0.86 1809
0.86 1808
0.86 1807
0.86 1806
0.86 1805
0.86 1804
0.86 1803
0.86 1802
0.86 1801
0.86 1800
0.86 1799
0.86 1798
0.86 1797
0.86 1796
0.86 1795
0.86 1794
0.86 1793
0.86 1792
0.86 1791
0.86 1790
0.87 1789
0.87 1788
0.87 1787
0.87 1786
0.87 1785
0.87 1784
0.87 1783
0.87 1782
0.87 1781
0.87 1780
0.87 1779
0.87 1778
0.87 1777
0.87 1776
0.87 1775
0.87 1774
0.87 1773
0.87 1772
0.87 1771
0.87 1770
0.87 1769
0.88 1768
0.88 1767
0.88 1766
0.88 1765
0.88 1764
0.88 1763
0.88 1762
0.88 1761
0.88 1760
0.88 1759
0.88 1758
0.88 1757
0.88 1756
0.88 1755
0.88 1754
0.88 1753
0.88 1752
0.88 1751
0.88 1750
0.88 1749
0.88 1748
0.88 1747
0.88 1746
0.88 1745
0.88 1744
0.88 1743
0.88 1742
0.88 1741
0.88 1740
0.89 1739
0.89 1738
0.89 1737
0.89 1736
0.89 1735
0.89 1734
0.89 1733
0.89 1732
0.89 1731
0.89 1730
0.89 1729
0.89 1728
0.89 1727
0.89 1726
0.89 1725
0.89 1724
0.89 1723
0.89 1722
0.89 1721
0.89 1720
0.89 1719
0.89 1718
0.89 1717
0.89 1716
0.89 1715
0.90 1714
0.90 1713
0.90 1712
0.90 1711
0.90 1710
0.90 1709
0.90 1708
0.90 1707
0.90 1706
0.90 1705
0.90 1704
0.90 1703
0.90 1702
0.90 1701
0.90 1700
0.90 1699
0.90 1698
0.90 1697
0.90 1696
0.90 1695
0.90 1694
0.90 1693
0.90 1692
0.90 1691
0.90 1690
0.90 1689
0.90 1688
0.90 1687
0.90 1686
0.90 1685
0.90 1684
0.90 1683
0.90 1682
0.90 1681
0.90 1680
0.90 1679
0.90 1678
0.90 1677
0.90 1676
0.90 1675
0.90 1674
0.90 1673
0.91 1672
0.91 1671
0.91 1670
0.91 1669
0.91 1668
0.91 1667
0.91 1666
0.91 1665
0.91 1664
0.91 1663
0.91 1662
0.91 1661
0.91 1660
0.91 1659
0.91 1658
0.91 1657
0.91 1656
0.91 1655
0.91 1654
0.91 1653
0.91 1652
0.91 1651
0.91 1650
0.91 1649
0.91 1648
0.91 1647
0.91 1646
0.91 1645
0.91 1644
0.91 1643
0.91 1642
0.91 1641
0.91 1640
0.91 1639
0.91 1638
0.91 1637
0.91 1636
0.91 1635
0.91 1634
0.91 1633
0.92 1632
0.92 1631
0.92 1630
0.92 1629
0.92 1628
0.92 1627
0.93 1626
0.93 1625
0.93 1624
0.93 1623
0.93 1622
0.93 1621
0.93 1620
0.93 1619
0.93 1618
0.93 1617
0.93 1616
0.93 1615
0.93 1614
0.93 1613
0.93 1612
0.93 1611
0.93 1610
0.93 1609
0.93 1608
0.93 1607
0.93 1606
0.93 1605
0.93 1604
0.93 1603
0.93 1602
0.93 1601
0.93 1600
0.93 1599
0.93 1598
0.93 1597
0.93 1596
0.93 1595
0.93 1594
0.93 1593
0.93 1592
0.93 1591
0.93 1590
0.93 1589
0.94 1588
0.94 1587
0.94 1586
0.94 1585
0.94 1584
0.94 1583
0.94 1582
0.94 1581
0.94 1580
0.94 1579
0.95 1578
0.95 1577
0.95 1576
0.95 1575
0.95 1574
0.95 1573
0.95 1572
0.95 1571
0.95 1570
0.95 1569
0.95 1568
0.95 1567
0.95 1566
0.95 1565
0.95 1564
0.95 1563
0.95 1562
0.95 1561
0.95 1560
0.95 1559
0.95 1558
0.95 1557
0.95 1556
0.95 1555
0.95 1554
0.95 1553
0.95 1552
0.95 1551
0.95 1550
0.95 1549
0.95 1548
0.95 1547
0.96 1546
0.96 1545
0.96 1544
0.96 1543
0.96 1542
0.96 1541
0.96 1540
0.96 1539
0.96 1538
0.96 1537
0.96 1536
0.96 1535
0.96 1534
0.96 1533
0.96 1532
0.96 1531
0.96 1530
0.96 1529
0.96 1528
0.96 1527
0.96 1526
0.96 1525
0.96 1524
0.96 1523
0.96 1522
0.96 1521
0.96 1520
0.96 1519
0.96 1518
0.96 1517
0.97 1516
0.97 1515
0.97 1514
0.97 1513
0.97 1512
0.97 1511
0.97 1510
0.97 1509
0.97 1508
0.98 1507
0.98 1506
0.98 1505
0.98 1504
0.98 1503
0.98 1502
0.98 1501
0.98 1500
0.98 1499
0.98 1498
0.98 1497
0.98 1496
0.98 1495
0.98 1494
0.98 1493
0.98 1492
0.98 1491
0.98 1490
0.98 1489
0.98 1488
0.98 1487
0.98 1486
0.98 1485
0.98 1484
0.98 1483
0.98 1482
0.98 1481
0.98 1480
0.98 1479
0.99 1478
0.99 1477
0.99 1476
0.99 1475
0.99 1474
0.99 1473
0.99 1472
0.99 1471
0.99 1470
0.99 1469
0.99 1468
0.99 1467
0.99 1466
0.99 1465
0.99 1464
0.99 1463
0.99 1462
0.99 1461
0.99 1460
0.99 1459
0.99 1458
0.99 1457
1.00 1456
1.00 1455
1.00 1454
1.00 1453
1.00 1452
1.00 1451
1.00 1450
1.00 1449
1.00 1448
1.00 1447
1.00 1446
1.00 1445
1.00 1444
1.00 1443
1.00 1442
1.00 1441
1.01 1440
1.01 1439
1.01 1438
1.01 1437
1.01 1436
1.01 1435
1.01 1434
1.01 1433
1.01 1432
1.01 1431
1.01 1430
1.01 1429
1.01 1428
1.01 1427
1.01 1426
1.01 1425
1.01 1424
1.01 1423
1.01 1422
1.01 1421
1.02 1420
1.02 1419
1.02 1418
1.02 1417
1.02 1416
1.02 1415
1.02 1414
1.02 1413
1.02 1412
1.02 1411
1.02 1410
1.02 1409
1.03 1408
1.03 1407
1.03 1406
1.03 1405
1.03 1404
1.03 1403
1.03 1402
1.03 1401
1.03 1400
1.03 1399
1.03 1398
1.03 1397
1.03 1396
1.03 1395
1.03 1394
1.03 1393
1.03 1392
1.03 1391
1.03 1390
1.03 1389
1.03 1388
1.03 1387
1.03 1386
1.03 1385
1.03 1384
1.04 1383
1.04 1382
1.04 1381
1.04 1380
1.04 1379
1.04 1378
1.04 1377
1.04 1376
1.04 1375
1.04 1374
1.04 1373
1.04 1372
1.04 1371
1.04 1370
1.04 1369
1.04 1368
1.04 1367
1.04 1366
1.04 1365
1.04 1364
1.04 1363
1.04 1362
1.04 1361
1.04 1360
1.04 1359
1.04 1358
1.04 1357
1.06 1356
1.06 1355
1.06 1354
1.06 1353
1.06 1352
1.06 1351
1.06 1350
1.06 1349
1.06 1348
1.06 1347
1.06 1346
1.06 1345
1.06 1344
1.06 1343
1.06 1342
1.06 1341
1.07 1340
1.08 1339
1.08 1338
1.08 1337
1.08 1336
1.08 1335
1.08 1334
1.08 1333
1.08 1332
1.08 1331
1.08 1330
1.08 1329
1.08 1328
1.08 1327
1.08 1326
1.08 1325
1.08 1324
1.09 1323
1.09 1322
1.09 1321
1.09 1320
1.11 1319
1.11 1318
1.11 1317
1.11 1316
1.11 1315
1.11 1314
1.11 1313
1.11 1312
1.11 1311
1.11 1310
1.11 1309
1.11 1308
1.11 1307
1.11 1306
1.11 1305
1.11 1304
1.11 1303
1.11 1302
1.11 1301
1.13 1300
1.13 1299
1.13 1298
1.13 1297
1.13 1296
1.13 1295
1.13 1294
1.13 1293
1.13 1292
1.13 1291
1.13 1290
1.13 1289
1.13 1288
1.13 1287
1.13 1286
1.13 1285
1.14 1284
1.14 1283
1.14 1282
1.14 1281
1.14 1280
1.14 1279
1.14 1278
1.14 1277
1.14 1276
1.14 1275
1.14 1274
1.14 1273
1.14 1272
1.14 1271
1.14 1270
1.14 1269
1.14 1268
1.16 1267
1.16 1266
1.16 1265
1.16 1264
1.16 1263
1.17 1262
1.18 1261
1.18 1260
1.18 1259
1.18 1258
1.18 1257
1.18 1256
1.18 1255
1.18 1254
1.18 1253
1.18 1252
1.19 1251
1.19 1250
1.19 1249
1.19 1248
1.19 1247
1.20 1246
1.20 1245
1.21 1244
1.21 1243
1.21 1242
1.21 1241
1.21 1240
1.21 1239
1.21 1238
1.22 1237
1.22 1236
1.22 1235
1.23 1234
1.23 1233
1.23 1232
1.24 1231
1.24 1230
1.24 1229
1.24 1228
1.24 1227
1.24 1226
1.24 1225
1.25 1224
1.25 1223
1.25 1222
1.27 1221
1.27 1220
1.27 1219
1.28 1218
1.28 1217
1.28 1216
1.28 1215
1.28 1214
1.28 1213
1.28 1212
1.29 1211
1.29 1210
1.29 1209
1.29 1208
1.29 1207
1.29 1206
1.29 1205
1.29 1204
1.30 1203
1.30 1202
1.30 1201
1.30 1200
1.31 1199
1.31 1198
1.31 1197
1.31 1196
1.31 1195
1.32 1194
1.32 1193
1.32 1192
1.32 1191
1.32 1190
1.32 1189
1.33 1188
1.33 1187
1.33 1186
1.33 1185
1.33 1184
1.33 1183
1.33 1182
1.46 1181
1.46 1180
1.47 1179
1.48 1178
1.48 1177
1.49 1176
1.49 1175
1.49 1174
1.49 1173
1.50 1172
1.50 1171
1.51 1170
1.51 1169
1.56 1168
1.56 1167
1.56 1166
1.57 1165
1.58 1164
1.58 1163
1.59 1162
1.59 1161
1.60 1160
1.60 1159
1.72 1158
1.74 1157
1.74 1156
1.75 1155
1.78 1154
1.78 1153
1.78 1152
1.78 1151
1.79 1150
1.79 1149
1.79 1148
1.80 1147
1.80 1146
1.80 1145
1.80 1144
1.80 1143
1.88 1142
1.90 1141
1.90 1140
1.90 1139
1.90 1138
1.90 1137
1.90 1136
1.91 1135
1.91 1134
1.91 1133
1.91 1132
1.93 1131
1.93 1130
1.96 1129
1.96 1128
1.96 1127
1.96 1126
1.96 1125
1.98 1124
1.98 1123
1.98 1122
1.99 1121
1.99 1120
1.99 1119
2.14 1118
2.15 1117
2.15 1116
2.15 1115
2.16 1114
2.16 1113
2.16 1112
2.18 1111
2.18 1110
2.18 1109
2.19 1108
2.19 1107
2.19 1106
2.19 1105
2.21 1104
2.21 1103
2.21 1102
2.22 1101
2.22 1100
2.22 1099
2.22 1098
2.23 1097
2.23 1096
2.35 1095
2.35 1094
2.35 1093
2.35 1092
2.35 1091
2.35 1090
2.35 1089
2.35 1088
2.35 1087
2.35 1086
2.36 1085
2.36 1084
2.36 1083
3.04 1082
3.04 1081
3.04 1080
3.04 1079
3.04 1078
3.04 1077
3.06 1076
3.06 1075
3.06 1074
3.07 1073
3.07 1072
3.37 1071
3.37 1070
3.37 1069
3.37 1068
3.39 1067
3.39 1066
3.39 1065
3.42 1064
3.42 1063
3.42 1062
3.43 1061
3.43 1060
3.43 1059
3.44 1058
3.46 1057
3.46 1056
3.46 1055
3.46 1054
3.49 1053
3.51 1052
3.51 1051
3.51 1050
3.55 1049
3.55 1048
3.79 1047
3.79 1046
3.79 1045
3.79 1044
3.79 1043
3.79 1042
3.79 1041
3.79 1040
3.79 1039
3.79 1038
3.81 1037
3.81 1036
3.81 1035
3.82 1034
3.83 1033
3.84 1032
3.84 1031
3.86 1030
4.13 1029
4.13 1028
4.13 1027
4.22 1026
4.22 1025
4.31 1024
4.32 1023
4.34 1022
4.34 1021
4.46 1020
4.46 1019
4.46 1018
4.48 1017
4.48 1016
4.48 1015
4.48 1014
4.56 1013
4.58 1012
4.58 1011
4.58 1010
4.58 1009
4.58 1008
4.59 1007
4.63 1006
4.83 1005
4.83 1004
4.83 1003
4.83 1002
4.84 1001
4.84 1000
4.91 999
4.91 998
4.91 997
5.40 996
5.43 995
5.45 994
5.46 993
5.47 992
5.47 991
5.48 990
5.53 989
5.53 988
5.67 987
5.77 986
5.78 985
6.00 984
6.05 983
6.18 982
6.20 981
7.01 980
