0.00 814
0.00 813
0.00 812
0.00 811
0.00 810
0.00 809
0.00 808
0.00 807
0.00 806
0.00 805
0.00 804
0.00 803
0.65 723
0.65 722
0.65 721
0.65 720
0.65 719
0.65 718
0.81 717
0.89 714
0.89 713
1.06 711
1.06 710
1.14 706
1.22 698
1.22 697
1.35 696
1.42 695
1.43 692
1.43 691
1.43 690
1.43 689
1.43 688
1.43 687
1.43 686
1.43 685
1.60 674
1.60 673
1.90 670
1.90 669
1.90 668
1.90 667
2.01 663
2.01 661
2.01 660
2.01 659
2.27 658
2.29 650
2.37 649
2.64 646
2.80 645
2.80 644
2.80 643
2.80 642
2.80 641
2.80 640
2.80 639
2.87 638
2.87 637
2.92 636
3.02 635
3.02 634
3.11 633
3.11 632
3.11 631
3.11 630
3.45 629
3.45 628
3.45 627
3.45 626
3.45 625
3.54 624
3.61 623
3.61 622
3.61 621
3.61 620
3.65 619
3.67 618
3.67 617
3.76 616
3.76 615
3.76 614
4.14 613
4.14 612
4.14 611
4.41 610
4.41 609
4.41 608
4.48 607
4.48 606
4.48 605
4.62 604
4.83 603
4.86 602
4.88 601
4.88 600
5.16 599
5.24 598
5.51 597
