0.00 1972
0.24 1971
0.24 1970
0.24 1969
0.24 1968
0.24 1967
0.24 1966
0.24 1965
0.24 1964
0.24 1963
0.24 1962
0.24 1961
0.24 1960
0.24 1959
0.24 1958
0.24 1957
0.24 1956
0.24 1955
0.24 1954
0.24 1953
0.24 1952
0.24 1951
0.24 1950
0.24 1949
0.24 1948
0.24 1947
0.24 1946
0.24 1945
0.24 1944
0.24 1943
0.24 1942
0.24 1941
0.24 1940
0.25 1939
0.25 1938
0.87 1853
1.64 1852
1.72 1851
1.94 1850
2.14 1849
2.14 1848
2.14 1847
2.16 1846
2.16 1845
2.16 1844
2.16 1843
2.16 1842
2.16 1841
2.47 1840
2.47 1839
2.51 1837
2.51 1836
2.52 1835
3.08 1834
3.19 1833
3.20 1832
3.28 1831
3.28 1830
3.28 1829
3.31 1828
3.33 1827
3.33 1826
3.33 1825
3.33 1824
3.98 1823
4.01 1822
4.03 1821
4.70 1820
4.77 1819
4.89 1818
5.16 1817
5.24 1816
5.43 1815
5.43 1814
5.43 1813
