0.00 2000
0.57 1999
0.57 1998
0.57 1997
0.57 1996
0.57 1995
0.57 1994
0.57 1993
0.57 1992
0.57 1991
0.57 1990
0.57 1989
0.57 1988
0.57 1987
0.57 1986
0.57 1985
0.57 1984
0.57 1983
0.57 1982
0.57 1981
0.57 1980
0.57 1979
0.57 1978
0.57 1977
0.57 1976
0.57 1975
0.57 1974
0.57 1973
0.57 1972
0.57 1971
0.57 1970
0.57 1969
0.57 1968
0.57 1967
0.57 1966
0.57 1965
0.57 1964
0.57 1963
0.57 1962
0.57 1961
0.57 1960
0.57 1959
0.57 1958
0.57 1957
0.57 1956
0.57 1955
0.57 1954
0.57 1953
0.57 1952
0.57 1951
0.57 1950
0.57 1949
0.57 1948
0.57 1947
0.57 1946
0.57 1945
0.57 1944
0.57 1943
0.57 1942
0.57 1941
0.57 1940
0.57 1939
0.57 1938
0.59 1937
0.59 1936
0.59 1935
0.59 1934
0.59 1933
0.59 1932
0.59 1931
0.59 1930
0.59 1929
0.59 1928
0.59 1927
0.59 1926
0.59 1925
0.59 1924
0.59 1923
0.59 1922
0.59 1921
0.59 1920
0.59 1919
0.59 1918
0.59 1917
0.59 1916
0.59 1915
0.59 1914
0.59 1913
0.59 1912
0.59 1911
0.59 1910
0.59 1909
0.59 1908
0.59 1907
0.59 1906
0.59 1905
0.59 1904
0.59 1903
0.59 1902
0.59 1901
0.59 1900
0.59 1899
0.59 1898
0.59 1897
0.59 1896
0.59 1895
0.59 1894
0.59 1893
0.59 1892
0.59 1891
0.59 1890
0.59 1889
0.59 1888
0.59 1887
0.59 1886
0.59 1885
0.59 1884
0.59 1883
0.59 1882
0.59 1881
0.59 1880
0.59 1879
0.59 1878
0.59 1877
0.59 1876
0.59 1875
0.59 1874
0.59 1873
0.59 1872
0.59 1871
0.59 1870
0.59 1869
0.59 1868
0.59 1867
0.59 1866
0.59 1865
0.59 1864
0.59 1863
0.59 1862
0.59 1861
0.59 1860
0.59 1859
0.59 1858
0.59 1857
0.59 1856
0.59 1855
0.59 1854
0.59 1853
0.59 1852
0.59 1851
0.59 1850
0.59 1849
0.59 1848
0.60 1847
0.60 1846
0.61 1845
0.61 1844
0.61 1843
0.61 1842
0.61 1841
0.61 1840
0.61 1839
0.61 1838
0.61 1837
0.61 1836
0.61 1835
0.61 1834
0.61 1833
0.61 1832
0.61 1831
0.61 1830
0.61 1829
0.61 1828
0.61 1827
0.61 1826
0.61 1825
0.61 1824
0.61 1823
0.61 1822
0.61 1821
0.61 1820
0.61 1819
0.61 1818
0.61 1817
0.61 1816
0.61 1815
0.61 1814
0.61 1813
0.61 1812
0.61 1811
0.61 1810
0.61 1809
0.61 1808
0.61 1807
0.61 1806
0.61 1805
0.61 1804
0.61 1803
0.61 1802
0.61 1801
0.61 1800
0.61 1799
0.61 1798
0.61 1797
0.61 1796
0.61 1795
0.61 1794
0.61 1793
0.61 1792
0.61 1791
0.61 1790
0.61 1789
0.61 1788
0.61 1787
0.62 1786
0.62 1785
0.62 1784
0.62 1783
0.62 1782
0.62 1781
0.62 1780
0.62 1779
0.62 1778
0.62 1777
0.62 1776
0.62 1775
0.62 1774
0.62 1773
0.62 1772
0.62 1771
0.62 1770
0.62 1769
0.62 1768
0.62 1767
0.62 1766
0.62 1765
0.62 1764
0.62 1763
0.62 1762
0.62 1761
0.62 1760
0.62 1759
0.62 1758
0.62 1757
0.62 1756
0.62 1755
0.62 1754
0.62 1753
0.62 1752
0.62 1751
0.62 1750
0.62 1749
0.62 1748
0.62 1747
0.62 1746
0.62 1745
0.62 1744
0.62 1743
0.62 1742
0.62 1741
0.62 1740
0.62 1739
0.62 1738
0.62 1737
0.62 1736
0.62 1735
0.62 1734
0.62 1733
0.62 1732
0.62 1731
0.62 1730
0.62 1729
0.62 1728
0.62 1727
0.62 1726
0.62 1725
0.62 1724
0.62 1723
0.62 1722
0.62 1721
0.62 1720
0.62 1719
0.62 1718
0.62 1717
0.62 1716
0.62 1715
0.62 1714
0.62 1713
0.62 1712
0.62 1711
0.62 1710
0.62 1709
0.64 1708
0.64 1707
0.64 1706
0.64 1705
0.64 1704
0.64 1703
0.64 1702
0.64 1701
0.64 1700
0.64 1699
0.64 1698
0.64 1697
0.64 1696
0.64 1695
0.64 1694
0.64 1693
0.64 1692
0.64 1691
0.64 1690
0.64 1689
0.64 1688
0.64 1687
0.64 1686
0.64 1685
0.64 1684
0.64 1683
0.64 1682
0.64 1681
0.64 1680
0.64 1679
0.64 1678
0.64 1677
0.64 1676
0.64 1675
0.64 1674
0.64 1673
0.64 1672
0.64 1671
0.64 1670
0.64 1669
0.64 1668
0.64 1667
0.64 1666
0.64 1665
0.64 1664
0.64 1663
0.64 1662
0.64 1661
0.64 1660
0.64 1659
0.64 1658
0.64 1657
0.64 1656
0.64 1655
0.64 1654
0.64 1653
0.64 1652
0.64 1651
0.64 1650
0.64 1649
0.64 1648
0.64 1647
0.64 1646
0.64 1645
0.64 1644
0.64 1643
0.64 1642
0.64 1641
0.65 1640
0.65 1639
0.65 1638
0.65 1637
0.65 1636
0.65 1635
0.65 1634
0.65 1633
0.65 1632
0.65 1631
0.65 1630
0.65 1629
0.65 1628
0.65 1627
0.65 1626
0.65 1625
0.65 1624
0.65 1623
0.65 1622
0.65 1621
0.65 1620
0.65 1619
0.65 1618
0.65 1617
0.65 1616
0.65 1615
0.65 1614
0.65 1613
0.65 1612
0.65 1611
0.65 1610
0.65 1609
0.65 1608
0.65 1607
0.65 1606
0.65 1605
0.65 1604
0.65 1603
0.65 1602
0.65 1601
0.65 1600
0.65 1599
0.65 1598
0.65 1597
0.65 1596
0.65 1595
0.65 1594
0.65 1593
0.65 1592
0.65 1591
0.65 1590
0.65 1589
0.65 1588
0.65 1587
0.65 1586
0.65 1585
0.65 1584
0.65 1583
0.65 1582
0.67 1581
0.67 1580
0.67 1579
0.67 1578
0.67 1577
0.67 1576
0.67 1575
0.67 1574
0.67 1573
0.67 1572
0.67 1571
0.67 1570
0.67 1569
0.67 1568
0.67 1567
0.67 1566
0.67 1565
0.67 1564
0.67 1563
0.67 1562
0.67 1561
0.67 1560
0.67 1559
0.67 1558
0.67 1557
0.67 1556
0.67 1555
0.67 1554
0.67 1553
0.67 1552
0.67 1551
0.67 1550
0.67 1549
0.67 1548
0.67 1547
0.67 1546
0.67 1545
0.67 1544
0.67 1543
0.67 1542
0.67 1541
0.67 1540
0.67 1539
0.67 1538
0.67 1537
0.67 1536
0.67 1535
0.67 1534
0.67 1533
0.69 1532
0.69 1531
0.69 1530
0.69 1529
0.69 1528
0.69 1527
0.69 1526
0.69 1525
0.69 1524
0.69 1523
0.69 1522
0.69 1521
0.69 1520
0.69 1519
0.69 1518
0.69 1517
0.69 1516
0.69 1515
0.69 1514
0.69 1513
0.69 1512
0.69 1511
0.69 1510
0.69 1509
0.69 1508
0.69 1507
0.69 1506
0.69 1505
0.69 1504
0.69 1503
0.69 1502
0.70 1501
0.70 1500
0.70 1499
0.70 1498
0.70 1497
0.70 1496
0.70 1495
0.70 1494
0.70 1493
0.70 1492
0.70 1491
0.70 1490
0.70 1489
0.70 1488
0.70 1487
0.70 1486
0.70 1485
0.70 1484
0.70 1483
0.70 1482
0.70 1481
0.70 1480
0.70 1479
0.70 1478
0.70 1477
0.70 1476
0.70 1475
0.70 1474
0.70 1473
0.70 1472
0.70 1471
0.70 1470
0.70 1469
0.70 1468
0.70 1467
0.70 1466
0.70 1465
0.72 1464
0.72 1463
0.72 1462
0.72 1461
0.72 1460
0.72 1459
0.72 1458
0.72 1457
0.72 1456
0.72 1455
0.72 1454
0.72 1453
0.72 1452
0.72 1451
0.72 1450
0.72 1449
0.72 1448
0.72 1447
0.72 1446
0.72 1445
0.72 1444
0.72 1443
0.72 1442
0.72 1441
0.72 1440
0.72 1439
0.72 1438
0.72 1437
0.72 1436
0.72 1435
0.72 1434
0.72 1433
0.72 1432
0.72 1431
0.72 1430
0.72 1429
0.72 1428
0.72 1427
0.72 1426
0.72 1425
0.72 1424
0.74 1423
0.74 1422
0.74 1421
0.74 1420
0.74 1419
0.74 1418
0.74 1417
0.74 1416
0.74 1415
0.74 1414
0.74 1413
0.74 1412
0.74 1411
0.74 1410
0.74 1409
0.74 1408
0.74 1407
0.74 1406
0.74 1405
0.74 1404
0.74 1403
0.74 1402
0.74 1401
0.74 1400
0.74 1399
0.74 1398
0.75 1397
0.75 1396
0.75 1395
0.75 1394
0.75 1393
0.75 1392
0.75 1391
0.75 1390
0.75 1389
0.75 1388
0.75 1387
0.75 1386
0.75 1385
0.75 1384
0.75 1383
0.75 1382
0.75 1381
0.75 1380
0.75 1379
0.75 1378
0.75 1377
0.75 1376
0.77 1375
0.77 1374
0.77 1373
0.77 1372
0.77 1371
0.77 1370
0.77 1369
0.77 1368
0.77 1367
0.77 1366
0.77 1365
0.77 1364
0.77 1363
0.77 1362
0.77 1361
0.77 1360
0.77 1359
0.77 1358
0.77 1357
0.77 1356
0.77 1355
0.77 1354
0.77 1353
0.77 1352
0.77 1351
0.77 1350
0.77 1349
0.77 1348
0.79 1347
0.79 1346
0.79 1345
0.79 1344
0.79 1343
0.79 1342
0.79 1341
0.79 1340
0.79 1339
0.79 1338
0.79 1337
0.79 1336
0.79 1335
0.79 1334
0.79 1333
0.79 1332
0.79 1331
0.79 1330
0.79 1329
0.79 1328
0.80 1327
0.80 1326
0.80 1325
0.80 1324
0.80 1323
0.80 1322
0.80 1321
0.80 1320
0.80 1319
0.80 1318
0.80 1317
0.80 1316
0.80 1315
0.80 1314
0.80 1313
0.80 1312
0.80 1311
0.80 1310
0.80 1309
0.80 1308
0.80 1307
0.80 1306
0.80 1305
0.80 1304
0.82 1303
0.82 1302
0.82 1301
0.82 1300
0.82 1299
0.82 1298
0.84 1297
0.84 1296
0.84 1295
0.84 1294
0.84 1293
0.84 1292
0.84 1291
0.84 1290
0.84 1289
0.84 1288
0.84 1287
0.84 1286
0.84 1285
0.85 1284
0.85 1283
0.85 1282
0.85 1281
0.85 1280
0.85 1279
0.85 1278
0.85 1277
0.85 1276
0.85 1275
0.85 1274
0.85 1273
0.85 1272
0.85 1271
0.85 1270
0.85 1269
0.89 1268
0.89 1267
0.89 1266
0.89 1265
0.89 1264
0.90 1263
0.90 1262
0.90 1261
0.90 1260
0.90 1259
0.90 1258
0.90 1257
0.90 1256
0.90 1255
0.90 1254
0.90 1253
0.90 1252
0.90 1251
0.90 1250
0.90 1249
0.90 1248
0.92 1247
0.92 1246
0.92 1245
0.92 1244
0.92 1243
0.92 1242
0.92 1241
0.92 1240
0.92 1239
0.92 1238
0.94 1237
0.94 1236
0.94 1235
0.94 1234
0.94 1233
0.94 1232
0.94 1231
0.97 1230
0.97 1229
0.97 1228
0.97 1227
0.97 1226
0.97 1225
0.97 1224
0.99 1223
0.99 1222
0.99 1221
0.99 1220
0.99 1219
0.99 1218
0.99 1217
0.99 1216
0.99 1215
0.99 1214
0.99 1213
0.99 1212
0.99 1211
0.99 1210
1.00 1209
1.00 1208
1.00 1207
1.00 1206
1.00 1205
1.00 1204
1.00 1203
1.04 1202
1.04 1201
1.05 1200
1.05 1199
1.05 1198
1.07 1197
1.07 1196
1.07 1195
1.07 1194
1.07 1193
1.07 1192
1.07 1191
1.07 1190
1.07 1189
1.07 1188
1.07 1187
1.09 1186
1.09 1185
1.09 1184
1.09 1183
1.10 1182
1.10 1181
1.10 1180
1.10 1179
1.10 1178
1.10 1177
1.44 1176
1.45 1175
1.45 1174
1.45 1173
1.45 1172
1.45 1171
1.50 1170
1.50 1169
1.58 1168
1.58 1167
1.58 1166
1.58 1165
1.58 1164
1.59 1163
1.59 1162
1.93 1161
1.93 1160
1.93 1159
1.98 1158
1.98 1157
1.98 1156
1.98 1155
1.98 1154
1.98 1153
1.98 1152
1.98 1151
1.98 1150
1.98 1149
1.98 1148
1.98 1147
2.01 1146
2.01 1145
2.01 1144
2.01 1143
2.01 1142
2.01 1141
2.01 1140
2.15 1139
2.15 1138
2.15 1137
2.15 1136
2.15 1135
2.18 1134
2.18 1133
2.18 1132
2.18 1131
2.20 1130
2.20 1129
2.20 1128
2.21 1127
2.21 1126
2.26 1125
2.26 1124
2.26 1123
2.26 1122
2.26 1121
2.26 1120
2.26 1119
2.26 1118
2.28 1117
2.28 1116
2.28 1115
2.28 1114
2.28 1113
2.28 1112
2.28 1111
2.42 1110
2.42 1109
2.42 1108
2.43 1107
2.43 1106
2.73 1105
2.73 1104
2.73 1103
2.73 1102
2.75 1101
2.76 1100
2.76 1099
2.76 1098
2.76 1097
2.78 1096
2.78 1095
2.78 1094
2.78 1093
2.78 1092
2.78 1091
2.78 1090
2.78 1089
2.78 1088
2.78 1087
2.79 1086
2.79 1085
2.79 1084
2.79 1083
2.79 1082
2.79 1081
2.79 1080
2.79 1079
2.79 1078
2.81 1077
2.81 1076
2.81 1075
3.45 1074
3.45 1073
3.45 1072
3.45 1071
3.45 1070
3.45 1069
3.45 1068
3.45 1067
3.45 1066
3.45 1065
3.46 1064
3.46 1063
3.48 1062
3.56 1061
3.56 1060
3.57 1059
3.61 1058
3.61 1057
3.61 1056
3.62 1055
3.62 1054
3.62 1053
3.62 1052
3.62 1051
3.84 1050
3.84 1049
3.84 1048
3.84 1047
3.86 1046
3.86 1045
3.91 1044
3.91 1043
3.91 1042
3.91 1041
3.91 1040
3.91 1039
3.91 1038
3.91 1037
4.03 1036
4.03 1035
4.08 1034
4.10 1033
4.11 1032
4.13 1031
4.13 1030
4.53 1029
4.53 1028
4.54 1027
4.54 1026
4.63 1025
4.64 1024
4.65 1023
4.65 1022
4.67 1021
4.67 1020
4.67 1019
4.69 1018
4.70 1017
4.70 1016
4.70 1015
4.70 1014
4.72 1013
5.07 1012
5.08 1011
5.08 1010
5.08 1009
5.08 1008
5.78 1007
5.80 1006
5.80 1005
5.83 1004
6.16 1003
6.21 1002
6.59 1001
6.81 1000
