0.00 814
0.00 813
0.00 812
0.00 811
0.00 810
0.00 809
0.00 808
0.00 807
0.00 806
0.00 805
0.00 804
0.00 803
0.00 802
0.00 801
0.00 800
0.00 799
0.90 716
0.90 715
0.90 714
0.90 713
0.90 712
0.90 711
1.05 709
1.05 708
1.12 705
1.12 692
1.36 687
1.36 686
1.36 685
1.36 684
1.49 683
1.49 682
1.49 681
1.49 680
1.49 679
1.77 678
1.80 677
1.85 675
1.85 674
1.85 673
1.85 672
1.85 671
1.85 670
1.85 669
1.85 668
1.98 664
2.15 663
2.15 662
2.24 661
2.24 660
2.24 657
2.41 656
2.41 655
2.41 654
2.41 653
2.59 651
2.59 650
2.59 649
2.65 648
2.65 647
2.77 646
2.77 645
2.77 644
2.82 643
2.82 642
2.82 641
2.89 640
2.96 639
2.96 638
2.96 637
2.96 636
2.96 635
3.01 634
3.03 633
3.03 632
3.03 631
3.22 630
3.22 629
3.31 628
3.43 627
3.43 626
3.46 624
3.46 623
3.46 622
3.46 621
3.49 620
3.49 619
3.49 618
3.58 617
3.58 616
3.84 615
4.14 614
4.16 613
4.22 612
4.22 611
4.22 610
4.42 609
4.42 608
4.46 607
4.65 606
4.71 605
4.80 604
4.80 603
5.02 602
5.04 601
5.04 600
5.04 599
5.14 598
5.30 597
5.35 596
