0.00 1960
0.82 1959
0.82 1958
0.82 1957
0.82 1956
0.82 1955
0.82 1954
0.83 1953
0.83 1952
0.83 1951
0.83 1950
0.83 1949
0.83 1948
0.83 1947
0.83 1946
0.83 1945
0.83 1944
0.83 1943
0.83 1942
0.83 1941
0.83 1940
0.83 1939
0.83 1938
0.83 1937
0.83 1936
0.83 1935
0.83 1934
0.83 1933
0.83 1932
0.83 1931
0.83 1930
0.83 1929
0.83 1928
0.83 1927
0.83 1926
0.83 1925
0.83 1924
0.83 1923
0.83 1922
0.83 1921
0.83 1920
0.83 1919
0.83 1918
0.83 1917
0.83 1916
0.83 1915
0.83 1914
0.83 1913
0.83 1912
0.83 1911
0.83 1910
0.83 1909
0.83 1908
0.83 1907
0.83 1906
0.83 1905
0.83 1904
0.83 1903
0.83 1902
0.83 1901
0.83 1900
0.83 1899
0.83 1898
0.83 1897
0.83 1896
0.83 1895
0.83 1894
0.83 1893
0.84 1892
0.84 1891
0.84 1890
0.84 1889
0.84 1888
0.84 1887
0.84 1886
0.84 1885
0.84 1884
0.84 1883
0.84 1882
0.84 1881
0.84 1880
0.85 1879
0.85 1878
0.85 1877
0.85 1876
0.85 1875
0.85 1874
0.85 1873
0.85 1872
0.85 1871
0.85 1870
0.85 1869
0.85 1868
0.85 1867
0.85 1866
0.85 1865
0.85 1864
0.85 1863
0.85 1862
0.85 1861
0.85 1860
0.85 1859
0.85 1858
0.85 1857
0.85 1856
0.85 1855
0.85 1854
0.85 1853
0.85 1852
0.85 1851
0.85 1850
0.85 1849
0.85 1848
0.85 1847
0.85 1846
0.85 1845
0.85 1844
0.85 1843
0.85 1842
0.85 1841
0.86 1840
0.86 1839
0.86 1838
0.86 1837
0.86 1836
0.86 1835
0.86 1834
0.86 1833
0.86 1832
0.86 1831
0.86 1830
0.86 1829
0.86 1828
0.86 1827
0.86 1826
0.86 1825
0.86 1824
0.86 1823
0.86 1822
0.86 1821
0.86 1820
0.86 1819
0.86 1818
0.86 1817
0.86 1816
0.86 1815
0.86 1814
0.86 1813
0.86 1812
0.87 1811
0.87 1810
0.87 1809
0.87 1808
0.87 1807
0.87 1806
0.87 1805
0.87 1804
0.87 1803
0.87 1802
0.87 1801
0.87 1800
0.87 1799
0.87 1798
0.87 1797
0.87 1796
0.87 1795
0.87 1794
0.87 1793
0.87 1792
0.87 1791
0.87 1790
0.87 1789
0.87 1788
0.87 1787
0.87 1786
0.87 1785
0.87 1784
0.87 1783
0.87 1782
0.87 1781
0.88 1780
0.88 1779
0.88 1778
0.88 1777
0.88 1776
0.88 1775
0.88 1774
0.88 1773
0.88 1772
0.88 1771
0.88 1770
0.88 1769
0.88 1768
0.88 1767
0.88 1766
0.88 1765
0.88 1764
0.88 1763
0.88 1762
0.88 1761
0.88 1760
0.88 1759
0.88 1758
0.88 1757
0.88 1756
0.88 1755
0.88 1754
0.88 1753
0.89 1752
0.89 1751
0.89 1750
0.89 1749
0.89 1748
0.89 1747
0.89 1746
0.89 1745
0.89 1744
0.89 1743
0.89 1742
0.89 1741
0.89 1740
0.89 1739
0.89 1738
0.89 1737
0.89 1736
0.89 1735
0.89 1734
0.89 1733
0.89 1732
0.89 1731
0.89 1730
0.89 1729
0.89 1728
0.90 1727
0.90 1726
0.90 1725
0.90 1724
0.90 1723
0.90 1722
0.90 1721
0.90 1720
0.90 1719
0.90 1718
0.90 1717
0.90 1716
0.90 1715
0.90 1714
0.90 1713
0.90 1712
0.90 1711
0.90 1710
0.90 1709
0.90 1708
0.90 1707
0.90 1706
0.90 1705
0.90 1704
0.90 1703
0.90 1702
0.90 1701
0.90 1700
0.90 1699
0.90 1698
0.90 1697
0.90 1696
0.90 1695
0.90 1694
0.90 1693
0.90 1692
0.90 1691
0.90 1690
0.90 1689
0.90 1688
0.90 1687
0.90 1686
0.91 1685
0.91 1684
0.91 1683
0.91 1682
0.91 1681
0.91 1680
0.91 1679
0.91 1678
0.91 1677
0.91 1676
0.91 1675
0.91 1674
0.91 1673
0.91 1672
0.91 1671
0.91 1670
0.91 1669
0.91 1668
0.91 1667
0.91 1666
0.91 1665
0.91 1664
0.91 1663
0.92 1662
0.92 1661
0.92 1660
0.92 1659
0.92 1658
0.92 1657
0.92 1656
0.92 1655
0.92 1654
0.92 1653
0.92 1652
0.92 1651
0.92 1650
0.92 1649
0.92 1648
0.92 1647
0.92 1646
0.92 1645
0.92 1644
0.92 1643
0.92 1642
0.92 1641
0.92 1640
0.92 1639
0.92 1638
0.92 1637
0.92 1636
0.92 1635
0.93 1634
0.93 1633
0.93 1632
0.93 1631
0.93 1630
0.93 1629
0.93 1628
0.93 1627
0.93 1626
0.93 1625
0.93 1624
0.93 1623
0.93 1622
0.93 1621
0.93 1620
0.93 1619
0.93 1618
0.93 1617
0.93 1616
0.93 1615
0.93 1614
0.94 1613
0.94 1612
0.94 1611
0.94 1610
0.94 1609
0.94 1608
0.94 1607
0.94 1606
0.94 1605
0.94 1604
0.94 1603
0.94 1602
0.94 1601
0.94 1600
0.94 1599
0.94 1598
0.94 1597
0.94 1596
0.94 1595
0.94 1594
0.94 1593
0.94 1592
0.94 1591
0.94 1590
0.95 1589
0.95 1588
0.95 1587
0.95 1586
0.95 1585
0.95 1584
0.95 1583
0.95 1582
0.95 1581
0.95 1580
0.95 1579
0.95 1578
0.95 1577
0.95 1576
0.95 1575
0.95 1574
0.95 1573
0.95 1572
0.95 1571
0.95 1570
0.95 1569
0.95 1568
0.95 1567
0.96 1566
0.96 1565
0.96 1564
0.96 1563
0.96 1562
0.96 1561
0.96 1560
0.96 1559
0.96 1558
0.96 1557
0.96 1556
0.96 1555
0.96 1554
0.96 1553
0.96 1552
0.96 1551
0.96 1550
0.96 1549
0.96 1548
0.96 1547
0.96 1546
0.96 1545
0.96 1544
0.96 1543
0.96 1542
0.96 1541
0.96 1540
0.96 1539
0.96 1538
0.96 1537
0.96 1536
0.96 1535
0.96 1534
0.96 1533
0.96 1532
0.96 1531
0.96 1530
0.97 1529
0.97 1528
0.97 1527
0.97 1526
0.97 1525
0.97 1524
0.97 1523
0.97 1522
0.97 1521
0.97 1520
0.97 1519
0.97 1518
0.98 1517
0.98 1516
0.98 1515
0.98 1514
0.98 1513
0.98 1512
0.98 1511
0.98 1510
0.98 1509
0.98 1508
0.98 1507
0.98 1506
0.98 1505
0.98 1504
0.98 1503
0.98 1502
0.98 1501
0.98 1500
0.98 1499
0.98 1498
0.98 1497
0.98 1496
0.98 1495
0.98 1494
0.98 1493
0.98 1492
0.98 1491
0.98 1490
0.98 1489
0.99 1488
0.99 1487
0.99 1486
0.99 1485
0.99 1484
0.99 1483
0.99 1482
0.99 1481
0.99 1480
0.99 1479
0.99 1478
0.99 1477
0.99 1476
0.99 1475
0.99 1474
0.99 1473
0.99 1472
1.00 1471
1.00 1470
1.00 1469
1.00 1468
1.00 1467
1.00 1466
1.00 1465
1.00 1464
1.00 1463
1.00 1462
1.00 1461
1.00 1460
1.00 1459
1.00 1458
1.00 1457
1.00 1456
1.00 1455
1.00 1454
1.00 1453
1.00 1452
1.00 1451
1.00 1450
1.00 1449
1.00 1448
1.00 1447
1.00 1446
1.00 1445
1.00 1444
1.00 1443
1.00 1442
1.00 1441
1.00 1440
1.00 1439
1.00 1438
1.00 1437
1.01 1436
1.01 1435
1.01 1434
1.01 1433
1.01 1432
1.01 1431
1.01 1430
1.01 1429
1.01 1428
1.01 1427
1.01 1426
1.01 1425
1.01 1424
1.01 1423
1.01 1422
1.01 1421
1.01 1420
1.01 1419
1.01 1418
1.01 1417
1.01 1416
1.01 1415
1.01 1414
1.01 1413
1.03 1412
1.03 1411
1.03 1410
1.03 1409
1.03 1408
1.03 1407
1.03 1406
1.03 1405
1.03 1404
1.03 1403
1.03 1402
1.03 1401
1.03 1400
1.03 1399
1.03 1398
1.03 1397
1.03 1396
1.03 1395
1.03 1394
1.03 1393
1.03 1392
1.03 1391
1.03 1390
1.03 1389
1.03 1388
1.03 1387
1.03 1386
1.04 1385
1.04 1384
1.04 1383
1.04 1382
1.04 1381
1.05 1380
1.05 1379
1.05 1378
1.05 1377
1.05 1376
1.05 1375
1.05 1374
1.05 1373
1.05 1372
1.05 1371
1.05 1370
1.05 1369
1.05 1368
1.05 1367
1.05 1366
1.05 1365
1.05 1364
1.05 1363
1.05 1362
1.06 1361
1.06 1360
1.06 1359
1.06 1358
1.06 1357
1.06 1356
1.06 1355
1.06 1354
1.06 1353
1.06 1352
1.06 1351
1.06 1350
1.06 1349
1.06 1348
1.06 1347
1.06 1346
1.06 1345
1.06 1344
1.06 1343
1.06 1342
1.06 1341
1.06 1340
1.06 1339
1.07 1338
1.07 1337
1.07 1336
1.08 1335
1.08 1334
1.08 1333
1.08 1332
1.08 1331
1.08 1330
1.08 1329
1.08 1328
1.08 1327
1.09 1326
1.09 1325
1.09 1324
1.09 1323
1.10 1322
1.10 1321
1.10 1320
1.10 1319
1.10 1318
1.10 1317
1.10 1316
1.10 1315
1.10 1314
1.10 1313
1.10 1312
1.10 1311
1.10 1310
1.10 1309
1.11 1308
1.11 1307
1.11 1306
1.11 1305
1.11 1304
1.11 1303
1.11 1302
1.11 1301
1.11 1300
1.11 1299
1.11 1298
1.11 1297
1.11 1296
1.11 1295
1.12 1294
1.12 1293
1.12 1292
1.12 1291
1.12 1290
1.12 1289
1.12 1288
1.12 1287
1.13 1286
1.13 1285
1.13 1284
1.13 1283
1.13 1282
1.15 1281
1.15 1280
1.15 1279
1.15 1278
1.15 1277
1.15 1276
1.15 1275
1.15 1274
1.16 1273
1.16 1272
1.16 1271
1.16 1270
1.16 1269
1.16 1268
1.16 1267
1.17 1266
1.17 1265
1.17 1264
1.17 1263
1.17 1262
1.17 1261
1.17 1260
1.17 1259
1.17 1258
1.18 1257
1.18 1256
1.18 1255
1.18 1254
1.18 1253
1.19 1252
1.20 1251
1.20 1250
1.20 1249
1.21 1248
1.21 1247
1.21 1246
1.21 1245
1.21 1244
1.21 1243
1.21 1242
1.21 1241
1.21 1240
1.21 1239
1.22 1238
1.22 1237
1.22 1236
1.22 1235
1.22 1234
1.22 1233
1.22 1232
1.22 1231
1.22 1230
1.22 1229
1.23 1228
1.23 1227
1.23 1226
1.23 1225
1.23 1224
1.23 1223
1.23 1222
1.23 1221
1.23 1220
1.23 1219
1.24 1218
1.26 1217
1.26 1216
1.26 1215
1.26 1214
1.27 1213
1.30 1212
1.33 1211
1.33 1210
1.34 1209
1.34 1208
1.34 1207
1.34 1206
1.34 1205
1.34 1204
1.34 1203
1.35 1202
1.43 1201
1.43 1200
1.44 1199
1.44 1198
1.44 1197
1.44 1196
1.44 1195
1.44 1194
1.44 1193
1.48 1192
1.48 1191
1.48 1190
1.48 1189
1.52 1188
1.52 1187
1.52 1186
1.52 1185
1.52 1184
1.52 1183
1.52 1182
1.52 1181
1.52 1180
1.53 1179
1.53 1178
1.59 1177
1.59 1176
1.60 1175
1.60 1174
1.60 1173
1.60 1172
1.60 1171
1.60 1170
1.60 1169
1.60 1168
1.60 1167
1.63 1166
1.63 1165
1.65 1164
1.65 1163
1.65 1162
1.67 1161
1.67 1160
1.67 1159
1.67 1158
1.68 1157
1.69 1156
1.69 1155
1.77 1154
1.77 1153
1.78 1152
1.78 1151
1.98 1150
1.98 1149
1.98 1148
2.05 1147
2.05 1146
2.05 1145
2.05 1144
2.05 1143
2.05 1142
2.05 1141
2.05 1140
2.05 1139
2.06 1138
2.06 1137
2.11 1136
2.11 1135
2.11 1134
2.11 1133
2.11 1132
2.11 1131
2.11 1130
2.13 1129
2.13 1128
2.13 1127
2.17 1126
2.17 1125
2.17 1124
2.17 1123
2.17 1122
2.17 1121
2.20 1120
2.20 1119
2.31 1118
2.31 1117
2.31 1116
2.31 1115
2.31 1114
2.31 1113
2.31 1112
2.31 1111
2.32 1110
2.32 1109
2.32 1108
2.32 1107
2.32 1106
2.45 1105
2.45 1104
2.45 1103
2.46 1102
2.46 1101
2.46 1100
2.46 1099
2.46 1098
2.47 1097
2.47 1096
2.47 1095
2.54 1094
2.54 1093
2.55 1092
2.55 1091
2.63 1090
2.63 1089
2.64 1088
2.64 1087
2.64 1086
2.64 1085
2.65 1084
2.69 1083
2.69 1082
2.69 1081
2.89 1080
2.89 1079
2.89 1078
2.89 1077
2.89 1076
2.89 1075
2.90 1074
2.90 1073
2.90 1072
3.26 1071
3.26 1070
3.26 1069
3.26 1068
3.27 1067
3.27 1066
3.27 1065
3.27 1064
3.27 1063
3.32 1062
3.32 1061
3.32 1060
3.33 1059
3.33 1058
3.34 1057
3.34 1056
3.35 1055
3.43 1054
3.43 1053
3.43 1052
3.43 1051
3.44 1050
3.44 1049
3.44 1048
3.45 1047
3.45 1046
3.48 1045
3.48 1044
3.48 1043
3.59 1042
3.85 1041
3.98 1040
4.01 1039
4.01 1038
4.02 1037
4.02 1036
4.02 1035
4.15 1034
4.16 1033
4.24 1032
4.25 1031
4.25 1030
4.25 1029
4.26 1028
4.26 1027
4.30 1026
4.30 1025
4.31 1024
4.31 1023
4.31 1022
4.33 1021
4.33 1020
4.33 1019
4.34 1018
4.35 1017
4.35 1016
4.40 1015
4.40 1014
4.41 1013
4.41 1012
4.42 1011
4.42 1010
4.42 1009
4.45 1008
4.45 1007
4.52 1006
4.52 1005
4.53 1004
4.53 1003
4.53 1002
4.53 1001
4.53 1000
4.95 999
4.95 998
4.96 997
4.99 996
4.99 995
5.12 994
5.12 993
5.13 992
5.35 991
5.49 990
5.50 989
5.51 988
5.57 987
5.61 986
6.00 985
6.00 984
6.12 983
6.15 982
6.63 981
6.84 980
