0.00 2000
0.90 1999
0.90 1998
0.90 1997
1.03 1744
1.03 1743
1.03 1742
1.03 1741
1.03 1740
1.03 1739
1.03 1738
1.03 1737
1.03 1736
1.03 1735
1.03 1734
1.03 1733
1.03 1732
1.03 1731
1.03 1730
1.03 1729
1.03 1728
1.03 1727
1.03 1726
1.03 1725
1.03 1724
1.03 1723
1.03 1722
1.03 1721
1.03 1720
1.03 1719
1.03 1718
1.03 1717
1.03 1716
1.03 1715
1.03 1714
1.03 1713
1.03 1712
1.03 1711
1.03 1710
1.03 1709
1.03 1708
1.03 1707
1.03 1706
1.03 1705
1.04 1704
1.04 1703
1.04 1702
1.04 1701
1.04 1700
1.04 1699
1.04 1698
1.04 1697
1.04 1696
1.04 1695
1.04 1694
1.04 1693
1.04 1692
1.04 1691
1.05 1690
1.05 1689
1.05 1688
1.05 1687
1.05 1686
1.05 1685
1.05 1684
1.05 1683
1.05 1682
1.05 1681
1.05 1680
1.05 1679
1.05 1678
1.05 1677
1.05 1676
1.05 1675
1.05 1674
1.05 1673
1.05 1672
1.05 1671
1.05 1670
1.05 1669
1.05 1668
1.05 1667
1.05 1666
1.05 1665
1.05 1664
1.05 1663
1.05 1662
1.05 1661
1.05 1660
1.05 1659
1.05 1658
1.05 1657
1.05 1656
1.05 1655
1.05 1654
1.05 1653
1.05 1652
1.05 1651
1.05 1650
1.05 1649
1.05 1648
1.05 1647
1.05 1646
1.05 1645
1.05 1644
1.05 1643
1.05 1642
1.05 1641
1.05 1640
1.05 1639
1.05 1638
1.05 1637
1.05 1636
1.05 1635
1.05 1634
1.07 1633
1.07 1632
1.07 1631
1.07 1630
1.07 1629
1.07 1628
1.07 1627
1.07 1626
1.07 1625
1.07 1624
1.07 1623
1.07 1622
1.07 1621
1.07 1620
1.07 1619
1.07 1618
1.07 1617
1.07 1616
1.07 1615
1.07 1614
1.07 1613
1.07 1612
1.07 1611
1.07 1610
1.07 1609
1.07 1608
1.07 1607
1.07 1606
1.07 1605
1.07 1604
1.07 1603
1.07 1602
1.07 1601
1.07 1600
1.07 1599
1.07 1598
1.07 1597
1.07 1596
1.07 1595
1.07 1594
1.08 1593
1.08 1592
1.08 1591
1.08 1590
1.08 1589
1.08 1588
1.08 1587
1.08 1586
1.08 1585
1.08 1584
1.08 1583
1.08 1582
1.08 1581
1.08 1580
1.08 1579
1.08 1578
1.08 1577
1.08 1576
1.08 1575
1.08 1574
1.08 1573
1.08 1572
1.08 1571
1.08 1570
1.09 1569
1.09 1568
1.09 1567
1.09 1566
1.09 1565
1.09 1564
1.09 1563
1.09 1562
1.10 1561
1.10 1560
1.10 1559
1.10 1558
1.10 1557
1.10 1556
1.10 1555
1.10 1554
1.10 1553
1.10 1552
1.10 1551
1.10 1550
1.10 1549
1.10 1548
1.10 1547
1.10 1546
1.10 1545
1.10 1544
1.10 1543
1.10 1542
1.10 1541
1.10 1540
1.10 1539
1.10 1538
1.10 1537
1.10 1536
1.10 1535
1.10 1534
1.11 1533
1.11 1532
1.11 1531
1.11 1530
1.11 1529
1.11 1528
1.11 1527
1.11 1526
1.11 1525
1.11 1524
1.11 1523
1.11 1522
1.11 1521
1.11 1520
1.11 1519
1.11 1518
1.11 1517
1.11 1516
1.11 1515
1.11 1514
1.11 1513
1.11 1512
1.11 1511
1.12 1510
1.12 1509
1.12 1508
1.12 1507
1.12 1506
1.12 1505
1.12 1504
1.12 1503
1.12 1502
1.12 1501
1.12 1500
1.12 1499
1.12 1498
1.12 1497
1.12 1496
1.12 1495
1.12 1494
1.12 1493
1.12 1492
1.12 1491
1.12 1490
1.12 1489
1.12 1488
1.12 1487
1.12 1486
1.12 1485
1.12 1484
1.12 1483
1.13 1482
1.13 1481
1.13 1480
1.13 1479
1.13 1478
1.13 1477
1.13 1476
1.13 1475
1.14 1474
1.14 1473
1.14 1472
1.14 1471
1.14 1470
1.14 1469
1.14 1468
1.14 1467
1.14 1466
1.14 1465
1.14 1464
1.14 1463
1.14 1462
1.14 1461
1.14 1460
1.14 1459
1.14 1458
1.14 1457
1.15 1456
1.15 1455
1.15 1454
1.15 1453
1.15 1452
1.15 1451
1.15 1450
1.15 1449
1.15 1448
1.15 1447
1.15 1446
1.15 1445
1.15 1444
1.15 1443
1.15 1442
1.15 1441
1.15 1440
1.15 1439
1.15 1438
1.15 1437
1.15 1436
1.15 1435
1.16 1434
1.16 1433
1.16 1432
1.16 1431
1.16 1430
1.16 1429
1.16 1428
1.16 1427
1.16 1426
1.16 1425
1.16 1424
1.17 1423
1.17 1422
1.17 1421
1.17 1420
1.17 1419
1.17 1418
1.17 1417
1.17 1416
1.17 1415
1.17 1414
1.17 1413
1.17 1412
1.17 1411
1.17 1410
1.18 1409
1.18 1408
1.18 1407
1.18 1406
1.18 1405
1.18 1404
1.18 1403
1.18 1402
1.18 1401
1.19 1400
1.19 1399
1.19 1398
1.19 1397
1.19 1396
1.19 1395
1.19 1394
1.19 1393
1.19 1392
1.19 1391
1.19 1390
1.19 1389
1.19 1388
1.19 1387
1.19 1386
1.19 1385
1.19 1384
1.19 1383
1.19 1382
1.19 1381
1.19 1380
1.19 1379
1.19 1378
1.19 1377
1.19 1376
1.19 1375
1.20 1374
1.20 1373
1.20 1372
1.20 1371
1.20 1370
1.20 1369
1.20 1368
1.20 1367
1.20 1366
1.20 1365
1.20 1364
1.20 1363
1.20 1362
1.20 1361
1.21 1360
1.21 1359
1.21 1358
1.21 1357
1.21 1356
1.21 1355
1.21 1354
1.21 1353
1.21 1352
1.21 1351
1.22 1350
1.22 1349
1.22 1348
1.22 1347
1.22 1346
1.22 1345
1.22 1344
1.22 1343
1.22 1342
1.22 1341
1.22 1340
1.22 1339
1.22 1338
1.22 1337
1.23 1336
1.23 1335
1.23 1334
1.23 1333
1.23 1332
1.23 1331
1.23 1330
1.23 1329
1.23 1328
1.23 1327
1.23 1326
1.23 1325
1.23 1324
1.23 1323
1.23 1322
1.23 1321
1.23 1320
1.23 1319
1.23 1318
1.23 1317
1.23 1316
1.25 1315
1.25 1314
1.25 1313
1.25 1312
1.25 1311
1.25 1310
1.25 1309
1.25 1308
1.25 1307
1.25 1306
1.25 1305
1.26 1304
1.26 1303
1.26 1302
1.26 1301
1.26 1300
1.26 1299
1.26 1298
1.26 1297
1.26 1296
1.26 1295
1.26 1294
1.26 1293
1.26 1292
1.26 1291
1.26 1290
1.27 1289
1.27 1288
1.27 1287
1.27 1286
1.27 1285
1.27 1284
1.27 1283
1.27 1282
1.27 1281
1.27 1280
1.28 1279
1.28 1278
1.28 1277
1.28 1276
1.28 1275
1.28 1274
1.28 1273
1.28 1272
1.28 1271
1.28 1270
1.28 1269
1.28 1268
1.28 1267
1.29 1266
1.29 1265
1.29 1264
1.29 1263
1.29 1262
1.29 1261
1.29 1260
1.30 1259
1.30 1258
1.30 1257
1.30 1256
1.30 1255
1.30 1254
1.30 1253
1.32 1252
1.33 1251
1.33 1250
1.33 1249
1.33 1248
1.33 1247
1.33 1246
1.33 1245
1.33 1244
1.33 1243
1.33 1242
1.33 1241
1.33 1240
1.34 1239
1.34 1238
1.35 1237
1.35 1236
1.35 1235
1.35 1234
1.35 1233
1.35 1232
1.35 1231
1.35 1230
1.36 1229
1.36 1228
1.36 1227
1.36 1226
1.36 1225
1.37 1224
1.37 1223
1.37 1222
1.37 1221
1.37 1220
1.37 1219
1.37 1218
1.37 1217
1.37 1216
1.38 1215
1.38 1214
1.38 1213
1.38 1212
1.38 1211
1.39 1210
1.39 1209
1.39 1208
1.39 1207
1.39 1206
1.39 1205
1.39 1204
1.39 1203
1.39 1202
1.39 1201
1.39 1200
1.40 1199
1.41 1198
1.41 1197
1.41 1196
1.41 1195
1.41 1194
1.41 1193
1.41 1192
1.50 1191
1.50 1190
1.50 1189
1.52 1188
1.55 1187
1.55 1186
1.55 1185
1.55 1184
1.55 1183
1.55 1182
1.58 1181
1.58 1180
1.58 1179
1.58 1178
1.58 1177
1.59 1176
1.59 1175
1.59 1174
1.59 1173
1.59 1172
1.59 1171
1.59 1170
1.59 1169
1.59 1168
1.59 1167
1.59 1166
1.60 1165
1.60 1164
1.60 1163
1.61 1162
1.61 1161
1.61 1160
1.61 1159
1.62 1158
1.62 1157
1.64 1156
1.70 1155
1.71 1154
1.71 1153
1.71 1152
1.72 1151
1.72 1150
1.72 1149
1.72 1148
1.72 1147
1.72 1146
1.97 1145
1.97 1144
1.97 1143
1.97 1142
1.97 1141
1.97 1140
1.98 1139
1.98 1138
1.99 1137
1.99 1136
1.99 1135
2.00 1134
2.00 1133
2.00 1132
2.00 1131
2.23 1130
2.23 1129
2.23 1128
2.24 1127
2.24 1126
2.24 1125
2.24 1124
2.24 1123
2.25 1122
2.25 1121
2.25 1120
2.25 1119
2.25 1118
2.25 1117
2.25 1116
2.27 1115
2.43 1114
2.43 1113
2.43 1112
2.43 1111
2.44 1110
2.44 1109
2.44 1108
2.44 1107
2.44 1106
2.48 1105
2.48 1104
2.48 1103
2.48 1102
2.48 1101
2.48 1100
2.48 1099
2.67 1098
2.77 1097
2.77 1096
2.78 1095
2.78 1094
2.78 1093
2.96 1092
2.96 1091
2.96 1090
2.97 1089
2.97 1088
2.97 1087
2.97 1086
2.97 1085
2.99 1084
2.99 1083
2.99 1082
2.99 1081
2.99 1080
2.99 1079
3.23 1078
3.23 1077
3.23 1076
3.24 1075
3.24 1074
3.24 1073
3.24 1072
3.26 1071
3.26 1070
3.27 1069
3.27 1068
3.27 1067
3.27 1066
3.27 1065
3.27 1064
3.27 1063
3.27 1062
3.29 1061
3.29 1060
3.32 1059
3.32 1058
3.32 1057
3.32 1056
3.32 1055
3.32 1054
3.68 1053
3.68 1052
3.72 1051
3.89 1050
3.89 1049
3.91 1048
3.91 1047
3.96 1046
3.96 1045
4.02 1044
4.04 1043
4.04 1042
4.04 1041
4.04 1040
4.05 1039
4.05 1038
4.07 1037
4.07 1036
4.26 1035
4.30 1034
4.30 1033
4.30 1032
4.30 1031
4.40 1030
4.41 1029
4.41 1028
4.41 1027
4.41 1026
4.41 1025
4.46 1024
4.46 1023
4.52 1022
4.83 1021
4.83 1020
4.83 1019
4.85 1018
4.86 1017
4.90 1016
4.96 1015
4.96 1014
4.97 1013
5.34 1012
5.40 1011
5.40 1010
5.42 1009
5.42 1008
5.45 1007
5.45 1006
5.80 1005
5.80 1004
5.82 1003
6.15 1002
6.16 1001
7.32 1000
