0.00 3736
0.02 3735
0.02 3734
0.02 3733
2.98 2504
2.98 2503
2.98 2502
3.05 2490
3.05 2489
3.09 2488
3.09 2487
3.09 2486
3.09 2485
3.09 2484
3.09 2483
3.20 2433
3.29 2432
3.29 2431
3.29 2430
3.29 2429
3.29 2428
3.29 2427
3.29 2426
3.29 2425
3.29 2424
3.29 2423
3.35 2416
3.35 2415
3.35 2414
3.35 2413
3.35 2412
3.35 2411
3.35 2410
3.35 2409
3.35 2408
3.35 2407
3.48 2401
3.48 2400
3.48 2399
3.48 2398
3.48 2397
3.48 2396
3.48 2395
3.53 2394
3.53 2393
3.53 2392
3.57 2391
3.57 2390
3.57 2389
3.66 2388
3.66 2387
3.66 2386
3.66 2385
3.66 2384
3.66 2383
3.67 2382
3.80 2381
3.80 2380
3.80 2379
3.80 2378
3.80 2377
3.80 2376
3.80 2375
3.81 2374
3.81 2373
3.81 2372
3.81 2371
3.81 2370
3.81 2369
3.91 2367
3.91 2366
3.92 2365
3.92 2364
3.92 2363
3.98 2362
3.98 2361
3.98 2360
3.98 2359
3.98 2358
3.99 2357
3.99 2356
3.99 2355
3.99 2354
3.99 2353
3.99 2352
4.03 2346
4.03 2345
4.03 2344
4.03 2343
4.04 2342
4.04 2341
4.04 2340
4.04 2339
4.04 2338
4.04 2337
4.04 2336
4.04 2335
4.06 2328
4.06 2327
4.06 2326
4.06 2325
4.06 2324
4.06 2323
4.06 2322
4.06 2321
4.06 2320
4.06 2319
4.21 2318
4.21 2317
4.21 2316
4.21 2315
4.21 2314
4.21 2313
4.22 2312
4.30 2311
4.30 2310
4.30 2309
4.30 2308
4.39 2307
4.39 2306
4.39 2305
4.49 2304
4.49 2303
4.49 2302
4.49 2301
4.50 2300
4.50 2299
4.50 2298
4.64 2297
4.64 2296
4.64 2295
4.65 2294
4.66 2291
4.66 2290
4.74 2289
4.76 2288
4.76 2287
4.76 2286
4.76 2285
4.76 2284
4.77 2283
4.77 2282
4.77 2281
4.77 2280
4.87 2279
4.88 2278
4.88 2277
4.98 2276
4.98 2275
4.98 2274
5.00 2273
5.04 2272
5.04 2271
5.04 2270
5.05 2269
5.07 2268
5.11 2267
5.11 2266
5.11 2265
5.20 2264
5.20 2263
5.20 2262
5.20 2261
5.21 2260
5.32 2259
5.42 2258
5.42 2257
5.42 2256
5.42 2255
5.42 2254
5.42 2253
5.44 2252
5.44 2251
5.44 2250
5.44 2249
5.45 2248
5.45 2247
5.49 2246
5.49 2245
5.49 2244
5.49 2243
5.49 2242
5.49 2241
5.49 2240
5.64 2239
5.64 2238
5.82 2237
5.85 2236
5.85 2235
5.85 2234
6.11 2233
6.40 2232
6.49 2231
6.50 2230
