0.00 3736
0.02 3735
0.02 3734
0.02 3733
0.02 3732
0.02 3731
0.02 3730
0.02 3729
0.02 3728
0.02 3727
0.02 3726
0.02 3725
0.02 3724
0.02 3723
0.02 3722
0.02 3721
0.02 3720
0.02 3719
0.02 3718
0.02 3717
0.02 3716
0.02 3715
0.02 3714
0.02 3713
0.02 3712
0.02 3711
0.02 3710
0.02 3709
0.02 3708
0.02 3707
0.02 3706
0.02 3705
0.02 3704
0.02 3703
0.02 3702
0.02 3701
0.02 3700
0.02 3699
0.02 3698
0.02 3697
2.69 2568
2.69 2567
2.69 2566
2.69 2565
2.69 2564
2.69 2563
2.69 2562
2.69 2561
2.71 2542
2.71 2541
2.84 2537
2.84 2536
2.84 2535
2.84 2534
2.84 2533
2.84 2532
2.84 2531
2.91 2490
2.91 2489
2.91 2488
2.91 2487
2.91 2486
2.91 2485
2.91 2484
2.91 2483
2.91 2482
2.97 2479
2.97 2478
2.97 2477
2.97 2476
3.05 2475
3.05 2474
3.05 2473
3.05 2472
3.05 2471
3.05 2470
3.05 2469
3.10 2440
3.10 2439
3.10 2438
3.10 2437
3.10 2436
3.10 2435
3.10 2434
3.35 2426
3.35 2425
3.35 2424
3.35 2423
3.37 2422
3.37 2421
3.37 2420
3.44 2419
3.52 2418
3.52 2417
3.52 2416
3.52 2415
3.52 2414
3.52 2413
3.52 2412
3.52 2411
3.52 2410
3.52 2409
3.55 2408
3.55 2407
3.55 2406
3.58 2405
3.58 2404
3.60 2392
3.60 2391
3.60 2390
3.60 2389
3.61 2388
3.61 2387
3.63 2386
3.68 2376
3.68 2375
3.68 2374
3.68 2373
3.68 2372
3.68 2368
3.68 2367
3.68 2366
3.68 2365
3.77 2355
3.77 2354
3.91 2353
3.94 2352
3.94 2351
3.97 2350
3.97 2349
3.97 2348
3.99 2347
3.99 2346
3.99 2345
3.99 2344
3.99 2343
3.99 2342
3.99 2341
3.99 2340
3.99 2339
3.99 2338
3.99 2337
4.13 2336
4.13 2335
4.17 2334
4.17 2333
4.17 2332
4.18 2331
4.18 2330
4.18 2329
4.18 2328
4.18 2327
4.18 2326
4.18 2325
4.18 2324
4.19 2323
4.25 2322
4.25 2321
4.25 2320
4.25 2319
4.25 2318
4.25 2317
4.25 2316
4.25 2315
4.25 2314
4.25 2313
4.29 2312
4.46 2311
4.46 2310
4.46 2309
4.62 2308
4.62 2307
4.62 2306
4.62 2305
4.62 2304
4.62 2303
4.62 2302
4.62 2301
4.62 2300
4.62 2299
4.62 2298
4.63 2297
4.63 2296
4.63 2295
4.74 2294
4.74 2293
4.74 2292
4.74 2291
4.74 2290
4.74 2289
4.74 2288
4.74 2287
4.74 2286
4.82 2285
4.82 2284
4.82 2283
4.82 2282
4.82 2281
4.84 2280
4.85 2279
4.87 2277
4.87 2276
4.99 2275
4.99 2274
4.99 2273
4.99 2272
4.99 2271
4.99 2270
5.00 2269
5.00 2268
5.00 2267
5.00 2266
5.00 2265
5.00 2264
5.18 2263
5.18 2262
5.18 2261
5.18 2260
5.33 2259
5.38 2258
5.38 2257
5.38 2256
5.38 2255
5.43 2254
5.43 2253
5.43 2252
5.43 2251
5.43 2250
5.62 2249
5.62 2248
5.62 2247
5.62 2246
5.62 2245
5.66 2244
5.71 2243
5.76 2242
5.77 2241
5.78 2240
5.78 2239
5.89 2238
5.90 2237
6.15 2236
6.15 2235
6.16 2234
6.16 2233
6.45 2232
6.45 2231
7.23 2230
