0.00 1972
0.23 1971
0.23 1970
0.23 1969
0.23 1968
0.23 1967
0.23 1966
0.23 1965
0.23 1964
0.23 1963
0.23 1962
0.23 1961
0.23 1960
0.23 1959
0.23 1958
0.23 1957
0.23 1956
0.23 1955
0.23 1954
0.76 1866
0.76 1865
0.76 1864
0.76 1863
1.29 1862
1.29 1861
1.32 1860
1.32 1859
1.40 1856
1.40 1855
1.55 1853
1.62 1850
1.62 1849
1.62 1848
1.81 1846
1.81 1845
1.81 1844
1.89 1841
2.25 1840
2.35 1839
2.35 1838
2.35 1837
2.35 1836
2.56 1835
2.56 1834
2.58 1833
2.58 1832
2.58 1831
2.58 1830
3.30 1829
3.30 1828
3.30 1827
3.33 1826
3.35 1825
3.35 1824
3.41 1823
3.54 1822
3.54 1821
3.59 1820
3.59 1819
3.59 1818
3.68 1817
4.54 1816
4.60 1815
4.63 1814
4.63 1813
4.89 1812
4.91 1811
4.92 1810
