0.00 5678
0.02 5677
0.02 5676
0.02 5675
0.02 5674
0.02 5673
0.02 5672
0.02 5671
0.02 5670
0.03 5669
0.03 5668
0.03 5667
0.03 5666
0.03 5665
0.03 5664
0.03 5663
0.03 5662
0.03 5661
0.03 5660
0.03 5659
0.03 5658
3.06 4331
3.86 4129
3.86 4128
3.86 4127
4.02 4125
4.02 4124
4.02 4123
4.02 4122
4.02 4121
4.02 4120
4.02 4119
4.02 4118
4.03 4117
4.03 4116
4.03 4115
4.03 4114
4.03 4113
4.03 4112
4.03 4111
4.03 4110
4.03 4109
4.03 4108
4.14 4101
4.14 4100
4.14 4099
4.14 4098
4.14 4097
4.14 4096
4.16 4095
4.16 4094
4.16 4093
4.16 4092
4.16 4091
4.16 4090
4.16 4089
4.16 4088
4.17 4087
4.17 4086
4.17 4085
4.17 4084
4.17 4083
4.17 4082
4.17 4081
4.17 4080
4.17 4079
4.17 4078
4.17 4077
4.17 4076
4.19 4075
4.19 4074
4.33 4073
4.33 4072
4.33 4071
4.33 4070
4.33 4069
4.33 4068
4.33 4067
4.33 4066
4.35 4065
4.35 4064
4.35 4063
4.35 4062
4.35 4061
4.35 4060
4.35 4059
4.55 4056
4.56 4055
4.56 4054
4.56 4053
4.56 4052
4.56 4051
4.56 4050
4.56 4049
4.56 4048
4.57 4047
4.57 4046
4.57 4045
4.57 4044
4.65 4029
4.65 4028
4.67 4027
4.69 4026
4.70 4025
4.70 4024
4.70 4023
4.70 4022
4.70 4021
4.86 4017
4.86 4016
4.94 4015
4.94 4014
4.95 4013
4.95 4012
4.95 4011
4.95 4010
4.95 4009
4.95 4008
4.95 4007
4.99 4006
4.99 4005
4.99 4004
5.00 4003
5.00 4002
5.00 4001
5.00 4000
5.00 3999
5.00 3998
5.06 3997
5.06 3996
5.08 3995
5.08 3994
5.08 3993
5.08 3992
5.19 3991
5.19 3990
5.21 3988
5.21 3987
5.22 3986
5.22 3985
5.24 3984
5.24 3983
5.24 3982
5.24 3981
5.36 3980
5.36 3979
5.36 3978
5.36 3977
5.36 3976
5.36 3975
5.52 3974
5.52 3973
5.52 3972
5.52 3971
5.52 3970
5.54 3969
5.59 3968
5.59 3967
5.59 3966
5.59 3965
5.61 3964
5.61 3963
5.61 3962
5.65 3961
5.65 3960
5.77 3959
5.83 3958
5.84 3956
5.86 3955
5.86 3954
5.90 3953
5.90 3952
5.90 3951
6.00 3950
6.03 3949
6.03 3948
6.03 3947
6.03 3946
6.30 3945
6.30 3944
6.30 3943
6.33 3942
6.57 3941
6.60 3940
6.69 3939
6.90 3938
7.16 3937
