0.00 5678
0.05 5677
0.05 5676
0.05 5675
0.05 5674
0.05 5673
0.05 5672
0.05 5671
0.05 5670
0.05 5669
0.05 5668
0.05 5667
0.05 5666
0.05 5665
3.53 4190
3.53 4189
3.53 4188
3.53 4187
3.71 4175
3.71 4174
3.71 4173
3.72 4172
3.72 4171
3.72 4170
3.72 4169
3.72 4168
3.81 4156
3.81 4155
3.81 4154
3.81 4153
3.81 4152
3.81 4151
3.81 4150
3.81 4149
3.81 4148
3.81 4147
3.81 4146
3.81 4145
3.81 4144
3.81 4143
3.82 4142
3.82 4141
3.91 4140
3.91 4139
3.91 4138
3.91 4137
3.97 4136
3.97 4135
3.97 4134
3.97 4133
3.97 4132
4.09 4113
4.09 4112
4.09 4111
4.09 4110
4.09 4109
4.09 4108
4.09 4107
4.09 4106
4.09 4105
4.09 4104
4.09 4103
4.09 4102
4.09 4101
4.09 4100
4.13 4099
4.13 4098
4.13 4097
4.13 4096
4.15 4095
4.15 4094
4.15 4093
4.16 4092
4.16 4091
4.29 4084
4.29 4083
4.29 4082
4.30 4081
4.34 4080
4.34 4079
4.34 4078
4.34 4077
4.39 4076
4.39 4075
4.39 4074
4.39 4073
4.39 4072
4.39 4071
4.39 4070
4.41 4069
4.41 4068
4.41 4067
4.41 4066
4.41 4065
4.41 4064
4.48 4057
4.48 4056
4.48 4055
4.48 4054
4.48 4053
4.48 4052
4.48 4051
4.49 4050
4.49 4049
4.49 4048
4.62 4046
4.62 4045
4.62 4044
4.63 4043
4.63 4042
4.67 4041
4.67 4040
4.70 4039
4.71 4038
4.76 4037
4.78 4036
4.78 4035
4.78 4034
4.78 4033
4.78 4032
4.78 4031
4.78 4030
4.78 4029
4.78 4028
4.78 4027
4.86 4019
4.86 4018
4.86 4017
4.86 4016
4.86 4015
4.86 4014
4.86 4013
4.86 4012
4.86 4011
4.86 4010
4.87 4009
4.87 4008
4.87 4007
4.87 4006
4.87 4005
4.87 4004
5.03 4003
5.03 4002
5.04 4001
5.04 4000
5.06 3999
5.06 3998
5.06 3997
5.06 3996
5.06 3995
5.07 3994
5.07 3993
5.07 3992
5.07 3991
5.35 3990
5.35 3989
5.35 3988
5.35 3987
5.35 3986
5.35 3985
5.38 3984
5.38 3983
5.38 3982
5.38 3981
5.39 3980
5.39 3979
5.39 3978
5.39 3977
5.40 3976
5.52 3975
5.56 3974
5.56 3973
5.56 3972
5.56 3971
5.60 3970
5.60 3969
5.60 3968
5.60 3967
5.61 3966
5.61 3965
5.61 3964
5.79 3963
5.83 3962
5.83 3961
5.83 3960
5.84 3959
5.85 3958
5.94 3957
5.95 3956
5.95 3955
5.98 3954
5.98 3953
5.98 3952
6.07 3951
6.08 3950
6.08 3949
6.08 3948
6.47 3947
6.47 3946
6.47 3945
6.63 3944
6.72 3943
6.82 3942
6.99 3941
