0.00 5684
3.46 4698
3.46 4697
3.60 4625
3.60 4624
3.60 4623
3.60 4622
3.60 4621
3.60 4620
3.60 4619
3.60 4618
3.60 4617
3.62 4616
3.62 4615
3.62 4614
3.62 4613
3.62 4612
3.62 4611
3.62 4610
3.63 4586
3.63 4585
3.63 4584
3.63 4583
3.65 4582
3.65 4581
3.65 4580
3.65 4579
3.65 4578
3.65 4577
3.65 4576
3.65 4575
3.65 4574
3.69 4573
3.69 4572
3.69 4571
3.69 4570
3.70 4569
3.70 4568
3.70 4567
3.70 4566
3.71 4565
3.71 4564
3.71 4563
3.71 4562
3.71 4561
3.71 4560
3.71 4559
3.71 4558
3.71 4557
3.71 4556
3.71 4555
3.71 4554
3.71 4553
3.71 4552
3.71 4551
3.71 4550
3.76 4486
3.76 4485
3.76 4484
3.76 4483
3.76 4482
3.76 4481
3.76 4480
3.76 4479
3.76 4478
3.77 4477
3.77 4476
3.77 4475
3.77 4474
3.77 4473
3.77 4472
3.77 4471
3.77 4470
3.79 4469
3.90 4391
3.95 4326
3.95 4325
3.95 4324
3.95 4323
3.95 4322
3.95 4321
3.95 4320
3.95 4319
3.96 4318
3.96 4317
3.96 4316
3.96 4315
3.96 4314
3.96 4313
3.96 4312
3.96 4311
3.96 4310
3.96 4309
3.96 4308
3.96 4307
3.96 4306
3.96 4305
3.96 4304
3.98 4303
3.98 4302
3.98 4301
3.98 4300
3.98 4299
3.98 4298
3.98 4297
3.98 4296
3.98 4295
3.98 4294
3.98 4293
3.99 4292
3.99 4291
3.99 4290
3.99 4289
3.99 4288
3.99 4287
3.99 4286
3.99 4285
3.99 4284
3.99 4283
3.99 4282
3.99 4281
3.99 4280
4.01 4279
4.01 4278
4.01 4277
4.01 4276
4.01 4275
4.01 4274
4.01 4273
4.01 4272
4.01 4271
4.01 4270
4.01 4269
4.01 4268
4.01 4267
4.01 4266
4.02 4265
4.02 4264
4.02 4263
4.02 4262
4.02 4261
4.02 4260
4.02 4259
4.02 4258
4.02 4257
4.02 4256
4.02 4255
4.02 4254
4.02 4253
4.02 4252
4.04 4251
4.05 4250
4.05 4249
4.07 4211
4.07 4210
4.07 4209
4.07 4208
4.07 4207
4.08 4206
4.08 4205
4.08 4204
4.08 4203
4.08 4202
4.09 4201
4.09 4200
4.09 4199
4.09 4198
4.09 4197
4.16 4158
4.16 4157
4.16 4156
4.16 4155
4.16 4154
4.16 4153
4.16 4152
4.16 4151
4.16 4150
4.16 4149
4.16 4148
4.16 4147
4.16 4146
4.17 4145
4.17 4144
4.17 4143
4.17 4142
4.17 4141
4.17 4140
4.17 4139
4.17 4138
4.17 4137
4.17 4136
4.17 4135
4.17 4134
4.17 4133
4.29 4061
4.29 4060
4.29 4059
4.29 4058
4.29 4057
4.29 4056
4.29 4055
4.29 4054
4.29 4053
4.30 4052
4.30 4051
4.30 4050
4.30 4049
4.30 4048
4.30 4047
4.30 4046
4.30 4045
4.32 4044
4.32 4043
4.32 4042
4.32 4041
4.32 4040
4.32 4039
4.32 4038
4.32 4037
4.32 4036
4.32 4035
4.34 4034
4.34 4033
4.34 4032
4.34 4031
4.34 4030
4.35 4023
4.35 4022
4.35 4021
4.35 4020
4.35 4019
4.35 4018
4.37 4017
4.37 4016
4.37 4015
4.37 4014
4.37 4013
4.37 4012
4.38 4011
4.38 4010
4.38 4009
4.38 4008
4.38 4007
4.38 4006
4.38 4005
4.38 4004
4.38 4003
4.38 4002
4.40 4001
4.40 4000
4.40 3999
4.40 3998
4.40 3997
4.40 3996
4.41 3995
4.41 3994
4.41 3993
4.41 3992
4.41 3991
4.41 3990
4.41 3989
4.41 3988
4.42 3987
4.42 3986
4.42 3985
4.42 3984
4.43 3983
4.43 3982
4.43 3981
4.43 3980
4.43 3979
4.43 3978
4.43 3977
4.43 3976
4.43 3975
4.43 3974
4.43 3973
4.43 3972
4.45 3971
4.45 3970
4.45 3969
4.45 3968
4.45 3967
4.45 3966
4.45 3965
4.45 3964
4.45 3963
4.45 3962
4.45 3961
4.45 3960
4.45 3959
4.45 3958
4.45 3957
4.45 3956
4.46 3955
4.46 3954
4.46 3953
4.46 3952
4.46 3951
4.46 3950
4.46 3949
4.46 3948
4.46 3947
4.46 3946
4.48 3945
4.48 3944
4.48 3943
4.48 3942
4.48 3941
4.48 3940
4.49 3939
4.49 3938
4.51 3937
4.51 3936
4.51 3935
4.51 3934
4.51 3933
4.51 3932
4.51 3931
4.51 3930
4.51 3929
4.51 3928
4.51 3927
4.51 3926
4.51 3925
4.52 3924
4.52 3923
4.52 3922
4.52 3921
4.52 3920
4.52 3919
4.52 3918
4.52 3917
4.52 3916
4.52 3915
4.52 3914
4.52 3913
4.52 3912
4.54 3911
4.55 3910
4.55 3909
4.55 3908
4.55 3907
4.55 3906
4.55 3905
4.55 3904
4.56 3903
4.56 3902
4.56 3901
4.56 3900
4.56 3899
4.56 3898
4.56 3897
4.56 3896
4.56 3895
4.59 3894
4.59 3893
4.59 3892
4.59 3891
4.59 3890
4.59 3889
4.59 3888
4.59 3887
4.59 3886
4.59 3885
4.59 3884
4.59 3883
4.59 3882
4.60 3881
4.60 3880
4.60 3879
4.60 3878
4.60 3877
4.60 3876
4.60 3875
4.60 3874
4.60 3873
4.63 3872
4.65 3871
4.65 3870
4.65 3869
4.65 3868
4.65 3867
4.65 3866
4.65 3865
4.67 3864
4.67 3863
4.67 3862
4.67 3861
4.67 3860
4.67 3859
4.67 3858
4.67 3857
4.67 3856
4.68 3855
4.68 3854
4.68 3853
4.68 3852
4.68 3851
4.68 3850
4.68 3849
4.68 3848
4.68 3847
4.68 3846
4.68 3845
4.68 3844
4.68 3843
4.70 3842
4.70 3841
4.70 3840
4.70 3839
4.70 3838
4.70 3837
4.70 3836
4.78 3806
4.78 3805
4.78 3804
4.78 3803
4.78 3802
4.79 3801
4.79 3800
4.79 3799
4.79 3798
4.79 3797
4.79 3796
4.79 3795
4.79 3794
4.79 3793
4.79 3792
4.79 3791
4.81 3790
4.81 3789
4.81 3788
4.81 3787
4.81 3786
4.81 3785
4.81 3784
4.81 3783
4.81 3782
4.90 3774
4.90 3773
4.90 3772
4.90 3771
4.90 3770
4.90 3769
4.90 3768
4.90 3767
4.92 3766
4.92 3765
4.92 3764
4.92 3763
4.92 3762
4.92 3761
4.92 3760
4.92 3759
4.92 3758
4.92 3757
4.92 3756
4.93 3755
4.93 3754
4.93 3753
4.93 3752
4.93 3751
4.93 3750
4.93 3749
4.97 3748
4.97 3747
4.97 3746
4.97 3745
4.97 3744
4.98 3743
4.98 3742
4.98 3741
4.98 3740
4.98 3739
5.01 3738
5.01 3737
5.01 3736
5.01 3735
5.01 3734
5.03 3733
5.03 3732
5.03 3731
5.08 3674
5.09 3673
5.09 3672
5.09 3671
5.09 3670
5.09 3669
5.15 3652
5.15 3651
5.15 3650
5.15 3649
5.17 3648
5.17 3647
5.17 3646
5.17 3645
5.17 3644
5.17 3643
5.17 3642
5.17 3641
5.17 3640
5.17 3639
5.17 3638
5.17 3637
5.17 3636
5.19 3635
5.19 3634
5.19 3633
5.19 3632
5.19 3631
5.19 3630
5.19 3629
5.19 3628
5.19 3627
5.19 3626
5.20 3625
5.20 3624
5.22 3623
5.22 3622
5.22 3621
5.22 3620
5.22 3619
5.22 3618
5.22 3617
5.22 3616
5.22 3615
5.22 3614
5.23 3613
5.23 3612
5.23 3611
5.23 3610
5.23 3609
5.23 3608
5.23 3607
5.23 3606
5.23 3605
5.25 3604
5.25 3603
5.25 3602
5.25 3601
5.25 3600
5.25 3599
5.25 3598
5.28 3597
5.28 3596
5.28 3595
5.28 3594
5.28 3593
5.28 3592
5.29 3591
5.29 3590
5.29 3589
5.29 3588
5.29 3587
5.29 3586
5.29 3585
5.29 3584
5.29 3583
5.29 3582
5.29 3581
5.29 3580
5.29 3579
5.29 3578
5.29 3577
5.31 3576
5.31 3575
5.31 3574
5.31 3573
5.31 3572
5.31 3571
5.31 3570
5.31 3569
5.31 3568
5.31 3567
5.31 3566
5.31 3565
5.32 3564
5.32 3563
5.32 3562
5.32 3561
5.32 3560
5.34 3559
5.34 3558
5.34 3557
5.35 3556
5.35 3555
5.35 3554
5.36 3553
5.36 3552
5.36 3551
5.36 3550
5.36 3549
5.36 3548
5.36 3547
5.36 3546
5.36 3545
5.36 3544
5.37 3543
5.37 3542
5.37 3541
5.39 3540
5.39 3539
5.39 3538
5.39 3537
5.40 3536
5.40 3535
5.40 3534
5.47 3533
5.47 3532
5.47 3531
5.47 3530
5.48 3529
5.48 3528
5.48 3527
5.48 3526
5.48 3525
5.48 3524
5.48 3523
5.48 3522
5.48 3521
5.48 3520
5.48 3519
5.48 3518
5.48 3517
5.48 3516
5.50 3515
5.50 3514
5.51 3513
5.53 3512
5.54 3511
5.56 3510
5.56 3509
5.56 3508
5.58 3507
5.58 3506
5.58 3505
5.58 3504
5.58 3503
5.58 3502
5.58 3501
5.58 3500
5.58 3499
5.59 3498
5.61 3497
5.61 3496
5.61 3495
5.61 3494
5.61 3493
5.67 3492
5.67 3491
5.67 3490
5.67 3489
5.67 3488
5.67 3487
5.67 3486
5.67 3485
5.69 3484
5.69 3483
5.69 3482
5.69 3481
5.69 3480
5.69 3479
5.69 3478
5.69 3477
5.69 3476
5.69 3475
5.80 3474
5.80 3473
5.80 3472
5.80 3471
5.80 3470
5.84 3469
5.84 3468
5.84 3467
5.85 3466
5.85 3465
5.89 3464
5.91 3463
5.91 3462
5.91 3461
5.91 3460
5.91 3459
5.95 3458
5.95 3457
5.95 3456
5.95 3455
5.95 3454
5.95 3453
5.95 3452
5.95 3451
5.95 3450
5.95 3449
5.95 3448
5.95 3447
5.95 3446
5.95 3445
5.95 3444
5.97 3443
5.97 3442
5.97 3441
5.97 3440
5.97 3439
5.97 3438
5.97 3437
5.97 3436
5.97 3435
5.98 3434
5.98 3433
5.98 3432
5.98 3431
5.98 3430
5.98 3429
6.05 3428
6.06 3427
6.06 3426
6.06 3425
6.10 3424
6.10 3423
6.10 3422
6.10 3421
6.17 3420
6.17 3419
6.17 3418
6.17 3417
6.20 3416
6.20 3415
6.20 3414
6.20 3413
6.20 3412
6.22 3411
6.22 3410
6.22 3409
6.27 3408
6.30 3407
6.30 3406
6.30 3405
6.30 3404
6.30 3403
6.30 3402
6.30 3401
6.30 3400
6.30 3399
6.32 3398
6.32 3397
6.32 3396
6.33 3395
6.33 3394
6.34 3393
6.36 3392
6.36 3391
6.36 3390
6.36 3389
6.36 3388
6.38 3387
6.41 3386
6.41 3385
6.42 3384
6.42 3383
6.44 3382
6.44 3381
6.45 3380
6.53 3379
6.53 3378
6.53 3377
6.53 3376
6.53 3375
6.55 3374
6.55 3373
6.55 3372
6.55 3371
6.63 3370
6.63 3369
6.63 3368
6.63 3367
6.63 3366
6.63 3365
6.65 3364
6.65 3363
6.65 3362
6.65 3361
6.66 3360
6.66 3359
6.66 3358
6.68 3357
6.68 3356
6.68 3355
6.96 3354
6.96 3353
6.97 3352
6.97 3351
6.97 3350
6.99 3349
6.99 3348
7.08 3347
7.08 3346
7.08 3345
7.11 3344
7.23 3343
7.25 3342
7.25 3341
7.27 3340
7.31 3339
7.33 3338
7.35 3337
7.35 3336
7.35 3335
7.80 3334
7.80 3333
7.80 3332
