0.00 5684
3.17 4900
3.17 4899
3.17 4898
3.17 4897
3.17 4896
3.17 4895
3.17 4894
3.17 4893
3.18 4892
3.19 4891
3.19 4890
3.19 4889
3.19 4888
3.19 4887
3.61 4525
3.61 4524
3.61 4523
3.61 4522
3.61 4521
3.61 4520
3.61 4519
3.61 4518
3.61 4517
3.61 4516
3.61 4515
3.61 4514
3.61 4513
3.61 4512
3.61 4511
3.62 4510
3.62 4509
3.62 4508
3.62 4507
3.62 4506
3.70 4505
3.70 4504
3.70 4503
3.70 4502
3.70 4501
3.70 4500
3.70 4499
3.70 4498
3.70 4497
3.70 4496
3.70 4495
3.70 4494
3.71 4493
3.71 4492
3.71 4491
3.71 4490
3.71 4489
3.71 4488
3.71 4487
3.88 4288
3.88 4287
3.88 4286
3.88 4285
3.88 4284
3.88 4283
3.88 4282
3.88 4269
3.89 4268
3.89 4267
3.89 4266
3.89 4265
3.89 4264
3.89 4263
3.89 4262
3.89 4261
3.90 4260
3.90 4259
3.90 4258
3.90 4257
3.90 4256
3.90 4255
3.90 4254
3.90 4253
3.90 4252
3.90 4251
3.90 4250
3.90 4249
3.91 4248
3.91 4247
3.91 4246
3.91 4245
3.91 4244
3.91 4243
3.91 4242
3.91 4241
3.91 4240
3.92 4239
3.92 4238
3.92 4237
3.92 4236
3.92 4235
3.92 4234
3.96 4232
3.96 4231
3.97 4230
3.97 4229
3.98 4228
3.98 4227
3.99 4226
3.99 4225
4.05 4181
4.05 4180
4.05 4179
4.05 4178
4.06 4177
4.06 4176
4.06 4175
4.06 4174
4.06 4173
4.06 4172
4.06 4171
4.06 4170
4.06 4169
4.09 4167
4.09 4166
4.09 4165
4.09 4164
4.09 4163
4.09 4162
4.09 4161
4.10 4160
4.10 4159
4.10 4158
4.10 4157
4.10 4156
4.13 4141
4.13 4140
4.13 4139
4.13 4138
4.13 4137
4.14 4136
4.14 4135
4.14 4134
4.14 4133
4.14 4132
4.14 4131
4.14 4130
4.14 4129
4.14 4128
4.14 4127
4.14 4126
4.14 4125
4.16 4124
4.16 4123
4.16 4122
4.16 4121
4.16 4120
4.16 4119
4.16 4118
4.16 4117
4.17 4116
4.27 4086
4.27 4085
4.27 4084
4.27 4083
4.27 4082
4.28 4081
4.28 4080
4.28 4079
4.28 4078
4.28 4077
4.28 4076
4.28 4075
4.28 4074
4.28 4073
4.28 4072
4.28 4071
4.29 4070
4.29 4069
4.29 4068
4.29 4067
4.29 4066
4.29 4065
4.29 4064
4.29 4063
4.29 4062
4.29 4061
4.29 4060
4.30 4059
4.30 4058
4.30 4057
4.30 4056
4.30 4055
4.30 4054
4.30 4053
4.30 4052
4.30 4051
4.31 4050
4.31 4049
4.31 4048
4.31 4047
4.31 4046
4.31 4045
4.31 4044
4.31 4043
4.32 4042
4.44 4004
4.44 4003
4.44 4002
4.44 4001
4.44 4000
4.44 3999
4.44 3998
4.45 3997
4.45 3996
4.45 3995
4.45 3994
4.45 3993
4.45 3992
4.45 3991
4.45 3990
4.46 3989
4.46 3988
4.46 3987
4.46 3986
4.46 3985
4.46 3984
4.46 3983
4.46 3982
4.47 3981
4.47 3980
4.47 3979
4.47 3978
4.47 3977
4.47 3976
4.48 3975
4.48 3974
4.48 3973
4.48 3972
4.48 3971
4.48 3970
4.48 3969
4.49 3968
4.49 3967
4.49 3966
4.49 3965
4.49 3964
4.49 3963
4.50 3962
4.50 3961
4.50 3960
4.51 3959
4.51 3958
4.51 3957
4.51 3956
4.51 3955
4.52 3954
4.52 3953
4.52 3952
4.52 3951
4.52 3950
4.52 3949
4.52 3948
4.52 3947
4.52 3946
4.52 3945
4.53 3944
4.53 3943
4.53 3942
4.53 3941
4.53 3940
4.54 3939
4.54 3938
4.54 3937
4.54 3936
4.54 3935
4.54 3934
4.54 3933
4.54 3932
4.54 3931
4.54 3930
4.54 3929
4.55 3928
4.55 3927
4.55 3926
4.55 3925
4.55 3924
4.55 3923
4.55 3922
4.55 3921
4.55 3920
4.55 3919
4.55 3918
4.56 3917
4.56 3916
4.56 3915
4.56 3914
4.56 3913
4.56 3912
4.56 3911
4.56 3910
4.56 3909
4.56 3908
4.57 3907
4.57 3906
4.57 3905
4.57 3904
4.58 3903
4.58 3902
4.58 3901
4.58 3900
4.59 3899
4.59 3898
4.59 3897
4.60 3896
4.60 3895
4.60 3894
4.60 3893
4.60 3892
4.61 3891
4.61 3890
4.61 3889
4.61 3888
4.61 3887
4.61 3886
4.62 3885
4.62 3884
4.62 3883
4.62 3882
4.62 3881
4.62 3880
4.63 3879
4.63 3878
4.63 3877
4.63 3876
4.63 3875
4.64 3874
4.64 3873
4.64 3872
4.64 3871
4.64 3870
4.71 3835
4.71 3834
4.72 3833
4.72 3832
4.72 3831
4.72 3830
4.72 3829
4.72 3828
4.72 3827
4.72 3826
4.72 3825
4.72 3824
4.73 3823
4.73 3822
4.73 3821
4.73 3820
4.73 3819
4.73 3818
4.74 3817
4.74 3816
4.75 3815
4.75 3814
4.75 3813
4.76 3812
4.76 3811
4.76 3810
4.76 3809
4.77 3808
4.77 3807
4.77 3806
4.77 3805
4.77 3804
4.77 3803
4.77 3802
4.77 3801
4.77 3800
4.77 3799
4.78 3798
4.78 3797
4.78 3796
4.81 3764
4.81 3763
4.81 3762
4.82 3761
4.82 3760
4.82 3759
4.82 3758
4.82 3757
4.82 3756
4.82 3755
4.82 3754
4.82 3753
4.82 3752
4.83 3751
4.84 3750
4.85 3749
4.85 3748
4.86 3747
4.86 3746
4.86 3745
4.86 3744
4.86 3743
4.86 3742
4.86 3741
4.86 3740
4.87 3739
4.87 3738
4.87 3737
4.87 3736
4.87 3735
4.87 3734
4.88 3733
4.88 3732
4.93 3731
4.93 3730
4.93 3729
4.93 3728
4.93 3727
4.93 3726
4.93 3725
4.94 3724
4.94 3723
4.94 3722
4.94 3721
4.94 3720
4.94 3719
4.95 3718
4.95 3717
4.95 3716
4.95 3715
4.95 3714
4.95 3713
4.95 3712
4.96 3711
4.96 3710
4.96 3709
4.97 3708
4.97 3707
4.97 3706
4.97 3705
4.97 3704
4.97 3703
4.97 3702
4.97 3701
4.98 3700
4.98 3699
4.99 3698
4.99 3697
5.00 3696
5.00 3695
5.00 3694
5.00 3693
5.00 3692
5.00 3691
5.00 3690
5.00 3689
5.01 3688
5.01 3687
5.01 3686
5.01 3685
5.01 3684
5.01 3683
5.01 3682
5.01 3681
5.01 3680
5.02 3679
5.05 3678
5.05 3677
5.05 3676
5.05 3675
5.05 3674
5.05 3673
5.05 3672
5.06 3671
5.06 3670
5.06 3669
5.06 3668
5.07 3667
5.07 3666
5.07 3665
5.07 3664
5.07 3663
5.07 3662
5.08 3661
5.11 3660
5.11 3659
5.11 3658
5.11 3657
5.11 3656
5.12 3655
5.12 3654
5.12 3653
5.12 3652
5.12 3651
5.12 3650
5.12 3649
5.12 3648
5.12 3647
5.13 3646
5.13 3645
5.13 3644
5.13 3643
5.13 3642
5.13 3641
5.13 3640
5.14 3639
5.14 3638
5.15 3637
5.15 3636
5.15 3635
5.15 3634
5.15 3633
5.15 3632
5.16 3631
5.16 3630
5.16 3629
5.16 3628
5.16 3627
5.16 3626
5.16 3625
5.16 3624
5.16 3623
5.17 3622
5.17 3621
5.17 3620
5.17 3619
5.18 3618
5.18 3617
5.18 3616
5.19 3615
5.19 3614
5.19 3613
5.19 3612
5.19 3611
5.19 3610
5.19 3609
5.19 3608
5.20 3607
5.21 3606
5.21 3605
5.21 3604
5.21 3603
5.21 3602
5.22 3601
5.22 3600
5.22 3599
5.22 3598
5.22 3597
5.22 3596
5.23 3595
5.33 3594
5.33 3593
5.34 3592
5.34 3591
5.34 3590
5.34 3589
5.35 3588
5.35 3587
5.35 3586
5.35 3585
5.35 3584
5.35 3583
5.36 3582
5.36 3581
5.36 3580
5.36 3579
5.39 3578
5.39 3577
5.40 3576
5.40 3575
5.40 3574
5.40 3573
5.40 3572
5.40 3571
5.40 3570
5.40 3569
5.41 3568
5.41 3567
5.41 3566
5.41 3565
5.41 3564
5.41 3563
5.41 3562
5.41 3561
5.41 3560
5.42 3559
5.42 3558
5.42 3557
5.42 3556
5.42 3555
5.42 3554
5.46 3553
5.47 3552
5.47 3551
5.47 3550
5.47 3549
5.47 3548
5.47 3547
5.47 3546
5.48 3545
5.48 3544
5.48 3543
5.48 3542
5.48 3541
5.48 3540
5.48 3539
5.48 3538
5.49 3537
5.49 3536
5.49 3535
5.49 3534
5.49 3533
5.49 3532
5.49 3531
5.49 3530
5.49 3529
5.49 3528
5.50 3527
5.50 3526
5.50 3525
5.50 3524
5.52 3523
5.59 3522
5.59 3521
5.59 3520
5.59 3519
5.59 3518
5.59 3517
5.60 3516
5.60 3515
5.60 3514
5.60 3513
5.60 3512
5.60 3511
5.60 3510
5.60 3509
5.61 3508
5.61 3507
5.61 3506
5.61 3505
5.61 3504
5.61 3503
5.62 3502
5.62 3501
5.62 3500
5.63 3499
5.63 3498
5.63 3497
5.63 3496
5.67 3495
5.67 3494
5.67 3493
5.67 3492
5.67 3491
5.67 3490
5.67 3489
5.67 3488
5.67 3487
5.68 3486
5.68 3485
5.68 3484
5.68 3483
5.68 3482
5.70 3481
5.70 3480
5.70 3479
5.70 3478
5.71 3477
5.71 3476
5.71 3475
5.71 3474
5.71 3473
5.76 3472
5.76 3471
5.76 3470
5.76 3469
5.76 3468
5.76 3467
5.79 3466
5.79 3465
5.79 3464
5.79 3463
5.79 3462
5.89 3456
5.89 3455
5.89 3454
5.89 3453
5.90 3452
5.90 3451
5.90 3450
5.90 3449
5.90 3448
5.91 3447
5.91 3446
5.91 3445
5.91 3444
5.91 3443
5.91 3442
5.96 3441
5.96 3440
5.96 3439
5.97 3438
5.97 3437
5.97 3436
5.98 3435
5.99 3434
5.99 3433
5.99 3432
5.99 3431
5.99 3430
6.00 3429
6.00 3428
6.00 3427
6.00 3426
6.00 3425
6.00 3424
6.00 3423
6.00 3422
6.00 3421
6.10 3420
6.10 3419
6.10 3418
6.10 3417
6.10 3416
6.10 3415
6.10 3414
6.10 3413
6.11 3412
6.12 3411
6.12 3410
6.12 3409
6.13 3408
6.13 3407
6.13 3406
6.13 3405
6.16 3404
6.22 3403
6.22 3402
6.22 3401
6.22 3400
6.23 3399
6.23 3398
6.23 3397
6.23 3396
6.23 3395
6.23 3394
6.24 3393
6.24 3392
6.26 3391
6.26 3390
6.26 3389
6.26 3388
6.26 3387
6.35 3386
6.35 3385
6.36 3384
6.36 3383
6.36 3382
6.36 3381
6.36 3380
6.36 3379
6.36 3378
6.37 3377
6.37 3376
6.47 3375
6.48 3374
6.48 3373
6.50 3372
6.50 3371
6.51 3370
6.51 3369
6.74 3368
6.74 3367
6.76 3366
6.76 3365
6.76 3364
6.77 3363
6.77 3362
6.77 3361
6.78 3360
6.86 3359
6.87 3358
6.88 3357
6.94 3356
6.94 3355
6.95 3354
6.95 3353
6.95 3352
6.95 3351
6.96 3350
6.96 3349
7.12 3348
7.12 3347
7.14 3346
7.17 3345
7.17 3344
7.17 3343
7.18 3342
7.53 3341
7.73 3340
7.78 3339
7.80 3338
7.84 3337
8.08 3336
