0.00 814
0.53 737
0.86 701
1.13 700
1.37 699
1.37 698
1.37 697
1.37 696
1.37 695
1.37 694
1.37 693
1.37 692
1.39 690
1.45 684
1.45 683
1.45 682
1.45 681
1.45 680
1.45 679
1.45 678
1.82 677
1.86 675
1.86 674
1.87 673
1.92 672
1.94 669
1.94 668
2.05 665
2.05 664
2.18 659
2.18 658
2.18 657
2.18 656
2.18 655
2.37 651
2.37 650
2.39 649
2.39 648
2.61 647
2.61 646
2.74 645
2.74 644
2.74 643
2.74 642
2.74 641
2.74 640
2.77 639
2.97 638
2.97 637
2.97 636
2.97 635
2.99 634
2.99 633
2.99 632
2.99 631
2.99 630
2.99 629
2.99 628
3.37 627
3.37 626
3.37 625
3.50 624
3.51 623
3.54 622
3.54 621
3.54 620
3.54 619
3.72 618
3.83 617
3.83 616
3.83 615
3.93 614
3.93 613
3.93 612
4.18 611
4.18 610
4.18 609
4.42 608
4.45 607
4.56 606
4.59 605
4.68 604
4.68 603
4.87 602
4.87 601
4.89 600
5.28 599
5.38 598
5.49 597
