0.00 3736
0.01 3735
0.01 3734
0.01 3733
0.01 3732
0.01 3731
0.01 3730
0.01 3729
0.01 3728
0.01 3727
0.01 3726
0.01 3725
0.01 3724
0.01 3723
0.01 3722
0.01 3721
0.01 3720
0.01 3719
0.01 3718
0.01 3717
0.01 3716
0.01 3715
0.01 3714
0.01 3713
0.01 3712
0.01 3711
0.01 3710
0.01 3709
0.01 3708
0.01 3707
0.01 3706
0.01 3705
0.01 3704
2.73 2553
2.73 2552
2.73 2551
2.73 2550
2.73 2549
2.73 2548
2.73 2547
2.73 2546
2.73 2545
2.87 2511
2.87 2510
2.87 2509
2.87 2508
2.87 2507
2.87 2506
2.87 2505
2.87 2504
2.87 2503
2.87 2502
3.10 2460
3.10 2459
3.10 2453
3.27 2452
3.27 2451
3.36 2444
3.36 2443
3.36 2442
3.36 2441
3.36 2440
3.36 2439
3.36 2438
3.39 2426
3.39 2425
3.39 2424
3.39 2423
3.39 2422
3.39 2421
3.41 2419
3.41 2418
3.41 2417
3.41 2416
3.41 2415
3.52 2414
3.57 2407
3.58 2397
3.58 2396
3.62 2395
3.62 2394
3.62 2393
3.62 2392
3.62 2391
3.62 2390
3.62 2389
3.65 2388
3.74 2385
3.74 2384
3.74 2383
3.74 2382
3.74 2381
3.74 2380
3.75 2379
3.75 2378
3.78 2370
3.78 2369
3.78 2368
3.78 2367
3.78 2366
3.78 2365
3.79 2364
3.79 2363
3.79 2362
3.94 2361
3.94 2360
3.94 2359
3.94 2358
4.10 2357
4.10 2356
4.10 2355
4.10 2354
4.10 2353
4.10 2352
4.10 2351
4.14 2348
4.14 2347
4.19 2346
4.19 2345
4.19 2344
4.30 2340
4.35 2330
4.36 2329
4.36 2328
4.36 2327
4.36 2326
4.36 2325
4.36 2324
4.36 2323
4.36 2322
4.42 2321
4.42 2320
4.42 2319
4.43 2318
4.43 2317
4.43 2316
4.47 2315
4.47 2314
4.47 2313
4.47 2312
4.47 2311
4.47 2310
4.57 2309
4.57 2308
4.59 2307
4.60 2306
4.60 2305
4.60 2304
4.60 2303
4.60 2302
4.60 2301
4.60 2300
4.60 2299
4.60 2298
4.60 2297
4.61 2296
4.67 2295
4.68 2294
4.68 2293
4.68 2292
4.82 2291
4.82 2290
4.82 2289
4.83 2288
4.83 2287
4.90 2286
4.90 2285
4.95 2284
4.95 2283
4.98 2282
5.02 2281
5.02 2280
5.02 2279
5.04 2278
5.04 2277
5.05 2276
5.05 2275
5.06 2274
5.06 2273
5.06 2272
5.06 2271
5.07 2270
5.07 2269
5.07 2268
5.07 2267
5.13 2266
5.13 2265
5.13 2264
5.13 2263
5.13 2262
5.13 2261
5.13 2260
5.13 2259
5.13 2258
5.27 2257
5.27 2256
5.27 2255
5.28 2254
5.38 2253
5.38 2252
5.50 2251
5.50 2250
5.50 2249
5.50 2248
5.54 2247
5.54 2246
5.56 2245
5.58 2244
5.59 2243
5.60 2242
5.60 2241
5.65 2240
5.83 2239
5.85 2238
5.85 2237
5.86 2236
5.87 2235
6.19 2234
6.19 2233
6.19 2232
6.39 2231
6.40 2230
6.45 2229
6.45 2228
6.46 2227
6.58 2226
7.15 2225
