0.00 5684
3.67 4513
3.67 4512
3.67 4511
3.67 4510
3.67 4509
3.67 4508
3.67 4507
3.67 4506
3.67 4505
3.67 4504
3.67 4503
3.67 4502
3.68 4501
3.68 4500
3.68 4499
3.68 4498
3.68 4497
3.68 4496
3.68 4495
3.68 4494
3.68 4493
3.68 4492
3.69 4491
3.69 4490
3.69 4489
3.81 4382
3.81 4381
3.81 4380
3.81 4379
3.81 4378
3.82 4377
3.82 4376
3.82 4375
3.82 4374
3.82 4373
3.82 4372
3.82 4371
3.82 4370
3.82 4369
3.82 4368
3.82 4367
3.83 4366
3.84 4365
3.84 4364
3.84 4363
3.84 4362
3.84 4361
3.84 4360
3.84 4359
3.95 4318
3.95 4317
3.95 4316
3.95 4315
3.95 4314
3.95 4313
3.95 4312
3.96 4311
3.96 4310
3.96 4309
3.96 4308
3.96 4307
3.96 4306
3.96 4305
3.96 4304
3.96 4303
3.96 4302
4.02 4257
4.02 4256
4.02 4255
4.02 4254
4.02 4253
4.02 4252
4.02 4251
4.03 4250
4.03 4249
4.03 4248
4.03 4247
4.03 4246
4.03 4245
4.05 4244
4.05 4243
4.05 4242
4.05 4241
4.06 4240
4.06 4239
4.06 4238
4.07 4237
4.07 4236
4.07 4235
4.07 4234
4.07 4233
4.07 4232
4.07 4231
4.07 4230
4.07 4229
4.08 4228
4.08 4227
4.08 4226
4.08 4225
4.08 4224
4.08 4223
4.08 4222
4.08 4221
4.09 4220
4.09 4219
4.09 4218
4.09 4217
4.09 4216
4.09 4215
4.09 4214
4.09 4213
4.09 4212
4.09 4211
4.10 4210
4.10 4209
4.10 4208
4.10 4207
4.10 4206
4.10 4205
4.10 4204
4.10 4203
4.10 4202
4.10 4201
4.10 4200
4.10 4199
4.11 4198
4.11 4197
4.11 4196
4.11 4195
4.11 4194
4.11 4193
4.11 4192
4.12 4191
4.12 4190
4.12 4189
4.12 4188
4.12 4187
4.13 4186
4.13 4185
4.13 4184
4.13 4183
4.13 4182
4.14 4181
4.14 4180
4.14 4179
4.14 4178
4.14 4177
4.14 4176
4.14 4175
4.14 4174
4.14 4173
4.14 4172
4.14 4171
4.15 4170
4.15 4169
4.15 4168
4.15 4167
4.15 4166
4.15 4165
4.15 4164
4.15 4163
4.15 4162
4.15 4161
4.16 4160
4.16 4159
4.16 4158
4.17 4157
4.17 4156
4.17 4155
4.17 4154
4.17 4153
4.17 4152
4.17 4151
4.17 4150
4.17 4149
4.18 4148
4.18 4147
4.18 4146
4.18 4145
4.18 4144
4.18 4143
4.18 4142
4.18 4141
4.18 4140
4.18 4139
4.18 4138
4.18 4137
4.19 4136
4.19 4135
4.19 4134
4.19 4133
4.19 4132
4.19 4131
4.19 4130
4.19 4129
4.20 4128
4.20 4127
4.20 4126
4.20 4125
4.20 4124
4.20 4123
4.21 4122
4.22 4121
4.22 4120
4.22 4119
4.22 4118
4.22 4117
4.22 4116
4.22 4115
4.22 4114
4.23 4113
4.23 4112
4.23 4111
4.23 4110
4.23 4109
4.23 4108
4.24 4107
4.24 4106
4.24 4105
4.24 4104
4.24 4103
4.24 4102
4.25 4101
4.25 4100
4.25 4099
4.26 4073
4.27 4072
4.27 4071
4.28 4070
4.28 4069
4.28 4068
4.28 4067
4.28 4066
4.28 4065
4.28 4064
4.29 4063
4.29 4062
4.29 4061
4.31 4060
4.31 4059
4.31 4058
4.31 4057
4.32 4056
4.32 4055
4.32 4054
4.32 4053
4.32 4052
4.32 4051
4.32 4050
4.32 4049
4.32 4048
4.32 4047
4.32 4046
4.32 4045
4.32 4044
4.32 4043
4.32 4042
4.33 4041
4.33 4040
4.33 4039
4.33 4038
4.35 4037
4.35 4036
4.35 4035
4.35 4034
4.35 4033
4.35 4032
4.35 4031
4.35 4030
4.35 4029
4.35 4028
4.36 4027
4.36 4026
4.36 4025
4.36 4024
4.36 4023
4.36 4022
4.36 4021
4.36 4020
4.36 4019
4.36 4018
4.36 4017
4.37 4016
4.37 4015
4.37 4014
4.37 4013
4.37 4012
4.42 3984
4.43 3983
4.43 3982
4.43 3981
4.52 3910
4.52 3909
4.53 3908
4.53 3907
4.53 3906
4.53 3905
4.53 3904
4.53 3903
4.53 3902
4.53 3901
4.53 3900
4.53 3899
4.53 3898
4.53 3897
4.53 3896
4.53 3895
4.53 3894
4.57 3893
4.57 3892
4.57 3891
4.57 3890
4.57 3889
4.57 3888
4.59 3887
4.59 3886
4.59 3885
4.59 3884
4.59 3883
4.59 3882
4.59 3881
4.60 3880
4.60 3879
4.60 3878
4.60 3877
4.60 3876
4.60 3875
4.60 3874
4.61 3873
4.61 3872
4.61 3871
4.61 3870
4.61 3869
4.61 3868
4.61 3867
4.61 3866
4.61 3865
4.61 3864
4.62 3863
4.62 3862
4.62 3861
4.62 3860
4.62 3859
4.62 3858
4.62 3857
4.62 3856
4.63 3855
4.63 3854
4.63 3853
4.63 3852
4.63 3851
4.63 3850
4.63 3849
4.63 3848
4.64 3847
4.64 3846
4.64 3845
4.64 3844
4.64 3843
4.64 3842
4.65 3841
4.65 3840
4.65 3839
4.65 3838
4.65 3837
4.65 3836
4.65 3835
4.66 3834
4.66 3833
4.66 3832
4.66 3831
4.66 3830
4.66 3829
4.66 3828
4.67 3827
4.67 3826
4.67 3825
4.67 3824
4.67 3823
4.67 3822
4.67 3821
4.67 3820
4.68 3819
4.68 3818
4.68 3817
4.68 3816
4.68 3815
4.68 3814
4.68 3813
4.68 3812
4.68 3811
4.68 3810
4.69 3809
4.69 3808
4.69 3807
4.69 3806
4.70 3805
4.70 3804
4.70 3803
4.70 3802
4.70 3801
4.70 3800
4.70 3799
4.70 3798
4.70 3797
4.71 3796
4.71 3795
4.71 3794
4.71 3793
4.71 3792
4.71 3791
4.71 3790
4.71 3789
4.71 3788
4.84 3787
4.84 3786
4.85 3785
4.85 3784
4.85 3783
4.85 3782
4.85 3781
4.85 3759
4.85 3758
4.90 3753
4.90 3752
4.90 3751
4.90 3750
4.90 3749
4.90 3748
4.90 3747
4.91 3746
4.91 3745
4.91 3744
4.91 3743
4.91 3742
4.91 3741
4.91 3740
4.91 3739
4.91 3738
4.91 3737
4.91 3736
4.91 3735
4.91 3734
4.91 3733
4.91 3732
4.93 3731
4.93 3730
4.93 3729
4.93 3728
4.93 3727
4.93 3726
4.93 3725
4.93 3724
4.93 3723
4.93 3722
4.93 3721
4.93 3720
4.93 3719
4.94 3718
4.96 3717
4.96 3716
4.96 3715
4.96 3714
4.96 3713
4.96 3712
4.97 3711
4.97 3710
4.97 3709
4.97 3708
4.98 3707
4.98 3706
4.98 3705
4.98 3704
4.98 3703
4.98 3702
4.98 3701
4.99 3700
4.99 3699
4.99 3698
4.99 3697
4.99 3696
4.99 3695
4.99 3694
5.00 3693
5.00 3692
5.00 3691
5.00 3690
5.00 3689
5.00 3688
5.00 3687
5.01 3686
5.01 3685
5.01 3684
5.01 3683
5.01 3682
5.01 3681
5.02 3680
5.02 3679
5.02 3678
5.02 3677
5.04 3676
5.04 3675
5.04 3674
5.05 3673
5.05 3672
5.05 3671
5.05 3670
5.05 3669
5.05 3668
5.05 3667
5.05 3666
5.05 3665
5.05 3664
5.05 3663
5.07 3662
5.10 3653
5.10 3652
5.10 3651
5.10 3650
5.10 3649
5.10 3648
5.10 3647
5.10 3646
5.10 3645
5.10 3644
5.10 3643
5.11 3642
5.12 3641
5.12 3640
5.12 3639
5.12 3638
5.12 3637
5.13 3636
5.13 3635
5.13 3634
5.13 3633
5.13 3632
5.13 3631
5.13 3630
5.18 3629
5.18 3628
5.19 3627
5.19 3626
5.19 3625
5.19 3624
5.19 3623
5.19 3622
5.19 3621
5.19 3620
5.19 3619
5.19 3618
5.21 3617
5.22 3616
5.22 3615
5.22 3614
5.22 3613
5.22 3612
5.22 3611
5.24 3610
5.24 3609
5.24 3608
5.24 3607
5.24 3606
5.24 3605
5.25 3604
5.25 3603
5.25 3602
5.25 3601
5.25 3600
5.26 3599
5.26 3598
5.27 3597
5.27 3596
5.27 3595
5.27 3594
5.28 3593
5.28 3592
5.28 3591
5.28 3590
5.28 3589
5.28 3588
5.29 3587
5.30 3586
5.30 3585
5.32 3584
5.32 3583
5.32 3582
5.32 3581
5.32 3580
5.32 3579
5.32 3578
5.32 3577
5.32 3576
5.32 3575
5.32 3574
5.33 3573
5.33 3572
5.33 3571
5.33 3570
5.33 3569
5.33 3568
5.33 3567
5.33 3566
5.37 3565
5.37 3564
5.37 3563
5.37 3562
5.39 3561
5.39 3560
5.39 3559
5.40 3558
5.40 3557
5.40 3556
5.40 3555
5.40 3554
5.40 3553
5.42 3552
5.42 3551
5.43 3550
5.43 3549
5.43 3548
5.43 3547
5.43 3546
5.43 3545
5.43 3544
5.44 3543
5.44 3542
5.44 3541
5.44 3540
5.44 3539
5.44 3538
5.44 3537
5.44 3536
5.44 3535
5.44 3534
5.44 3533
5.44 3532
5.46 3531
5.46 3530
5.46 3529
5.46 3528
5.46 3527
5.46 3526
5.46 3525
5.46 3524
5.46 3523
5.47 3522
5.48 3521
5.48 3520
5.48 3519
5.48 3518
5.49 3517
5.49 3516
5.49 3515
5.49 3514
5.49 3513
5.49 3512
5.49 3511
5.49 3510
5.51 3509
5.51 3508
5.51 3507
5.51 3506
5.51 3505
5.51 3504
5.52 3503
5.52 3502
5.52 3501
5.52 3500
5.52 3499
5.52 3498
5.52 3497
5.53 3496
5.53 3495
5.53 3494
5.53 3493
5.53 3492
5.53 3491
5.53 3490
5.53 3489
5.54 3488
5.54 3487
5.54 3486
5.54 3485
5.54 3484
5.54 3483
5.55 3482
5.69 3481
5.69 3480
5.69 3479
5.69 3478
5.69 3477
5.77 3476
5.77 3475
5.77 3474
5.78 3473
5.78 3472
5.79 3471
5.79 3470
5.79 3469
5.79 3468
5.79 3467
5.79 3466
5.79 3465
5.79 3464
5.79 3463
5.79 3462
5.79 3461
5.80 3460
5.80 3459
5.81 3458
5.81 3457
5.81 3456
5.82 3455
5.82 3454
5.85 3453
5.85 3452
5.85 3451
5.85 3450
5.85 3449
5.85 3448
5.85 3447
5.85 3446
5.85 3445
5.85 3444
5.87 3443
5.87 3442
5.87 3441
5.87 3440
5.87 3439
5.87 3438
5.88 3437
5.88 3436
5.92 3435
5.92 3434
5.93 3433
5.93 3432
5.93 3431
5.93 3430
5.93 3429
5.93 3428
5.93 3427
5.95 3426
5.96 3425
5.96 3424
5.96 3423
5.96 3422
5.96 3421
5.98 3420
5.98 3419
5.98 3418
5.98 3417
5.98 3416
5.98 3415
5.98 3414
6.03 3413
6.03 3412
6.03 3411
6.11 3410
6.11 3409
6.11 3408
6.11 3407
6.11 3406
6.11 3405
6.11 3404
6.11 3403
6.11 3402
6.14 3401
6.14 3400
6.14 3399
6.14 3398
6.14 3397
6.16 3396
6.18 3395
6.18 3394
6.19 3393
6.19 3392
6.19 3391
6.19 3390
6.19 3389
6.24 3388
6.24 3387
6.24 3386
6.26 3385
6.26 3384
6.35 3383
6.35 3382
6.35 3381
6.35 3380
6.35 3379
6.37 3378
6.37 3377
6.37 3376
6.38 3375
6.38 3374
6.38 3373
6.51 3372
6.51 3371
6.51 3370
6.51 3369
6.51 3368
6.51 3367
6.51 3366
6.52 3365
6.53 3364
6.53 3363
6.53 3362
6.53 3361
6.53 3360
6.53 3359
6.53 3358
6.53 3357
6.53 3356
6.53 3355
6.54 3354
6.54 3353
6.54 3352
6.54 3351
6.58 3350
6.58 3349
6.59 3348
6.60 3347
6.60 3346
6.60 3345
6.60 3344
6.60 3343
6.60 3342
6.89 3341
6.89 3340
6.90 3339
6.92 3338
6.92 3337
7.07 3336
7.08 3335
7.08 3334
7.08 3333
7.10 3332
7.47 3331
7.48 3330
7.48 3329
7.49 3328
7.55 3327
7.55 3326
7.55 3325
8.16 3324
