0.00 1960
0.85 1959
0.85 1958
0.85 1957
0.85 1956
0.85 1955
0.85 1954
0.85 1953
0.85 1952
0.85 1951
0.85 1950
0.85 1949
0.85 1948
0.85 1947
0.85 1946
0.85 1945
0.85 1944
0.85 1943
0.85 1942
0.85 1941
0.85 1940
0.85 1939
0.85 1938
0.85 1937
0.85 1936
0.85 1935
0.85 1934
0.85 1933
0.85 1932
0.85 1931
0.86 1930
0.86 1929
0.86 1928
0.86 1927
0.86 1926
0.86 1925
0.86 1924
0.86 1923
0.86 1922
0.86 1921
0.86 1920
0.86 1919
0.86 1918
0.86 1917
0.86 1916
0.86 1915
0.86 1914
0.86 1913
0.86 1912
0.86 1911
0.86 1910
0.86 1909
0.86 1908
0.86 1907
0.86 1906
0.86 1905
0.86 1904
0.86 1903
0.86 1902
0.86 1901
0.86 1900
0.86 1899
0.86 1898
0.86 1897
0.86 1896
0.86 1895
0.86 1894
0.86 1893
0.86 1892
0.86 1891
0.86 1890
0.86 1889
0.87 1888
0.87 1887
0.87 1886
0.87 1885
0.87 1884
0.87 1883
0.87 1882
0.87 1881
0.87 1880
0.87 1879
0.87 1878
0.87 1877
0.87 1876
0.87 1875
0.87 1874
0.87 1873
0.87 1872
0.87 1871
0.87 1870
0.87 1869
0.87 1868
0.87 1867
0.87 1866
0.87 1865
0.87 1864
0.87 1863
0.87 1862
0.87 1861
0.87 1860
0.87 1859
0.87 1858
0.87 1857
0.87 1856
0.87 1855
0.87 1854
0.88 1853
0.88 1852
0.88 1851
0.88 1850
0.88 1849
0.88 1848
0.88 1847
0.88 1846
0.88 1845
0.88 1844
0.88 1843
0.88 1842
0.88 1841
0.88 1840
0.88 1839
0.88 1838
0.88 1837
0.88 1836
0.88 1835
0.88 1834
0.88 1833
0.88 1832
0.88 1831
0.88 1830
0.88 1829
0.88 1828
0.88 1827
0.88 1826
0.88 1825
0.88 1824
0.88 1823
0.88 1822
0.88 1821
0.88 1820
0.88 1819
0.88 1818
0.89 1817
0.89 1816
0.89 1815
0.89 1814
0.89 1813
0.89 1812
0.89 1811
0.89 1810
0.89 1809
0.89 1808
0.89 1807
0.89 1806
0.89 1805
0.89 1804
0.89 1803
0.89 1802
0.89 1801
0.89 1800
0.89 1799
0.89 1798
0.89 1797
0.89 1796
0.89 1795
0.89 1794
0.89 1793
0.89 1792
0.89 1791
0.89 1790
0.90 1789
0.90 1788
0.90 1787
0.90 1786
0.90 1785
0.90 1784
0.90 1783
0.90 1782
0.90 1781
0.90 1780
0.90 1779
0.90 1778
0.90 1777
0.90 1776
0.90 1775
0.90 1774
0.90 1773
0.90 1772
0.90 1771
0.90 1770
0.90 1769
0.90 1768
0.90 1767
0.90 1766
0.90 1765
0.90 1764
0.90 1763
0.90 1762
0.90 1761
0.90 1760
0.90 1759
0.90 1758
0.90 1757
0.90 1756
0.90 1755
0.90 1754
0.90 1753
0.90 1752
0.90 1751
0.90 1750
0.90 1749
0.90 1748
0.91 1747
0.91 1746
0.91 1745
0.91 1744
0.91 1743
0.91 1742
0.91 1741
0.91 1740
0.91 1739
0.91 1738
0.91 1737
0.91 1736
0.91 1735
0.91 1734
0.91 1733
0.91 1732
0.91 1731
0.91 1730
0.91 1729
0.91 1728
0.91 1727
0.91 1726
0.91 1725
0.91 1724
0.91 1723
0.91 1722
0.91 1721
0.91 1720
0.91 1719
0.91 1718
0.91 1717
0.91 1716
0.91 1715
0.91 1714
0.91 1713
0.91 1712
0.91 1711
0.91 1710
0.92 1709
0.92 1708
0.92 1707
0.92 1706
0.92 1705
0.92 1704
0.92 1703
0.92 1702
0.92 1701
0.92 1700
0.92 1699
0.92 1698
0.92 1697
0.92 1696
0.92 1695
0.92 1694
0.92 1693
0.92 1692
0.92 1691
0.92 1690
0.92 1689
0.92 1688
0.92 1687
0.92 1686
0.92 1685
0.92 1684
0.92 1683
0.92 1682
0.92 1681
0.92 1680
0.92 1679
0.93 1678
0.93 1677
0.93 1676
0.93 1675
0.93 1674
0.93 1673
0.93 1672
0.93 1671
0.93 1670
0.93 1669
0.93 1668
0.93 1667
0.93 1666
0.93 1665
0.93 1664
0.93 1663
0.93 1662
0.93 1661
0.93 1660
0.93 1659
0.93 1658
0.93 1657
0.93 1656
0.93 1655
0.93 1654
0.93 1653
0.93 1652
0.93 1651
0.93 1650
0.93 1649
0.93 1648
0.93 1647
0.93 1646
0.93 1645
0.93 1644
0.93 1643
0.93 1642
0.93 1641
0.93 1640
0.93 1639
0.94 1638
0.94 1637
0.94 1636
0.94 1635
0.94 1634
0.94 1633
0.94 1632
0.94 1631
0.94 1630
0.94 1629
0.94 1628
0.94 1627
0.94 1626
0.94 1625
0.94 1624
0.94 1623
0.94 1622
0.94 1621
0.94 1620
0.94 1619
0.94 1618
0.94 1617
0.94 1616
0.94 1615
0.94 1614
0.95 1613
0.95 1612
0.95 1611
0.95 1610
0.95 1609
0.95 1608
0.95 1607
0.95 1606
0.95 1605
0.95 1604
0.95 1603
0.95 1602
0.95 1601
0.95 1600
0.95 1599
0.95 1598
0.95 1597
0.95 1596
0.95 1595
0.95 1594
0.95 1593
0.95 1592
0.95 1591
0.95 1590
0.95 1589
0.95 1588
0.95 1587
0.96 1586
0.96 1585
0.96 1584
0.96 1583
0.96 1582
0.96 1581
0.96 1580
0.96 1579
0.96 1578
0.96 1577
0.96 1576
0.96 1575
0.96 1574
0.96 1573
0.96 1572
0.96 1571
0.96 1570
0.96 1569
0.96 1568
0.96 1567
0.96 1566
0.96 1565
0.96 1564
0.96 1563
0.96 1562
0.96 1561
0.96 1560
0.96 1559
0.96 1558
0.96 1557
0.96 1556
0.96 1555
0.96 1554
0.97 1553
0.97 1552
0.97 1551
0.97 1550
0.97 1549
0.97 1548
0.97 1547
0.97 1546
0.97 1545
0.97 1544
0.97 1543
0.97 1542
0.97 1541
0.97 1540
0.97 1539
0.97 1538
0.97 1537
0.97 1536
0.97 1535
0.98 1534
0.98 1533
0.98 1532
0.98 1531
0.98 1530
0.98 1529
0.98 1528
0.98 1527
0.98 1526
0.98 1525
0.98 1524
0.98 1523
0.98 1522
0.98 1521
0.98 1520
0.98 1519
0.98 1518
0.98 1517
0.98 1516
0.98 1515
0.98 1514
0.98 1513
0.98 1512
0.98 1511
0.99 1510
0.99 1509
0.99 1508
0.99 1507
0.99 1506
0.99 1505
0.99 1504
0.99 1503
0.99 1502
0.99 1501
0.99 1500
0.99 1499
0.99 1498
0.99 1497
0.99 1496
0.99 1495
0.99 1494
0.99 1493
0.99 1492
0.99 1491
0.99 1490
0.99 1489
0.99 1488
0.99 1487
0.99 1486
0.99 1485
1.00 1484
1.00 1483
1.00 1482
1.00 1481
1.00 1480
1.00 1479
1.00 1478
1.00 1477
1.00 1476
1.00 1475
1.00 1474
1.00 1473
1.00 1472
1.00 1471
1.00 1470
1.00 1469
1.00 1468
1.00 1467
1.00 1466
1.00 1465
1.00 1464
1.00 1463
1.00 1462
1.00 1461
1.00 1460
1.01 1459
1.01 1458
1.01 1457
1.01 1456
1.01 1455
1.01 1454
1.01 1453
1.01 1452
1.01 1451
1.01 1450
1.01 1449
1.01 1448
1.01 1447
1.01 1446
1.01 1445
1.01 1444
1.01 1443
1.01 1442
1.01 1441
1.01 1440
1.01 1439
1.01 1438
1.01 1437
1.02 1436
1.02 1435
1.02 1434
1.02 1433
1.02 1432
1.02 1431
1.02 1430
1.02 1429
1.02 1428
1.02 1427
1.02 1426
1.02 1425
1.02 1424
1.02 1423
1.02 1422
1.02 1421
1.02 1420
1.02 1419
1.02 1418
1.02 1417
1.02 1416
1.02 1415
1.03 1414
1.03 1413
1.03 1412
1.03 1411
1.03 1410
1.03 1409
1.03 1408
1.03 1407
1.03 1406
1.03 1405
1.03 1404
1.03 1403
1.03 1402
1.03 1401
1.03 1400
1.03 1399
1.03 1398
1.03 1397
1.03 1396
1.03 1395
1.03 1394
1.03 1393
1.03 1392
1.04 1391
1.04 1390
1.04 1389
1.04 1388
1.05 1387
1.05 1386
1.05 1385
1.05 1384
1.05 1383
1.05 1382
1.05 1381
1.05 1380
1.05 1379
1.05 1378
1.05 1377
1.05 1376
1.05 1375
1.05 1374
1.05 1373
1.06 1372
1.06 1371
1.06 1370
1.06 1369
1.06 1368
1.06 1367
1.06 1366
1.06 1365
1.06 1364
1.06 1363
1.06 1362
1.06 1361
1.06 1360
1.06 1359
1.06 1358
1.06 1357
1.06 1356
1.07 1355
1.07 1354
1.07 1353
1.07 1352
1.07 1351
1.07 1350
1.07 1349
1.07 1348
1.07 1347
1.08 1346
1.08 1345
1.08 1344
1.08 1343
1.08 1342
1.08 1341
1.08 1340
1.08 1339
1.08 1338
1.08 1337
1.08 1336
1.09 1335
1.09 1334
1.09 1333
1.09 1332
1.09 1331
1.09 1330
1.09 1329
1.09 1328
1.09 1327
1.09 1326
1.09 1325
1.09 1324
1.10 1323
1.10 1322
1.10 1321
1.11 1320
1.11 1319
1.11 1318
1.11 1317
1.11 1316
1.11 1315
1.11 1314
1.11 1313
1.11 1312
1.11 1311
1.11 1310
1.11 1309
1.11 1308
1.12 1307
1.12 1306
1.12 1305
1.12 1304
1.12 1303
1.12 1302
1.12 1301
1.13 1300
1.13 1299
1.13 1298
1.13 1297
1.13 1296
1.13 1295
1.13 1294
1.14 1293
1.14 1292
1.14 1291
1.14 1290
1.14 1289
1.14 1288
1.14 1287
1.14 1286
1.15 1285
1.15 1284
1.15 1283
1.15 1282
1.15 1281
1.15 1280
1.16 1279
1.16 1278
1.16 1277
1.16 1276
1.16 1275
1.16 1274
1.16 1273
1.16 1272
1.16 1271
1.16 1270
1.16 1269
1.16 1268
1.16 1267
1.16 1266
1.16 1265
1.16 1264
1.17 1263
1.17 1262
1.17 1261
1.17 1260
1.17 1259
1.18 1258
1.18 1257
1.18 1256
1.18 1255
1.18 1254
1.18 1253
1.18 1252
1.18 1251
1.18 1250
1.18 1249
1.18 1248
1.18 1247
1.18 1246
1.19 1245
1.19 1244
1.19 1243
1.20 1242
1.20 1241
1.20 1240
1.20 1239
1.20 1238
1.20 1237
1.20 1236
1.20 1235
1.20 1234
1.20 1233
1.20 1232
1.20 1231
1.20 1230
1.23 1229
1.23 1228
1.23 1227
1.23 1226
1.23 1225
1.23 1224
1.23 1223
1.23 1222
1.23 1221
1.23 1220
1.23 1219
1.23 1218
1.24 1217
1.24 1216
1.24 1215
1.25 1214
1.26 1213
1.26 1212
1.26 1211
1.26 1210
1.26 1209
1.27 1208
1.27 1207
1.27 1206
1.27 1205
1.27 1204
1.27 1203
1.27 1202
1.27 1201
1.27 1200
1.27 1199
1.27 1198
1.30 1197
1.30 1196
1.30 1195
1.30 1194
1.34 1193
1.34 1192
1.35 1191
1.35 1190
1.35 1189
1.35 1188
1.36 1187
1.36 1186
1.36 1185
1.36 1184
1.36 1183
1.36 1182
1.37 1181
1.37 1180
1.37 1179
1.37 1178
1.37 1177
1.37 1176
1.38 1175
1.38 1174
1.38 1173
1.38 1172
1.38 1171
1.39 1170
1.52 1169
1.58 1168
1.58 1167
1.58 1166
1.59 1165
1.59 1164
1.59 1163
1.59 1162
1.59 1161
1.59 1160
1.59 1159
1.63 1158
1.63 1157
1.63 1156
1.63 1155
1.63 1154
1.73 1153
1.73 1152
1.74 1151
1.74 1150
1.74 1149
1.77 1148
1.77 1147
1.77 1146
1.77 1145
1.77 1144
1.81 1143
1.83 1142
1.85 1141
1.85 1140
1.85 1139
1.85 1138
1.97 1137
1.98 1136
1.98 1135
1.98 1134
2.00 1133
2.01 1132
2.01 1131
2.01 1130
2.01 1129
2.01 1128
2.01 1127
2.02 1126
2.02 1125
2.02 1124
2.08 1123
2.08 1122
2.09 1121
2.09 1120
2.10 1119
2.11 1118
2.11 1117
2.11 1116
2.11 1115
2.11 1114
2.11 1113
2.26 1112
2.27 1111
2.27 1110
2.27 1109
2.27 1108
2.28 1107
2.28 1106
2.28 1105
2.28 1104
2.28 1103
2.28 1102
2.28 1101
2.28 1100
2.28 1099
2.28 1098
2.28 1097
2.30 1096
2.30 1095
2.30 1094
2.30 1093
2.31 1092
2.31 1091
2.33 1090
2.36 1089
2.36 1088
2.36 1087
2.37 1086
2.37 1085
2.37 1084
2.37 1083
2.38 1082
2.38 1081
2.38 1080
2.38 1079
2.84 1078
2.84 1077
2.85 1076
2.85 1075
2.86 1074
2.86 1073
2.86 1072
2.86 1071
2.89 1070
2.89 1069
2.89 1068
2.89 1067
2.89 1066
2.89 1065
2.89 1064
2.89 1063
2.90 1062
2.90 1061
2.90 1060
3.19 1059
3.19 1058
3.19 1057
3.19 1056
3.19 1055
3.19 1054
3.26 1053
3.26 1052
3.27 1051
3.28 1050
3.28 1049
3.28 1048
3.28 1047
3.28 1046
3.28 1045
3.64 1044
3.65 1043
3.65 1042
3.65 1041
3.65 1040
3.65 1039
3.66 1038
3.66 1037
3.84 1036
3.84 1035
3.86 1034
3.86 1033
3.86 1032
3.87 1031
3.92 1030
3.94 1029
3.96 1028
3.96 1027
3.98 1026
3.99 1025
3.99 1024
4.03 1023
4.03 1022
4.22 1021
4.22 1020
4.24 1019
4.32 1018
4.32 1017
4.34 1016
4.34 1015
4.34 1014
4.35 1013
4.35 1012
4.36 1011
4.36 1010
4.37 1009
4.37 1008
4.40 1007
4.40 1006
4.40 1005
4.53 1004
4.61 1003
4.62 1002
4.73 1001
4.73 1000
4.75 999
4.75 998
4.75 997
4.89 996
5.11 995
5.11 994
5.17 993
5.17 992
5.17 991
5.19 990
5.20 989
5.22 988
5.62 987
5.81 986
5.81 985
5.84 984
5.92 983
5.92 982
5.92 981
5.94 980
