0.00 2000
0.61 1999
0.61 1998
0.61 1997
0.61 1996
0.61 1995
0.61 1994
0.61 1993
0.69 1765
0.69 1764
0.69 1763
0.69 1762
0.69 1761
0.69 1760
0.69 1759
0.69 1758
0.69 1757
0.69 1756
0.69 1755
0.69 1754
0.69 1753
0.69 1752
0.69 1751
0.69 1750
0.69 1749
0.69 1748
0.69 1747
0.69 1746
0.69 1745
0.69 1744
0.69 1743
0.69 1742
0.69 1741
0.69 1740
0.69 1739
0.69 1738
0.69 1737
0.69 1736
0.69 1735
0.69 1734
0.69 1733
0.69 1732
0.69 1731
0.69 1730
0.69 1729
0.69 1728
0.69 1727
0.69 1726
0.69 1725
0.69 1724
0.69 1723
0.69 1722
0.69 1721
0.69 1720
0.69 1719
0.69 1718
0.69 1717
0.69 1716
0.69 1715
0.69 1714
0.69 1713
0.69 1712
0.69 1711
0.69 1710
0.69 1709
0.69 1708
0.71 1707
0.71 1706
0.71 1705
0.71 1704
0.71 1703
0.71 1702
0.71 1701
0.71 1700
0.71 1699
0.71 1698
0.71 1697
0.71 1696
0.71 1695
0.71 1694
0.71 1693
0.71 1692
0.71 1691
0.71 1690
0.71 1689
0.71 1688
0.71 1687
0.71 1686
0.71 1685
0.71 1684
0.71 1683
0.71 1682
0.71 1681
0.71 1680
0.71 1679
0.71 1678
0.71 1677
0.71 1676
0.71 1675
0.71 1674
0.71 1673
0.71 1672
0.71 1671
0.71 1670
0.71 1669
0.71 1668
0.71 1667
0.71 1666
0.71 1665
0.71 1664
0.71 1663
0.71 1662
0.71 1661
0.71 1660
0.71 1659
0.71 1658
0.71 1657
0.71 1656
0.71 1655
0.71 1654
0.71 1653
0.71 1652
0.71 1651
0.71 1650
0.71 1649
0.71 1648
0.71 1647
0.71 1646
0.71 1645
0.71 1644
0.71 1643
0.71 1642
0.71 1641
0.71 1640
0.71 1639
0.71 1638
0.71 1637
0.71 1636
0.72 1635
0.72 1634
0.72 1633
0.72 1632
0.72 1631
0.72 1630
0.72 1629
0.72 1628
0.72 1627
0.72 1626
0.72 1625
0.72 1624
0.72 1623
0.72 1622
0.72 1621
0.72 1620
0.72 1619
0.72 1618
0.72 1617
0.72 1616
0.72 1615
0.72 1614
0.72 1613
0.72 1612
0.72 1611
0.72 1610
0.72 1609
0.72 1608
0.72 1607
0.72 1606
0.72 1605
0.72 1604
0.72 1603
0.72 1602
0.72 1601
0.72 1600
0.72 1599
0.72 1598
0.72 1597
0.72 1596
0.72 1595
0.72 1594
0.72 1593
0.72 1592
0.72 1591
0.72 1590
0.72 1589
0.74 1588
0.74 1587
0.74 1586
0.74 1585
0.74 1584
0.74 1583
0.74 1582
0.74 1581
0.74 1580
0.74 1579
0.74 1578
0.74 1577
0.74 1576
0.74 1575
0.74 1574
0.74 1573
0.74 1572
0.74 1571
0.74 1570
0.74 1569
0.74 1568
0.74 1567
0.74 1566
0.74 1565
0.74 1564
0.74 1563
0.74 1562
0.74 1561
0.74 1560
0.74 1559
0.74 1558
0.74 1557
0.74 1556
0.74 1555
0.74 1554
0.74 1553
0.76 1552
0.76 1551
0.76 1550
0.76 1549
0.76 1548
0.76 1547
0.76 1546
0.76 1545
0.76 1544
0.76 1543
0.76 1542
0.76 1541
0.76 1540
0.76 1539
0.76 1538
0.76 1537
0.76 1536
0.76 1535
0.76 1534
0.76 1533
0.76 1532
0.76 1531
0.76 1530
0.76 1529
0.76 1528
0.76 1527
0.76 1526
0.76 1525
0.76 1524
0.76 1523
0.76 1522
0.76 1521
0.76 1520
0.76 1519
0.76 1518
0.76 1517
0.76 1516
0.77 1515
0.77 1514
0.77 1513
0.77 1512
0.77 1511
0.77 1510
0.77 1509
0.77 1508
0.77 1507
0.77 1506
0.77 1505
0.77 1504
0.77 1503
0.77 1502
0.77 1501
0.77 1500
0.77 1499
0.77 1498
0.77 1497
0.77 1496
0.77 1495
0.77 1494
0.77 1493
0.77 1492
0.77 1491
0.77 1490
0.77 1489
0.77 1488
0.77 1487
0.77 1486
0.77 1485
0.77 1484
0.77 1483
0.77 1482
0.79 1481
0.79 1480
0.79 1479
0.79 1478
0.79 1477
0.79 1476
0.79 1475
0.79 1474
0.79 1473
0.79 1472
0.79 1471
0.79 1470
0.79 1469
0.79 1468
0.79 1467
0.79 1466
0.79 1465
0.79 1464
0.79 1463
0.79 1462
0.79 1461
0.79 1460
0.79 1459
0.79 1458
0.79 1457
0.79 1456
0.79 1455
0.79 1454
0.79 1453
0.79 1452
0.79 1451
0.79 1450
0.79 1449
0.79 1448
0.81 1447
0.81 1446
0.81 1445
0.81 1444
0.81 1443
0.81 1442
0.81 1441
0.81 1440
0.81 1439
0.81 1438
0.81 1437
0.81 1436
0.81 1435
0.81 1434
0.81 1433
0.81 1432
0.81 1431
0.81 1430
0.81 1429
0.81 1428
0.81 1427
0.81 1426
0.81 1425
0.81 1424
0.81 1423
0.81 1422
0.81 1421
0.81 1420
0.81 1419
0.81 1418
0.81 1417
0.81 1416
0.81 1415
0.81 1414
0.81 1413
0.81 1412
0.81 1411
0.81 1410
0.81 1409
0.82 1408
0.82 1407
0.82 1406
0.82 1405
0.82 1404
0.82 1403
0.82 1402
0.82 1401
0.82 1400
0.82 1399
0.82 1398
0.82 1397
0.82 1396
0.82 1395
0.82 1394
0.82 1393
0.82 1392
0.82 1391
0.82 1390
0.82 1389
0.82 1388
0.82 1387
0.82 1386
0.82 1385
0.82 1384
0.82 1383
0.82 1382
0.82 1381
0.84 1380
0.84 1379
0.84 1378
0.84 1377
0.84 1376
0.84 1375
0.84 1374
0.84 1373
0.84 1372
0.84 1371
0.84 1370
0.84 1369
0.84 1368
0.84 1367
0.84 1366
0.84 1365
0.84 1364
0.84 1363
0.84 1362
0.84 1361
0.84 1360
0.84 1359
0.84 1358
0.84 1357
0.84 1356
0.84 1355
0.84 1354
0.84 1353
0.84 1352
0.84 1351
0.84 1350
0.86 1349
0.86 1348
0.86 1347
0.86 1346
0.86 1345
0.86 1344
0.86 1343
0.86 1342
0.86 1341
0.86 1340
0.86 1339
0.86 1338
0.86 1337
0.86 1336
0.86 1335
0.86 1334
0.86 1333
0.86 1332
0.86 1331
0.86 1330
0.86 1329
0.86 1328
0.86 1327
0.86 1326
0.86 1325
0.87 1324
0.87 1323
0.87 1322
0.87 1321
0.87 1320
0.87 1319
0.87 1318
0.87 1317
0.87 1316
0.87 1315
0.87 1314
0.89 1313
0.89 1312
0.89 1311
0.89 1310
0.89 1309
0.89 1308
0.89 1307
0.89 1306
0.89 1305
0.89 1304
0.89 1303
0.89 1302
0.89 1301
0.89 1300
0.91 1299
0.91 1298
0.91 1297
0.91 1296
0.91 1295
0.91 1294
0.91 1293
0.91 1292
0.91 1291
0.92 1290
0.92 1289
0.92 1288
0.92 1287
0.92 1286
0.92 1285
0.92 1284
0.92 1283
0.92 1282
0.92 1281
0.92 1280
0.92 1279
0.92 1278
0.92 1277
0.94 1276
0.94 1275
0.94 1274
0.94 1273
0.96 1272
0.96 1271
0.96 1270
0.96 1269
0.96 1268
0.96 1267
0.97 1266
0.97 1265
0.97 1264
0.97 1263
0.97 1262
0.97 1261
0.97 1260
0.97 1259
0.97 1258
0.97 1257
0.97 1256
0.97 1255
0.99 1254
0.99 1253
0.99 1252
0.99 1251
0.99 1250
1.01 1249
1.01 1248
1.01 1247
1.01 1246
1.01 1245
1.01 1244
1.01 1243
1.01 1242
1.01 1241
1.01 1240
1.01 1239
1.01 1238
1.01 1237
1.02 1236
1.02 1235
1.02 1234
1.02 1233
1.02 1232
1.02 1231
1.04 1230
1.04 1229
1.04 1228
1.04 1227
1.04 1226
1.04 1225
1.06 1224
1.06 1223
1.06 1222
1.06 1221
1.06 1220
1.06 1219
1.06 1218
1.06 1217
1.06 1216
1.07 1215
1.09 1214
1.09 1213
1.09 1212
1.12 1211
1.12 1210
1.14 1209
1.14 1208
1.14 1207
1.14 1206
1.14 1205
1.14 1204
1.14 1203
1.14 1202
1.14 1201
1.14 1200
1.16 1199
1.16 1198
1.16 1197
1.16 1196
1.16 1195
1.16 1194
1.24 1193
1.24 1192
1.24 1191
1.24 1190
1.37 1189
1.39 1188
1.40 1187
1.40 1186
1.40 1185
1.40 1184
1.40 1183
1.56 1182
1.58 1181
1.58 1180
1.58 1179
1.58 1178
1.58 1177
1.58 1176
1.58 1175
1.58 1174
1.60 1173
1.60 1172
1.60 1171
1.60 1170
1.64 1169
1.64 1168
1.64 1167
1.64 1166
1.64 1165
1.64 1164
1.64 1163
1.70 1162
1.71 1161
1.71 1160
1.77 1159
1.82 1158
1.82 1157
1.82 1156
1.83 1155
1.83 1154
1.83 1153
2.10 1152
2.10 1151
2.12 1150
2.12 1149
2.13 1148
2.13 1147
2.13 1146
2.13 1145
2.15 1144
2.15 1143
2.15 1142
2.15 1141
2.15 1140
2.15 1139
2.15 1138
2.15 1137
2.15 1136
2.15 1135
2.15 1134
2.16 1133
2.16 1132
2.16 1131
2.16 1130
2.16 1129
2.16 1128
2.21 1127
2.34 1126
2.34 1125
2.35 1124
2.35 1123
2.35 1122
2.35 1121
2.35 1120
2.37 1119
2.37 1118
2.37 1117
2.37 1116
2.39 1115
2.48 1114
2.53 1113
2.53 1112
2.58 1111
2.58 1110
2.58 1109
2.58 1108
2.59 1107
2.61 1106
2.61 1105
2.61 1104
2.61 1103
2.61 1102
2.64 1101
2.64 1100
2.70 1099
2.70 1098
2.70 1097
2.73 1096
2.83 1095
2.83 1094
2.83 1093
2.83 1092
2.84 1091
2.84 1090
2.84 1089
2.84 1088
2.84 1087
2.84 1086
2.84 1085
2.84 1084
2.84 1083
2.91 1082
2.97 1081
2.97 1080
2.97 1079
3.26 1078
3.34 1077
3.34 1076
3.35 1075
3.35 1074
3.35 1073
3.36 1072
3.39 1071
3.39 1070
3.40 1069
3.40 1068
3.40 1067
3.40 1066
3.40 1065
3.48 1064
3.67 1063
3.67 1062
3.67 1061
3.69 1060
3.71 1059
3.71 1058
3.72 1057
3.72 1056
3.72 1055
3.72 1054
3.79 1053
3.79 1052
3.79 1051
3.79 1050
3.97 1049
3.97 1048
3.97 1047
3.97 1046
3.97 1045
3.97 1044
3.97 1043
3.99 1042
3.99 1041
3.99 1040
3.99 1039
4.35 1038
4.35 1037
4.36 1036
4.36 1035
4.36 1034
4.36 1033
4.43 1032
4.43 1031
4.48 1030
4.48 1029
4.54 1028
4.56 1027
4.56 1026
4.70 1025
4.70 1024
4.73 1023
4.75 1022
4.75 1021
4.77 1020
4.78 1019
4.78 1018
4.80 1017
4.86 1016
4.93 1015
4.93 1014
4.93 1013
4.99 1012
4.99 1011
4.99 1010
5.01 1009
5.01 1008
5.05 1007
5.13 1006
5.56 1005
5.58 1004
6.03 1003
6.62 1002
6.67 1001
6.77 1000
