0.00 3736
0.01 3735
0.01 3734
0.01 3733
0.01 3732
0.01 3731
0.01 3730
0.01 3729
2.96 2499
2.96 2498
2.96 2497
2.96 2496
2.96 2495
2.96 2494
2.96 2493
2.96 2492
2.96 2491
2.96 2490
2.96 2489
3.18 2452
3.19 2444
3.19 2443
3.21 2441
3.21 2440
3.21 2439
3.21 2438
3.21 2437
3.21 2436
3.21 2435
3.37 2434
3.37 2433
3.37 2432
3.37 2431
3.37 2430
3.37 2429
3.37 2428
3.37 2427
3.37 2426
3.37 2425
3.37 2424
3.38 2413
3.43 2407
3.43 2406
3.43 2405
3.43 2404
3.43 2403
3.49 2402
3.49 2401
3.49 2400
3.49 2399
3.49 2398
3.49 2397
3.49 2396
3.49 2395
3.49 2394
3.65 2385
3.65 2384
3.65 2383
3.65 2382
3.67 2381
3.67 2380
3.67 2379
3.68 2376
3.68 2375
3.68 2374
3.68 2373
3.68 2372
3.68 2371
3.68 2370
3.83 2369
3.83 2368
3.83 2360
3.83 2359
3.83 2358
3.93 2357
3.93 2356
3.93 2355
3.93 2354
3.93 2353
3.93 2352
3.93 2351
3.94 2350
3.94 2349
3.94 2348
3.94 2347
3.94 2346
3.94 2345
3.99 2344
4.05 2343
4.05 2342
4.10 2341
4.10 2340
4.10 2339
4.10 2338
4.15 2337
4.15 2336
4.15 2335
4.15 2334
4.15 2333
4.16 2332
4.16 2331
4.16 2330
4.16 2329
4.16 2328
4.16 2327
4.16 2326
4.23 2325
4.23 2324
4.23 2323
4.23 2322
4.23 2321
4.23 2320
4.23 2319
4.23 2318
4.23 2317
4.23 2316
4.23 2315
4.23 2314
4.23 2313
4.23 2312
4.57 2311
4.57 2310
4.57 2309
4.59 2308
4.59 2307
4.59 2306
4.59 2305
4.59 2304
4.59 2303
4.59 2302
4.59 2301
4.64 2300
4.64 2299
4.64 2298
4.64 2297
4.64 2296
4.64 2295
4.64 2294
4.64 2293
4.64 2292
4.64 2291
4.64 2290
4.64 2289
4.73 2288
4.73 2287
4.73 2286
4.86 2285
4.86 2284
4.86 2283
4.86 2282
4.88 2281
4.88 2280
4.88 2279
4.90 2278
4.90 2277
4.90 2276
4.90 2275
4.90 2274
5.00 2273
5.00 2272
5.00 2271
5.05 2270
5.05 2269
5.16 2268
5.16 2267
5.34 2266
5.34 2265
5.34 2264
5.36 2263
5.36 2262
5.37 2261
5.37 2260
5.37 2259
5.42 2258
5.42 2257
5.42 2256
5.43 2255
5.43 2254
5.43 2253
5.43 2252
5.66 2251
5.66 2250
5.82 2249
5.82 2248
5.82 2247
5.82 2246
5.85 2245
5.85 2244
5.85 2243
5.86 2242
5.88 2241
5.88 2240
5.88 2239
5.88 2238
6.15 2237
6.15 2236
6.24 2235
6.26 2234
6.67 2233
7.26 2232
