0.00 1960
0.63 1959
0.63 1958
0.63 1957
0.63 1956
0.63 1955
0.63 1954
0.63 1953
0.63 1952
0.63 1951
0.63 1950
0.63 1949
0.63 1948
0.63 1947
0.63 1946
0.63 1945
0.63 1944
0.63 1943
0.63 1942
0.63 1941
0.63 1940
0.63 1939
0.63 1938
0.63 1937
0.63 1936
0.63 1935
0.63 1934
0.63 1933
0.63 1932
0.63 1931
0.63 1930
0.63 1929
0.63 1928
0.63 1927
0.63 1926
0.63 1925
0.63 1924
0.63 1923
0.63 1922
0.63 1921
0.63 1920
0.63 1919
0.63 1918
0.63 1917
0.63 1916
0.63 1915
0.63 1914
0.64 1913
0.65 1912
0.65 1911
0.65 1910
0.65 1909
0.65 1908
0.65 1907
0.65 1906
0.65 1905
0.65 1904
0.65 1903
0.65 1902
0.65 1901
0.65 1900
0.65 1899
0.65 1898
0.65 1897
0.65 1896
0.65 1895
0.65 1894
0.65 1893
0.65 1892
0.65 1891
0.65 1890
0.65 1889
0.65 1888
0.65 1887
0.65 1886
0.65 1885
0.65 1884
0.65 1883
0.65 1882
0.65 1881
0.65 1880
0.65 1879
0.65 1878
0.65 1877
0.65 1876
0.65 1875
0.65 1874
0.65 1873
0.65 1872
0.65 1871
0.65 1870
0.65 1869
0.65 1868
0.65 1867
0.65 1866
0.65 1865
0.65 1864
0.65 1863
0.65 1862
0.65 1861
0.65 1860
0.65 1859
0.65 1858
0.65 1857
0.65 1856
0.65 1855
0.65 1854
0.65 1853
0.65 1852
0.65 1851
0.65 1850
0.65 1849
0.65 1848
0.65 1847
0.65 1846
0.65 1845
0.65 1844
0.65 1843
0.65 1842
0.65 1841
0.65 1840
0.65 1839
0.65 1838
0.65 1837
0.65 1836
0.65 1835
0.65 1834
0.65 1833
0.65 1832
0.65 1831
0.65 1830
0.65 1829
0.66 1828
0.66 1827
0.66 1826
0.66 1825
0.66 1824
0.66 1823
0.66 1822
0.66 1821
0.66 1820
0.66 1819
0.66 1818
0.66 1817
0.66 1816
0.66 1815
0.66 1814
0.66 1813
0.66 1812
0.66 1811
0.66 1810
0.66 1809
0.66 1808
0.66 1807
0.66 1806
0.66 1805
0.66 1804
0.66 1803
0.66 1802
0.66 1801
0.66 1800
0.66 1799
0.66 1798
0.66 1797
0.66 1796
0.66 1795
0.66 1794
0.66 1793
0.66 1792
0.66 1791
0.66 1790
0.66 1789
0.66 1788
0.66 1787
0.66 1786
0.66 1785
0.66 1784
0.66 1783
0.66 1782
0.66 1781
0.66 1780
0.66 1779
0.66 1778
0.66 1777
0.66 1776
0.66 1775
0.66 1774
0.66 1773
0.66 1772
0.66 1771
0.66 1770
0.66 1769
0.66 1768
0.66 1767
0.66 1766
0.66 1765
0.66 1764
0.66 1763
0.66 1762
0.66 1761
0.66 1760
0.66 1759
0.66 1758
0.66 1757
0.66 1756
0.66 1755
0.66 1754
0.66 1753
0.66 1752
0.66 1751
0.66 1750
0.66 1749
0.66 1748
0.66 1747
0.66 1746
0.66 1745
0.66 1744
0.68 1743
0.68 1742
0.68 1741
0.68 1740
0.68 1739
0.68 1738
0.68 1737
0.68 1736
0.68 1735
0.68 1734
0.68 1733
0.68 1732
0.68 1731
0.68 1730
0.68 1729
0.68 1728
0.68 1727
0.68 1726
0.68 1725
0.68 1724
0.68 1723
0.68 1722
0.68 1721
0.68 1720
0.68 1719
0.68 1718
0.68 1717
0.68 1716
0.68 1715
0.68 1714
0.68 1713
0.68 1712
0.68 1711
0.68 1710
0.68 1709
0.68 1708
0.68 1707
0.68 1706
0.68 1705
0.68 1704
0.68 1703
0.68 1702
0.68 1701
0.68 1700
0.68 1699
0.68 1698
0.68 1697
0.68 1696
0.68 1695
0.68 1694
0.68 1693
0.68 1692
0.68 1691
0.68 1690
0.68 1689
0.68 1688
0.68 1687
0.68 1686
0.68 1685
0.68 1684
0.68 1683
0.68 1682
0.68 1681
0.68 1680
0.68 1679
0.68 1678
0.68 1677
0.68 1676
0.68 1675
0.68 1674
0.68 1673
0.68 1672
0.68 1671
0.68 1670
0.68 1669
0.68 1668
0.68 1667
0.68 1666
0.69 1665
0.70 1664
0.70 1663
0.70 1662
0.70 1661
0.70 1660
0.70 1659
0.70 1658
0.70 1657
0.70 1656
0.70 1655
0.70 1654
0.70 1653
0.70 1652
0.70 1651
0.70 1650
0.70 1649
0.70 1648
0.70 1647
0.70 1646
0.70 1645
0.70 1644
0.70 1643
0.70 1642
0.70 1641
0.70 1640
0.70 1639
0.70 1638
0.70 1637
0.70 1636
0.70 1635
0.70 1634
0.70 1633
0.70 1632
0.70 1631
0.70 1630
0.70 1629
0.70 1628
0.70 1627
0.70 1626
0.70 1625
0.70 1624
0.71 1623
0.71 1622
0.71 1621
0.71 1620
0.71 1619
0.71 1618
0.71 1617
0.71 1616
0.71 1615
0.71 1614
0.71 1613
0.71 1612
0.71 1611
0.71 1610
0.71 1609
0.71 1608
0.71 1607
0.71 1606
0.71 1605
0.71 1604
0.71 1603
0.71 1602
0.71 1601
0.71 1600
0.71 1599
0.71 1598
0.71 1597
0.71 1596
0.71 1595
0.71 1594
0.71 1593
0.71 1592
0.71 1591
0.71 1590
0.71 1589
0.71 1588
0.71 1587
0.71 1586
0.71 1585
0.73 1584
0.73 1583
0.73 1582
0.73 1581
0.73 1580
0.73 1579
0.73 1578
0.73 1577
0.73 1576
0.73 1575
0.73 1574
0.73 1573
0.73 1572
0.73 1571
0.73 1570
0.73 1569
0.73 1568
0.73 1567
0.73 1566
0.73 1565
0.73 1564
0.73 1563
0.73 1562
0.73 1561
0.73 1560
0.73 1559
0.73 1558
0.73 1557
0.73 1556
0.73 1555
0.73 1554
0.73 1553
0.73 1552
0.73 1551
0.73 1550
0.73 1549
0.73 1548
0.73 1547
0.73 1546
0.73 1545
0.73 1544
0.73 1543
0.73 1542
0.73 1541
0.73 1540
0.73 1539
0.73 1538
0.74 1537
0.74 1536
0.75 1535
0.75 1534
0.75 1533
0.75 1532
0.75 1531
0.75 1530
0.75 1529
0.75 1528
0.75 1527
0.75 1526
0.75 1525
0.75 1524
0.75 1523
0.75 1522
0.75 1521
0.75 1520
0.75 1519
0.75 1518
0.75 1517
0.75 1516
0.75 1515
0.75 1514
0.75 1513
0.75 1512
0.75 1511
0.75 1510
0.75 1509
0.75 1508
0.75 1507
0.75 1506
0.75 1505
0.75 1504
0.75 1503
0.75 1502
0.75 1501
0.75 1500
0.75 1499
0.75 1498
0.75 1497
0.75 1496
0.76 1495
0.76 1494
0.76 1493
0.76 1492
0.76 1491
0.76 1490
0.76 1489
0.76 1488
0.76 1487
0.76 1486
0.76 1485
0.76 1484
0.76 1483
0.76 1482
0.76 1481
0.76 1480
0.76 1479
0.76 1478
0.76 1477
0.76 1476
0.76 1475
0.76 1474
0.76 1473
0.76 1472
0.76 1471
0.76 1470
0.76 1469
0.76 1468
0.76 1467
0.78 1466
0.78 1465
0.78 1464
0.78 1463
0.78 1462
0.78 1461
0.78 1460
0.78 1459
0.78 1458
0.78 1457
0.78 1456
0.78 1455
0.78 1454
0.78 1453
0.78 1452
0.78 1451
0.78 1450
0.78 1449
0.78 1448
0.78 1447
0.78 1446
0.78 1445
0.78 1444
0.78 1443
0.78 1442
0.78 1441
0.78 1440
0.78 1439
0.78 1438
0.78 1437
0.78 1436
0.78 1435
0.78 1434
0.78 1433
0.78 1432
0.78 1431
0.78 1430
0.78 1429
0.78 1428
0.78 1427
0.79 1426
0.80 1425
0.80 1424
0.80 1423
0.80 1422
0.80 1421
0.80 1420
0.80 1419
0.80 1418
0.80 1417
0.80 1416
0.80 1415
0.80 1414
0.80 1413
0.80 1412
0.80 1411
0.80 1410
0.80 1409
0.80 1408
0.80 1407
0.80 1406
0.80 1405
0.80 1404
0.80 1403
0.80 1402
0.80 1401
0.80 1400
0.80 1399
0.80 1398
0.80 1397
0.80 1396
0.80 1395
0.80 1394
0.80 1393
0.81 1392
0.81 1391
0.81 1390
0.81 1389
0.81 1388
0.81 1387
0.81 1386
0.81 1385
0.81 1384
0.81 1383
0.81 1382
0.81 1381
0.81 1380
0.81 1379
0.81 1378
0.81 1377
0.81 1376
0.81 1375
0.81 1374
0.81 1373
0.81 1372
0.81 1371
0.81 1370
0.81 1369
0.81 1368
0.81 1367
0.81 1366
0.81 1365
0.83 1364
0.83 1363
0.83 1362
0.83 1361
0.83 1360
0.83 1359
0.83 1358
0.83 1357
0.83 1356
0.83 1355
0.83 1354
0.83 1353
0.83 1352
0.83 1351
0.84 1350
0.84 1349
0.84 1348
0.84 1347
0.84 1346
0.84 1345
0.84 1344
0.84 1343
0.84 1342
0.84 1341
0.84 1340
0.84 1339
0.84 1338
0.85 1337
0.85 1336
0.85 1335
0.85 1334
0.85 1333
0.85 1332
0.85 1331
0.85 1330
0.85 1329
0.85 1328
0.85 1327
0.85 1326
0.85 1325
0.85 1324
0.85 1323
0.85 1322
0.85 1321
0.85 1320
0.85 1319
0.85 1318
0.85 1317
0.85 1316
0.85 1315
0.85 1314
0.85 1313
0.85 1312
0.85 1311
0.86 1310
0.86 1309
0.86 1308
0.86 1307
0.86 1306
0.86 1305
0.86 1304
0.86 1303
0.86 1302
0.86 1301
0.86 1300
0.86 1299
0.86 1298
0.86 1297
0.86 1296
0.86 1295
0.86 1294
0.86 1293
0.86 1292
0.86 1291
0.86 1290
0.88 1289
0.88 1288
0.88 1287
0.88 1286
0.88 1285
0.88 1284
0.88 1283
0.88 1282
0.88 1281
0.88 1280
0.88 1279
0.88 1278
0.88 1277
0.88 1276
0.88 1275
0.88 1274
0.88 1273
0.88 1272
0.89 1271
0.90 1270
0.90 1269
0.90 1268
0.90 1267
0.90 1266
0.90 1265
0.90 1264
0.90 1263
0.91 1262
0.91 1261
0.91 1260
0.91 1259
0.91 1258
0.91 1257
0.91 1256
0.91 1255
0.91 1254
0.91 1253
0.93 1252
0.93 1251
0.94 1250
0.94 1249
0.94 1248
0.94 1247
0.94 1246
0.95 1245
0.95 1244
0.95 1243
0.95 1242
0.95 1241
0.95 1240
0.95 1239
0.95 1238
0.95 1237
0.95 1236
0.95 1235
0.95 1234
0.96 1233
0.96 1232
0.96 1231
0.96 1230
0.96 1229
0.96 1228
1.03 1227
1.03 1226
1.03 1225
1.03 1224
1.03 1223
1.03 1222
1.03 1221
1.03 1220
1.03 1219
1.03 1218
1.06 1217
1.10 1216
1.10 1215
1.10 1214
1.10 1213
1.10 1212
1.10 1211
1.10 1210
1.10 1209
1.14 1208
1.14 1207
1.14 1206
1.15 1205
1.16 1204
1.16 1203
1.16 1202
1.16 1201
1.16 1200
1.16 1199
1.16 1198
1.16 1197
1.18 1196
1.18 1195
1.18 1194
1.18 1193
1.18 1192
1.18 1191
1.18 1190
1.35 1189
1.35 1188
1.35 1187
1.35 1186
1.35 1185
1.35 1184
1.35 1183
1.36 1182
1.36 1181
1.42 1180
1.42 1179
1.43 1178
1.43 1177
1.44 1176
1.44 1175
1.44 1174
1.44 1173
1.44 1172
1.44 1171
1.45 1170
1.45 1169
1.45 1168
1.45 1167
1.45 1166
1.45 1165
1.45 1164
1.45 1163
1.48 1162
1.48 1161
1.49 1160
1.49 1159
1.49 1158
1.49 1157
1.49 1156
1.49 1155
1.49 1154
1.49 1153
1.49 1152
1.54 1151
1.54 1150
1.54 1149
1.54 1148
1.57 1147
1.57 1146
1.59 1145
1.59 1144
1.60 1143
1.60 1142
1.60 1141
1.62 1140
1.64 1139
1.70 1138
1.70 1137
1.70 1136
1.78 1135
1.78 1134
1.78 1133
1.78 1132
1.78 1131
1.79 1130
1.79 1129
1.81 1128
1.81 1127
1.83 1126
1.83 1125
1.89 1124
1.89 1123
2.08 1122
2.08 1121
2.08 1120
2.08 1119
2.08 1118
2.08 1117
2.08 1116
2.09 1115
2.09 1114
2.09 1113
2.41 1112
2.41 1111
2.41 1110
2.41 1109
2.41 1108
2.41 1107
2.43 1106
2.44 1105
2.48 1104
2.48 1103
2.48 1102
2.50 1101
2.50 1100
2.51 1099
2.56 1098
2.56 1097
2.56 1096
2.56 1095
2.56 1094
2.56 1093
2.56 1092
2.56 1091
2.56 1090
2.57 1089
2.57 1088
2.57 1087
2.57 1086
2.59 1085
2.59 1084
2.59 1083
2.75 1082
2.75 1081
2.75 1080
2.75 1079
2.75 1078
2.75 1077
2.76 1076
2.78 1075
2.78 1074
2.78 1073
2.78 1072
2.90 1071
2.90 1070
2.90 1069
2.98 1068
2.98 1067
3.00 1066
3.00 1065
3.06 1064
3.06 1063
3.06 1062
3.07 1061
3.07 1060
3.07 1059
3.07 1058
3.07 1057
3.07 1056
3.07 1055
3.08 1054
3.09 1053
3.11 1052
3.45 1051
3.45 1050
3.48 1049
3.48 1048
3.48 1047
3.48 1046
3.48 1045
3.64 1044
3.64 1043
3.65 1042
3.65 1041
3.72 1040
3.72 1039
3.73 1038
3.75 1037
3.75 1036
3.75 1035
3.75 1034
3.75 1033
3.75 1032
3.75 1031
3.79 1030
3.80 1029
3.81 1028
3.81 1027
3.81 1026
3.84 1025
3.84 1024
3.84 1023
3.85 1022
3.86 1021
3.86 1020
3.86 1019
4.27 1018
4.28 1017
4.28 1016
4.29 1015
4.36 1014
4.36 1013
4.37 1012
4.37 1011
4.37 1010
4.37 1009
4.37 1008
4.37 1007
4.39 1006
4.39 1005
4.39 1004
4.83 1003
4.86 1002
4.86 1001
4.93 1000
4.93 999
4.93 998
4.95 997
5.06 996
5.06 995
5.08 994
5.38 993
5.41 992
5.42 991
5.42 990
5.49 989
5.69 988
5.72 987
5.72 986
5.78 985
5.78 984
5.85 983
6.42 982
6.68 981
6.70 980
