0.00 1972
0.26 1971
0.26 1970
0.26 1969
0.26 1968
0.26 1967
0.26 1966
0.26 1965
0.26 1964
0.26 1963
0.26 1962
0.26 1961
0.26 1960
0.26 1959
0.26 1958
0.26 1957
0.26 1956
0.26 1955
0.26 1954
0.26 1953
0.26 1952
0.26 1951
0.26 1950
1.33 1864
1.67 1853
1.67 1852
1.68 1851
1.98 1850
1.98 1849
1.98 1848
1.98 1847
1.98 1846
1.98 1845
1.98 1844
1.98 1843
2.40 1841
2.40 1840
2.88 1839
2.92 1838
2.93 1837
2.94 1836
3.00 1835
3.13 1834
3.13 1833
3.26 1832
3.26 1831
3.26 1830
3.27 1829
3.27 1828
4.30 1827
4.32 1826
4.32 1825
4.32 1824
4.44 1823
4.49 1822
