0.00 5678
3.59 4209
3.59 4208
3.59 4207
3.62 4194
3.62 4193
3.62 4192
3.62 4191
3.62 4190
3.62 4189
3.62 4188
3.62 4187
3.62 4186
3.62 4185
3.69 4172
3.69 4171
3.69 4170
3.69 4169
3.69 4168
3.69 4167
3.69 4166
3.84 4164
3.92 4152
3.92 4151
3.92 4150
3.92 4149
3.92 4148
3.92 4147
3.92 4146
3.92 4145
3.92 4144
3.92 4143
3.92 4142
3.92 4141
3.92 4140
3.92 4139
4.05 4129
4.05 4128
4.05 4127
4.05 4126
4.06 4125
4.06 4124
4.06 4123
4.06 4122
4.06 4121
4.06 4120
4.06 4119
4.06 4118
4.06 4117
4.06 4116
4.06 4115
4.06 4114
4.06 4113
4.10 4111
4.10 4110
4.18 4109
4.18 4108
4.18 4107
4.18 4106
4.18 4105
4.24 4104
4.24 4103
4.26 4102
4.26 4101
4.26 4100
4.26 4099
4.26 4098
4.26 4097
4.26 4096
4.26 4095
4.26 4094
4.26 4093
4.26 4092
4.28 4091
4.28 4090
4.28 4089
4.28 4088
4.28 4087
4.28 4086
4.28 4085
4.28 4084
4.28 4083
4.28 4082
4.28 4081
4.28 4080
4.28 4079
4.28 4078
4.28 4077
4.28 4076
4.28 4075
4.28 4074
4.28 4073
4.28 4072
4.28 4071
4.46 4070
4.46 4069
4.46 4068
4.46 4067
4.46 4066
4.48 4065
4.56 4064
4.56 4063
4.56 4062
4.56 4061
4.56 4060
4.56 4059
4.56 4058
4.58 4057
4.58 4056
4.58 4055
4.58 4054
4.58 4053
4.58 4052
4.61 4051
4.61 4050
4.61 4049
4.61 4048
4.61 4047
4.62 4046
4.62 4045
4.62 4044
4.62 4043
4.62 4042
4.62 4041
4.62 4040
4.72 4039
4.72 4038
4.72 4037
4.72 4036
4.72 4035
4.72 4034
4.72 4033
4.72 4032
4.72 4031
4.72 4030
4.72 4029
4.72 4028
4.75 4027
4.75 4026
4.75 4025
4.75 4024
4.86 4023
4.86 4022
4.86 4021
4.86 4020
4.86 4019
4.86 4018
4.86 4017
4.97 4016
4.97 4015
4.97 4014
4.97 4013
4.97 4012
4.97 4011
4.97 4010
4.97 4009
4.99 4008
4.99 4007
4.99 4006
4.99 4005
4.99 4004
4.99 4003
4.99 4002
5.00 4001
5.00 4000
5.00 3999
5.00 3998
5.00 3997
5.17 3996
5.18 3995
5.18 3994
5.18 3993
5.39 3992
5.40 3991
5.40 3990
5.40 3989
5.47 3988
5.47 3987
5.47 3986
5.47 3985
5.47 3984
5.47 3983
5.47 3982
5.55 3981
5.55 3980
5.55 3979
5.55 3978
5.55 3977
5.56 3976
5.57 3975
5.57 3974
5.57 3973
5.57 3972
5.67 3971
5.67 3970
5.67 3969
5.78 3968
5.78 3967
5.78 3966
5.78 3965
5.78 3964
5.84 3963
5.94 3962
5.94 3961
5.95 3960
5.95 3959
6.07 3958
6.07 3957
6.07 3956
6.17 3955
6.25 3954
6.37 3953
6.37 3952
6.39 3951
6.42 3950
6.72 3949
6.82 3948
6.91 3947
