0.00 2000
0.65 1999
0.65 1998
0.65 1997
0.65 1996
0.65 1995
0.65 1994
0.65 1993
0.65 1992
0.65 1991
0.65 1990
0.67 1989
0.67 1988
0.67 1987
0.67 1986
0.67 1985
0.67 1984
0.67 1983
0.67 1982
0.67 1981
0.67 1980
0.67 1979
0.67 1968
0.67 1967
0.67 1966
0.67 1965
0.67 1964
0.67 1963
0.67 1962
0.67 1961
0.67 1960
0.67 1959
0.67 1958
0.67 1957
0.67 1956
0.67 1955
0.67 1954
0.67 1953
0.67 1952
0.67 1951
0.67 1950
0.67 1949
0.67 1948
0.67 1947
0.67 1946
0.67 1945
0.67 1944
0.67 1943
0.67 1942
0.67 1941
0.67 1940
0.67 1939
0.67 1938
0.67 1937
0.67 1936
0.67 1935
0.67 1934
0.67 1933
0.67 1932
0.67 1931
0.67 1930
0.67 1929
0.67 1928
0.67 1927
0.67 1926
0.67 1925
0.67 1924
0.67 1923
0.67 1922
0.67 1921
0.67 1920
0.67 1919
0.67 1918
0.67 1917
0.67 1916
0.67 1915
0.67 1914
0.68 1913
0.68 1912
0.68 1911
0.69 1910
0.69 1909
0.69 1908
0.69 1907
0.69 1906
0.69 1905
0.69 1904
0.69 1903
0.69 1902
0.69 1901
0.69 1900
0.69 1899
0.69 1898
0.69 1897
0.69 1896
0.69 1895
0.69 1894
0.69 1893
0.69 1892
0.69 1891
0.69 1890
0.69 1889
0.69 1888
0.69 1887
0.69 1886
0.69 1885
0.69 1884
0.69 1883
0.69 1882
0.69 1881
0.69 1880
0.69 1879
0.69 1878
0.69 1877
0.69 1876
0.69 1875
0.69 1874
0.69 1873
0.69 1872
0.69 1871
0.69 1870
0.69 1869
0.69 1868
0.69 1867
0.69 1866
0.69 1865
0.69 1864
0.69 1863
0.69 1862
0.69 1861
0.69 1860
0.69 1859
0.69 1858
0.69 1857
0.69 1856
0.69 1855
0.70 1854
0.70 1853
0.70 1852
0.70 1851
0.70 1850
0.70 1849
0.70 1848
0.70 1847
0.70 1846
0.70 1845
0.70 1844
0.70 1843
0.70 1842
0.70 1841
0.70 1840
0.70 1839
0.70 1838
0.70 1837
0.70 1836
0.70 1835
0.70 1834
0.70 1833
0.70 1832
0.70 1831
0.70 1830
0.70 1829
0.70 1828
0.70 1827
0.70 1826
0.70 1825
0.70 1824
0.70 1823
0.70 1822
0.70 1821
0.70 1820
0.70 1819
0.70 1818
0.70 1817
0.70 1816
0.70 1815
0.70 1814
0.70 1813
0.70 1812
0.70 1811
0.70 1810
0.70 1809
0.70 1808
0.70 1807
0.70 1806
0.70 1805
0.70 1804
0.70 1803
0.70 1802
0.70 1801
0.70 1800
0.70 1799
0.70 1798
0.70 1797
0.70 1796
0.70 1795
0.70 1794
0.70 1793
0.70 1792
0.70 1791
0.70 1790
0.70 1789
0.70 1788
0.70 1787
0.70 1786
0.70 1785
0.70 1784
0.70 1783
0.70 1782
0.70 1781
0.70 1780
0.70 1779
0.70 1778
0.70 1777
0.70 1776
0.70 1775
0.70 1774
0.70 1773
0.70 1772
0.70 1771
0.70 1770
0.70 1769
0.70 1768
0.70 1767
0.70 1766
0.70 1765
0.70 1764
0.70 1763
0.70 1762
0.70 1761
0.70 1760
0.70 1759
0.70 1758
0.70 1757
0.70 1756
0.70 1755
0.70 1754
0.70 1753
0.70 1752
0.70 1751
0.70 1750
0.70 1749
0.70 1748
0.70 1747
0.72 1746
0.72 1745
0.72 1744
0.72 1743
0.72 1742
0.72 1741
0.72 1740
0.72 1739
0.72 1738
0.72 1737
0.72 1736
0.72 1735
0.72 1734
0.72 1733
0.72 1732
0.72 1731
0.72 1730
0.72 1729
0.72 1728
0.72 1727
0.72 1726
0.72 1725
0.72 1724
0.72 1723
0.72 1722
0.72 1721
0.72 1720
0.72 1719
0.72 1718
0.72 1717
0.72 1716
0.72 1715
0.72 1714
0.72 1713
0.72 1712
0.72 1711
0.72 1710
0.72 1709
0.72 1708
0.72 1707
0.72 1706
0.72 1705
0.72 1704
0.72 1703
0.72 1702
0.72 1701
0.72 1700
0.72 1699
0.72 1698
0.72 1697
0.72 1696
0.72 1695
0.72 1694
0.72 1693
0.72 1692
0.72 1691
0.72 1690
0.72 1689
0.72 1688
0.72 1687
0.72 1686
0.72 1685
0.72 1684
0.72 1683
0.72 1682
0.72 1681
0.73 1680
0.73 1679
0.73 1678
0.73 1677
0.73 1676
0.74 1675
0.74 1674
0.74 1673
0.74 1672
0.74 1671
0.74 1670
0.74 1669
0.74 1668
0.74 1667
0.74 1666
0.74 1665
0.74 1664
0.74 1663
0.74 1662
0.74 1661
0.74 1660
0.74 1659
0.74 1658
0.74 1657
0.74 1656
0.74 1655
0.74 1654
0.74 1653
0.74 1652
0.74 1651
0.74 1650
0.74 1649
0.74 1648
0.74 1647
0.74 1646
0.74 1645
0.74 1644
0.74 1643
0.74 1642
0.74 1641
0.74 1640
0.74 1639
0.74 1638
0.74 1637
0.74 1636
0.74 1635
0.74 1634
0.74 1633
0.74 1632
0.74 1631
0.74 1630
0.74 1629
0.74 1628
0.74 1627
0.74 1626
0.74 1625
0.74 1624
0.74 1623
0.74 1622
0.74 1621
0.74 1620
0.74 1619
0.74 1618
0.74 1617
0.74 1616
0.74 1615
0.74 1614
0.74 1613
0.74 1612
0.74 1611
0.74 1610
0.75 1609
0.75 1608
0.75 1607
0.75 1606
0.75 1605
0.75 1604
0.75 1603
0.75 1602
0.75 1601
0.75 1600
0.75 1599
0.75 1598
0.75 1597
0.75 1596
0.75 1595
0.75 1594
0.75 1593
0.75 1592
0.75 1591
0.75 1590
0.75 1589
0.75 1588
0.75 1587
0.75 1586
0.75 1585
0.75 1584
0.75 1583
0.75 1582
0.75 1581
0.75 1580
0.75 1579
0.75 1578
0.75 1577
0.75 1576
0.75 1575
0.75 1574
0.75 1573
0.75 1572
0.75 1571
0.75 1570
0.75 1569
0.75 1568
0.75 1567
0.75 1566
0.75 1565
0.75 1564
0.75 1563
0.75 1562
0.75 1561
0.75 1560
0.75 1559
0.75 1558
0.75 1557
0.75 1556
0.75 1555
0.75 1554
0.75 1553
0.75 1552
0.75 1551
0.77 1550
0.77 1549
0.77 1548
0.77 1547
0.77 1546
0.77 1545
0.77 1544
0.77 1543
0.77 1542
0.77 1541
0.77 1540
0.77 1539
0.77 1538
0.77 1537
0.77 1536
0.77 1535
0.77 1534
0.77 1533
0.77 1532
0.77 1531
0.77 1530
0.77 1529
0.77 1528
0.77 1527
0.77 1526
0.77 1525
0.77 1524
0.77 1523
0.77 1522
0.77 1521
0.77 1520
0.77 1519
0.77 1518
0.77 1517
0.77 1516
0.77 1515
0.77 1514
0.77 1513
0.77 1512
0.77 1511
0.77 1510
0.77 1509
0.77 1508
0.77 1507
0.77 1506
0.77 1505
0.77 1504
0.77 1503
0.77 1502
0.77 1501
0.77 1500
0.77 1499
0.77 1498
0.77 1497
0.77 1496
0.77 1495
0.77 1494
0.78 1493
0.78 1492
0.78 1491
0.78 1490
0.78 1489
0.79 1488
0.79 1487
0.79 1486
0.79 1485
0.79 1484
0.79 1483
0.79 1482
0.79 1481
0.79 1480
0.79 1479
0.79 1478
0.79 1477
0.79 1476
0.79 1475
0.79 1474
0.79 1473
0.79 1472
0.79 1471
0.79 1470
0.79 1469
0.79 1468
0.79 1467
0.79 1466
0.79 1465
0.79 1464
0.79 1463
0.79 1462
0.80 1461
0.80 1460
0.80 1459
0.80 1458
0.80 1457
0.80 1456
0.80 1455
0.80 1454
0.80 1453
0.80 1452
0.80 1451
0.80 1450
0.80 1449
0.80 1448
0.80 1447
0.80 1446
0.80 1445
0.80 1444
0.80 1443
0.80 1442
0.80 1441
0.80 1440
0.80 1439
0.80 1438
0.80 1437
0.80 1436
0.80 1435
0.80 1434
0.80 1433
0.80 1432
0.80 1431
0.80 1430
0.80 1429
0.80 1428
0.80 1427
0.80 1426
0.80 1425
0.80 1424
0.80 1423
0.80 1422
0.80 1421
0.80 1420
0.80 1419
0.80 1418
0.80 1417
0.82 1416
0.82 1415
0.82 1414
0.82 1413
0.82 1412
0.82 1411
0.82 1410
0.82 1409
0.82 1408
0.82 1407
0.82 1406
0.82 1405
0.82 1404
0.82 1403
0.82 1402
0.82 1401
0.82 1400
0.82 1399
0.82 1398
0.82 1397
0.82 1396
0.82 1395
0.82 1394
0.82 1393
0.82 1392
0.82 1391
0.82 1390
0.82 1389
0.82 1388
0.82 1387
0.82 1386
0.82 1385
0.82 1384
0.82 1383
0.82 1382
0.82 1381
0.82 1380
0.82 1379
0.82 1378
0.82 1377
0.82 1376
0.82 1375
0.83 1374
0.83 1373
0.83 1372
0.83 1371
0.84 1370
0.84 1369
0.84 1368
0.84 1367
0.84 1366
0.84 1365
0.84 1364
0.84 1363
0.84 1362
0.84 1361
0.84 1360
0.84 1359
0.84 1358
0.84 1357
0.84 1356
0.84 1355
0.84 1354
0.84 1353
0.84 1352
0.84 1351
0.84 1350
0.84 1349
0.84 1348
0.84 1347
0.85 1346
0.85 1345
0.85 1344
0.85 1343
0.85 1342
0.85 1341
0.85 1340
0.85 1339
0.85 1338
0.85 1337
0.85 1336
0.85 1335
0.85 1334
0.85 1333
0.85 1332
0.85 1331
0.85 1330
0.85 1329
0.87 1328
0.87 1327
0.87 1326
0.87 1325
0.87 1324
0.87 1323
0.87 1322
0.87 1321
0.87 1320
0.87 1319
0.87 1318
0.87 1317
0.87 1316
0.89 1315
0.89 1314
0.89 1313
0.89 1312
0.89 1311
0.89 1310
0.89 1309
0.90 1308
0.90 1307
0.90 1306
0.90 1305
0.90 1304
0.90 1303
0.90 1302
0.90 1301
0.90 1300
0.90 1299
0.90 1298
0.90 1297
0.90 1296
0.90 1295
0.90 1294
0.90 1293
0.90 1292
0.92 1291
0.92 1290
0.92 1289
0.92 1288
0.92 1287
0.92 1286
0.92 1285
0.92 1284
0.92 1283
0.92 1282
0.92 1281
0.92 1280
0.92 1279
0.94 1278
0.94 1277
0.94 1276
0.94 1275
0.94 1274
0.94 1273
0.94 1272
0.94 1271
0.94 1270
0.94 1269
0.94 1268
0.94 1267
0.95 1266
0.95 1265
0.96 1264
0.96 1263
0.96 1262
0.96 1261
0.97 1260
0.97 1259
0.97 1258
0.98 1257
0.98 1256
0.98 1255
0.98 1254
0.98 1253
0.98 1252
0.98 1251
0.98 1250
0.98 1249
0.98 1248
0.98 1247
0.99 1246
0.99 1245
0.99 1244
0.99 1243
0.99 1242
0.99 1241
1.00 1240
1.00 1239
1.00 1238
1.00 1237
1.00 1236
1.00 1235
1.00 1234
1.00 1233
1.01 1232
1.01 1231
1.01 1230
1.01 1229
1.01 1228
1.01 1227
1.01 1226
1.01 1225
1.01 1224
1.01 1223
1.01 1222
1.02 1221
1.02 1220
1.02 1219
1.02 1218
1.02 1217
1.02 1216
1.02 1215
1.02 1214
1.02 1213
1.03 1212
1.03 1211
1.04 1210
1.04 1209
1.04 1208
1.04 1207
1.04 1206
1.04 1205
1.04 1204
1.04 1203
1.04 1202
1.04 1201
1.04 1200
1.04 1199
1.14 1198
1.14 1197
1.22 1196
1.40 1195
1.42 1194
1.42 1193
1.42 1192
1.42 1191
1.42 1190
1.42 1189
1.42 1188
1.42 1187
1.42 1186
1.42 1185
1.42 1184
1.53 1183
1.56 1182
1.56 1181
1.56 1180
1.56 1179
1.56 1178
1.56 1177
1.56 1176
1.56 1175
1.56 1174
1.56 1173
1.56 1172
1.56 1171
1.56 1170
1.61 1169
1.63 1168
1.64 1167
1.64 1166
1.64 1165
1.80 1164
1.80 1163
1.80 1162
1.80 1161
1.80 1160
1.80 1159
1.80 1158
1.80 1157
1.80 1156
1.80 1155
1.82 1154
1.82 1153
1.82 1152
1.82 1151
1.82 1150
1.82 1149
1.82 1148
1.82 1147
1.82 1146
1.82 1145
1.82 1144
1.90 1143
2.02 1142
2.02 1141
2.02 1140
2.06 1139
2.06 1138
2.06 1137
2.17 1136
2.17 1135
2.20 1134
2.27 1133
2.32 1132
2.32 1131
2.32 1130
2.32 1129
2.33 1128
2.33 1127
2.33 1126
2.33 1125
2.33 1124
2.33 1123
2.33 1122
2.33 1121
2.33 1120
2.33 1119
2.33 1118
2.36 1117
2.36 1116
2.54 1115
2.54 1114
2.54 1113
2.54 1112
2.54 1111
2.54 1110
2.54 1109
2.84 1108
2.84 1107
2.84 1106
2.87 1105
2.87 1104
2.87 1103
2.89 1102
2.89 1101
2.89 1100
2.89 1099
3.06 1098
3.06 1097
3.08 1096
3.11 1095
3.11 1094
3.11 1093
3.11 1092
3.11 1091
3.11 1090
3.13 1089
3.13 1088
3.20 1087
3.20 1086
3.20 1085
3.21 1084
3.21 1083
3.23 1082
3.23 1081
3.23 1080
3.23 1079
3.24 1078
3.56 1077
3.56 1076
3.57 1075
3.57 1074
3.57 1073
3.59 1072
3.60 1071
3.65 1070
3.65 1069
3.65 1068
3.65 1067
3.65 1066
3.65 1065
3.68 1064
3.68 1063
3.68 1062
3.73 1061
3.73 1060
3.78 1059
3.80 1058
3.81 1057
3.81 1056
3.81 1055
3.81 1054
3.81 1053
3.81 1052
3.81 1051
3.81 1050
3.90 1049
3.90 1048
3.92 1047
4.24 1046
4.24 1045
4.24 1044
4.24 1043
4.26 1042
4.26 1041
4.26 1040
4.26 1039
4.26 1038
4.26 1037
4.26 1036
4.26 1035
4.26 1034
4.27 1033
4.27 1032
4.29 1031
4.30 1030
4.30 1029
4.38 1028
4.48 1027
4.51 1026
4.65 1025
4.67 1024
4.67 1023
4.68 1022
4.70 1021
4.70 1020
4.71 1019
5.19 1018
5.20 1017
5.24 1016
5.24 1015
5.26 1014
5.26 1013
5.30 1012
5.30 1011
5.30 1010
5.30 1009
5.32 1008
5.32 1007
5.75 1006
5.78 1005
6.05 1004
6.07 1003
6.08 1002
6.11 1001
6.32 1000
