0.00 814
0.02 813
0.02 812
0.02 811
0.02 810
0.02 809
0.79 741
1.14 714
1.14 713
1.14 712
1.14 711
1.22 700
1.22 697
1.27 696
1.27 695
1.30 690
1.30 689
1.30 688
1.44 687
1.44 686
1.69 685
1.69 684
1.69 683
1.69 682
1.69 681
1.69 680
1.69 679
1.69 678
1.69 677
1.86 672
1.86 671
1.89 670
2.08 669
2.10 668
2.10 667
2.10 666
2.17 665
2.17 664
2.17 663
2.17 662
2.17 661
2.17 660
2.17 659
2.17 658
2.24 657
2.24 656
2.24 655
2.36 654
2.36 653
2.46 652
2.46 651
2.46 650
2.57 649
2.57 648
2.57 647
2.57 646
2.57 645
2.57 644
2.57 643
2.57 642
2.57 641
2.89 640
2.89 639
2.89 638
2.89 637
2.89 636
3.11 635
3.11 634
3.11 633
3.32 632
3.32 631
3.34 630
3.34 629
3.35 628
3.35 627
3.35 626
3.41 625
3.41 624
3.48 623
3.51 622
3.78 621
3.78 620
3.78 619
3.92 618
3.97 617
3.97 616
3.97 615
3.97 614
4.13 613
4.16 612
4.16 611
4.16 610
4.16 609
4.50 608
4.77 607
4.82 606
4.82 605
4.82 604
4.97 603
5.10 602
5.21 601
5.37 600
5.37 599
5.52 598
