0.00 5684
3.22 4882
3.23 4881
3.23 4880
3.23 4879
3.23 4878
3.64 4606
3.64 4605
3.64 4604
3.64 4603
3.64 4602
3.64 4601
3.64 4600
3.64 4599
3.65 4598
3.65 4597
3.65 4596
3.65 4595
3.65 4594
3.65 4593
3.66 4592
3.66 4591
3.66 4590
3.72 4480
3.72 4479
3.72 4478
3.72 4477
3.72 4476
3.72 4475
3.72 4474
3.72 4473
3.74 4472
3.74 4471
3.74 4470
3.74 4469
3.74 4468
3.74 4467
3.74 4466
3.74 4465
3.74 4464
3.74 4463
3.76 4461
3.76 4460
3.76 4459
3.76 4458
3.76 4457
3.76 4456
3.76 4455
3.76 4454
3.76 4453
3.76 4452
3.76 4451
3.80 4392
3.80 4391
3.80 4390
3.80 4389
3.80 4388
3.80 4387
3.82 4386
3.82 4385
3.82 4384
3.82 4383
3.82 4382
3.82 4381
3.82 4380
3.82 4379
3.82 4378
3.82 4377
3.82 4376
3.82 4375
3.82 4374
3.82 4373
3.83 4372
3.83 4371
3.83 4370
3.83 4369
3.83 4368
3.83 4367
3.83 4366
3.83 4365
3.83 4364
3.83 4363
3.83 4362
3.85 4361
3.85 4360
3.85 4359
3.85 4358
3.85 4357
3.85 4356
3.85 4355
3.85 4354
3.85 4353
3.86 4352
3.86 4351
3.86 4350
3.87 4349
3.87 4348
3.87 4347
3.87 4346
3.87 4345
3.87 4344
3.87 4343
3.87 4342
3.87 4341
3.87 4340
3.87 4339
3.87 4338
3.87 4337
3.87 4336
3.88 4335
3.88 4334
3.88 4333
3.88 4332
3.88 4331
3.88 4330
3.88 4329
3.88 4328
3.88 4327
3.88 4326
3.88 4325
3.88 4324
3.88 4323
3.88 4322
3.90 4321
3.90 4320
3.90 4319
3.90 4318
3.90 4317
3.90 4316
3.90 4315
3.90 4314
3.90 4313
3.90 4312
3.90 4311
3.90 4310
3.90 4309
3.90 4308
3.90 4307
3.90 4306
3.91 4305
3.91 4304
3.91 4303
3.91 4302
3.91 4301
3.91 4300
3.91 4299
3.91 4298
3.91 4297
3.91 4296
3.91 4295
3.91 4294
3.91 4293
3.91 4292
3.93 4291
3.93 4290
3.93 4289
3.93 4288
3.93 4287
3.93 4286
3.93 4285
3.93 4284
3.93 4283
3.95 4282
3.95 4281
3.95 4280
3.95 4279
3.96 4278
3.96 4277
3.96 4276
3.96 4275
3.96 4274
3.96 4273
3.96 4272
3.96 4271
3.96 4270
3.96 4269
3.98 4251
3.98 4250
3.98 4249
4.02 4248
4.02 4247
4.02 4246
4.02 4245
4.02 4244
4.02 4243
4.03 4242
4.03 4241
4.03 4240
4.03 4239
4.03 4238
4.03 4237
4.03 4236
4.03 4235
4.06 4179
4.06 4178
4.06 4177
4.06 4176
4.06 4175
4.06 4174
4.06 4173
4.06 4172
4.06 4171
4.06 4170
4.08 4169
4.08 4168
4.08 4167
4.08 4166
4.08 4165
4.08 4164
4.08 4163
4.08 4162
4.08 4161
4.08 4160
4.08 4159
4.08 4158
4.08 4157
4.09 4156
4.09 4155
4.15 4154
4.15 4153
4.15 4152
4.16 4151
4.16 4150
4.16 4149
4.17 4148
4.17 4147
4.17 4146
4.17 4145
4.17 4144
4.17 4143
4.17 4142
4.17 4141
4.17 4140
4.17 4139
4.17 4138
4.17 4137
4.19 4136
4.19 4135
4.19 4134
4.19 4133
4.19 4132
4.19 4131
4.19 4130
4.19 4121
4.19 4120
4.19 4119
4.20 4118
4.20 4117
4.20 4116
4.22 4115
4.22 4114
4.22 4113
4.23 4112
4.23 4111
4.23 4110
4.23 4109
4.23 4108
4.23 4107
4.23 4106
4.23 4105
4.23 4104
4.23 4103
4.23 4102
4.23 4101
4.23 4100
4.23 4099
4.25 4098
4.25 4097
4.25 4096
4.25 4095
4.25 4094
4.25 4093
4.25 4092
4.25 4091
4.25 4090
4.25 4089
4.25 4088
4.26 4087
4.26 4086
4.26 4085
4.26 4084
4.26 4083
4.26 4082
4.34 4034
4.34 4033
4.34 4032
4.34 4031
4.34 4030
4.34 4029
4.34 4028
4.34 4027
4.34 4026
4.34 4025
4.36 4024
4.36 4023
4.36 4022
4.36 4021
4.36 4020
4.36 4019
4.36 4018
4.36 4017
4.36 4016
4.36 4015
4.36 4014
4.36 4013
4.36 4012
4.37 4011
4.37 4010
4.37 4009
4.37 4008
4.37 4007
4.37 4006
4.37 4005
4.41 4004
4.41 4003
4.41 4002
4.41 4001
4.41 4000
4.41 3999
4.41 3998
4.41 3997
4.41 3996
4.41 3995
4.41 3994
4.41 3993
4.41 3992
4.41 3991
4.42 3990
4.42 3989
4.42 3988
4.42 3987
4.42 3986
4.42 3985
4.42 3984
4.42 3983
4.42 3982
4.42 3981
4.44 3980
4.44 3979
4.44 3978
4.44 3977
4.44 3976
4.44 3975
4.44 3974
4.44 3973
4.44 3972
4.44 3971
4.44 3970
4.44 3969
4.44 3968
4.44 3967
4.44 3966
4.45 3965
4.45 3964
4.45 3963
4.45 3962
4.45 3961
4.45 3960
4.45 3959
4.45 3958
4.46 3957
4.46 3956
4.46 3955
4.46 3954
4.46 3953
4.46 3952
4.46 3951
4.47 3950
4.47 3949
4.47 3948
4.47 3947
4.47 3946
4.47 3945
4.47 3944
4.47 3943
4.47 3942
4.47 3941
4.47 3940
4.47 3939
4.47 3938
4.48 3937
4.50 3936
4.50 3935
4.50 3934
4.50 3933
4.50 3932
4.50 3931
4.50 3930
4.50 3929
4.50 3928
4.50 3927
4.50 3926
4.50 3925
4.50 3924
4.50 3923
4.50 3922
4.52 3921
4.52 3920
4.52 3919
4.52 3918
4.52 3917
4.52 3916
4.52 3915
4.52 3914
4.52 3913
4.52 3912
4.52 3911
4.52 3910
4.53 3909
4.57 3903
4.57 3902
4.57 3901
4.57 3900
4.57 3899
4.58 3898
4.58 3897
4.58 3896
4.58 3895
4.58 3894
4.58 3893
4.58 3892
4.59 3891
4.59 3890
4.59 3889
4.59 3888
4.59 3887
4.59 3886
4.59 3885
4.59 3884
4.59 3883
4.59 3882
4.61 3881
4.61 3880
4.61 3879
4.61 3878
4.61 3877
4.61 3876
4.61 3875
4.61 3874
4.62 3873
4.62 3872
4.62 3871
4.62 3870
4.62 3869
4.62 3868
4.62 3867
4.62 3866
4.64 3865
4.64 3864
4.64 3863
4.64 3862
4.64 3861
4.64 3860
4.64 3859
4.66 3858
4.66 3857
4.66 3856
4.67 3855
4.67 3854
4.67 3853
4.67 3852
4.67 3851
4.68 3850
4.68 3849
4.68 3848
4.68 3847
4.68 3846
4.68 3845
4.68 3844
4.69 3843
4.69 3842
4.70 3841
4.70 3840
4.71 3839
4.71 3838
4.71 3837
4.71 3836
4.71 3835
4.71 3834
4.71 3833
4.73 3832
4.73 3831
4.73 3830
4.73 3829
4.73 3828
4.73 3827
4.73 3826
4.73 3825
4.73 3824
4.74 3823
4.74 3822
4.74 3821
4.74 3820
4.74 3819
4.74 3818
4.74 3817
4.74 3816
4.74 3815
4.74 3814
4.74 3813
4.74 3812
4.76 3811
4.76 3810
4.76 3809
4.76 3808
4.76 3807
4.76 3806
4.77 3805
4.77 3804
4.77 3803
4.77 3802
4.77 3801
4.77 3800
4.77 3799
4.77 3798
4.84 3752
4.84 3751
4.84 3750
4.85 3749
4.85 3748
4.85 3747
4.85 3746
4.85 3745
4.86 3744
4.86 3743
4.86 3742
4.86 3741
4.87 3740
4.87 3739
4.87 3738
4.87 3737
4.87 3736
4.87 3735
4.87 3734
4.88 3733
4.88 3732
4.88 3731
4.88 3730
4.88 3729
4.88 3728
4.88 3727
4.88 3726
4.88 3725
4.90 3724
4.90 3723
4.90 3722
4.90 3721
4.90 3720
4.90 3719
4.90 3718
4.90 3717
4.90 3716
4.90 3715
4.91 3714
4.91 3713
4.91 3712
4.91 3711
4.91 3710
4.91 3709
4.91 3708
4.91 3707
4.91 3706
4.93 3705
4.93 3704
4.93 3703
4.93 3702
4.93 3701
4.93 3700
4.93 3699
4.93 3698
4.95 3697
4.95 3696
4.95 3695
4.95 3694
4.98 3693
4.98 3692
4.98 3691
4.98 3690
4.99 3689
4.99 3688
4.99 3687
4.99 3686
4.99 3685
5.04 3684
5.04 3683
5.04 3682
5.04 3681
5.04 3680
5.04 3679
5.04 3678
5.04 3677
5.04 3676
5.09 3660
5.10 3659
5.10 3658
5.10 3657
5.10 3656
5.10 3655
5.10 3654
5.10 3653
5.10 3652
5.10 3651
5.11 3650
5.11 3649
5.11 3648
5.11 3647
5.11 3646
5.11 3645
5.11 3644
5.11 3643
5.11 3642
5.11 3641
5.11 3640
5.11 3639
5.11 3638
5.13 3637
5.13 3636
5.13 3635
5.13 3634
5.13 3633
5.13 3632
5.13 3631
5.13 3630
5.13 3629
5.13 3628
5.13 3627
5.13 3626
5.13 3625
5.13 3624
5.13 3623
5.13 3622
5.13 3621
5.14 3620
5.14 3619
5.14 3618
5.14 3617
5.14 3616
5.14 3615
5.14 3614
5.14 3613
5.14 3612
5.14 3611
5.14 3610
5.14 3609
5.14 3608
5.14 3607
5.14 3606
5.14 3605
5.14 3604
5.16 3603
5.16 3602
5.16 3601
5.16 3600
5.16 3599
5.16 3598
5.16 3597
5.16 3596
5.16 3595
5.16 3594
5.17 3593
5.17 3592
5.22 3591
5.32 3590
5.33 3589
5.33 3588
5.33 3587
5.33 3586
5.33 3585
5.33 3584
5.33 3583
5.33 3582
5.33 3581
5.33 3580
5.33 3579
5.35 3578
5.35 3577
5.35 3576
5.35 3575
5.35 3574
5.35 3573
5.35 3572
5.35 3571
5.36 3570
5.36 3569
5.36 3568
5.38 3567
5.38 3566
5.38 3565
5.38 3564
5.38 3563
5.39 3562
5.39 3561
5.39 3560
5.39 3559
5.39 3558
5.39 3557
5.41 3556
5.41 3555
5.41 3554
5.41 3553
5.41 3552
5.41 3551
5.46 3550
5.46 3549
5.46 3548
5.46 3547
5.46 3546
5.46 3545
5.46 3544
5.46 3543
5.47 3542
5.47 3541
5.47 3540
5.47 3539
5.47 3538
5.47 3537
5.47 3536
5.49 3535
5.49 3534
5.50 3533
5.50 3532
5.50 3531
5.50 3530
5.50 3529
5.50 3528
5.50 3527
5.52 3526
5.52 3525
5.54 3524
5.54 3523
5.54 3522
5.54 3521
5.54 3520
5.54 3519
5.54 3518
5.54 3517
5.54 3516
5.57 3515
5.57 3514
5.57 3513
5.57 3512
5.61 3511
5.61 3510
5.61 3509
5.61 3508
5.64 3507
5.64 3506
5.66 3505
5.66 3504
5.66 3503
5.66 3502
5.66 3501
5.66 3500
5.66 3499
5.68 3498
5.68 3497
5.68 3496
5.68 3495
5.68 3494
5.68 3493
5.68 3492
5.68 3491
5.68 3490
5.69 3489
5.69 3488
5.74 3487
5.74 3486
5.76 3485
5.76 3484
5.76 3483
5.76 3482
5.76 3481
5.77 3480
5.77 3479
5.79 3478
5.79 3477
5.79 3476
5.79 3475
5.79 3474
5.79 3473
5.79 3472
5.80 3471
5.80 3470
5.80 3469
5.80 3468
5.80 3467
5.80 3466
5.80 3465
5.80 3464
5.82 3463
5.92 3462
5.92 3461
5.92 3460
5.93 3459
5.93 3458
5.93 3457
5.95 3456
5.95 3455
5.96 3454
5.96 3453
5.96 3452
5.96 3451
5.96 3450
5.96 3449
5.96 3448
5.96 3447
5.98 3446
5.98 3445
5.98 3444
5.98 3443
5.98 3442
5.98 3441
5.98 3440
5.98 3439
5.98 3438
5.98 3437
5.98 3436
5.99 3435
5.99 3434
5.99 3433
5.99 3432
6.01 3431
6.01 3430
6.01 3429
6.01 3428
6.01 3427
6.01 3426
6.01 3425
6.01 3424
6.06 3423
6.06 3422
6.06 3421
6.06 3420
6.06 3419
6.06 3418
6.09 3417
6.09 3416
6.16 3415
6.18 3414
6.18 3413
6.18 3412
6.18 3411
6.19 3410
6.19 3409
6.19 3408
6.19 3407
6.19 3406
6.21 3405
6.21 3404
6.21 3403
6.21 3402
6.21 3401
6.22 3400
6.22 3399
6.26 3398
6.26 3397
6.26 3396
6.26 3395
6.27 3394
6.27 3393
6.27 3392
6.27 3391
6.27 3390
6.27 3389
6.27 3388
6.46 3387
6.46 3386
6.46 3385
6.46 3384
6.46 3383
6.46 3382
6.49 3381
6.51 3380
6.51 3379
6.51 3378
6.52 3377
6.52 3376
6.52 3375
6.52 3374
6.52 3373
6.52 3372
6.54 3371
6.54 3370
6.54 3369
6.54 3368
6.54 3367
6.54 3366
6.54 3365
6.54 3364
6.74 3363
6.74 3362
6.81 3361
6.81 3360
6.81 3359
6.84 3358
6.84 3357
6.90 3356
6.90 3355
6.90 3354
6.92 3353
6.93 3352
7.04 3351
7.04 3350
7.06 3349
7.06 3348
7.06 3347
7.37 3346
7.37 3345
7.39 3344
7.40 3343
7.43 3342
7.57 3341
7.57 3340
7.61 3339
7.65 3338
7.66 3337
8.23 3336
