0.00 3736
0.00 3735
0.00 3734
0.00 3733
0.00 3732
0.00 3731
0.00 3730
0.00 3729
0.00 3728
0.00 3727
0.00 3726
0.00 3725
0.00 3724
0.00 3723
0.00 3722
0.00 3721
0.00 3720
0.00 3719
0.00 3718
0.00 3717
2.72 2546
2.72 2545
2.72 2544
2.72 2543
2.72 2542
3.04 2490
3.04 2489
3.04 2488
3.04 2487
3.04 2486
3.04 2485
3.10 2467
3.10 2466
3.10 2463
3.10 2462
3.10 2461
3.10 2460
3.10 2459
3.11 2443
3.11 2442
3.11 2441
3.11 2440
3.29 2439
3.30 2438
3.30 2437
3.32 2436
3.32 2435
3.32 2434
3.32 2433
3.32 2432
3.32 2431
3.32 2430
3.32 2429
3.32 2428
3.32 2427
3.34 2404
3.34 2403
3.34 2402
3.34 2401
3.34 2400
3.34 2399
3.34 2398
3.34 2397
3.34 2396
3.34 2395
3.34 2394
3.65 2393
3.65 2392
3.65 2391
3.65 2390
3.65 2389
3.65 2388
3.65 2387
3.65 2386
3.65 2385
3.65 2384
3.72 2370
3.83 2365
3.83 2364
3.83 2363
3.98 2362
4.00 2361
4.00 2360
4.00 2359
4.00 2358
4.00 2357
4.00 2356
4.01 2355
4.01 2354
4.01 2353
4.01 2352
4.08 2350
4.08 2349
4.08 2348
4.08 2347
4.08 2346
4.08 2345
4.08 2344
4.08 2343
4.08 2342
4.08 2341
4.08 2340
4.08 2339
4.08 2338
4.08 2337
4.08 2336
4.08 2335
4.12 2334
4.12 2333
4.12 2332
4.12 2331
4.12 2330
4.12 2329
4.12 2328
4.12 2327
4.12 2326
4.12 2325
4.20 2324
4.20 2323
4.20 2322
4.25 2313
4.25 2310
4.35 2309
4.35 2308
4.35 2307
4.35 2306
4.35 2305
4.36 2304
4.36 2303
4.36 2302
4.36 2301
4.36 2300
4.36 2299
4.36 2298
4.36 2297
4.36 2296
4.36 2295
4.57 2294
4.57 2293
4.57 2292
4.68 2291
4.68 2290
4.68 2289
4.68 2288
4.73 2287
4.73 2286
4.73 2285
4.73 2284
4.73 2283
4.73 2282
4.73 2281
4.73 2280
4.73 2279
4.86 2278
4.86 2277
4.89 2273
4.92 2272
4.92 2271
4.92 2270
4.92 2269
4.92 2268
4.92 2267
4.94 2266
4.94 2265
4.94 2264
4.94 2263
4.94 2262
4.94 2261
4.94 2260
4.94 2259
4.94 2258
4.94 2257
4.94 2256
4.94 2255
5.14 2254
5.14 2253
5.25 2252
5.27 2251
5.27 2250
5.46 2249
5.46 2248
5.49 2247
5.49 2246
5.49 2245
5.49 2244
5.49 2243
5.51 2242
5.51 2241
5.51 2240
5.62 2239
5.76 2238
5.77 2237
5.83 2236
5.83 2235
5.97 2234
5.97 2233
6.05 2232
6.05 2231
6.17 2230
6.17 2229
6.17 2228
6.25 2227
6.27 2226
6.30 2225
6.30 2224
