0.00 3736
0.01 3735
0.01 3734
0.01 3733
0.01 3732
0.01 3731
0.01 3730
0.01 3729
0.01 3728
0.01 3727
0.01 3726
0.01 3725
0.01 3724
0.01 3723
0.01 3722
2.78 2520
2.78 2519
2.78 2518
2.78 2517
2.78 2516
2.78 2515
2.78 2514
3.03 2501
3.03 2500
3.03 2499
3.03 2498
3.03 2497
3.03 2496
3.03 2495
3.03 2494
3.03 2493
3.03 2492
3.04 2491
3.11 2449
3.11 2448
3.11 2447
3.33 2446
3.33 2445
3.33 2444
3.33 2443
3.33 2442
3.33 2441
3.34 2436
3.34 2435
3.34 2434
3.34 2433
3.34 2432
3.34 2431
3.34 2430
3.34 2429
3.34 2428
3.34 2427
3.34 2426
3.34 2425
3.34 2424
3.34 2423
3.34 2422
3.34 2421
3.34 2420
3.34 2419
3.34 2418
3.34 2417
3.34 2416
3.34 2415
3.34 2414
3.34 2413
3.34 2412
3.34 2411
3.35 2410
3.35 2409
3.35 2408
3.35 2407
3.35 2406
3.35 2405
3.35 2404
3.35 2403
3.67 2401
3.67 2400
3.68 2399
3.68 2398
3.68 2397
3.68 2396
3.68 2395
3.68 2394
3.68 2393
3.68 2392
3.68 2391
3.68 2390
3.68 2389
3.68 2388
3.68 2387
3.68 2386
3.78 2385
3.78 2384
3.78 2383
3.78 2382
3.82 2381
3.82 2380
3.82 2379
3.82 2378
3.82 2377
3.82 2376
3.82 2375
3.82 2374
3.82 2373
3.82 2372
3.89 2364
3.93 2363
3.93 2362
3.93 2361
3.93 2360
3.93 2359
3.94 2358
3.94 2357
3.94 2356
3.94 2355
3.94 2347
3.94 2346
3.94 2345
3.94 2344
3.94 2343
3.97 2342
3.98 2341
3.99 2340
3.99 2339
4.08 2338
4.08 2337
4.08 2329
4.09 2328
4.09 2327
4.09 2326
4.09 2325
4.09 2324
4.09 2323
4.10 2322
4.10 2321
4.10 2320
4.10 2319
4.10 2318
4.10 2317
4.10 2316
4.10 2315
4.10 2314
4.10 2313
4.10 2312
4.10 2311
4.10 2310
4.10 2309
4.38 2308
4.38 2307
4.38 2306
4.42 2305
4.42 2304
4.42 2303
4.42 2302
4.42 2301
4.42 2300
4.42 2299
4.42 2298
4.60 2297
4.60 2296
4.60 2295
4.63 2294
4.63 2293
4.63 2292
4.63 2291
4.63 2290
4.63 2289
4.65 2288
4.65 2287
4.65 2286
4.68 2285
4.68 2284
4.71 2283
4.71 2282
4.71 2281
4.72 2280
4.74 2279
4.76 2278
4.76 2277
4.76 2276
4.76 2275
4.87 2274
4.87 2273
4.87 2272
4.87 2271
4.88 2270
4.93 2269
4.93 2265
4.95 2264
5.04 2263
5.04 2262
5.04 2261
5.12 2260
5.12 2259
5.12 2258
5.16 2257
5.16 2256
5.16 2255
5.16 2254
5.16 2253
5.32 2252
5.32 2251
5.32 2250
5.44 2249
5.59 2248
5.59 2247
5.59 2246
5.77 2245
5.77 2244
5.77 2243
5.89 2242
5.91 2241
6.00 2240
6.00 2239
6.00 2238
6.01 2237
6.01 2236
6.01 2235
6.35 2234
6.44 2233
6.44 2232
7.39 2231
