0.00 814
0.01 813
0.01 812
0.01 811
0.01 810
0.79 721
0.79 720
0.79 719
0.79 718
1.00 710
1.00 709
1.00 708
1.13 706
1.18 700
1.18 699
1.18 698
1.18 697
1.35 696
1.35 695
1.35 694
1.35 693
1.35 692
1.35 691
1.35 690
1.47 689
1.50 688
1.50 687
1.62 686
1.62 685
1.62 684
1.62 683
1.62 682
1.62 681
1.65 675
1.65 674
1.88 673
1.88 672
1.88 671
2.15 667
2.15 666
2.15 665
2.15 664
2.17 663
2.17 662
2.17 661
2.17 660
2.35 659
2.35 658
2.35 657
2.41 656
2.49 655
2.49 654
2.49 653
2.49 652
2.49 651
2.49 650
2.49 649
2.54 648
2.54 647
2.70 646
2.88 645
2.88 644
2.88 643
2.88 642
2.88 641
2.88 640
2.88 639
2.98 638
2.98 637
2.98 636
2.99 635
2.99 634
2.99 633
2.99 632
3.23 631
3.37 630
3.37 629
3.38 628
3.50 627
3.50 626
3.50 625
3.50 624
3.50 623
3.50 622
3.59 621
3.59 620
3.72 619
3.72 618
3.85 617
3.85 616
3.85 615
3.85 614
3.85 613
3.99 612
4.04 611
4.11 610
4.11 609
4.19 608
4.42 607
4.42 606
4.42 605
4.42 604
4.42 603
4.81 602
4.88 601
5.03 600
5.22 599
5.22 598
5.50 597
6.74 596
