0.00 3736
0.02 3735
0.02 3734
0.02 3733
0.02 3732
0.02 3731
0.02 3730
0.02 3729
0.02 3728
0.02 3727
0.02 3726
0.02 3725
0.02 3724
0.02 3723
0.02 3722
0.02 3721
0.02 3720
0.02 3719
0.02 3718
0.02 3717
0.02 3716
0.02 3715
0.02 3714
0.02 3713
0.02 3712
0.02 3711
0.02 3710
0.02 3709
2.85 2501
2.85 2500
2.85 2499
2.85 2498
2.85 2497
2.85 2496
2.85 2495
3.10 2463
3.10 2462
3.11 2461
3.13 2460
3.13 2459
3.13 2458
3.13 2457
3.24 2452
3.24 2451
3.24 2450
3.24 2449
3.36 2446
3.36 2445
3.40 2443
3.44 2442
3.44 2441
3.44 2440
3.44 2439
3.44 2438
3.44 2437
3.44 2436
3.44 2435
3.44 2434
3.44 2433
3.44 2432
3.44 2431
3.44 2430
3.44 2429
3.44 2428
3.44 2427
3.44 2426
3.44 2425
3.56 2422
3.56 2421
3.59 2420
3.59 2419
3.59 2418
3.59 2417
3.59 2416
3.59 2415
3.59 2414
3.59 2413
3.62 2412
3.62 2411
3.64 2410
3.64 2409
3.67 2408
3.67 2407
3.67 2406
3.67 2405
3.70 2404
3.70 2403
3.70 2402
3.70 2401
3.70 2400
3.70 2399
3.70 2392
3.70 2391
3.70 2390
3.70 2389
3.70 2388
3.70 2387
3.70 2386
3.70 2385
3.70 2384
3.70 2383
3.70 2382
3.70 2381
3.70 2380
3.77 2379
3.77 2378
3.77 2377
3.77 2376
3.77 2375
3.77 2374
3.77 2373
3.77 2372
3.77 2371
3.77 2370
3.77 2369
3.77 2368
3.78 2367
3.78 2366
3.78 2365
3.78 2364
3.78 2363
3.82 2362
3.83 2361
3.83 2360
3.83 2359
3.83 2358
3.83 2357
4.00 2356
4.00 2355
4.02 2354
4.02 2353
4.03 2352
4.03 2351
4.03 2350
4.03 2349
4.03 2348
4.03 2347
4.03 2346
4.03 2345
4.03 2344
4.07 2343
4.07 2342
4.07 2341
4.07 2340
4.07 2339
4.07 2338
4.07 2337
4.08 2336
4.08 2335
4.16 2334
4.18 2333
4.18 2332
4.18 2331
4.19 2330
4.25 2329
4.25 2328
4.25 2327
4.25 2326
4.25 2325
4.27 2324
4.30 2323
4.30 2322
4.30 2321
4.30 2320
4.30 2319
4.30 2318
4.30 2317
4.31 2316
4.31 2315
4.31 2314
4.31 2313
4.31 2312
4.31 2311
4.31 2310
4.31 2309
4.31 2308
4.31 2307
4.31 2306
4.53 2305
4.53 2304
4.53 2303
4.53 2302
4.53 2301
4.53 2300
4.56 2299
4.56 2298
4.56 2297
4.63 2296
4.63 2295
4.63 2294
4.63 2293
4.63 2292
4.69 2291
4.69 2290
4.70 2289
4.70 2288
4.70 2287
4.70 2286
4.82 2285
4.85 2284
4.85 2283
4.85 2282
4.85 2281
4.85 2280
4.91 2279
4.93 2278
4.93 2277
4.93 2276
4.94 2275
4.94 2274
4.94 2273
4.94 2272
4.94 2271
4.94 2270
4.94 2269
4.94 2268
4.94 2267
5.02 2266
5.07 2265
5.07 2264
5.07 2263
5.07 2262
5.07 2261
5.15 2260
5.22 2259
5.22 2258
5.23 2257
5.23 2256
5.29 2255
5.31 2254
5.36 2253
5.39 2252
5.39 2251
5.39 2250
5.39 2249
5.49 2248
5.49 2247
5.49 2246
5.52 2245
5.53 2244
5.55 2243
5.55 2242
5.55 2241
5.68 2240
5.68 2239
5.68 2238
5.77 2237
5.77 2236
5.77 2235
5.79 2234
5.79 2233
6.05 2232
6.08 2231
6.22 2230
6.24 2229
6.24 2228
6.33 2227
6.41 2226
6.58 2225
6.58 2224
7.41 2223
