0.00 814
0.00 813
0.00 812
0.00 811
0.00 810
0.00 809
0.00 808
0.00 807
0.00 806
0.00 805
0.00 804
0.00 803
0.00 802
0.00 801
0.98 713
1.04 703
1.04 702
1.04 701
1.04 700
1.04 699
1.04 698
1.04 697
1.04 696
1.21 695
1.21 694
1.21 693
1.21 692
1.21 691
1.21 690
1.42 689
1.42 688
1.42 685
1.57 683
1.57 682
1.57 681
1.57 680
1.57 677
1.57 676
1.57 675
1.57 674
1.57 673
1.57 672
1.57 671
1.57 670
1.57 669
2.01 665
2.07 664
2.07 663
2.14 662
2.14 661
2.14 660
2.14 658
2.28 657
2.28 656
2.39 655
2.39 654
2.39 653
2.39 652
2.39 651
2.45 650
2.45 649
2.45 648
2.45 647
2.63 646
2.63 645
2.63 644
2.63 643
2.63 642
2.63 641
2.63 640
2.63 639
2.63 638
2.63 637
2.63 636
2.80 633
3.20 632
3.20 631
3.25 630
3.26 629
3.26 628
3.44 627
3.44 626
3.44 625
3.58 624
3.58 623
3.58 622
3.76 621
3.76 620
3.76 619
3.76 618
3.76 617
3.89 616
3.91 615
4.08 614
4.08 613
4.16 612
4.18 611
4.18 610
4.32 609
4.41 608
4.58 607
4.70 606
4.71 605
4.71 604
4.71 603
4.74 602
4.81 601
5.10 600
5.16 599
5.58 598
5.58 597
5.64 596
