0.00 814
0.00 813
0.00 812
0.00 811
0.00 810
0.00 809
0.45 730
0.45 729
0.45 728
0.45 727
0.45 726
0.92 723
0.99 706
0.99 705
1.32 704
1.32 703
1.38 699
1.38 698
1.40 697
1.40 696
1.50 695
1.52 687
1.52 686
1.54 681
1.54 680
1.71 679
1.71 678
1.79 677
1.87 676
1.87 675
1.87 674
1.87 673
1.87 672
1.90 671
1.90 670
1.90 669
1.91 668
1.91 667
1.91 666
1.91 665
1.97 664
2.15 663
2.15 662
2.24 658
2.24 657
2.24 656
2.24 655
2.24 654
2.24 653
2.45 652
2.45 651
2.45 649
2.46 648
2.46 647
2.46 646
2.48 645
2.48 644
2.48 643
2.63 642
2.63 641
2.63 640
2.86 639
2.86 638
2.86 637
2.86 636
3.07 635
3.07 634
3.10 633
3.10 632
3.10 631
3.10 630
3.10 629
3.37 628
3.37 627
3.37 626
3.37 625
3.37 624
3.37 623
3.37 622
3.44 621
3.44 620
3.58 619
3.58 618
3.58 617
3.74 616
3.97 615
4.02 614
4.02 613
4.02 612
4.42 611
4.65 610
4.65 609
4.72 608
4.74 607
4.74 606
5.18 605
5.20 604
5.25 603
5.31 602
5.31 601
5.40 600
5.41 599
5.54 598
5.61 597
5.62 596
