0.00 5678
0.06 5677
0.06 5676
0.06 5675
0.06 5674
0.06 5673
0.06 5672
0.06 5671
0.06 5670
0.07 5669
0.07 5668
0.07 5667
0.07 5666
0.07 5665
0.07 5664
0.07 5663
0.07 5662
0.07 5661
0.07 5660
0.08 5659
0.08 5658
0.08 5657
0.08 5656
0.08 5655
3.52 4246
3.52 4245
3.52 4244
3.54 4243
3.54 4242
3.54 4241
3.68 4183
3.68 4182
3.68 4181
3.70 4178
3.70 4177
3.89 4148
3.89 4147
3.89 4146
3.89 4145
3.89 4144
3.98 4143
3.98 4142
4.03 4118
4.03 4117
4.03 4116
4.05 4106
4.05 4105
4.22 4104
4.22 4103
4.22 4102
4.22 4101
4.22 4100
4.22 4099
4.22 4098
4.24 4095
4.24 4094
4.24 4093
4.24 4092
4.24 4091
4.24 4090
4.24 4089
4.25 4088
4.25 4087
4.25 4086
4.25 4085
4.25 4084
4.25 4083
4.25 4082
4.25 4081
4.25 4080
4.25 4079
4.27 4078
4.27 4077
4.28 4076
4.28 4075
4.28 4074
4.41 4073
4.45 4072
4.45 4071
4.45 4070
4.46 4069
4.46 4068
4.46 4067
4.46 4066
4.46 4065
4.46 4064
4.46 4063
4.48 4062
4.49 4061
4.49 4060
4.49 4059
4.49 4058
4.49 4057
4.56 4056
4.56 4055
4.56 4054
4.56 4052
4.56 4051
4.56 4050
4.62 4038
4.62 4037
4.62 4036
4.77 4035
4.77 4034
4.77 4033
4.79 4032
4.81 4031
4.81 4029
4.81 4028
4.81 4027
4.86 4026
4.89 4025
4.89 4024
4.89 4023
4.89 4022
4.89 4021
4.89 4020
4.89 4019
4.89 4018
4.89 4017
4.89 4016
4.89 4015
4.89 4014
4.92 4013
4.92 4012
4.92 4011
4.92 4010
4.92 4009
4.92 4008
4.92 4007
4.92 4006
5.01 4003
5.01 4002
5.01 4001
5.05 4000
5.09 3999
5.09 3998
5.09 3997
5.09 3996
5.09 3995
5.09 3994
5.09 3993
5.11 3992
5.11 3991
5.11 3990
5.11 3989
5.11 3988
5.11 3987
5.11 3986
5.11 3985
5.11 3984
5.11 3983
5.11 3982
5.28 3981
5.28 3980
5.28 3979
5.31 3978
5.31 3977
5.31 3976
5.31 3975
5.49 3974
5.57 3973
5.58 3972
5.59 3971
5.59 3970
5.59 3969
5.59 3968
5.60 3967
5.60 3966
5.60 3965
5.68 3964
5.68 3963
5.68 3962
5.68 3961
5.68 3960
5.68 3959
5.70 3958
5.90 3957
5.90 3956
5.90 3955
5.90 3954
5.90 3953
5.90 3952
5.90 3951
5.90 3950
6.11 3949
6.11 3948
6.11 3947
6.11 3946
6.51 3945
6.51 3944
6.70 3943
6.72 3942
6.83 3941
