0.00 1000
0.30 999
0.30 998
0.30 996
0.30 995
0.30 994
0.30 993
0.30 992
0.30 991
0.30 990
0.30 989
0.30 988
0.30 987
0.30 986
0.30 985
0.30 984
0.30 983
0.30 982
0.31 981
0.31 980
0.31 979
0.31 978
0.32 977
0.32 976
0.32 975
0.33 974
0.33 973
0.34 968
0.34 967
0.34 966
0.39 958
0.39 957
0.39 956
0.40 955
0.40 954
0.49 953
0.49 952
0.49 951
0.50 950
0.50 949
0.50 948
0.50 947
0.62 946
0.64 945
0.64 944
0.64 943
0.64 942
0.65 941
1.63 940
1.64 939
1.64 938
2.15 937
2.34 936
2.34 935
3.46 934
4.19 933
