0.00 5678
0.03 5677
0.03 5676
0.03 5675
0.03 5674
0.03 5673
0.03 5672
0.03 5671
0.03 5670
0.03 5669
0.03 5668
0.03 5667
0.03 5666
0.03 5665
0.03 5664
3.65 4198
3.65 4197
3.70 4192
3.70 4191
3.70 4190
3.70 4189
3.70 4188
3.70 4187
3.72 4186
3.72 4185
3.72 4184
3.72 4183
3.72 4182
3.72 4181
3.72 4180
3.84 4168
3.84 4167
3.84 4166
3.84 4165
3.84 4164
3.86 4155
3.86 4154
3.86 4152
3.86 4151
3.86 4150
3.86 4149
3.93 4148
3.93 4147
3.93 4146
3.97 4135
4.00 4134
4.00 4133
4.00 4132
4.00 4131
4.00 4130
4.00 4129
4.05 4125
4.05 4124
4.05 4123
4.05 4122
4.05 4121
4.05 4120
4.05 4119
4.05 4118
4.05 4117
4.05 4116
4.18 4115
4.18 4114
4.18 4113
4.20 4112
4.20 4111
4.20 4110
4.23 4109
4.23 4108
4.23 4107
4.23 4106
4.23 4105
4.23 4104
4.23 4103
4.23 4102
4.24 4101
4.24 4100
4.24 4099
4.24 4098
4.26 4086
4.37 4085
4.37 4084
4.37 4083
4.39 4082
4.40 4081
4.40 4080
4.40 4079
4.40 4078
4.40 4077
4.40 4076
4.40 4075
4.40 4074
4.40 4073
4.40 4072
4.40 4071
4.40 4070
4.40 4069
4.40 4068
4.40 4067
4.40 4066
4.40 4065
4.40 4064
4.40 4063
4.40 4062
4.42 4061
4.42 4060
4.42 4059
4.42 4058
4.42 4057
4.43 4056
4.43 4055
4.45 4054
4.53 4053
4.53 4052
4.53 4051
4.53 4050
4.53 4049
4.53 4048
4.59 4047
4.69 4046
4.70 4045
4.70 4044
4.70 4043
4.70 4042
4.70 4041
4.70 4040
4.70 4039
4.70 4038
4.70 4037
4.70 4036
4.70 4035
4.70 4034
4.70 4033
4.70 4032
4.70 4031
4.70 4030
4.70 4029
4.70 4028
4.70 4027
4.70 4026
4.86 4025
4.86 4024
4.86 4023
4.86 4018
4.86 4017
4.94 4016
4.96 4015
4.96 4014
4.96 4013
4.96 4012
4.96 4011
5.02 4010
5.02 4009
5.03 4008
5.03 4007
5.05 4006
5.05 4005
5.05 4004
5.11 4003
5.11 4002
5.11 4001
5.16 4000
5.16 3999
5.16 3998
5.16 3997
5.16 3996
5.16 3995
5.20 3994
5.20 3993
5.20 3992
5.20 3991
5.20 3990
5.21 3989
5.21 3988
5.21 3987
5.21 3986
5.21 3985
5.21 3984
5.46 3983
5.46 3982
5.54 3981
5.54 3980
5.54 3979
5.54 3978
5.54 3977
5.54 3976
5.54 3975
5.69 3974
5.69 3973
5.74 3972
5.74 3971
5.75 3970
5.75 3969
5.75 3968
5.91 3967
5.94 3966
5.94 3965
5.94 3964
5.95 3963
5.95 3962
5.95 3961
5.95 3960
6.02 3959
6.02 3958
6.24 3957
6.34 3956
6.36 3955
6.36 3954
6.48 3953
6.66 3952
6.81 3951
6.81 3950
7.64 3949
