0.00 5678
0.03 5677
0.03 5676
0.03 5675
0.03 5674
0.03 5673
0.03 5672
0.05 5671
0.05 5670
0.05 5669
0.05 5668
0.05 5667
0.05 5666
0.05 5665
0.05 5664
0.05 5663
3.89 4153
3.89 4152
3.89 4151
3.89 4150
3.89 4149
3.89 4148
3.89 4147
3.89 4146
3.99 4142
3.99 4141
4.03 4130
4.03 4129
4.03 4128
4.03 4127
4.03 4126
4.03 4125
4.03 4124
4.03 4123
4.11 4122
4.11 4121
4.11 4120
4.11 4119
4.21 4114
4.21 4113
4.21 4112
4.21 4111
4.21 4110
4.22 4109
4.22 4108
4.22 4107
4.22 4106
4.24 4105
4.24 4104
4.24 4103
4.24 4102
4.24 4101
4.24 4100
4.24 4099
4.24 4098
4.24 4097
4.24 4096
4.24 4095
4.25 4090
4.25 4089
4.25 4088
4.25 4087
4.25 4086
4.25 4085
4.25 4084
4.25 4083
4.25 4082
4.33 4064
4.33 4063
4.33 4062
4.44 4061
4.44 4060
4.44 4059
4.44 4058
4.44 4057
4.59 4056
4.59 4055
4.60 4054
4.60 4053
4.60 4052
4.60 4051
4.60 4050
4.60 4049
4.60 4048
4.60 4047
4.60 4046
4.60 4045
4.60 4044
4.60 4043
4.60 4042
4.60 4041
4.60 4040
4.60 4039
4.62 4038
4.62 4037
4.62 4036
4.62 4035
4.70 4034
4.71 4033
4.71 4032
4.77 4031
4.77 4030
4.77 4029
4.77 4028
4.77 4027
4.77 4026
4.77 4025
4.77 4024
4.77 4023
4.77 4022
4.88 4021
4.89 4020
4.89 4019
4.89 4018
4.89 4017
4.89 4016
4.89 4015
4.89 4014
4.89 4013
4.89 4012
4.89 4011
4.89 4010
4.89 4009
4.91 4008
4.91 4007
4.95 4006
4.95 4005
4.95 4004
4.95 4003
4.95 4002
4.99 4001
4.99 4000
4.99 3999
4.99 3998
4.99 3997
4.99 3996
4.99 3995
5.06 3994
5.06 3993
5.06 3992
5.06 3991
5.06 3990
5.06 3989
5.06 3988
5.08 3987
5.08 3986
5.08 3985
5.43 3984
5.43 3983
5.43 3982
5.43 3981
5.43 3980
5.43 3979
5.43 3978
5.43 3977
5.43 3976
5.44 3975
5.44 3974
5.44 3973
5.44 3972
5.44 3971
5.68 3970
5.68 3969
5.68 3968
5.68 3967
5.68 3966
5.69 3965
5.69 3964
5.69 3963
5.69 3962
5.80 3961
5.86 3960
5.86 3959
5.88 3958
5.88 3957
5.88 3956
5.88 3955
5.88 3954
5.88 3953
6.05 3952
6.05 3951
6.05 3950
6.05 3949
6.05 3948
6.37 3947
6.37 3946
6.60 3945
6.67 3944
6.67 3943
6.74 3942
6.88 3941
7.14 3940
