0.00 2000
0.63 1999
0.63 1998
0.63 1997
0.63 1996
0.88 1738
0.88 1737
0.88 1736
0.88 1735
0.88 1734
0.88 1733
0.88 1732
0.88 1731
0.88 1730
0.88 1729
0.88 1728
0.89 1727
0.89 1726
0.89 1725
0.89 1724
0.89 1723
0.89 1722
0.89 1721
0.89 1720
0.89 1719
0.89 1718
0.89 1717
0.89 1716
0.89 1715
0.89 1714
0.89 1713
0.89 1712
0.89 1711
0.89 1710
0.89 1709
0.89 1708
0.89 1707
0.89 1706
0.89 1705
0.89 1704
0.89 1703
0.89 1702
0.89 1701
0.89 1700
0.89 1699
0.89 1698
0.89 1697
0.89 1696
0.89 1695
0.89 1694
0.89 1693
0.89 1692
0.89 1691
0.89 1690
0.89 1689
0.89 1688
0.89 1687
0.89 1686
0.89 1685
0.89 1684
0.89 1683
0.89 1682
0.89 1681
0.89 1680
0.90 1679
0.90 1678
0.90 1677
0.90 1676
0.90 1675
0.90 1674
0.90 1673
0.90 1672
0.90 1671
0.90 1670
0.90 1669
0.90 1668
0.90 1667
0.90 1666
0.90 1665
0.90 1664
0.90 1663
0.90 1662
0.90 1661
0.90 1660
0.90 1659
0.90 1658
0.90 1657
0.90 1656
0.90 1655
0.90 1654
0.90 1653
0.90 1652
0.90 1651
0.90 1650
0.90 1649
0.90 1648
0.90 1647
0.90 1646
0.90 1645
0.90 1644
0.90 1643
0.90 1642
0.90 1641
0.90 1640
0.90 1639
0.90 1638
0.90 1637
0.90 1636
0.90 1635
0.90 1634
0.90 1633
0.90 1632
0.90 1631
0.90 1630
0.90 1629
0.90 1628
0.90 1627
0.90 1626
0.90 1625
0.90 1624
0.90 1623
0.90 1622
0.90 1621
0.90 1620
0.90 1619
0.90 1618
0.90 1617
0.90 1616
0.90 1615
0.90 1614
0.90 1613
0.90 1612
0.90 1611
0.90 1610
0.90 1609
0.91 1608
0.91 1607
0.92 1606
0.92 1605
0.92 1604
0.92 1603
0.92 1602
0.92 1601
0.92 1600
0.92 1599
0.92 1598
0.92 1597
0.92 1596
0.92 1595
0.92 1594
0.92 1593
0.92 1592
0.92 1591
0.92 1590
0.92 1589
0.92 1588
0.92 1587
0.92 1586
0.92 1585
0.92 1584
0.92 1583
0.92 1582
0.92 1581
0.92 1580
0.92 1579
0.92 1578
0.92 1577
0.92 1576
0.93 1575
0.93 1574
0.93 1573
0.93 1572
0.93 1571
0.93 1570
0.94 1569
0.94 1568
0.94 1567
0.94 1566
0.94 1565
0.94 1564
0.94 1563
0.94 1562
0.94 1561
0.94 1560
0.94 1559
0.94 1558
0.94 1557
0.94 1556
0.94 1555
0.94 1554
0.94 1553
0.94 1552
0.94 1551
0.94 1550
0.94 1549
0.94 1548
0.94 1547
0.94 1546
0.95 1545
0.95 1544
0.95 1543
0.95 1542
0.95 1541
0.95 1540
0.95 1539
0.95 1538
0.95 1537
0.95 1536
0.95 1535
0.95 1534
0.95 1533
0.95 1532
0.95 1531
0.95 1530
0.95 1529
0.95 1528
0.95 1527
0.95 1526
0.95 1525
0.96 1524
0.96 1523
0.96 1522
0.96 1521
0.96 1520
0.96 1519
0.96 1518
0.96 1517
0.96 1516
0.96 1515
0.96 1514
0.96 1513
0.96 1512
0.96 1511
0.96 1510
0.96 1509
0.96 1508
0.96 1507
0.96 1506
0.96 1505
0.96 1504
0.96 1503
0.96 1502
0.96 1501
0.96 1500
0.96 1499
0.96 1498
0.96 1497
0.96 1496
0.96 1495
0.96 1494
0.96 1493
0.96 1492
0.96 1491
0.96 1490
0.96 1489
0.96 1488
0.96 1487
0.96 1486
0.96 1485
0.96 1484
0.96 1483
0.97 1482
0.97 1481
0.97 1480
0.97 1479
0.97 1478
0.97 1477
0.97 1476
0.97 1475
0.97 1474
0.97 1473
0.97 1472
0.97 1471
0.97 1470
0.97 1469
0.97 1468
0.97 1467
0.97 1466
0.97 1465
0.97 1464
0.97 1463
0.98 1462
0.98 1461
0.98 1460
0.98 1459
0.98 1458
0.98 1457
0.98 1456
0.98 1455
0.98 1454
0.98 1453
0.98 1452
0.98 1451
0.98 1450
0.98 1449
0.98 1448
0.98 1447
0.98 1446
0.98 1445
0.98 1444
0.98 1443
0.98 1442
0.98 1441
0.98 1440
0.98 1439
0.98 1438
0.98 1437
0.98 1436
0.98 1435
0.98 1434
0.98 1433
0.98 1432
0.98 1431
0.98 1430
0.98 1429
0.98 1428
0.98 1427
0.98 1426
0.98 1425
0.98 1424
0.98 1423
0.98 1422
0.98 1421
0.98 1420
0.98 1419
0.98 1418
0.98 1417
0.98 1416
0.98 1415
0.98 1414
0.98 1413
1.00 1412
1.00 1411
1.00 1410
1.00 1409
1.00 1408
1.00 1407
1.00 1406
1.00 1405
1.00 1404
1.00 1403
1.00 1402
1.00 1401
1.00 1400
1.00 1399
1.00 1398
1.00 1397
1.00 1396
1.00 1395
1.00 1394
1.00 1393
1.00 1392
1.00 1391
1.00 1390
1.00 1389
1.00 1388
1.00 1387
1.00 1386
1.01 1385
1.01 1384
1.01 1383
1.01 1382
1.01 1381
1.02 1380
1.02 1379
1.02 1378
1.02 1377
1.02 1376
1.02 1375
1.02 1374
1.02 1373
1.02 1372
1.02 1371
1.02 1370
1.02 1369
1.02 1368
1.02 1367
1.02 1366
1.02 1365
1.02 1364
1.02 1363
1.02 1362
1.02 1361
1.02 1360
1.02 1359
1.02 1358
1.02 1357
1.02 1356
1.02 1355
1.02 1354
1.02 1353
1.02 1352
1.02 1351
1.02 1350
1.02 1349
1.02 1348
1.02 1347
1.03 1346
1.03 1345
1.03 1344
1.03 1343
1.03 1342
1.03 1341
1.03 1340
1.03 1339
1.03 1338
1.03 1337
1.03 1336
1.04 1335
1.04 1334
1.04 1333
1.04 1332
1.04 1331
1.04 1330
1.04 1329
1.04 1328
1.04 1327
1.05 1326
1.05 1325
1.05 1324
1.05 1323
1.05 1322
1.05 1321
1.05 1320
1.05 1319
1.05 1318
1.05 1317
1.05 1316
1.07 1315
1.07 1314
1.07 1313
1.07 1312
1.07 1311
1.07 1310
1.07 1309
1.07 1308
1.07 1307
1.07 1306
1.07 1305
1.07 1304
1.07 1303
1.07 1302
1.08 1301
1.08 1300
1.08 1299
1.08 1298
1.10 1297
1.10 1296
1.10 1295
1.10 1294
1.10 1293
1.10 1292
1.10 1291
1.10 1290
1.10 1289
1.10 1288
1.10 1287
1.10 1286
1.10 1285
1.10 1284
1.10 1283
1.10 1282
1.12 1281
1.14 1280
1.14 1279
1.14 1278
1.14 1277
1.14 1276
1.14 1275
1.14 1274
1.14 1273
1.14 1272
1.15 1271
1.15 1270
1.15 1269
1.15 1268
1.15 1267
1.15 1266
1.15 1265
1.15 1264
1.15 1263
1.15 1262
1.15 1261
1.15 1260
1.15 1259
1.15 1258
1.17 1257
1.17 1256
1.17 1255
1.17 1254
1.17 1253
1.17 1252
1.17 1251
1.17 1250
1.17 1249
1.17 1248
1.17 1247
1.17 1246
1.17 1245
1.17 1244
1.17 1243
1.17 1242
1.17 1241
1.17 1240
1.17 1239
1.17 1238
1.17 1237
1.17 1236
1.17 1235
1.17 1234
1.17 1233
1.17 1232
1.17 1231
1.18 1230
1.18 1229
1.18 1228
1.18 1227
1.18 1226
1.18 1225
1.18 1224
1.18 1223
1.18 1222
1.20 1221
1.20 1220
1.20 1219
1.20 1218
1.20 1217
1.20 1216
1.20 1215
1.20 1214
1.20 1213
1.20 1212
1.20 1211
1.20 1210
1.20 1209
1.22 1208
1.22 1207
1.24 1206
1.24 1205
1.24 1204
1.24 1203
1.24 1202
1.24 1201
1.24 1200
1.24 1199
1.24 1198
1.24 1197
1.31 1196
1.31 1195
1.31 1194
1.31 1193
1.31 1192
1.33 1191
1.33 1190
1.33 1189
1.33 1188
1.33 1187
1.33 1186
1.33 1185
1.35 1184
1.35 1183
1.41 1182
1.43 1181
1.43 1180
1.43 1179
1.43 1178
1.43 1177
1.43 1176
1.43 1175
1.43 1174
1.43 1173
1.52 1172
1.52 1171
1.52 1170
1.52 1169
1.52 1168
1.55 1167
1.55 1166
1.55 1165
1.57 1164
1.57 1163
1.57 1162
1.57 1161
1.82 1160
1.82 1159
1.84 1158
1.84 1157
1.88 1156
1.88 1155
1.88 1154
1.88 1153
1.88 1152
1.88 1151
1.88 1150
1.88 1149
1.88 1148
1.88 1147
1.88 1146
1.88 1145
1.88 1144
1.88 1143
1.95 1142
1.96 1141
1.96 1140
1.97 1139
2.04 1138
2.04 1137
2.04 1136
2.05 1135
2.05 1134
2.06 1133
2.06 1132
2.11 1131
2.11 1130
2.11 1129
2.11 1128
2.11 1127
2.13 1126
2.13 1125
2.13 1124
2.14 1123
2.14 1122
2.14 1121
2.16 1120
2.16 1119
2.16 1118
2.21 1117
2.21 1116
2.24 1115
2.24 1114
2.24 1113
2.25 1112
2.25 1111
2.34 1110
2.34 1109
2.34 1108
2.36 1107
2.36 1106
2.36 1105
2.36 1104
2.40 1103
2.40 1102
2.40 1101
2.76 1100
2.76 1099
2.94 1098
2.94 1097
2.95 1096
2.95 1095
2.95 1094
2.95 1093
2.95 1092
2.95 1091
2.95 1090
2.97 1089
2.99 1088
2.99 1087
2.99 1086
3.00 1085
3.00 1084
3.00 1083
3.00 1082
3.00 1081
3.00 1080
3.00 1079
3.04 1078
3.27 1077
3.27 1076
3.34 1075
3.34 1074
3.34 1073
3.34 1072
3.60 1071
3.60 1070
3.60 1069
3.60 1068
3.60 1067
3.60 1066
3.60 1065
3.62 1064
3.62 1063
3.62 1062
3.64 1061
3.64 1060
3.64 1059
3.71 1058
3.71 1057
3.71 1056
3.73 1055
3.81 1054
3.81 1053
3.81 1052
3.82 1051
3.87 1050
3.87 1049
3.94 1048
3.94 1047
3.95 1046
3.95 1045
3.97 1044
3.97 1043
3.97 1042
3.98 1041
3.98 1040
3.98 1039
3.99 1038
3.99 1037
3.99 1036
3.99 1035
4.00 1034
4.00 1033
4.00 1032
4.00 1031
4.44 1030
4.46 1029
4.46 1028
4.46 1027
4.63 1026
4.64 1025
4.64 1024
4.68 1023
4.68 1022
4.68 1021
4.71 1020
4.77 1019
4.77 1018
4.95 1017
4.96 1016
4.96 1015
4.96 1014
5.41 1013
5.43 1012
5.43 1011
5.44 1010
5.70 1009
5.74 1008
5.81 1007
5.82 1006
5.82 1005
6.06 1004
6.11 1003
6.17 1002
6.57 1001
7.35 1000
