0.00 3736
0.02 3735
2.89 2500
3.05 2494
3.16 2487
3.16 2486
3.16 2485
3.16 2484
3.16 2483
3.16 2482
3.16 2481
3.16 2480
3.16 2479
3.16 2478
3.16 2477
3.16 2476
3.16 2475
3.16 2474
3.16 2473
3.16 2472
3.16 2471
3.17 2441
3.17 2440
3.17 2439
3.17 2438
3.25 2437
3.25 2436
3.25 2435
3.25 2434
3.25 2433
3.25 2432
3.25 2431
3.25 2430
3.25 2429
3.25 2428
3.25 2427
3.25 2426
3.25 2425
3.25 2424
3.25 2423
3.35 2422
3.35 2421
3.35 2420
3.35 2419
3.35 2418
3.44 2417
3.44 2416
3.50 2400
3.51 2399
3.51 2398
3.51 2397
3.51 2396
3.51 2395
3.51 2394
3.64 2392
3.64 2391
3.70 2390
3.73 2389
3.73 2379
3.73 2378
3.73 2377
3.73 2376
3.78 2374
3.78 2373
3.78 2372
3.78 2371
3.81 2368
3.81 2367
3.81 2366
3.84 2365
3.84 2364
3.86 2363
3.86 2362
3.86 2361
3.92 2360
3.94 2359
3.94 2358
3.94 2357
3.94 2356
3.94 2355
3.94 2354
3.94 2353
3.94 2352
3.94 2350
3.94 2349
3.94 2348
3.94 2347
3.94 2346
3.94 2345
4.00 2344
4.00 2343
4.00 2342
4.00 2341
4.00 2340
4.06 2339
4.06 2338
4.06 2337
4.06 2336
4.06 2335
4.06 2334
4.08 2333
4.08 2332
4.13 2331
4.13 2330
4.13 2329
4.13 2328
4.24 2321
4.24 2320
4.24 2319
4.24 2318
4.24 2317
4.25 2316
4.25 2315
4.25 2314
4.27 2313
4.30 2309
4.30 2308
4.30 2307
4.30 2306
4.30 2305
4.30 2304
4.30 2303
4.30 2302
4.41 2301
4.43 2300
4.43 2299
4.43 2298
4.43 2297
4.47 2295
4.63 2290
4.63 2289
4.63 2288
4.64 2287
4.66 2286
4.66 2285
4.66 2284
4.66 2283
4.66 2282
4.66 2281
4.80 2280
4.83 2279
4.91 2278
4.91 2277
5.02 2276
5.02 2275
5.03 2274
5.03 2273
5.03 2272
5.03 2271
5.03 2270
5.03 2269
5.03 2268
5.08 2267
5.08 2266
5.08 2265
5.08 2264
5.21 2263
5.21 2262
5.26 2261
5.26 2260
5.26 2259
5.26 2258
5.26 2257
5.26 2256
5.26 2255
5.45 2254
5.45 2253
5.47 2252
5.47 2251
5.47 2250
5.47 2249
5.53 2248
5.53 2247
5.53 2246
5.60 2245
5.60 2244
5.60 2243
5.70 2242
5.72 2241
5.72 2240
5.72 2239
5.72 2238
5.72 2237
5.72 2236
5.94 2235
6.05 2234
6.08 2233
6.25 2232
6.25 2231
6.58 2230
6.85 2229
7.11 2228
7.50 2227
