0.00 3736
0.01 3735
0.01 3734
0.01 3733
0.03 3732
0.03 3731
0.03 3730
0.03 3729
0.03 3728
0.03 3727
0.03 3726
0.03 3725
2.90 2503
2.92 2497
2.92 2496
2.92 2495
2.92 2494
2.92 2493
2.92 2492
2.92 2491
3.11 2460
3.11 2459
3.11 2458
3.11 2457
3.11 2456
3.13 2444
3.13 2443
3.14 2442
3.14 2441
3.14 2440
3.14 2439
3.14 2438
3.14 2437
3.14 2436
3.26 2435
3.26 2434
3.26 2433
3.42 2430
3.42 2429
3.42 2428
3.42 2427
3.42 2426
3.51 2417
3.51 2416
3.51 2415
3.51 2414
3.51 2413
3.51 2412
3.51 2411
3.51 2410
3.51 2409
3.51 2408
3.51 2407
3.51 2406
3.51 2405
3.51 2404
3.51 2403
3.51 2402
3.51 2401
3.72 2378
3.73 2372
3.73 2371
3.73 2370
3.73 2369
3.73 2368
3.73 2367
3.73 2366
3.81 2365
3.81 2364
3.88 2363
3.92 2362
3.92 2361
4.03 2360
4.03 2359
4.03 2358
4.03 2357
4.03 2356
4.03 2355
4.03 2354
4.03 2353
4.03 2352
4.03 2351
4.10 2350
4.16 2349
4.16 2348
4.16 2347
4.16 2346
4.16 2345
4.16 2344
4.16 2343
4.16 2342
4.18 2341
4.18 2340
4.18 2339
4.18 2338
4.18 2337
4.18 2336
4.18 2335
4.18 2334
4.18 2333
4.18 2332
4.18 2331
4.18 2330
4.18 2329
4.18 2328
4.35 2327
4.35 2326
4.37 2325
4.37 2324
4.37 2323
4.37 2322
4.39 2321
4.45 2320
4.45 2319
4.45 2318
4.45 2317
4.45 2316
4.45 2315
4.45 2314
4.45 2313
4.45 2312
4.51 2311
4.51 2310
4.51 2309
4.51 2308
4.51 2307
4.51 2306
4.51 2305
4.51 2304
4.51 2303
4.51 2302
4.51 2301
4.51 2300
4.51 2299
4.51 2298
4.76 2297
4.78 2296
4.78 2295
4.78 2294
4.78 2293
4.84 2292
4.84 2291
4.89 2286
4.89 2285
4.95 2284
4.95 2283
4.95 2282
4.95 2281
4.99 2278
4.99 2277
4.99 2276
4.99 2275
4.99 2274
4.99 2273
5.13 2272
5.13 2271
5.13 2270
5.13 2269
5.13 2268
5.16 2267
5.16 2266
5.16 2265
5.16 2264
5.21 2263
5.21 2262
5.21 2261
5.21 2260
5.21 2259
5.21 2258
5.21 2257
5.21 2256
5.42 2255
5.42 2254
5.62 2253
5.62 2252
5.62 2251
5.75 2250
5.80 2249
5.80 2248
5.88 2247
5.91 2246
5.92 2245
6.00 2244
6.08 2243
6.08 2242
6.11 2241
6.24 2240
6.24 2239
6.26 2238
6.42 2237
6.43 2236
6.45 2235
6.72 2234
6.72 2233
6.72 2232
