0.00 5678
0.03 5677
0.03 5676
0.03 5675
0.03 5674
0.03 5673
0.03 5672
0.03 5671
0.03 5670
0.03 5669
0.03 5668
0.03 5667
0.03 5666
0.03 5665
0.03 5664
0.03 5663
0.03 5662
0.03 5661
0.03 5660
0.03 5659
0.03 5658
0.03 5657
0.03 5656
0.03 5655
0.03 5654
0.03 5653
0.03 5652
0.03 5651
3.64 4180
3.68 4179
3.68 4178
3.68 4177
3.68 4176
3.68 4175
3.69 4174
3.69 4173
3.69 4172
3.74 4169
3.74 4168
3.74 4167
3.74 4166
3.74 4165
3.74 4164
3.84 4157
3.84 4156
3.85 4154
3.85 4153
3.85 4152
3.95 4136
3.96 4135
3.98 4132
3.98 4131
3.98 4130
3.98 4129
3.98 4128
3.98 4127
3.98 4126
3.98 4125
3.98 4124
3.98 4123
3.98 4122
3.98 4121
3.98 4120
3.99 4119
3.99 4118
4.06 4117
4.06 4116
4.06 4115
4.06 4114
4.06 4113
4.06 4112
4.07 4111
4.07 4110
4.07 4109
4.07 4108
4.07 4107
4.12 4100
4.22 4095
4.22 4094
4.22 4093
4.22 4092
4.22 4091
4.22 4090
4.22 4089
4.22 4088
4.22 4087
4.22 4086
4.22 4085
4.27 4080
4.34 4079
4.34 4078
4.34 4077
4.34 4076
4.34 4075
4.35 4074
4.35 4073
4.35 4072
4.35 4071
4.35 4070
4.35 4069
4.35 4068
4.35 4067
4.35 4066
4.35 4065
4.35 4064
4.35 4063
4.35 4062
4.35 4061
4.35 4060
4.35 4059
4.35 4058
4.35 4057
4.35 4056
4.36 4055
4.47 4054
4.49 4053
4.49 4052
4.49 4051
4.49 4050
4.59 4042
4.59 4041
4.59 4040
4.59 4039
4.60 4038
4.60 4037
4.60 4036
4.60 4035
4.60 4034
4.61 4033
4.61 4032
4.62 4031
4.62 4030
4.62 4029
4.62 4028
4.62 4027
4.62 4026
4.62 4025
4.62 4024
4.62 4023
4.77 4022
4.77 4021
4.77 4020
4.77 4019
4.77 4018
4.78 4017
4.78 4016
4.85 4015
4.85 4014
4.85 4013
4.86 4012
4.86 4011
4.86 4010
5.02 4009
5.03 4008
5.03 4007
5.05 4002
5.05 4001
5.13 4000
5.14 3999
5.14 3998
5.14 3997
5.14 3996
5.27 3995
5.27 3994
5.27 3993
5.27 3992
5.27 3991
5.27 3990
5.27 3989
5.27 3988
5.27 3987
5.30 3986
5.30 3985
5.30 3984
5.31 3983
5.31 3982
5.34 3981
5.48 3980
5.48 3979
5.48 3978
5.48 3977
5.48 3976
5.48 3975
5.48 3974
5.57 3973
5.65 3972
5.65 3971
5.65 3970
5.65 3969
5.65 3968
5.65 3967
5.65 3966
5.65 3965
5.85 3964
5.85 3963
5.86 3962
5.86 3961
5.99 3960
5.99 3959
5.99 3958
5.99 3957
5.99 3956
6.06 3955
6.21 3954
6.22 3953
6.22 3952
6.22 3951
6.22 3950
6.36 3949
6.50 3948
6.50 3947
6.69 3946
7.00 3945
7.42 3944
