0.00 1960
0.62 1959
0.62 1958
0.62 1957
0.62 1956
0.62 1955
0.62 1954
0.62 1953
0.62 1952
0.62 1951
0.62 1950
0.62 1949
0.62 1948
0.62 1947
0.62 1946
0.62 1945
0.62 1944
0.62 1943
0.62 1942
0.62 1941
0.62 1940
0.62 1939
0.62 1938
0.62 1937
0.62 1936
0.62 1935
0.64 1934
0.64 1933
0.64 1932
0.64 1931
0.64 1930
0.64 1929
0.64 1928
0.64 1927
0.64 1926
0.64 1925
0.64 1924
0.64 1923
0.64 1922
0.64 1921
0.64 1920
0.64 1919
0.64 1918
0.64 1917
0.64 1916
0.64 1915
0.64 1914
0.64 1913
0.64 1912
0.64 1911
0.64 1910
0.64 1909
0.64 1908
0.64 1907
0.64 1906
0.64 1905
0.64 1904
0.64 1903
0.64 1902
0.64 1901
0.64 1900
0.64 1899
0.64 1898
0.64 1897
0.64 1896
0.64 1895
0.64 1894
0.64 1893
0.64 1892
0.64 1891
0.64 1890
0.65 1889
0.65 1888
0.65 1887
0.65 1886
0.65 1885
0.65 1884
0.65 1883
0.65 1882
0.65 1881
0.65 1880
0.65 1879
0.65 1878
0.65 1877
0.65 1876
0.65 1875
0.65 1874
0.65 1873
0.65 1872
0.65 1871
0.65 1870
0.65 1869
0.65 1868
0.65 1867
0.65 1866
0.65 1865
0.65 1864
0.65 1863
0.65 1862
0.65 1861
0.65 1860
0.65 1859
0.65 1858
0.65 1857
0.65 1856
0.65 1855
0.65 1854
0.65 1853
0.65 1852
0.65 1851
0.65 1850
0.65 1849
0.65 1848
0.65 1847
0.65 1846
0.65 1845
0.65 1844
0.65 1843
0.65 1842
0.65 1841
0.65 1840
0.65 1839
0.65 1838
0.65 1837
0.65 1836
0.65 1835
0.65 1834
0.65 1833
0.65 1832
0.65 1831
0.65 1830
0.65 1829
0.65 1828
0.65 1827
0.65 1826
0.65 1825
0.65 1824
0.65 1823
0.65 1822
0.65 1821
0.66 1820
0.66 1819
0.66 1818
0.66 1817
0.66 1816
0.66 1815
0.66 1814
0.66 1813
0.66 1812
0.66 1811
0.66 1810
0.66 1809
0.66 1808
0.66 1807
0.66 1806
0.66 1805
0.66 1804
0.66 1803
0.66 1802
0.66 1801
0.66 1800
0.66 1799
0.66 1798
0.66 1797
0.66 1796
0.66 1795
0.66 1794
0.66 1793
0.66 1792
0.66 1791
0.66 1790
0.66 1789
0.66 1788
0.66 1787
0.66 1786
0.66 1785
0.66 1784
0.66 1783
0.66 1782
0.66 1781
0.66 1780
0.66 1779
0.66 1778
0.66 1777
0.66 1776
0.66 1775
0.66 1774
0.66 1773
0.66 1772
0.66 1771
0.66 1770
0.66 1769
0.66 1768
0.66 1767
0.66 1766
0.66 1765
0.66 1764
0.66 1763
0.66 1762
0.66 1761
0.66 1760
0.66 1759
0.66 1758
0.68 1757
0.68 1756
0.68 1755
0.68 1754
0.68 1753
0.68 1752
0.68 1751
0.68 1750
0.68 1749
0.68 1748
0.68 1747
0.68 1746
0.68 1745
0.68 1744
0.68 1743
0.68 1742
0.68 1741
0.68 1740
0.68 1739
0.68 1738
0.68 1737
0.68 1736
0.68 1735
0.68 1734
0.68 1733
0.68 1732
0.68 1731
0.68 1730
0.68 1729
0.68 1728
0.68 1727
0.68 1726
0.68 1725
0.68 1724
0.68 1723
0.68 1722
0.68 1721
0.68 1720
0.68 1719
0.68 1718
0.68 1717
0.68 1716
0.68 1715
0.68 1714
0.68 1713
0.68 1712
0.68 1711
0.68 1710
0.68 1709
0.68 1708
0.68 1707
0.68 1706
0.68 1705
0.68 1704
0.68 1703
0.68 1702
0.68 1701
0.68 1700
0.68 1699
0.68 1698
0.68 1697
0.68 1696
0.68 1695
0.70 1694
0.70 1693
0.70 1692
0.70 1691
0.70 1690
0.70 1689
0.70 1688
0.70 1687
0.70 1686
0.70 1685
0.70 1684
0.70 1683
0.70 1682
0.70 1681
0.70 1680
0.70 1679
0.70 1678
0.70 1677
0.70 1676
0.70 1675
0.70 1674
0.70 1673
0.70 1672
0.70 1671
0.70 1670
0.70 1669
0.70 1668
0.70 1667
0.70 1666
0.70 1665
0.70 1664
0.70 1663
0.70 1662
0.70 1661
0.70 1660
0.70 1659
0.70 1658
0.70 1657
0.70 1656
0.70 1655
0.70 1654
0.70 1653
0.70 1652
0.70 1651
0.70 1650
0.70 1649
0.70 1648
0.70 1647
0.70 1646
0.70 1645
0.70 1644
0.70 1643
0.70 1642
0.70 1641
0.70 1640
0.70 1639
0.70 1638
0.70 1637
0.70 1636
0.71 1635
0.71 1634
0.71 1633
0.71 1632
0.71 1631
0.71 1630
0.71 1629
0.71 1628
0.71 1627
0.71 1626
0.71 1625
0.71 1624
0.71 1623
0.71 1622
0.71 1621
0.71 1620
0.71 1619
0.71 1618
0.71 1617
0.71 1616
0.71 1615
0.71 1614
0.71 1613
0.71 1612
0.71 1611
0.71 1610
0.71 1609
0.71 1608
0.71 1607
0.71 1606
0.71 1605
0.71 1604
0.71 1603
0.71 1602
0.71 1601
0.71 1600
0.71 1599
0.71 1598
0.71 1597
0.71 1596
0.71 1595
0.71 1594
0.71 1593
0.71 1592
0.71 1591
0.71 1590
0.71 1589
0.71 1588
0.73 1587
0.73 1586
0.73 1585
0.73 1584
0.73 1583
0.73 1582
0.73 1581
0.73 1580
0.73 1579
0.73 1578
0.73 1577
0.73 1576
0.73 1575
0.73 1574
0.73 1573
0.73 1572
0.73 1571
0.73 1570
0.73 1569
0.73 1568
0.73 1567
0.73 1566
0.73 1565
0.73 1564
0.73 1563
0.73 1562
0.73 1561
0.73 1560
0.73 1559
0.73 1558
0.73 1557
0.73 1556
0.73 1555
0.73 1554
0.73 1553
0.73 1552
0.73 1551
0.73 1550
0.73 1549
0.73 1548
0.73 1547
0.73 1546
0.73 1545
0.75 1544
0.75 1543
0.75 1542
0.75 1541
0.75 1540
0.75 1539
0.75 1538
0.75 1537
0.75 1536
0.75 1535
0.75 1534
0.75 1533
0.75 1532
0.75 1531
0.75 1530
0.75 1529
0.75 1528
0.75 1527
0.75 1526
0.75 1525
0.75 1524
0.75 1523
0.75 1522
0.75 1521
0.75 1520
0.75 1519
0.75 1518
0.75 1517
0.75 1516
0.75 1515
0.75 1514
0.75 1513
0.75 1512
0.75 1511
0.75 1510
0.75 1509
0.75 1508
0.75 1507
0.75 1506
0.75 1505
0.75 1504
0.75 1503
0.75 1502
0.75 1501
0.75 1500
0.75 1499
0.75 1498
0.75 1497
0.75 1496
0.75 1495
0.76 1494
0.76 1493
0.76 1492
0.76 1491
0.76 1490
0.76 1489
0.76 1488
0.76 1487
0.76 1486
0.76 1485
0.76 1484
0.76 1483
0.76 1482
0.76 1481
0.76 1480
0.76 1479
0.76 1478
0.76 1477
0.76 1476
0.76 1475
0.76 1474
0.76 1473
0.76 1472
0.76 1471
0.76 1470
0.76 1469
0.76 1468
0.76 1467
0.76 1466
0.76 1465
0.76 1464
0.76 1463
0.76 1462
0.76 1461
0.76 1460
0.76 1459
0.76 1458
0.76 1457
0.76 1456
0.76 1455
0.76 1454
0.76 1453
0.78 1452
0.78 1451
0.78 1450
0.78 1449
0.78 1448
0.78 1447
0.78 1446
0.78 1445
0.78 1444
0.78 1443
0.78 1442
0.78 1441
0.78 1440
0.78 1439
0.78 1438
0.78 1437
0.78 1436
0.78 1435
0.78 1434
0.78 1433
0.78 1432
0.78 1431
0.78 1430
0.78 1429
0.78 1428
0.78 1427
0.78 1426
0.78 1425
0.78 1424
0.78 1423
0.78 1422
0.78 1421
0.78 1420
0.78 1419
0.78 1418
0.78 1417
0.78 1416
0.78 1415
0.78 1414
0.78 1413
0.78 1412
0.78 1411
0.78 1410
0.78 1409
0.78 1408
0.78 1407
0.78 1406
0.78 1405
0.78 1404
0.80 1403
0.80 1402
0.80 1401
0.80 1400
0.80 1399
0.80 1398
0.80 1397
0.80 1396
0.80 1395
0.80 1394
0.80 1393
0.80 1392
0.80 1391
0.80 1390
0.80 1389
0.80 1388
0.80 1387
0.80 1386
0.80 1385
0.80 1384
0.80 1383
0.80 1382
0.80 1381
0.80 1380
0.80 1379
0.80 1378
0.80 1377
0.80 1376
0.80 1375
0.80 1374
0.81 1373
0.81 1372
0.81 1371
0.81 1370
0.81 1369
0.81 1368
0.81 1367
0.81 1366
0.81 1365
0.81 1364
0.81 1363
0.81 1362
0.81 1361
0.81 1360
0.81 1359
0.81 1358
0.81 1357
0.81 1356
0.81 1355
0.81 1354
0.81 1353
0.81 1352
0.81 1351
0.81 1350
0.81 1349
0.81 1348
0.81 1347
0.81 1346
0.81 1345
0.81 1344
0.81 1343
0.81 1342
0.81 1341
0.81 1340
0.81 1339
0.81 1338
0.81 1337
0.81 1336
0.81 1335
0.83 1334
0.83 1333
0.83 1332
0.83 1331
0.83 1330
0.83 1329
0.83 1328
0.83 1327
0.83 1326
0.83 1325
0.83 1324
0.83 1323
0.83 1322
0.83 1321
0.83 1320
0.83 1319
0.83 1318
0.83 1317
0.85 1316
0.85 1315
0.85 1314
0.85 1313
0.85 1312
0.85 1311
0.85 1310
0.85 1309
0.85 1308
0.85 1307
0.85 1306
0.85 1305
0.85 1304
0.85 1303
0.85 1302
0.85 1301
0.85 1300
0.85 1299
0.85 1298
0.85 1297
0.85 1296
0.85 1295
0.85 1294
0.86 1293
0.86 1292
0.86 1291
0.86 1290
0.86 1289
0.86 1288
0.86 1287
0.86 1286
0.86 1285
0.86 1284
0.86 1283
0.86 1282
0.86 1281
0.86 1280
0.86 1279
0.86 1278
0.86 1277
0.86 1276
0.86 1275
0.86 1274
0.86 1273
0.88 1272
0.88 1271
0.88 1270
0.88 1269
0.88 1268
0.88 1267
0.88 1266
0.88 1265
0.88 1264
0.88 1263
0.88 1262
0.88 1261
0.90 1260
0.90 1259
0.90 1258
0.90 1257
0.90 1256
0.90 1255
0.90 1254
0.91 1253
0.91 1252
0.91 1251
0.91 1250
0.91 1249
0.91 1248
0.91 1247
0.91 1246
0.91 1245
0.91 1244
0.91 1243
0.91 1242
0.91 1241
0.91 1240
0.93 1239
0.93 1238
0.93 1237
0.93 1236
0.93 1235
0.93 1234
0.95 1233
0.95 1232
0.95 1231
0.95 1230
0.95 1229
0.95 1228
0.95 1227
0.95 1226
0.95 1225
0.95 1224
0.95 1223
0.95 1222
0.95 1221
0.95 1220
0.95 1219
0.95 1218
0.95 1217
1.11 1216
1.13 1215
1.13 1214
1.13 1213
1.13 1212
1.13 1211
1.13 1210
1.13 1209
1.13 1208
1.13 1207
1.13 1206
1.15 1205
1.15 1204
1.15 1203
1.15 1202
1.15 1201
1.15 1200
1.15 1199
1.15 1198
1.25 1197
1.25 1196
1.25 1195
1.25 1194
1.25 1193
1.25 1192
1.25 1191
1.25 1190
1.25 1189
1.25 1188
1.25 1187
1.25 1186
1.25 1185
1.31 1184
1.33 1183
1.33 1182
1.33 1181
1.33 1180
1.35 1179
1.35 1178
1.35 1177
1.35 1176
1.36 1175
1.36 1174
1.38 1173
1.38 1172
1.38 1171
1.38 1170
1.38 1169
1.38 1168
1.38 1167
1.38 1166
1.38 1165
1.40 1164
1.56 1163
1.56 1162
1.56 1161
1.57 1160
1.57 1159
1.57 1158
1.57 1157
1.57 1156
1.57 1155
1.58 1154
1.58 1153
1.58 1152
1.58 1151
1.58 1150
1.59 1149
1.59 1148
1.59 1147
1.60 1146
1.60 1145
1.60 1144
1.60 1143
1.60 1142
1.60 1141
1.60 1140
1.65 1139
1.65 1138
1.72 1137
1.72 1136
1.84 1135
1.84 1134
1.84 1133
1.92 1132
1.92 1131
1.92 1130
1.92 1129
1.92 1128
2.00 1127
2.00 1126
2.01 1125
2.03 1124
2.03 1123
2.03 1122
2.03 1121
2.03 1120
2.03 1119
2.03 1118
2.03 1117
2.03 1116
2.03 1115
2.22 1114
2.22 1113
2.30 1112
2.30 1111
2.30 1110
2.30 1109
2.32 1108
2.32 1107
2.32 1106
2.32 1105
2.33 1104
2.33 1103
2.33 1102
2.33 1101
2.33 1100
2.33 1099
2.33 1098
2.33 1097
2.33 1096
2.68 1095
2.68 1094
2.68 1093
2.70 1092
2.73 1091
2.83 1090
2.83 1089
2.83 1088
2.84 1087
2.84 1086
2.84 1085
2.85 1084
2.85 1083
2.86 1082
2.86 1081
2.86 1080
2.86 1079
2.86 1078
2.89 1077
2.89 1076
2.89 1075
2.89 1074
2.89 1073
2.89 1072
2.89 1071
2.89 1070
2.89 1069
2.89 1068
2.89 1067
2.89 1066
2.89 1065
2.90 1064
2.90 1063
2.90 1062
2.90 1061
2.90 1060
2.90 1059
2.90 1058
2.97 1057
2.98 1056
2.98 1055
2.98 1054
2.98 1053
2.98 1052
2.98 1051
2.98 1050
2.98 1049
2.98 1048
2.98 1047
3.00 1046
3.00 1045
3.00 1044
3.00 1043
3.00 1042
3.00 1041
3.00 1040
3.00 1039
3.00 1038
3.00 1037
3.91 1036
3.91 1035
3.91 1034
3.91 1033
3.91 1032
3.91 1031
3.91 1030
3.91 1029
4.05 1028
4.05 1027
4.07 1026
4.07 1025
4.07 1024
4.07 1023
4.08 1022
4.08 1021
4.08 1020
4.32 1019
4.32 1018
4.34 1017
4.34 1016
4.35 1015
4.35 1014
4.35 1013
4.35 1012
4.35 1011
4.35 1010
4.35 1009
4.35 1008
4.37 1007
4.37 1006
4.45 1005
4.46 1004
4.49 1003
4.49 1002
4.49 1001
4.50 1000
4.50 999
4.50 998
4.50 997
4.50 996
5.15 995
5.15 994
5.16 993
5.16 992
5.53 991
5.54 990
5.56 989
5.64 988
5.67 987
5.67 986
5.67 985
5.67 984
5.72 983
6.51 982
6.53 981
7.00 980
