0.00 5684
3.39 4724
3.39 4723
3.39 4722
3.39 4721
3.39 4720
3.39 4719
3.39 4718
3.39 4717
3.40 4716
3.40 4715
3.40 4714
3.40 4713
3.40 4712
3.40 4711
3.40 4710
3.41 4709
3.41 4708
3.41 4707
3.41 4706
3.41 4705
3.41 4704
3.41 4703
3.42 4702
3.42 4701
3.42 4700
3.42 4699
3.42 4698
3.42 4697
3.42 4696
3.42 4695
3.42 4694
3.42 4693
3.42 4692
3.42 4691
3.54 4679
3.54 4678
3.54 4677
3.54 4676
3.54 4675
3.70 4541
3.70 4540
3.70 4539
3.71 4538
3.71 4537
3.71 4536
3.71 4535
3.71 4534
3.72 4533
3.72 4532
3.72 4531
3.72 4530
3.72 4529
3.72 4528
3.72 4527
3.72 4526
3.72 4525
3.72 4524
3.72 4523
3.72 4522
3.72 4521
3.72 4520
3.72 4519
3.72 4518
3.74 4517
3.74 4516
3.74 4515
3.74 4514
3.74 4513
3.74 4512
3.74 4511
3.75 4510
3.75 4509
3.75 4508
3.75 4507
3.75 4506
3.77 4484
3.77 4483
3.77 4482
3.77 4481
3.77 4480
3.77 4479
3.77 4478
3.77 4477
3.77 4476
3.78 4475
3.78 4474
3.78 4473
3.78 4472
3.79 4471
3.79 4470
3.79 4469
3.79 4468
3.79 4467
3.79 4466
3.79 4465
3.79 4464
3.79 4463
3.79 4462
3.80 4461
3.80 4460
3.80 4459
3.80 4458
3.80 4457
3.80 4456
3.80 4455
3.80 4454
3.80 4453
3.81 4452
3.81 4451
3.81 4450
3.81 4449
3.81 4448
3.81 4447
3.81 4446
3.81 4445
3.82 4444
3.82 4443
3.82 4442
3.82 4441
3.82 4440
3.82 4439
3.82 4438
3.82 4437
3.83 4436
3.83 4435
3.83 4434
3.83 4433
3.83 4432
3.83 4431
3.84 4430
3.84 4429
3.84 4428
3.84 4427
3.84 4426
3.84 4425
3.84 4424
3.84 4423
3.84 4422
3.84 4421
3.85 4420
3.85 4419
3.85 4418
3.85 4417
3.85 4416
3.85 4415
3.85 4414
3.85 4413
3.86 4412
3.86 4411
3.86 4410
3.86 4409
3.86 4408
3.86 4407
3.86 4406
3.87 4405
3.87 4404
3.87 4403
3.87 4402
3.87 4401
3.87 4400
3.87 4399
3.87 4398
3.87 4397
3.88 4396
3.88 4395
3.88 4394
3.88 4393
3.88 4392
3.88 4391
3.88 4390
3.89 4389
3.89 4388
3.89 4387
3.89 4386
3.89 4385
3.89 4384
3.89 4383
3.89 4382
3.90 4381
3.90 4380
3.90 4379
3.90 4378
3.90 4377
3.90 4376
3.90 4375
3.90 4374
3.91 4373
3.91 4372
3.91 4371
3.95 4326
3.96 4325
3.96 4324
3.96 4323
3.96 4322
3.96 4321
3.96 4320
3.96 4319
3.96 4318
3.97 4317
3.97 4316
3.97 4315
3.97 4314
3.97 4313
3.97 4312
3.97 4311
3.97 4310
3.97 4309
3.98 4308
3.98 4307
3.98 4306
3.98 4305
3.98 4304
3.98 4303
3.98 4302
3.98 4301
3.98 4300
4.00 4299
4.00 4298
4.00 4297
4.00 4296
4.00 4295
4.00 4294
4.00 4293
4.00 4292
4.00 4291
4.00 4290
4.00 4289
4.01 4288
4.01 4287
4.01 4286
4.01 4285
4.01 4284
4.01 4283
4.01 4282
4.01 4281
4.01 4280
4.02 4279
4.02 4278
4.02 4277
4.02 4276
4.02 4275
4.02 4274
4.02 4273
4.03 4272
4.03 4271
4.03 4270
4.03 4269
4.03 4268
4.03 4267
4.03 4266
4.03 4265
4.04 4264
4.04 4263
4.04 4262
4.04 4261
4.04 4260
4.04 4259
4.04 4223
4.04 4222
4.05 4221
4.05 4220
4.05 4219
4.06 4218
4.06 4217
4.06 4216
4.07 4215
4.07 4214
4.07 4213
4.07 4212
4.07 4211
4.10 4184
4.10 4183
4.10 4182
4.10 4181
4.10 4180
4.10 4179
4.10 4178
4.10 4177
4.17 4176
4.17 4175
4.17 4174
4.17 4173
4.17 4172
4.17 4171
4.17 4170
4.17 4169
4.18 4168
4.20 4162
4.21 4155
4.21 4154
4.21 4153
4.23 4152
4.23 4151
4.23 4150
4.23 4149
4.24 4148
4.24 4147
4.24 4146
4.24 4145
4.24 4144
4.24 4143
4.24 4142
4.24 4141
4.24 4140
4.25 4139
4.25 4138
4.25 4137
4.25 4136
4.25 4135
4.25 4134
4.25 4133
4.26 4132
4.26 4131
4.26 4130
4.26 4129
4.26 4128
4.26 4127
4.27 4126
4.27 4125
4.27 4124
4.27 4123
4.27 4122
4.27 4121
4.27 4120
4.28 4104
4.28 4103
4.29 4102
4.29 4101
4.29 4100
4.29 4099
4.29 4098
4.29 4097
4.29 4096
4.29 4095
4.29 4094
4.29 4093
4.29 4092
4.30 4091
4.30 4090
4.30 4089
4.30 4088
4.32 4038
4.32 4037
4.32 4036
4.32 4035
4.32 4034
4.32 4033
4.33 4032
4.33 4031
4.33 4030
4.34 4020
4.34 4019
4.34 4018
4.34 4017
4.34 4016
4.34 4015
4.35 4014
4.35 4013
4.35 4012
4.35 4011
4.35 4010
4.35 4009
4.36 4008
4.36 4007
4.36 4006
4.36 4005
4.36 4004
4.36 4003
4.36 4002
4.40 3965
4.40 3964
4.40 3963
4.41 3962
4.41 3961
4.41 3960
4.41 3959
4.41 3958
4.41 3957
4.41 3956
4.44 3955
4.44 3954
4.44 3953
4.44 3952
4.46 3951
4.46 3950
4.46 3949
4.46 3948
4.47 3947
4.47 3946
4.47 3945
4.47 3944
4.47 3943
4.47 3942
4.47 3941
4.48 3940
4.48 3939
4.48 3938
4.52 3911
4.53 3910
4.53 3909
4.54 3908
4.54 3907
4.54 3906
4.54 3905
4.55 3904
4.55 3903
4.55 3902
4.55 3901
4.55 3900
4.55 3899
4.55 3898
4.55 3897
4.55 3896
4.56 3895
4.57 3894
4.57 3893
4.57 3892
4.57 3891
4.57 3890
4.57 3889
4.57 3888
4.58 3887
4.58 3886
4.58 3885
4.64 3884
4.64 3883
4.65 3882
4.65 3881
4.65 3880
4.65 3879
4.65 3878
4.65 3877
4.66 3876
4.66 3875
4.66 3874
4.66 3873
4.66 3872
4.66 3871
4.66 3870
4.66 3869
4.67 3868
4.67 3867
4.67 3866
4.67 3865
4.67 3864
4.67 3863
4.67 3862
4.68 3861
4.68 3860
4.68 3859
4.68 3858
4.68 3857
4.68 3856
4.69 3855
4.69 3854
4.69 3853
4.69 3852
4.69 3851
4.69 3850
4.69 3849
4.70 3848
4.70 3847
4.71 3846
4.71 3845
4.71 3844
4.71 3843
4.71 3842
4.71 3841
4.71 3840
4.71 3839
4.71 3838
4.72 3837
4.72 3836
4.72 3835
4.72 3834
4.72 3833
4.72 3832
4.72 3831
4.72 3830
4.72 3829
4.72 3828
4.73 3827
4.73 3826
4.73 3825
4.73 3824
4.74 3823
4.74 3822
4.74 3821
4.74 3820
4.74 3819
4.74 3818
4.74 3817
4.74 3816
4.74 3815
4.74 3814
4.74 3813
4.74 3812
4.74 3811
4.74 3810
4.74 3809
4.76 3808
4.76 3807
4.76 3806
4.76 3805
4.76 3804
4.76 3803
4.77 3802
4.77 3801
4.78 3800
4.78 3799
4.78 3798
4.78 3797
4.78 3796
4.79 3795
4.79 3794
4.79 3793
4.79 3792
4.79 3791
4.79 3790
4.79 3789
4.80 3788
4.80 3787
4.81 3786
4.81 3785
4.81 3784
4.81 3783
4.81 3782
4.81 3781
4.81 3780
4.81 3779
4.81 3778
4.84 3777
4.84 3776
4.84 3775
4.88 3774
4.90 3773
4.90 3772
4.90 3771
4.90 3770
4.90 3769
4.90 3768
4.90 3767
4.91 3766
4.91 3765
4.91 3764
4.91 3763
4.91 3762
4.91 3761
4.91 3760
4.91 3759
4.91 3758
4.92 3757
4.92 3756
4.92 3755
4.92 3754
4.92 3753
4.93 3752
4.93 3751
4.93 3750
4.93 3749
4.93 3748
4.94 3747
4.94 3746
4.94 3745
4.94 3744
4.94 3743
4.94 3742
4.94 3741
4.95 3740
4.95 3739
4.95 3738
4.95 3737
4.95 3736
4.95 3735
4.95 3734
4.95 3733
4.95 3732
4.96 3731
4.96 3730
4.96 3729
4.96 3728
4.96 3727
4.96 3726
4.96 3725
4.96 3724
4.97 3723
4.97 3722
4.98 3721
4.98 3720
4.98 3719
4.98 3718
4.98 3717
4.98 3716
4.98 3715
4.98 3714
4.99 3713
4.99 3712
4.99 3711
4.99 3710
4.99 3709
4.99 3708
4.99 3707
4.99 3706
4.99 3705
4.99 3704
5.00 3703
5.01 3702
5.01 3701
5.03 3700
5.03 3699
5.03 3698
5.06 3697
5.06 3696
5.06 3695
5.07 3694
5.07 3693
5.07 3692
5.07 3691
5.10 3690
5.12 3689
5.12 3688
5.13 3687
5.13 3686
5.13 3685
5.13 3684
5.13 3683
5.13 3682
5.13 3681
5.13 3680
5.13 3679
5.14 3678
5.14 3677
5.14 3676
5.14 3675
5.14 3674
5.14 3673
5.14 3672
5.14 3671
5.19 3650
5.19 3649
5.20 3648
5.20 3647
5.20 3646
5.20 3645
5.20 3644
5.20 3643
5.20 3642
5.21 3641
5.21 3640
5.21 3639
5.21 3638
5.21 3637
5.21 3636
5.21 3635
5.21 3634
5.21 3633
5.22 3632
5.22 3631
5.22 3630
5.22 3629
5.22 3628
5.22 3627
5.22 3626
5.22 3625
5.22 3624
5.22 3623
5.23 3622
5.23 3621
5.23 3620
5.23 3619
5.23 3618
5.23 3617
5.24 3616
5.24 3615
5.24 3614
5.24 3613
5.24 3612
5.24 3611
5.24 3610
5.24 3609
5.24 3608
5.24 3607
5.24 3606
5.24 3605
5.24 3604
5.24 3603
5.24 3602
5.24 3601
5.24 3600
5.26 3599
5.27 3598
5.27 3597
5.27 3596
5.27 3595
5.27 3594
5.27 3593
5.27 3592
5.27 3591
5.32 3590
5.32 3589
5.32 3588
5.34 3587
5.35 3586
5.35 3585
5.35 3584
5.35 3583
5.35 3582
5.36 3581
5.36 3580
5.36 3579
5.38 3578
5.38 3577
5.38 3576
5.38 3575
5.38 3574
5.40 3573
5.40 3572
5.42 3571
5.42 3570
5.42 3569
5.42 3568
5.43 3567
5.43 3566
5.43 3565
5.45 3564
5.45 3563
5.45 3562
5.45 3561
5.45 3560
5.45 3559
5.46 3558
5.46 3557
5.46 3556
5.46 3555
5.46 3554
5.46 3553
5.46 3552
5.46 3551
5.51 3550
5.51 3549
5.53 3548
5.54 3547
5.54 3546
5.54 3545
5.54 3544
5.55 3543
5.55 3542
5.55 3541
5.55 3540
5.55 3539
5.55 3538
5.55 3537
5.55 3536
5.56 3535
5.56 3534
5.56 3533
5.56 3532
5.56 3531
5.56 3530
5.57 3529
5.57 3528
5.57 3527
5.57 3526
5.58 3525
5.59 3524
5.59 3523
5.59 3522
5.59 3521
5.59 3520
5.63 3519
5.63 3518
5.63 3517
5.63 3516
5.66 3515
5.67 3514
5.67 3513
5.70 3512
5.70 3511
5.70 3510
5.70 3509
5.71 3508
5.71 3507
5.71 3506
5.71 3505
5.72 3504
5.72 3503
5.72 3502
5.72 3501
5.72 3500
5.73 3499
5.73 3498
5.73 3497
5.77 3496
5.77 3495
5.77 3494
5.77 3493
5.79 3492
5.79 3491
5.79 3490
5.79 3489
5.79 3488
5.80 3487
5.80 3486
5.80 3485
5.80 3484
5.80 3483
5.81 3482
5.81 3481
5.81 3480
5.81 3479
5.81 3478
5.82 3477
5.82 3476
5.83 3475
5.83 3474
5.83 3473
5.83 3472
5.84 3471
5.86 3470
5.91 3469
5.91 3468
5.92 3467
5.92 3466
5.92 3465
5.93 3464
5.93 3463
5.94 3462
5.94 3461
5.94 3460
5.94 3459
5.96 3458
5.96 3457
5.96 3456
5.96 3455
5.96 3454
5.97 3453
5.97 3452
5.97 3451
5.97 3450
5.97 3449
5.97 3448
5.97 3447
5.99 3446
6.00 3445
6.00 3444
6.00 3443
6.00 3442
6.01 3441
6.02 3440
6.03 3439
6.03 3438
6.04 3437
6.05 3436
6.05 3435
6.05 3434
6.05 3433
6.05 3432
6.07 3431
6.07 3430
6.07 3429
6.08 3428
6.10 3427
6.10 3426
6.10 3425
6.11 3424
6.11 3423
6.11 3422
6.12 3421
6.13 3420
6.17 3419
6.17 3418
6.18 3417
6.18 3416
6.19 3415
6.19 3414
6.19 3413
6.19 3412
6.31 3411
6.31 3410
6.32 3409
6.32 3408
6.32 3407
6.34 3406
6.35 3405
6.35 3404
6.35 3403
6.36 3402
6.38 3401
6.39 3400
6.39 3399
6.40 3398
6.40 3397
6.40 3396
6.40 3395
6.41 3394
6.41 3393
6.41 3392
6.42 3391
6.42 3390
6.43 3389
6.43 3388
6.43 3387
6.43 3386
6.44 3385
6.64 3384
6.64 3383
6.64 3382
6.64 3381
6.72 3380
6.75 3379
6.75 3378
6.79 3377
6.79 3376
6.80 3375
6.80 3374
6.80 3373
6.81 3372
6.81 3371
6.82 3370
6.83 3369
6.84 3368
6.84 3367
6.84 3366
6.84 3365
6.84 3364
6.85 3363
6.91 3362
7.12 3361
7.12 3360
7.12 3359
7.16 3358
7.18 3357
7.20 3356
7.20 3355
7.36 3354
7.62 3353
7.63 3352
7.63 3351
7.67 3350
7.76 3349
7.78 3348
7.94 3347
8.01 3346
