0.00 5678
0.03 5677
0.03 5676
0.03 5675
0.03 5674
0.03 5673
0.03 5672
0.03 5671
0.03 5670
0.03 5669
3.59 4186
3.59 4185
3.59 4184
3.59 4183
3.59 4182
3.59 4181
3.81 4165
3.83 4164
3.83 4163
3.83 4162
3.83 4161
3.83 4160
3.83 4159
3.84 4153
3.84 4152
4.02 4137
4.03 4136
4.03 4135
4.03 4134
4.03 4133
4.03 4132
4.03 4131
4.03 4130
4.03 4129
4.03 4128
4.03 4127
4.03 4126
4.03 4125
4.03 4124
4.03 4123
4.03 4122
4.03 4121
4.03 4120
4.10 4119
4.10 4118
4.10 4117
4.10 4116
4.10 4114
4.10 4113
4.10 4112
4.10 4111
4.10 4110
4.10 4109
4.11 4108
4.11 4107
4.11 4106
4.11 4105
4.11 4104
4.11 4103
4.11 4102
4.11 4101
4.11 4100
4.11 4099
4.11 4098
4.19 4097
4.25 4090
4.25 4089
4.25 4088
4.30 4079
4.30 4078
4.30 4077
4.30 4076
4.30 4075
4.30 4074
4.30 4073
4.30 4072
4.30 4071
4.30 4070
4.30 4069
4.37 4068
4.37 4067
4.37 4066
4.37 4065
4.37 4064
4.37 4063
4.37 4062
4.40 4059
4.40 4058
4.42 4057
4.42 4056
4.42 4055
4.48 4051
4.52 4050
4.52 4049
4.52 4048
4.52 4047
4.52 4046
4.52 4045
4.52 4044
4.52 4043
4.61 4042
4.61 4041
4.61 4040
4.61 4039
4.61 4038
4.66 4037
4.66 4036
4.66 4035
4.66 4034
4.66 4033
4.66 4032
4.66 4031
4.77 4024
4.77 4023
4.77 4022
4.77 4021
4.77 4020
4.97 4019
4.97 4018
4.97 4017
4.97 4016
4.97 4015
4.97 4014
4.97 4013
4.97 4012
4.97 4011
4.97 4010
4.97 4009
4.97 4008
4.97 4007
4.97 4006
4.97 4005
4.97 4004
5.04 4003
5.05 4002
5.05 4001
5.05 4000
5.05 3999
5.15 3998
5.16 3997
5.16 3996
5.16 3995
5.16 3994
5.17 3993
5.17 3992
5.17 3991
5.17 3990
5.17 3989
5.17 3988
5.17 3987
5.17 3986
5.17 3985
5.22 3984
5.22 3983
5.22 3982
5.22 3981
5.37 3979
5.37 3978
5.44 3977
5.44 3976
5.44 3975
5.44 3974
5.44 3973
5.44 3972
5.44 3971
5.44 3970
5.44 3969
5.70 3968
5.77 3967
5.80 3966
5.80 3965
5.80 3964
5.80 3963
5.80 3962
5.80 3961
5.80 3960
5.97 3959
5.97 3958
5.97 3957
6.00 3956
6.00 3955
6.00 3954
6.02 3953
6.15 3952
6.27 3951
6.37 3950
6.44 3949
6.48 3948
6.56 3947
6.56 3946
6.82 3945
7.19 3944
