0.00 1960
0.63 1959
0.63 1958
0.63 1957
0.63 1956
0.63 1955
0.63 1954
0.63 1953
0.63 1952
0.63 1951
0.63 1950
0.63 1949
0.63 1948
0.63 1947
0.63 1946
0.63 1945
0.63 1944
0.63 1943
0.63 1942
0.63 1941
0.63 1940
0.63 1939
0.63 1938
0.63 1937
0.63 1936
0.63 1935
0.63 1934
0.63 1933
0.63 1932
0.63 1931
0.63 1930
0.63 1929
0.63 1928
0.63 1927
0.63 1926
0.63 1925
0.63 1924
0.63 1923
0.63 1922
0.63 1921
0.63 1920
0.63 1919
0.63 1918
0.63 1917
0.63 1916
0.63 1915
0.63 1914
0.63 1913
0.63 1912
0.63 1911
0.63 1910
0.63 1909
0.63 1908
0.63 1907
0.63 1906
0.63 1905
0.63 1904
0.63 1903
0.63 1902
0.63 1901
0.63 1900
0.63 1899
0.63 1898
0.63 1897
0.63 1896
0.63 1895
0.63 1894
0.63 1893
0.63 1892
0.63 1891
0.63 1890
0.63 1889
0.63 1888
0.63 1887
0.63 1886
0.63 1885
0.63 1884
0.63 1883
0.63 1882
0.63 1881
0.63 1880
0.63 1879
0.63 1878
0.63 1877
0.64 1876
0.64 1875
0.64 1874
0.64 1873
0.64 1872
0.64 1871
0.64 1870
0.64 1869
0.64 1868
0.64 1867
0.64 1866
0.64 1865
0.64 1864
0.64 1863
0.64 1862
0.64 1861
0.64 1860
0.64 1859
0.64 1858
0.64 1857
0.64 1856
0.64 1855
0.64 1854
0.64 1853
0.64 1852
0.64 1851
0.64 1850
0.64 1849
0.64 1848
0.64 1847
0.64 1846
0.64 1845
0.64 1844
0.65 1843
0.65 1842
0.65 1841
0.65 1840
0.65 1839
0.65 1838
0.65 1837
0.65 1836
0.65 1835
0.65 1834
0.65 1833
0.65 1832
0.65 1831
0.65 1830
0.65 1829
0.65 1828
0.65 1827
0.65 1826
0.65 1825
0.65 1824
0.65 1823
0.65 1822
0.65 1821
0.65 1820
0.65 1819
0.65 1818
0.65 1817
0.65 1816
0.65 1815
0.65 1814
0.65 1813
0.65 1812
0.65 1811
0.65 1810
0.65 1809
0.65 1808
0.65 1807
0.65 1806
0.65 1805
0.65 1804
0.65 1803
0.65 1802
0.65 1801
0.65 1800
0.65 1799
0.66 1798
0.66 1797
0.66 1796
0.66 1795
0.66 1794
0.66 1793
0.66 1792
0.66 1791
0.66 1790
0.66 1789
0.66 1788
0.66 1787
0.66 1786
0.66 1785
0.66 1784
0.66 1783
0.66 1782
0.66 1781
0.66 1780
0.66 1779
0.66 1778
0.66 1777
0.66 1776
0.66 1775
0.66 1774
0.66 1773
0.66 1772
0.66 1771
0.66 1770
0.66 1769
0.66 1768
0.66 1767
0.66 1766
0.66 1765
0.66 1764
0.66 1763
0.66 1762
0.66 1761
0.66 1760
0.66 1759
0.66 1758
0.66 1757
0.66 1756
0.66 1755
0.66 1754
0.66 1753
0.66 1752
0.66 1751
0.66 1750
0.66 1749
0.66 1748
0.66 1747
0.66 1746
0.66 1745
0.66 1744
0.66 1743
0.66 1742
0.66 1741
0.66 1740
0.66 1739
0.66 1738
0.66 1737
0.66 1736
0.66 1735
0.66 1734
0.66 1733
0.66 1732
0.66 1731
0.66 1730
0.66 1729
0.66 1728
0.66 1727
0.66 1726
0.66 1725
0.66 1724
0.67 1723
0.67 1722
0.68 1721
0.68 1720
0.68 1719
0.68 1718
0.68 1717
0.68 1716
0.68 1715
0.68 1714
0.68 1713
0.68 1712
0.68 1711
0.68 1710
0.68 1709
0.68 1708
0.68 1707
0.68 1706
0.68 1705
0.68 1704
0.68 1703
0.68 1702
0.68 1701
0.68 1700
0.68 1699
0.68 1698
0.68 1697
0.68 1696
0.68 1695
0.68 1694
0.68 1693
0.68 1692
0.68 1691
0.68 1690
0.68 1689
0.68 1688
0.68 1687
0.68 1686
0.68 1685
0.68 1684
0.68 1683
0.68 1682
0.68 1681
0.68 1680
0.68 1679
0.68 1678
0.68 1677
0.68 1676
0.68 1675
0.68 1674
0.68 1673
0.68 1672
0.68 1671
0.68 1670
0.68 1669
0.68 1668
0.68 1667
0.68 1666
0.68 1665
0.68 1664
0.68 1663
0.68 1662
0.68 1661
0.68 1660
0.68 1659
0.68 1658
0.69 1657
0.69 1656
0.69 1655
0.69 1654
0.69 1653
0.69 1652
0.69 1651
0.69 1650
0.69 1649
0.69 1648
0.69 1647
0.69 1646
0.69 1645
0.69 1644
0.69 1643
0.69 1642
0.69 1641
0.69 1640
0.69 1639
0.69 1638
0.69 1637
0.69 1636
0.69 1635
0.69 1634
0.69 1633
0.69 1632
0.69 1631
0.69 1630
0.69 1629
0.69 1628
0.69 1627
0.69 1626
0.69 1625
0.69 1624
0.69 1623
0.69 1622
0.69 1621
0.69 1620
0.69 1619
0.69 1618
0.69 1617
0.69 1616
0.69 1615
0.69 1614
0.69 1613
0.69 1612
0.69 1611
0.69 1610
0.69 1609
0.69 1608
0.69 1607
0.69 1606
0.69 1605
0.69 1604
0.69 1603
0.69 1602
0.69 1601
0.69 1600
0.69 1599
0.69 1598
0.69 1597
0.69 1596
0.69 1595
0.69 1594
0.69 1593
0.69 1592
0.69 1591
0.69 1590
0.71 1589
0.71 1588
0.71 1587
0.71 1586
0.71 1585
0.71 1584
0.71 1583
0.71 1582
0.71 1581
0.71 1580
0.71 1579
0.71 1578
0.71 1577
0.71 1576
0.71 1575
0.71 1574
0.71 1573
0.71 1572
0.71 1571
0.71 1570
0.71 1569
0.71 1568
0.71 1567
0.71 1566
0.71 1565
0.71 1564
0.71 1563
0.71 1562
0.71 1561
0.71 1560
0.71 1559
0.71 1558
0.71 1557
0.71 1556
0.71 1555
0.71 1554
0.71 1553
0.71 1552
0.71 1551
0.71 1550
0.71 1549
0.71 1548
0.71 1547
0.71 1546
0.71 1545
0.71 1544
0.71 1543
0.71 1542
0.71 1541
0.71 1540
0.71 1539
0.71 1538
0.71 1537
0.71 1536
0.71 1535
0.71 1534
0.71 1533
0.71 1532
0.71 1531
0.71 1530
0.72 1529
0.72 1528
0.72 1527
0.72 1526
0.73 1525
0.73 1524
0.73 1523
0.73 1522
0.73 1521
0.73 1520
0.73 1519
0.73 1518
0.73 1517
0.73 1516
0.73 1515
0.73 1514
0.73 1513
0.73 1512
0.73 1511
0.73 1510
0.73 1509
0.73 1508
0.73 1507
0.73 1506
0.73 1505
0.73 1504
0.73 1503
0.73 1502
0.73 1501
0.73 1500
0.73 1499
0.73 1498
0.73 1497
0.73 1496
0.73 1495
0.73 1494
0.73 1493
0.73 1492
0.73 1491
0.73 1490
0.73 1489
0.73 1488
0.73 1487
0.73 1486
0.73 1485
0.73 1484
0.73 1483
0.73 1482
0.73 1481
0.73 1480
0.73 1479
0.73 1478
0.73 1477
0.74 1476
0.74 1475
0.74 1474
0.74 1473
0.74 1472
0.74 1471
0.74 1470
0.74 1469
0.74 1468
0.74 1467
0.74 1466
0.74 1465
0.74 1464
0.74 1463
0.74 1462
0.74 1461
0.74 1460
0.74 1459
0.74 1458
0.74 1457
0.74 1456
0.75 1455
0.75 1454
0.75 1453
0.75 1452
0.75 1451
0.75 1450
0.75 1449
0.75 1448
0.75 1447
0.75 1446
0.75 1445
0.75 1444
0.75 1443
0.75 1442
0.75 1441
0.75 1440
0.75 1439
0.75 1438
0.75 1437
0.75 1436
0.75 1435
0.76 1434
0.76 1433
0.76 1432
0.76 1431
0.76 1430
0.76 1429
0.76 1428
0.76 1427
0.76 1426
0.76 1425
0.76 1424
0.76 1423
0.76 1422
0.76 1421
0.76 1420
0.76 1419
0.76 1418
0.76 1417
0.76 1416
0.76 1415
0.76 1414
0.76 1413
0.76 1412
0.76 1411
0.76 1410
0.76 1409
0.76 1408
0.76 1407
0.76 1406
0.76 1405
0.76 1404
0.78 1403
0.78 1402
0.78 1401
0.78 1400
0.78 1399
0.78 1398
0.78 1397
0.78 1396
0.78 1395
0.78 1394
0.78 1393
0.78 1392
0.78 1391
0.78 1390
0.78 1389
0.78 1388
0.78 1387
0.78 1386
0.78 1385
0.78 1384
0.78 1383
0.78 1382
0.78 1381
0.78 1380
0.78 1379
0.78 1378
0.78 1377
0.78 1376
0.78 1375
0.78 1374
0.79 1373
0.79 1372
0.79 1371
0.79 1370
0.79 1369
0.79 1368
0.79 1367
0.79 1366
0.79 1365
0.79 1364
0.79 1363
0.79 1362
0.79 1361
0.79 1360
0.79 1359
0.79 1358
0.79 1357
0.79 1356
0.79 1355
0.79 1354
0.79 1353
0.79 1352
0.79 1351
0.79 1350
0.79 1349
0.79 1348
0.79 1347
0.79 1346
0.79 1345
0.81 1344
0.81 1343
0.81 1342
0.81 1341
0.81 1340
0.81 1339
0.81 1338
0.81 1337
0.81 1336
0.81 1335
0.81 1334
0.81 1333
0.81 1332
0.81 1331
0.81 1330
0.81 1329
0.81 1328
0.81 1327
0.81 1326
0.81 1325
0.81 1324
0.81 1323
0.82 1322
0.83 1321
0.83 1320
0.83 1319
0.83 1318
0.83 1317
0.83 1316
0.83 1315
0.83 1314
0.83 1313
0.83 1312
0.83 1311
0.83 1310
0.83 1309
0.83 1308
0.83 1307
0.83 1306
0.83 1305
0.83 1304
0.83 1303
0.83 1302
0.83 1301
0.83 1300
0.84 1299
0.84 1298
0.84 1297
0.84 1296
0.85 1295
0.85 1294
0.85 1293
0.85 1292
0.86 1291
0.86 1290
0.86 1289
0.86 1288
0.86 1287
0.86 1286
0.86 1285
0.86 1284
0.86 1283
0.86 1282
0.86 1281
0.86 1280
0.86 1279
0.86 1278
0.86 1277
0.86 1276
0.86 1275
0.86 1274
0.86 1273
0.86 1272
0.87 1271
0.87 1270
0.88 1269
0.88 1268
0.88 1267
0.88 1266
0.88 1265
0.88 1264
0.88 1263
0.88 1262
0.88 1261
0.88 1260
0.88 1259
0.88 1258
0.88 1257
0.88 1256
0.88 1255
0.88 1254
0.88 1253
0.88 1252
0.89 1251
0.89 1250
0.89 1249
0.89 1248
0.89 1247
0.89 1246
0.89 1245
0.89 1244
0.89 1243
0.89 1242
0.89 1241
0.89 1240
0.89 1239
0.89 1238
0.89 1237
0.91 1236
0.93 1235
0.93 1234
0.93 1233
0.93 1232
0.93 1231
0.93 1230
0.93 1229
0.93 1228
0.93 1227
0.93 1226
0.93 1225
0.93 1224
0.93 1223
0.93 1222
0.93 1221
0.93 1220
0.93 1219
0.93 1218
0.93 1217
0.93 1216
0.93 1215
0.93 1214
0.93 1213
0.93 1212
0.93 1211
0.93 1210
0.93 1209
0.93 1208
0.94 1207
0.94 1206
0.94 1205
0.95 1204
0.95 1203
1.00 1202
1.00 1201
1.01 1200
1.02 1199
1.03 1198
1.03 1197
1.03 1196
1.03 1195
1.03 1194
1.03 1193
1.03 1192
1.03 1191
1.04 1190
1.06 1189
1.06 1188
1.06 1187
1.06 1186
1.06 1185
1.06 1184
1.06 1183
1.08 1182
1.08 1181
1.08 1180
1.08 1179
1.08 1178
1.08 1177
1.08 1176
1.08 1175
1.08 1174
1.08 1173
1.16 1172
1.16 1171
1.16 1170
1.29 1169
1.29 1168
1.29 1167
1.29 1166
1.29 1165
1.29 1164
1.29 1163
1.29 1162
1.29 1161
1.29 1160
1.61 1159
1.65 1158
1.66 1157
1.66 1156
1.66 1155
1.72 1154
1.72 1153
1.72 1152
1.74 1151
1.74 1150
1.74 1149
1.74 1148
1.74 1147
1.74 1146
1.74 1145
1.74 1144
1.74 1143
1.87 1142
1.87 1141
1.87 1140
1.87 1139
1.87 1138
1.87 1137
1.88 1136
1.88 1135
1.88 1134
1.88 1133
1.88 1132
1.88 1131
1.88 1130
1.88 1129
1.88 1128
1.96 1127
2.06 1126
2.06 1125
2.06 1124
2.06 1123
2.06 1122
2.06 1121
2.06 1120
2.06 1119
2.06 1118
2.07 1117
2.07 1116
2.12 1115
2.20 1114
2.28 1113
2.28 1112
2.35 1111
2.35 1110
2.35 1109
2.35 1108
2.35 1107
2.35 1106
2.35 1105
2.35 1104
2.35 1103
2.39 1102
2.39 1101
2.39 1100
2.42 1099
2.52 1098
2.52 1097
2.52 1096
2.53 1095
2.55 1094
2.55 1093
2.55 1092
2.55 1091
2.58 1090
2.58 1089
2.58 1088
2.63 1087
2.63 1086
2.63 1085
2.63 1084
2.63 1083
2.63 1082
2.63 1081
2.63 1080
2.63 1079
2.63 1078
2.63 1077
2.63 1076
2.66 1075
2.66 1074
2.66 1073
3.06 1072
3.06 1071
3.06 1070
3.06 1069
3.06 1068
3.18 1067
3.20 1066
3.20 1065
3.20 1064
3.20 1063
3.20 1062
3.20 1061
3.20 1060
3.20 1059
3.21 1058
3.21 1057
3.23 1056
3.23 1055
3.23 1054
3.23 1053
3.23 1052
3.23 1051
3.23 1050
3.25 1049
3.25 1048
3.25 1047
3.25 1046
3.25 1045
3.25 1044
3.25 1043
3.51 1042
3.51 1041
3.51 1040
3.56 1039
3.56 1038
3.56 1037
3.59 1036
3.59 1035
3.59 1034
3.81 1033
3.81 1032
3.83 1031
3.83 1030
3.85 1029
3.86 1028
3.86 1027
4.07 1026
4.07 1025
4.07 1024
4.09 1023
4.09 1022
4.09 1021
4.11 1020
4.11 1019
4.23 1018
4.36 1017
4.36 1016
4.36 1015
4.37 1014
4.37 1013
4.37 1012
4.49 1011
4.49 1010
4.49 1009
4.49 1008
4.49 1007
4.56 1006
4.56 1005
4.61 1004
4.66 1003
4.66 1002
4.95 1001
5.20 1000
5.28 999
5.28 998
5.30 997
5.44 996
5.45 995
5.47 994
5.49 993
5.49 992
5.49 991
5.49 990
5.86 989
5.86 988
5.88 987
5.91 986
5.91 985
5.91 984
5.94 983
5.96 982
6.49 981
7.72 980
