0.00 2000
0.70 1999
0.70 1998
0.70 1997
0.70 1996
0.70 1995
0.70 1994
0.70 1993
0.70 1992
0.70 1991
0.70 1990
0.70 1989
0.70 1988
0.70 1987
0.70 1986
0.70 1985
0.70 1984
0.70 1983
0.70 1982
0.70 1981
0.70 1980
0.70 1979
0.70 1978
0.70 1977
0.70 1976
0.70 1975
0.70 1974
0.70 1973
0.70 1972
0.70 1971
0.70 1970
0.70 1969
0.70 1968
0.70 1967
0.70 1966
0.70 1965
0.72 1964
0.72 1963
0.72 1962
0.72 1961
0.72 1960
0.72 1959
0.72 1958
0.72 1957
0.72 1956
0.72 1955
0.72 1954
0.72 1953
0.72 1952
0.72 1951
0.72 1950
0.72 1949
0.72 1948
0.72 1947
0.72 1946
0.72 1945
0.72 1944
0.72 1943
0.72 1942
0.72 1941
0.72 1940
0.72 1939
0.72 1938
0.72 1937
0.72 1936
0.72 1935
0.72 1934
0.72 1933
0.72 1932
0.72 1931
0.72 1930
0.72 1929
0.72 1928
0.72 1927
0.72 1926
0.72 1925
0.72 1924
0.72 1923
0.72 1922
0.72 1921
0.72 1920
0.72 1919
0.72 1918
0.72 1917
0.72 1916
0.72 1915
0.72 1914
0.72 1913
0.72 1912
0.72 1911
0.72 1910
0.72 1909
0.72 1908
0.72 1907
0.72 1906
0.72 1905
0.72 1904
0.72 1903
0.72 1902
0.72 1901
0.72 1900
0.72 1899
0.72 1898
0.72 1897
0.72 1896
0.72 1895
0.72 1894
0.72 1893
0.72 1892
0.72 1891
0.72 1890
0.72 1889
0.72 1888
0.72 1887
0.72 1886
0.72 1885
0.72 1884
0.72 1883
0.72 1882
0.74 1881
0.74 1880
0.74 1879
0.74 1878
0.74 1877
0.74 1876
0.74 1875
0.74 1874
0.74 1873
0.74 1872
0.74 1871
0.74 1870
0.74 1869
0.74 1868
0.74 1867
0.74 1866
0.74 1865
0.74 1864
0.74 1863
0.74 1862
0.74 1861
0.74 1860
0.74 1859
0.74 1858
0.74 1857
0.74 1856
0.74 1855
0.74 1854
0.74 1853
0.74 1852
0.74 1851
0.74 1850
0.74 1849
0.74 1848
0.74 1847
0.74 1846
0.74 1845
0.74 1844
0.74 1843
0.74 1842
0.74 1841
0.74 1840
0.74 1839
0.74 1838
0.74 1837
0.74 1836
0.74 1835
0.74 1834
0.74 1833
0.74 1832
0.74 1831
0.74 1830
0.74 1829
0.74 1828
0.74 1827
0.74 1826
0.74 1825
0.74 1824
0.74 1823
0.74 1822
0.74 1821
0.74 1820
0.74 1819
0.74 1818
0.74 1817
0.74 1816
0.74 1815
0.74 1814
0.74 1813
0.75 1812
0.75 1811
0.75 1810
0.75 1809
0.75 1808
0.75 1807
0.75 1806
0.75 1805
0.75 1804
0.75 1803
0.75 1802
0.75 1801
0.75 1800
0.75 1799
0.75 1798
0.75 1797
0.75 1796
0.75 1795
0.75 1794
0.75 1793
0.75 1792
0.75 1791
0.75 1790
0.75 1789
0.75 1788
0.75 1787
0.75 1786
0.75 1785
0.75 1784
0.75 1783
0.75 1782
0.75 1781
0.75 1780
0.75 1779
0.75 1778
0.75 1777
0.75 1776
0.75 1775
0.75 1774
0.75 1773
0.75 1772
0.75 1771
0.75 1770
0.75 1769
0.75 1768
0.75 1767
0.75 1766
0.75 1765
0.75 1764
0.75 1763
0.75 1762
0.75 1761
0.75 1760
0.75 1759
0.75 1758
0.75 1757
0.75 1756
0.75 1755
0.75 1754
0.75 1753
0.75 1752
0.75 1751
0.75 1750
0.75 1749
0.77 1748
0.77 1747
0.77 1746
0.77 1745
0.77 1744
0.77 1743
0.77 1742
0.77 1741
0.77 1740
0.77 1739
0.77 1738
0.77 1737
0.77 1736
0.77 1735
0.77 1734
0.77 1733
0.77 1732
0.77 1731
0.77 1730
0.77 1729
0.77 1728
0.77 1727
0.77 1726
0.77 1725
0.77 1724
0.77 1723
0.77 1722
0.77 1721
0.77 1720
0.77 1719
0.77 1718
0.77 1717
0.77 1716
0.77 1715
0.77 1714
0.77 1713
0.77 1712
0.77 1711
0.77 1710
0.77 1709
0.77 1708
0.77 1707
0.77 1706
0.77 1705
0.77 1704
0.77 1703
0.77 1702
0.77 1701
0.77 1700
0.77 1699
0.77 1698
0.77 1697
0.77 1696
0.77 1695
0.77 1694
0.77 1693
0.77 1692
0.78 1691
0.78 1690
0.78 1689
0.78 1688
0.78 1687
0.78 1686
0.78 1685
0.79 1684
0.79 1683
0.79 1682
0.79 1681
0.79 1680
0.79 1679
0.79 1678
0.79 1677
0.79 1676
0.79 1675
0.79 1674
0.79 1673
0.79 1672
0.79 1671
0.79 1670
0.79 1669
0.79 1668
0.79 1667
0.79 1666
0.79 1665
0.79 1664
0.79 1663
0.79 1662
0.79 1661
0.79 1660
0.79 1659
0.79 1658
0.79 1657
0.79 1656
0.79 1655
0.79 1654
0.79 1653
0.79 1652
0.79 1651
0.79 1650
0.79 1649
0.79 1648
0.79 1647
0.79 1646
0.79 1645
0.79 1644
0.79 1643
0.79 1642
0.79 1641
0.79 1640
0.79 1639
0.79 1638
0.79 1637
0.79 1636
0.79 1635
0.80 1634
0.80 1633
0.80 1632
0.80 1631
0.80 1630
0.80 1629
0.80 1628
0.80 1627
0.80 1626
0.80 1625
0.80 1624
0.80 1623
0.80 1622
0.80 1621
0.80 1620
0.80 1619
0.80 1618
0.80 1617
0.80 1616
0.80 1615
0.80 1614
0.80 1613
0.80 1612
0.80 1611
0.80 1610
0.80 1609
0.80 1608
0.80 1607
0.80 1606
0.80 1605
0.80 1604
0.80 1603
0.80 1602
0.80 1601
0.80 1600
0.80 1599
0.80 1598
0.80 1597
0.80 1596
0.80 1595
0.80 1594
0.80 1593
0.80 1592
0.80 1591
0.80 1590
0.80 1589
0.80 1588
0.80 1587
0.80 1586
0.80 1585
0.80 1584
0.80 1583
0.80 1582
0.80 1581
0.80 1580
0.80 1579
0.80 1578
0.80 1577
0.80 1576
0.82 1575
0.82 1574
0.82 1573
0.82 1572
0.82 1571
0.82 1570
0.82 1569
0.82 1568
0.82 1567
0.82 1566
0.82 1565
0.82 1564
0.82 1563
0.82 1562
0.82 1561
0.82 1560
0.82 1559
0.82 1558
0.82 1557
0.82 1556
0.82 1555
0.82 1554
0.82 1553
0.82 1552
0.82 1551
0.82 1550
0.82 1549
0.82 1548
0.82 1547
0.82 1546
0.82 1545
0.82 1544
0.82 1543
0.82 1542
0.82 1541
0.82 1540
0.82 1539
0.82 1538
0.82 1537
0.82 1536
0.82 1535
0.82 1534
0.82 1533
0.83 1532
0.83 1531
0.84 1530
0.84 1529
0.84 1528
0.84 1527
0.84 1526
0.84 1525
0.84 1524
0.84 1523
0.84 1522
0.84 1521
0.84 1520
0.84 1519
0.84 1518
0.84 1517
0.84 1516
0.84 1515
0.84 1514
0.84 1513
0.84 1512
0.84 1511
0.84 1510
0.84 1509
0.84 1508
0.84 1507
0.84 1506
0.84 1505
0.84 1504
0.84 1503
0.84 1502
0.84 1501
0.84 1500
0.84 1499
0.84 1498
0.84 1497
0.84 1496
0.84 1495
0.84 1494
0.84 1493
0.84 1492
0.85 1491
0.85 1490
0.85 1489
0.85 1488
0.85 1487
0.85 1486
0.85 1485
0.85 1484
0.85 1483
0.85 1482
0.85 1481
0.85 1480
0.85 1479
0.85 1478
0.85 1477
0.85 1476
0.85 1475
0.85 1474
0.85 1473
0.85 1472
0.85 1471
0.85 1470
0.85 1469
0.85 1468
0.85 1467
0.85 1466
0.85 1465
0.85 1464
0.85 1463
0.85 1462
0.85 1461
0.85 1460
0.87 1459
0.87 1458
0.87 1457
0.87 1456
0.87 1455
0.87 1454
0.87 1453
0.87 1452
0.87 1451
0.87 1450
0.87 1449
0.87 1448
0.87 1447
0.87 1446
0.87 1445
0.87 1444
0.87 1443
0.87 1442
0.87 1441
0.87 1440
0.87 1439
0.87 1438
0.87 1437
0.87 1436
0.87 1435
0.87 1434
0.87 1433
0.87 1432
0.87 1431
0.87 1430
0.87 1429
0.87 1428
0.87 1427
0.87 1426
0.87 1425
0.87 1424
0.87 1423
0.87 1422
0.87 1421
0.87 1420
0.87 1419
0.88 1418
0.89 1417
0.89 1416
0.89 1415
0.89 1414
0.89 1413
0.89 1412
0.89 1411
0.89 1410
0.89 1409
0.89 1408
0.89 1407
0.89 1406
0.89 1405
0.89 1404
0.89 1403
0.89 1402
0.89 1401
0.89 1400
0.89 1399
0.89 1398
0.89 1397
0.89 1396
0.89 1395
0.89 1394
0.89 1393
0.89 1392
0.90 1391
0.90 1390
0.90 1389
0.90 1388
0.90 1387
0.90 1386
0.90 1385
0.90 1384
0.90 1383
0.90 1382
0.90 1381
0.90 1380
0.90 1379
0.90 1378
0.90 1377
0.90 1376
0.90 1375
0.90 1374
0.90 1373
0.90 1372
0.90 1371
0.90 1370
0.90 1369
0.90 1368
0.90 1367
0.90 1366
0.90 1365
0.90 1364
0.90 1363
0.90 1362
0.90 1361
0.90 1360
0.90 1359
0.90 1358
0.92 1357
0.92 1356
0.92 1355
0.92 1354
0.92 1353
0.92 1352
0.92 1351
0.92 1350
0.92 1349
0.92 1348
0.92 1347
0.92 1346
0.92 1345
0.92 1344
0.92 1343
0.92 1342
0.92 1341
0.92 1340
0.94 1339
0.94 1338
0.94 1337
0.94 1336
0.94 1335
0.94 1334
0.94 1333
0.94 1332
0.94 1331
0.94 1330
0.95 1329
0.95 1328
0.95 1327
0.95 1326
0.95 1325
0.95 1324
0.95 1323
0.95 1322
0.95 1321
0.95 1320
0.95 1319
0.95 1318
0.95 1317
0.95 1316
0.95 1315
0.95 1314
0.95 1313
0.95 1312
0.95 1311
0.95 1310
0.95 1309
0.95 1308
0.95 1307
0.95 1306
0.95 1305
0.95 1304
0.95 1303
0.97 1302
0.97 1301
0.97 1300
0.97 1299
0.97 1298
0.97 1297
0.97 1296
0.97 1295
0.97 1294
0.97 1293
0.97 1292
0.99 1291
0.99 1290
0.99 1289
0.99 1288
0.99 1287
0.99 1286
0.99 1285
0.99 1284
0.99 1283
0.99 1282
0.99 1281
0.99 1280
0.99 1279
0.99 1278
0.99 1277
0.99 1276
0.99 1275
0.99 1274
0.99 1273
1.00 1272
1.00 1271
1.00 1270
1.00 1269
1.00 1268
1.00 1267
1.00 1266
1.00 1265
1.00 1264
1.00 1263
1.00 1262
1.00 1261
1.03 1260
1.03 1259
1.03 1258
1.04 1257
1.04 1256
1.04 1255
1.04 1254
1.04 1253
1.04 1252
1.04 1251
1.05 1250
1.05 1249
1.06 1248
1.06 1247
1.06 1246
1.06 1245
1.06 1244
1.06 1243
1.06 1242
1.06 1241
1.06 1240
1.06 1239
1.06 1238
1.06 1237
1.07 1236
1.07 1235
1.07 1234
1.08 1233
1.08 1232
1.08 1231
1.08 1230
1.08 1229
1.08 1228
1.09 1227
1.09 1226
1.10 1225
1.10 1224
1.10 1223
1.10 1222
1.10 1221
1.10 1220
1.10 1219
1.10 1218
1.10 1217
1.10 1216
1.10 1215
1.10 1214
1.11 1213
1.11 1212
1.16 1211
1.23 1210
1.23 1209
1.23 1208
1.23 1207
1.23 1206
1.24 1205
1.24 1204
1.24 1203
1.24 1202
1.25 1201
1.26 1200
1.26 1199
1.27 1198
1.27 1197
1.28 1196
1.28 1195
1.38 1194
1.39 1193
1.39 1192
1.39 1191
1.40 1190
1.40 1189
1.41 1188
1.41 1187
1.41 1186
1.42 1185
1.42 1184
1.42 1183
1.42 1182
1.42 1181
1.42 1180
1.43 1179
1.43 1178
1.43 1177
1.43 1176
1.43 1175
1.43 1174
1.43 1173
1.43 1172
1.43 1171
1.43 1170
1.45 1169
1.45 1168
1.45 1167
1.45 1166
1.45 1165
1.45 1164
1.45 1163
1.45 1162
1.45 1161
1.45 1160
1.47 1159
1.47 1158
1.47 1157
1.47 1156
1.76 1155
1.76 1154
1.77 1153
1.77 1152
1.77 1151
1.77 1150
1.77 1149
1.77 1148
1.77 1147
1.78 1146
1.78 1145
1.78 1144
1.78 1143
1.79 1142
1.79 1141
1.79 1140
1.79 1139
1.81 1138
1.81 1137
1.83 1136
1.83 1135
1.84 1134
1.84 1133
1.84 1132
1.84 1131
1.87 1130
1.87 1129
1.87 1128
2.40 1127
2.40 1126
2.41 1125
2.41 1124
2.46 1123
2.46 1122
2.46 1121
2.46 1120
2.46 1119
2.46 1118
2.47 1117
2.54 1116
2.55 1115
2.55 1114
2.55 1113
2.55 1112
2.55 1111
2.74 1110
2.74 1109
2.75 1108
2.80 1107
2.80 1106
2.80 1105
2.80 1104
2.80 1103
2.80 1102
2.80 1101
2.84 1100
2.84 1099
2.84 1098
2.84 1097
2.85 1096
2.85 1095
2.85 1094
2.85 1093
2.85 1092
2.86 1091
2.87 1090
2.87 1089
2.87 1088
2.88 1087
2.88 1086
2.88 1085
2.89 1084
3.07 1083
3.07 1082
3.07 1081
3.08 1080
3.08 1079
3.13 1078
3.13 1077
3.13 1076
3.13 1075
3.13 1074
3.13 1073
3.13 1072
3.13 1071
3.13 1070
3.44 1069
3.45 1068
3.47 1067
3.47 1066
3.48 1065
3.48 1064
3.50 1063
3.50 1062
3.52 1061
3.52 1060
3.76 1059
3.76 1058
3.76 1057
3.76 1056
3.76 1055
3.76 1054
3.76 1053
3.79 1052
3.79 1051
3.84 1050
3.86 1049
3.87 1048
3.87 1047
3.95 1046
3.95 1045
3.96 1044
4.00 1043
4.00 1042
4.00 1041
4.04 1040
4.28 1039
4.28 1038
4.33 1037
4.33 1036
4.33 1035
4.34 1034
4.35 1033
4.35 1032
4.35 1031
4.35 1030
4.35 1029
4.54 1028
4.55 1027
4.56 1026
4.57 1025
4.57 1024
4.59 1023
4.60 1022
4.60 1021
4.77 1020
4.78 1019
4.78 1018
4.78 1017
4.78 1016
4.93 1015
4.93 1014
5.07 1013
5.08 1012
5.61 1011
5.61 1010
5.65 1009
5.65 1008
5.67 1007
5.79 1006
5.81 1005
6.08 1004
6.08 1003
6.10 1002
6.11 1001
6.71 1000
