0.00 5684
3.47 4701
3.47 4700
3.47 4699
3.47 4698
3.47 4697
3.47 4696
3.47 4695
3.47 4694
3.77 4405
3.77 4397
3.77 4396
3.78 4395
3.78 4394
3.78 4393
3.78 4392
3.78 4391
3.78 4390
3.78 4389
3.78 4388
3.78 4387
3.78 4386
3.78 4385
3.78 4384
3.78 4383
3.78 4382
3.78 4381
3.78 4380
3.78 4379
3.78 4378
3.78 4377
3.78 4376
3.78 4375
3.78 4374
3.80 4373
3.80 4372
3.80 4371
3.80 4370
3.80 4369
3.91 4294
3.91 4293
3.93 4292
3.93 4291
3.93 4290
3.93 4289
3.93 4281
3.93 4280
3.94 4279
3.94 4278
3.94 4277
3.94 4276
3.94 4275
3.94 4274
3.94 4273
3.94 4272
3.94 4271
3.94 4270
3.94 4269
3.94 4268
3.94 4267
3.94 4266
3.94 4265
3.94 4264
3.94 4263
3.94 4262
3.94 4261
3.94 4260
3.96 4259
3.96 4258
3.96 4257
3.96 4256
3.97 4255
3.97 4254
3.97 4253
3.97 4252
3.97 4251
3.97 4250
3.97 4249
3.97 4248
3.97 4247
3.98 4246
3.98 4245
3.98 4244
3.99 4243
3.99 4242
4.00 4241
4.00 4240
4.03 4239
4.03 4238
4.03 4237
4.03 4236
4.03 4235
4.04 4234
4.04 4233
4.05 4232
4.05 4231
4.05 4230
4.05 4229
4.05 4228
4.06 4227
4.06 4226
4.06 4225
4.06 4224
4.06 4223
4.06 4222
4.06 4221
4.06 4220
4.06 4219
4.07 4218
4.12 4161
4.12 4160
4.12 4159
4.12 4158
4.12 4157
4.12 4156
4.13 4155
4.13 4154
4.13 4153
4.13 4152
4.13 4151
4.13 4150
4.13 4149
4.13 4148
4.13 4147
4.13 4146
4.14 4145
4.14 4144
4.14 4143
4.14 4142
4.14 4141
4.14 4140
4.14 4139
4.14 4138
4.14 4137
4.15 4136
4.15 4135
4.15 4134
4.15 4133
4.26 4132
4.26 4131
4.26 4130
4.26 4129
4.26 4128
4.26 4127
4.26 4126
4.27 4125
4.27 4124
4.27 4123
4.27 4122
4.27 4121
4.27 4120
4.27 4119
4.27 4118
4.27 4117
4.27 4116
4.27 4115
4.27 4114
4.27 4113
4.27 4112
4.28 4111
4.28 4110
4.29 4109
4.29 4108
4.29 4107
4.29 4106
4.29 4105
4.29 4104
4.29 4103
4.29 4102
4.29 4101
4.29 4100
4.30 4099
4.30 4098
4.30 4097
4.30 4096
4.30 4095
4.30 4094
4.30 4093
4.30 4092
4.30 4091
4.30 4090
4.30 4089
4.31 4088
4.31 4087
4.31 4086
4.31 4085
4.31 4084
4.31 4083
4.32 4082
4.32 4081
4.32 4080
4.32 4079
4.32 4078
4.32 4077
4.32 4076
4.33 4075
4.33 4074
4.33 4073
4.33 4072
4.33 4071
4.33 4070
4.33 4069
4.33 4068
4.33 4067
4.33 4066
4.33 4065
4.33 4064
4.34 4063
4.34 4062
4.34 4061
4.34 4060
4.34 4059
4.35 4058
4.35 4057
4.35 4056
4.37 4017
4.37 4016
4.37 4015
4.38 4014
4.38 4013
4.38 4012
4.38 4011
4.38 4010
4.38 4009
4.38 4008
4.40 4007
4.40 4006
4.40 4005
4.41 4004
4.41 4003
4.41 4002
4.41 4001
4.41 4000
4.41 3999
4.41 3998
4.41 3997
4.41 3996
4.41 3995
4.41 3994
4.42 3993
4.42 3992
4.42 3991
4.42 3990
4.42 3989
4.42 3988
4.42 3987
4.42 3986
4.42 3985
4.42 3984
4.43 3983
4.43 3982
4.43 3981
4.43 3980
4.44 3979
4.44 3978
4.44 3977
4.44 3976
4.45 3975
4.45 3974
4.45 3973
4.45 3972
4.45 3971
4.46 3970
4.46 3969
4.46 3968
4.46 3967
4.46 3966
4.46 3965
4.46 3964
4.46 3963
4.47 3962
4.47 3961
4.47 3960
4.47 3959
4.47 3958
4.47 3957
4.48 3956
4.48 3955
4.48 3954
4.48 3953
4.48 3952
4.48 3951
4.48 3950
4.48 3949
4.49 3948
4.49 3947
4.49 3946
4.49 3945
4.49 3944
4.53 3910
4.53 3909
4.53 3908
4.54 3907
4.54 3906
4.54 3905
4.54 3904
4.54 3903
4.54 3902
4.54 3901
4.54 3900
4.55 3899
4.55 3898
4.55 3897
4.55 3896
4.55 3895
4.55 3894
4.55 3893
4.55 3892
4.55 3891
4.55 3890
4.56 3889
4.56 3888
4.56 3887
4.56 3886
4.56 3885
4.56 3884
4.56 3883
4.56 3882
4.56 3881
4.56 3880
4.57 3879
4.57 3878
4.57 3877
4.57 3876
4.57 3875
4.57 3874
4.57 3873
4.57 3872
4.58 3866
4.58 3865
4.59 3864
4.59 3863
4.59 3862
4.59 3861
4.59 3860
4.60 3859
4.60 3858
4.60 3857
4.60 3856
4.60 3855
4.60 3854
4.60 3853
4.60 3852
4.63 3851
4.63 3850
4.64 3849
4.64 3848
4.64 3847
4.65 3846
4.65 3845
4.65 3844
4.70 3843
4.72 3835
4.72 3834
4.72 3833
4.72 3832
4.72 3831
4.72 3830
4.72 3829
4.72 3828
4.75 3827
4.75 3826
4.75 3825
4.75 3824
4.75 3823
4.75 3822
4.75 3821
4.75 3820
4.75 3819
4.75 3818
4.75 3817
4.75 3816
4.76 3815
4.76 3814
4.76 3813
4.76 3812
4.76 3811
4.76 3810
4.76 3809
4.76 3808
4.76 3807
4.76 3806
4.76 3805
4.76 3804
4.76 3803
4.78 3802
4.78 3801
4.78 3800
4.78 3799
4.78 3798
4.78 3797
4.78 3796
4.78 3795
4.78 3794
4.78 3793
4.78 3792
4.80 3791
4.81 3790
4.81 3789
4.81 3788
4.81 3787
4.81 3786
4.81 3785
4.82 3784
4.82 3783
4.82 3782
4.82 3781
4.82 3780
4.82 3779
4.82 3778
4.83 3777
4.83 3776
4.83 3775
4.84 3750
4.84 3749
4.84 3748
4.84 3747
4.84 3746
4.84 3745
4.85 3744
4.85 3743
4.85 3742
4.85 3741
4.85 3740
4.85 3739
4.85 3738
4.85 3737
4.85 3736
4.85 3735
4.85 3734
4.85 3733
4.85 3732
4.87 3731
4.87 3730
4.88 3729
4.88 3728
4.88 3727
4.88 3726
4.92 3725
4.92 3724
4.92 3723
4.92 3722
4.93 3721
4.93 3720
4.93 3719
4.93 3718
4.93 3717
4.94 3716
4.96 3715
4.97 3714
4.97 3713
4.97 3712
4.97 3711
4.97 3710
4.97 3709
4.98 3708
4.98 3707
4.98 3706
4.98 3705
4.98 3704
4.98 3703
5.00 3702
5.01 3701
5.01 3700
5.01 3699
5.01 3698
5.01 3697
5.01 3696
5.01 3695
5.01 3694
5.02 3693
5.02 3692
5.02 3691
5.02 3690
5.02 3689
5.02 3688
5.02 3687
5.02 3686
5.02 3685
5.02 3684
5.02 3683
5.02 3682
5.02 3681
5.02 3680
5.02 3679
5.03 3678
5.03 3677
5.03 3676
5.03 3675
5.03 3674
5.04 3673
5.04 3672
5.04 3671
5.04 3670
5.04 3669
5.04 3668
5.04 3667
5.04 3666
5.05 3665
5.05 3664
5.05 3663
5.05 3662
5.05 3661
5.05 3660
5.05 3659
5.05 3658
5.05 3657
5.05 3656
5.05 3655
5.05 3654
5.05 3653
5.05 3652
5.05 3651
5.07 3650
5.07 3649
5.07 3648
5.07 3647
5.07 3646
5.07 3645
5.07 3644
5.14 3643
5.14 3642
5.14 3641
5.14 3640
5.14 3639
5.14 3638
5.15 3637
5.15 3636
5.15 3635
5.15 3634
5.15 3633
5.15 3632
5.15 3631
5.15 3630
5.15 3629
5.15 3628
5.15 3627
5.25 3626
5.25 3625
5.25 3624
5.25 3623
5.25 3622
5.25 3621
5.25 3620
5.25 3619
5.25 3618
5.25 3617
5.25 3616
5.27 3615
5.27 3614
5.27 3613
5.27 3612
5.27 3611
5.27 3610
5.27 3609
5.27 3608
5.27 3607
5.27 3606
5.27 3605
5.27 3604
5.28 3603
5.28 3602
5.28 3601
5.28 3600
5.28 3599
5.28 3598
5.28 3597
5.28 3596
5.28 3595
5.28 3594
5.30 3593
5.30 3592
5.30 3591
5.30 3590
5.30 3589
5.30 3588
5.30 3587
5.30 3586
5.30 3585
5.30 3584
5.30 3583
5.30 3582
5.30 3581
5.30 3580
5.32 3579
5.32 3578
5.32 3577
5.32 3576
5.32 3575
5.32 3574
5.32 3573
5.32 3572
5.32 3571
5.32 3570
5.33 3569
5.33 3568
5.34 3567
5.34 3566
5.34 3565
5.35 3564
5.35 3563
5.35 3562
5.35 3561
5.35 3560
5.35 3559
5.35 3558
5.35 3557
5.35 3556
5.37 3555
5.37 3554
5.37 3553
5.37 3552
5.37 3551
5.37 3550
5.37 3549
5.37 3548
5.39 3547
5.41 3546
5.41 3545
5.41 3544
5.41 3543
5.41 3542
5.44 3541
5.45 3540
5.45 3539
5.45 3538
5.45 3537
5.45 3536
5.45 3535
5.45 3534
5.45 3533
5.45 3532
5.45 3531
5.47 3530
5.47 3529
5.47 3528
5.47 3527
5.47 3526
5.47 3525
5.47 3524
5.47 3523
5.50 3522
5.50 3521
5.50 3520
5.52 3519
5.52 3518
5.52 3517
5.52 3516
5.52 3515
5.52 3514
5.52 3513
5.52 3512
5.52 3511
5.53 3510
5.53 3509
5.53 3508
5.53 3507
5.54 3506
5.55 3505
5.55 3504
5.55 3503
5.55 3502
5.55 3501
5.64 3500
5.64 3499
5.65 3498
5.65 3497
5.65 3496
5.67 3495
5.67 3494
5.67 3493
5.67 3492
5.67 3491
5.67 3490
5.67 3489
5.67 3488
5.68 3487
5.69 3486
5.69 3485
5.69 3484
5.69 3483
5.69 3482
5.69 3481
5.69 3480
5.70 3479
5.72 3478
5.72 3477
5.72 3476
5.73 3475
5.73 3474
5.73 3473
5.73 3472
5.73 3471
5.73 3470
5.73 3469
5.73 3468
5.73 3467
5.73 3466
5.73 3465
5.74 3464
5.74 3463
5.81 3462
5.81 3461
5.81 3460
5.84 3459
5.84 3458
5.84 3457
5.84 3456
5.85 3455
5.85 3454
5.86 3453
5.86 3452
5.86 3451
5.86 3450
5.86 3449
5.86 3448
5.86 3447
5.87 3446
5.87 3445
5.87 3444
5.87 3443
5.87 3442
5.88 3441
5.88 3440
5.88 3439
5.88 3438
5.88 3437
5.88 3436
5.90 3435
6.08 3434
6.08 3433
6.08 3432
6.10 3431
6.10 3430
6.10 3429
6.10 3428
6.10 3427
6.10 3426
6.11 3425
6.11 3424
6.11 3423
6.11 3422
6.13 3421
6.13 3420
6.13 3419
6.13 3418
6.14 3417
6.14 3416
6.14 3415
6.14 3414
6.18 3413
6.18 3412
6.18 3411
6.19 3410
6.19 3409
6.19 3408
6.19 3407
6.19 3406
6.19 3405
6.19 3404
6.19 3403
6.19 3402
6.21 3401
6.21 3400
6.21 3399
6.24 3398
6.26 3397
6.27 3396
6.30 3395
6.30 3394
6.31 3393
6.31 3392
6.31 3391
6.31 3390
6.34 3389
6.34 3388
6.34 3387
6.34 3386
6.34 3385
6.34 3384
6.34 3383
6.35 3382
6.35 3381
6.35 3380
6.35 3379
6.41 3378
6.41 3377
6.42 3376
6.45 3375
6.46 3374
6.46 3373
6.57 3372
6.57 3371
6.57 3370
6.57 3369
6.57 3368
6.58 3367
6.58 3366
6.58 3365
6.58 3364
6.60 3363
6.60 3362
6.69 3361
6.70 3360
6.70 3359
6.72 3358
6.75 3357
6.75 3356
6.75 3355
6.75 3354
6.76 3353
6.77 3352
6.93 3351
6.94 3350
6.94 3349
6.94 3348
6.96 3347
6.96 3346
6.97 3345
6.97 3344
6.97 3343
6.97 3342
6.97 3341
6.97 3340
6.97 3339
6.98 3338
6.98 3337
7.22 3336
7.22 3335
7.23 3334
7.23 3333
7.24 3332
7.74 3331
7.76 3330
7.77 3329
7.84 3328
