0.00 2000
0.60 1999
0.60 1998
0.60 1997
0.60 1996
0.60 1995
0.60 1994
0.60 1993
0.60 1992
0.60 1991
0.60 1990
0.60 1989
0.60 1988
0.60 1987
0.62 1986
0.62 1985
0.62 1984
0.62 1983
0.62 1982
0.62 1981
0.62 1980
0.62 1979
0.62 1978
0.62 1977
0.62 1976
0.62 1975
0.62 1974
0.62 1973
0.62 1972
0.62 1971
0.62 1970
0.62 1969
0.62 1968
0.62 1967
0.62 1966
0.62 1965
0.62 1964
0.62 1963
0.62 1962
0.62 1961
0.62 1960
0.62 1959
0.62 1958
0.62 1957
0.62 1956
0.62 1955
0.62 1954
0.62 1953
0.62 1952
0.62 1951
0.62 1950
0.62 1949
0.62 1948
0.62 1947
0.62 1946
0.62 1945
0.62 1944
0.62 1943
0.62 1942
0.62 1941
0.62 1940
0.62 1939
0.62 1938
0.62 1937
0.62 1936
0.62 1935
0.62 1934
0.62 1933
0.62 1932
0.62 1931
0.62 1930
0.62 1929
0.62 1928
0.62 1927
0.62 1926
0.62 1925
0.62 1924
0.62 1923
0.62 1922
0.62 1921
0.62 1920
0.62 1919
0.62 1918
0.62 1917
0.62 1916
0.62 1915
0.62 1914
0.62 1913
0.62 1912
0.62 1911
0.62 1910
0.62 1909
0.62 1908
0.62 1907
0.62 1906
0.62 1905
0.62 1904
0.62 1903
0.62 1902
0.62 1901
0.62 1900
0.63 1899
0.63 1898
0.63 1897
0.64 1896
0.64 1895
0.64 1894
0.64 1893
0.64 1892
0.64 1891
0.64 1890
0.64 1889
0.64 1888
0.64 1887
0.64 1886
0.64 1885
0.64 1884
0.64 1883
0.64 1882
0.64 1881
0.64 1880
0.64 1879
0.64 1878
0.64 1877
0.64 1876
0.64 1875
0.64 1874
0.64 1873
0.64 1872
0.64 1871
0.64 1870
0.64 1869
0.64 1868
0.64 1867
0.64 1866
0.64 1865
0.64 1864
0.64 1863
0.64 1862
0.64 1861
0.64 1860
0.64 1859
0.64 1858
0.64 1857
0.64 1856
0.64 1855
0.64 1854
0.64 1853
0.64 1852
0.64 1851
0.65 1850
0.65 1849
0.65 1848
0.65 1847
0.65 1846
0.65 1845
0.65 1844
0.65 1843
0.65 1842
0.65 1841
0.65 1840
0.65 1839
0.65 1838
0.65 1837
0.65 1836
0.65 1835
0.65 1834
0.65 1833
0.65 1832
0.65 1831
0.65 1830
0.65 1829
0.65 1828
0.65 1827
0.65 1826
0.65 1825
0.65 1824
0.65 1823
0.65 1822
0.66 1821
0.66 1820
0.66 1819
0.66 1818
0.66 1817
0.66 1816
0.66 1815
0.66 1814
0.66 1813
0.66 1812
0.66 1811
0.66 1810
0.66 1809
0.66 1808
0.66 1807
0.66 1806
0.66 1805
0.66 1804
0.66 1803
0.66 1802
0.66 1801
0.66 1800
0.66 1799
0.66 1798
0.66 1797
0.66 1796
0.66 1795
0.66 1794
0.66 1793
0.66 1792
0.66 1791
0.66 1790
0.66 1789
0.66 1788
0.66 1787
0.66 1786
0.66 1785
0.66 1784
0.66 1783
0.66 1782
0.66 1781
0.66 1780
0.67 1779
0.67 1778
0.67 1777
0.67 1776
0.67 1775
0.67 1774
0.67 1773
0.67 1772
0.67 1771
0.67 1770
0.67 1769
0.67 1768
0.67 1767
0.67 1766
0.67 1765
0.67 1764
0.67 1763
0.67 1762
0.67 1761
0.67 1760
0.67 1759
0.67 1758
0.67 1757
0.67 1756
0.67 1755
0.67 1754
0.67 1753
0.67 1752
0.67 1751
0.67 1750
0.67 1749
0.67 1748
0.67 1747
0.67 1746
0.67 1745
0.67 1744
0.67 1743
0.67 1742
0.67 1741
0.67 1740
0.67 1739
0.67 1738
0.68 1737
0.68 1736
0.68 1735
0.68 1734
0.68 1733
0.68 1732
0.68 1731
0.68 1730
0.68 1729
0.68 1728
0.68 1727
0.68 1726
0.68 1725
0.68 1724
0.68 1723
0.68 1722
0.68 1721
0.68 1720
0.68 1719
0.68 1718
0.68 1717
0.68 1716
0.68 1715
0.68 1714
0.68 1713
0.68 1712
0.68 1711
0.68 1710
0.68 1709
0.68 1708
0.68 1707
0.68 1706
0.68 1705
0.68 1704
0.68 1703
0.68 1702
0.68 1701
0.68 1700
0.68 1699
0.68 1698
0.68 1697
0.68 1696
0.68 1695
0.68 1694
0.68 1693
0.68 1692
0.68 1691
0.68 1690
0.68 1689
0.68 1688
0.68 1687
0.68 1686
0.68 1685
0.68 1684
0.68 1683
0.68 1682
0.68 1681
0.68 1680
0.68 1679
0.68 1678
0.68 1677
0.68 1676
0.68 1675
0.68 1674
0.68 1673
0.68 1672
0.68 1671
0.68 1670
0.68 1669
0.68 1668
0.68 1667
0.68 1666
0.68 1665
0.68 1664
0.68 1663
0.68 1662
0.68 1661
0.68 1660
0.68 1659
0.68 1658
0.68 1657
0.68 1656
0.68 1655
0.68 1654
0.68 1653
0.68 1652
0.68 1651
0.68 1650
0.68 1649
0.68 1648
0.68 1647
0.68 1646
0.68 1645
0.68 1644
0.70 1643
0.70 1642
0.70 1641
0.70 1640
0.70 1639
0.70 1638
0.70 1637
0.70 1636
0.70 1635
0.70 1634
0.70 1633
0.70 1632
0.70 1631
0.70 1630
0.70 1629
0.70 1628
0.70 1627
0.70 1626
0.70 1625
0.70 1624
0.70 1623
0.70 1622
0.70 1621
0.70 1620
0.70 1619
0.70 1618
0.70 1617
0.70 1616
0.70 1615
0.70 1614
0.70 1613
0.70 1612
0.70 1611
0.70 1610
0.70 1609
0.70 1608
0.70 1607
0.70 1606
0.70 1605
0.70 1604
0.70 1603
0.70 1602
0.70 1601
0.70 1600
0.72 1599
0.72 1598
0.72 1597
0.72 1596
0.72 1595
0.72 1594
0.72 1593
0.72 1592
0.72 1591
0.72 1590
0.72 1589
0.72 1588
0.72 1587
0.72 1586
0.72 1585
0.72 1584
0.72 1583
0.72 1582
0.72 1581
0.72 1580
0.72 1579
0.72 1578
0.72 1577
0.72 1576
0.72 1575
0.72 1574
0.72 1573
0.72 1572
0.72 1571
0.72 1570
0.72 1569
0.72 1568
0.72 1567
0.72 1566
0.72 1565
0.72 1564
0.72 1563
0.72 1562
0.72 1561
0.72 1560
0.72 1559
0.72 1558
0.72 1557
0.72 1556
0.72 1555
0.72 1554
0.73 1553
0.73 1552
0.73 1551
0.73 1550
0.73 1549
0.73 1548
0.74 1547
0.74 1546
0.74 1545
0.74 1544
0.74 1543
0.74 1542
0.74 1541
0.74 1540
0.74 1539
0.74 1538
0.74 1537
0.74 1536
0.74 1535
0.74 1534
0.74 1533
0.74 1532
0.74 1531
0.74 1530
0.74 1529
0.74 1528
0.74 1527
0.74 1526
0.74 1525
0.74 1524
0.74 1523
0.74 1522
0.74 1521
0.74 1520
0.74 1519
0.74 1518
0.74 1517
0.74 1516
0.75 1515
0.75 1514
0.75 1513
0.75 1512
0.75 1511
0.75 1510
0.75 1509
0.75 1508
0.75 1507
0.75 1506
0.75 1505
0.75 1504
0.75 1503
0.75 1502
0.75 1501
0.75 1500
0.75 1499
0.75 1498
0.75 1497
0.75 1496
0.75 1495
0.75 1494
0.75 1493
0.75 1492
0.75 1491
0.75 1490
0.75 1489
0.75 1488
0.75 1487
0.75 1486
0.75 1485
0.75 1484
0.75 1483
0.75 1482
0.75 1481
0.75 1480
0.75 1479
0.75 1478
0.75 1477
0.75 1476
0.75 1475
0.75 1474
0.75 1473
0.75 1472
0.75 1471
0.75 1470
0.75 1469
0.75 1468
0.75 1467
0.75 1466
0.75 1465
0.75 1464
0.75 1463
0.77 1462
0.77 1461
0.77 1460
0.77 1459
0.77 1458
0.77 1457
0.77 1456
0.77 1455
0.77 1454
0.77 1453
0.77 1452
0.77 1451
0.77 1450
0.77 1449
0.77 1448
0.77 1447
0.77 1446
0.77 1445
0.77 1444
0.77 1443
0.77 1442
0.77 1441
0.77 1440
0.77 1439
0.77 1438
0.77 1437
0.77 1436
0.77 1435
0.77 1434
0.77 1433
0.77 1432
0.77 1431
0.78 1430
0.78 1429
0.78 1428
0.78 1427
0.78 1426
0.78 1425
0.78 1424
0.78 1423
0.78 1422
0.78 1421
0.78 1420
0.78 1419
0.78 1418
0.78 1417
0.78 1416
0.78 1415
0.78 1414
0.78 1413
0.78 1412
0.78 1411
0.78 1410
0.78 1409
0.78 1408
0.78 1407
0.78 1406
0.78 1405
0.78 1404
0.78 1403
0.78 1402
0.78 1401
0.78 1400
0.78 1399
0.80 1398
0.80 1397
0.80 1396
0.80 1395
0.80 1394
0.80 1393
0.80 1392
0.80 1391
0.80 1390
0.80 1389
0.80 1388
0.80 1387
0.80 1386
0.80 1385
0.80 1384
0.80 1383
0.80 1382
0.80 1381
0.80 1380
0.80 1379
0.80 1378
0.80 1377
0.80 1376
0.80 1375
0.80 1374
0.82 1373
0.82 1372
0.82 1371
0.82 1370
0.82 1369
0.82 1368
0.82 1367
0.82 1366
0.82 1365
0.82 1364
0.82 1363
0.82 1362
0.82 1361
0.82 1360
0.82 1359
0.82 1358
0.82 1357
0.82 1356
0.82 1355
0.82 1354
0.82 1353
0.82 1352
0.83 1351
0.83 1350
0.83 1349
0.83 1348
0.83 1347
0.84 1346
0.84 1345
0.84 1344
0.84 1343
0.84 1342
0.84 1341
0.84 1340
0.84 1339
0.84 1338
0.84 1337
0.84 1336
0.85 1335
0.85 1334
0.85 1333
0.85 1332
0.85 1331
0.85 1330
0.85 1329
0.85 1328
0.85 1327
0.85 1326
0.85 1325
0.85 1324
0.85 1323
0.85 1322
0.85 1321
0.85 1320
0.85 1319
0.85 1318
0.85 1317
0.85 1316
0.85 1315
0.85 1314
0.85 1313
0.87 1312
0.87 1311
0.87 1310
0.87 1309
0.87 1308
0.87 1307
0.87 1306
0.87 1305
0.87 1304
0.87 1303
0.87 1302
0.87 1301
0.87 1300
0.87 1299
0.87 1298
0.87 1297
0.87 1296
0.88 1295
0.88 1294
0.88 1293
0.88 1292
0.88 1291
0.88 1290
0.88 1289
0.88 1288
0.88 1287
0.88 1286
0.88 1285
0.88 1284
0.88 1283
0.88 1282
0.88 1281
0.88 1280
0.88 1279
0.90 1278
0.90 1277
0.90 1276
0.90 1275
0.90 1274
0.90 1273
0.90 1272
0.90 1271
0.90 1270
0.90 1269
0.90 1268
0.90 1267
0.90 1266
0.90 1265
0.92 1264
0.92 1263
0.92 1262
0.92 1261
0.92 1260
0.92 1259
0.92 1258
0.92 1257
0.92 1256
0.93 1255
0.93 1254
0.93 1253
0.94 1252
0.94 1251
0.94 1250
0.94 1249
0.94 1248
0.94 1247
0.94 1246
0.94 1245
0.95 1244
0.95 1243
0.97 1242
0.97 1241
0.97 1240
0.98 1239
0.98 1238
0.98 1237
0.98 1236
0.98 1235
0.98 1234
0.98 1233
1.04 1232
1.04 1231
1.04 1230
1.04 1229
1.04 1228
1.04 1227
1.04 1226
1.04 1225
1.04 1224
1.04 1223
1.04 1222
1.04 1221
1.04 1220
1.07 1219
1.07 1218
1.07 1217
1.07 1216
1.07 1215
1.08 1214
1.08 1213
1.08 1212
1.08 1211
1.08 1210
1.08 1209
1.10 1208
1.10 1207
1.10 1206
1.10 1205
1.10 1204
1.10 1203
1.10 1202
1.17 1201
1.17 1200
1.17 1199
1.17 1198
1.17 1197
1.17 1196
1.17 1195
1.27 1194
1.27 1193
1.27 1192
1.28 1191
1.30 1190
1.30 1189
1.30 1188
1.30 1187
1.38 1186
1.38 1185
1.38 1184
1.38 1183
1.40 1182
1.40 1181
1.40 1180
1.40 1179
1.48 1178
1.48 1177
1.48 1176
1.49 1175
1.49 1174
1.49 1173
1.49 1172
1.49 1171
1.49 1170
1.51 1169
1.51 1168
1.69 1167
1.69 1166
1.69 1165
1.75 1164
1.75 1163
1.75 1162
1.75 1161
1.76 1160
1.76 1159
1.76 1158
1.86 1157
1.86 1156
1.86 1155
1.87 1154
1.89 1153
1.89 1152
1.89 1151
1.89 1150
1.89 1149
1.89 1148
1.89 1147
1.91 1146
1.91 1145
1.91 1144
1.91 1143
1.92 1142
1.95 1141
1.95 1140
1.95 1139
1.97 1138
1.97 1137
1.97 1136
1.97 1135
1.97 1134
1.97 1133
1.97 1132
2.00 1131
2.25 1130
2.25 1129
2.25 1128
2.25 1127
2.25 1126
2.25 1125
2.25 1124
2.25 1123
2.25 1122
2.29 1121
2.29 1120
2.29 1119
2.30 1118
2.30 1117
2.30 1116
2.30 1115
2.38 1114
2.38 1113
2.39 1112
2.39 1111
2.39 1110
2.39 1109
2.39 1108
2.39 1107
2.39 1106
2.46 1105
2.46 1104
2.46 1103
2.46 1102
2.46 1101
2.51 1100
2.51 1099
2.51 1098
2.51 1097
2.94 1096
2.94 1095
2.94 1094
2.94 1093
2.94 1092
3.03 1091
3.03 1090
3.03 1089
3.03 1088
3.03 1087
3.03 1086
3.04 1085
3.11 1084
3.11 1083
3.14 1082
3.14 1081
3.20 1080
3.20 1079
3.20 1078
3.20 1077
3.20 1076
3.24 1075
3.24 1074
3.24 1073
3.24 1072
3.35 1071
3.38 1070
3.44 1069
3.44 1068
3.44 1067
3.44 1066
3.44 1065
3.46 1064
3.46 1063
3.46 1062
3.46 1061
3.46 1060
3.46 1059
3.46 1058
3.46 1057
3.46 1056
3.46 1055
3.46 1054
3.47 1053
3.47 1052
4.18 1051
4.18 1050
4.18 1049
4.18 1048
4.18 1047
4.20 1046
4.30 1045
4.30 1044
4.33 1043
4.34 1042
4.34 1041
4.34 1040
4.34 1039
4.34 1038
4.34 1037
4.39 1036
4.39 1035
4.39 1034
4.39 1033
4.41 1032
4.41 1031
4.41 1030
4.50 1029
4.50 1028
4.50 1027
4.50 1026
4.53 1025
4.77 1024
4.77 1023
4.80 1022
4.81 1021
4.91 1020
5.13 1019
5.26 1018
5.26 1017
5.26 1016
5.29 1015
5.29 1014
5.32 1013
5.32 1012
5.35 1011
5.38 1010
5.61 1009
5.64 1008
5.65 1007
5.65 1006
5.65 1005
5.65 1004
6.11 1003
6.11 1002
6.26 1001
6.27 1000
