0.00 2000
0.78 1999
0.78 1998
0.78 1997
0.78 1996
0.78 1995
0.78 1994
0.78 1993
0.78 1992
0.78 1991
0.78 1990
0.78 1989
0.78 1988
0.78 1987
0.78 1986
0.78 1985
0.78 1984
0.78 1983
0.78 1982
0.78 1981
0.78 1980
0.78 1979
0.78 1978
0.78 1977
0.78 1976
0.78 1975
0.78 1974
0.78 1973
0.78 1972
0.78 1971
0.78 1970
0.78 1969
0.78 1968
0.78 1967
0.78 1966
0.78 1965
0.78 1964
0.78 1963
0.78 1962
0.78 1961
0.78 1960
0.78 1959
0.78 1958
0.78 1957
0.78 1956
0.78 1955
0.79 1954
0.79 1953
0.79 1952
0.79 1951
0.79 1950
0.79 1949
0.79 1948
0.79 1947
0.79 1946
0.79 1945
0.79 1944
0.79 1943
0.79 1942
0.79 1941
0.79 1940
0.79 1939
0.79 1938
0.79 1937
0.79 1936
0.79 1935
0.79 1934
0.79 1933
0.79 1932
0.79 1931
0.79 1930
0.79 1929
0.79 1928
0.79 1927
0.79 1926
0.79 1925
0.79 1924
0.79 1923
0.79 1922
0.79 1921
0.79 1920
0.79 1919
0.79 1918
0.79 1917
0.79 1916
0.79 1915
0.79 1914
0.79 1913
0.79 1912
0.79 1911
0.79 1910
0.79 1909
0.79 1908
0.79 1907
0.80 1906
0.80 1905
0.80 1904
0.80 1903
0.80 1902
0.80 1901
0.80 1900
0.80 1899
0.80 1898
0.80 1897
0.80 1896
0.80 1895
0.80 1894
0.80 1893
0.80 1892
0.80 1891
0.80 1890
0.80 1889
0.80 1888
0.80 1887
0.80 1886
0.80 1885
0.80 1884
0.80 1883
0.80 1882
0.80 1881
0.80 1880
0.80 1879
0.80 1878
0.80 1877
0.80 1876
0.80 1875
0.80 1874
0.80 1873
0.80 1872
0.80 1871
0.80 1870
0.80 1869
0.80 1868
0.80 1867
0.80 1866
0.80 1865
0.80 1864
0.80 1863
0.80 1862
0.80 1861
0.80 1860
0.80 1859
0.80 1858
0.80 1857
0.80 1856
0.80 1855
0.80 1854
0.80 1853
0.80 1852
0.80 1851
0.80 1850
0.80 1849
0.80 1848
0.80 1847
0.80 1846
0.81 1845
0.81 1844
0.81 1843
0.81 1842
0.81 1841
0.81 1840
0.81 1839
0.81 1838
0.81 1837
0.81 1836
0.81 1835
0.81 1834
0.81 1833
0.81 1832
0.81 1831
0.81 1830
0.81 1829
0.81 1828
0.81 1827
0.81 1826
0.81 1825
0.81 1824
0.81 1823
0.81 1822
0.81 1821
0.81 1820
0.81 1819
0.81 1818
0.81 1817
0.81 1816
0.82 1815
0.82 1814
0.82 1813
0.82 1812
0.82 1811
0.82 1810
0.82 1809
0.82 1808
0.82 1807
0.82 1806
0.82 1805
0.82 1804
0.82 1803
0.82 1802
0.82 1801
0.82 1800
0.82 1799
0.82 1798
0.82 1797
0.82 1796
0.82 1795
0.82 1794
0.82 1793
0.82 1792
0.82 1791
0.82 1790
0.82 1789
0.82 1788
0.82 1787
0.82 1786
0.82 1785
0.82 1784
0.82 1783
0.82 1782
0.82 1781
0.82 1780
0.82 1779
0.82 1778
0.82 1777
0.82 1776
0.82 1775
0.82 1774
0.82 1773
0.82 1772
0.82 1771
0.82 1770
0.82 1769
0.82 1768
0.82 1767
0.82 1766
0.82 1765
0.82 1764
0.82 1763
0.82 1762
0.82 1761
0.82 1760
0.82 1759
0.82 1758
0.82 1757
0.82 1756
0.82 1755
0.82 1754
0.82 1753
0.82 1752
0.82 1751
0.82 1750
0.82 1749
0.82 1748
0.82 1747
0.82 1746
0.82 1745
0.82 1744
0.82 1743
0.82 1742
0.83 1741
0.83 1740
0.83 1739
0.83 1738
0.83 1737
0.83 1736
0.83 1735
0.83 1734
0.83 1733
0.83 1732
0.83 1731
0.83 1730
0.83 1729
0.83 1728
0.83 1727
0.83 1726
0.83 1725
0.83 1724
0.83 1723
0.83 1722
0.83 1721
0.83 1720
0.83 1719
0.83 1718
0.83 1717
0.83 1716
0.83 1715
0.83 1714
0.83 1713
0.83 1712
0.83 1711
0.83 1710
0.83 1709
0.83 1708
0.83 1707
0.83 1706
0.83 1705
0.83 1704
0.83 1703
0.83 1702
0.83 1701
0.83 1700
0.83 1699
0.83 1698
0.83 1697
0.83 1696
0.83 1695
0.83 1694
0.83 1693
0.83 1692
0.83 1691
0.83 1690
0.83 1689
0.83 1688
0.83 1687
0.83 1686
0.83 1685
0.83 1684
0.83 1683
0.83 1682
0.83 1681
0.83 1680
0.83 1679
0.83 1678
0.85 1677
0.85 1676
0.85 1675
0.85 1674
0.85 1673
0.85 1672
0.85 1671
0.85 1670
0.85 1669
0.85 1668
0.85 1667
0.85 1666
0.85 1665
0.85 1664
0.85 1663
0.85 1662
0.85 1661
0.85 1660
0.85 1659
0.85 1658
0.85 1657
0.85 1656
0.85 1655
0.85 1654
0.85 1653
0.85 1652
0.85 1651
0.85 1650
0.85 1649
0.85 1648
0.85 1647
0.85 1646
0.85 1645
0.85 1644
0.85 1643
0.85 1642
0.85 1641
0.85 1640
0.85 1639
0.85 1638
0.85 1637
0.85 1636
0.85 1635
0.85 1634
0.85 1633
0.85 1632
0.85 1631
0.85 1630
0.85 1629
0.85 1628
0.85 1627
0.85 1626
0.85 1625
0.85 1624
0.85 1623
0.85 1622
0.85 1621
0.85 1620
0.85 1619
0.85 1618
0.85 1617
0.85 1616
0.85 1615
0.85 1614
0.85 1613
0.85 1612
0.85 1611
0.85 1610
0.85 1609
0.85 1608
0.85 1607
0.85 1606
0.85 1605
0.85 1604
0.85 1603
0.85 1602
0.85 1601
0.85 1600
0.87 1599
0.87 1598
0.87 1597
0.87 1596
0.87 1595
0.87 1594
0.87 1593
0.87 1592
0.87 1591
0.87 1590
0.87 1589
0.87 1588
0.87 1587
0.87 1586
0.87 1585
0.87 1584
0.87 1583
0.87 1582
0.87 1581
0.87 1580
0.87 1579
0.87 1578
0.87 1577
0.87 1576
0.87 1575
0.87 1574
0.87 1573
0.87 1572
0.87 1571
0.87 1570
0.87 1569
0.87 1568
0.87 1567
0.87 1566
0.87 1565
0.87 1564
0.87 1563
0.87 1562
0.87 1561
0.87 1560
0.87 1559
0.87 1558
0.87 1557
0.87 1556
0.87 1555
0.87 1554
0.87 1553
0.87 1552
0.87 1551
0.88 1550
0.88 1549
0.88 1548
0.88 1547
0.88 1546
0.88 1545
0.88 1544
0.88 1543
0.88 1542
0.88 1541
0.88 1540
0.88 1539
0.88 1538
0.88 1537
0.88 1536
0.88 1535
0.88 1534
0.88 1533
0.88 1532
0.88 1531
0.88 1530
0.88 1529
0.88 1528
0.88 1527
0.88 1526
0.88 1525
0.88 1524
0.88 1523
0.88 1522
0.88 1521
0.88 1520
0.88 1519
0.88 1518
0.88 1517
0.88 1516
0.88 1515
0.88 1514
0.88 1513
0.88 1512
0.88 1511
0.88 1510
0.88 1509
0.88 1508
0.88 1507
0.88 1506
0.88 1505
0.88 1504
0.88 1503
0.88 1502
0.88 1501
0.88 1500
0.88 1499
0.88 1498
0.88 1497
0.88 1496
0.88 1495
0.88 1494
0.88 1493
0.88 1492
0.88 1491
0.88 1490
0.88 1489
0.90 1488
0.90 1487
0.90 1486
0.90 1485
0.90 1484
0.90 1483
0.90 1482
0.90 1481
0.90 1480
0.90 1479
0.90 1478
0.90 1477
0.90 1476
0.90 1475
0.90 1474
0.90 1473
0.90 1472
0.90 1471
0.90 1470
0.90 1469
0.90 1468
0.90 1467
0.90 1466
0.90 1465
0.90 1464
0.90 1463
0.90 1462
0.90 1461
0.90 1460
0.90 1459
0.90 1458
0.90 1457
0.90 1456
0.90 1455
0.90 1454
0.90 1453
0.90 1452
0.90 1451
0.90 1450
0.90 1449
0.90 1448
0.90 1447
0.90 1446
0.92 1445
0.92 1444
0.92 1443
0.92 1442
0.92 1441
0.92 1440
0.92 1439
0.92 1438
0.92 1437
0.92 1436
0.92 1435
0.92 1434
0.92 1433
0.92 1432
0.92 1431
0.92 1430
0.92 1429
0.92 1428
0.92 1427
0.92 1426
0.92 1425
0.92 1424
0.92 1423
0.92 1422
0.92 1421
0.92 1420
0.92 1419
0.92 1418
0.92 1417
0.93 1416
0.93 1415
0.93 1414
0.93 1413
0.93 1412
0.93 1411
0.93 1410
0.93 1409
0.93 1408
0.93 1407
0.93 1406
0.93 1405
0.93 1404
0.93 1403
0.93 1402
0.93 1401
0.93 1400
0.93 1399
0.93 1398
0.93 1397
0.93 1396
0.93 1395
0.93 1394
0.93 1393
0.93 1392
0.93 1391
0.93 1390
0.93 1389
0.93 1388
0.93 1387
0.93 1386
0.95 1385
0.95 1384
0.95 1383
0.95 1382
0.95 1381
0.95 1380
0.95 1379
0.95 1378
0.95 1377
0.95 1376
0.95 1375
0.95 1374
0.95 1373
0.95 1372
0.95 1371
0.95 1370
0.95 1369
0.95 1368
0.95 1367
0.95 1366
0.95 1365
0.95 1364
0.95 1363
0.95 1362
0.95 1361
0.95 1360
0.95 1359
0.97 1358
0.97 1357
0.97 1356
0.97 1355
0.97 1354
0.97 1353
0.97 1352
0.97 1351
0.97 1350
0.97 1349
0.97 1348
0.97 1347
0.97 1346
0.97 1345
0.97 1344
0.97 1343
0.97 1342
0.97 1341
0.97 1340
0.97 1339
0.97 1338
0.97 1337
0.97 1336
0.97 1335
0.97 1334
0.97 1333
0.97 1332
0.97 1331
0.97 1330
0.97 1329
0.97 1328
0.97 1327
0.97 1326
0.97 1325
0.97 1324
0.98 1323
0.98 1322
0.98 1321
0.98 1320
0.98 1319
0.98 1318
0.98 1317
0.98 1316
0.99 1315
0.99 1314
0.99 1313
0.99 1312
0.99 1311
0.99 1310
0.99 1309
0.99 1308
1.00 1307
1.00 1306
1.00 1305
1.00 1304
1.00 1303
1.00 1302
1.00 1301
1.00 1300
1.00 1299
1.00 1298
1.00 1297
1.01 1296
1.01 1295
1.01 1294
1.01 1293
1.01 1292
1.01 1291
1.01 1290
1.01 1289
1.01 1288
1.01 1287
1.01 1286
1.01 1285
1.02 1284
1.02 1283
1.02 1282
1.02 1281
1.02 1280
1.02 1279
1.02 1278
1.02 1277
1.02 1276
1.02 1275
1.02 1274
1.02 1273
1.03 1272
1.03 1271
1.03 1270
1.03 1269
1.03 1268
1.03 1267
1.03 1266
1.03 1265
1.03 1264
1.03 1263
1.03 1262
1.03 1261
1.03 1260
1.04 1259
1.04 1258
1.04 1257
1.04 1256
1.04 1255
1.04 1254
1.04 1253
1.04 1252
1.04 1251
1.04 1250
1.04 1249
1.04 1248
1.04 1247
1.04 1246
1.04 1245
1.04 1244
1.04 1243
1.04 1242
1.04 1241
1.04 1240
1.04 1239
1.04 1238
1.04 1237
1.04 1236
1.04 1235
1.04 1234
1.04 1233
1.05 1232
1.05 1231
1.05 1230
1.05 1229
1.05 1228
1.11 1227
1.11 1226
1.11 1225
1.11 1224
1.13 1223
1.13 1222
1.13 1221
1.13 1220
1.13 1219
1.13 1218
1.13 1217
1.13 1216
1.13 1215
1.13 1214
1.13 1213
1.13 1212
1.13 1211
1.14 1210
1.14 1209
1.15 1208
1.15 1207
1.15 1206
1.15 1205
1.15 1204
1.15 1203
1.15 1202
1.16 1201
1.16 1200
1.18 1199
1.18 1198
1.18 1197
1.18 1196
1.18 1195
1.18 1194
1.18 1193
1.19 1192
1.19 1191
1.19 1190
1.19 1189
1.19 1188
1.19 1187
1.19 1186
1.20 1185
1.20 1184
1.20 1183
1.37 1182
1.39 1181
1.39 1180
1.48 1179
1.49 1178
1.49 1177
1.50 1176
1.50 1175
1.51 1174
1.51 1173
1.51 1172
1.51 1171
1.51 1170
1.51 1169
1.51 1168
1.51 1167
1.51 1166
1.51 1165
1.51 1164
1.52 1163
1.52 1162
1.52 1161
1.52 1160
1.52 1159
1.90 1158
1.90 1157
1.90 1156
1.90 1155
1.90 1154
1.91 1153
1.91 1152
1.92 1151
1.94 1150
1.94 1149
1.94 1148
1.94 1147
1.94 1146
1.95 1145
1.95 1144
1.96 1143
1.96 1142
1.96 1141
1.96 1140
1.96 1139
2.08 1138
2.09 1137
2.09 1136
2.09 1135
2.10 1134
2.11 1133
2.28 1132
2.30 1131
2.30 1130
2.31 1129
2.31 1128
2.31 1127
2.33 1126
2.33 1125
2.33 1124
2.33 1123
2.45 1122
2.45 1121
2.47 1120
2.48 1119
2.48 1118
2.48 1117
2.48 1116
2.48 1115
2.48 1114
2.48 1113
2.67 1112
2.67 1111
2.67 1110
2.67 1109
2.67 1108
2.67 1107
2.67 1106
2.67 1105
2.67 1104
2.69 1103
2.69 1102
2.69 1101
2.69 1100
2.69 1099
2.69 1098
2.69 1097
2.69 1096
2.69 1095
2.69 1094
3.08 1093
3.08 1092
3.08 1091
3.09 1090
3.09 1089
3.10 1088
3.10 1087
3.12 1086
3.12 1085
3.12 1084
3.13 1083
3.13 1082
3.14 1081
3.15 1080
3.15 1079
3.15 1078
3.15 1077
3.15 1076
3.24 1075
3.24 1074
3.24 1073
3.24 1072
3.24 1071
3.24 1070
3.24 1069
3.24 1068
3.25 1067
3.31 1066
3.42 1065
3.42 1064
3.44 1063
3.45 1062
3.49 1061
3.50 1060
3.62 1059
3.62 1058
3.62 1057
3.62 1056
3.64 1055
3.65 1054
3.66 1053
3.67 1052
3.67 1051
3.67 1050
3.67 1049
3.67 1048
3.68 1047
3.68 1046
3.68 1045
3.68 1044
3.68 1043
3.73 1042
3.73 1041
3.74 1040
3.75 1039
3.97 1038
4.14 1037
4.14 1036
4.14 1035
4.14 1034
4.15 1033
4.15 1032
4.29 1031
4.61 1030
4.63 1029
4.72 1028
4.72 1027
4.73 1026
4.73 1025
4.76 1024
4.77 1023
4.79 1022
4.79 1021
4.79 1020
4.92 1019
4.92 1018
4.97 1017
4.99 1016
5.18 1015
5.19 1014
5.21 1013
5.21 1012
5.22 1011
5.23 1010
5.23 1009
5.24 1008
5.25 1007
5.28 1006
5.54 1005
5.58 1004
6.43 1003
6.45 1002
6.54 1001
6.67 1000
