0.00 1960
0.60 1959
0.60 1958
0.60 1957
0.60 1956
0.60 1955
0.60 1954
0.60 1953
0.60 1952
0.60 1951
0.60 1950
0.60 1949
0.60 1948
0.60 1947
0.60 1946
0.60 1945
0.60 1944
0.60 1943
0.60 1942
0.60 1941
0.60 1940
0.60 1939
0.60 1938
0.60 1937
0.60 1936
0.60 1935
0.60 1934
0.60 1933
0.60 1932
0.60 1931
0.60 1930
0.60 1929
0.60 1928
0.60 1927
0.60 1926
0.60 1925
0.62 1924
0.62 1923
0.62 1922
0.62 1921
0.62 1920
0.62 1919
0.62 1918
0.62 1917
0.62 1916
0.62 1915
0.62 1914
0.62 1913
0.62 1912
0.62 1911
0.62 1910
0.62 1909
0.62 1908
0.62 1907
0.62 1906
0.62 1905
0.62 1904
0.62 1903
0.62 1902
0.62 1901
0.62 1900
0.62 1899
0.62 1898
0.62 1897
0.62 1896
0.62 1895
0.62 1894
0.62 1893
0.62 1892
0.62 1891
0.62 1890
0.62 1889
0.62 1888
0.62 1887
0.62 1886
0.62 1885
0.62 1884
0.62 1883
0.62 1882
0.62 1881
0.62 1880
0.62 1879
0.62 1878
0.62 1877
0.62 1876
0.62 1875
0.62 1874
0.62 1873
0.62 1872
0.62 1871
0.62 1870
0.62 1869
0.62 1868
0.62 1867
0.62 1866
0.62 1865
0.62 1864
0.62 1863
0.62 1862
0.62 1861
0.62 1860
0.62 1859
0.62 1858
0.62 1857
0.62 1856
0.62 1855
0.62 1854
0.62 1853
0.62 1852
0.62 1851
0.62 1850
0.62 1849
0.62 1848
0.62 1847
0.62 1846
0.62 1845
0.62 1844
0.62 1843
0.62 1842
0.62 1841
0.62 1840
0.62 1839
0.62 1838
0.62 1837
0.63 1836
0.63 1835
0.64 1834
0.64 1833
0.64 1832
0.64 1831
0.64 1830
0.64 1829
0.64 1828
0.64 1827
0.64 1826
0.64 1825
0.64 1824
0.64 1823
0.64 1822
0.64 1821
0.64 1820
0.64 1819
0.64 1818
0.64 1817
0.64 1816
0.64 1815
0.64 1814
0.64 1813
0.64 1812
0.64 1811
0.64 1810
0.64 1809
0.64 1808
0.64 1807
0.64 1806
0.64 1805
0.64 1804
0.64 1803
0.64 1802
0.64 1801
0.64 1800
0.64 1799
0.64 1798
0.64 1797
0.64 1796
0.64 1795
0.64 1794
0.64 1793
0.64 1792
0.64 1791
0.64 1790
0.64 1789
0.64 1788
0.64 1787
0.64 1786
0.64 1785
0.64 1784
0.64 1783
0.64 1782
0.64 1781
0.64 1780
0.64 1779
0.64 1778
0.64 1777
0.64 1776
0.64 1775
0.64 1774
0.64 1773
0.64 1772
0.64 1771
0.64 1770
0.64 1769
0.64 1768
0.64 1767
0.64 1766
0.64 1765
0.64 1764
0.64 1763
0.64 1762
0.64 1761
0.65 1760
0.65 1759
0.65 1758
0.65 1757
0.65 1756
0.65 1755
0.65 1754
0.65 1753
0.65 1752
0.65 1751
0.65 1750
0.65 1749
0.65 1748
0.65 1747
0.65 1746
0.65 1745
0.65 1744
0.65 1743
0.65 1742
0.65 1741
0.65 1740
0.65 1739
0.65 1738
0.65 1737
0.65 1736
0.65 1735
0.65 1734
0.65 1733
0.65 1732
0.65 1731
0.65 1730
0.65 1729
0.65 1728
0.65 1727
0.65 1726
0.65 1725
0.65 1724
0.65 1723
0.65 1722
0.65 1721
0.65 1720
0.65 1719
0.65 1718
0.65 1717
0.65 1716
0.65 1715
0.65 1714
0.65 1713
0.65 1712
0.65 1711
0.65 1710
0.65 1709
0.65 1708
0.65 1707
0.65 1706
0.65 1705
0.65 1704
0.65 1703
0.65 1702
0.65 1701
0.65 1700
0.67 1699
0.67 1698
0.67 1697
0.67 1696
0.67 1695
0.67 1694
0.67 1693
0.67 1692
0.67 1691
0.67 1690
0.67 1689
0.67 1688
0.67 1687
0.67 1686
0.67 1685
0.67 1684
0.67 1683
0.67 1682
0.67 1681
0.67 1680
0.67 1679
0.67 1678
0.67 1677
0.67 1676
0.67 1675
0.67 1674
0.67 1673
0.67 1672
0.67 1671
0.68 1670
0.68 1669
0.68 1668
0.68 1667
0.68 1666
0.68 1665
0.68 1664
0.68 1663
0.68 1662
0.68 1661
0.68 1660
0.68 1659
0.68 1658
0.68 1657
0.68 1656
0.68 1655
0.68 1654
0.68 1653
0.68 1652
0.68 1651
0.68 1650
0.68 1649
0.68 1648
0.68 1647
0.68 1646
0.68 1645
0.68 1644
0.68 1643
0.68 1642
0.68 1641
0.68 1640
0.68 1639
0.68 1638
0.69 1637
0.69 1636
0.69 1635
0.69 1634
0.69 1633
0.69 1632
0.69 1631
0.69 1630
0.69 1629
0.69 1628
0.69 1627
0.69 1626
0.69 1625
0.69 1624
0.69 1623
0.69 1622
0.69 1621
0.69 1620
0.69 1619
0.69 1618
0.69 1617
0.69 1616
0.69 1615
0.69 1614
0.69 1613
0.69 1612
0.69 1611
0.69 1610
0.69 1609
0.69 1608
0.69 1607
0.69 1606
0.69 1605
0.69 1604
0.69 1603
0.69 1602
0.69 1601
0.69 1600
0.69 1599
0.69 1598
0.69 1597
0.69 1596
0.69 1595
0.69 1594
0.69 1593
0.69 1592
0.69 1591
0.69 1590
0.69 1589
0.69 1588
0.69 1587
0.69 1586
0.69 1585
0.69 1584
0.69 1583
0.70 1582
0.70 1581
0.70 1580
0.70 1579
0.70 1578
0.70 1577
0.70 1576
0.70 1575
0.70 1574
0.70 1573
0.70 1572
0.70 1571
0.70 1570
0.70 1569
0.70 1568
0.70 1567
0.70 1566
0.70 1565
0.70 1564
0.70 1563
0.70 1562
0.70 1561
0.70 1560
0.70 1559
0.71 1558
0.71 1557
0.71 1556
0.71 1555
0.71 1554
0.71 1553
0.71 1552
0.71 1551
0.71 1550
0.71 1549
0.71 1548
0.71 1547
0.71 1546
0.71 1545
0.71 1544
0.71 1543
0.71 1542
0.71 1541
0.71 1540
0.71 1539
0.71 1538
0.71 1537
0.71 1536
0.71 1535
0.71 1534
0.71 1533
0.71 1532
0.72 1531
0.72 1530
0.72 1529
0.72 1528
0.72 1527
0.72 1526
0.72 1525
0.72 1524
0.72 1523
0.72 1522
0.72 1521
0.72 1520
0.72 1519
0.72 1518
0.72 1517
0.72 1516
0.72 1515
0.72 1514
0.72 1513
0.72 1512
0.72 1511
0.72 1510
0.72 1509
0.72 1508
0.72 1507
0.72 1506
0.72 1505
0.72 1504
0.72 1503
0.72 1502
0.72 1501
0.72 1500
0.72 1499
0.72 1498
0.72 1497
0.72 1496
0.72 1495
0.72 1494
0.72 1493
0.72 1492
0.72 1491
0.72 1490
0.72 1489
0.72 1488
0.72 1487
0.72 1486
0.72 1485
0.72 1484
0.72 1483
0.72 1482
0.72 1481
0.73 1480
0.73 1479
0.73 1478
0.73 1477
0.74 1476
0.74 1475
0.74 1474
0.74 1473
0.74 1472
0.74 1471
0.74 1470
0.74 1469
0.74 1468
0.74 1467
0.74 1466
0.74 1465
0.74 1464
0.74 1463
0.74 1462
0.74 1461
0.74 1460
0.74 1459
0.74 1458
0.74 1457
0.74 1456
0.74 1455
0.74 1454
0.74 1453
0.74 1452
0.74 1451
0.74 1450
0.74 1449
0.74 1448
0.74 1447
0.74 1446
0.74 1445
0.74 1444
0.74 1443
0.74 1442
0.75 1441
0.75 1440
0.75 1439
0.75 1438
0.75 1437
0.75 1436
0.75 1435
0.75 1434
0.75 1433
0.75 1432
0.75 1431
0.75 1430
0.75 1429
0.75 1428
0.75 1427
0.75 1426
0.75 1425
0.75 1424
0.75 1423
0.75 1422
0.75 1421
0.75 1420
0.75 1419
0.75 1418
0.75 1417
0.75 1416
0.75 1415
0.75 1414
0.75 1413
0.75 1412
0.75 1411
0.75 1410
0.75 1409
0.75 1408
0.75 1407
0.75 1406
0.75 1405
0.75 1404
0.75 1403
0.75 1402
0.77 1401
0.77 1400
0.77 1399
0.77 1398
0.77 1397
0.77 1396
0.77 1395
0.77 1394
0.77 1393
0.77 1392
0.77 1391
0.77 1390
0.77 1389
0.77 1388
0.77 1387
0.77 1386
0.77 1385
0.77 1384
0.77 1383
0.77 1382
0.77 1381
0.77 1380
0.77 1379
0.77 1378
0.77 1377
0.77 1376
0.77 1375
0.77 1374
0.77 1373
0.78 1372
0.78 1371
0.79 1370
0.79 1369
0.79 1368
0.79 1367
0.79 1366
0.79 1365
0.79 1364
0.79 1363
0.79 1362
0.79 1361
0.79 1360
0.79 1359
0.79 1358
0.79 1357
0.79 1356
0.79 1355
0.79 1354
0.79 1353
0.79 1352
0.79 1351
0.79 1350
0.79 1349
0.79 1348
0.79 1347
0.79 1346
0.79 1345
0.79 1344
0.79 1343
0.79 1342
0.79 1341
0.79 1340
0.80 1339
0.80 1338
0.80 1337
0.80 1336
0.80 1335
0.80 1334
0.80 1333
0.81 1332
0.81 1331
0.81 1330
0.81 1329
0.81 1328
0.81 1327
0.81 1326
0.81 1325
0.81 1324
0.81 1323
0.81 1322
0.81 1321
0.82 1320
0.82 1319
0.82 1318
0.82 1317
0.82 1316
0.82 1315
0.82 1314
0.82 1313
0.82 1312
0.82 1311
0.82 1310
0.84 1309
0.84 1308
0.84 1307
0.84 1306
0.84 1305
0.84 1304
0.84 1303
0.84 1302
0.84 1301
0.84 1300
0.84 1299
0.84 1298
0.84 1297
0.84 1296
0.85 1295
0.87 1294
0.87 1293
0.87 1292
0.87 1291
0.87 1290
0.87 1289
0.87 1288
0.87 1287
0.87 1286
0.87 1285
0.87 1284
0.87 1283
0.87 1282
0.87 1281
0.87 1280
0.87 1279
0.87 1278
0.87 1277
0.87 1276
0.87 1275
0.87 1274
0.87 1273
0.87 1272
0.87 1271
0.88 1270
0.89 1269
0.89 1268
0.89 1267
0.89 1266
0.89 1265
0.89 1264
0.89 1263
0.89 1262
0.89 1261
0.89 1260
0.89 1259
0.89 1258
0.90 1257
0.90 1256
0.90 1255
0.90 1254
0.90 1253
0.90 1252
0.90 1251
0.90 1250
0.90 1249
0.90 1248
0.90 1247
0.90 1246
0.90 1245
0.92 1244
0.92 1243
0.92 1242
0.92 1241
0.92 1240
0.92 1239
0.92 1238
0.93 1237
0.93 1236
0.93 1235
0.94 1234
0.94 1233
0.94 1232
0.94 1231
0.94 1230
0.94 1229
0.94 1228
0.94 1227
0.94 1226
0.94 1225
0.94 1224
0.94 1223
0.94 1222
0.94 1221
0.94 1220
0.94 1219
0.95 1218
0.95 1217
0.95 1216
0.95 1215
0.95 1214
0.95 1213
0.95 1212
0.95 1211
0.95 1210
0.95 1209
0.95 1208
0.97 1207
0.97 1206
1.03 1205
1.03 1204
1.03 1203
1.04 1202
1.04 1201
1.04 1200
1.04 1199
1.04 1198
1.04 1197
1.04 1196
1.05 1195
1.05 1194
1.05 1193
1.05 1192
1.05 1191
1.05 1190
1.05 1189
1.05 1188
1.05 1187
1.05 1186
1.05 1185
1.05 1184
1.17 1183
1.17 1182
1.17 1181
1.22 1180
1.41 1179
1.41 1178
1.41 1177
1.41 1176
1.41 1175
1.41 1174
1.43 1173
1.43 1172
1.43 1171
1.43 1170
1.43 1169
1.43 1168
1.53 1167
1.53 1166
1.53 1165
1.53 1164
1.53 1163
1.53 1162
1.53 1161
1.53 1160
1.53 1159
1.53 1158
1.55 1157
1.55 1156
1.56 1155
1.56 1154
1.56 1153
1.56 1152
1.56 1151
1.56 1150
1.56 1149
1.56 1148
1.58 1147
1.58 1146
1.58 1145
1.58 1144
1.59 1143
1.59 1142
1.61 1141
1.61 1140
1.61 1139
1.61 1138
1.61 1137
1.61 1136
1.61 1135
1.61 1134
1.61 1133
1.61 1132
1.86 1131
1.86 1130
1.86 1129
1.86 1128
1.86 1127
1.86 1126
1.86 1125
1.86 1124
1.86 1123
2.10 1122
2.10 1121
2.10 1120
2.10 1119
2.32 1118
2.32 1117
2.32 1116
2.32 1115
2.32 1114
2.41 1113
2.43 1112
2.43 1111
2.43 1110
2.44 1109
2.44 1108
2.44 1107
2.44 1106
2.44 1105
2.44 1104
2.44 1103
2.44 1102
2.46 1101
2.46 1100
2.46 1099
2.46 1098
2.46 1097
2.46 1096
2.46 1095
2.48 1094
2.48 1093
2.48 1092
2.48 1091
2.48 1090
2.74 1089
2.74 1088
2.74 1087
2.76 1086
2.76 1085
2.76 1084
2.76 1083
2.76 1082
2.76 1081
2.76 1080
2.76 1079
2.76 1078
2.77 1077
2.77 1076
2.77 1075
2.77 1074
2.77 1073
2.77 1072
2.81 1071
2.81 1070
2.81 1069
3.05 1068
3.05 1067
3.05 1066
3.05 1065
3.05 1064
3.05 1063
3.05 1062
3.07 1061
3.07 1060
3.07 1059
3.07 1058
3.07 1057
3.07 1056
3.07 1055
3.07 1054
3.07 1053
3.08 1052
3.08 1051
3.08 1050
3.15 1049
3.15 1048
3.41 1047
3.41 1046
3.42 1045
3.50 1044
3.50 1043
3.54 1042
3.54 1041
3.54 1040
3.56 1039
3.56 1038
3.64 1037
3.64 1036
3.64 1035
3.65 1034
3.65 1033
3.65 1032
3.67 1031
3.67 1030
3.67 1029
3.91 1028
3.92 1027
3.92 1026
3.92 1025
3.94 1024
4.05 1023
4.07 1022
4.07 1021
4.07 1020
4.07 1019
4.10 1018
4.23 1017
4.23 1016
4.23 1015
4.24 1014
4.24 1013
4.24 1012
4.24 1011
4.29 1010
4.29 1009
4.29 1008
4.30 1007
4.30 1006
4.31 1005
4.32 1004
4.32 1003
4.32 1002
4.75 1001
4.81 1000
4.81 999
4.81 998
4.81 997
4.81 996
4.81 995
4.98 994
4.98 993
5.00 992
5.16 991
5.16 990
5.46 989
5.46 988
5.48 987
5.48 986
5.76 985
5.76 984
6.27 983
6.29 982
6.29 981
6.48 980
