0.00 814
0.01 813
0.26 728
0.81 717
0.81 716
0.81 715
1.05 693
1.05 692
1.05 691
1.05 690
1.05 689
1.05 688
1.05 687
1.44 686
1.71 681
1.71 680
1.71 679
1.71 678
1.71 677
1.71 676
1.71 675
2.04 674
2.07 673
2.07 672
2.07 671
2.07 670
2.07 669
2.12 668
2.13 665
2.13 664
2.13 663
2.13 662
2.18 657
2.18 656
2.50 654
2.50 653
2.50 652
2.50 651
2.64 650
2.65 649
2.65 648
2.65 647
2.65 646
2.65 645
2.72 643
2.72 642
2.72 641
2.72 640
2.72 639
2.98 638
2.98 637
2.98 636
3.04 635
3.12 634
3.12 633
3.24 632
3.24 631
3.24 630
3.24 629
3.27 628
3.27 627
3.27 626
3.46 625
3.70 624
3.70 623
3.70 622
3.70 621
3.70 620
3.70 619
3.70 618
3.70 617
3.70 616
3.85 615
3.92 614
4.04 613
4.14 612
4.20 611
4.20 610
4.20 609
4.28 608
4.28 607
4.53 606
4.55 605
4.70 604
4.70 603
4.70 602
4.85 601
4.85 600
4.85 599
4.92 598
5.12 597
5.12 596
5.15 595
