0.00 3736
0.02 3735
0.02 3734
0.02 3733
0.02 3732
0.02 3731
0.02 3730
0.02 3729
0.02 3728
0.02 3727
0.02 3726
0.02 3725
0.02 3724
0.02 3723
0.02 3722
0.02 3721
0.02 3720
0.02 3719
0.02 3718
0.02 3717
0.02 3716
0.02 3715
0.02 3714
0.02 3713
0.02 3712
0.02 3711
0.02 3710
0.02 3709
0.02 3708
0.02 3707
0.02 3706
2.43 2584
2.61 2540
2.67 2530
2.67 2529
2.67 2528
2.67 2527
2.67 2526
2.95 2498
2.95 2497
2.95 2496
2.95 2495
2.95 2494
2.95 2493
2.95 2492
2.95 2491
2.95 2490
3.09 2450
3.09 2449
3.09 2448
3.09 2447
3.09 2446
3.28 2432
3.28 2431
3.28 2430
3.28 2429
3.30 2428
3.30 2427
3.30 2426
3.35 2425
3.35 2424
3.39 2422
3.46 2421
3.46 2420
3.46 2419
3.46 2418
3.46 2417
3.46 2416
3.46 2415
3.46 2414
3.46 2413
3.46 2412
3.56 2406
3.56 2405
3.56 2404
3.56 2403
3.56 2402
3.56 2401
3.56 2400
3.56 2399
3.56 2398
3.56 2397
3.56 2396
3.56 2395
3.56 2394
3.56 2393
3.56 2392
3.59 2391
3.59 2390
3.69 2378
3.69 2377
3.78 2373
3.78 2372
3.78 2371
3.78 2370
3.80 2369
3.80 2368
3.80 2367
3.80 2366
3.80 2365
3.88 2364
3.88 2363
3.88 2362
3.92 2361
3.92 2360
3.92 2359
3.92 2358
3.92 2357
3.92 2356
3.92 2355
3.92 2354
3.99 2353
3.99 2352
3.99 2351
4.00 2350
4.00 2349
4.00 2348
4.08 2347
4.08 2346
4.08 2345
4.08 2344
4.08 2343
4.08 2342
4.21 2335
4.30 2334
4.30 2333
4.35 2332
4.35 2331
4.35 2330
4.35 2329
4.35 2328
4.35 2327
4.35 2326
4.35 2325
4.35 2324
4.35 2323
4.35 2322
4.35 2321
4.35 2320
4.35 2319
4.39 2318
4.39 2317
4.39 2316
4.39 2315
4.41 2314
4.46 2313
4.46 2312
4.46 2311
4.46 2310
4.46 2309
4.52 2308
4.52 2307
4.54 2306
4.54 2305
4.54 2304
4.54 2303
4.54 2302
4.54 2301
4.54 2300
4.65 2299
4.67 2298
4.67 2297
4.67 2296
4.67 2295
4.76 2294
4.76 2293
4.76 2292
4.76 2291
4.89 2290
4.89 2289
4.89 2288
4.89 2287
4.89 2286
4.89 2285
4.89 2284
4.91 2283
4.95 2282
4.95 2281
4.95 2280
4.95 2279
4.95 2278
5.06 2277
5.06 2276
5.06 2275
5.10 2274
5.10 2273
5.10 2272
5.10 2271
5.10 2270
5.10 2269
5.16 2268
5.16 2267
5.16 2266
5.17 2265
5.17 2264
5.17 2263
5.46 2262
5.52 2261
5.52 2260
5.52 2259
5.52 2258
5.52 2257
5.58 2256
5.58 2255
5.58 2254
5.65 2253
5.69 2252
5.69 2251
5.69 2250
5.69 2249
5.69 2248
5.69 2247
5.78 2246
5.78 2245
5.80 2244
5.80 2243
6.00 2242
6.05 2241
6.10 2240
6.10 2239
6.13 2238
6.15 2237
6.16 2236
6.22 2235
6.22 2234
6.57 2233
6.57 2232
6.75 2231
