0.00 5684
3.21 4991
3.21 4990
3.21 4989
3.21 4988
3.21 4987
3.21 4986
3.21 4985
3.21 4984
3.21 4983
3.21 4982
3.21 4981
3.22 4980
3.22 4967
3.22 4966
3.22 4965
3.22 4964
3.22 4963
3.22 4962
3.22 4961
3.22 4960
3.23 4959
3.23 4958
3.23 4957
3.23 4956
3.23 4955
3.23 4954
3.23 4953
3.23 4952
3.23 4951
3.23 4950
3.24 4949
3.24 4948
3.24 4947
3.24 4946
3.24 4945
3.24 4944
3.24 4943
3.24 4942
3.24 4941
3.24 4940
3.24 4939
3.24 4938
3.25 4937
3.25 4936
3.25 4935
3.25 4934
3.25 4933
3.25 4932
3.25 4931
3.25 4930
3.25 4929
3.53 4623
3.53 4622
3.53 4621
3.53 4620
3.53 4619
3.53 4618
3.53 4617
3.53 4616
3.53 4615
3.53 4614
3.53 4613
3.53 4612
3.53 4611
3.53 4610
3.53 4609
3.53 4608
3.53 4607
3.53 4606
3.55 4605
3.55 4604
3.55 4603
3.55 4602
3.55 4601
3.55 4600
3.55 4599
3.55 4598
3.55 4597
3.55 4596
3.56 4595
3.56 4594
3.56 4593
3.56 4592
3.56 4591
3.56 4590
3.56 4589
3.56 4588
3.56 4587
3.56 4586
3.57 4585
3.57 4584
3.57 4583
3.57 4582
3.57 4581
3.57 4580
3.57 4579
3.57 4578
3.57 4577
3.57 4576
3.57 4575
3.57 4574
3.58 4573
3.58 4572
3.58 4571
3.58 4570
3.58 4569
3.58 4568
3.58 4567
3.59 4566
3.59 4565
3.59 4564
3.59 4563
3.59 4562
3.59 4561
3.59 4560
3.59 4559
3.59 4558
3.59 4557
3.59 4556
3.60 4555
3.60 4554
3.60 4553
3.60 4552
3.60 4551
3.60 4550
3.60 4549
3.60 4548
3.60 4547
3.61 4546
3.61 4545
3.61 4544
3.63 4532
3.63 4531
3.63 4530
3.63 4529
3.79 4433
3.79 4432
3.79 4431
3.79 4430
3.79 4429
3.79 4428
3.79 4427
3.79 4426
3.79 4425
3.80 4424
3.80 4423
3.80 4422
3.80 4421
3.80 4420
3.84 4362
3.85 4361
3.85 4360
3.85 4359
3.85 4358
3.85 4357
3.85 4356
3.85 4355
3.85 4354
3.85 4353
3.85 4352
3.85 4351
3.85 4350
3.86 4349
3.86 4348
3.86 4347
3.86 4346
3.86 4345
3.86 4344
3.87 4343
3.97 4296
3.97 4295
3.97 4294
3.97 4293
3.97 4292
3.97 4291
4.00 4233
4.00 4232
4.00 4231
4.01 4230
4.01 4229
4.01 4228
4.01 4227
4.01 4226
4.01 4225
4.01 4224
4.01 4223
4.01 4222
4.01 4221
4.05 4206
4.05 4205
4.05 4204
4.05 4203
4.09 4202
4.09 4201
4.09 4200
4.09 4199
4.09 4198
4.09 4197
4.09 4196
4.13 4195
4.13 4194
4.13 4193
4.13 4192
4.14 4191
4.14 4190
4.14 4189
4.25 4142
4.25 4141
4.25 4140
4.25 4139
4.25 4138
4.25 4137
4.26 4136
4.26 4135
4.26 4134
4.26 4133
4.26 4132
4.26 4131
4.27 4117
4.27 4116
4.27 4115
4.27 4114
4.27 4113
4.28 4112
4.28 4111
4.28 4110
4.28 4109
4.28 4108
4.28 4107
4.28 4106
4.28 4105
4.28 4104
4.28 4103
4.28 4102
4.29 4101
4.29 4100
4.29 4099
4.29 4098
4.29 4097
4.29 4096
4.29 4095
4.30 4094
4.30 4093
4.30 4092
4.30 4091
4.30 4090
4.30 4089
4.30 4088
4.30 4087
4.30 4086
4.31 4085
4.31 4084
4.31 4083
4.32 4082
4.32 4081
4.32 4080
4.36 4079
4.36 4078
4.36 4077
4.36 4076
4.36 4075
4.37 4074
4.37 4073
4.37 4072
4.37 4071
4.37 4070
4.37 4069
4.37 4068
4.37 4067
4.37 4066
4.37 4065
4.38 4064
4.38 4063
4.38 4062
4.38 4061
4.38 4060
4.38 4059
4.38 4058
4.38 4057
4.39 4056
4.39 4055
4.40 4054
4.40 4053
4.40 4052
4.40 4051
4.40 4050
4.40 4049
4.40 4048
4.40 4047
4.40 4046
4.41 4045
4.41 4044
4.41 4043
4.41 4042
4.41 4041
4.41 4040
4.41 4039
4.41 4038
4.41 4037
4.41 4036
4.41 4035
4.42 4034
4.42 4033
4.42 4032
4.43 4031
4.43 4030
4.43 4029
4.43 4028
4.43 4027
4.43 4026
4.43 4025
4.43 4024
4.44 4023
4.44 4022
4.44 4021
4.44 4020
4.44 4019
4.44 4018
4.44 4017
4.44 4016
4.44 4015
4.44 4014
4.44 4013
4.44 4012
4.46 4011
4.47 4010
4.47 4009
4.47 4008
4.47 4007
4.47 4006
4.47 4005
4.47 4004
4.47 4003
4.47 4002
4.48 4001
4.48 4000
4.48 3999
4.48 3998
4.48 3997
4.48 3996
4.48 3995
4.49 3994
4.49 3993
4.49 3992
4.49 3991
4.49 3990
4.49 3989
4.49 3988
4.49 3987
4.49 3986
4.50 3985
4.50 3984
4.50 3983
4.50 3982
4.50 3981
4.50 3980
4.50 3979
4.50 3978
4.50 3977
4.50 3976
4.51 3975
4.51 3974
4.51 3973
4.51 3972
4.51 3971
4.51 3970
4.51 3969
4.52 3968
4.52 3967
4.53 3966
4.53 3965
4.53 3964
4.53 3963
4.53 3962
4.53 3961
4.53 3960
4.53 3959
4.53 3958
4.53 3957
4.53 3956
4.53 3955
4.53 3954
4.53 3953
4.53 3952
4.53 3951
4.62 3871
4.62 3870
4.62 3869
4.62 3868
4.62 3867
4.62 3866
4.63 3865
4.63 3864
4.63 3863
4.63 3862
4.65 3854
4.65 3853
4.65 3852
4.65 3851
4.65 3850
4.65 3849
4.65 3848
4.65 3847
4.66 3846
4.67 3845
4.67 3844
4.67 3843
4.67 3842
4.67 3841
4.68 3840
4.70 3839
4.70 3838
4.70 3837
4.70 3836
4.70 3835
4.70 3834
4.71 3833
4.71 3832
4.71 3831
4.71 3830
4.71 3829
4.71 3828
4.71 3827
4.71 3826
4.71 3825
4.71 3824
4.72 3823
4.72 3822
4.72 3821
4.72 3820
4.72 3819
4.72 3818
4.72 3817
4.72 3816
4.72 3815
4.73 3814
4.73 3813
4.73 3812
4.73 3811
4.73 3810
4.77 3809
4.77 3808
4.77 3807
4.79 3806
4.79 3805
4.79 3804
4.79 3803
4.79 3802
4.81 3801
4.81 3800
4.86 3756
4.86 3755
4.86 3754
4.86 3753
4.86 3752
4.86 3751
4.86 3750
4.86 3749
4.87 3748
4.87 3747
4.87 3746
4.87 3745
4.87 3744
4.87 3743
4.87 3742
4.87 3741
4.87 3740
4.88 3739
4.88 3738
4.88 3737
4.88 3736
4.88 3735
4.88 3734
4.89 3733
4.89 3732
4.89 3731
4.89 3730
4.89 3729
4.89 3728
4.89 3727
4.89 3726
4.90 3725
4.90 3724
4.94 3723
4.94 3722
4.94 3721
4.94 3720
4.95 3719
4.95 3718
4.95 3717
4.95 3716
4.95 3715
4.95 3714
4.95 3713
4.95 3712
4.95 3711
4.95 3710
4.96 3709
4.96 3708
4.96 3707
4.96 3706
4.96 3705
4.96 3704
4.96 3703
4.98 3702
4.98 3701
4.98 3700
4.98 3699
4.98 3698
4.98 3697
4.98 3696
4.98 3695
4.98 3694
4.98 3693
4.98 3692
5.01 3691
5.03 3690
5.03 3689
5.03 3688
5.03 3687
5.03 3686
5.03 3685
5.05 3684
5.05 3683
5.05 3682
5.05 3681
5.05 3680
5.05 3679
5.05 3678
5.05 3677
5.05 3676
5.06 3675
5.06 3674
5.06 3673
5.06 3672
5.06 3671
5.06 3670
5.06 3669
5.06 3668
5.06 3667
5.08 3666
5.08 3665
5.08 3664
5.08 3663
5.08 3662
5.08 3661
5.08 3660
5.08 3659
5.08 3658
5.08 3657
5.08 3656
5.08 3655
5.08 3654
5.08 3653
5.09 3652
5.09 3651
5.09 3650
5.09 3649
5.09 3648
5.09 3647
5.09 3646
5.09 3645
5.09 3644
5.09 3643
5.09 3642
5.09 3641
5.09 3640
5.09 3639
5.09 3638
5.09 3637
5.11 3636
5.11 3635
5.11 3634
5.11 3633
5.16 3632
5.23 3631
5.23 3630
5.23 3629
5.23 3628
5.23 3627
5.24 3626
5.24 3625
5.28 3609
5.28 3608
5.28 3607
5.28 3606
5.28 3605
5.28 3604
5.28 3603
5.29 3602
5.29 3601
5.29 3600
5.29 3599
5.29 3598
5.29 3597
5.29 3596
5.29 3595
5.29 3594
5.29 3593
5.29 3592
5.32 3591
5.32 3590
5.33 3589
5.33 3588
5.33 3587
5.33 3586
5.34 3585
5.34 3584
5.34 3583
5.35 3582
5.35 3581
5.35 3580
5.35 3579
5.36 3578
5.36 3577
5.36 3576
5.36 3575
5.36 3574
5.36 3573
5.36 3572
5.38 3571
5.40 3570
5.40 3569
5.40 3568
5.40 3567
5.40 3566
5.40 3565
5.40 3564
5.41 3563
5.41 3562
5.41 3561
5.42 3560
5.42 3559
5.42 3558
5.42 3557
5.42 3556
5.42 3555
5.42 3554
5.42 3553
5.42 3552
5.42 3551
5.43 3550
5.43 3549
5.43 3548
5.43 3547
5.43 3546
5.43 3545
5.43 3544
5.43 3543
5.44 3542
5.44 3541
5.44 3540
5.44 3539
5.44 3538
5.44 3537
5.44 3536
5.44 3535
5.44 3534
5.46 3533
5.46 3532
5.50 3531
5.50 3530
5.50 3529
5.50 3528
5.50 3527
5.51 3526
5.51 3525
5.51 3524
5.51 3523
5.51 3522
5.51 3521
5.51 3520
5.51 3519
5.53 3518
5.53 3517
5.61 3516
5.61 3515
5.63 3514
5.63 3513
5.63 3512
5.63 3511
5.63 3510
5.63 3509
5.63 3508
5.63 3507
5.64 3506
5.64 3505
5.64 3504
5.64 3503
5.64 3502
5.64 3501
5.64 3500
5.64 3499
5.66 3498
5.66 3497
5.66 3496
5.66 3495
5.66 3494
5.66 3493
5.66 3492
5.68 3491
5.68 3490
5.68 3489
5.68 3488
5.68 3487
5.68 3486
5.68 3485
5.68 3484
5.73 3483
5.73 3482
5.73 3481
5.73 3480
5.73 3479
5.74 3478
5.74 3477
5.74 3476
5.74 3475
5.74 3474
5.74 3473
5.74 3472
5.74 3471
5.74 3470
5.74 3469
5.76 3468
5.76 3467
5.76 3466
5.76 3465
5.76 3464
5.76 3463
5.78 3462
5.79 3461
5.79 3460
5.79 3459
5.79 3458
5.79 3457
5.79 3456
5.79 3455
5.83 3454
5.83 3453
5.83 3452
5.84 3451
5.84 3450
5.84 3449
5.89 3448
5.89 3447
5.89 3446
5.89 3445
5.89 3444
5.90 3443
5.90 3442
5.90 3441
5.91 3440
5.91 3439
5.98 3438
5.98 3437
5.98 3436
5.98 3435
5.99 3434
6.00 3433
6.00 3432
6.00 3431
6.01 3430
6.01 3429
6.02 3428
6.02 3427
6.03 3426
6.03 3425
6.03 3424
6.03 3423
6.03 3422
6.03 3421
6.03 3420
6.03 3419
6.03 3418
6.03 3417
6.03 3416
6.05 3415
6.05 3414
6.05 3413
6.05 3412
6.05 3411
6.06 3410
6.11 3409
6.11 3408
6.11 3407
6.11 3406
6.11 3405
6.11 3404
6.16 3403
6.16 3402
6.16 3401
6.16 3400
6.22 3399
6.22 3398
6.23 3397
6.23 3396
6.30 3395
6.30 3394
6.30 3393
6.32 3392
6.32 3391
6.32 3390
6.32 3389
6.37 3388
6.37 3387
6.38 3386
6.38 3385
6.47 3384
6.52 3383
6.52 3382
6.53 3381
6.54 3380
6.54 3379
6.55 3378
6.59 3377
6.59 3376
6.59 3375
6.59 3374
6.59 3373
6.60 3372
6.60 3371
6.62 3370
6.62 3369
6.62 3368
6.63 3367
6.63 3366
6.63 3365
6.63 3364
6.71 3363
6.75 3362
6.78 3361
6.78 3360
6.78 3359
6.78 3358
6.80 3357
6.83 3356
6.83 3355
6.87 3354
6.87 3353
6.88 3352
6.88 3351
6.88 3350
6.88 3349
6.89 3348
6.89 3347
6.90 3346
6.93 3345
7.42 3344
7.49 3343
7.49 3342
7.50 3341
7.50 3340
7.50 3339
7.52 3338
7.90 3337
7.90 3336
