0.00 5684
0.09 5683
0.11 5682
0.11 5681
3.78 4481
3.78 4480
3.78 4479
3.78 4478
3.78 4477
3.78 4476
3.78 4475
3.78 4474
3.78 4473
3.78 4472
3.78 4471
3.78 4470
3.78 4469
3.78 4468
3.78 4467
3.80 4466
3.80 4465
3.80 4464
3.80 4463
3.80 4462
3.80 4461
3.80 4460
3.80 4459
3.80 4458
3.80 4457
3.80 4456
3.87 4346
3.87 4345
3.87 4344
3.88 4343
3.88 4342
3.88 4341
3.88 4340
3.88 4339
3.88 4338
3.88 4337
3.88 4336
3.88 4335
3.88 4334
3.88 4333
3.88 4332
3.88 4331
3.90 4330
3.90 4329
3.90 4328
3.90 4327
3.90 4326
3.90 4325
3.90 4324
3.90 4323
3.91 4322
3.91 4321
3.91 4320
3.91 4319
3.91 4318
3.91 4317
3.91 4316
3.91 4315
3.91 4314
3.91 4313
3.93 4312
3.93 4311
3.93 4310
3.93 4309
3.93 4308
3.93 4307
3.93 4306
3.93 4305
3.93 4304
3.93 4303
3.93 4302
3.93 4301
3.93 4300
3.93 4299
3.93 4298
4.05 4161
4.05 4160
4.05 4159
4.05 4158
4.05 4157
4.05 4156
4.06 4155
4.06 4154
4.06 4153
4.06 4152
4.06 4151
4.06 4150
4.06 4149
4.06 4148
4.06 4147
4.06 4146
4.09 4145
4.09 4144
4.09 4143
4.09 4142
4.09 4141
4.09 4140
4.10 4139
4.10 4138
4.10 4137
4.10 4136
4.10 4135
4.10 4134
4.10 4133
4.10 4132
4.10 4131
4.10 4130
4.11 4129
4.11 4128
4.11 4127
4.11 4126
4.11 4125
4.11 4124
4.11 4123
4.11 4122
4.12 4121
4.12 4120
4.28 4051
4.28 4050
4.28 4049
4.28 4048
4.28 4047
4.29 4046
4.29 4045
4.29 4044
4.29 4026
4.29 4025
4.29 4024
4.29 4023
4.29 4022
4.31 4021
4.31 4020
4.31 4019
4.31 4018
4.31 4017
4.31 4016
4.31 4015
4.31 4014
4.31 4013
4.31 4012
4.31 4011
4.31 4010
4.33 4009
4.33 4008
4.33 4007
4.33 4006
4.33 4005
4.33 4004
4.33 4003
4.33 4002
4.33 4001
4.33 4000
4.33 3999
4.33 3998
4.33 3997
4.34 3996
4.47 3939
4.47 3938
4.47 3937
4.48 3936
4.48 3935
4.48 3934
4.48 3933
4.48 3932
4.48 3931
4.48 3930
4.48 3929
4.50 3928
4.51 3927
4.51 3926
4.51 3925
4.51 3924
4.51 3923
4.51 3922
4.51 3921
4.51 3920
4.51 3919
4.51 3918
4.51 3917
4.51 3916
4.53 3915
4.53 3914
4.53 3913
4.53 3912
4.53 3911
4.53 3910
4.53 3909
4.53 3908
4.53 3907
4.55 3906
4.55 3905
4.55 3904
4.55 3903
4.55 3902
4.55 3901
4.56 3900
4.56 3899
4.56 3898
4.56 3897
4.56 3896
4.56 3895
4.56 3894
4.58 3893
4.58 3892
4.58 3891
4.58 3890
4.58 3889
4.58 3888
4.58 3887
4.59 3886
4.59 3885
4.59 3884
4.59 3883
4.59 3882
4.59 3881
4.59 3880
4.59 3879
4.59 3878
4.61 3877
4.61 3876
4.61 3875
4.62 3874
4.62 3873
4.62 3872
4.62 3871
4.62 3870
4.62 3869
4.62 3868
4.62 3867
4.62 3866
4.62 3865
4.62 3864
4.62 3863
4.62 3862
4.62 3861
4.64 3860
4.65 3859
4.65 3858
4.65 3857
4.65 3856
4.66 3855
4.66 3854
4.67 3853
4.67 3852
4.67 3851
4.67 3850
4.68 3849
4.68 3848
4.68 3847
4.68 3846
4.68 3845
4.68 3844
4.69 3843
4.69 3842
4.69 3841
4.69 3840
4.69 3839
4.69 3838
4.69 3837
4.69 3836
4.70 3835
4.70 3834
4.70 3833
4.70 3832
4.70 3831
4.70 3830
4.71 3829
4.71 3828
4.71 3827
4.71 3826
4.71 3825
4.71 3824
4.71 3823
4.71 3822
4.72 3821
4.72 3820
4.72 3819
4.72 3818
4.72 3817
4.72 3816
4.72 3815
4.72 3814
4.74 3813
4.74 3812
4.74 3811
4.74 3810
4.74 3809
4.74 3808
4.74 3807
4.74 3806
4.75 3805
4.75 3804
4.75 3803
4.75 3802
4.75 3801
4.75 3800
4.76 3799
4.76 3798
4.76 3797
4.76 3796
4.76 3795
4.76 3794
4.77 3793
4.77 3792
4.77 3791
4.77 3790
4.77 3789
4.77 3788
4.77 3787
4.78 3786
4.78 3785
4.78 3784
4.78 3783
4.78 3782
4.78 3781
4.79 3780
4.79 3779
4.79 3778
4.79 3777
4.79 3776
4.79 3775
4.79 3774
4.79 3773
4.79 3772
4.79 3771
4.79 3770
4.79 3769
4.79 3768
4.83 3767
4.83 3766
4.84 3765
4.84 3764
4.84 3763
4.84 3762
4.84 3761
4.84 3760
4.84 3759
4.84 3758
4.84 3757
4.84 3756
4.85 3755
4.85 3754
4.85 3753
4.85 3752
4.85 3751
4.85 3750
4.85 3749
4.86 3748
4.86 3747
4.86 3746
4.86 3745
4.86 3744
4.86 3743
4.87 3742
4.87 3741
4.87 3740
4.96 3739
4.96 3738
4.96 3737
4.96 3736
4.96 3735
4.96 3734
4.96 3733
4.96 3732
4.97 3731
4.97 3730
4.97 3729
4.98 3728
4.98 3727
4.98 3726
4.98 3725
4.98 3724
4.98 3723
4.98 3722
4.98 3721
4.98 3720
4.98 3719
4.99 3718
4.99 3717
4.99 3716
4.99 3715
4.99 3714
4.99 3713
4.99 3712
5.00 3711
5.00 3710
5.00 3709
5.00 3708
5.00 3707
5.00 3706
5.00 3705
5.00 3704
5.00 3703
5.00 3702
5.00 3701
5.01 3700
5.01 3699
5.01 3698
5.01 3697
5.02 3689
5.02 3688
5.04 3682
5.04 3681
5.04 3680
5.04 3679
5.04 3678
5.05 3677
5.05 3676
5.05 3675
5.05 3674
5.05 3673
5.05 3672
5.05 3671
5.06 3670
5.06 3669
5.06 3668
5.06 3667
5.06 3666
5.06 3665
5.09 3664
5.09 3663
5.09 3662
5.09 3661
5.09 3660
5.09 3659
5.09 3658
5.09 3657
5.09 3656
5.11 3655
5.11 3654
5.11 3653
5.11 3652
5.11 3651
5.12 3650
5.12 3649
5.12 3648
5.12 3647
5.12 3646
5.12 3645
5.13 3644
5.14 3643
5.14 3642
5.14 3641
5.14 3640
5.15 3639
5.15 3638
5.15 3637
5.15 3636
5.16 3635
5.16 3634
5.16 3633
5.16 3632
5.16 3631
5.16 3630
5.16 3629
5.16 3628
5.20 3627
5.20 3626
5.20 3625
5.20 3624
5.20 3623
5.20 3622
5.20 3621
5.20 3620
5.20 3619
5.22 3618
5.22 3617
5.23 3616
5.23 3615
5.23 3614
5.23 3613
5.23 3612
5.23 3611
5.23 3610
5.23 3609
5.23 3608
5.25 3607
5.27 3606
5.27 3605
5.27 3604
5.27 3603
5.27 3602
5.27 3601
5.27 3600
5.28 3599
5.28 3598
5.28 3597
5.28 3596
5.28 3595
5.28 3594
5.30 3593
5.30 3592
5.30 3591
5.30 3590
5.30 3589
5.31 3588
5.31 3587
5.31 3586
5.31 3585
5.31 3584
5.31 3583
5.31 3582
5.31 3581
5.33 3580
5.33 3579
5.33 3578
5.33 3577
5.33 3576
5.33 3575
5.34 3574
5.34 3573
5.34 3572
5.34 3571
5.40 3537
5.40 3536
5.40 3535
5.40 3534
5.40 3533
5.40 3532
5.40 3531
5.40 3530
5.40 3529
5.40 3528
5.40 3527
5.42 3526
5.42 3525
5.42 3524
5.42 3523
5.42 3522
5.42 3521
5.42 3520
5.42 3519
5.43 3518
5.46 3517
5.46 3516
5.46 3515
5.46 3514
5.46 3513
5.46 3512
5.46 3511
5.46 3510
5.46 3509
5.46 3508
5.49 3507
5.49 3506
5.49 3505
5.49 3504
5.49 3503
5.49 3502
5.49 3501
5.49 3500
5.51 3499
5.51 3498
5.51 3497
5.51 3496
5.51 3495
5.69 3494
5.69 3493
5.70 3492
5.70 3491
5.70 3490
5.70 3489
5.70 3488
5.73 3487
5.73 3486
5.73 3485
5.73 3484
5.73 3483
5.73 3482
5.75 3481
5.75 3480
5.75 3479
5.75 3478
5.75 3477
5.75 3476
5.75 3475
5.75 3474
5.75 3473
5.75 3472
5.75 3471
5.76 3470
5.76 3469
5.76 3468
5.76 3467
5.76 3466
5.78 3465
5.78 3464
5.78 3463
5.78 3462
5.78 3461
5.78 3460
5.78 3459
5.80 3458
5.80 3457
5.80 3456
5.80 3455
5.80 3454
5.80 3453
5.81 3452
5.81 3451
5.81 3450
5.81 3449
5.81 3448
5.81 3447
5.83 3446
5.83 3445
5.83 3444
5.83 3443
5.83 3442
5.95 3441
5.95 3440
5.95 3439
5.97 3438
5.97 3437
5.98 3436
5.98 3435
6.00 3434
6.03 3433
6.03 3432
6.03 3431
6.03 3430
6.05 3429
6.05 3428
6.05 3427
6.05 3426
6.05 3425
6.05 3424
6.06 3423
6.06 3422
6.06 3421
6.06 3420
6.06 3419
6.06 3418
6.06 3417
6.06 3416
6.06 3415
6.08 3414
6.08 3413
6.11 3412
6.13 3411
6.13 3410
6.13 3409
6.13 3408
6.13 3407
6.13 3406
6.13 3405
6.14 3404
6.14 3403
6.14 3402
6.17 3401
6.17 3400
6.19 3399
6.19 3398
6.19 3397
6.21 3396
6.21 3395
6.21 3394
6.21 3393
6.21 3392
6.21 3391
6.21 3390
6.21 3389
6.21 3388
6.22 3387
6.34 3386
6.34 3385
6.34 3384
6.41 3367
6.41 3366
6.42 3365
6.43 3364
6.69 3363
6.69 3362
6.69 3361
6.70 3360
6.70 3359
6.70 3358
6.77 3357
6.77 3356
6.78 3355
6.90 3354
6.96 3353
6.96 3352
6.97 3351
6.99 3350
6.99 3349
6.99 3348
7.04 3347
7.04 3346
7.04 3345
7.05 3344
7.05 3343
7.05 3342
7.05 3341
7.17 3340
7.29 3339
7.30 3338
7.31 3337
7.39 3336
7.40 3335
7.42 3334
7.42 3333
7.49 3332
7.49 3331
7.69 3330
7.71 3329
