0.00 3736
0.02 3735
0.02 3734
0.02 3733
0.02 3732
0.02 3731
0.02 3730
0.02 3729
0.02 3728
0.02 3727
3.00 2498
3.00 2497
3.08 2474
3.08 2473
3.08 2472
3.08 2471
3.18 2470
3.18 2469
3.18 2468
3.19 2467
3.26 2464
3.26 2463
3.26 2452
3.26 2451
3.26 2450
3.26 2449
3.26 2448
3.29 2446
3.29 2445
3.29 2444
3.39 2424
3.39 2423
3.39 2422
3.39 2421
3.39 2420
3.39 2419
3.39 2418
3.39 2417
3.39 2416
3.39 2415
3.39 2414
3.39 2413
3.59 2412
3.59 2411
3.59 2410
3.59 2409
3.59 2408
3.59 2407
3.59 2406
3.60 2405
3.60 2404
3.60 2403
3.60 2402
3.67 2399
3.67 2398
3.67 2397
3.67 2396
3.67 2395
3.67 2394
3.67 2393
3.67 2392
3.67 2391
3.67 2390
3.67 2389
3.67 2388
3.67 2387
3.67 2386
3.67 2385
3.67 2384
3.67 2383
3.67 2382
3.67 2381
3.72 2379
3.72 2377
3.72 2376
3.77 2375
3.77 2374
3.77 2373
3.77 2372
3.77 2371
3.77 2370
3.78 2369
3.78 2368
3.78 2367
3.78 2366
3.78 2365
3.78 2364
3.78 2363
3.94 2362
3.94 2361
3.94 2360
3.94 2353
3.94 2352
3.94 2351
3.94 2350
3.94 2349
3.94 2348
3.94 2347
3.94 2346
3.94 2345
3.94 2344
3.94 2343
3.94 2342
3.94 2341
3.94 2340
3.94 2339
4.12 2338
4.12 2337
4.12 2336
4.12 2335
4.12 2334
4.12 2333
4.12 2332
4.24 2331
4.25 2330
4.25 2329
4.25 2328
4.25 2327
4.25 2326
4.25 2325
4.25 2324
4.25 2323
4.29 2322
4.29 2321
4.29 2320
4.29 2319
4.36 2318
4.36 2317
4.36 2316
4.40 2315
4.40 2314
4.40 2313
4.42 2312
4.42 2311
4.42 2310
4.42 2309
4.42 2308
4.42 2307
4.42 2306
4.42 2305
4.42 2304
4.42 2303
4.42 2302
4.42 2301
4.42 2300
4.42 2299
4.49 2298
4.49 2297
4.58 2296
4.58 2295
4.58 2294
4.58 2293
4.58 2292
4.64 2291
4.70 2290
4.70 2289
4.70 2288
4.70 2287
4.74 2286
4.74 2285
4.90 2284
4.92 2283
4.92 2282
4.92 2281
4.99 2280
4.99 2279
4.99 2278
4.99 2277
4.99 2276
4.99 2275
5.03 2274
5.03 2273
5.03 2272
5.03 2271
5.03 2270
5.03 2269
5.03 2268
5.20 2267
5.20 2266
5.20 2265
5.29 2264
5.29 2263
5.29 2262
5.29 2261
5.29 2260
5.29 2259
5.29 2258
5.29 2257
5.29 2256
5.29 2255
5.29 2254
5.45 2253
5.45 2252
5.54 2251
5.63 2250
5.63 2249
5.70 2248
5.70 2247
5.70 2246
5.77 2245
5.77 2244
5.80 2243
5.81 2242
5.86 2241
5.91 2240
5.91 2239
6.10 2238
6.13 2237
6.13 2236
6.21 2235
6.24 2234
6.24 2233
6.24 2232
6.26 2231
6.40 2230
6.48 2229
6.48 2228
7.44 2227
