0.00 814
0.01 813
0.01 812
0.01 811
0.01 810
0.01 809
0.01 808
0.01 807
0.99 748
0.99 747
1.04 711
1.04 710
1.28 709
1.28 708
1.28 707
1.28 706
1.28 705
1.30 695
1.30 694
1.30 693
1.30 692
1.39 689
1.39 688
1.39 687
1.39 686
1.39 685
1.39 684
1.39 683
1.39 682
1.39 681
1.61 673
1.70 672
1.70 671
1.70 670
1.70 669
1.70 668
1.70 667
1.70 666
1.70 665
1.70 664
2.13 663
2.13 662
2.13 661
2.13 660
2.13 659
2.13 658
2.20 657
2.20 656
2.48 655
2.48 654
2.48 653
2.48 652
2.48 651
2.48 650
2.70 649
2.70 648
2.70 647
2.71 646
2.71 645
2.71 644
2.71 643
2.71 642
2.71 641
2.80 640
2.80 639
2.80 638
3.09 637
3.09 636
3.18 634
3.18 633
3.18 632
3.18 631
3.18 630
3.18 629
3.18 628
3.18 627
3.36 626
3.36 625
3.54 624
3.54 623
3.54 622
3.54 621
3.73 620
3.76 619
3.76 618
3.76 617
3.76 616
3.77 615
3.95 614
4.20 613
4.26 612
4.26 611
4.26 610
4.26 609
4.34 608
4.47 607
4.47 606
4.47 605
4.70 604
4.77 603
4.84 602
4.85 601
4.85 600
4.96 599
4.96 598
4.96 597
5.53 596
