0.00 3736
0.01 3735
0.01 3734
0.01 3733
0.01 3732
0.01 3731
0.01 3730
0.01 3729
0.01 3728
0.01 3727
0.01 3726
0.01 3725
0.01 3724
0.01 3723
0.01 3722
0.01 3721
0.01 3720
0.01 3719
0.01 3718
0.01 3717
0.01 3716
0.01 3715
0.01 3714
0.01 3713
0.01 3712
0.01 3711
0.01 3710
0.01 3709
0.01 3708
0.01 3707
0.01 3706
0.01 3705
2.67 2558
2.67 2557
2.67 2556
2.67 2555
2.67 2554
2.67 2553
2.67 2552
2.67 2551
2.67 2550
2.80 2516
2.80 2513
2.80 2512
2.80 2511
2.80 2510
2.80 2509
2.80 2508
2.80 2507
2.80 2506
2.80 2505
2.80 2504
2.80 2503
2.80 2502
3.06 2492
3.06 2491
3.06 2490
3.14 2478
3.14 2477
3.14 2476
3.14 2475
3.14 2474
3.14 2473
3.19 2450
3.19 2449
3.41 2444
3.41 2443
3.45 2442
3.45 2441
3.45 2440
3.45 2439
3.45 2438
3.45 2437
3.45 2436
3.45 2435
3.45 2434
3.45 2433
3.46 2432
3.46 2431
3.46 2430
3.46 2429
3.46 2428
3.46 2427
3.46 2426
3.48 2425
3.50 2424
3.50 2423
3.50 2422
3.53 2421
3.53 2420
3.53 2419
3.53 2418
3.53 2417
3.53 2416
3.53 2415
3.53 2414
3.56 2413
3.56 2412
3.56 2411
3.56 2410
3.56 2409
3.60 2408
3.60 2407
3.60 2406
3.60 2405
3.61 2404
3.62 2403
3.62 2402
3.62 2401
3.62 2400
3.62 2399
3.62 2398
3.62 2397
3.62 2396
3.62 2395
3.68 2390
3.68 2389
3.75 2378
3.88 2369
3.88 2368
3.88 2367
3.88 2366
3.88 2365
3.88 2364
3.88 2363
3.88 2362
3.88 2361
3.88 2360
3.88 2359
3.89 2358
3.89 2357
3.89 2355
3.96 2348
3.96 2347
3.96 2346
3.96 2345
3.96 2344
3.96 2343
3.96 2342
3.96 2341
3.96 2340
3.96 2339
3.96 2338
3.96 2337
3.96 2336
3.96 2335
4.14 2334
4.14 2333
4.15 2332
4.15 2331
4.15 2330
4.15 2329
4.15 2328
4.21 2327
4.21 2326
4.22 2325
4.22 2324
4.22 2323
4.22 2322
4.22 2321
4.27 2320
4.27 2319
4.27 2318
4.27 2317
4.27 2316
4.28 2315
4.28 2314
4.28 2313
4.28 2312
4.31 2311
4.31 2310
4.33 2309
4.33 2308
4.33 2307
4.34 2306
4.34 2305
4.34 2304
4.34 2303
4.34 2302
4.34 2301
4.45 2300
4.45 2299
4.50 2298
4.50 2297
4.50 2296
4.50 2295
4.50 2294
4.50 2293
4.50 2292
4.50 2291
4.50 2290
4.50 2289
4.50 2288
4.50 2287
4.50 2286
4.59 2283
4.59 2282
4.59 2281
4.59 2280
4.66 2279
4.66 2278
4.66 2277
4.66 2276
4.66 2275
4.67 2274
4.67 2273
4.67 2272
4.67 2271
4.77 2270
4.77 2269
4.77 2268
4.88 2267
4.88 2266
4.88 2265
4.88 2264
4.88 2263
4.93 2262
4.94 2261
4.97 2260
4.97 2259
4.97 2258
4.97 2257
4.97 2256
4.97 2255
4.97 2254
5.17 2253
5.17 2252
5.45 2251
5.45 2250
5.46 2249
5.48 2248
5.48 2247
5.48 2246
5.48 2245
5.48 2244
5.67 2243
5.67 2242
5.68 2241
5.68 2240
5.69 2239
5.69 2238
6.08 2237
6.08 2236
6.25 2235
6.25 2234
6.25 2233
6.81 2232
6.97 2231
7.05 2230
