0.00 814
0.00 813
0.00 812
0.00 811
0.00 810
0.00 809
0.00 808
0.00 807
0.00 806
0.00 805
0.32 750
0.81 730
0.97 723
0.97 722
0.97 721
0.97 720
1.03 716
1.03 715
1.03 714
1.11 705
1.25 696
1.26 695
1.26 693
1.33 692
1.33 691
1.40 690
1.40 689
1.42 688
1.42 687
1.53 686
1.59 685
1.61 684
1.61 683
1.61 682
1.61 681
1.61 680
1.61 679
1.61 678
1.61 677
1.61 676
1.61 675
1.61 674
1.61 673
1.61 672
2.03 671
2.03 670
2.03 669
2.03 668
2.03 667
2.17 666
2.17 665
2.18 664
2.18 663
2.18 662
2.18 661
2.18 660
2.25 659
2.25 658
2.28 657
2.28 656
2.28 655
2.28 654
2.28 653
2.28 652
2.28 651
2.65 650
2.65 649
2.67 648
2.70 647
2.70 646
2.72 645
2.73 644
2.73 643
2.87 640
2.87 639
2.98 635
2.98 634
2.98 633
3.08 632
3.08 631
3.08 630
3.18 629
3.20 628
3.20 627
3.20 626
3.34 625
3.34 624
3.34 623
3.34 622
3.42 621
3.42 620
3.42 619
3.42 618
3.63 617
3.79 616
3.79 615
3.79 614
3.88 613
3.98 612
3.99 611
4.02 610
4.02 609
4.13 608
4.13 607
4.28 606
4.28 605
4.28 604
4.83 603
4.83 602
4.83 601
4.83 600
5.23 599
5.64 598
6.18 597
