0.00 5678
0.03 5677
0.03 5676
0.03 5675
0.03 5674
0.03 5673
0.03 5672
0.03 5671
0.03 5670
0.03 5669
0.03 5668
0.03 5667
0.03 5666
0.03 5665
0.03 5664
0.03 5663
0.03 5662
0.03 5661
0.03 5660
0.03 5659
0.03 5658
0.03 5657
0.03 5656
0.03 5655
0.03 5654
0.03 5653
0.03 5652
0.04 5651
0.04 5650
0.04 5649
0.04 5648
0.04 5647
0.04 5646
0.04 5645
0.04 5644
0.04 5643
0.04 5642
0.04 5641
0.04 5640
0.04 5639
0.04 5638
0.04 5637
0.04 5636
0.04 5635
0.04 5634
0.04 5633
0.04 5632
0.04 5631
0.04 5630
0.04 5629
0.04 5628
3.44 4262
3.44 4261
3.44 4260
3.44 4259
3.44 4258
3.44 4257
3.65 4225
3.65 4224
3.65 4223
3.65 4222
3.65 4221
3.65 4220
3.65 4219
3.65 4218
3.68 4194
3.68 4193
3.68 4192
3.68 4191
3.68 4190
3.68 4189
3.68 4188
3.68 4187
3.68 4186
3.68 4185
3.91 4182
3.91 4181
3.91 4180
3.91 4179
3.91 4178
3.91 4177
3.91 4176
3.91 4175
3.91 4174
3.91 4173
3.91 4172
3.91 4171
3.95 4117
3.95 4116
3.98 4115
3.98 4114
3.98 4113
3.98 4112
3.98 4111
3.98 4110
3.98 4109
3.98 4108
4.08 4107
4.08 4106
4.08 4105
4.08 4104
4.08 4103
4.08 4102
4.16 4090
4.16 4089
4.16 4088
4.16 4087
4.16 4086
4.23 4085
4.23 4084
4.37 4083
4.37 4082
4.37 4081
4.37 4080
4.37 4079
4.45 4078
4.45 4077
4.45 4076
4.46 4075
4.46 4074
4.46 4073
4.46 4072
4.46 4071
4.46 4070
4.46 4069
4.50 4068
4.50 4067
4.50 4066
4.50 4065
4.50 4064
4.50 4063
4.50 4062
4.50 4061
4.51 4060
4.51 4059
4.51 4058
4.54 4057
4.54 4056
4.54 4055
4.54 4054
4.54 4053
4.54 4052
4.54 4051
4.54 4050
4.54 4049
4.54 4048
4.57 4039
4.57 4038
4.57 4037
4.57 4036
4.59 4035
4.59 4034
4.65 4033
4.65 4032
4.65 4031
4.65 4030
4.65 4029
4.65 4028
4.65 4027
4.71 4024
4.71 4023
4.74 4022
4.76 4021
4.82 4020
4.85 4011
4.85 4010
4.85 4009
4.85 4008
4.85 4007
4.92 4006
4.92 4005
5.00 4001
5.00 4000
5.00 3999
5.00 3998
5.00 3997
5.00 3996
5.00 3995
5.01 3994
5.03 3993
5.09 3992
5.09 3991
5.09 3990
5.09 3989
5.11 3988
5.17 3987
5.17 3986
5.17 3985
5.25 3984
5.34 3983
5.34 3982
5.34 3981
5.34 3980
5.39 3979
5.47 3978
5.47 3977
5.47 3976
5.47 3975
5.47 3974
5.47 3973
5.47 3972
5.47 3971
5.47 3970
5.47 3969
5.51 3968
5.52 3967
5.52 3966
5.58 3965
5.58 3964
5.58 3963
5.79 3962
5.81 3961
5.81 3960
5.81 3959
5.81 3958
5.81 3957
5.81 3956
5.81 3955
5.93 3954
5.95 3953
5.95 3952
6.14 3951
6.14 3950
6.14 3949
6.16 3948
6.17 3947
6.23 3946
6.30 3945
6.30 3944
6.31 3943
6.41 3942
6.44 3941
6.52 3940
6.53 3939
6.71 3938
7.04 3937
