0.00 5678
0.02 5677
0.02 5676
0.02 5675
0.02 5674
0.03 5673
0.03 5672
0.03 5671
0.03 5670
0.03 5669
0.03 5668
0.03 5667
3.96 4140
3.96 4139
3.96 4138
3.96 4137
3.96 4136
4.11 4130
4.12 4129
4.12 4128
4.12 4127
4.12 4126
4.12 4125
4.12 4124
4.12 4123
4.12 4122
4.12 4121
4.12 4120
4.12 4119
4.12 4118
4.12 4117
4.13 4116
4.13 4115
4.13 4114
4.13 4113
4.13 4112
4.24 4108
4.24 4107
4.24 4106
4.27 4103
4.27 4102
4.27 4101
4.27 4100
4.27 4099
4.27 4098
4.27 4097
4.27 4096
4.27 4095
4.27 4094
4.27 4093
4.27 4092
4.35 4091
4.35 4090
4.35 4089
4.35 4088
4.35 4087
4.35 4086
4.35 4085
4.35 4084
4.35 4083
4.35 4082
4.38 4081
4.38 4080
4.40 4079
4.40 4078
4.40 4077
4.40 4076
4.45 4069
4.45 4068
4.45 4067
4.45 4065
4.45 4064
4.45 4063
4.47 4062
4.47 4061
4.47 4060
4.47 4059
4.55 4058
4.55 4057
4.55 4056
4.55 4055
4.55 4054
4.55 4053
4.55 4052
4.55 4051
4.55 4050
4.55 4049
4.55 4048
4.55 4047
4.61 4046
4.61 4045
4.61 4044
4.61 4043
4.61 4042
4.61 4041
4.61 4040
4.61 4039
4.66 4038
4.66 4037
4.66 4036
4.66 4035
4.66 4034
4.66 4033
4.78 4032
4.78 4031
4.78 4030
4.80 4029
4.80 4028
4.80 4027
4.81 4026
4.86 4025
4.86 4024
4.86 4023
4.87 4022
4.87 4021
4.87 4020
4.87 4019
4.94 4018
4.94 4017
4.94 4016
4.94 4015
4.94 4014
4.94 4013
4.94 4012
4.94 4011
4.95 4010
4.95 4009
4.95 4008
4.95 4007
4.95 4006
5.14 4005
5.14 4004
5.14 4003
5.14 4002
5.16 4001
5.16 4000
5.25 3999
5.26 3998
5.26 3997
5.26 3996
5.26 3995
5.26 3994
5.26 3993
5.31 3992
5.31 3991
5.39 3990
5.41 3989
5.41 3988
5.41 3987
5.41 3986
5.41 3985
5.41 3984
5.41 3983
5.41 3982
5.42 3981
5.42 3980
5.56 3979
5.56 3978
5.74 3977
5.74 3976
5.74 3975
5.74 3974
5.74 3973
5.79 3972
5.83 3971
5.83 3970
5.83 3969
5.83 3968
5.83 3967
5.83 3966
6.03 3965
6.05 3964
6.05 3963
6.06 3962
6.06 3961
6.19 3960
6.19 3959
6.19 3958
6.26 3957
6.42 3956
6.42 3955
6.43 3954
6.57 3953
6.57 3952
6.81 3951
7.05 3950
