0.00 5678
3.75 4181
3.75 4180
3.75 4179
3.75 4178
3.75 4177
3.75 4176
3.76 4175
3.76 4174
3.76 4173
3.76 4172
3.76 4171
3.76 4170
3.76 4169
3.76 4168
3.76 4167
3.76 4166
3.76 4165
3.77 4164
3.77 4163
3.77 4162
3.86 4159
3.86 4158
3.87 4157
3.87 4156
3.87 4155
3.87 4154
3.87 4153
3.95 4144
3.95 4143
3.95 4142
3.95 4141
3.95 4140
3.95 4139
4.05 4138
4.05 4137
4.05 4136
4.05 4135
4.05 4134
4.05 4133
4.05 4132
4.05 4131
4.06 4130
4.06 4129
4.06 4128
4.06 4127
4.06 4126
4.06 4125
4.06 4124
4.06 4123
4.06 4122
4.06 4121
4.10 4120
4.10 4119
4.10 4118
4.10 4117
4.11 4116
4.11 4115
4.11 4114
4.11 4113
4.11 4112
4.11 4111
4.11 4110
4.11 4109
4.11 4108
4.12 4107
4.12 4106
4.12 4105
4.12 4104
4.12 4103
4.12 4102
4.12 4101
4.12 4100
4.12 4099
4.12 4098
4.12 4097
4.12 4096
4.12 4095
4.12 4094
4.12 4093
4.23 4086
4.24 4085
4.24 4084
4.24 4083
4.24 4082
4.24 4081
4.37 4080
4.37 4079
4.37 4078
4.42 4077
4.42 4076
4.43 4075
4.43 4074
4.43 4073
4.43 4072
4.43 4071
4.43 4070
4.43 4069
4.43 4068
4.43 4067
4.43 4066
4.49 4065
4.49 4064
4.49 4063
4.54 4062
4.54 4061
4.54 4060
4.54 4059
4.54 4058
4.54 4057
4.54 4056
4.54 4055
4.54 4054
4.54 4053
4.54 4052
4.55 4051
4.55 4050
4.58 4049
4.58 4048
4.58 4047
4.58 4046
4.59 4045
4.70 4044
4.70 4043
4.80 4042
4.81 4041
4.81 4040
4.81 4039
4.81 4038
4.83 4037
4.84 4036
4.84 4035
4.84 4034
4.84 4033
4.89 4032
4.89 4031
4.89 4030
4.89 4029
4.89 4028
4.92 4027
4.92 4026
4.92 4025
4.95 4024
4.95 4023
4.95 4022
4.95 4021
4.95 4020
4.95 4019
4.95 4018
4.95 4017
4.95 4016
4.95 4015
4.95 4014
4.95 4013
5.08 4012
5.08 4011
5.08 4010
5.08 4009
5.08 4008
5.10 4007
5.11 4006
5.11 4005
5.11 4004
5.11 4003
5.11 4002
5.16 3996
5.16 3995
5.16 3994
5.22 3993
5.33 3986
5.33 3985
5.33 3984
5.33 3983
5.33 3982
5.55 3981
5.55 3980
5.57 3979
5.57 3978
5.57 3977
5.57 3976
5.57 3975
5.57 3974
5.57 3973
5.58 3972
5.58 3971
5.74 3970
5.86 3969
5.86 3968
5.86 3967
5.86 3966
5.90 3965
5.90 3964
5.90 3963
5.90 3962
5.92 3961
5.92 3960
5.92 3959
6.06 3958
6.26 3957
6.42 3956
6.42 3955
6.44 3954
6.47 3953
6.47 3952
6.69 3951
6.69 3950
7.04 3949
