0.00 2000
0.57 1999
0.57 1998
0.57 1997
0.76 1646
0.76 1645
0.76 1644
0.76 1643
0.76 1642
0.76 1641
0.76 1640
0.76 1639
0.76 1638
0.76 1637
0.76 1636
0.76 1635
0.76 1634
0.76 1633
0.76 1632
0.76 1631
0.76 1630
0.76 1629
0.76 1628
0.76 1627
0.76 1626
0.76 1625
0.76 1624
0.76 1623
0.76 1622
0.76 1621
0.76 1620
0.76 1619
0.76 1618
0.76 1617
0.76 1616
0.76 1615
0.76 1614
0.76 1613
0.76 1612
0.76 1611
0.76 1610
0.76 1609
0.76 1608
0.76 1607
0.76 1606
0.76 1605
0.76 1604
0.76 1603
0.76 1602
0.76 1601
0.76 1600
0.76 1599
0.76 1598
0.77 1597
0.77 1596
0.77 1595
0.77 1594
0.77 1593
0.77 1592
0.77 1591
0.77 1590
0.77 1589
0.77 1588
0.77 1587
0.77 1586
0.77 1585
0.77 1584
0.77 1583
0.77 1582
0.77 1581
0.77 1580
0.77 1579
0.77 1578
0.77 1577
0.77 1576
0.77 1575
0.77 1574
0.77 1573
0.77 1572
0.77 1571
0.77 1570
0.77 1569
0.77 1568
0.78 1567
0.78 1566
0.78 1565
0.78 1564
0.78 1563
0.78 1562
0.78 1561
0.78 1560
0.78 1559
0.78 1558
0.78 1557
0.78 1556
0.78 1555
0.78 1554
0.78 1553
0.78 1552
0.78 1551
0.78 1550
0.78 1549
0.78 1548
0.78 1547
0.79 1546
0.79 1545
0.79 1544
0.79 1543
0.79 1542
0.79 1541
0.79 1540
0.79 1539
0.79 1538
0.79 1537
0.79 1536
0.79 1535
0.79 1534
0.79 1533
0.79 1532
0.79 1531
0.79 1530
0.79 1529
0.79 1528
0.79 1527
0.79 1526
0.79 1525
0.79 1524
0.79 1523
0.79 1522
0.79 1521
0.79 1520
0.79 1519
0.79 1518
0.79 1517
0.79 1516
0.79 1515
0.79 1514
0.79 1513
0.79 1512
0.79 1511
0.79 1510
0.79 1509
0.79 1508
0.79 1507
0.79 1506
0.79 1505
0.79 1504
0.79 1503
0.79 1502
0.79 1501
0.79 1500
0.81 1499
0.81 1498
0.81 1497
0.81 1496
0.81 1495
0.81 1494
0.81 1493
0.81 1492
0.81 1491
0.81 1490
0.81 1489
0.81 1488
0.81 1487
0.81 1486
0.81 1485
0.81 1484
0.81 1483
0.81 1482
0.81 1481
0.81 1480
0.81 1479
0.81 1478
0.81 1477
0.81 1476
0.81 1475
0.81 1474
0.81 1473
0.81 1472
0.81 1471
0.81 1470
0.82 1469
0.82 1468
0.82 1467
0.82 1466
0.82 1465
0.82 1464
0.82 1463
0.82 1462
0.82 1461
0.82 1460
0.82 1459
0.82 1458
0.82 1457
0.82 1456
0.82 1455
0.82 1454
0.82 1453
0.82 1452
0.82 1451
0.82 1450
0.82 1449
0.82 1448
0.82 1447
0.82 1446
0.82 1445
0.82 1444
0.82 1443
0.82 1442
0.82 1441
0.82 1440
0.82 1439
0.82 1438
0.82 1437
0.82 1436
0.82 1435
0.82 1434
0.82 1433
0.82 1432
0.82 1431
0.82 1430
0.82 1429
0.82 1428
0.82 1427
0.82 1426
0.82 1425
0.82 1424
0.82 1423
0.82 1422
0.82 1421
0.82 1420
0.82 1419
0.82 1418
0.82 1417
0.82 1416
0.82 1415
0.82 1414
0.82 1413
0.82 1412
0.84 1411
0.84 1410
0.84 1409
0.84 1408
0.84 1407
0.84 1406
0.84 1405
0.84 1404
0.84 1403
0.84 1402
0.84 1401
0.84 1400
0.84 1399
0.84 1398
0.84 1397
0.84 1396
0.84 1395
0.84 1394
0.84 1393
0.84 1392
0.84 1391
0.85 1390
0.85 1389
0.85 1388
0.86 1387
0.86 1386
0.86 1385
0.86 1384
0.86 1383
0.86 1382
0.86 1381
0.86 1380
0.86 1379
0.86 1378
0.86 1377
0.86 1376
0.86 1375
0.86 1374
0.86 1373
0.86 1372
0.86 1371
0.86 1370
0.86 1369
0.86 1368
0.86 1367
0.86 1366
0.86 1365
0.86 1364
0.86 1363
0.87 1362
0.87 1361
0.87 1360
0.87 1359
0.87 1358
0.87 1357
0.87 1356
0.87 1355
0.87 1354
0.87 1353
0.87 1352
0.87 1351
0.88 1350
0.88 1349
0.89 1348
0.89 1347
0.89 1346
0.89 1345
0.89 1344
0.89 1343
0.89 1342
0.89 1341
0.89 1340
0.89 1339
0.89 1338
0.89 1337
0.89 1336
0.89 1335
0.89 1334
0.89 1333
0.91 1332
0.91 1331
0.91 1330
0.91 1329
0.91 1328
0.91 1327
0.91 1326
0.91 1325
0.91 1324
0.91 1323
0.91 1322
0.91 1321
0.91 1320
0.91 1319
0.91 1318
0.92 1317
0.92 1316
0.92 1315
0.92 1314
0.92 1313
0.92 1312
0.92 1311
0.92 1310
0.92 1309
0.92 1308
0.92 1307
0.92 1306
0.92 1305
0.94 1304
0.94 1303
0.94 1302
0.94 1301
0.94 1300
0.94 1299
0.94 1298
0.94 1297
0.94 1296
0.95 1295
0.95 1294
0.95 1293
0.95 1292
0.95 1291
0.95 1290
0.95 1289
0.95 1288
0.95 1287
0.96 1286
0.96 1285
0.96 1284
0.96 1283
0.96 1282
0.96 1281
0.96 1280
0.97 1279
0.97 1278
0.97 1277
0.97 1276
0.97 1275
0.97 1274
0.97 1273
0.97 1272
0.97 1271
0.97 1270
0.97 1269
0.97 1268
0.97 1267
0.98 1266
0.98 1265
0.98 1264
0.98 1263
0.98 1262
0.99 1261
0.99 1260
0.99 1259
0.99 1258
0.99 1257
0.99 1256
0.99 1255
0.99 1254
0.99 1253
0.99 1252
0.99 1251
0.99 1250
0.99 1249
1.01 1248
1.01 1247
1.01 1246
1.01 1245
1.01 1244
1.02 1243
1.02 1242
1.02 1241
1.02 1240
1.02 1239
1.04 1238
1.04 1237
1.04 1236
1.04 1235
1.04 1234
1.04 1233
1.04 1232
1.04 1231
1.04 1230
1.04 1229
1.06 1228
1.06 1227
1.06 1226
1.06 1225
1.06 1224
1.07 1223
1.07 1222
1.08 1221
1.08 1220
1.08 1219
1.09 1218
1.11 1217
1.11 1216
1.11 1215
1.11 1214
1.11 1213
1.11 1212
1.11 1211
1.11 1210
1.14 1209
1.14 1208
1.14 1207
1.14 1206
1.14 1205
1.14 1204
1.14 1203
1.14 1202
1.14 1201
1.14 1200
1.26 1199
1.26 1198
1.28 1197
1.28 1196
1.29 1195
1.29 1194
1.29 1193
1.29 1192
1.29 1191
1.29 1190
1.61 1189
1.61 1188
1.61 1187
1.61 1186
1.61 1185
1.62 1184
1.62 1183
1.62 1182
1.62 1181
1.62 1180
1.64 1179
1.64 1178
1.64 1177
1.64 1176
1.64 1175
1.64 1174
1.69 1173
1.69 1172
1.77 1171
1.77 1170
1.77 1169
1.77 1168
1.80 1167
1.85 1166
1.86 1165
1.86 1164
1.86 1163
1.86 1162
1.86 1161
1.86 1160
1.86 1159
1.86 1158
1.88 1157
1.88 1156
1.88 1155
1.88 1154
1.88 1153
1.88 1152
1.88 1151
1.88 1150
1.99 1149
1.99 1148
1.99 1147
1.99 1146
1.99 1145
1.99 1144
1.99 1143
2.00 1142
2.00 1141
2.10 1140
2.10 1139
2.10 1138
2.10 1137
2.11 1136
2.11 1135
2.11 1134
2.11 1133
2.15 1132
2.15 1131
2.15 1130
2.15 1129
2.16 1128
2.16 1127
2.16 1126
2.16 1125
2.16 1124
2.16 1123
2.41 1122
2.43 1121
2.43 1120
2.43 1119
2.43 1118
2.43 1117
2.45 1116
2.45 1115
2.46 1114
2.46 1113
2.46 1112
2.46 1111
2.46 1110
2.46 1109
2.59 1108
2.59 1107
2.67 1106
2.79 1105
2.79 1104
2.79 1103
2.79 1102
2.79 1101
2.83 1100
2.83 1099
2.83 1098
2.92 1097
2.92 1096
2.92 1095
2.92 1094
2.92 1093
2.92 1092
2.94 1091
2.94 1090
2.94 1089
2.94 1088
2.94 1087
2.96 1086
2.96 1085
2.96 1084
2.97 1083
2.97 1082
2.97 1081
2.97 1080
2.97 1079
2.97 1078
2.97 1077
2.97 1076
2.97 1075
2.97 1074
2.97 1073
2.97 1072
2.97 1071
2.97 1070
2.99 1069
3.40 1068
3.67 1067
3.68 1066
3.68 1065
3.68 1064
3.84 1063
3.86 1062
3.86 1061
3.86 1060
3.87 1059
3.87 1058
3.89 1057
3.89 1056
3.89 1055
3.90 1054
3.90 1053
3.90 1052
3.90 1051
3.96 1050
3.97 1049
3.97 1048
4.02 1047
4.02 1046
4.16 1045
4.16 1044
4.18 1043
4.18 1042
4.18 1041
4.18 1040
4.19 1039
4.19 1038
4.19 1037
4.19 1036
4.19 1035
4.21 1034
4.21 1033
4.22 1032
4.22 1031
4.22 1030
4.24 1029
4.42 1028
4.42 1027
4.43 1026
4.43 1025
4.65 1024
4.65 1023
4.65 1022
4.65 1021
4.81 1020
4.81 1019
4.81 1018
4.81 1017
4.99 1016
4.99 1015
5.16 1014
5.16 1013
5.18 1012
5.19 1011
5.19 1010
5.40 1009
5.42 1008
5.42 1007
5.45 1006
5.45 1005
5.45 1004
6.15 1003
6.16 1002
6.26 1001
6.31 1000
