0.00 1972
0.23 1971
0.23 1970
0.25 1969
0.25 1968
0.25 1967
0.25 1966
0.25 1965
0.25 1964
0.25 1963
0.25 1962
0.25 1961
0.25 1960
0.25 1959
0.84 1860
0.85 1859
1.05 1855
1.30 1854
1.30 1853
1.71 1852
1.93 1849
1.94 1848
2.16 1847
2.16 1846
2.16 1845
2.23 1844
2.23 1843
2.23 1842
2.23 1841
2.23 1840
2.23 1839
2.24 1838
2.24 1837
2.24 1836
2.24 1835
2.57 1834
2.88 1833
2.88 1832
2.88 1831
2.94 1830
2.95 1829
3.39 1828
3.61 1827
3.61 1826
3.69 1825
3.85 1824
4.26 1823
4.26 1822
4.40 1821
4.40 1820
4.48 1819
4.49 1818
4.57 1817
4.58 1816
4.58 1815
4.64 1814
5.04 1813
5.20 1812
5.42 1811
6.07 1810
