0.00 5678
0.03 5677
0.03 5676
0.03 5675
0.03 5674
0.03 5673
0.03 5672
0.03 5671
0.03 5670
0.03 5669
0.03 5668
0.03 5667
0.03 5666
0.05 5665
3.50 4202
3.50 4201
3.50 4200
3.50 4199
3.50 4198
3.50 4197
3.50 4196
3.50 4195
3.73 4194
3.73 4193
3.73 4192
3.73 4191
3.73 4190
3.73 4189
3.73 4188
3.73 4187
3.73 4186
3.73 4185
3.73 4184
3.73 4183
3.73 4182
3.75 4181
3.81 4150
3.99 4149
3.99 4148
3.99 4147
3.99 4146
3.99 4145
3.99 4144
4.03 4143
4.03 4142
4.03 4141
4.03 4140
4.03 4139
4.03 4138
4.03 4137
4.07 4136
4.07 4135
4.11 4113
4.11 4112
4.11 4111
4.11 4110
4.11 4109
4.11 4106
4.11 4105
4.11 4104
4.13 4103
4.13 4102
4.13 4101
4.13 4100
4.30 4099
4.30 4098
4.30 4097
4.30 4096
4.30 4095
4.30 4094
4.30 4093
4.33 4092
4.35 4091
4.35 4090
4.35 4089
4.38 4088
4.38 4087
4.38 4086
4.38 4085
4.38 4084
4.38 4083
4.40 4082
4.40 4081
4.40 4080
4.41 4069
4.41 4068
4.41 4067
4.41 4066
4.41 4065
4.46 4064
4.49 4063
4.49 4062
4.49 4061
4.49 4060
4.49 4059
4.49 4058
4.49 4057
4.49 4056
4.49 4055
4.61 4054
4.62 4053
4.62 4052
4.62 4051
4.62 4050
4.62 4049
4.62 4048
4.62 4047
4.62 4046
4.62 4045
4.62 4044
4.62 4043
4.62 4042
4.62 4041
4.64 4040
4.75 4039
4.75 4037
4.77 4036
4.77 4035
4.77 4034
4.77 4033
4.77 4032
4.77 4031
4.77 4030
4.77 4029
4.80 4028
4.80 4027
4.80 4026
4.81 4025
4.81 4024
4.81 4023
5.02 4022
5.02 4021
5.02 4020
5.02 4019
5.02 4018
5.02 4017
5.02 4016
5.02 4015
5.02 4014
5.02 4013
5.02 4012
5.08 4011
5.08 4010
5.08 4009
5.10 4008
5.10 4007
5.10 4006
5.10 4005
5.10 4004
5.10 4003
5.11 4002
5.13 4001
5.13 4000
5.19 3999
5.19 3998
5.21 3997
5.21 3996
5.21 3995
5.30 3994
5.30 3993
5.37 3992
5.40 3991
5.41 3990
5.41 3989
5.41 3988
5.41 3987
5.41 3986
5.41 3985
5.41 3984
5.41 3983
5.49 3982
5.49 3981
5.49 3980
5.49 3979
5.49 3978
5.55 3977
5.55 3976
5.56 3975
5.56 3974
5.58 3972
5.58 3971
5.59 3970
5.60 3969
5.63 3968
5.63 3967
5.64 3966
5.68 3965
5.68 3964
5.68 3963
5.68 3962
5.72 3961
5.72 3960
5.96 3959
6.00 3958
6.00 3957
6.00 3956
6.15 3955
6.15 3954
6.15 3953
6.15 3952
6.22 3951
6.40 3950
6.41 3949
6.41 3948
6.45 3947
6.45 3946
6.45 3945
6.46 3944
