0.00 814
0.00 813
0.58 720
0.58 719
0.58 718
0.58 717
0.58 716
0.58 715
0.58 714
0.86 710
0.86 709
0.86 708
0.86 707
1.10 694
1.10 693
1.46 679
1.72 672
1.72 671
1.84 670
1.84 669
1.84 668
2.13 663
2.13 662
2.13 661
2.15 658
2.15 657
2.15 656
2.15 655
2.15 654
2.15 653
2.42 652
2.42 651
2.42 650
2.42 649
2.42 648
2.42 647
2.42 646
2.64 645
2.75 644
2.75 643
2.75 642
2.75 641
3.00 640
3.02 637
3.02 636
3.02 635
3.10 634
3.10 633
3.10 632
3.10 631
3.10 630
3.10 629
3.10 628
3.10 627
3.38 626
3.39 625
3.39 624
3.39 623
3.39 622
3.39 621
3.39 620
3.39 619
3.91 618
3.91 617
4.08 616
4.08 615
4.08 614
4.08 613
4.08 612
4.08 611
4.23 610
4.23 609
4.30 608
4.33 607
4.48 606
4.48 605
4.48 604
4.48 603
4.48 602
4.48 601
5.02 600
5.47 599
