0.00 2000
0.64 1999
0.64 1998
0.64 1997
0.64 1996
0.64 1995
0.64 1994
0.64 1993
0.64 1992
0.64 1991
0.64 1990
0.64 1989
0.64 1988
0.64 1987
0.64 1986
0.64 1985
0.64 1984
0.64 1983
0.64 1982
0.64 1981
0.64 1980
0.64 1979
0.64 1978
0.64 1977
0.64 1976
0.64 1975
0.66 1974
0.66 1973
0.66 1972
0.66 1971
0.66 1970
0.66 1969
0.66 1968
0.66 1967
0.66 1966
0.66 1965
0.66 1964
0.66 1963
0.66 1962
0.66 1961
0.66 1960
0.66 1959
0.66 1958
0.66 1957
0.66 1956
0.66 1955
0.66 1954
0.66 1953
0.66 1952
0.66 1951
0.66 1950
0.66 1949
0.66 1948
0.66 1947
0.66 1946
0.66 1945
0.66 1944
0.66 1943
0.66 1942
0.66 1941
0.66 1940
0.66 1939
0.66 1938
0.66 1937
0.66 1936
0.66 1935
0.66 1934
0.66 1933
0.66 1932
0.66 1931
0.66 1930
0.66 1929
0.66 1928
0.66 1927
0.66 1926
0.66 1925
0.66 1924
0.67 1923
0.67 1922
0.67 1921
0.67 1920
0.67 1919
0.67 1918
0.67 1917
0.67 1916
0.67 1915
0.67 1914
0.67 1913
0.67 1912
0.67 1911
0.67 1910
0.67 1909
0.67 1908
0.67 1907
0.67 1906
0.67 1905
0.67 1904
0.67 1903
0.67 1902
0.67 1901
0.67 1900
0.67 1899
0.67 1898
0.67 1897
0.67 1896
0.67 1895
0.67 1894
0.67 1893
0.67 1892
0.67 1891
0.67 1890
0.67 1889
0.67 1888
0.67 1887
0.67 1886
0.67 1885
0.67 1884
0.67 1883
0.67 1882
0.67 1881
0.67 1880
0.67 1879
0.68 1878
0.68 1877
0.68 1876
0.68 1875
0.68 1874
0.68 1873
0.68 1872
0.68 1871
0.68 1870
0.68 1869
0.68 1868
0.68 1867
0.68 1866
0.68 1865
0.68 1864
0.68 1863
0.68 1862
0.68 1861
0.68 1860
0.68 1859
0.68 1858
0.68 1857
0.68 1856
0.68 1855
0.68 1854
0.68 1853
0.68 1852
0.68 1851
0.68 1850
0.68 1849
0.68 1848
0.68 1847
0.68 1846
0.68 1845
0.68 1844
0.68 1843
0.68 1842
0.68 1841
0.68 1840
0.68 1839
0.68 1838
0.68 1837
0.68 1836
0.68 1835
0.68 1834
0.68 1833
0.68 1832
0.68 1831
0.68 1830
0.68 1829
0.68 1828
0.68 1827
0.68 1826
0.68 1825
0.68 1824
0.68 1823
0.68 1822
0.69 1821
0.69 1820
0.69 1819
0.69 1818
0.69 1817
0.69 1816
0.69 1815
0.69 1814
0.69 1813
0.69 1812
0.69 1811
0.69 1810
0.69 1809
0.69 1808
0.69 1807
0.69 1806
0.69 1805
0.69 1804
0.69 1803
0.69 1802
0.69 1801
0.69 1800
0.69 1799
0.69 1798
0.69 1797
0.69 1796
0.69 1795
0.69 1794
0.69 1793
0.69 1792
0.69 1791
0.69 1790
0.69 1789
0.69 1788
0.69 1787
0.69 1786
0.69 1785
0.69 1784
0.69 1783
0.69 1782
0.69 1781
0.69 1780
0.69 1779
0.69 1778
0.69 1777
0.69 1776
0.69 1775
0.69 1774
0.69 1773
0.69 1772
0.69 1771
0.69 1770
0.69 1769
0.69 1768
0.69 1767
0.69 1766
0.69 1765
0.69 1764
0.69 1763
0.69 1762
0.69 1761
0.69 1760
0.69 1759
0.69 1758
0.69 1757
0.69 1756
0.69 1755
0.69 1754
0.69 1753
0.70 1752
0.70 1751
0.70 1750
0.70 1749
0.70 1748
0.70 1747
0.70 1746
0.70 1745
0.70 1744
0.70 1743
0.70 1742
0.70 1741
0.70 1740
0.70 1739
0.70 1738
0.70 1737
0.70 1736
0.70 1735
0.70 1734
0.70 1733
0.70 1732
0.71 1731
0.71 1730
0.71 1729
0.71 1728
0.71 1727
0.71 1726
0.71 1725
0.71 1724
0.71 1723
0.71 1722
0.71 1721
0.71 1720
0.71 1719
0.71 1718
0.71 1717
0.71 1716
0.71 1715
0.71 1714
0.71 1713
0.71 1712
0.71 1711
0.71 1710
0.71 1709
0.71 1708
0.71 1707
0.71 1706
0.71 1705
0.71 1704
0.71 1703
0.71 1702
0.71 1701
0.71 1700
0.71 1699
0.71 1698
0.71 1697
0.71 1696
0.71 1695
0.71 1694
0.71 1693
0.71 1692
0.71 1691
0.71 1690
0.71 1689
0.71 1688
0.71 1687
0.71 1686
0.71 1685
0.71 1684
0.71 1683
0.71 1682
0.71 1681
0.71 1680
0.71 1679
0.71 1678
0.71 1677
0.71 1676
0.71 1675
0.71 1674
0.71 1673
0.71 1672
0.71 1671
0.72 1670
0.72 1669
0.72 1668
0.72 1667
0.72 1666
0.72 1665
0.72 1664
0.72 1663
0.72 1662
0.72 1661
0.72 1660
0.72 1659
0.72 1658
0.72 1657
0.72 1656
0.72 1655
0.72 1654
0.72 1653
0.72 1652
0.72 1651
0.72 1650
0.72 1649
0.72 1648
0.72 1647
0.72 1646
0.72 1645
0.72 1644
0.72 1643
0.72 1642
0.72 1641
0.72 1640
0.72 1639
0.72 1638
0.72 1637
0.72 1636
0.72 1635
0.72 1634
0.72 1633
0.72 1632
0.72 1631
0.72 1630
0.72 1629
0.72 1628
0.72 1627
0.72 1626
0.72 1625
0.72 1624
0.72 1623
0.72 1622
0.72 1621
0.72 1620
0.72 1619
0.72 1618
0.72 1617
0.72 1616
0.72 1615
0.72 1614
0.72 1613
0.72 1612
0.72 1611
0.72 1610
0.72 1609
0.72 1608
0.72 1607
0.72 1606
0.72 1605
0.72 1604
0.72 1603
0.72 1602
0.72 1601
0.74 1600
0.74 1599
0.74 1598
0.74 1597
0.74 1596
0.74 1595
0.74 1594
0.74 1593
0.74 1592
0.74 1591
0.74 1590
0.74 1589
0.74 1588
0.74 1587
0.74 1586
0.74 1585
0.74 1584
0.74 1583
0.74 1582
0.74 1581
0.74 1580
0.74 1579
0.74 1578
0.74 1577
0.74 1576
0.74 1575
0.74 1574
0.74 1573
0.74 1572
0.74 1571
0.74 1570
0.74 1569
0.74 1568
0.74 1567
0.74 1566
0.74 1565
0.74 1564
0.74 1563
0.74 1562
0.74 1561
0.74 1560
0.74 1559
0.74 1558
0.74 1557
0.74 1556
0.74 1555
0.76 1554
0.76 1553
0.76 1552
0.76 1551
0.76 1550
0.76 1549
0.76 1548
0.76 1547
0.76 1546
0.76 1545
0.76 1544
0.76 1543
0.76 1542
0.76 1541
0.76 1540
0.76 1539
0.76 1538
0.76 1537
0.76 1536
0.76 1535
0.76 1534
0.76 1533
0.76 1532
0.76 1531
0.76 1530
0.76 1529
0.76 1528
0.76 1527
0.76 1526
0.76 1525
0.76 1524
0.76 1523
0.76 1522
0.76 1521
0.76 1520
0.76 1519
0.76 1518
0.76 1517
0.76 1516
0.76 1515
0.76 1514
0.76 1513
0.76 1512
0.76 1511
0.76 1510
0.76 1509
0.76 1508
0.76 1507
0.76 1506
0.76 1505
0.76 1504
0.76 1503
0.76 1502
0.76 1501
0.76 1500
0.76 1499
0.76 1498
0.76 1497
0.77 1496
0.77 1495
0.77 1494
0.77 1493
0.77 1492
0.77 1491
0.77 1490
0.77 1489
0.77 1488
0.77 1487
0.77 1486
0.77 1485
0.77 1484
0.77 1483
0.77 1482
0.77 1481
0.77 1480
0.77 1479
0.77 1478
0.77 1477
0.77 1476
0.77 1475
0.77 1474
0.77 1473
0.77 1472
0.77 1471
0.77 1470
0.77 1469
0.77 1468
0.77 1467
0.77 1466
0.77 1465
0.77 1464
0.77 1463
0.77 1462
0.77 1461
0.77 1460
0.77 1459
0.77 1458
0.77 1457
0.77 1456
0.77 1455
0.77 1454
0.79 1453
0.79 1452
0.79 1451
0.79 1450
0.79 1449
0.79 1448
0.79 1447
0.79 1446
0.79 1445
0.79 1444
0.79 1443
0.79 1442
0.79 1441
0.79 1440
0.79 1439
0.79 1438
0.79 1437
0.79 1436
0.80 1435
0.80 1434
0.80 1433
0.80 1432
0.80 1431
0.80 1430
0.80 1429
0.80 1428
0.80 1427
0.81 1426
0.81 1425
0.81 1424
0.81 1423
0.81 1422
0.81 1421
0.81 1420
0.81 1419
0.81 1418
0.81 1417
0.81 1416
0.81 1415
0.81 1414
0.81 1413
0.81 1412
0.81 1411
0.81 1410
0.81 1409
0.81 1408
0.81 1407
0.81 1406
0.81 1405
0.81 1404
0.81 1403
0.81 1402
0.81 1401
0.81 1400
0.81 1399
0.81 1398
0.81 1397
0.81 1396
0.82 1395
0.82 1394
0.82 1393
0.82 1392
0.82 1391
0.82 1390
0.82 1389
0.82 1388
0.82 1387
0.82 1386
0.82 1385
0.82 1384
0.82 1383
0.82 1382
0.82 1381
0.82 1380
0.82 1379
0.82 1378
0.82 1377
0.82 1376
0.82 1375
0.84 1374
0.84 1373
0.84 1372
0.84 1371
0.84 1370
0.84 1369
0.84 1368
0.84 1367
0.84 1366
0.84 1365
0.84 1364
0.84 1363
0.84 1362
0.84 1361
0.84 1360
0.84 1359
0.84 1358
0.84 1357
0.84 1356
0.84 1355
0.84 1354
0.84 1353
0.84 1352
0.84 1351
0.84 1350
0.84 1349
0.84 1348
0.84 1347
0.86 1346
0.86 1345
0.86 1344
0.86 1343
0.86 1342
0.86 1341
0.86 1340
0.86 1339
0.86 1338
0.86 1337
0.86 1336
0.87 1335
0.87 1334
0.87 1333
0.87 1332
0.87 1331
0.87 1330
0.87 1329
0.87 1328
0.87 1327
0.87 1326
0.87 1325
0.87 1324
0.87 1323
0.87 1322
0.87 1321
0.87 1320
0.87 1319
0.87 1318
0.87 1317
0.89 1316
0.89 1315
0.89 1314
0.89 1313
0.90 1312
0.90 1311
0.90 1310
0.90 1309
0.90 1308
0.91 1307
0.91 1306
0.91 1305
0.91 1304
0.91 1303
0.91 1302
0.91 1301
0.91 1300
0.91 1299
0.91 1298
0.91 1297
0.91 1296
0.92 1295
0.92 1294
0.92 1293
0.92 1292
0.92 1291
0.92 1290
0.92 1289
0.92 1288
0.92 1287
0.92 1286
0.92 1285
0.92 1284
0.92 1283
0.92 1282
0.92 1281
0.94 1280
0.94 1279
0.94 1278
0.94 1277
0.94 1276
0.94 1275
0.94 1274
0.94 1273
0.94 1272
0.96 1271
0.96 1270
0.96 1269
0.96 1268
0.97 1267
0.97 1266
0.97 1265
0.97 1264
0.97 1263
0.97 1262
0.97 1261
0.97 1260
0.97 1259
0.97 1258
0.97 1257
0.97 1256
0.97 1255
0.97 1254
0.97 1253
0.97 1252
0.99 1251
0.99 1250
0.99 1249
0.99 1248
1.06 1247
1.06 1246
1.06 1245
1.06 1244
1.06 1243
1.06 1242
1.06 1241
1.06 1240
1.06 1239
1.06 1238
1.06 1237
1.06 1236
1.06 1235
1.07 1234
1.07 1233
1.07 1232
1.07 1231
1.07 1230
1.07 1229
1.07 1228
1.07 1227
1.07 1226
1.07 1225
1.07 1224
1.07 1223
1.07 1222
1.07 1221
1.07 1220
1.07 1219
1.07 1218
1.07 1217
1.11 1216
1.11 1215
1.11 1214
1.11 1213
1.11 1212
1.11 1211
1.11 1210
1.11 1209
1.27 1208
1.27 1207
1.27 1206
1.27 1205
1.27 1204
1.27 1203
1.27 1202
1.27 1201
1.27 1200
1.27 1199
1.27 1198
1.29 1197
1.29 1196
1.29 1195
1.29 1194
1.32 1193
1.32 1192
1.34 1191
1.44 1190
1.44 1189
1.44 1188
1.44 1187
1.45 1186
1.45 1185
1.45 1184
1.45 1183
1.45 1182
1.45 1181
1.45 1180
1.47 1179
1.47 1178
1.47 1177
1.47 1176
1.47 1175
1.47 1174
1.47 1173
1.48 1172
1.48 1171
1.48 1170
1.48 1169
1.48 1168
1.50 1167
1.63 1166
1.63 1165
1.63 1164
1.63 1163
1.64 1162
1.66 1161
1.66 1160
1.66 1159
1.66 1158
1.66 1157
1.80 1156
1.80 1155
1.80 1154
1.80 1153
1.88 1152
1.88 1151
1.90 1150
1.90 1149
1.90 1148
1.90 1147
1.90 1146
1.90 1145
1.90 1144
1.90 1143
1.90 1142
2.01 1141
2.02 1140
2.02 1139
2.02 1138
2.02 1137
2.04 1136
2.04 1135
2.04 1134
2.05 1133
2.05 1132
2.05 1131
2.05 1130
2.05 1129
2.05 1128
2.05 1127
2.05 1126
2.07 1125
2.07 1124
2.07 1123
2.07 1122
2.07 1121
2.40 1120
2.40 1119
2.42 1118
2.42 1117
2.42 1116
2.42 1115
2.44 1114
2.44 1113
2.44 1112
2.45 1111
2.45 1110
2.45 1109
2.48 1108
2.48 1107
2.48 1106
2.48 1105
2.48 1104
2.48 1103
2.48 1102
2.48 1101
2.50 1100
2.50 1099
2.50 1098
2.50 1097
2.50 1096
2.50 1095
2.82 1094
2.82 1093
2.85 1092
2.85 1091
2.85 1090
2.86 1089
2.90 1088
2.90 1087
2.90 1086
2.90 1085
2.90 1084
2.96 1083
2.96 1082
3.10 1081
3.10 1080
3.10 1079
3.10 1078
3.12 1077
3.12 1076
3.12 1075
3.15 1074
3.18 1073
3.18 1072
3.34 1071
3.34 1070
3.34 1069
3.34 1068
3.34 1067
3.35 1066
3.37 1065
3.37 1064
3.37 1063
3.37 1062
3.39 1061
3.54 1060
3.54 1059
3.54 1058
3.54 1057
3.75 1056
3.75 1055
3.75 1054
3.78 1053
3.78 1052
4.02 1051
4.02 1050
4.02 1049
4.04 1048
4.04 1047
4.04 1046
4.04 1045
4.04 1044
4.07 1043
4.07 1042
4.07 1041
4.07 1040
4.08 1039
4.08 1038
4.12 1037
4.13 1036
4.13 1035
4.38 1034
4.38 1033
4.38 1032
4.38 1031
4.53 1030
4.54 1029
4.54 1028
4.54 1027
4.54 1026
4.54 1025
4.54 1024
4.54 1023
4.56 1022
4.56 1021
5.01 1020
5.01 1019
5.01 1018
5.01 1017
5.01 1016
5.02 1015
5.04 1014
5.04 1013
5.04 1012
5.04 1011
5.18 1010
5.20 1009
5.21 1008
5.21 1007
5.23 1006
5.34 1005
5.79 1004
5.79 1003
5.99 1002
6.80 1001
6.83 1000
