0.00 814
0.00 813
0.00 812
0.75 746
0.96 713
0.96 712
0.96 711
1.23 692
1.23 691
1.33 686
1.34 685
1.34 684
1.34 683
1.34 682
1.62 681
1.62 680
1.62 679
1.62 678
1.62 677
1.62 676
1.92 668
1.92 667
1.92 666
2.12 665
2.12 664
2.12 663
2.24 662
2.34 655
2.34 654
2.34 653
2.34 652
2.34 651
2.34 650
2.34 649
2.34 648
2.34 647
2.34 646
2.39 645
2.60 644
2.60 643
2.60 642
2.64 641
2.64 640
2.64 639
2.89 638
2.89 637
3.02 633
3.02 632
3.02 631
3.37 630
3.37 629
3.37 628
3.37 627
3.38 626
3.38 625
3.38 624
3.76 623
3.85 622
3.85 621
3.85 620
3.85 619
4.01 618
4.13 617
4.13 616
4.13 615
4.17 614
4.17 613
4.17 612
4.27 611
4.27 610
4.27 609
4.27 608
4.27 607
4.27 606
4.43 605
4.48 604
4.48 603
4.52 602
4.59 601
4.59 600
4.68 599
4.68 598
6.01 597
6.22 596
6.36 595
7.19 594
