0.00 814
0.00 813
0.00 812
0.00 811
0.00 810
0.00 809
0.00 808
0.00 807
0.00 806
0.00 805
0.00 804
0.00 803
0.00 802
0.00 801
0.00 800
0.00 799
0.01 798
0.01 797
0.01 796
0.85 702
1.02 701
1.22 694
1.22 693
1.22 692
1.22 691
1.22 690
1.44 687
1.44 686
1.44 685
1.44 684
1.44 683
1.44 682
1.49 681
1.49 680
1.75 679
1.75 678
1.75 677
1.76 676
1.96 675
1.98 674
1.98 673
1.98 672
1.98 671
2.13 669
2.16 668
2.16 667
2.16 666
2.16 665
2.16 664
2.25 663
2.25 662
2.25 661
2.25 660
2.40 659
2.40 658
2.42 655
2.43 654
2.44 653
2.44 652
2.56 647
2.56 646
2.56 645
2.56 644
2.56 643
2.56 642
2.56 641
2.56 640
2.56 639
2.88 638
2.88 637
2.91 636
2.91 635
2.94 634
2.94 633
2.94 632
3.15 631
3.15 630
3.15 629
3.18 628
3.18 627
3.18 626
3.18 625
3.46 624
3.53 623
3.53 622
3.53 621
3.53 620
3.67 619
3.67 618
3.67 617
3.76 616
3.76 615
3.76 614
3.90 613
3.90 612
3.90 611
3.90 610
4.08 609
4.19 608
4.19 607
4.19 606
4.19 605
4.19 604
4.19 603
4.21 602
4.66 601
4.70 600
5.07 599
5.19 598
5.34 597
5.34 596
