0.00 1960
0.81 1959
0.81 1958
0.81 1957
0.81 1956
0.81 1955
0.81 1954
0.81 1953
0.81 1952
0.81 1951
0.81 1950
0.81 1949
0.81 1948
0.81 1947
0.81 1946
0.81 1945
0.81 1944
0.81 1943
0.81 1942
0.81 1941
0.81 1940
0.81 1939
0.81 1938
0.81 1937
0.81 1936
0.81 1935
0.81 1934
0.82 1933
0.82 1932
0.82 1931
0.82 1930
0.82 1929
0.82 1928
0.82 1927
0.82 1926
0.82 1925
0.82 1924
0.82 1923
0.82 1922
0.82 1921
0.82 1920
0.82 1919
0.82 1918
0.82 1917
0.82 1916
0.82 1915
0.82 1914
0.82 1913
0.82 1912
0.82 1911
0.82 1910
0.82 1909
0.83 1908
0.83 1907
0.83 1906
0.83 1905
0.83 1904
0.83 1903
0.83 1902
0.83 1901
0.83 1900
0.83 1899
0.83 1898
0.83 1897
0.83 1896
0.83 1895
0.83 1894
0.83 1893
0.83 1892
0.83 1891
0.83 1890
0.83 1889
0.83 1888
0.83 1887
0.83 1886
0.83 1885
0.83 1884
0.83 1883
0.83 1882
0.83 1881
0.83 1880
0.83 1879
0.84 1878
0.84 1877
0.84 1876
0.84 1875
0.84 1874
0.84 1873
0.84 1872
0.84 1871
0.84 1870
0.84 1869
0.84 1868
0.84 1867
0.84 1866
0.84 1865
0.84 1864
0.84 1863
0.84 1862
0.84 1861
0.84 1860
0.84 1859
0.84 1858
0.84 1857
0.84 1856
0.84 1855
0.84 1854
0.84 1853
0.84 1852
0.84 1851
0.84 1850
0.84 1849
0.84 1848
0.85 1847
0.85 1846
0.85 1845
0.85 1844
0.85 1843
0.85 1842
0.85 1841
0.85 1840
0.85 1839
0.85 1838
0.85 1837
0.85 1836
0.85 1835
0.85 1834
0.85 1833
0.85 1832
0.86 1831
0.86 1830
0.86 1829
0.86 1828
0.86 1827
0.86 1826
0.86 1825
0.86 1824
0.86 1823
0.86 1822
0.86 1821
0.86 1820
0.86 1819
0.86 1818
0.86 1817
0.86 1816
0.86 1815
0.86 1814
0.86 1813
0.86 1812
0.86 1811
0.86 1810
0.86 1809
0.86 1808
0.87 1807
0.87 1806
0.87 1805
0.87 1804
0.87 1803
0.87 1802
0.87 1801
0.87 1800
0.87 1799
0.87 1798
0.87 1797
0.87 1796
0.87 1795
0.87 1794
0.87 1793
0.87 1792
0.87 1791
0.87 1790
0.87 1789
0.87 1788
0.87 1787
0.87 1786
0.87 1785
0.87 1784
0.87 1783
0.87 1782
0.87 1781
0.87 1780
0.87 1779
0.88 1778
0.88 1777
0.88 1776
0.88 1775
0.88 1774
0.88 1773
0.88 1772
0.88 1771
0.88 1770
0.88 1769
0.88 1768
0.88 1767
0.88 1766
0.88 1765
0.88 1764
0.88 1763
0.88 1762
0.88 1761
0.88 1760
0.88 1759
0.88 1758
0.88 1757
0.88 1756
0.88 1755
0.88 1754
0.88 1753
0.88 1752
0.88 1751
0.88 1750
0.88 1749
0.88 1748
0.88 1747
0.88 1746
0.88 1745
0.88 1744
0.88 1743
0.88 1742
0.88 1741
0.88 1740
0.88 1739
0.88 1738
0.88 1737
0.88 1736
0.88 1735
0.88 1734
0.88 1733
0.88 1732
0.88 1731
0.88 1730
0.88 1729
0.88 1728
0.88 1727
0.88 1726
0.89 1725
0.89 1724
0.89 1723
0.89 1722
0.89 1721
0.89 1720
0.89 1719
0.89 1718
0.89 1717
0.89 1716
0.89 1715
0.89 1714
0.89 1713
0.89 1712
0.89 1711
0.90 1710
0.90 1709
0.90 1708
0.90 1707
0.90 1706
0.90 1705
0.90 1704
0.90 1703
0.90 1702
0.90 1701
0.90 1700
0.90 1699
0.90 1698
0.90 1697
0.90 1696
0.90 1695
0.90 1694
0.90 1693
0.90 1692
0.90 1691
0.90 1690
0.90 1689
0.90 1688
0.90 1687
0.90 1686
0.90 1685
0.90 1684
0.90 1683
0.90 1682
0.90 1681
0.90 1680
0.90 1679
0.90 1678
0.90 1677
0.90 1676
0.90 1675
0.90 1674
0.90 1673
0.90 1672
0.90 1671
0.90 1670
0.90 1669
0.90 1668
0.90 1667
0.90 1666
0.90 1665
0.90 1664
0.92 1663
0.92 1662
0.92 1661
0.92 1660
0.92 1659
0.92 1658
0.92 1657
0.92 1656
0.92 1655
0.92 1654
0.92 1653
0.92 1652
0.92 1651
0.92 1650
0.92 1649
0.92 1648
0.92 1647
0.92 1646
0.92 1645
0.92 1644
0.92 1643
0.92 1642
0.92 1641
0.92 1640
0.92 1639
0.92 1638
0.92 1637
0.92 1636
0.92 1635
0.92 1634
0.92 1633
0.92 1632
0.92 1631
0.92 1630
0.92 1629
0.92 1628
0.92 1627
0.92 1626
0.92 1625
0.92 1624
0.92 1623
0.92 1622
0.92 1621
0.92 1620
0.92 1619
0.92 1618
0.92 1617
0.92 1616
0.92 1615
0.92 1614
0.92 1613
0.92 1612
0.92 1611
0.92 1610
0.92 1609
0.92 1608
0.92 1607
0.92 1606
0.92 1605
0.93 1604
0.93 1603
0.93 1602
0.93 1601
0.93 1600
0.93 1599
0.93 1598
0.93 1597
0.93 1596
0.93 1595
0.93 1594
0.93 1593
0.93 1592
0.93 1591
0.93 1590
0.93 1589
0.93 1588
0.93 1587
0.93 1586
0.93 1585
0.93 1584
0.94 1583
0.94 1582
0.94 1581
0.94 1580
0.94 1579
0.94 1578
0.94 1577
0.94 1576
0.94 1575
0.94 1574
0.94 1573
0.94 1572
0.94 1571
0.94 1570
0.94 1569
0.94 1568
0.94 1567
0.94 1566
0.94 1565
0.94 1564
0.94 1563
0.94 1562
0.94 1561
0.94 1560
0.95 1559
0.95 1558
0.95 1557
0.95 1556
0.95 1555
0.95 1554
0.95 1553
0.95 1552
0.95 1551
0.95 1550
0.95 1549
0.95 1548
0.95 1547
0.95 1546
0.95 1545
0.95 1544
0.95 1543
0.95 1542
0.95 1541
0.95 1540
0.95 1539
0.95 1538
0.95 1537
0.95 1536
0.95 1535
0.95 1534
0.95 1533
0.95 1532
0.95 1531
0.95 1530
0.95 1529
0.95 1528
0.95 1527
0.95 1526
0.96 1525
0.96 1524
0.96 1523
0.96 1522
0.96 1521
0.96 1520
0.97 1519
0.97 1518
0.97 1517
0.97 1516
0.97 1515
0.97 1514
0.97 1513
0.97 1512
0.97 1511
0.97 1510
0.97 1509
0.97 1508
0.97 1507
0.97 1506
0.97 1505
0.97 1504
0.97 1503
0.97 1502
0.97 1501
0.97 1500
0.97 1499
0.98 1498
0.98 1497
0.98 1496
0.98 1495
0.98 1494
0.98 1493
0.98 1492
0.98 1491
0.98 1490
0.98 1489
0.98 1488
0.98 1487
0.98 1486
0.98 1485
0.98 1484
0.98 1483
0.99 1482
0.99 1481
0.99 1480
0.99 1479
0.99 1478
0.99 1477
0.99 1476
0.99 1475
0.99 1474
1.00 1473
1.00 1472
1.00 1471
1.00 1470
1.00 1469
1.00 1468
1.00 1467
1.00 1466
1.00 1465
1.00 1464
1.00 1463
1.00 1462
1.00 1461
1.00 1460
1.00 1459
1.00 1458
1.00 1457
1.00 1456
1.00 1455
1.00 1454
1.00 1453
1.01 1452
1.01 1451
1.01 1450
1.01 1449
1.01 1448
1.01 1447
1.01 1446
1.01 1445
1.01 1444
1.01 1443
1.01 1442
1.01 1441
1.01 1440
1.01 1439
1.01 1438
1.01 1437
1.01 1436
1.01 1435
1.01 1434
1.01 1433
1.01 1432
1.03 1431
1.03 1430
1.03 1429
1.03 1428
1.03 1427
1.03 1426
1.03 1425
1.03 1424
1.03 1423
1.03 1422
1.03 1421
1.03 1420
1.03 1419
1.03 1418
1.03 1417
1.03 1416
1.03 1415
1.03 1414
1.03 1413
1.03 1412
1.03 1411
1.03 1410
1.03 1409
1.03 1408
1.03 1407
1.03 1406
1.04 1405
1.04 1404
1.04 1403
1.04 1402
1.04 1401
1.04 1400
1.04 1399
1.04 1398
1.04 1397
1.04 1396
1.04 1395
1.05 1394
1.05 1393
1.05 1392
1.05 1391
1.05 1390
1.05 1389
1.05 1388
1.05 1387
1.05 1386
1.05 1385
1.05 1384
1.05 1383
1.05 1382
1.05 1381
1.05 1380
1.05 1379
1.05 1378
1.05 1377
1.05 1376
1.05 1375
1.05 1374
1.05 1373
1.05 1372
1.07 1371
1.07 1370
1.07 1369
1.07 1368
1.07 1367
1.07 1366
1.07 1365
1.07 1364
1.07 1363
1.07 1362
1.07 1361
1.07 1360
1.07 1359
1.07 1358
1.07 1357
1.07 1356
1.07 1355
1.07 1354
1.07 1353
1.07 1352
1.07 1351
1.07 1350
1.07 1349
1.07 1348
1.07 1347
1.07 1346
1.07 1345
1.07 1344
1.08 1343
1.08 1342
1.08 1341
1.08 1340
1.08 1339
1.08 1338
1.08 1337
1.08 1336
1.08 1335
1.08 1334
1.09 1333
1.09 1332
1.09 1331
1.09 1330
1.09 1329
1.09 1328
1.09 1327
1.09 1326
1.09 1325
1.09 1324
1.09 1323
1.09 1322
1.10 1321
1.10 1320
1.10 1319
1.10 1318
1.10 1317
1.10 1316
1.10 1315
1.10 1314
1.10 1313
1.10 1312
1.10 1311
1.10 1310
1.10 1309
1.10 1308
1.10 1307
1.10 1306
1.11 1305
1.11 1304
1.11 1303
1.11 1302
1.11 1301
1.11 1300
1.11 1299
1.11 1298
1.11 1297
1.11 1296
1.11 1295
1.11 1294
1.11 1293
1.11 1292
1.11 1291
1.11 1290
1.13 1289
1.13 1288
1.13 1287
1.13 1286
1.13 1285
1.13 1284
1.13 1283
1.15 1282
1.15 1281
1.15 1280
1.16 1279
1.16 1278
1.16 1277
1.16 1276
1.17 1275
1.17 1274
1.17 1273
1.17 1272
1.17 1271
1.17 1270
1.17 1269
1.17 1268
1.17 1267
1.17 1266
1.17 1265
1.17 1264
1.17 1263
1.17 1262
1.18 1261
1.18 1260
1.18 1259
1.18 1258
1.19 1257
1.19 1256
1.19 1255
1.19 1254
1.19 1253
1.20 1252
1.20 1251
1.20 1250
1.20 1249
1.20 1248
1.20 1247
1.20 1246
1.20 1245
1.20 1244
1.22 1243
1.23 1242
1.23 1241
1.24 1240
1.25 1239
1.25 1238
1.25 1237
1.25 1236
1.25 1235
1.25 1234
1.25 1233
1.25 1232
1.26 1231
1.26 1230
1.26 1229
1.27 1228
1.27 1227
1.27 1226
1.27 1225
1.28 1224
1.29 1223
1.29 1222
1.29 1221
1.29 1220
1.29 1219
1.29 1218
1.29 1217
1.29 1216
1.29 1215
1.29 1214
1.29 1213
1.29 1212
1.30 1211
1.30 1210
1.30 1209
1.30 1208
1.30 1207
1.30 1206
1.30 1205
1.30 1204
1.30 1203
1.30 1202
1.39 1201
1.39 1200
1.39 1199
1.39 1198
1.39 1197
1.39 1196
1.40 1195
1.40 1194
1.40 1193
1.40 1192
1.46 1191
1.47 1190
1.47 1189
1.47 1188
1.47 1187
1.47 1186
1.49 1185
1.49 1184
1.49 1183
1.49 1182
1.49 1181
1.49 1180
1.49 1179
1.49 1178
1.49 1177
1.49 1176
1.49 1175
1.49 1174
1.51 1173
1.51 1172
1.52 1171
1.52 1170
1.53 1169
1.53 1168
1.53 1167
1.53 1166
1.53 1165
1.53 1164
1.53 1163
1.53 1162
1.54 1161
1.54 1160
1.54 1159
1.55 1158
1.58 1157
1.60 1156
1.60 1155
1.60 1154
1.60 1153
1.60 1152
1.61 1151
1.61 1150
1.61 1149
1.62 1148
1.62 1147
1.62 1146
1.62 1145
1.62 1144
1.65 1143
1.65 1142
1.66 1141
1.67 1140
2.05 1139
2.05 1138
2.05 1137
2.05 1136
2.05 1135
2.05 1134
2.13 1133
2.13 1132
2.13 1131
2.13 1130
2.13 1129
2.13 1128
2.13 1127
2.13 1126
2.13 1125
2.13 1124
2.13 1123
2.13 1122
2.13 1121
2.13 1120
2.18 1119
2.18 1118
2.18 1117
2.18 1116
2.18 1115
2.18 1114
2.18 1113
2.18 1112
2.18 1111
2.18 1110
2.18 1109
2.20 1108
2.20 1107
2.20 1106
2.20 1105
2.23 1104
2.23 1103
2.23 1102
2.23 1101
2.23 1100
2.32 1099
2.32 1098
2.42 1097
2.42 1096
2.42 1095
2.47 1094
2.72 1093
2.72 1092
2.72 1091
2.73 1090
2.73 1089
2.73 1088
2.73 1087
2.73 1086
2.78 1085
2.78 1084
2.79 1083
2.79 1082
2.79 1081
2.79 1080
2.79 1079
2.83 1078
2.83 1077
2.83 1076
2.86 1075
2.86 1074
2.86 1073
2.86 1072
2.86 1071
3.31 1070
3.31 1069
3.32 1068
3.37 1067
3.37 1066
3.37 1065
3.37 1064
3.37 1063
3.37 1062
3.37 1061
3.37 1060
3.38 1059
3.38 1058
3.40 1057
3.40 1056
3.40 1055
3.40 1054
3.57 1053
3.64 1052
3.67 1051
3.67 1050
3.67 1049
3.67 1048
3.67 1047
3.68 1046
3.68 1045
3.69 1044
3.69 1043
3.69 1042
3.80 1041
3.81 1040
3.81 1039
3.82 1038
3.82 1037
3.83 1036
3.83 1035
3.83 1034
3.83 1033
3.84 1032
3.84 1031
3.84 1030
3.84 1029
3.84 1028
3.92 1027
3.92 1026
4.06 1025
4.06 1024
4.06 1023
4.06 1022
4.08 1021
4.09 1020
4.34 1019
4.36 1018
4.36 1017
4.36 1016
4.36 1015
4.36 1014
4.36 1013
4.38 1012
4.47 1011
4.47 1010
4.49 1009
4.52 1008
4.82 1007
4.82 1006
4.94 1005
4.97 1004
5.00 1003
5.11 1002
5.11 1001
5.12 1000
5.12 999
5.18 998
5.18 997
5.18 996
5.18 995
5.19 994
5.19 993
5.26 992
5.26 991
5.62 990
5.63 989
5.64 988
5.64 987
5.88 986
5.89 985
5.92 984
5.97 983
6.52 982
6.70 981
6.82 980
