0.00 5684
0.08 5683
3.44 4728
3.44 4727
3.44 4726
3.44 4725
3.45 4700
3.46 4699
3.46 4698
3.46 4697
3.46 4696
3.46 4695
3.46 4694
3.46 4693
3.46 4692
3.46 4691
3.46 4690
3.46 4689
3.46 4688
3.47 4687
3.47 4686
3.47 4685
3.47 4684
3.47 4683
3.47 4682
3.47 4681
3.47 4680
3.47 4679
3.47 4678
3.47 4677
3.47 4676
3.48 4675
3.48 4674
3.48 4673
3.48 4672
3.48 4671
3.48 4670
3.48 4669
3.49 4668
3.49 4667
3.49 4666
3.49 4665
3.49 4664
3.49 4663
3.49 4662
3.49 4661
3.49 4660
3.49 4659
3.49 4658
3.49 4657
3.50 4656
3.50 4655
3.50 4654
3.50 4653
3.50 4652
3.50 4651
3.50 4650
3.50 4649
3.50 4648
3.50 4647
3.51 4646
3.51 4645
3.51 4644
3.54 4643
3.54 4642
3.54 4641
3.54 4640
3.55 4639
3.55 4638
3.55 4637
3.55 4636
3.55 4635
3.55 4634
3.55 4633
3.55 4632
3.55 4631
3.55 4630
3.56 4629
3.56 4628
3.56 4627
3.56 4626
3.56 4625
3.56 4624
3.56 4623
3.56 4622
3.56 4621
3.57 4620
3.63 4615
3.63 4614
3.63 4613
3.63 4612
3.63 4611
3.63 4610
3.63 4609
3.63 4608
3.63 4607
3.63 4606
3.63 4605
3.63 4604
3.63 4603
3.64 4602
3.64 4601
3.64 4600
3.64 4599
3.64 4598
3.64 4597
3.64 4596
3.64 4595
3.64 4594
3.64 4593
3.64 4592
3.65 4591
3.65 4590
3.65 4589
3.65 4588
3.65 4587
3.65 4586
3.65 4585
3.65 4584
3.65 4583
3.65 4582
3.65 4581
3.65 4580
3.81 4396
3.81 4395
3.87 4320
3.87 4319
3.94 4318
3.94 4317
3.94 4316
3.94 4315
3.94 4314
3.94 4313
3.94 4312
3.95 4311
3.95 4310
3.95 4309
3.95 4308
3.95 4307
3.95 4306
3.96 4305
3.96 4304
3.96 4303
3.96 4302
3.96 4301
3.97 4300
3.97 4299
3.97 4298
3.97 4297
3.97 4296
3.97 4295
3.97 4294
3.97 4293
3.97 4292
3.97 4291
3.98 4290
3.98 4289
3.98 4288
3.98 4287
3.98 4286
3.98 4285
3.98 4284
3.98 4283
3.99 4282
3.99 4281
3.99 4280
3.99 4279
4.00 4278
4.00 4277
4.00 4276
4.00 4275
4.00 4274
4.00 4273
4.00 4272
4.01 4271
4.01 4270
4.01 4269
4.01 4268
4.01 4267
4.01 4266
4.01 4265
4.01 4264
4.01 4263
4.01 4262
4.01 4261
4.01 4260
4.01 4259
4.02 4258
4.02 4257
4.02 4256
4.02 4255
4.02 4254
4.02 4253
4.02 4252
4.02 4251
4.02 4250
4.02 4249
4.02 4248
4.03 4247
4.03 4246
4.03 4245
4.03 4244
4.14 4125
4.14 4124
4.14 4123
4.14 4122
4.14 4121
4.15 4120
4.15 4119
4.15 4118
4.15 4117
4.15 4116
4.15 4115
4.15 4114
4.15 4113
4.15 4112
4.15 4111
4.15 4110
4.15 4109
4.16 4108
4.16 4107
4.16 4106
4.16 4105
4.16 4104
4.16 4103
4.16 4102
4.16 4101
4.20 4100
4.20 4099
4.21 4098
4.21 4097
4.21 4096
4.21 4095
4.21 4094
4.21 4093
4.21 4092
4.21 4091
4.21 4090
4.21 4089
4.27 4059
4.27 4058
4.27 4057
4.27 4056
4.27 4055
4.27 4054
4.28 4053
4.28 4052
4.28 4051
4.28 4050
4.28 4049
4.28 4048
4.28 4047
4.28 4046
4.28 4045
4.28 4044
4.28 4043
4.29 4042
4.29 4041
4.29 4040
4.29 4039
4.30 4038
4.30 4037
4.30 4036
4.30 4035
4.30 4034
4.30 4033
4.30 4032
4.30 4031
4.30 4030
4.30 4029
4.31 4028
4.31 4027
4.33 4025
4.33 4024
4.33 4023
4.33 4022
4.38 4021
4.38 4020
4.38 4019
4.38 4018
4.38 4017
4.40 3996
4.40 3995
4.40 3994
4.40 3993
4.41 3992
4.41 3991
4.41 3990
4.41 3989
4.41 3988
4.41 3987
4.41 3986
4.41 3985
4.41 3984
4.41 3983
4.41 3982
4.41 3981
4.42 3980
4.42 3979
4.42 3978
4.42 3977
4.42 3976
4.42 3975
4.42 3974
4.42 3973
4.42 3972
4.42 3971
4.42 3970
4.43 3969
4.43 3968
4.43 3967
4.43 3966
4.43 3965
4.43 3964
4.43 3963
4.43 3962
4.43 3961
4.43 3960
4.43 3959
4.44 3958
4.44 3957
4.44 3956
4.44 3955
4.44 3954
4.44 3953
4.44 3952
4.44 3951
4.44 3950
4.45 3949
4.45 3948
4.45 3947
4.45 3946
4.45 3945
4.45 3944
4.54 3909
4.54 3908
4.54 3907
4.54 3906
4.54 3905
4.54 3904
4.54 3903
4.54 3902
4.55 3901
4.55 3900
4.55 3899
4.55 3898
4.56 3897
4.56 3896
4.56 3895
4.56 3894
4.56 3893
4.56 3892
4.60 3891
4.60 3890
4.61 3889
4.61 3888
4.61 3887
4.61 3886
4.61 3885
4.61 3884
4.61 3883
4.61 3882
4.61 3881
4.62 3880
4.62 3879
4.62 3878
4.62 3877
4.62 3876
4.63 3870
4.63 3869
4.63 3868
4.63 3867
4.64 3866
4.64 3865
4.64 3864
4.64 3863
4.64 3862
4.64 3861
4.64 3860
4.69 3819
4.69 3818
4.69 3817
4.69 3816
4.73 3808
4.73 3807
4.73 3806
4.73 3805
4.73 3804
4.78 3803
4.80 3802
4.80 3801
4.80 3800
4.80 3799
4.80 3798
4.81 3797
4.81 3796
4.81 3795
4.81 3794
4.81 3793
4.81 3792
4.81 3791
4.81 3790
4.81 3789
4.81 3788
4.81 3787
4.81 3786
4.82 3785
4.82 3784
4.82 3783
4.82 3782
4.82 3781
4.82 3780
4.82 3779
4.82 3778
4.83 3777
4.83 3776
4.83 3775
4.83 3774
4.83 3773
4.83 3772
4.83 3771
4.83 3770
4.83 3769
4.83 3768
4.84 3767
4.84 3766
4.84 3765
4.84 3764
4.84 3763
4.84 3762
4.84 3761
4.84 3760
4.84 3759
4.84 3758
4.84 3757
4.84 3756
4.85 3755
4.91 3754
4.92 3753
4.92 3752
4.93 3751
4.93 3750
4.93 3749
4.93 3748
4.93 3747
4.93 3746
4.93 3745
4.93 3744
4.93 3743
4.93 3742
4.93 3741
4.93 3740
4.94 3739
4.94 3738
4.94 3737
4.94 3736
4.94 3735
4.95 3730
4.96 3729
4.96 3728
4.96 3727
4.96 3726
4.96 3725
4.96 3724
4.96 3723
4.96 3722
4.97 3721
4.97 3720
4.97 3719
4.97 3718
4.97 3717
4.97 3716
4.97 3715
4.97 3714
4.98 3713
4.98 3712
4.98 3711
4.98 3710
4.98 3709
4.98 3708
4.99 3707
4.99 3706
5.00 3705
5.00 3704
5.00 3703
5.02 3702
5.02 3701
5.02 3700
5.02 3699
5.03 3698
5.03 3697
5.03 3696
5.03 3695
5.03 3694
5.03 3693
5.03 3692
5.03 3691
5.03 3690
5.04 3689
5.04 3688
5.04 3687
5.04 3686
5.04 3685
5.04 3684
5.04 3683
5.04 3682
5.04 3681
5.04 3680
5.05 3679
5.05 3678
5.05 3677
5.05 3676
5.05 3675
5.05 3674
5.05 3673
5.05 3672
5.05 3671
5.05 3670
5.05 3669
5.06 3668
5.06 3667
5.06 3666
5.06 3665
5.06 3664
5.06 3663
5.06 3662
5.07 3661
5.07 3660
5.07 3659
5.07 3658
5.07 3657
5.07 3656
5.07 3655
5.07 3654
5.07 3653
5.08 3652
5.08 3651
5.08 3650
5.08 3649
5.08 3648
5.08 3647
5.08 3646
5.08 3645
5.08 3644
5.08 3643
5.09 3642
5.10 3641
5.10 3640
5.10 3639
5.10 3638
5.10 3637
5.15 3626
5.16 3625
5.16 3624
5.16 3623
5.16 3622
5.16 3621
5.16 3620
5.17 3619
5.17 3618
5.17 3617
5.17 3616
5.17 3615
5.18 3614
5.18 3613
5.18 3612
5.18 3611
5.18 3610
5.18 3609
5.21 3608
5.21 3607
5.21 3606
5.21 3605
5.21 3604
5.21 3603
5.21 3602
5.21 3601
5.22 3600
5.22 3599
5.22 3598
5.22 3597
5.22 3596
5.22 3595
5.22 3594
5.22 3593
5.22 3592
5.23 3591
5.23 3590
5.23 3589
5.23 3588
5.23 3587
5.23 3586
5.23 3585
5.23 3584
5.24 3583
5.24 3582
5.24 3581
5.24 3580
5.24 3579
5.24 3578
5.24 3577
5.36 3575
5.36 3574
5.36 3573
5.36 3572
5.37 3571
5.37 3570
5.37 3569
5.37 3568
5.37 3567
5.37 3566
5.37 3565
5.40 3564
5.40 3563
5.40 3562
5.40 3561
5.40 3560
5.40 3559
5.40 3558
5.40 3557
5.40 3556
5.41 3555
5.41 3554
5.41 3553
5.41 3552
5.41 3551
5.41 3550
5.41 3549
5.41 3548
5.41 3547
5.42 3546
5.42 3545
5.42 3544
5.42 3543
5.42 3542
5.43 3541
5.43 3540
5.43 3539
5.43 3538
5.51 3537
5.51 3536
5.51 3535
5.51 3534
5.51 3533
5.51 3532
5.52 3531
5.52 3530
5.52 3529
5.52 3528
5.52 3527
5.52 3526
5.52 3525
5.52 3524
5.52 3523
5.53 3522
5.53 3521
5.55 3520
5.57 3519
5.57 3518
5.57 3517
5.57 3516
5.57 3515
5.57 3514
5.57 3513
5.58 3512
5.58 3511
5.60 3510
5.60 3509
5.60 3508
5.60 3507
5.60 3506
5.62 3505
5.63 3504
5.63 3503
5.63 3502
5.67 3501
5.67 3500
5.67 3499
5.68 3498
5.68 3497
5.68 3496
5.68 3495
5.68 3494
5.71 3493
5.71 3492
5.71 3491
5.72 3490
5.72 3489
5.73 3488
5.73 3487
5.73 3486
5.73 3485
5.73 3484
5.74 3483
5.74 3482
5.74 3481
5.74 3480
5.74 3479
5.75 3478
5.75 3477
5.75 3476
5.75 3475
5.75 3474
5.76 3473
5.76 3472
5.76 3471
5.76 3470
5.76 3469
5.76 3468
5.76 3467
5.76 3466
5.80 3465
5.80 3464
5.80 3463
5.80 3462
5.81 3461
5.81 3460
5.81 3459
5.81 3458
5.81 3457
5.81 3456
5.81 3455
5.82 3454
5.82 3453
5.82 3452
5.83 3451
5.83 3450
5.83 3449
5.83 3448
5.83 3447
5.84 3446
5.84 3445
5.84 3444
5.85 3443
5.85 3442
5.85 3441
5.85 3440
5.86 3439
5.99 3438
6.00 3437
6.00 3436
6.00 3435
6.00 3434
6.00 3433
6.01 3432
6.02 3431
6.02 3430
6.02 3429
6.03 3428
6.03 3427
6.03 3426
6.03 3425
6.03 3424
6.08 3423
6.11 3422
6.11 3421
6.11 3420
6.11 3419
6.12 3418
6.12 3417
6.12 3416
6.12 3415
6.12 3414
6.13 3413
6.13 3412
6.13 3411
6.13 3410
6.22 3409
6.22 3408
6.22 3407
6.23 3406
6.23 3405
6.23 3404
6.23 3403
6.25 3402
6.25 3401
6.26 3400
6.26 3399
6.27 3398
6.27 3397
6.34 3396
6.34 3395
6.34 3394
6.34 3393
6.37 3392
6.37 3391
6.38 3390
6.38 3389
6.38 3388
6.38 3387
6.38 3386
6.39 3385
6.44 3384
6.47 3383
6.57 3382
6.59 3381
6.60 3380
6.60 3379
6.60 3378
6.64 3377
6.64 3376
6.69 3375
6.72 3374
6.73 3373
6.73 3372
6.73 3371
6.73 3370
6.73 3369
6.74 3368
6.75 3367
6.75 3366
6.75 3365
6.76 3364
6.78 3363
6.82 3362
6.82 3361
6.82 3360
6.82 3359
6.82 3358
6.90 3357
6.90 3356
7.02 3355
7.02 3354
7.05 3353
7.10 3352
7.13 3351
7.13 3350
7.14 3349
7.25 3348
7.25 3347
7.25 3346
7.25 3345
7.26 3344
7.26 3343
7.78 3342
7.89 3341
7.90 3340
9.06 3339
