0.00 2000
0.84 1999
0.84 1998
0.84 1997
0.84 1996
0.84 1995
0.84 1994
0.84 1993
0.84 1992
0.84 1991
0.84 1990
0.84 1989
0.84 1988
0.84 1987
0.84 1986
0.84 1985
0.84 1984
0.84 1983
0.84 1982
0.84 1981
0.84 1980
0.84 1979
0.84 1978
0.84 1977
0.84 1976
0.84 1975
0.84 1974
0.84 1973
0.84 1972
0.84 1971
0.84 1970
0.84 1969
0.84 1968
0.84 1967
0.84 1966
0.84 1965
0.84 1964
0.85 1963
0.85 1962
0.85 1961
0.85 1960
0.85 1959
0.85 1958
0.85 1957
0.85 1956
0.85 1955
0.85 1954
0.85 1953
0.85 1952
0.85 1951
0.85 1950
0.85 1949
0.85 1948
0.85 1947
0.85 1946
0.85 1945
0.85 1944
0.85 1943
0.85 1942
0.85 1941
0.85 1940
0.85 1939
0.85 1938
0.85 1937
0.85 1936
0.85 1935
0.85 1934
0.85 1933
0.85 1932
0.85 1931
0.85 1930
0.85 1929
0.85 1928
0.85 1927
0.85 1926
0.85 1925
0.85 1924
0.85 1923
0.85 1922
0.85 1921
0.85 1920
0.85 1919
0.85 1918
0.85 1917
0.85 1916
0.85 1915
0.85 1914
0.85 1913
0.85 1912
0.85 1911
0.85 1910
0.85 1909
0.85 1908
0.85 1907
0.85 1906
0.85 1905
0.85 1904
0.85 1903
0.85 1902
0.85 1901
0.85 1900
0.85 1899
0.87 1898
0.87 1897
0.87 1896
0.87 1895
0.87 1894
0.87 1893
0.87 1892
0.87 1891
0.87 1890
0.87 1889
0.87 1888
0.87 1887
0.87 1886
0.87 1885
0.87 1884
0.87 1883
0.87 1882
0.87 1881
0.87 1880
0.87 1879
0.87 1878
0.87 1877
0.87 1876
0.87 1875
0.87 1874
0.87 1873
0.87 1872
0.87 1871
0.87 1870
0.87 1869
0.87 1868
0.87 1867
0.87 1866
0.87 1865
0.87 1864
0.87 1863
0.87 1862
0.87 1861
0.87 1860
0.87 1859
0.87 1858
0.87 1857
0.87 1856
0.87 1855
0.87 1854
0.87 1853
0.87 1852
0.87 1851
0.87 1850
0.87 1849
0.87 1848
0.87 1847
0.87 1846
0.87 1845
0.87 1844
0.87 1843
0.87 1842
0.87 1841
0.87 1840
0.87 1839
0.87 1838
0.87 1837
0.89 1836
0.89 1835
0.89 1834
0.89 1833
0.89 1832
0.89 1831
0.89 1830
0.89 1829
0.89 1828
0.89 1827
0.89 1826
0.89 1825
0.89 1824
0.89 1823
0.89 1822
0.89 1821
0.89 1820
0.89 1819
0.89 1818
0.89 1817
0.89 1816
0.89 1815
0.89 1814
0.89 1813
0.89 1812
0.89 1811
0.89 1810
0.89 1809
0.89 1808
0.89 1807
0.89 1806
0.89 1805
0.89 1804
0.89 1803
0.89 1802
0.89 1801
0.89 1800
0.89 1799
0.89 1798
0.89 1797
0.89 1796
0.89 1795
0.89 1794
0.89 1793
0.89 1792
0.89 1791
0.89 1790
0.89 1789
0.89 1788
0.89 1787
0.89 1786
0.89 1785
0.89 1784
0.89 1783
0.89 1782
0.89 1781
0.89 1780
0.89 1779
0.89 1778
0.89 1777
0.89 1776
0.89 1775
0.89 1774
0.89 1773
0.89 1772
0.89 1771
0.90 1770
0.90 1769
0.90 1768
0.90 1767
0.90 1766
0.90 1765
0.90 1764
0.90 1763
0.90 1762
0.90 1761
0.90 1760
0.90 1759
0.90 1758
0.90 1757
0.90 1756
0.90 1755
0.90 1754
0.90 1753
0.90 1752
0.90 1751
0.90 1750
0.90 1749
0.90 1748
0.90 1747
0.90 1746
0.90 1745
0.90 1744
0.90 1743
0.90 1742
0.90 1741
0.90 1740
0.90 1739
0.90 1738
0.90 1737
0.90 1736
0.90 1735
0.90 1734
0.90 1733
0.90 1732
0.90 1731
0.90 1730
0.90 1729
0.90 1728
0.90 1727
0.90 1726
0.90 1725
0.90 1724
0.90 1723
0.90 1722
0.90 1721
0.92 1720
0.92 1719
0.92 1718
0.92 1717
0.92 1716
0.92 1715
0.92 1714
0.92 1713
0.92 1712
0.92 1711
0.92 1710
0.92 1709
0.92 1708
0.92 1707
0.92 1706
0.92 1705
0.92 1704
0.92 1703
0.92 1702
0.92 1701
0.92 1700
0.92 1699
0.92 1698
0.92 1697
0.92 1696
0.92 1695
0.92 1694
0.92 1693
0.92 1692
0.92 1691
0.92 1690
0.92 1689
0.92 1688
0.92 1687
0.92 1686
0.92 1685
0.92 1684
0.92 1683
0.92 1682
0.92 1681
0.92 1680
0.92 1679
0.94 1678
0.94 1677
0.94 1676
0.94 1675
0.94 1674
0.94 1673
0.94 1672
0.94 1671
0.94 1670
0.94 1669
0.94 1668
0.94 1667
0.94 1666
0.94 1665
0.94 1664
0.94 1663
0.94 1662
0.94 1661
0.94 1660
0.94 1659
0.94 1658
0.94 1657
0.94 1656
0.94 1655
0.94 1654
0.94 1653
0.94 1652
0.94 1651
0.94 1650
0.94 1649
0.94 1648
0.94 1647
0.94 1646
0.94 1645
0.94 1644
0.94 1643
0.94 1642
0.94 1641
0.94 1640
0.95 1639
0.95 1638
0.95 1637
0.95 1636
0.95 1635
0.95 1634
0.95 1633
0.95 1632
0.95 1631
0.95 1630
0.95 1629
0.95 1628
0.95 1627
0.95 1626
0.95 1625
0.95 1624
0.95 1623
0.95 1622
0.95 1621
0.95 1620
0.95 1619
0.95 1618
0.95 1617
0.95 1616
0.95 1615
0.95 1614
0.95 1613
0.95 1612
0.95 1611
0.95 1610
0.95 1609
0.95 1608
0.95 1607
0.95 1606
0.95 1605
0.95 1604
0.95 1603
0.95 1602
0.95 1601
0.95 1600
0.95 1599
0.95 1598
0.95 1597
0.95 1596
0.95 1595
0.95 1594
0.95 1593
0.95 1592
0.95 1591
0.97 1590
0.97 1589
0.97 1588
0.97 1587
0.97 1586
0.97 1585
0.97 1584
0.97 1583
0.97 1582
0.97 1581
0.97 1580
0.97 1579
0.97 1578
0.97 1577
0.97 1576
0.97 1575
0.97 1574
0.97 1573
0.97 1572
0.97 1571
0.97 1570
0.97 1569
0.97 1568
0.97 1567
0.97 1566
0.97 1565
0.97 1564
0.97 1563
0.97 1562
0.97 1561
0.97 1560
0.97 1559
0.99 1558
0.99 1557
0.99 1556
0.99 1555
0.99 1554
0.99 1553
0.99 1552
0.99 1551
0.99 1550
0.99 1549
0.99 1548
0.99 1547
0.99 1546
0.99 1545
0.99 1544
0.99 1543
0.99 1542
0.99 1541
0.99 1540
0.99 1539
0.99 1538
0.99 1537
0.99 1536
0.99 1535
0.99 1534
0.99 1533
0.99 1532
0.99 1531
0.99 1530
0.99 1529
0.99 1528
0.99 1527
0.99 1526
0.99 1525
0.99 1524
0.99 1523
0.99 1522
0.99 1521
1.00 1520
1.00 1519
1.00 1518
1.00 1517
1.00 1516
1.00 1515
1.00 1514
1.00 1513
1.00 1512
1.00 1511
1.00 1510
1.00 1509
1.00 1508
1.00 1507
1.00 1506
1.00 1505
1.00 1504
1.00 1503
1.00 1502
1.00 1501
1.00 1500
1.00 1499
1.00 1498
1.00 1497
1.00 1496
1.00 1495
1.00 1494
1.00 1493
1.00 1492
1.00 1491
1.02 1490
1.02 1489
1.02 1488
1.02 1487
1.02 1486
1.02 1485
1.02 1484
1.02 1483
1.02 1482
1.02 1481
1.02 1480
1.02 1479
1.02 1478
1.02 1477
1.02 1476
1.02 1475
1.02 1474
1.02 1473
1.02 1472
1.02 1471
1.02 1470
1.02 1469
1.02 1468
1.02 1467
1.02 1466
1.02 1465
1.02 1464
1.02 1463
1.02 1462
1.02 1461
1.02 1460
1.02 1459
1.02 1458
1.02 1457
1.02 1456
1.04 1455
1.04 1454
1.04 1453
1.04 1452
1.04 1451
1.04 1450
1.04 1449
1.04 1448
1.04 1447
1.04 1446
1.04 1445
1.04 1444
1.04 1443
1.04 1442
1.04 1441
1.04 1440
1.04 1439
1.04 1438
1.04 1437
1.04 1436
1.05 1435
1.05 1434
1.05 1433
1.05 1432
1.05 1431
1.05 1430
1.05 1429
1.05 1428
1.05 1427
1.05 1426
1.05 1425
1.05 1424
1.05 1423
1.05 1422
1.05 1421
1.05 1420
1.05 1419
1.05 1418
1.05 1417
1.05 1416
1.05 1415
1.05 1414
1.05 1413
1.05 1412
1.05 1411
1.05 1410
1.07 1409
1.07 1408
1.07 1407
1.07 1406
1.07 1405
1.07 1404
1.07 1403
1.07 1402
1.07 1401
1.07 1400
1.07 1399
1.07 1398
1.07 1397
1.07 1396
1.07 1395
1.07 1394
1.07 1393
1.07 1392
1.07 1391
1.07 1390
1.07 1389
1.09 1388
1.09 1387
1.09 1386
1.09 1385
1.09 1384
1.09 1383
1.09 1382
1.09 1381
1.09 1380
1.09 1379
1.10 1378
1.10 1377
1.10 1376
1.10 1375
1.10 1374
1.10 1373
1.10 1372
1.10 1371
1.10 1370
1.10 1369
1.10 1368
1.10 1367
1.10 1366
1.10 1365
1.10 1364
1.10 1363
1.10 1362
1.10 1361
1.10 1360
1.10 1359
1.10 1358
1.10 1357
1.10 1356
1.12 1355
1.12 1354
1.12 1353
1.12 1352
1.12 1351
1.12 1350
1.12 1349
1.12 1348
1.12 1347
1.12 1346
1.12 1345
1.12 1344
1.12 1343
1.12 1342
1.12 1341
1.12 1340
1.12 1339
1.12 1338
1.12 1337
1.12 1336
1.12 1335
1.14 1334
1.14 1333
1.14 1332
1.14 1331
1.14 1330
1.15 1329
1.16 1328
1.16 1327
1.16 1326
1.16 1325
1.16 1324
1.16 1323
1.16 1322
1.16 1321
1.16 1320
1.16 1319
1.16 1318
1.16 1317
1.16 1316
1.17 1315
1.17 1314
1.17 1313
1.17 1312
1.17 1311
1.18 1310
1.18 1309
1.18 1308
1.18 1307
1.18 1306
1.18 1305
1.18 1304
1.18 1303
1.18 1302
1.18 1301
1.18 1300
1.18 1299
1.18 1298
1.19 1297
1.19 1296
1.19 1295
1.19 1294
1.19 1293
1.19 1292
1.19 1291
1.19 1290
1.20 1289
1.20 1288
1.20 1287
1.20 1286
1.20 1285
1.20 1284
1.20 1283
1.22 1282
1.22 1281
1.22 1280
1.22 1279
1.22 1278
1.22 1277
1.22 1276
1.22 1275
1.22 1274
1.22 1273
1.22 1272
1.22 1271
1.22 1270
1.22 1269
1.22 1268
1.22 1267
1.22 1266
1.22 1265
1.22 1264
1.22 1263
1.22 1262
1.22 1261
1.24 1260
1.24 1259
1.24 1258
1.24 1257
1.24 1256
1.24 1255
1.24 1254
1.24 1253
1.24 1252
1.24 1251
1.25 1250
1.25 1249
1.25 1248
1.25 1247
1.25 1246
1.25 1245
1.25 1244
1.25 1243
1.28 1242
1.28 1241
1.28 1240
1.28 1239
1.28 1238
1.28 1237
1.30 1236
1.30 1235
1.30 1234
1.30 1233
1.30 1232
1.30 1231
1.31 1230
1.31 1229
1.31 1228
1.31 1227
1.31 1226
1.31 1225
1.31 1224
1.31 1223
1.31 1222
1.31 1221
1.31 1220
1.31 1219
1.31 1218
1.33 1217
1.33 1216
1.33 1215
1.33 1214
1.42 1213
1.42 1212
1.42 1211
1.42 1210
1.47 1209
1.47 1208
1.47 1207
1.47 1206
1.47 1205
1.47 1204
1.47 1203
1.47 1202
1.47 1201
1.47 1200
1.48 1199
1.48 1198
1.48 1197
1.48 1196
1.48 1195
1.50 1194
1.50 1193
1.50 1192
1.50 1191
1.50 1190
1.50 1189
1.50 1188
1.52 1187
1.52 1186
1.53 1185
1.53 1184
1.53 1183
1.56 1182
1.56 1181
1.56 1180
1.56 1179
1.56 1178
1.56 1177
1.56 1176
1.56 1175
1.56 1174
1.56 1173
1.56 1172
1.56 1171
1.56 1170
1.56 1169
1.58 1168
1.58 1167
1.61 1166
1.61 1165
1.61 1164
1.61 1163
1.63 1162
1.63 1161
1.63 1160
1.63 1159
1.63 1158
1.63 1157
1.63 1156
1.64 1155
1.64 1154
1.64 1153
1.64 1152
1.66 1151
1.66 1150
1.66 1149
1.66 1148
1.66 1147
1.66 1146
1.66 1145
1.67 1144
1.67 1143
1.67 1142
1.67 1141
1.67 1140
1.95 1139
1.96 1138
1.96 1137
2.12 1136
2.12 1135
2.12 1134
2.12 1133
2.12 1132
2.15 1131
2.15 1130
2.15 1129
2.17 1128
2.17 1127
2.17 1126
2.17 1125
2.17 1124
2.17 1123
2.17 1122
2.17 1121
2.17 1120
2.17 1119
2.17 1118
2.40 1117
2.40 1116
2.40 1115
2.42 1114
2.56 1113
2.56 1112
2.56 1111
2.69 1110
2.69 1109
2.69 1108
2.69 1107
2.69 1106
2.71 1105
2.71 1104
2.71 1103
2.71 1102
2.71 1101
2.71 1100
2.71 1099
2.71 1098
2.79 1097
3.01 1096
3.01 1095
3.01 1094
3.01 1093
3.02 1092
3.02 1091
3.02 1090
3.02 1089
3.02 1088
3.02 1087
3.02 1086
3.02 1085
3.02 1084
3.02 1083
3.02 1082
3.04 1081
3.04 1080
3.10 1079
3.18 1078
3.18 1077
3.18 1076
3.18 1075
3.18 1074
3.18 1073
3.18 1072
3.18 1071
3.42 1070
3.42 1069
3.50 1068
3.50 1067
3.50 1066
3.50 1065
3.50 1064
3.50 1063
3.55 1062
3.55 1061
3.55 1060
3.55 1059
3.55 1058
3.61 1057
3.61 1056
3.61 1055
3.68 1054
3.68 1053
3.68 1052
3.95 1051
3.95 1050
3.95 1049
3.96 1048
3.98 1047
3.98 1046
3.99 1045
3.99 1044
3.99 1043
3.99 1042
4.01 1041
4.01 1040
4.01 1039
4.03 1038
4.03 1037
4.03 1036
4.03 1035
4.15 1034
4.17 1033
4.53 1032
4.57 1031
4.66 1030
4.68 1029
4.68 1028
4.68 1027
4.69 1026
4.79 1025
4.80 1024
4.82 1023
4.85 1022
4.86 1021
4.86 1020
4.86 1019
4.95 1018
4.95 1017
5.03 1016
5.03 1015
5.07 1014
5.09 1013
5.12 1012
5.12 1011
5.16 1010
5.18 1009
5.26 1008
5.28 1007
5.28 1006
5.28 1005
5.28 1004
5.29 1003
5.31 1002
5.33 1001
6.93 1000
