0.00 1960
0.76 1959
0.76 1958
0.76 1957
0.76 1956
0.76 1955
0.76 1954
0.76 1953
0.76 1952
0.77 1951
0.77 1950
0.77 1949
0.77 1948
0.77 1947
0.77 1946
0.77 1945
0.77 1944
0.77 1943
0.77 1942
0.77 1941
0.77 1940
0.77 1939
0.77 1938
0.77 1937
0.77 1936
0.77 1935
0.77 1934
0.77 1933
0.77 1932
0.77 1931
0.77 1930
0.77 1929
0.77 1928
0.77 1927
0.77 1926
0.77 1925
0.77 1924
0.77 1923
0.77 1922
0.77 1921
0.77 1920
0.77 1919
0.77 1918
0.77 1917
0.77 1916
0.77 1915
0.77 1914
0.77 1913
0.77 1912
0.77 1911
0.77 1910
0.77 1909
0.79 1908
0.79 1907
0.79 1906
0.79 1905
0.79 1904
0.79 1903
0.79 1902
0.79 1901
0.79 1900
0.79 1899
0.79 1898
0.79 1897
0.79 1896
0.79 1895
0.79 1894
0.79 1893
0.79 1892
0.79 1891
0.79 1890
0.79 1889
0.79 1888
0.79 1887
0.79 1886
0.79 1885
0.79 1884
0.79 1883
0.79 1882
0.79 1881
0.79 1880
0.79 1879
0.79 1878
0.79 1877
0.79 1876
0.79 1875
0.79 1874
0.79 1873
0.79 1872
0.79 1871
0.79 1870
0.79 1869
0.79 1868
0.79 1867
0.79 1866
0.79 1865
0.79 1864
0.79 1863
0.79 1862
0.79 1861
0.79 1860
0.79 1859
0.79 1858
0.79 1857
0.79 1856
0.79 1855
0.79 1854
0.79 1853
0.81 1852
0.81 1851
0.81 1850
0.81 1849
0.81 1848
0.81 1847
0.81 1846
0.81 1845
0.81 1844
0.81 1843
0.81 1842
0.81 1841
0.81 1840
0.81 1839
0.81 1838
0.81 1837
0.81 1836
0.81 1835
0.81 1834
0.81 1833
0.81 1832
0.81 1831
0.81 1830
0.81 1829
0.81 1828
0.81 1827
0.81 1826
0.81 1825
0.81 1824
0.81 1823
0.81 1822
0.81 1821
0.81 1820
0.81 1819
0.81 1818
0.81 1817
0.81 1816
0.81 1815
0.81 1814
0.81 1813
0.81 1812
0.81 1811
0.81 1810
0.81 1809
0.81 1808
0.81 1807
0.81 1806
0.81 1805
0.81 1804
0.81 1803
0.81 1802
0.82 1801
0.82 1800
0.82 1799
0.82 1798
0.82 1797
0.82 1796
0.82 1795
0.82 1794
0.82 1793
0.82 1792
0.82 1791
0.82 1790
0.82 1789
0.82 1788
0.82 1787
0.82 1786
0.82 1785
0.82 1784
0.82 1783
0.82 1782
0.82 1781
0.82 1780
0.82 1779
0.82 1778
0.82 1777
0.82 1776
0.82 1775
0.82 1774
0.82 1773
0.82 1772
0.82 1771
0.82 1770
0.82 1769
0.82 1768
0.82 1767
0.82 1766
0.82 1765
0.82 1764
0.82 1763
0.82 1762
0.82 1761
0.82 1760
0.82 1759
0.82 1758
0.82 1757
0.82 1756
0.82 1755
0.82 1754
0.82 1753
0.82 1752
0.82 1751
0.84 1750
0.84 1749
0.84 1748
0.84 1747
0.84 1746
0.84 1745
0.84 1744
0.84 1743
0.84 1742
0.84 1741
0.84 1740
0.84 1739
0.84 1738
0.84 1737
0.84 1736
0.84 1735
0.84 1734
0.84 1733
0.84 1732
0.84 1731
0.84 1730
0.84 1729
0.84 1728
0.84 1727
0.84 1726
0.84 1725
0.84 1724
0.84 1723
0.84 1722
0.84 1721
0.84 1720
0.84 1719
0.84 1718
0.84 1717
0.84 1716
0.84 1715
0.84 1714
0.84 1713
0.84 1712
0.84 1711
0.84 1710
0.84 1709
0.84 1708
0.84 1707
0.84 1706
0.85 1705
0.85 1704
0.85 1703
0.85 1702
0.85 1701
0.85 1700
0.85 1699
0.85 1698
0.85 1697
0.85 1696
0.85 1695
0.85 1694
0.85 1693
0.85 1692
0.85 1691
0.85 1690
0.85 1689
0.85 1688
0.85 1687
0.85 1686
0.85 1685
0.85 1684
0.85 1683
0.85 1682
0.85 1681
0.85 1680
0.85 1679
0.85 1678
0.85 1677
0.85 1676
0.85 1675
0.85 1674
0.85 1673
0.85 1672
0.85 1671
0.85 1670
0.85 1669
0.85 1668
0.85 1667
0.85 1666
0.85 1665
0.85 1664
0.85 1663
0.85 1662
0.85 1661
0.85 1660
0.85 1659
0.85 1658
0.85 1657
0.85 1656
0.85 1655
0.85 1654
0.85 1653
0.87 1652
0.87 1651
0.87 1650
0.87 1649
0.87 1648
0.87 1647
0.87 1646
0.87 1645
0.87 1644
0.87 1643
0.87 1642
0.87 1641
0.87 1640
0.87 1639
0.87 1638
0.87 1637
0.87 1636
0.87 1635
0.87 1634
0.87 1633
0.87 1632
0.87 1631
0.87 1630
0.87 1629
0.87 1628
0.87 1627
0.87 1626
0.87 1625
0.87 1624
0.87 1623
0.87 1622
0.87 1621
0.87 1620
0.87 1619
0.87 1618
0.87 1617
0.87 1616
0.87 1615
0.87 1614
0.87 1613
0.87 1612
0.88 1611
0.88 1610
0.88 1609
0.88 1608
0.88 1607
0.88 1606
0.88 1605
0.88 1604
0.88 1603
0.88 1602
0.88 1601
0.88 1600
0.88 1599
0.88 1598
0.88 1597
0.88 1596
0.88 1595
0.88 1594
0.88 1593
0.88 1592
0.88 1591
0.88 1590
0.88 1589
0.88 1588
0.88 1587
0.88 1586
0.88 1585
0.88 1584
0.88 1583
0.88 1582
0.88 1581
0.88 1580
0.88 1579
0.88 1578
0.88 1577
0.90 1576
0.90 1575
0.90 1574
0.90 1573
0.90 1572
0.90 1571
0.90 1570
0.90 1569
0.90 1568
0.90 1567
0.90 1566
0.90 1565
0.90 1564
0.90 1563
0.90 1562
0.90 1561
0.90 1560
0.90 1559
0.90 1558
0.90 1557
0.90 1556
0.90 1555
0.90 1554
0.90 1553
0.90 1552
0.90 1551
0.90 1550
0.90 1549
0.90 1548
0.90 1547
0.90 1546
0.90 1545
0.90 1544
0.90 1543
0.90 1542
0.90 1541
0.90 1540
0.92 1539
0.92 1538
0.92 1537
0.92 1536
0.92 1535
0.92 1534
0.92 1533
0.92 1532
0.92 1531
0.92 1530
0.92 1529
0.92 1528
0.92 1527
0.92 1526
0.92 1525
0.92 1524
0.92 1523
0.92 1522
0.92 1521
0.92 1520
0.92 1519
0.92 1518
0.92 1517
0.92 1516
0.92 1515
0.92 1514
0.92 1513
0.92 1512
0.92 1511
0.92 1510
0.92 1509
0.92 1508
0.92 1507
0.92 1506
0.92 1505
0.92 1504
0.92 1503
0.92 1502
0.92 1501
0.93 1500
0.93 1499
0.93 1498
0.93 1497
0.93 1496
0.93 1495
0.93 1494
0.93 1493
0.93 1492
0.93 1491
0.93 1490
0.93 1489
0.93 1488
0.93 1487
0.93 1486
0.94 1485
0.94 1484
0.94 1483
0.94 1482
0.94 1481
0.94 1480
0.94 1479
0.94 1478
0.94 1477
0.94 1476
0.94 1475
0.94 1474
0.94 1473
0.94 1472
0.94 1471
0.94 1470
0.94 1469
0.94 1468
0.94 1467
0.94 1466
0.94 1465
0.94 1464
0.95 1463
0.95 1462
0.95 1461
0.95 1460
0.95 1459
0.95 1458
0.95 1457
0.95 1456
0.95 1455
0.95 1454
0.95 1453
0.95 1452
0.95 1451
0.95 1450
0.95 1449
0.95 1448
0.95 1447
0.95 1446
0.95 1445
0.95 1444
0.95 1443
0.95 1442
0.95 1441
0.95 1440
0.95 1439
0.95 1438
0.95 1437
0.95 1436
0.95 1435
0.96 1434
0.96 1433
0.96 1432
0.96 1431
0.96 1430
0.96 1429
0.96 1428
0.96 1427
0.96 1426
0.96 1425
0.96 1424
0.96 1423
0.96 1422
0.96 1421
0.96 1420
0.96 1419
0.96 1418
0.96 1417
0.96 1416
0.96 1415
0.96 1414
0.96 1413
0.96 1412
0.96 1411
0.98 1410
0.98 1409
0.98 1408
0.98 1407
0.98 1406
0.98 1405
0.98 1404
0.98 1403
0.98 1402
0.98 1401
0.98 1400
0.98 1399
0.98 1398
0.98 1397
0.98 1396
0.98 1395
0.98 1394
0.98 1393
0.98 1392
0.98 1391
0.98 1390
0.98 1389
0.99 1388
0.99 1387
0.99 1386
0.99 1385
0.99 1384
0.99 1383
0.99 1382
0.99 1381
0.99 1380
0.99 1379
0.99 1378
0.99 1377
0.99 1376
0.99 1375
0.99 1374
0.99 1373
0.99 1372
0.99 1371
0.99 1370
0.99 1369
0.99 1368
0.99 1367
0.99 1366
0.99 1365
0.99 1364
0.99 1363
0.99 1362
1.01 1361
1.01 1360
1.01 1359
1.01 1358
1.01 1357
1.01 1356
1.01 1355
1.01 1354
1.01 1353
1.01 1352
1.01 1351
1.01 1350
1.01 1349
1.01 1348
1.01 1347
1.01 1346
1.01 1345
1.01 1344
1.01 1343
1.01 1342
1.01 1341
1.01 1340
1.03 1339
1.03 1338
1.03 1337
1.03 1336
1.03 1335
1.03 1334
1.03 1333
1.03 1332
1.03 1331
1.03 1330
1.03 1329
1.03 1328
1.03 1327
1.03 1326
1.03 1325
1.04 1324
1.04 1323
1.04 1322
1.04 1321
1.04 1320
1.04 1319
1.04 1318
1.04 1317
1.04 1316
1.04 1315
1.04 1314
1.04 1313
1.04 1312
1.04 1311
1.04 1310
1.04 1309
1.04 1308
1.04 1307
1.04 1306
1.04 1305
1.04 1304
1.04 1303
1.04 1302
1.04 1301
1.04 1300
1.04 1299
1.04 1298
1.04 1297
1.04 1296
1.06 1295
1.06 1294
1.06 1293
1.06 1292
1.06 1291
1.06 1290
1.06 1289
1.06 1288
1.06 1287
1.06 1286
1.06 1285
1.06 1284
1.06 1283
1.06 1282
1.06 1281
1.06 1280
1.06 1279
1.06 1278
1.06 1277
1.06 1276
1.06 1275
1.06 1274
1.06 1273
1.06 1272
1.07 1271
1.07 1270
1.07 1269
1.07 1268
1.07 1267
1.07 1266
1.07 1265
1.07 1264
1.07 1263
1.07 1262
1.07 1261
1.07 1260
1.07 1259
1.07 1258
1.07 1257
1.07 1256
1.07 1255
1.07 1254
1.07 1253
1.07 1252
1.09 1251
1.09 1250
1.09 1249
1.09 1248
1.09 1247
1.09 1246
1.09 1245
1.09 1244
1.09 1243
1.09 1242
1.09 1241
1.11 1240
1.11 1239
1.11 1238
1.11 1237
1.11 1236
1.11 1235
1.11 1234
1.11 1233
1.11 1232
1.11 1231
1.11 1230
1.11 1229
1.11 1228
1.11 1227
1.11 1226
1.11 1225
1.11 1224
1.11 1223
1.11 1222
1.11 1221
1.12 1220
1.12 1219
1.12 1218
1.12 1217
1.12 1216
1.15 1215
1.17 1214
1.17 1213
1.17 1212
1.18 1211
1.20 1210
1.20 1209
1.20 1208
1.20 1207
1.20 1206
1.20 1205
1.20 1204
1.22 1203
1.23 1202
1.23 1201
1.23 1200
1.23 1199
1.23 1198
1.23 1197
1.34 1196
1.34 1195
1.34 1194
1.34 1193
1.34 1192
1.34 1191
1.34 1190
1.36 1189
1.36 1188
1.36 1187
1.36 1186
1.36 1185
1.36 1184
1.41 1183
1.41 1182
1.41 1181
1.41 1180
1.42 1179
1.42 1178
1.42 1177
1.42 1176
1.42 1175
1.42 1174
1.44 1173
1.44 1172
1.44 1171
1.44 1170
1.44 1169
1.58 1168
1.58 1167
1.58 1166
1.58 1165
1.58 1164
1.58 1163
1.58 1162
1.58 1161
1.58 1160
1.59 1159
1.59 1158
1.59 1157
1.59 1156
1.59 1155
1.59 1154
1.59 1153
1.59 1152
1.59 1151
1.59 1150
1.59 1149
1.59 1148
1.59 1147
1.72 1146
1.74 1145
1.74 1144
1.74 1143
1.74 1142
1.74 1141
1.74 1140
1.99 1139
2.01 1138
2.01 1137
2.01 1136
2.01 1135
2.01 1134
2.01 1133
2.01 1132
2.01 1131
2.01 1130
2.10 1129
2.10 1128
2.15 1127
2.15 1126
2.15 1125
2.15 1124
2.16 1123
2.26 1122
2.35 1121
2.35 1120
2.35 1119
2.37 1118
2.37 1117
2.37 1116
2.43 1115
2.43 1114
2.43 1113
2.56 1112
2.56 1111
2.57 1110
2.57 1109
2.57 1108
2.57 1107
2.57 1106
2.57 1105
2.57 1104
2.57 1103
2.57 1102
2.57 1101
2.57 1100
2.59 1099
2.59 1098
2.59 1097
2.59 1096
2.59 1095
2.59 1094
2.59 1093
2.59 1092
2.60 1091
2.60 1090
2.60 1089
2.62 1088
2.62 1087
2.63 1086
2.63 1085
2.63 1084
2.64 1083
2.64 1082
2.64 1081
2.64 1080
2.90 1079
2.90 1078
2.90 1077
2.90 1076
2.92 1075
2.99 1074
2.99 1073
3.03 1072
3.03 1071
3.03 1070
3.03 1069
3.03 1068
3.03 1067
3.04 1066
3.04 1065
3.25 1064
3.25 1063
3.25 1062
3.25 1061
3.25 1060
3.25 1059
3.25 1058
3.25 1057
3.25 1056
3.25 1055
3.25 1054
3.29 1053
3.29 1052
3.29 1051
3.29 1050
3.29 1049
3.29 1048
3.32 1047
3.32 1046
3.66 1045
3.70 1044
3.70 1043
3.70 1042
3.70 1041
3.70 1040
3.72 1039
3.72 1038
3.72 1037
3.72 1036
3.72 1035
3.72 1034
3.72 1033
3.72 1032
3.97 1031
3.97 1030
3.97 1029
3.97 1028
4.00 1027
4.00 1026
4.00 1025
4.02 1024
4.02 1023
4.02 1022
4.02 1021
4.02 1020
4.05 1019
4.05 1018
4.07 1017
4.07 1016
4.27 1015
4.34 1014
4.34 1013
4.37 1012
4.37 1011
4.37 1010
4.38 1009
4.66 1008
4.66 1007
4.68 1006
4.70 1005
4.70 1004
4.70 1003
4.70 1002
4.70 1001
5.04 1000
5.11 999
5.11 998
5.11 997
5.11 996
5.12 995
5.14 994
5.15 993
5.15 992
5.22 991
5.59 990
5.59 989
5.59 988
5.61 987
5.63 986
5.77 985
6.26 984
6.27 983
6.29 982
6.34 981
6.81 980
