0.00 1960
0.82 1959
0.82 1958
0.82 1957
0.82 1956
0.82 1955
0.82 1954
0.82 1953
0.82 1952
0.82 1951
0.82 1950
0.82 1949
0.82 1948
0.82 1947
0.82 1946
0.82 1945
0.83 1944
0.84 1943
0.84 1942
0.84 1941
0.84 1940
0.84 1939
0.84 1938
0.84 1937
0.84 1936
0.84 1935
0.84 1934
0.84 1933
0.84 1932
0.84 1931
0.84 1930
0.84 1929
0.84 1928
0.84 1927
0.85 1926
0.85 1925
0.85 1924
0.85 1923
0.85 1922
0.85 1921
0.85 1920
0.85 1919
0.85 1918
0.85 1917
0.85 1916
0.85 1915
0.85 1914
0.85 1913
0.85 1912
0.85 1911
0.85 1910
0.86 1909
0.86 1908
0.86 1907
0.86 1906
0.86 1905
0.86 1904
0.86 1903
0.86 1902
0.86 1901
0.86 1900
0.86 1899
0.86 1898
0.86 1897
0.86 1896
0.86 1895
0.86 1894
0.86 1893
0.86 1892
0.86 1891
0.86 1890
0.86 1889
0.86 1888
0.86 1887
0.87 1886
0.87 1885
0.87 1884
0.87 1883
0.87 1882
0.87 1881
0.87 1880
0.87 1879
0.87 1878
0.87 1877
0.87 1876
0.87 1875
0.87 1874
0.87 1873
0.87 1872
0.88 1871
0.88 1870
0.88 1869
0.88 1868
0.88 1867
0.88 1866
0.88 1865
0.88 1864
0.88 1863
0.88 1862
0.88 1861
0.88 1860
0.88 1859
0.88 1858
0.88 1857
0.88 1856
0.88 1855
0.88 1854
0.88 1853
0.88 1852
0.89 1851
0.89 1850
0.89 1849
0.89 1848
0.89 1847
0.89 1846
0.89 1845
0.89 1844
0.89 1843
0.89 1842
0.89 1841
0.89 1840
0.89 1839
0.89 1838
0.89 1837
0.89 1836
0.89 1835
0.90 1834
0.90 1833
0.90 1832
0.90 1831
0.90 1830
0.90 1829
0.90 1828
0.90 1827
0.90 1826
0.90 1825
0.90 1824
0.90 1823
0.90 1822
0.90 1821
0.90 1820
0.90 1819
0.90 1818
0.90 1817
0.90 1816
0.90 1815
0.90 1814
0.90 1813
0.90 1812
0.90 1811
0.90 1810
0.90 1809
0.90 1808
0.90 1807
0.90 1806
0.90 1805
0.90 1804
0.90 1803
0.91 1802
0.91 1801
0.91 1800
0.91 1799
0.91 1798
0.91 1797
0.91 1796
0.91 1795
0.91 1794
0.92 1793
0.92 1792
0.92 1791
0.92 1790
0.92 1789
0.92 1788
0.92 1787
0.92 1786
0.92 1785
0.92 1784
0.92 1783
0.92 1782
0.92 1781
0.93 1780
0.93 1779
0.93 1778
0.93 1777
0.93 1776
0.93 1775
0.93 1774
0.93 1773
0.93 1772
0.93 1771
0.93 1770
0.93 1769
0.93 1768
0.93 1767
0.93 1766
0.93 1765
0.93 1764
0.94 1763
0.94 1762
0.94 1761
0.94 1760
0.94 1759
0.94 1758
0.94 1757
0.94 1756
0.94 1755
0.94 1754
0.94 1753
0.94 1752
0.94 1751
0.94 1750
0.94 1749
0.94 1748
0.94 1747
0.94 1746
0.94 1745
0.94 1744
0.94 1743
0.94 1742
0.94 1741
0.94 1740
0.95 1739
0.95 1738
0.95 1737
0.95 1736
0.95 1735
0.95 1734
0.95 1733
0.95 1732
0.95 1731
0.95 1730
0.95 1729
0.95 1728
0.95 1727
0.96 1726
0.96 1725
0.96 1724
0.96 1723
0.96 1722
0.96 1721
0.96 1720
0.96 1719
0.97 1718
0.97 1717
0.97 1716
0.97 1715
0.97 1714
0.97 1713
0.97 1712
0.97 1711
0.97 1710
0.97 1709
0.97 1708
0.97 1707
0.97 1706
0.97 1705
0.97 1704
0.97 1703
0.97 1702
0.97 1701
0.97 1700
0.97 1699
0.97 1698
0.98 1697
0.99 1696
0.99 1695
0.99 1694
0.99 1693
0.99 1692
0.99 1691
0.99 1690
0.99 1689
0.99 1688
0.99 1687
0.99 1686
0.99 1685
0.99 1684
0.99 1683
1.00 1682
1.00 1681
1.00 1680
1.00 1679
1.00 1678
1.00 1677
1.00 1676
1.00 1675
1.00 1674
1.00 1673
1.00 1672
1.00 1671
1.00 1670
1.00 1669
1.00 1668
1.00 1667
1.00 1666
1.01 1665
1.01 1664
1.02 1663
1.02 1662
1.02 1661
1.02 1660
1.02 1659
1.02 1658
1.02 1657
1.02 1656
1.02 1655
1.02 1654
1.02 1653
1.02 1652
1.02 1651
1.02 1650
1.02 1649
1.02 1648
1.02 1647
1.02 1646
1.02 1645
1.02 1644
1.02 1643
1.02 1642
1.02 1641
1.02 1640
1.02 1639
1.02 1638
1.02 1637
1.02 1636
1.03 1635
1.03 1634
1.03 1633
1.03 1632
1.03 1631
1.03 1630
1.04 1629
1.04 1628
1.04 1627
1.04 1626
1.04 1625
1.04 1624
1.04 1623
1.04 1622
1.04 1621
1.04 1620
1.04 1619
1.04 1618
1.04 1617
1.04 1616
1.04 1615
1.04 1614
1.05 1613
1.05 1612
1.05 1611
1.05 1610
1.05 1609
1.05 1608
1.05 1607
1.05 1606
1.05 1605
1.05 1604
1.05 1603
1.05 1602
1.05 1601
1.05 1600
1.05 1599
1.05 1598
1.05 1597
1.05 1596
1.05 1595
1.06 1594
1.06 1593
1.06 1592
1.06 1591
1.06 1590
1.06 1589
1.07 1588
1.07 1587
1.07 1586
1.07 1585
1.07 1584
1.07 1583
1.07 1582
1.07 1581
1.07 1580
1.07 1579
1.08 1578
1.08 1577
1.08 1576
1.08 1575
1.08 1574
1.08 1573
1.08 1572
1.09 1571
1.09 1570
1.09 1569
1.09 1568
1.09 1567
1.09 1566
1.09 1565
1.09 1564
1.09 1563
1.09 1562
1.09 1561
1.09 1560
1.09 1559
1.09 1558
1.09 1557
1.09 1556
1.09 1555
1.09 1554
1.09 1553
1.09 1552
1.09 1551
1.09 1550
1.09 1549
1.10 1548
1.10 1547
1.10 1546
1.10 1545
1.10 1544
1.10 1543
1.10 1542
1.10 1541
1.10 1540
1.10 1539
1.11 1538
1.11 1537
1.11 1536
1.11 1535
1.11 1534
1.12 1533
1.12 1532
1.12 1531
1.12 1530
1.12 1529
1.12 1528
1.12 1527
1.12 1526
1.12 1525
1.12 1524
1.12 1523
1.12 1522
1.12 1521
1.13 1520
1.14 1519
1.14 1518
1.14 1517
1.14 1516
1.14 1515
1.14 1514
1.14 1513
1.14 1512
1.14 1511
1.14 1510
1.15 1509
1.15 1508
1.15 1507
1.15 1506
1.15 1505
1.15 1504
1.15 1503
1.15 1502
1.15 1501
1.15 1500
1.15 1499
1.15 1498
1.17 1497
1.17 1496
1.17 1495
1.17 1494
1.17 1493
1.17 1492
1.17 1491
1.17 1490
1.17 1489
1.17 1488
1.17 1487
1.17 1486
1.17 1485
1.19 1484
1.19 1483
1.19 1482
1.19 1481
1.19 1480
1.19 1479
1.19 1478
1.19 1477
1.19 1476
1.19 1475
1.19 1474
1.19 1473
1.20 1472
1.20 1471
1.20 1470
1.20 1469
1.20 1468
1.20 1467
1.20 1466
1.20 1465
1.20 1464
1.20 1463
1.20 1462
1.20 1461
1.20 1460
1.20 1459
1.20 1458
1.20 1457
1.20 1456
1.21 1455
1.21 1454
1.21 1453
1.21 1452
1.21 1451
1.22 1450
1.22 1449
1.22 1448
1.22 1447
1.22 1446
1.22 1445
1.22 1444
1.23 1443
1.23 1442
1.23 1441
1.23 1440
1.23 1439
1.23 1438
1.24 1437
1.24 1436
1.24 1435
1.24 1434
1.24 1433
1.24 1432
1.24 1431
1.24 1430
1.24 1429
1.25 1428
1.25 1427
1.25 1426
1.25 1425
1.25 1424
1.25 1423
1.25 1422
1.25 1421
1.25 1420
1.25 1419
1.25 1418
1.25 1417
1.25 1416
1.25 1415
1.25 1414
1.25 1413
1.25 1412
1.26 1411
1.26 1410
1.26 1409
1.26 1408
1.26 1407
1.26 1406
1.26 1405
1.26 1404
1.27 1403
1.27 1402
1.27 1401
1.27 1400
1.27 1399
1.28 1398
1.28 1397
1.28 1396
1.28 1395
1.28 1394
1.28 1393
1.28 1392
1.28 1391
1.28 1390
1.29 1389
1.29 1388
1.29 1387
1.29 1386
1.29 1385
1.29 1384
1.29 1383
1.29 1382
1.29 1381
1.29 1380
1.29 1379
1.29 1378
1.29 1377
1.30 1376
1.30 1375
1.30 1374
1.30 1373
1.30 1372
1.30 1371
1.30 1370
1.30 1369
1.30 1368
1.30 1367
1.30 1366
1.30 1365
1.30 1364
1.31 1363
1.31 1362
1.31 1361
1.31 1360
1.32 1359
1.32 1358
1.32 1357
1.32 1356
1.32 1355
1.32 1354
1.32 1353
1.32 1352
1.32 1351
1.32 1350
1.32 1349
1.32 1348
1.32 1347
1.33 1346
1.34 1345
1.34 1344
1.34 1343
1.34 1342
1.34 1341
1.34 1340
1.34 1339
1.34 1338
1.34 1337
1.34 1336
1.34 1335
1.34 1334
1.35 1333
1.35 1332
1.35 1331
1.35 1330
1.35 1329
1.35 1328
1.35 1327
1.35 1326
1.35 1325
1.35 1324
1.35 1323
1.35 1322
1.35 1321
1.37 1320
1.38 1319
1.39 1318
1.39 1317
1.39 1316
1.39 1315
1.39 1314
1.39 1313
1.39 1312
1.39 1311
1.39 1310
1.40 1309
1.40 1308
1.40 1307
1.40 1306
1.40 1305
1.40 1304
1.40 1303
1.40 1302
1.40 1301
1.40 1300
1.40 1299
1.40 1298
1.41 1297
1.41 1296
1.41 1295
1.41 1294
1.41 1293
1.41 1292
1.41 1291
1.41 1290
1.42 1289
1.42 1288
1.42 1287
1.42 1286
1.42 1285
1.42 1284
1.43 1283
1.43 1282
1.43 1281
1.43 1280
1.43 1279
1.43 1278
1.43 1277
1.44 1276
1.44 1275
1.44 1274
1.44 1273
1.44 1272
1.46 1271
1.47 1270
1.48 1269
1.48 1268
1.49 1267
1.49 1266
1.49 1265
1.49 1264
1.49 1263
1.49 1262
1.50 1261
1.50 1260
1.50 1259
1.50 1258
1.50 1257
1.50 1256
1.50 1255
1.52 1254
1.52 1253
1.52 1252
1.52 1251
1.52 1250
1.52 1249
1.52 1248
1.53 1247
1.53 1246
1.53 1245
1.55 1244
1.55 1243
1.55 1242
1.55 1241
1.55 1240
1.55 1239
1.55 1238
1.55 1237
1.55 1236
1.55 1235
1.55 1234
1.55 1233
1.56 1232
1.56 1231
1.58 1230
1.58 1229
1.58 1228
1.58 1227
1.58 1226
1.58 1225
1.58 1224
1.58 1223
1.58 1222
1.58 1221
1.58 1220
1.58 1219
1.60 1218
1.60 1217
1.60 1216
1.60 1215
1.60 1214
1.63 1213
1.63 1212
1.63 1211
1.63 1210
1.65 1209
1.65 1208
1.65 1207
1.65 1206
1.65 1205
1.70 1204
1.70 1203
1.70 1202
1.70 1201
1.70 1200
1.71 1199
1.71 1198
1.71 1197
1.71 1196
1.71 1195
1.71 1194
1.71 1193
1.71 1192
1.73 1191
1.73 1190
1.73 1189
1.73 1188
1.73 1187
1.73 1186
1.73 1185
1.73 1184
1.75 1183
1.75 1182
1.75 1181
1.75 1180
1.75 1179
1.75 1178
1.75 1177
1.75 1176
1.75 1175
1.75 1174
1.75 1173
1.75 1172
1.75 1171
1.75 1170
1.75 1169
1.75 1168
1.78 1167
1.78 1166
1.78 1165
1.78 1164
1.78 1163
1.78 1162
1.78 1161
1.78 1160
1.78 1159
1.79 1158
1.96 1157
1.96 1156
1.96 1155
1.96 1154
1.96 1153
1.96 1152
1.97 1151
1.97 1150
1.97 1149
1.97 1148
1.97 1147
1.97 1146
1.97 1145
1.98 1144
1.98 1143
2.02 1142
2.05 1141
2.05 1140
2.05 1139
2.05 1138
2.05 1137
2.05 1136
2.06 1135
2.06 1134
2.13 1133
2.13 1132
2.13 1131
2.13 1130
2.13 1129
2.13 1128
2.14 1127
2.16 1126
2.16 1125
2.16 1124
2.16 1123
2.16 1122
2.16 1121
2.16 1120
2.54 1119
2.54 1118
2.54 1117
2.54 1116
2.54 1115
2.55 1114
2.55 1113
2.57 1112
2.57 1111
2.57 1110
2.57 1109
2.59 1108
2.59 1107
2.68 1106
2.68 1105
2.68 1104
2.70 1103
2.70 1102
2.73 1101
2.73 1100
2.73 1099
2.74 1098
2.74 1097
2.89 1096
2.89 1095
2.89 1094
3.06 1093
3.08 1092
3.08 1091
3.08 1090
3.13 1089
3.19 1088
3.22 1087
3.22 1086
3.22 1085
3.22 1084
3.22 1083
3.23 1082
3.23 1081
3.23 1080
3.23 1079
3.24 1078
3.24 1077
3.24 1076
3.27 1075
3.27 1074
3.27 1073
3.27 1072
3.36 1071
3.42 1070
3.42 1069
3.42 1068
3.42 1067
3.43 1066
3.43 1065
3.43 1064
3.43 1063
3.43 1062
3.44 1061
3.44 1060
3.44 1059
3.44 1058
3.44 1057
3.44 1056
3.58 1055
3.58 1054
3.58 1053
3.60 1052
3.60 1051
3.60 1050
3.60 1049
3.60 1048
3.60 1047
3.61 1046
3.62 1045
3.62 1044
3.63 1043
3.63 1042
3.63 1041
3.65 1040
3.76 1039
3.77 1038
3.77 1037
3.79 1036
3.79 1035
3.80 1034
3.82 1033
3.82 1032
3.82 1031
3.82 1030
3.88 1029
4.22 1028
4.22 1027
4.22 1026
4.22 1025
4.24 1024
4.27 1023
4.27 1022
4.27 1021
4.29 1020
4.29 1019
4.29 1018
4.29 1017
4.30 1016
4.30 1015
4.30 1014
4.32 1013
4.76 1012
4.76 1011
4.76 1010
4.84 1009
4.93 1008
4.93 1007
4.95 1006
4.95 1005
5.01 1004
5.03 1003
5.03 1002
5.03 1001
5.03 1000
5.08 999
5.09 998
5.09 997
5.22 996
5.24 995
5.24 994
5.25 993
5.39 992
5.43 991
5.47 990
5.69 989
5.69 988
5.69 987
5.82 986
5.82 985
5.99 984
6.00 983
6.00 982
6.31 981
7.00 980
