0.00 1960
0.76 1959
0.76 1958
0.76 1957
0.76 1956
0.76 1955
0.76 1954
0.76 1953
0.76 1952
0.77 1951
0.77 1950
0.77 1949
0.77 1948
0.77 1947
0.77 1946
0.77 1945
0.77 1944
0.77 1943
0.77 1942
0.77 1941
0.77 1940
0.77 1939
0.77 1938
0.77 1937
0.77 1936
0.77 1935
0.77 1934
0.77 1933
0.77 1932
0.77 1931
0.77 1930
0.77 1929
0.77 1928
0.77 1927
0.77 1926
0.77 1925
0.77 1924
0.77 1923
0.77 1922
0.77 1921
0.77 1920
0.77 1919
0.77 1918
0.77 1917
0.77 1916
0.77 1915
0.77 1914
0.77 1913
0.77 1912
0.77 1911
0.77 1910
0.77 1909
0.77 1908
0.77 1907
0.77 1906
0.77 1905
0.77 1904
0.77 1903
0.77 1902
0.77 1901
0.77 1900
0.77 1899
0.77 1898
0.77 1897
0.77 1896
0.77 1895
0.77 1894
0.77 1893
0.78 1892
0.78 1891
0.78 1890
0.78 1889
0.78 1888
0.78 1887
0.78 1886
0.78 1885
0.78 1884
0.78 1883
0.78 1882
0.78 1881
0.78 1880
0.78 1879
0.78 1878
0.78 1877
0.78 1876
0.78 1875
0.78 1874
0.78 1873
0.78 1872
0.78 1871
0.78 1870
0.78 1869
0.78 1868
0.78 1867
0.78 1866
0.78 1865
0.78 1864
0.78 1863
0.78 1862
0.78 1861
0.78 1860
0.78 1859
0.78 1858
0.78 1857
0.78 1856
0.78 1855
0.78 1854
0.78 1853
0.78 1852
0.78 1851
0.78 1850
0.78 1849
0.78 1848
0.78 1847
0.78 1846
0.78 1845
0.78 1844
0.78 1843
0.78 1842
0.78 1841
0.78 1840
0.78 1839
0.78 1838
0.80 1837
0.80 1836
0.80 1835
0.80 1834
0.80 1833
0.80 1832
0.80 1831
0.80 1830
0.80 1829
0.80 1828
0.80 1827
0.80 1826
0.80 1825
0.80 1824
0.80 1823
0.80 1822
0.80 1821
0.80 1820
0.80 1819
0.80 1818
0.80 1817
0.80 1816
0.80 1815
0.80 1814
0.80 1813
0.80 1812
0.80 1811
0.80 1810
0.80 1809
0.80 1808
0.80 1807
0.80 1806
0.80 1805
0.80 1804
0.80 1803
0.80 1802
0.80 1801
0.80 1800
0.80 1799
0.80 1798
0.80 1797
0.80 1796
0.80 1795
0.80 1794
0.80 1793
0.80 1792
0.80 1791
0.80 1790
0.80 1789
0.80 1788
0.80 1787
0.82 1786
0.82 1785
0.82 1784
0.82 1783
0.82 1782
0.82 1781
0.82 1780
0.82 1779
0.82 1778
0.82 1777
0.82 1776
0.82 1775
0.82 1774
0.82 1773
0.82 1772
0.82 1771
0.82 1770
0.82 1769
0.82 1768
0.82 1767
0.82 1766
0.82 1765
0.82 1764
0.82 1763
0.82 1762
0.82 1761
0.82 1760
0.82 1759
0.82 1758
0.82 1757
0.82 1756
0.82 1755
0.82 1754
0.82 1753
0.82 1752
0.82 1751
0.82 1750
0.82 1749
0.82 1748
0.82 1747
0.82 1746
0.82 1745
0.82 1744
0.83 1743
0.83 1742
0.83 1741
0.83 1740
0.83 1739
0.83 1738
0.83 1737
0.83 1736
0.83 1735
0.83 1734
0.83 1733
0.83 1732
0.83 1731
0.83 1730
0.83 1729
0.83 1728
0.83 1727
0.83 1726
0.83 1725
0.83 1724
0.83 1723
0.83 1722
0.83 1721
0.83 1720
0.83 1719
0.83 1718
0.83 1717
0.83 1716
0.83 1715
0.83 1714
0.83 1713
0.83 1712
0.83 1711
0.83 1710
0.83 1709
0.83 1708
0.83 1707
0.83 1706
0.83 1705
0.83 1704
0.83 1703
0.85 1702
0.85 1701
0.85 1700
0.85 1699
0.85 1698
0.85 1697
0.85 1696
0.85 1695
0.85 1694
0.85 1693
0.85 1692
0.85 1691
0.85 1690
0.85 1689
0.85 1688
0.85 1687
0.85 1686
0.85 1685
0.85 1684
0.85 1683
0.85 1682
0.85 1681
0.86 1680
0.86 1679
0.86 1678
0.86 1677
0.86 1676
0.86 1675
0.86 1674
0.86 1673
0.86 1672
0.86 1671
0.86 1670
0.86 1669
0.86 1668
0.86 1667
0.86 1666
0.86 1665
0.86 1664
0.86 1663
0.86 1662
0.86 1661
0.86 1660
0.86 1659
0.86 1658
0.86 1657
0.86 1656
0.86 1655
0.86 1654
0.86 1653
0.86 1652
0.86 1651
0.86 1650
0.86 1649
0.86 1648
0.86 1647
0.86 1646
0.86 1645
0.86 1644
0.86 1643
0.86 1642
0.86 1641
0.86 1640
0.86 1639
0.86 1638
0.86 1637
0.86 1636
0.86 1635
0.86 1634
0.86 1633
0.86 1632
0.86 1631
0.86 1630
0.86 1629
0.86 1628
0.86 1627
0.86 1626
0.86 1625
0.86 1624
0.86 1623
0.86 1622
0.86 1621
0.86 1620
0.86 1619
0.86 1618
0.88 1617
0.88 1616
0.88 1615
0.88 1614
0.88 1613
0.88 1612
0.88 1611
0.88 1610
0.88 1609
0.88 1608
0.88 1607
0.88 1606
0.88 1605
0.88 1604
0.88 1603
0.88 1602
0.88 1601
0.88 1600
0.88 1599
0.88 1598
0.88 1597
0.88 1596
0.88 1595
0.88 1594
0.88 1593
0.88 1592
0.88 1591
0.88 1590
0.88 1589
0.88 1588
0.88 1587
0.88 1586
0.88 1585
0.88 1584
0.88 1583
0.88 1582
0.88 1581
0.88 1580
0.88 1579
0.89 1578
0.89 1577
0.89 1576
0.89 1575
0.89 1574
0.89 1573
0.89 1572
0.89 1571
0.89 1570
0.89 1569
0.89 1568
0.89 1567
0.89 1566
0.89 1565
0.89 1564
0.89 1563
0.89 1562
0.89 1561
0.89 1560
0.89 1559
0.89 1558
0.89 1557
0.89 1556
0.89 1555
0.89 1554
0.89 1553
0.89 1552
0.89 1551
0.89 1550
0.89 1549
0.89 1548
0.89 1547
0.89 1546
0.89 1545
0.89 1544
0.89 1543
0.89 1542
0.91 1541
0.91 1540
0.91 1539
0.91 1538
0.91 1537
0.91 1536
0.91 1535
0.91 1534
0.91 1533
0.91 1532
0.91 1531
0.91 1530
0.91 1529
0.91 1528
0.91 1527
0.91 1526
0.91 1525
0.91 1524
0.91 1523
0.91 1522
0.91 1521
0.91 1520
0.91 1519
0.91 1518
0.91 1517
0.91 1516
0.91 1515
0.91 1514
0.91 1513
0.91 1512
0.91 1511
0.91 1510
0.91 1509
0.91 1508
0.91 1507
0.91 1506
0.91 1505
0.93 1504
0.93 1503
0.93 1502
0.93 1501
0.93 1500
0.93 1499
0.93 1498
0.93 1497
0.93 1496
0.93 1495
0.93 1494
0.93 1493
0.93 1492
0.93 1491
0.93 1490
0.93 1489
0.93 1488
0.93 1487
0.93 1486
0.93 1485
0.93 1484
0.93 1483
0.93 1482
0.93 1481
0.93 1480
0.93 1479
0.93 1478
0.93 1477
0.93 1476
0.93 1475
0.93 1474
0.93 1473
0.93 1472
0.94 1471
0.94 1470
0.94 1469
0.94 1468
0.94 1467
0.94 1466
0.94 1465
0.94 1464
0.94 1463
0.94 1462
0.94 1461
0.94 1460
0.94 1459
0.94 1458
0.94 1457
0.94 1456
0.94 1455
0.94 1454
0.94 1453
0.94 1452
0.94 1451
0.94 1450
0.94 1449
0.94 1448
0.94 1447
0.94 1446
0.94 1445
0.96 1444
0.96 1443
0.96 1442
0.96 1441
0.96 1440
0.96 1439
0.96 1438
0.96 1437
0.96 1436
0.96 1435
0.96 1434
0.96 1433
0.96 1432
0.96 1431
0.96 1430
0.96 1429
0.96 1428
0.96 1427
0.96 1426
0.96 1425
0.96 1424
0.96 1423
0.96 1422
0.96 1421
0.96 1420
0.96 1419
0.96 1418
0.96 1417
0.96 1416
0.96 1415
0.97 1414
0.97 1413
0.97 1412
0.97 1411
0.97 1410
0.97 1409
0.97 1408
0.97 1407
0.97 1406
0.97 1405
0.97 1404
0.97 1403
0.97 1402
0.97 1401
0.97 1400
0.97 1399
0.97 1398
0.97 1397
0.97 1396
0.97 1395
0.97 1394
0.97 1393
0.97 1392
0.97 1391
0.97 1390
0.97 1389
0.97 1388
0.97 1387
0.97 1386
0.97 1385
0.97 1384
0.99 1383
0.99 1382
0.99 1381
0.99 1380
0.99 1379
0.99 1378
0.99 1377
0.99 1376
0.99 1375
0.99 1374
0.99 1373
0.99 1372
0.99 1371
0.99 1370
1.00 1369
1.00 1368
1.00 1367
1.00 1366
1.00 1365
1.00 1364
1.00 1363
1.00 1362
1.00 1361
1.00 1360
1.00 1359
1.00 1358
1.00 1357
1.00 1356
1.00 1355
1.00 1354
1.00 1353
1.00 1352
1.00 1351
1.00 1350
1.00 1349
1.00 1348
1.00 1347
1.02 1346
1.02 1345
1.02 1344
1.02 1343
1.02 1342
1.02 1341
1.02 1340
1.02 1339
1.02 1338
1.02 1337
1.02 1336
1.02 1335
1.02 1334
1.02 1333
1.02 1332
1.02 1331
1.02 1330
1.04 1329
1.04 1328
1.04 1327
1.04 1326
1.04 1325
1.04 1324
1.04 1323
1.04 1322
1.04 1321
1.04 1320
1.04 1319
1.04 1318
1.04 1317
1.04 1316
1.04 1315
1.04 1314
1.04 1313
1.04 1312
1.05 1311
1.05 1310
1.05 1309
1.05 1308
1.05 1307
1.06 1306
1.06 1305
1.06 1304
1.06 1303
1.06 1302
1.07 1301
1.07 1300
1.07 1299
1.07 1298
1.07 1297
1.07 1296
1.07 1295
1.07 1294
1.07 1293
1.07 1292
1.08 1291
1.09 1290
1.09 1289
1.09 1288
1.09 1287
1.09 1286
1.10 1285
1.10 1284
1.10 1283
1.10 1282
1.11 1281
1.11 1280
1.11 1279
1.11 1278
1.11 1277
1.12 1276
1.12 1275
1.12 1274
1.12 1273
1.12 1272
1.12 1271
1.12 1270
1.12 1269
1.12 1268
1.12 1267
1.12 1266
1.12 1265
1.13 1264
1.13 1263
1.13 1262
1.13 1261
1.13 1260
1.13 1259
1.13 1258
1.13 1257
1.13 1256
1.13 1255
1.13 1254
1.13 1253
1.13 1252
1.13 1251
1.15 1250
1.15 1249
1.15 1248
1.15 1247
1.16 1246
1.16 1245
1.16 1244
1.16 1243
1.16 1242
1.16 1241
1.16 1240
1.16 1239
1.16 1238
1.16 1237
1.16 1236
1.16 1235
1.18 1234
1.18 1233
1.18 1232
1.18 1231
1.18 1230
1.18 1229
1.18 1228
1.18 1227
1.18 1226
1.18 1225
1.20 1224
1.20 1223
1.20 1222
1.20 1221
1.20 1220
1.20 1219
1.20 1218
1.20 1217
1.20 1216
1.20 1215
1.20 1214
1.20 1213
1.20 1212
1.20 1211
1.20 1210
1.20 1209
1.21 1208
1.23 1207
1.23 1206
1.24 1205
1.24 1204
1.24 1203
1.26 1202
1.26 1201
1.26 1200
1.26 1199
1.26 1198
1.26 1197
1.26 1196
1.26 1195
1.26 1194
1.26 1193
1.26 1192
1.27 1191
1.27 1190
1.32 1189
1.32 1188
1.46 1187
1.46 1186
1.46 1185
1.46 1184
1.46 1183
1.46 1182
1.46 1181
1.46 1180
1.48 1179
1.48 1178
1.48 1177
1.48 1176
1.48 1175
1.48 1174
1.48 1173
1.48 1172
1.51 1171
1.51 1170
1.51 1169
1.54 1168
1.54 1167
1.54 1166
1.54 1165
1.54 1164
1.54 1163
1.54 1162
1.54 1161
1.54 1160
1.54 1159
1.54 1158
1.54 1157
1.70 1156
1.70 1155
1.70 1154
1.70 1153
1.70 1152
1.70 1151
1.71 1150
1.71 1149
1.71 1148
1.71 1147
1.71 1146
1.71 1145
1.71 1144
1.71 1143
1.71 1142
1.71 1141
1.71 1140
1.71 1139
1.71 1138
1.73 1137
1.73 1136
1.73 1135
2.03 1134
2.05 1133
2.09 1132
2.09 1131
2.09 1130
2.11 1129
2.12 1128
2.12 1127
2.12 1126
2.12 1125
2.12 1124
2.17 1123
2.17 1122
2.17 1121
2.17 1120
2.17 1119
2.17 1118
2.17 1117
2.17 1116
2.17 1115
2.17 1114
2.17 1113
2.17 1112
2.17 1111
2.18 1110
2.18 1109
2.18 1108
2.18 1107
2.18 1106
2.18 1105
2.20 1104
2.20 1103
2.20 1102
2.20 1101
2.53 1100
2.53 1099
2.53 1098
2.53 1097
2.59 1096
2.61 1095
2.61 1094
2.61 1093
2.61 1092
2.61 1091
2.63 1090
2.63 1089
2.63 1088
2.64 1087
2.64 1086
2.64 1085
2.64 1084
2.66 1083
2.66 1082
2.69 1081
2.69 1080
2.69 1079
2.69 1078
2.69 1077
2.69 1076
2.69 1075
2.69 1074
2.70 1073
3.05 1072
3.07 1071
3.07 1070
3.07 1069
3.07 1068
3.08 1067
3.08 1066
3.08 1065
3.08 1064
3.14 1063
3.14 1062
3.14 1061
3.14 1060
3.18 1059
3.18 1058
3.20 1057
3.20 1056
3.20 1055
3.20 1054
3.20 1053
3.20 1052
3.20 1051
3.22 1050
3.22 1049
3.23 1048
3.23 1047
3.23 1046
3.23 1045
3.69 1044
3.69 1043
3.69 1042
3.69 1041
3.71 1040
3.78 1039
3.78 1038
3.78 1037
3.78 1036
3.80 1035
3.82 1034
3.82 1033
3.82 1032
3.88 1031
4.16 1030
4.16 1029
4.16 1028
4.16 1027
4.18 1026
4.18 1025
4.18 1024
4.21 1023
4.21 1022
4.21 1021
4.21 1020
4.23 1019
4.23 1018
4.29 1017
4.29 1016
4.29 1015
4.29 1014
4.29 1013
4.29 1012
4.29 1011
4.31 1010
4.31 1009
4.31 1008
4.31 1007
4.32 1006
4.32 1005
4.43 1004
4.45 1003
4.46 1002
4.46 1001
4.46 1000
4.46 999
4.95 998
4.97 997
4.98 996
4.98 995
4.98 994
5.12 993
5.14 992
5.39 991
5.39 990
5.44 989
5.60 988
5.60 987
5.61 986
5.63 985
5.67 984
5.67 983
5.97 982
6.40 981
6.42 980
