0.00 1960
0.61 1959
0.61 1958
0.61 1957
0.61 1956
0.61 1955
0.61 1954
0.61 1953
0.61 1952
0.61 1951
0.61 1950
0.61 1949
0.61 1948
0.61 1947
0.61 1946
0.61 1945
0.61 1944
0.61 1943
0.61 1942
0.61 1941
0.61 1940
0.61 1939
0.61 1938
0.61 1937
0.61 1936
0.61 1935
0.61 1934
0.61 1933
0.61 1932
0.61 1931
0.61 1930
0.61 1929
0.61 1928
0.62 1927
0.62 1926
0.62 1925
0.62 1924
0.62 1923
0.62 1922
0.62 1921
0.62 1920
0.62 1919
0.62 1918
0.62 1917
0.62 1916
0.62 1915
0.62 1914
0.62 1913
0.62 1912
0.62 1911
0.62 1910
0.62 1909
0.62 1908
0.62 1907
0.62 1906
0.62 1905
0.62 1904
0.62 1903
0.62 1902
0.62 1901
0.62 1900
0.62 1899
0.62 1898
0.62 1897
0.62 1896
0.62 1895
0.62 1894
0.62 1893
0.62 1892
0.62 1891
0.62 1890
0.62 1889
0.62 1888
0.62 1887
0.62 1886
0.62 1885
0.62 1884
0.62 1883
0.62 1882
0.62 1881
0.62 1880
0.62 1879
0.62 1878
0.62 1877
0.62 1876
0.62 1875
0.62 1874
0.62 1873
0.62 1872
0.62 1871
0.62 1870
0.62 1869
0.62 1868
0.62 1867
0.62 1866
0.62 1865
0.62 1864
0.62 1863
0.62 1862
0.62 1861
0.62 1860
0.62 1859
0.62 1858
0.62 1857
0.62 1856
0.62 1855
0.62 1854
0.62 1853
0.62 1852
0.62 1851
0.62 1850
0.62 1849
0.62 1848
0.62 1847
0.62 1846
0.62 1845
0.62 1844
0.62 1843
0.62 1842
0.62 1841
0.62 1840
0.64 1839
0.64 1838
0.64 1837
0.64 1836
0.64 1835
0.64 1834
0.64 1833
0.64 1832
0.64 1831
0.64 1830
0.64 1829
0.64 1828
0.64 1827
0.64 1826
0.64 1825
0.64 1824
0.64 1823
0.64 1822
0.64 1821
0.64 1820
0.64 1819
0.64 1818
0.64 1817
0.64 1816
0.64 1815
0.64 1814
0.64 1813
0.64 1812
0.64 1811
0.64 1810
0.64 1809
0.64 1808
0.64 1807
0.64 1806
0.64 1805
0.64 1804
0.64 1803
0.64 1802
0.65 1801
0.65 1800
0.65 1799
0.65 1798
0.65 1797
0.65 1796
0.65 1795
0.65 1794
0.65 1793
0.65 1792
0.65 1791
0.65 1790
0.66 1789
0.66 1788
0.66 1787
0.66 1786
0.66 1785
0.66 1784
0.66 1783
0.66 1782
0.66 1781
0.66 1780
0.66 1779
0.66 1778
0.66 1777
0.66 1776
0.66 1775
0.66 1774
0.66 1773
0.66 1772
0.66 1771
0.66 1770
0.66 1769
0.66 1768
0.66 1767
0.66 1766
0.66 1765
0.66 1764
0.66 1763
0.66 1762
0.66 1761
0.66 1760
0.66 1759
0.66 1758
0.66 1757
0.66 1756
0.66 1755
0.66 1754
0.66 1753
0.66 1752
0.66 1751
0.66 1750
0.66 1749
0.66 1748
0.66 1747
0.66 1746
0.66 1745
0.66 1744
0.66 1743
0.66 1742
0.66 1741
0.66 1740
0.66 1739
0.66 1738
0.66 1737
0.66 1736
0.66 1735
0.66 1734
0.66 1733
0.66 1732
0.66 1731
0.66 1730
0.66 1729
0.66 1728
0.66 1727
0.66 1726
0.67 1725
0.67 1724
0.67 1723
0.67 1722
0.67 1721
0.67 1720
0.67 1719
0.67 1718
0.67 1717
0.67 1716
0.67 1715
0.67 1714
0.67 1713
0.67 1712
0.67 1711
0.67 1710
0.67 1709
0.68 1708
0.68 1707
0.68 1706
0.68 1705
0.68 1704
0.68 1703
0.68 1702
0.68 1701
0.68 1700
0.68 1699
0.68 1698
0.68 1697
0.68 1696
0.68 1695
0.68 1694
0.68 1693
0.68 1692
0.68 1691
0.68 1690
0.68 1689
0.68 1688
0.68 1687
0.68 1686
0.68 1685
0.68 1684
0.68 1683
0.68 1682
0.69 1681
0.69 1680
0.69 1679
0.69 1678
0.69 1677
0.69 1676
0.69 1675
0.69 1674
0.69 1673
0.69 1672
0.69 1671
0.69 1670
0.69 1669
0.69 1668
0.69 1667
0.69 1666
0.69 1665
0.69 1664
0.69 1663
0.69 1662
0.69 1661
0.69 1660
0.69 1659
0.69 1658
0.69 1657
0.69 1656
0.69 1655
0.69 1654
0.69 1653
0.69 1652
0.69 1651
0.69 1650
0.69 1649
0.69 1648
0.69 1647
0.69 1646
0.69 1645
0.70 1644
0.70 1643
0.70 1642
0.70 1641
0.70 1640
0.70 1639
0.70 1638
0.70 1637
0.70 1636
0.70 1635
0.70 1634
0.70 1633
0.70 1632
0.70 1631
0.70 1630
0.70 1629
0.70 1628
0.70 1627
0.70 1626
0.70 1625
0.70 1624
0.70 1623
0.70 1622
0.70 1621
0.70 1620
0.70 1619
0.70 1618
0.70 1617
0.70 1616
0.70 1615
0.70 1614
0.70 1613
0.70 1612
0.70 1611
0.70 1610
0.70 1609
0.70 1608
0.70 1607
0.70 1606
0.70 1605
0.70 1604
0.70 1603
0.70 1602
0.70 1601
0.70 1600
0.70 1599
0.70 1598
0.70 1597
0.70 1596
0.70 1595
0.70 1594
0.70 1593
0.70 1592
0.70 1591
0.70 1590
0.70 1589
0.70 1588
0.70 1587
0.70 1586
0.70 1585
0.70 1584
0.70 1583
0.70 1582
0.70 1581
0.70 1580
0.70 1579
0.70 1578
0.71 1577
0.71 1576
0.71 1575
0.71 1574
0.71 1573
0.71 1572
0.71 1571
0.71 1570
0.71 1569
0.71 1568
0.71 1567
0.71 1566
0.71 1565
0.71 1564
0.71 1563
0.71 1562
0.72 1561
0.72 1560
0.72 1559
0.72 1558
0.72 1557
0.72 1556
0.72 1555
0.72 1554
0.72 1553
0.72 1552
0.72 1551
0.72 1550
0.72 1549
0.72 1548
0.72 1547
0.72 1546
0.72 1545
0.72 1544
0.72 1543
0.72 1542
0.72 1541
0.72 1540
0.72 1539
0.72 1538
0.72 1537
0.72 1536
0.72 1535
0.72 1534
0.72 1533
0.72 1532
0.72 1531
0.72 1530
0.72 1529
0.72 1528
0.72 1527
0.72 1526
0.72 1525
0.72 1524
0.72 1523
0.72 1522
0.72 1521
0.72 1520
0.72 1519
0.72 1518
0.72 1517
0.72 1516
0.72 1515
0.72 1514
0.72 1513
0.72 1512
0.72 1511
0.72 1510
0.72 1509
0.72 1508
0.72 1507
0.72 1506
0.72 1505
0.72 1504
0.72 1503
0.72 1502
0.72 1501
0.72 1500
0.74 1499
0.74 1498
0.74 1497
0.74 1496
0.74 1495
0.74 1494
0.74 1493
0.74 1492
0.74 1491
0.74 1490
0.74 1489
0.74 1488
0.74 1487
0.74 1486
0.74 1485
0.74 1484
0.74 1483
0.74 1482
0.74 1481
0.74 1480
0.74 1479
0.74 1478
0.74 1477
0.74 1476
0.74 1475
0.74 1474
0.74 1473
0.74 1472
0.74 1471
0.74 1470
0.74 1469
0.74 1468
0.74 1467
0.75 1466
0.75 1465
0.75 1464
0.75 1463
0.75 1462
0.75 1461
0.75 1460
0.75 1459
0.75 1458
0.75 1457
0.75 1456
0.75 1455
0.75 1454
0.75 1453
0.75 1452
0.75 1451
0.75 1450
0.75 1449
0.75 1448
0.75 1447
0.75 1446
0.75 1445
0.75 1444
0.75 1443
0.75 1442
0.75 1441
0.75 1440
0.75 1439
0.75 1438
0.76 1437
0.76 1436
0.76 1435
0.76 1434
0.76 1433
0.76 1432
0.76 1431
0.76 1430
0.76 1429
0.76 1428
0.76 1427
0.77 1426
0.77 1425
0.77 1424
0.77 1423
0.77 1422
0.77 1421
0.77 1420
0.77 1419
0.77 1418
0.77 1417
0.77 1416
0.77 1415
0.77 1414
0.78 1413
0.78 1412
0.78 1411
0.78 1410
0.78 1409
0.78 1408
0.78 1407
0.78 1406
0.78 1405
0.78 1404
0.78 1403
0.78 1402
0.78 1401
0.78 1400
0.78 1399
0.78 1398
0.78 1397
0.78 1396
0.78 1395
0.78 1394
0.78 1393
0.78 1392
0.78 1391
0.78 1390
0.78 1389
0.78 1388
0.78 1387
0.78 1386
0.78 1385
0.78 1384
0.78 1383
0.78 1382
0.78 1381
0.79 1380
0.79 1379
0.79 1378
0.79 1377
0.79 1376
0.79 1375
0.79 1374
0.79 1373
0.79 1372
0.79 1371
0.79 1370
0.79 1369
0.79 1368
0.79 1367
0.79 1366
0.79 1365
0.79 1364
0.79 1363
0.79 1362
0.79 1361
0.80 1360
0.80 1359
0.80 1358
0.80 1357
0.80 1356
0.80 1355
0.80 1354
0.80 1353
0.80 1352
0.80 1351
0.80 1350
0.80 1349
0.80 1348
0.80 1347
0.80 1346
0.80 1345
0.80 1344
0.81 1343
0.81 1342
0.81 1341
0.81 1340
0.81 1339
0.81 1338
0.81 1337
0.81 1336
0.81 1335
0.81 1334
0.81 1333
0.81 1332
0.81 1331
0.81 1330
0.81 1329
0.81 1328
0.81 1327
0.81 1326
0.82 1325
0.82 1324
0.82 1323
0.82 1322
0.82 1321
0.82 1320
0.82 1319
0.82 1318
0.82 1317
0.82 1316
0.82 1315
0.82 1314
0.82 1313
0.82 1312
0.82 1311
0.82 1310
0.82 1309
0.82 1308
0.82 1307
0.82 1306
0.82 1305
0.82 1304
0.82 1303
0.82 1302
0.82 1301
0.82 1300
0.82 1299
0.82 1298
0.82 1297
0.82 1296
0.82 1295
0.82 1294
0.82 1293
0.82 1292
0.84 1291
0.84 1290
0.84 1289
0.84 1288
0.84 1287
0.84 1286
0.84 1285
0.84 1284
0.84 1283
0.84 1282
0.84 1281
0.84 1280
0.84 1279
0.84 1278
0.84 1277
0.84 1276
0.84 1275
0.84 1274
0.84 1273
0.84 1272
0.84 1271
0.84 1270
0.84 1269
0.84 1268
0.84 1267
0.84 1266
0.85 1265
0.85 1264
0.85 1263
0.85 1262
0.85 1261
0.85 1260
0.85 1259
0.85 1258
0.85 1257
0.85 1256
0.85 1255
0.87 1254
0.87 1253
0.87 1252
0.87 1251
0.87 1250
0.87 1249
0.87 1248
0.87 1247
0.87 1246
0.87 1245
0.87 1244
0.87 1243
0.87 1242
0.87 1241
0.87 1240
0.87 1239
0.87 1238
0.87 1237
0.87 1236
0.87 1235
0.89 1234
0.89 1233
0.89 1232
0.91 1231
0.91 1230
0.91 1229
0.91 1228
0.91 1227
0.91 1226
0.91 1225
0.91 1224
0.91 1223
0.91 1222
0.92 1221
0.93 1220
0.93 1219
0.93 1218
0.93 1217
0.93 1216
0.93 1215
0.93 1214
0.93 1213
0.93 1212
0.93 1211
0.93 1210
0.93 1209
0.93 1208
0.94 1207
0.94 1206
0.94 1205
0.94 1204
0.94 1203
0.94 1202
0.95 1201
0.95 1200
0.95 1199
0.95 1198
0.95 1197
0.95 1196
0.95 1195
0.95 1194
0.95 1193
0.96 1192
0.96 1191
0.96 1190
0.96 1189
0.97 1188
0.97 1187
0.97 1186
0.97 1185
0.97 1184
0.98 1183
0.98 1182
0.98 1181
0.98 1180
0.98 1179
0.98 1178
0.98 1177
0.98 1176
0.99 1175
0.99 1174
0.99 1173
0.99 1172
0.99 1171
1.00 1170
1.00 1169
1.00 1168
1.11 1167
1.12 1166
1.12 1165
1.12 1164
1.12 1163
1.12 1162
1.14 1161
1.14 1160
1.14 1159
1.14 1158
1.17 1157
1.17 1156
1.17 1155
1.63 1154
1.73 1153
1.73 1152
1.73 1151
1.74 1150
1.74 1149
1.74 1148
1.74 1147
1.74 1146
1.74 1145
1.74 1144
1.74 1143
1.74 1142
1.74 1141
1.74 1140
1.78 1139
1.78 1138
1.78 1137
1.78 1136
1.78 1135
1.78 1134
1.78 1133
1.78 1132
1.78 1131
1.78 1130
1.78 1129
1.78 1128
1.79 1127
1.79 1126
1.83 1125
1.83 1124
2.14 1123
2.14 1122
2.14 1121
2.16 1120
2.16 1119
2.16 1118
2.17 1117
2.17 1116
2.17 1115
2.17 1114
2.17 1113
2.17 1112
2.18 1111
2.18 1110
2.19 1109
2.20 1108
2.21 1107
2.22 1106
2.34 1105
2.34 1104
2.34 1103
2.34 1102
2.34 1101
2.34 1100
2.34 1099
2.34 1098
2.35 1097
2.35 1096
2.35 1095
2.37 1094
2.38 1093
2.39 1092
2.39 1091
2.39 1090
2.39 1089
2.39 1088
2.39 1087
2.39 1086
2.39 1085
2.39 1084
2.39 1083
2.39 1082
2.39 1081
2.39 1080
2.39 1079
2.39 1078
2.39 1077
2.39 1076
2.41 1075
2.41 1074
2.41 1073
2.41 1072
2.41 1071
3.03 1070
3.04 1069
3.04 1068
3.04 1067
3.04 1066
3.04 1065
3.04 1064
3.04 1063
3.05 1062
3.08 1061
3.08 1060
3.08 1059
3.09 1058
3.28 1057
3.28 1056
3.29 1055
3.29 1054
3.29 1053
3.52 1052
3.52 1051
3.52 1050
3.52 1049
3.52 1048
3.53 1047
3.53 1046
3.53 1045
3.53 1044
3.53 1043
3.55 1042
3.56 1041
3.56 1040
3.56 1039
3.56 1038
3.56 1037
3.56 1036
3.56 1035
3.80 1034
3.80 1033
3.81 1032
3.81 1031
3.81 1030
3.81 1029
3.81 1028
3.82 1027
3.87 1026
3.87 1025
4.24 1024
4.24 1023
4.24 1022
4.24 1021
4.24 1020
4.24 1019
4.24 1018
4.24 1017
4.47 1016
4.47 1015
4.47 1014
4.50 1013
4.50 1012
4.51 1011
4.53 1010
4.55 1009
4.56 1008
4.67 1007
4.67 1006
4.68 1005
4.68 1004
4.69 1003
4.70 1002
4.70 1001
4.71 1000
4.82 999
4.98 998
5.04 997
5.05 996
5.08 995
5.09 994
5.09 993
5.14 992
5.14 991
5.18 990
5.18 989
5.18 988
5.50 987
5.52 986
5.55 985
5.75 984
6.17 983
6.19 982
6.55 981
6.59 980
