0.00 3736
0.01 3735
0.01 3734
0.01 3733
0.01 3732
0.01 3731
0.01 3730
0.01 3729
0.01 3728
0.01 3727
0.01 3726
0.01 3725
0.01 3724
0.01 3723
0.01 3722
0.01 3721
0.01 3720
0.01 3719
0.01 3718
0.01 3717
0.01 3716
0.01 3715
0.01 3714
0.01 3713
0.01 3712
0.01 3711
0.02 3710
0.02 3709
0.02 3708
0.02 3707
0.02 3706
0.02 3705
0.02 3704
0.02 3703
2.68 2548
2.68 2547
2.68 2546
2.68 2545
2.68 2544
2.68 2543
2.79 2512
2.79 2511
3.03 2510
3.03 2509
3.03 2508
3.03 2507
3.03 2506
3.03 2505
3.03 2504
3.03 2503
3.03 2502
3.03 2501
3.03 2500
3.03 2499
3.09 2498
3.09 2497
3.09 2496
3.09 2495
3.09 2494
3.09 2493
3.09 2492
3.16 2491
3.16 2490
3.26 2460
3.26 2458
3.26 2457
3.26 2456
3.26 2455
3.42 2454
3.42 2453
3.42 2452
3.43 2434
3.43 2433
3.43 2432
3.43 2431
3.43 2430
3.43 2429
3.43 2428
3.43 2427
3.46 2421
3.46 2420
3.47 2419
3.47 2418
3.49 2392
3.57 2391
3.57 2390
3.57 2389
3.57 2388
3.57 2387
3.57 2386
3.57 2385
3.57 2384
3.57 2383
3.75 2382
3.75 2381
3.75 2380
3.75 2379
3.91 2378
3.91 2377
3.91 2376
3.91 2375
3.91 2374
3.91 2373
3.91 2372
3.91 2371
3.91 2370
3.91 2369
3.91 2368
3.91 2367
4.01 2357
4.01 2356
4.01 2355
4.01 2353
4.01 2352
4.02 2351
4.02 2350
4.02 2349
4.02 2348
4.02 2347
4.02 2346
4.02 2345
4.02 2344
4.02 2343
4.16 2342
4.16 2341
4.17 2340
4.17 2339
4.27 2338
4.27 2337
4.27 2336
4.27 2335
4.27 2334
4.27 2333
4.27 2332
4.27 2331
4.27 2330
4.27 2329
4.27 2328
4.27 2327
4.27 2326
4.33 2325
4.33 2324
4.33 2323
4.33 2322
4.33 2321
4.33 2320
4.33 2319
4.33 2318
4.33 2317
4.34 2316
4.34 2315
4.46 2314
4.50 2313
4.50 2312
4.50 2311
4.51 2310
4.51 2309
4.54 2308
4.54 2307
4.54 2306
4.54 2305
4.54 2304
4.54 2303
4.54 2302
4.54 2301
4.56 2300
4.56 2299
4.74 2298
4.74 2297
4.74 2296
4.74 2295
4.74 2294
4.75 2293
4.75 2292
4.86 2291
4.87 2290
4.87 2289
4.87 2288
4.92 2287
4.92 2286
4.97 2285
4.97 2284
4.97 2283
4.99 2282
5.01 2281
5.01 2280
5.01 2279
5.05 2278
5.10 2277
5.10 2276
5.10 2275
5.10 2274
5.10 2273
5.16 2272
5.18 2271
5.18 2270
5.18 2269
5.18 2268
5.18 2267
5.19 2266
5.19 2265
5.20 2264
5.20 2263
5.20 2262
5.20 2261
5.33 2260
5.33 2259
5.33 2258
5.52 2257
5.52 2256
5.56 2255
5.56 2254
5.56 2253
5.56 2252
5.56 2251
5.75 2250
5.75 2249
5.75 2248
5.80 2247
5.87 2246
5.87 2245
5.87 2244
6.09 2243
6.20 2242
6.22 2241
6.23 2240
6.45 2239
6.68 2238
7.31 2237
