0.00 1960
0.64 1959
0.64 1958
0.64 1957
0.64 1956
0.64 1955
0.64 1954
0.64 1953
0.64 1952
0.64 1951
0.64 1950
0.64 1949
0.64 1948
0.64 1947
0.64 1946
0.64 1945
0.64 1944
0.64 1943
0.64 1942
0.64 1941
0.64 1940
0.64 1939
0.64 1938
0.64 1937
0.64 1936
0.64 1935
0.64 1934
0.64 1933
0.64 1932
0.64 1931
0.64 1930
0.64 1929
0.64 1928
0.64 1927
0.64 1926
0.64 1925
0.64 1924
0.64 1923
0.64 1922
0.64 1921
0.65 1920
0.65 1919
0.65 1918
0.65 1917
0.65 1916
0.65 1915
0.65 1914
0.65 1913
0.65 1912
0.65 1911
0.65 1910
0.65 1909
0.65 1908
0.65 1907
0.65 1906
0.65 1905
0.65 1904
0.65 1903
0.65 1902
0.65 1901
0.65 1900
0.65 1899
0.65 1898
0.65 1897
0.65 1896
0.65 1895
0.65 1894
0.65 1893
0.65 1892
0.65 1891
0.65 1890
0.65 1889
0.65 1888
0.65 1887
0.65 1886
0.65 1885
0.65 1884
0.65 1883
0.65 1882
0.65 1881
0.65 1880
0.65 1879
0.65 1878
0.65 1877
0.65 1876
0.65 1875
0.65 1874
0.65 1873
0.65 1872
0.65 1871
0.65 1870
0.65 1869
0.65 1868
0.65 1867
0.66 1866
0.66 1865
0.66 1864
0.66 1863
0.66 1862
0.66 1861
0.66 1860
0.66 1859
0.66 1858
0.66 1857
0.66 1856
0.66 1855
0.66 1854
0.66 1853
0.66 1852
0.66 1851
0.66 1850
0.66 1849
0.66 1848
0.66 1847
0.66 1846
0.66 1845
0.66 1844
0.66 1843
0.66 1842
0.66 1841
0.66 1840
0.66 1839
0.66 1838
0.66 1837
0.66 1836
0.66 1835
0.66 1834
0.66 1833
0.66 1832
0.66 1831
0.66 1830
0.66 1829
0.66 1828
0.66 1827
0.66 1826
0.66 1825
0.66 1824
0.66 1823
0.66 1822
0.66 1821
0.66 1820
0.66 1819
0.66 1818
0.66 1817
0.66 1816
0.67 1815
0.67 1814
0.67 1813
0.67 1812
0.67 1811
0.67 1810
0.67 1809
0.67 1808
0.67 1807
0.67 1806
0.67 1805
0.67 1804
0.67 1803
0.67 1802
0.67 1801
0.67 1800
0.67 1799
0.67 1798
0.67 1797
0.67 1796
0.67 1795
0.67 1794
0.67 1793
0.67 1792
0.67 1791
0.67 1790
0.67 1789
0.67 1788
0.67 1787
0.67 1786
0.67 1785
0.67 1784
0.67 1783
0.67 1782
0.67 1781
0.67 1780
0.67 1779
0.67 1778
0.67 1777
0.67 1776
0.68 1775
0.68 1774
0.68 1773
0.68 1772
0.68 1771
0.68 1770
0.68 1769
0.68 1768
0.68 1767
0.68 1766
0.68 1765
0.68 1764
0.68 1763
0.68 1762
0.68 1761
0.68 1760
0.68 1759
0.68 1758
0.68 1757
0.68 1756
0.68 1755
0.68 1754
0.68 1753
0.68 1752
0.68 1751
0.68 1750
0.68 1749
0.68 1748
0.68 1747
0.68 1746
0.68 1745
0.68 1744
0.68 1743
0.68 1742
0.68 1741
0.68 1740
0.68 1739
0.68 1738
0.68 1737
0.68 1736
0.68 1735
0.68 1734
0.68 1733
0.68 1732
0.68 1731
0.68 1730
0.69 1729
0.69 1728
0.69 1727
0.69 1726
0.69 1725
0.69 1724
0.69 1723
0.69 1722
0.69 1721
0.69 1720
0.69 1719
0.69 1718
0.69 1717
0.69 1716
0.69 1715
0.69 1714
0.69 1713
0.69 1712
0.69 1711
0.69 1710
0.69 1709
0.69 1708
0.69 1707
0.69 1706
0.69 1705
0.69 1704
0.69 1703
0.69 1702
0.69 1701
0.69 1700
0.69 1699
0.69 1698
0.69 1697
0.69 1696
0.69 1695
0.69 1694
0.69 1693
0.69 1692
0.69 1691
0.69 1690
0.69 1689
0.69 1688
0.69 1687
0.69 1686
0.69 1685
0.70 1684
0.70 1683
0.70 1682
0.70 1681
0.70 1680
0.70 1679
0.70 1678
0.70 1677
0.70 1676
0.70 1675
0.70 1674
0.70 1673
0.70 1672
0.70 1671
0.70 1670
0.70 1669
0.70 1668
0.70 1667
0.70 1666
0.70 1665
0.70 1664
0.70 1663
0.70 1662
0.70 1661
0.70 1660
0.70 1659
0.70 1658
0.70 1657
0.70 1656
0.70 1655
0.70 1654
0.70 1653
0.70 1652
0.70 1651
0.70 1650
0.70 1649
0.70 1648
0.70 1647
0.70 1646
0.70 1645
0.70 1644
0.70 1643
0.70 1642
0.70 1641
0.71 1640
0.71 1639
0.71 1638
0.71 1637
0.71 1636
0.71 1635
0.71 1634
0.71 1633
0.71 1632
0.71 1631
0.71 1630
0.71 1629
0.71 1628
0.71 1627
0.71 1626
0.71 1625
0.71 1624
0.71 1623
0.71 1622
0.71 1621
0.71 1620
0.71 1619
0.71 1618
0.71 1617
0.71 1616
0.71 1615
0.71 1614
0.71 1613
0.72 1612
0.72 1611
0.72 1610
0.72 1609
0.72 1608
0.72 1607
0.72 1606
0.72 1605
0.72 1604
0.72 1603
0.72 1602
0.72 1601
0.72 1600
0.72 1599
0.72 1598
0.72 1597
0.72 1596
0.72 1595
0.72 1594
0.72 1593
0.72 1592
0.72 1591
0.72 1590
0.72 1589
0.72 1588
0.72 1587
0.72 1586
0.72 1585
0.72 1584
0.72 1583
0.72 1582
0.72 1581
0.72 1580
0.72 1579
0.72 1578
0.72 1577
0.73 1576
0.73 1575
0.73 1574
0.73 1573
0.73 1572
0.73 1571
0.73 1570
0.73 1569
0.73 1568
0.73 1567
0.73 1566
0.73 1565
0.73 1564
0.73 1563
0.73 1562
0.73 1561
0.73 1560
0.73 1559
0.73 1558
0.73 1557
0.73 1556
0.73 1555
0.73 1554
0.73 1553
0.73 1552
0.74 1551
0.74 1550
0.74 1549
0.74 1548
0.74 1547
0.74 1546
0.74 1545
0.74 1544
0.74 1543
0.74 1542
0.74 1541
0.74 1540
0.74 1539
0.74 1538
0.74 1537
0.74 1536
0.74 1535
0.74 1534
0.74 1533
0.74 1532
0.74 1531
0.75 1530
0.75 1529
0.75 1528
0.75 1527
0.75 1526
0.75 1525
0.75 1524
0.75 1523
0.75 1522
0.75 1521
0.75 1520
0.75 1519
0.75 1518
0.75 1517
0.75 1516
0.75 1515
0.75 1514
0.75 1513
0.75 1512
0.75 1511
0.75 1510
0.75 1509
0.75 1508
0.75 1507
0.75 1506
0.75 1505
0.75 1504
0.75 1503
0.75 1502
0.75 1501
0.75 1500
0.75 1499
0.76 1498
0.76 1497
0.76 1496
0.76 1495
0.76 1494
0.76 1493
0.76 1492
0.76 1491
0.76 1490
0.76 1489
0.76 1488
0.76 1487
0.76 1486
0.76 1485
0.76 1484
0.76 1483
0.76 1482
0.76 1481
0.76 1480
0.76 1479
0.76 1478
0.76 1477
0.76 1476
0.76 1475
0.76 1474
0.76 1473
0.76 1472
0.76 1471
0.77 1470
0.77 1469
0.77 1468
0.77 1467
0.77 1466
0.77 1465
0.77 1464
0.77 1463
0.77 1462
0.77 1461
0.77 1460
0.77 1459
0.77 1458
0.77 1457
0.77 1456
0.77 1455
0.77 1454
0.77 1453
0.77 1452
0.78 1451
0.78 1450
0.78 1449
0.78 1448
0.78 1447
0.78 1446
0.78 1445
0.78 1444
0.78 1443
0.78 1442
0.78 1441
0.78 1440
0.78 1439
0.78 1438
0.78 1437
0.78 1436
0.78 1435
0.78 1434
0.78 1433
0.78 1432
0.78 1431
0.78 1430
0.78 1429
0.78 1428
0.78 1427
0.78 1426
0.78 1425
0.78 1424
0.78 1423
0.78 1422
0.79 1421
0.79 1420
0.79 1419
0.79 1418
0.79 1417
0.79 1416
0.79 1415
0.79 1414
0.79 1413
0.79 1412
0.79 1411
0.79 1410
0.79 1409
0.79 1408
0.79 1407
0.79 1406
0.79 1405
0.79 1404
0.79 1403
0.79 1402
0.79 1401
0.80 1400
0.80 1399
0.80 1398
0.80 1397
0.80 1396
0.80 1395
0.80 1394
0.80 1393
0.80 1392
0.80 1391
0.80 1390
0.80 1389
0.80 1388
0.80 1387
0.80 1386
0.80 1385
0.80 1384
0.80 1383
0.80 1382
0.80 1381
0.80 1380
0.80 1379
0.80 1378
0.81 1377
0.81 1376
0.81 1375
0.81 1374
0.81 1373
0.81 1372
0.81 1371
0.81 1370
0.81 1369
0.81 1368
0.81 1367
0.82 1366
0.82 1365
0.82 1364
0.82 1363
0.82 1362
0.82 1361
0.82 1360
0.82 1359
0.82 1358
0.82 1357
0.82 1356
0.82 1355
0.82 1354
0.82 1353
0.82 1352
0.82 1351
0.82 1350
0.82 1349
0.82 1348
0.82 1347
0.82 1346
0.82 1345
0.83 1344
0.83 1343
0.83 1342
0.83 1341
0.83 1340
0.83 1339
0.83 1338
0.83 1337
0.83 1336
0.84 1335
0.84 1334
0.84 1333
0.84 1332
0.84 1331
0.84 1330
0.84 1329
0.84 1328
0.85 1327
0.85 1326
0.85 1325
0.85 1324
0.85 1323
0.85 1322
0.85 1321
0.85 1320
0.85 1319
0.85 1318
0.85 1317
0.85 1316
0.86 1315
0.86 1314
0.86 1313
0.86 1312
0.86 1311
0.86 1310
0.86 1309
0.86 1308
0.86 1307
0.86 1306
0.86 1305
0.86 1304
0.87 1303
0.87 1302
0.87 1301
0.87 1300
0.87 1299
0.87 1298
0.87 1297
0.87 1296
0.87 1295
0.88 1294
0.88 1293
0.88 1292
0.88 1291
0.88 1290
0.88 1289
0.88 1288
0.88 1287
0.88 1286
0.88 1285
0.88 1284
0.88 1283
0.88 1282
0.88 1281
0.88 1280
0.89 1279
0.89 1278
0.89 1277
0.89 1276
0.89 1275
0.89 1274
0.89 1273
0.89 1272
0.89 1271
0.90 1270
0.90 1269
0.90 1268
0.90 1267
0.90 1266
0.90 1265
0.90 1264
0.90 1263
0.90 1262
0.90 1261
0.90 1260
0.90 1259
0.90 1258
0.90 1257
0.90 1256
0.90 1255
0.90 1254
0.90 1253
0.91 1252
0.91 1251
0.91 1250
0.91 1249
0.91 1248
0.91 1247
0.91 1246
0.91 1245
0.91 1244
0.91 1243
0.91 1242
0.91 1241
0.91 1240
0.91 1239
0.96 1238
0.96 1237
0.96 1236
0.98 1235
0.98 1234
0.98 1233
1.01 1232
1.01 1231
1.01 1230
1.01 1229
1.06 1228
1.06 1227
1.06 1226
1.06 1225
1.06 1224
1.06 1223
1.06 1222
1.06 1221
1.07 1220
1.07 1219
1.07 1218
1.07 1217
1.07 1216
1.07 1215
1.07 1214
1.07 1213
1.08 1212
1.08 1211
1.08 1210
1.08 1209
1.08 1208
1.08 1207
1.08 1206
1.08 1205
1.08 1204
1.08 1203
1.12 1202
1.12 1201
1.12 1200
1.22 1199
1.22 1198
1.22 1197
1.22 1196
1.23 1195
1.24 1194
1.24 1193
1.24 1192
1.24 1191
1.24 1190
1.24 1189
1.25 1188
1.25 1187
1.25 1186
1.25 1185
1.25 1184
1.25 1183
1.25 1182
1.25 1181
1.26 1180
1.28 1179
1.28 1178
1.28 1177
1.28 1176
1.29 1175
1.29 1174
1.29 1173
1.30 1172
1.44 1171
1.44 1170
1.45 1169
1.45 1168
1.45 1167
1.45 1166
1.63 1165
1.64 1164
1.64 1163
1.64 1162
1.64 1161
1.64 1160
1.65 1159
1.65 1158
1.65 1157
1.66 1156
1.66 1155
1.66 1154
1.67 1153
1.67 1152
1.67 1151
1.67 1150
1.67 1149
1.74 1148
1.74 1147
1.75 1146
1.75 1145
1.76 1144
1.76 1143
1.76 1142
1.76 1141
1.76 1140
1.76 1139
1.90 1138
1.90 1137
1.90 1136
1.90 1135
1.91 1134
1.91 1133
1.91 1132
1.93 1131
1.93 1130
1.93 1129
1.93 1128
1.93 1127
1.93 1126
1.93 1125
1.93 1124
1.93 1123
1.93 1122
1.93 1121
1.93 1120
1.93 1119
1.93 1118
1.93 1117
1.93 1116
1.93 1115
1.93 1114
2.20 1113
2.20 1112
2.37 1111
2.37 1110
2.40 1109
2.40 1108
2.40 1107
2.40 1106
2.40 1105
2.40 1104
2.40 1103
2.40 1102
2.40 1101
2.40 1100
2.40 1099
2.43 1098
2.43 1097
2.73 1096
2.74 1095
2.74 1094
2.74 1093
2.74 1092
2.76 1091
2.76 1090
2.76 1089
2.76 1088
2.76 1087
2.84 1086
2.84 1085
2.84 1084
2.85 1083
2.85 1082
3.00 1081
3.00 1080
3.01 1079
3.01 1078
3.01 1077
3.01 1076
3.03 1075
3.03 1074
3.03 1073
3.03 1072
3.03 1071
3.03 1070
3.03 1069
3.03 1068
3.03 1067
3.03 1066
3.08 1065
3.08 1064
3.09 1063
3.09 1062
3.09 1061
3.09 1060
3.10 1059
3.11 1058
3.11 1057
3.11 1056
3.11 1055
3.11 1054
3.18 1053
3.21 1052
3.21 1051
3.22 1050
3.22 1049
3.22 1048
3.22 1047
3.23 1046
3.23 1045
3.24 1044
3.24 1043
3.58 1042
3.58 1041
3.62 1040
3.66 1039
3.66 1038
3.67 1037
3.67 1036
3.67 1035
3.67 1034
3.82 1033
3.82 1032
3.82 1031
3.83 1030
3.83 1029
3.83 1028
4.02 1027
4.02 1026
4.02 1025
4.02 1024
4.03 1023
4.03 1022
4.05 1021
4.05 1020
4.10 1019
4.12 1018
4.12 1017
4.13 1016
4.13 1015
4.13 1014
4.14 1013
4.40 1012
4.40 1011
4.46 1010
4.46 1009
4.53 1008
4.59 1007
4.82 1006
4.82 1005
4.89 1004
4.89 1003
4.90 1002
4.90 1001
4.90 1000
4.92 999
4.92 998
4.92 997
4.94 996
5.08 995
5.08 994
5.09 993
5.11 992
5.17 991
5.17 990
5.21 989
5.23 988
5.31 987
5.66 986
5.66 985
5.68 984
5.69 983
6.14 982
6.16 981
6.28 980
