0.00 3736
0.01 3735
0.01 3734
0.01 3733
0.01 3732
0.01 3731
0.01 3730
0.01 3729
0.01 3728
0.01 3727
0.01 3726
0.01 3725
0.01 3724
0.01 3723
0.01 3722
0.01 3721
0.01 3720
0.01 3719
0.01 3718
3.01 2475
3.01 2474
3.01 2473
3.01 2472
3.01 2471
3.18 2466
3.23 2452
3.27 2448
3.27 2447
3.27 2446
3.27 2445
3.27 2444
3.27 2443
3.27 2442
3.28 2441
3.28 2440
3.31 2439
3.31 2438
3.31 2437
3.31 2436
3.31 2435
3.31 2434
3.31 2433
3.31 2432
3.31 2431
3.38 2430
3.38 2429
3.38 2428
3.38 2427
3.38 2426
3.38 2425
3.38 2424
3.38 2423
3.38 2422
3.38 2421
3.45 2389
3.45 2388
3.63 2387
3.63 2386
3.78 2385
3.78 2384
3.78 2383
3.78 2382
3.78 2381
3.78 2380
3.78 2379
3.78 2378
3.78 2377
3.78 2376
3.78 2375
3.78 2374
3.78 2373
3.78 2372
3.86 2371
3.86 2370
3.86 2369
3.86 2368
3.86 2367
3.86 2366
3.96 2365
3.96 2364
3.96 2363
3.96 2362
3.96 2361
3.96 2360
3.97 2358
3.97 2357
3.97 2356
3.97 2355
3.97 2354
3.97 2353
4.04 2351
4.04 2350
4.04 2349
4.10 2345
4.10 2344
4.10 2343
4.10 2342
4.22 2341
4.22 2340
4.22 2339
4.22 2338
4.22 2337
4.24 2336
4.24 2335
4.24 2334
4.24 2333
4.24 2332
4.24 2331
4.24 2330
4.24 2329
4.24 2328
4.24 2327
4.24 2326
4.24 2325
4.24 2324
4.24 2323
4.24 2322
4.24 2321
4.24 2320
4.24 2319
4.24 2318
4.32 2317
4.32 2316
4.34 2315
4.35 2314
4.35 2313
4.35 2312
4.35 2311
4.35 2310
4.37 2309
4.37 2308
4.44 2307
4.44 2306
4.46 2305
4.46 2304
4.46 2303
4.46 2302
4.46 2301
4.49 2300
4.50 2299
4.52 2298
4.52 2297
4.52 2296
4.52 2295
4.52 2294
4.52 2293
4.52 2292
4.52 2291
4.52 2290
4.52 2289
4.56 2288
4.56 2287
4.56 2286
4.56 2285
4.56 2284
4.65 2283
4.65 2282
4.65 2281
4.76 2280
4.76 2279
4.77 2278
4.77 2277
4.77 2276
4.77 2275
4.77 2274
4.79 2273
4.79 2272
4.79 2271
4.83 2270
4.83 2269
4.83 2268
4.83 2267
4.84 2266
4.84 2265
4.84 2264
4.84 2263
5.08 2262
5.08 2261
5.10 2260
5.10 2259
5.10 2258
5.10 2257
5.10 2256
5.20 2255
5.25 2254
5.31 2253
5.34 2252
5.34 2251
5.34 2250
5.39 2249
5.40 2248
5.40 2247
5.40 2246
5.42 2245
5.42 2244
5.43 2243
5.43 2242
5.56 2241
5.61 2240
5.66 2239
5.66 2238
5.66 2237
5.66 2236
5.66 2235
5.66 2234
5.67 2233
5.67 2232
5.94 2231
6.01 2230
6.14 2229
6.17 2228
6.18 2227
6.34 2226
6.34 2225
6.65 2224
7.05 2223
