0.00 814
0.00 813
0.00 812
0.00 811
0.00 810
0.00 809
0.00 808
0.00 807
0.00 806
1.00 716
1.00 708
1.00 707
1.06 706
1.11 697
1.11 696
1.11 695
1.27 694
1.27 693
1.47 691
1.54 687
1.54 686
1.54 685
1.54 684
1.54 683
1.54 682
1.54 681
1.73 680
1.73 679
1.73 678
1.73 677
1.73 676
1.73 675
1.73 674
1.86 673
1.92 672
1.92 671
1.92 670
1.94 664
1.94 663
2.13 660
2.19 659
2.19 658
2.19 657
2.19 656
2.19 655
2.21 654
2.21 653
2.35 652
2.56 651
2.71 650
2.71 649
2.71 648
2.71 647
2.71 646
2.71 645
2.78 644
2.78 643
2.81 642
2.81 641
2.81 640
2.81 639
2.83 637
2.83 636
2.94 635
2.94 634
2.94 633
3.21 632
3.21 631
3.38 630
3.40 629
3.40 628
3.40 627
3.40 626
3.40 625
3.40 624
3.40 623
3.40 622
3.52 621
3.52 620
3.52 619
3.52 618
3.83 617
3.88 616
3.88 615
3.89 614
3.89 613
3.89 612
3.89 611
4.23 610
4.51 609
4.51 608
4.51 607
4.88 606
4.88 605
4.89 604
4.89 603
4.91 602
5.16 601
5.26 600
5.49 599
5.72 598
