0.00 5684
0.08 5683
3.52 4674
3.52 4673
3.52 4672
3.52 4671
3.52 4670
3.52 4669
3.52 4668
3.52 4667
3.52 4666
3.53 4665
3.53 4664
3.53 4663
3.53 4662
3.55 4661
3.55 4660
3.55 4659
3.55 4658
3.55 4657
3.55 4656
3.56 4655
3.56 4654
3.56 4653
3.56 4652
3.56 4651
3.56 4650
3.56 4649
3.56 4648
3.57 4647
3.57 4646
3.57 4645
3.57 4644
3.57 4643
3.58 4642
3.58 4641
3.58 4640
3.58 4639
3.58 4638
3.59 4637
3.59 4636
3.60 4635
3.60 4634
3.60 4633
3.60 4632
3.61 4631
3.61 4630
3.61 4629
3.62 4628
3.62 4627
3.62 4626
3.62 4625
3.63 4624
3.63 4623
3.63 4622
3.63 4621
3.64 4620
3.64 4619
3.65 4618
3.65 4617
3.65 4616
3.66 4615
3.66 4614
3.66 4613
3.66 4612
3.67 4611
3.67 4610
3.67 4609
3.68 4608
3.68 4607
3.68 4606
3.68 4605
3.68 4604
3.68 4603
3.68 4602
3.68 4601
3.68 4600
3.68 4599
3.68 4598
3.70 4597
3.70 4596
3.70 4595
3.70 4594
3.70 4593
3.71 4592
3.71 4591
3.71 4590
3.71 4589
3.71 4588
3.71 4587
3.71 4586
3.71 4585
3.72 4584
3.72 4583
3.72 4582
3.72 4581
3.72 4580
3.72 4579
3.72 4578
3.73 4577
3.73 4576
3.73 4575
3.73 4574
3.73 4573
3.73 4572
3.74 4571
3.74 4570
3.74 4569
3.74 4568
3.74 4567
3.74 4566
3.74 4565
3.74 4564
3.74 4563
3.74 4562
3.74 4561
3.74 4560
3.74 4559
3.74 4558
3.75 4557
3.75 4556
3.75 4555
3.75 4554
3.77 4553
3.77 4552
3.77 4551
3.77 4550
3.78 4549
3.78 4548
3.78 4547
3.79 4546
3.79 4545
3.79 4544
3.80 4543
3.80 4542
3.80 4541
3.81 4540
3.81 4539
3.81 4538
3.81 4537
3.81 4536
3.82 4535
3.82 4534
3.82 4533
3.83 4532
3.83 4531
3.83 4530
3.83 4529
3.84 4528
3.84 4527
3.84 4526
3.84 4525
3.84 4524
3.85 4523
3.85 4522
3.85 4521
3.85 4520
3.86 4519
3.86 4518
3.86 4517
3.86 4516
3.86 4515
3.86 4514
3.86 4513
3.86 4512
3.86 4511
3.86 4510
3.86 4509
3.86 4508
3.86 4507
3.86 4506
3.86 4505
3.88 4504
3.88 4503
3.88 4502
3.88 4501
3.88 4500
3.88 4499
3.88 4498
3.88 4497
3.88 4496
3.88 4495
3.88 4494
3.88 4493
3.89 4492
3.89 4491
3.89 4490
3.89 4489
3.89 4488
3.89 4487
3.89 4486
3.89 4485
3.89 4484
3.89 4483
3.89 4482
3.91 4481
3.91 4480
3.91 4479
3.91 4478
3.91 4477
3.91 4476
3.91 4475
3.91 4474
3.91 4473
3.91 4472
3.91 4471
3.91 4470
3.91 4469
3.91 4468
3.94 4467
3.94 4466
3.94 4465
3.94 4464
3.94 4463
3.94 4462
3.94 4461
3.94 4460
3.96 4459
3.97 4458
3.98 4457
3.98 4456
3.99 4455
3.99 4454
3.99 4453
3.99 4452
4.00 4451
4.00 4450
4.00 4449
4.01 4448
4.10 4220
4.10 4219
4.10 4218
4.10 4217
4.10 4216
4.11 4215
4.11 4214
4.11 4213
4.11 4212
4.11 4211
4.11 4210
4.11 4209
4.13 4208
4.13 4207
4.14 4206
4.14 4205
4.22 4204
4.27 4088
4.27 4087
4.27 4086
4.27 4085
4.27 4084
4.29 4083
4.29 4082
4.29 4081
4.29 4080
4.29 4079
4.29 4078
4.29 4077
4.29 4076
4.32 4075
4.33 4074
4.33 4073
4.33 4072
4.33 4071
4.34 4070
4.35 4069
4.35 4068
4.35 4067
4.36 4066
4.36 4065
4.39 4056
4.40 4055
4.40 4054
4.41 4053
4.41 4052
4.41 4051
4.42 4050
4.42 4049
4.42 4048
4.43 4047
4.43 4046
4.43 4045
4.43 4044
4.43 4043
4.43 4042
4.43 4041
4.43 4040
4.44 4039
4.44 4038
4.44 4037
4.44 4036
4.44 4035
4.44 4034
4.44 4033
4.44 4032
4.44 4031
4.44 4030
4.44 4029
4.44 4028
4.44 4027
4.46 4026
4.46 4025
4.46 4024
4.46 4023
4.46 4022
4.46 4021
4.46 4020
4.46 4019
4.46 4018
4.46 4017
4.46 4016
4.46 4015
4.47 4014
4.47 4013
4.47 4012
4.47 4011
4.47 4010
4.47 4009
4.47 4008
4.47 4002
4.47 4001
4.47 4000
4.47 3999
4.47 3998
4.49 3997
4.49 3996
4.49 3995
4.49 3994
4.49 3993
4.49 3992
4.49 3991
4.49 3990
4.49 3989
4.49 3988
4.49 3987
4.49 3986
4.49 3985
4.63 3908
4.63 3907
4.63 3906
4.63 3905
4.63 3904
4.63 3903
4.63 3902
4.65 3901
4.65 3900
4.66 3899
4.66 3898
4.66 3897
4.66 3896
4.66 3895
4.66 3894
4.66 3893
4.66 3892
4.66 3891
4.66 3890
4.66 3889
4.66 3888
4.66 3887
4.66 3886
4.66 3885
4.68 3884
4.68 3883
4.68 3882
4.68 3881
4.68 3880
4.68 3879
4.68 3878
4.68 3877
4.68 3876
4.68 3875
4.68 3874
4.68 3873
4.68 3872
4.68 3871
4.68 3870
4.68 3869
4.68 3868
4.70 3867
4.70 3866
4.70 3865
4.70 3864
4.70 3863
4.71 3862
4.71 3861
4.71 3860
4.72 3859
4.72 3858
4.72 3857
4.72 3856
4.73 3855
4.73 3854
4.73 3853
4.73 3852
4.74 3851
4.74 3850
4.74 3849
4.74 3848
4.75 3847
4.75 3846
4.76 3845
4.76 3844
4.77 3843
4.77 3842
4.78 3841
4.78 3840
4.79 3839
4.80 3838
4.80 3837
4.80 3836
4.80 3835
4.80 3834
4.80 3833
4.80 3832
4.80 3831
4.80 3830
4.80 3829
4.80 3828
4.80 3827
4.80 3826
4.82 3825
4.82 3824
4.82 3823
4.82 3822
4.82 3821
4.82 3820
4.82 3819
4.82 3818
4.82 3817
4.82 3816
4.83 3815
4.83 3814
4.83 3813
4.83 3812
4.83 3811
4.83 3810
4.85 3809
4.85 3808
4.85 3807
4.85 3806
4.85 3805
4.86 3804
4.86 3803
4.86 3802
4.86 3801
4.86 3800
4.86 3799
4.86 3798
4.86 3797
4.86 3796
4.86 3795
4.86 3794
4.86 3793
4.86 3792
4.86 3791
4.86 3790
4.86 3789
4.88 3788
4.88 3787
4.89 3786
4.89 3785
4.89 3784
4.89 3783
4.89 3782
4.90 3781
4.90 3780
4.90 3779
4.91 3778
4.91 3777
4.91 3776
4.91 3775
4.92 3774
4.92 3773
4.92 3772
4.93 3771
4.93 3770
4.93 3769
4.94 3768
4.94 3767
4.94 3766
4.94 3765
4.94 3764
4.95 3763
4.95 3762
4.95 3761
4.97 3760
4.97 3759
4.97 3758
4.98 3757
4.98 3756
4.98 3755
4.98 3754
4.98 3753
4.98 3752
4.99 3751
4.99 3750
4.99 3749
4.99 3748
4.99 3747
4.99 3746
5.03 3745
5.03 3744
5.03 3743
5.03 3742
5.04 3741
5.04 3740
5.04 3739
5.04 3738
5.04 3737
5.06 3736
5.06 3735
5.06 3734
5.06 3733
5.06 3732
5.06 3731
5.06 3730
5.06 3729
5.06 3728
5.06 3727
5.11 3726
5.12 3725
5.12 3724
5.12 3723
5.12 3722
5.13 3721
5.13 3720
5.13 3719
5.14 3718
5.14 3717
5.14 3716
5.15 3715
5.15 3714
5.15 3713
5.16 3712
5.16 3711
5.16 3710
5.17 3709
5.17 3708
5.19 3707
5.20 3706
5.21 3705
5.21 3704
5.23 3703
5.25 3702
5.25 3701
5.25 3700
5.25 3699
5.25 3698
5.26 3697
5.26 3696
5.27 3695
5.27 3694
5.27 3693
5.27 3692
5.27 3691
5.27 3690
5.27 3689
5.27 3688
5.28 3687
5.28 3686
5.28 3685
5.29 3684
5.29 3683
5.29 3682
5.30 3681
5.31 3680
5.31 3679
5.32 3678
5.32 3677
5.32 3676
5.33 3675
5.33 3674
5.33 3673
5.34 3672
5.34 3671
5.34 3670
5.34 3669
5.34 3668
5.34 3667
5.35 3666
5.35 3665
5.36 3664
5.36 3663
5.36 3662
5.36 3661
5.36 3660
5.37 3659
5.37 3658
5.37 3657
5.37 3656
5.37 3655
5.37 3654
5.37 3653
5.37 3652
5.38 3651
5.38 3650
5.38 3649
5.38 3648
5.38 3647
5.38 3646
5.38 3645
5.38 3644
5.38 3643
5.38 3642
5.38 3641
5.40 3640
5.40 3639
5.40 3638
5.40 3637
5.40 3636
5.40 3635
5.40 3634
5.40 3633
5.40 3632
5.41 3631
5.41 3630
5.41 3629
5.41 3628
5.41 3627
5.41 3626
5.41 3625
5.41 3624
5.41 3623
5.41 3622
5.43 3621
5.43 3620
5.43 3619
5.43 3618
5.43 3617
5.43 3616
5.43 3615
5.43 3614
5.45 3613
5.45 3612
5.45 3611
5.45 3610
5.45 3609
5.45 3608
5.45 3607
5.45 3606
5.45 3605
5.45 3604
5.45 3603
5.45 3602
5.45 3601
5.47 3600
5.47 3599
5.47 3598
5.48 3597
5.48 3596
5.49 3595
5.49 3594
5.49 3593
5.49 3592
5.49 3591
5.51 3590
5.51 3589
5.51 3588
5.51 3587
5.53 3586
5.53 3585
5.53 3584
5.54 3583
5.54 3582
5.54 3581
5.56 3580
5.56 3579
5.56 3578
5.56 3577
5.56 3576
5.56 3575
5.57 3574
5.57 3573
5.59 3572
5.59 3571
5.59 3570
5.59 3569
5.60 3568
5.60 3567
5.60 3566
5.60 3565
5.61 3564
5.62 3563
5.62 3562
5.62 3561
5.62 3560
5.62 3559
5.62 3558
5.62 3557
5.62 3556
5.62 3555
5.63 3554
5.67 3553
5.68 3552
5.69 3551
5.70 3550
5.70 3549
5.70 3548
5.70 3547
5.71 3546
5.71 3545
5.74 3544
5.74 3543
5.74 3542
5.74 3541
5.74 3540
5.74 3539
5.76 3538
5.76 3537
5.76 3536
5.78 3535
5.79 3534
5.93 3533
5.93 3532
5.95 3531
5.95 3530
5.96 3529
5.96 3528
5.96 3527
5.96 3526
5.98 3525
5.98 3524
5.98 3523
5.98 3522
5.98 3521
5.98 3520
5.98 3519
5.98 3518
5.98 3517
5.98 3516
5.98 3515
5.98 3514
5.99 3513
5.99 3512
5.99 3511
5.99 3510
5.99 3509
6.01 3508
6.01 3507
6.02 3506
6.03 3505
6.03 3504
6.03 3503
6.03 3502
6.04 3501
6.04 3500
6.04 3499
6.05 3498
6.05 3497
6.05 3496
6.06 3495
6.07 3494
6.07 3493
6.07 3492
6.08 3491
6.08 3490
6.08 3489
6.09 3488
6.09 3487
6.09 3486
6.09 3485
6.09 3484
6.09 3483
6.09 3482
6.09 3481
6.10 3480
6.10 3479
6.10 3478
6.10 3477
6.10 3476
6.10 3475
6.10 3474
6.12 3473
6.12 3472
6.12 3471
6.12 3470
6.12 3469
6.12 3468
6.14 3467
6.14 3466
6.14 3465
6.14 3464
6.14 3463
6.14 3462
6.14 3461
6.14 3460
6.15 3459
6.15 3458
6.15 3457
6.15 3456
6.15 3455
6.15 3454
6.16 3453
6.17 3452
6.17 3451
6.17 3450
6.17 3449
6.19 3448
6.19 3447
6.19 3446
6.21 3445
6.22 3444
6.22 3443
6.31 3442
6.31 3441
6.33 3440
6.33 3439
6.34 3438
6.34 3437
6.34 3436
6.34 3435
6.34 3434
6.34 3433
6.35 3432
6.35 3431
6.35 3430
6.36 3429
6.36 3428
6.36 3427
6.36 3426
6.36 3425
6.36 3424
6.37 3423
6.37 3422
6.38 3421
6.38 3420
6.38 3419
6.39 3418
6.40 3417
6.43 3416
6.43 3415
6.44 3414
6.44 3413
6.44 3412
6.45 3411
6.45 3410
6.45 3409
6.45 3408
6.45 3407
6.45 3406
6.46 3405
6.46 3404
6.46 3403
6.46 3402
6.46 3401
6.46 3400
6.48 3399
6.48 3398
6.48 3397
6.48 3396
6.48 3395
6.48 3394
6.50 3393
6.50 3392
6.50 3391
6.51 3390
6.51 3389
6.51 3388
6.51 3387
6.51 3386
6.51 3385
6.51 3384
6.51 3383
6.59 3382
6.59 3381
6.60 3380
6.60 3379
6.61 3378
6.62 3377
6.63 3376
6.63 3375
6.63 3374
6.64 3373
6.64 3372
6.65 3371
6.67 3370
6.68 3369
6.70 3368
6.71 3367
6.78 3366
7.05 3365
7.06 3364
7.06 3363
7.06 3362
7.09 3361
7.09 3360
7.09 3359
7.09 3358
7.12 3357
7.13 3356
7.24 3355
7.24 3354
7.24 3353
7.25 3352
7.33 3351
7.47 3350
7.62 3349
7.62 3348
7.62 3347
7.63 3346
7.65 3345
7.82 3344
8.03 3343
8.11 3342
