0.00 814
0.00 813
0.02 812
0.02 811
0.65 729
0.65 728
0.97 712
0.97 711
1.17 699
1.24 696
1.35 695
1.35 694
1.35 693
1.39 688
1.39 687
1.55 686
1.55 685
1.69 677
1.69 676
1.69 675
1.69 674
1.69 673
1.72 672
1.72 671
1.84 670
2.02 669
2.02 668
2.05 667
2.05 666
2.05 665
2.05 664
2.05 663
2.05 662
2.05 661
2.05 656
2.05 655
2.33 654
2.33 653
2.33 652
2.33 651
2.33 650
2.46 649
2.66 648
2.66 647
2.66 646
2.70 645
2.70 644
2.70 643
2.70 642
2.70 641
2.80 640
2.83 639
2.83 638
2.99 637
2.99 636
3.09 635
3.09 634
3.09 633
3.09 632
3.09 631
3.26 630
3.26 629
3.26 628
3.29 627
3.39 626
3.39 625
3.39 624
3.39 623
3.39 622
3.54 621
3.55 620
3.80 619
3.80 618
3.80 617
3.91 616
3.91 615
4.02 614
4.08 613
4.08 612
4.08 611
4.08 610
4.17 609
4.39 608
4.44 607
4.44 606
4.50 605
4.52 604
4.55 603
4.95 602
5.14 601
5.27 600
5.37 599
5.55 598
5.75 597
