0.00 5684
0.12 5683
3.70 4504
3.70 4503
3.70 4502
3.71 4501
3.71 4500
3.71 4499
3.71 4498
3.71 4497
3.71 4496
3.71 4495
3.71 4494
3.72 4493
3.72 4492
3.72 4491
3.73 4490
3.73 4489
3.73 4488
3.93 4348
3.93 4347
3.93 4346
3.93 4345
3.94 4344
3.94 4343
3.94 4342
3.94 4341
3.94 4340
3.94 4339
3.95 4338
3.95 4337
3.95 4336
3.95 4335
3.98 4334
3.98 4333
3.98 4332
3.98 4331
3.98 4330
3.99 4329
3.99 4328
3.99 4327
3.99 4326
3.99 4325
4.01 4324
4.01 4323
4.01 4322
4.01 4321
4.01 4320
4.01 4319
4.01 4318
4.02 4317
4.02 4316
4.02 4315
4.03 4314
4.03 4313
4.03 4312
4.04 4311
4.04 4310
4.04 4309
4.05 4308
4.05 4307
4.05 4306
4.05 4305
4.05 4304
4.05 4303
4.06 4302
4.06 4301
4.06 4300
4.06 4299
4.06 4298
4.10 4269
4.10 4268
4.10 4267
4.10 4266
4.10 4265
4.10 4264
4.10 4263
4.11 4262
4.11 4261
4.11 4260
4.11 4259
4.11 4258
4.11 4257
4.11 4256
4.11 4255
4.12 4254
4.12 4253
4.12 4252
4.12 4251
4.12 4250
4.12 4249
4.13 4248
4.13 4247
4.13 4246
4.13 4245
4.13 4244
4.14 4243
4.14 4242
4.14 4241
4.14 4240
4.14 4239
4.14 4238
4.14 4237
4.15 4236
4.15 4235
4.15 4234
4.15 4233
4.15 4232
4.15 4231
4.15 4230
4.15 4229
4.15 4228
4.16 4227
4.16 4226
4.16 4225
4.16 4224
4.16 4223
4.16 4222
4.16 4221
4.17 4220
4.17 4219
4.18 4218
4.18 4217
4.18 4216
4.18 4215
4.18 4214
4.18 4213
4.19 4212
4.19 4211
4.19 4210
4.20 4209
4.20 4208
4.20 4207
4.20 4206
4.20 4205
4.20 4204
4.47 3992
4.55 3942
4.55 3941
4.56 3940
4.56 3939
4.56 3938
4.56 3937
4.56 3936
4.57 3935
4.57 3934
4.58 3933
4.58 3932
4.59 3931
4.59 3930
4.59 3929
4.59 3928
4.59 3927
4.59 3926
4.59 3925
4.59 3924
4.59 3923
4.60 3922
4.61 3921
4.61 3920
4.65 3919
4.66 3918
4.66 3917
4.66 3916
4.66 3915
4.66 3914
4.66 3913
4.66 3912
4.67 3911
4.67 3910
4.67 3909
4.67 3908
4.67 3907
4.67 3906
4.67 3905
4.67 3904
4.69 3903
4.69 3902
4.69 3901
4.69 3900
4.69 3899
4.69 3898
4.70 3897
4.70 3896
4.70 3895
4.70 3894
4.70 3893
4.70 3892
4.70 3891
4.71 3890
4.71 3889
4.71 3888
4.71 3887
4.71 3886
4.72 3885
4.72 3884
4.72 3883
4.72 3882
4.72 3881
4.72 3880
4.73 3879
4.73 3878
4.73 3877
4.73 3876
4.73 3875
4.73 3874
4.73 3873
4.73 3872
4.74 3871
4.74 3870
4.74 3869
4.74 3868
4.74 3867
4.76 3866
4.76 3865
4.76 3864
4.76 3863
4.76 3862
4.77 3861
4.77 3860
4.77 3859
4.77 3858
4.78 3857
4.79 3856
4.79 3855
4.79 3854
4.79 3853
4.79 3852
4.80 3851
4.80 3850
4.80 3849
4.80 3848
4.80 3847
4.81 3846
4.81 3845
4.81 3844
4.81 3843
4.81 3842
4.81 3841
4.82 3840
4.82 3839
4.82 3838
4.82 3837
4.82 3836
4.82 3835
4.83 3834
4.83 3833
4.83 3832
4.83 3831
4.83 3830
4.83 3829
4.84 3828
4.84 3827
4.84 3826
4.85 3825
4.85 3824
4.86 3823
4.86 3822
4.86 3821
4.86 3820
4.86 3819
4.87 3818
4.87 3817
4.87 3816
4.87 3815
4.87 3814
4.87 3813
4.88 3812
4.88 3811
4.88 3810
4.88 3809
4.88 3808
4.88 3807
4.88 3806
4.88 3805
4.89 3804
4.89 3803
4.89 3802
4.89 3801
4.89 3800
4.89 3799
4.89 3798
4.90 3797
4.90 3796
4.90 3795
4.90 3794
4.90 3793
4.92 3792
4.93 3791
4.93 3790
4.93 3789
4.93 3788
4.93 3787
4.93 3786
4.93 3785
4.93 3784
4.94 3783
4.94 3782
4.94 3781
4.94 3780
4.95 3779
4.95 3778
4.95 3777
4.95 3776
4.95 3775
4.95 3774
4.95 3773
4.95 3772
4.96 3771
4.96 3770
4.96 3769
4.96 3768
4.96 3767
4.97 3766
4.97 3765
4.97 3764
4.97 3763
4.97 3762
4.98 3761
4.98 3760
4.98 3759
4.98 3758
4.98 3757
4.98 3756
4.98 3755
4.99 3754
4.99 3753
4.99 3752
4.99 3751
4.99 3750
4.99 3749
4.99 3748
4.99 3747
5.00 3746
5.00 3745
5.00 3744
5.00 3743
5.00 3742
5.00 3741
5.00 3740
5.01 3739
5.01 3738
5.01 3737
5.01 3736
5.01 3735
5.01 3734
5.02 3733
5.02 3732
5.03 3731
5.03 3730
5.03 3729
5.03 3728
5.03 3727
5.03 3726
5.04 3725
5.04 3724
5.04 3723
5.04 3722
5.04 3721
5.04 3720
5.05 3719
5.05 3718
5.05 3717
5.05 3716
5.05 3715
5.06 3714
5.06 3713
5.06 3712
5.06 3711
5.06 3710
5.06 3709
5.06 3708
5.07 3707
5.07 3706
5.07 3705
5.07 3704
5.07 3703
5.07 3702
5.08 3701
5.08 3700
5.08 3699
5.08 3698
5.08 3697
5.09 3696
5.09 3695
5.09 3694
5.09 3693
5.11 3692
5.11 3691
5.11 3690
5.11 3689
5.11 3688
5.11 3687
5.12 3686
5.12 3685
5.12 3684
5.12 3683
5.12 3682
5.12 3681
5.12 3680
5.13 3679
5.13 3678
5.13 3677
5.13 3676
5.13 3675
5.14 3674
5.14 3673
5.14 3672
5.14 3671
5.14 3670
5.14 3669
5.15 3668
5.15 3667
5.15 3666
5.15 3665
5.16 3664
5.17 3663
5.17 3662
5.17 3661
5.18 3660
5.18 3659
5.18 3658
5.18 3657
5.18 3656
5.18 3655
5.19 3654
5.19 3653
5.19 3652
5.19 3651
5.19 3650
5.19 3649
5.20 3648
5.20 3647
5.21 3646
5.22 3645
5.22 3644
5.22 3643
5.22 3642
5.23 3641
5.23 3640
5.23 3639
5.23 3638
5.23 3637
5.23 3636
5.24 3635
5.24 3634
5.24 3633
5.24 3632
5.25 3631
5.25 3630
5.25 3629
5.27 3628
5.27 3627
5.31 3626
5.31 3625
5.31 3624
5.32 3623
5.32 3622
5.32 3621
5.32 3620
5.32 3619
5.33 3618
5.33 3617
5.33 3616
5.33 3615
5.33 3614
5.33 3613
5.33 3612
5.35 3611
5.35 3610
5.35 3609
5.35 3608
5.36 3607
5.36 3606
5.36 3605
5.36 3604
5.36 3603
5.36 3602
5.36 3601
5.36 3600
5.37 3599
5.37 3598
5.37 3597
5.37 3596
5.37 3595
5.37 3594
5.38 3593
5.38 3592
5.38 3591
5.38 3590
5.39 3589
5.39 3588
5.39 3587
5.40 3586
5.41 3585
5.41 3584
5.41 3583
5.41 3582
5.41 3581
5.42 3580
5.42 3579
5.43 3578
5.43 3577
5.43 3576
5.43 3575
5.43 3574
5.44 3573
5.44 3572
5.44 3571
5.44 3570
5.44 3569
5.54 3568
5.55 3567
5.55 3566
5.55 3565
5.55 3564
5.56 3563
5.56 3562
5.56 3561
5.56 3560
5.57 3559
5.57 3558
5.57 3557
5.57 3556
5.57 3555
5.58 3554
5.58 3553
5.58 3552
5.58 3551
5.59 3550
5.59 3549
5.59 3548
5.59 3547
5.59 3546
5.60 3545
5.60 3544
5.60 3543
5.60 3542
5.60 3541
5.61 3540
5.61 3539
5.61 3538
5.61 3537
5.61 3536
5.61 3535
5.62 3534
5.62 3533
5.62 3532
5.62 3531
5.63 3530
5.63 3529
5.63 3528
5.63 3527
5.63 3526
5.63 3525
5.63 3524
5.64 3523
5.64 3522
5.64 3521
5.64 3520
5.65 3519
5.65 3518
5.65 3517
5.65 3516
5.65 3515
5.66 3514
5.66 3513
5.66 3512
5.66 3511
5.67 3510
5.67 3509
5.68 3508
5.68 3507
5.68 3506
5.68 3505
5.68 3504
5.72 3503
5.73 3502
5.73 3501
5.73 3500
5.73 3499
5.74 3498
5.76 3497
5.76 3496
5.76 3495
5.76 3494
5.76 3493
5.77 3492
5.77 3491
5.77 3490
5.78 3489
5.78 3488
5.78 3487
5.78 3486
5.79 3485
5.79 3484
5.87 3483
5.87 3482
5.88 3481
5.88 3480
5.88 3479
5.88 3478
5.88 3477
5.88 3476
5.88 3475
5.89 3474
5.89 3473
5.89 3472
5.89 3471
5.91 3470
5.91 3469
5.91 3468
5.92 3467
5.92 3466
5.92 3465
5.92 3464
5.93 3463
5.93 3462
5.97 3461
5.97 3460
5.98 3459
5.98 3458
5.98 3457
5.98 3456
6.06 3455
6.06 3454
6.06 3453
6.07 3452
6.17 3451
6.17 3450
6.17 3449
6.17 3448
6.17 3447
6.17 3446
6.24 3445
6.25 3444
6.25 3443
6.26 3442
6.26 3441
6.26 3440
6.27 3439
6.27 3438
6.27 3437
6.27 3436
6.27 3435
6.27 3434
6.28 3433
6.28 3432
6.28 3431
6.28 3430
6.28 3429
6.29 3428
6.29 3427
6.29 3426
6.29 3425
6.29 3424
6.30 3423
6.30 3422
6.30 3421
6.31 3420
6.31 3419
6.31 3418
6.33 3417
6.33 3416
6.33 3415
6.34 3414
6.35 3413
6.35 3412
6.35 3411
6.38 3410
6.40 3409
6.40 3408
6.40 3407
6.40 3406
6.41 3405
6.41 3404
6.42 3403
6.44 3402
6.44 3401
6.45 3400
6.46 3399
6.47 3398
6.47 3397
6.47 3396
6.47 3395
6.48 3394
6.50 3393
6.51 3392
6.63 3391
6.63 3390
6.64 3389
6.65 3388
6.69 3387
6.69 3386
6.71 3385
6.72 3384
6.78 3383
6.79 3382
6.80 3381
6.80 3380
6.80 3379
6.80 3378
6.81 3377
6.87 3376
6.88 3375
6.90 3374
7.13 3373
7.14 3372
7.15 3371
7.17 3370
7.18 3369
7.18 3368
7.25 3367
7.29 3366
7.30 3365
7.32 3364
7.33 3363
7.35 3362
7.38 3361
7.55 3360
7.67 3359
7.70 3358
7.90 3357
7.91 3356
7.93 3355
7.94 3354
8.07 3353
8.08 3352
