0.00 814
0.00 813
0.00 812
0.00 811
0.00 810
0.00 809
0.00 808
0.00 807
0.00 806
0.00 805
0.00 804
0.00 803
0.00 802
0.00 801
0.00 800
0.00 799
0.00 798
0.00 797
0.01 796
0.01 795
0.83 726
0.83 725
1.03 715
1.15 702
1.15 701
1.15 700
1.15 699
1.15 698
1.15 697
1.15 696
1.23 695
1.23 694
1.23 693
1.37 689
1.59 688
1.67 687
1.70 681
1.70 680
1.70 679
1.72 677
1.78 676
1.78 675
1.78 674
1.78 673
1.78 672
1.78 671
1.78 670
1.78 669
1.78 668
1.88 667
1.88 666
2.01 665
2.01 664
2.13 663
2.13 662
2.27 661
2.29 660
2.39 659
2.39 658
2.39 657
2.39 656
2.39 655
2.46 654
2.46 653
2.55 652
2.58 651
2.58 650
2.62 649
2.62 648
2.62 647
2.62 646
2.62 645
2.62 644
2.62 643
2.62 642
2.62 641
2.85 640
2.85 639
2.93 638
3.18 637
3.18 636
3.18 635
3.18 634
3.18 633
3.26 632
3.27 631
3.27 630
3.27 629
3.27 627
3.27 626
3.53 625
3.53 624
3.53 623
3.53 622
3.69 621
3.69 620
3.81 619
3.84 618
4.01 617
4.07 616
4.07 615
4.07 614
4.07 613
4.13 612
4.29 611
4.35 610
4.53 609
4.61 608
4.62 607
4.62 606
4.62 605
4.62 604
4.86 603
4.86 602
5.14 601
5.41 600
6.42 599
6.56 598
