0.00 814
0.02 813
0.02 812
0.02 811
0.02 810
0.32 718
0.32 717
0.32 716
0.79 715
0.79 714
0.79 713
0.79 712
1.04 707
1.04 706
1.04 705
1.34 699
1.34 698
1.34 697
1.34 696
1.42 695
1.42 694
1.42 693
1.42 692
1.42 691
1.55 690
1.55 689
1.55 688
1.55 687
1.55 686
1.55 685
1.63 675
1.71 674
1.71 673
1.71 672
1.71 671
1.79 670
1.79 669
1.79 668
1.79 667
1.79 666
1.79 665
2.03 664
2.11 663
2.14 662
2.14 661
2.21 659
2.21 658
2.21 657
2.25 656
2.25 655
2.25 654
2.25 653
2.25 652
2.32 651
2.32 650
2.43 649
2.63 648
2.63 647
2.63 646
2.64 645
2.84 643
2.87 642
2.87 641
2.87 640
3.10 639
3.10 638
3.10 637
3.21 635
3.21 634
3.22 633
3.22 632
3.22 631
3.22 630
3.22 629
3.42 628
3.42 627
3.42 626
3.42 625
3.42 624
3.45 623
3.50 622
3.50 621
3.50 620
3.50 619
3.66 618
3.66 617
3.70 616
3.70 615
3.70 614
3.70 613
3.91 612
4.16 611
4.18 610
4.18 609
4.23 608
4.23 607
4.23 606
4.23 605
4.23 604
4.23 603
4.46 602
5.26 601
5.34 600
5.40 599
5.99 598
