0.00 2000
0.54 1999
0.54 1998
0.54 1997
0.54 1996
0.54 1995
0.54 1994
0.54 1993
0.54 1992
0.54 1991
0.54 1990
0.54 1989
0.54 1988
0.54 1987
0.54 1986
0.54 1985
0.54 1984
0.55 1983
0.55 1982
0.55 1981
0.55 1980
0.55 1979
0.55 1978
0.55 1977
0.55 1976
0.55 1975
0.55 1974
0.55 1973
0.55 1972
0.55 1971
0.55 1970
0.55 1969
0.55 1968
0.55 1967
0.55 1966
0.55 1965
0.55 1964
0.55 1963
0.55 1962
0.55 1961
0.55 1960
0.55 1959
0.55 1958
0.55 1957
0.55 1956
0.55 1955
0.55 1954
0.55 1953
0.55 1952
0.55 1951
0.55 1950
0.55 1949
0.55 1948
0.55 1947
0.55 1946
0.55 1945
0.55 1944
0.55 1943
0.55 1942
0.55 1941
0.55 1940
0.55 1939
0.55 1938
0.55 1937
0.55 1936
0.55 1935
0.55 1934
0.55 1933
0.55 1932
0.55 1931
0.55 1930
0.55 1929
0.55 1928
0.55 1927
0.55 1926
0.55 1925
0.55 1924
0.55 1923
0.55 1922
0.55 1921
0.55 1920
0.55 1919
0.55 1918
0.55 1917
0.55 1916
0.55 1915
0.55 1914
0.55 1913
0.55 1912
0.55 1911
0.55 1910
0.55 1909
0.55 1908
0.55 1907
0.55 1906
0.55 1905
0.57 1904
0.57 1903
0.57 1902
0.57 1901
0.57 1900
0.57 1899
0.57 1898
0.57 1897
0.57 1896
0.57 1895
0.57 1894
0.57 1893
0.57 1892
0.57 1891
0.57 1890
0.57 1889
0.57 1888
0.57 1887
0.57 1886
0.57 1885
0.57 1884
0.57 1883
0.57 1882
0.57 1881
0.57 1880
0.57 1879
0.57 1878
0.57 1877
0.57 1876
0.57 1875
0.57 1874
0.57 1873
0.57 1872
0.57 1871
0.57 1870
0.57 1869
0.57 1868
0.57 1867
0.57 1866
0.57 1865
0.57 1864
0.57 1863
0.57 1862
0.57 1861
0.57 1860
0.57 1859
0.57 1858
0.57 1857
0.57 1856
0.57 1855
0.57 1854
0.57 1853
0.57 1852
0.57 1851
0.57 1850
0.57 1849
0.57 1848
0.57 1847
0.57 1846
0.57 1845
0.57 1844
0.57 1843
0.57 1842
0.57 1841
0.57 1840
0.57 1839
0.57 1838
0.57 1837
0.57 1836
0.57 1835
0.57 1834
0.57 1833
0.57 1832
0.57 1831
0.57 1830
0.57 1829
0.57 1828
0.57 1827
0.58 1826
0.58 1825
0.58 1824
0.59 1823
0.59 1822
0.59 1821
0.59 1820
0.59 1819
0.59 1818
0.59 1817
0.59 1816
0.59 1815
0.59 1814
0.59 1813
0.59 1812
0.59 1811
0.59 1810
0.59 1809
0.59 1808
0.59 1807
0.59 1806
0.59 1805
0.59 1804
0.59 1803
0.59 1802
0.59 1801
0.59 1800
0.59 1799
0.59 1798
0.59 1797
0.59 1796
0.59 1795
0.59 1794
0.59 1793
0.59 1792
0.59 1791
0.59 1790
0.59 1789
0.59 1788
0.59 1787
0.59 1786
0.59 1785
0.59 1784
0.59 1783
0.59 1782
0.59 1781
0.59 1780
0.59 1779
0.59 1778
0.59 1777
0.59 1776
0.59 1775
0.59 1774
0.59 1773
0.59 1772
0.59 1771
0.59 1770
0.59 1769
0.59 1768
0.59 1767
0.59 1766
0.59 1765
0.59 1764
0.59 1763
0.59 1762
0.59 1761
0.59 1760
0.59 1759
0.59 1758
0.59 1757
0.59 1756
0.59 1755
0.59 1754
0.59 1753
0.59 1752
0.60 1751
0.60 1750
0.60 1749
0.60 1748
0.60 1747
0.60 1746
0.60 1745
0.60 1744
0.60 1743
0.60 1742
0.60 1741
0.60 1740
0.60 1739
0.60 1738
0.60 1737
0.60 1736
0.60 1735
0.60 1734
0.60 1733
0.60 1732
0.60 1731
0.60 1730
0.60 1729
0.60 1728
0.60 1727
0.60 1726
0.60 1725
0.60 1724
0.60 1723
0.60 1722
0.60 1721
0.60 1720
0.60 1719
0.60 1718
0.60 1717
0.60 1716
0.60 1715
0.60 1714
0.60 1713
0.60 1712
0.60 1711
0.60 1710
0.60 1709
0.60 1708
0.60 1707
0.60 1706
0.60 1705
0.60 1704
0.60 1703
0.60 1702
0.60 1701
0.60 1700
0.60 1699
0.60 1698
0.60 1697
0.60 1696
0.60 1695
0.60 1694
0.60 1693
0.60 1692
0.60 1691
0.60 1690
0.60 1689
0.60 1688
0.60 1687
0.60 1686
0.60 1685
0.60 1684
0.60 1683
0.60 1682
0.60 1681
0.60 1680
0.60 1679
0.60 1678
0.62 1677
0.62 1676
0.62 1675
0.62 1674
0.62 1673
0.62 1672
0.62 1671
0.62 1670
0.62 1669
0.62 1668
0.62 1667
0.62 1666
0.62 1665
0.62 1664
0.62 1663
0.62 1662
0.62 1661
0.62 1660
0.62 1659
0.62 1658
0.62 1657
0.62 1656
0.62 1655
0.62 1654
0.62 1653
0.62 1652
0.62 1651
0.62 1650
0.62 1649
0.62 1648
0.62 1647
0.62 1646
0.62 1645
0.62 1644
0.62 1643
0.62 1642
0.62 1641
0.62 1640
0.62 1639
0.62 1638
0.62 1637
0.62 1636
0.62 1635
0.62 1634
0.62 1633
0.62 1632
0.62 1631
0.62 1630
0.62 1629
0.62 1628
0.62 1627
0.62 1626
0.62 1625
0.62 1624
0.62 1623
0.62 1622
0.62 1621
0.64 1620
0.64 1619
0.64 1618
0.64 1617
0.64 1616
0.64 1615
0.64 1614
0.64 1613
0.64 1612
0.64 1611
0.64 1610
0.64 1609
0.64 1608
0.64 1607
0.64 1606
0.64 1605
0.64 1604
0.64 1603
0.64 1602
0.64 1601
0.64 1600
0.64 1599
0.64 1598
0.64 1597
0.64 1596
0.64 1595
0.64 1594
0.64 1593
0.64 1592
0.64 1591
0.64 1590
0.64 1589
0.64 1588
0.64 1587
0.64 1586
0.64 1585
0.64 1584
0.64 1583
0.64 1582
0.64 1581
0.64 1580
0.64 1579
0.64 1578
0.64 1577
0.64 1576
0.65 1575
0.65 1574
0.65 1573
0.65 1572
0.65 1571
0.65 1570
0.65 1569
0.65 1568
0.65 1567
0.65 1566
0.65 1565
0.65 1564
0.65 1563
0.65 1562
0.65 1561
0.65 1560
0.65 1559
0.65 1558
0.65 1557
0.65 1556
0.65 1555
0.65 1554
0.65 1553
0.65 1552
0.65 1551
0.65 1550
0.65 1549
0.65 1548
0.65 1547
0.65 1546
0.65 1545
0.65 1544
0.65 1543
0.65 1542
0.65 1541
0.65 1540
0.65 1539
0.65 1538
0.65 1537
0.65 1536
0.65 1535
0.65 1534
0.65 1533
0.65 1532
0.65 1531
0.65 1530
0.65 1529
0.65 1528
0.65 1527
0.65 1526
0.65 1525
0.65 1524
0.65 1523
0.65 1522
0.67 1521
0.67 1520
0.67 1519
0.67 1518
0.67 1517
0.67 1516
0.67 1515
0.67 1514
0.67 1513
0.67 1512
0.67 1511
0.67 1510
0.67 1509
0.67 1508
0.67 1507
0.67 1506
0.67 1505
0.67 1504
0.67 1503
0.67 1502
0.67 1501
0.67 1500
0.67 1499
0.67 1498
0.67 1497
0.67 1496
0.67 1495
0.67 1494
0.67 1493
0.67 1492
0.67 1491
0.67 1490
0.67 1489
0.67 1488
0.67 1487
0.67 1486
0.67 1485
0.67 1484
0.67 1483
0.67 1482
0.67 1481
0.67 1480
0.67 1479
0.67 1478
0.67 1477
0.67 1476
0.67 1475
0.67 1474
0.68 1473
0.68 1472
0.69 1471
0.69 1470
0.69 1469
0.69 1468
0.69 1467
0.69 1466
0.69 1465
0.69 1464
0.69 1463
0.69 1462
0.69 1461
0.69 1460
0.69 1459
0.69 1458
0.69 1457
0.69 1456
0.69 1455
0.69 1454
0.69 1453
0.69 1452
0.69 1451
0.69 1450
0.69 1449
0.69 1448
0.69 1447
0.69 1446
0.69 1445
0.69 1444
0.69 1443
0.69 1442
0.69 1441
0.69 1440
0.69 1439
0.69 1438
0.69 1437
0.69 1436
0.69 1435
0.69 1434
0.69 1433
0.69 1432
0.69 1431
0.69 1430
0.69 1429
0.69 1428
0.69 1427
0.69 1426
0.69 1425
0.70 1424
0.70 1423
0.70 1422
0.70 1421
0.70 1420
0.70 1419
0.70 1418
0.70 1417
0.70 1416
0.70 1415
0.70 1414
0.70 1413
0.70 1412
0.70 1411
0.70 1410
0.70 1409
0.70 1408
0.70 1407
0.70 1406
0.70 1405
0.70 1404
0.70 1403
0.70 1402
0.70 1401
0.70 1400
0.70 1399
0.70 1398
0.72 1397
0.72 1396
0.72 1395
0.72 1394
0.72 1393
0.72 1392
0.72 1391
0.72 1390
0.72 1389
0.72 1388
0.72 1387
0.72 1386
0.72 1385
0.72 1384
0.72 1383
0.72 1382
0.72 1381
0.72 1380
0.72 1379
0.72 1378
0.72 1377
0.72 1376
0.72 1375
0.72 1374
0.72 1373
0.72 1372
0.72 1371
0.72 1370
0.72 1369
0.72 1368
0.72 1367
0.72 1366
0.72 1365
0.72 1364
0.72 1363
0.74 1362
0.74 1361
0.74 1360
0.74 1359
0.74 1358
0.74 1357
0.74 1356
0.74 1355
0.74 1354
0.74 1353
0.74 1352
0.74 1351
0.74 1350
0.74 1349
0.74 1348
0.74 1347
0.74 1346
0.74 1345
0.74 1344
0.74 1343
0.74 1342
0.74 1341
0.74 1340
0.74 1339
0.74 1338
0.74 1337
0.74 1336
0.74 1335
0.74 1334
0.74 1333
0.77 1332
0.77 1331
0.77 1330
0.77 1329
0.77 1328
0.77 1327
0.77 1326
0.77 1325
0.77 1324
0.77 1323
0.77 1322
0.78 1321
0.79 1320
0.79 1319
0.79 1318
0.79 1317
0.79 1316
0.79 1315
0.79 1314
0.79 1313
0.79 1312
0.79 1311
0.79 1310
0.79 1309
0.79 1308
0.79 1307
0.80 1306
0.80 1305
0.80 1304
0.80 1303
0.80 1302
0.80 1301
0.80 1300
0.80 1299
0.80 1298
0.82 1297
0.82 1296
0.82 1295
0.82 1294
0.82 1293
0.82 1292
0.82 1291
0.82 1290
0.82 1289
0.82 1288
0.82 1287
0.82 1286
0.82 1285
0.82 1284
0.82 1283
0.82 1282
0.83 1281
0.83 1280
0.83 1279
0.84 1278
0.84 1277
0.84 1276
0.84 1275
0.84 1274
0.84 1273
0.84 1272
0.84 1271
0.84 1270
0.84 1269
0.84 1268
0.85 1267
0.85 1266
0.88 1265
0.89 1264
0.89 1263
0.89 1262
0.89 1261
0.89 1260
0.89 1259
0.89 1258
0.89 1257
0.89 1256
0.89 1255
0.89 1254
0.89 1253
0.89 1252
0.89 1251
0.89 1250
0.89 1249
0.89 1248
0.89 1247
0.89 1246
0.89 1245
0.89 1244
0.89 1243
0.89 1242
0.89 1241
0.89 1240
0.89 1239
0.89 1238
0.90 1237
0.90 1236
0.90 1235
0.90 1234
0.90 1233
0.90 1232
0.92 1231
0.92 1230
0.92 1229
0.92 1228
0.92 1227
0.92 1226
0.92 1225
0.92 1224
0.92 1223
0.92 1222
0.92 1221
0.94 1220
0.94 1219
0.94 1218
0.94 1217
0.94 1216
0.94 1215
0.94 1214
0.99 1213
0.99 1212
1.03 1211
1.15 1210
1.15 1209
1.15 1208
1.15 1207
1.15 1206
1.15 1205
1.17 1204
1.17 1203
1.17 1202
1.19 1201
1.19 1200
1.19 1199
1.20 1198
1.20 1197
1.21 1196
1.24 1195
1.24 1194
1.24 1193
1.24 1192
1.35 1191
1.35 1190
1.36 1189
1.36 1188
1.41 1187
1.41 1186
1.49 1185
1.49 1184
1.49 1183
1.49 1182
1.49 1181
1.49 1180
1.49 1179
1.49 1178
1.49 1177
1.49 1176
1.49 1175
1.49 1174
1.49 1173
1.49 1172
1.49 1171
1.77 1170
1.77 1169
1.77 1168
1.77 1167
1.77 1166
1.77 1165
1.77 1164
1.77 1163
1.77 1162
1.77 1161
1.77 1160
1.77 1159
1.77 1158
1.77 1157
1.77 1156
1.79 1155
1.79 1154
1.79 1153
1.79 1152
1.79 1151
1.79 1150
1.82 1149
1.87 1148
1.87 1147
1.87 1146
1.87 1145
1.87 1144
1.87 1143
1.87 1142
1.87 1141
1.87 1140
1.87 1139
1.87 1138
1.87 1137
1.88 1136
1.88 1135
1.88 1134
1.88 1133
1.88 1132
1.88 1131
1.88 1130
1.88 1129
1.88 1128
1.88 1127
1.90 1126
1.90 1125
2.35 1124
2.35 1123
2.35 1122
2.35 1121
2.35 1120
2.35 1119
2.35 1118
2.35 1117
2.57 1116
2.59 1115
2.59 1114
2.59 1113
2.59 1112
2.78 1111
2.78 1110
2.78 1109
2.80 1108
2.80 1107
2.86 1106
2.88 1105
2.88 1104
2.89 1103
2.89 1102
2.89 1101
2.89 1100
2.97 1099
3.02 1098
3.02 1097
3.02 1096
3.02 1095
3.03 1094
3.05 1093
3.05 1092
3.15 1091
3.15 1090
3.15 1089
3.15 1088
3.16 1087
3.16 1086
3.16 1085
3.16 1084
3.18 1083
3.18 1082
3.19 1081
3.21 1080
3.21 1079
3.23 1078
3.23 1077
3.23 1076
3.23 1075
3.24 1074
3.24 1073
3.24 1072
3.24 1071
3.24 1070
3.24 1069
3.26 1068
3.45 1067
3.46 1066
3.48 1065
3.48 1064
3.62 1063
3.73 1062
3.73 1061
3.73 1060
3.75 1059
3.75 1058
3.80 1057
3.80 1056
3.95 1055
3.95 1054
3.95 1053
3.95 1052
3.95 1051
3.95 1050
4.00 1049
4.00 1048
4.00 1047
4.00 1046
4.02 1045
4.06 1044
4.06 1043
4.06 1042
4.07 1041
4.07 1040
4.07 1039
4.07 1038
4.26 1037
4.27 1036
4.27 1035
4.27 1034
4.37 1033
4.37 1032
4.39 1031
4.39 1030
4.39 1029
4.40 1028
4.40 1027
4.40 1026
4.40 1025
4.40 1024
4.77 1023
4.80 1022
4.86 1021
4.86 1020
4.86 1019
4.86 1018
4.91 1017
4.91 1016
4.91 1015
5.13 1014
5.13 1013
5.18 1012
5.18 1011
5.18 1010
5.20 1009
5.20 1008
5.69 1007
5.69 1006
5.69 1005
5.77 1004
6.18 1003
6.20 1002
6.20 1001
6.58 1000
