0.00 3736
0.01 3735
0.01 3734
0.01 3733
0.01 3732
0.01 3731
0.01 3730
0.01 3729
0.01 3728
0.01 3727
2.63 2536
2.79 2500
2.79 2499
2.79 2498
2.79 2497
3.06 2483
3.17 2474
3.17 2473
3.17 2472
3.17 2471
3.22 2463
3.22 2462
3.22 2461
3.22 2460
3.22 2459
3.22 2458
3.23 2449
3.23 2448
3.23 2447
3.23 2446
3.23 2445
3.23 2444
3.23 2443
3.25 2442
3.28 2438
3.28 2437
3.28 2436
3.28 2435
3.36 2434
3.36 2433
3.36 2432
3.36 2431
3.45 2430
3.45 2429
3.47 2428
3.47 2427
3.47 2426
3.47 2425
3.47 2424
3.47 2423
3.47 2422
3.47 2421
3.47 2420
3.47 2419
3.47 2418
3.47 2417
3.47 2416
3.47 2415
3.47 2414
3.47 2413
3.47 2412
3.47 2411
3.47 2410
3.47 2409
3.47 2408
3.47 2407
3.47 2406
3.47 2405
3.50 2404
3.50 2399
3.50 2398
3.58 2389
3.58 2388
3.58 2387
3.68 2380
3.71 2379
3.71 2378
3.76 2377
3.76 2376
3.76 2375
3.76 2374
3.76 2373
3.76 2372
3.76 2371
3.78 2370
3.78 2369
3.78 2368
3.78 2367
3.78 2366
3.89 2365
3.89 2364
3.89 2363
3.92 2362
3.92 2361
3.92 2360
3.95 2359
4.04 2358
4.04 2357
4.04 2356
4.04 2355
4.04 2354
4.04 2353
4.04 2349
4.04 2348
4.04 2343
4.04 2342
4.04 2341
4.04 2340
4.06 2339
4.06 2338
4.06 2337
4.06 2336
4.06 2335
4.06 2334
4.06 2333
4.06 2332
4.06 2331
4.06 2330
4.19 2329
4.19 2328
4.19 2327
4.19 2326
4.19 2325
4.19 2324
4.19 2323
4.19 2322
4.19 2321
4.19 2320
4.19 2319
4.19 2318
4.19 2317
4.19 2316
4.25 2315
4.31 2314
4.34 2313
4.34 2312
4.35 2311
4.35 2310
4.35 2309
4.35 2308
4.38 2307
4.38 2306
4.38 2305
4.38 2304
4.38 2303
4.38 2302
4.38 2301
4.38 2300
4.38 2299
4.39 2298
4.39 2297
4.39 2296
4.39 2295
4.39 2294
4.67 2293
4.67 2292
4.67 2291
4.67 2290
4.67 2289
4.67 2288
4.67 2287
4.71 2286
4.71 2285
4.71 2284
4.71 2283
4.71 2282
4.71 2281
4.71 2280
4.71 2279
4.71 2278
4.71 2277
4.71 2276
4.71 2275
4.71 2274
4.92 2273
4.92 2272
4.92 2271
5.00 2270
5.03 2269
5.03 2268
5.05 2267
5.05 2266
5.05 2265
5.05 2264
5.05 2263
5.05 2262
5.05 2261
5.19 2260
5.19 2259
5.19 2258
5.19 2257
5.20 2256
5.24 2255
5.24 2254
5.46 2253
5.46 2252
5.46 2251
5.46 2250
5.46 2249
5.47 2248
5.54 2247
5.54 2246
5.54 2245
5.54 2244
5.54 2243
5.71 2242
5.71 2241
5.73 2240
5.81 2239
5.81 2238
5.84 2237
5.86 2236
5.86 2235
5.86 2234
5.93 2233
5.93 2232
6.16 2231
6.17 2230
6.17 2229
6.17 2228
6.17 2227
6.63 2226
6.67 2225
