0.00 2000
0.58 1999
0.58 1998
0.58 1997
0.59 1996
0.59 1995
0.59 1994
0.59 1993
0.59 1992
0.59 1991
0.59 1990
0.59 1989
0.59 1988
0.59 1987
0.59 1986
0.59 1985
0.59 1984
0.59 1983
0.59 1982
0.60 1981
0.60 1980
0.60 1979
0.60 1978
0.60 1977
0.60 1976
0.60 1975
0.60 1974
0.60 1973
0.60 1972
0.60 1971
0.60 1970
0.60 1969
0.60 1968
0.60 1967
0.60 1966
0.60 1965
0.60 1964
0.60 1963
0.60 1962
0.60 1961
0.60 1960
0.60 1959
0.60 1958
0.60 1957
0.60 1956
0.60 1955
0.60 1954
0.60 1953
0.60 1952
0.60 1951
0.60 1950
0.60 1949
0.60 1948
0.60 1947
0.60 1946
0.60 1945
0.60 1944
0.60 1943
0.60 1942
0.60 1941
0.60 1940
0.60 1939
0.60 1938
0.60 1937
0.60 1936
0.60 1935
0.60 1934
0.60 1933
0.60 1932
0.60 1931
0.60 1930
0.60 1929
0.60 1928
0.60 1927
0.60 1926
0.60 1925
0.61 1924
0.61 1923
0.61 1922
0.61 1921
0.61 1920
0.61 1919
0.61 1918
0.61 1917
0.61 1916
0.61 1915
0.61 1914
0.61 1913
0.61 1912
0.61 1911
0.61 1910
0.61 1909
0.61 1908
0.61 1907
0.61 1906
0.61 1905
0.61 1904
0.61 1903
0.61 1902
0.61 1901
0.61 1900
0.61 1899
0.61 1898
0.61 1897
0.61 1896
0.61 1895
0.61 1894
0.61 1893
0.61 1892
0.61 1891
0.61 1890
0.61 1889
0.61 1888
0.61 1887
0.61 1886
0.61 1885
0.61 1884
0.61 1883
0.61 1882
0.61 1881
0.61 1880
0.61 1879
0.62 1878
0.62 1877
0.62 1876
0.62 1875
0.62 1874
0.62 1873
0.62 1872
0.62 1871
0.62 1870
0.62 1869
0.62 1868
0.62 1867
0.62 1866
0.62 1865
0.62 1864
0.62 1863
0.62 1862
0.62 1861
0.62 1860
0.62 1859
0.62 1858
0.62 1857
0.62 1856
0.62 1855
0.62 1854
0.62 1853
0.62 1852
0.62 1851
0.62 1850
0.62 1849
0.62 1848
0.62 1847
0.62 1846
0.62 1845
0.62 1844
0.62 1843
0.62 1842
0.62 1841
0.62 1840
0.62 1839
0.62 1838
0.62 1837
0.62 1836
0.62 1835
0.62 1834
0.62 1833
0.62 1832
0.62 1831
0.62 1830
0.62 1829
0.62 1828
0.63 1827
0.63 1826
0.63 1825
0.63 1824
0.63 1823
0.63 1822
0.63 1821
0.63 1820
0.63 1819
0.63 1818
0.63 1817
0.63 1816
0.63 1815
0.63 1814
0.63 1813
0.63 1812
0.63 1811
0.63 1810
0.63 1809
0.63 1808
0.63 1807
0.63 1806
0.63 1805
0.63 1804
0.63 1803
0.63 1802
0.63 1801
0.63 1800
0.63 1799
0.63 1798
0.63 1797
0.63 1796
0.63 1795
0.63 1794
0.63 1793
0.63 1792
0.63 1791
0.63 1790
0.63 1789
0.63 1788
0.63 1787
0.63 1786
0.63 1785
0.63 1784
0.63 1783
0.63 1782
0.63 1781
0.63 1780
0.63 1779
0.63 1778
0.64 1777
0.64 1776
0.64 1775
0.64 1774
0.64 1773
0.64 1772
0.64 1771
0.64 1770
0.64 1769
0.64 1768
0.64 1767
0.64 1766
0.64 1765
0.64 1764
0.64 1763
0.64 1762
0.64 1761
0.64 1760
0.64 1759
0.64 1758
0.64 1757
0.64 1756
0.64 1755
0.64 1754
0.64 1753
0.64 1752
0.64 1751
0.64 1750
0.64 1749
0.64 1748
0.64 1747
0.64 1746
0.64 1745
0.64 1744
0.64 1743
0.64 1742
0.64 1741
0.64 1740
0.64 1739
0.64 1738
0.64 1737
0.64 1736
0.64 1735
0.64 1734
0.64 1733
0.64 1732
0.64 1731
0.64 1730
0.64 1729
0.64 1728
0.64 1727
0.64 1726
0.64 1725
0.64 1724
0.64 1723
0.64 1722
0.64 1721
0.64 1720
0.64 1719
0.64 1718
0.65 1717
0.65 1716
0.65 1715
0.65 1714
0.65 1713
0.65 1712
0.65 1711
0.65 1710
0.65 1709
0.65 1708
0.65 1707
0.65 1706
0.65 1705
0.65 1704
0.65 1703
0.65 1702
0.65 1701
0.65 1700
0.65 1699
0.65 1698
0.65 1697
0.65 1696
0.65 1695
0.65 1694
0.65 1693
0.65 1692
0.65 1691
0.65 1690
0.65 1689
0.65 1688
0.65 1687
0.65 1686
0.65 1685
0.65 1684
0.65 1683
0.65 1682
0.65 1681
0.65 1680
0.65 1679
0.65 1678
0.65 1677
0.65 1676
0.65 1675
0.65 1674
0.65 1673
0.65 1672
0.65 1671
0.65 1670
0.65 1669
0.66 1668
0.66 1667
0.66 1666
0.66 1665
0.66 1664
0.66 1663
0.66 1662
0.66 1661
0.66 1660
0.66 1659
0.66 1658
0.67 1657
0.67 1656
0.67 1655
0.67 1654
0.67 1653
0.67 1652
0.67 1651
0.67 1650
0.67 1649
0.67 1648
0.67 1647
0.67 1646
0.67 1645
0.67 1644
0.67 1643
0.67 1642
0.68 1641
0.68 1640
0.68 1639
0.68 1638
0.68 1637
0.68 1636
0.68 1635
0.68 1634
0.68 1633
0.68 1632
0.68 1631
0.68 1630
0.68 1629
0.68 1628
0.68 1627
0.68 1626
0.68 1625
0.68 1624
0.68 1623
0.68 1622
0.68 1621
0.68 1620
0.68 1619
0.68 1618
0.68 1617
0.68 1616
0.68 1615
0.68 1614
0.68 1613
0.68 1612
0.68 1611
0.68 1610
0.68 1609
0.69 1608
0.69 1607
0.69 1606
0.69 1605
0.69 1604
0.69 1603
0.69 1602
0.69 1601
0.69 1600
0.69 1599
0.69 1598
0.69 1597
0.69 1596
0.69 1595
0.69 1594
0.69 1593
0.69 1592
0.69 1591
0.69 1590
0.69 1589
0.69 1588
0.69 1587
0.69 1586
0.69 1585
0.69 1584
0.69 1583
0.69 1582
0.69 1581
0.69 1580
0.69 1579
0.69 1578
0.69 1577
0.69 1576
0.69 1575
0.69 1574
0.69 1573
0.69 1572
0.69 1571
0.69 1570
0.70 1569
0.70 1568
0.70 1567
0.70 1566
0.70 1565
0.70 1564
0.70 1563
0.70 1562
0.70 1561
0.70 1560
0.71 1559
0.71 1558
0.71 1557
0.71 1556
0.71 1555
0.71 1554
0.71 1553
0.71 1552
0.71 1551
0.71 1550
0.71 1549
0.71 1548
0.71 1547
0.71 1546
0.71 1545
0.71 1544
0.71 1543
0.71 1542
0.71 1541
0.71 1540
0.71 1539
0.71 1538
0.71 1537
0.71 1536
0.71 1535
0.71 1534
0.71 1533
0.71 1532
0.71 1531
0.71 1530
0.71 1529
0.71 1528
0.71 1527
0.71 1526
0.71 1525
0.71 1524
0.71 1523
0.71 1522
0.71 1521
0.71 1520
0.71 1519
0.71 1518
0.71 1517
0.71 1516
0.71 1515
0.71 1514
0.72 1513
0.72 1512
0.72 1511
0.72 1510
0.72 1509
0.72 1508
0.72 1507
0.72 1506
0.72 1505
0.72 1504
0.72 1503
0.72 1502
0.72 1501
0.72 1500
0.72 1499
0.72 1498
0.72 1497
0.72 1496
0.72 1495
0.72 1494
0.72 1493
0.72 1492
0.72 1491
0.72 1490
0.72 1489
0.72 1488
0.72 1487
0.73 1486
0.73 1485
0.73 1484
0.73 1483
0.73 1482
0.73 1481
0.73 1480
0.73 1479
0.73 1478
0.73 1477
0.73 1476
0.73 1475
0.73 1474
0.73 1473
0.73 1472
0.73 1471
0.73 1470
0.73 1469
0.73 1468
0.73 1467
0.73 1466
0.73 1465
0.73 1464
0.73 1463
0.73 1462
0.73 1461
0.73 1460
0.74 1459
0.74 1458
0.74 1457
0.74 1456
0.74 1455
0.74 1454
0.74 1453
0.74 1452
0.74 1451
0.74 1450
0.74 1449
0.74 1448
0.74 1447
0.74 1446
0.74 1445
0.74 1444
0.74 1443
0.74 1442
0.74 1441
0.74 1440
0.74 1439
0.74 1438
0.74 1437
0.74 1436
0.74 1435
0.74 1434
0.74 1433
0.74 1432
0.74 1431
0.74 1430
0.75 1429
0.75 1428
0.75 1427
0.75 1426
0.75 1425
0.75 1424
0.75 1423
0.75 1422
0.75 1421
0.75 1420
0.75 1419
0.75 1418
0.75 1417
0.75 1416
0.75 1415
0.75 1414
0.75 1413
0.75 1412
0.75 1411
0.75 1410
0.76 1409
0.76 1408
0.76 1407
0.76 1406
0.76 1405
0.76 1404
0.76 1403
0.76 1402
0.76 1401
0.76 1400
0.76 1399
0.76 1398
0.76 1397
0.76 1396
0.76 1395
0.76 1394
0.76 1393
0.76 1392
0.76 1391
0.76 1390
0.76 1389
0.76 1388
0.77 1387
0.77 1386
0.77 1385
0.77 1384
0.77 1383
0.77 1382
0.77 1381
0.77 1380
0.77 1379
0.77 1378
0.77 1377
0.78 1376
0.78 1375
0.78 1374
0.78 1373
0.78 1372
0.78 1371
0.78 1370
0.78 1369
0.78 1368
0.78 1367
0.78 1366
0.78 1365
0.78 1364
0.78 1363
0.78 1362
0.78 1361
0.78 1360
0.78 1359
0.78 1358
0.78 1357
0.78 1356
0.78 1355
0.78 1354
0.79 1353
0.79 1352
0.79 1351
0.79 1350
0.79 1349
0.79 1348
0.79 1347
0.79 1346
0.79 1345
0.79 1344
0.79 1343
0.79 1342
0.79 1341
0.79 1340
0.79 1339
0.80 1338
0.80 1337
0.80 1336
0.80 1335
0.80 1334
0.80 1333
0.80 1332
0.80 1331
0.80 1330
0.80 1329
0.80 1328
0.80 1327
0.80 1326
0.80 1325
0.81 1324
0.81 1323
0.81 1322
0.81 1321
0.81 1320
0.81 1319
0.81 1318
0.81 1317
0.81 1316
0.81 1315
0.81 1314
0.81 1313
0.81 1312
0.81 1311
0.81 1310
0.81 1309
0.81 1308
0.82 1307
0.82 1306
0.82 1305
0.82 1304
0.82 1303
0.82 1302
0.82 1301
0.82 1300
0.82 1299
0.82 1298
0.82 1297
0.82 1296
0.82 1295
0.82 1294
0.82 1293
0.82 1292
0.83 1291
0.83 1290
0.83 1289
0.83 1288
0.83 1287
0.83 1286
0.83 1285
0.83 1284
0.83 1283
0.83 1282
0.83 1281
0.84 1280
0.84 1279
0.84 1278
0.84 1277
0.84 1276
0.84 1275
0.84 1274
0.85 1273
0.85 1272
0.86 1271
0.87 1270
0.87 1269
0.87 1268
0.87 1267
0.87 1266
0.87 1265
0.87 1264
0.87 1263
0.87 1262
0.87 1261
0.87 1260
0.88 1259
0.88 1258
0.88 1257
0.88 1256
0.88 1255
0.88 1254
0.88 1253
0.88 1252
0.88 1251
0.88 1250
0.88 1249
0.88 1248
0.88 1247
0.88 1246
0.89 1245
0.89 1244
0.89 1243
0.90 1242
0.90 1241
0.90 1240
0.90 1239
0.90 1238
0.91 1237
0.91 1236
0.91 1235
0.91 1234
0.93 1233
0.93 1232
0.93 1231
0.93 1230
0.93 1229
0.94 1228
0.94 1227
0.94 1226
0.94 1225
0.95 1224
0.95 1223
0.97 1222
0.97 1221
0.98 1220
0.98 1219
1.04 1218
1.04 1217
1.05 1216
1.05 1215
1.05 1214
1.05 1213
1.05 1212
1.05 1211
1.05 1210
1.05 1209
1.05 1208
1.05 1207
1.05 1206
1.05 1205
1.05 1204
1.05 1203
1.05 1202
1.05 1201
1.05 1200
1.05 1199
1.07 1198
1.07 1197
1.07 1196
1.09 1195
1.09 1194
1.09 1193
1.28 1192
1.28 1191
1.28 1190
1.28 1189
1.28 1188
1.28 1187
1.29 1186
1.29 1185
1.29 1184
1.29 1183
1.29 1182
1.29 1181
1.30 1180
1.30 1179
1.30 1178
1.30 1177
1.31 1176
1.31 1175
1.31 1174
1.31 1173
1.31 1172
1.31 1171
1.31 1170
1.31 1169
1.31 1168
1.31 1167
1.32 1166
1.32 1165
1.32 1164
1.32 1163
1.32 1162
1.32 1161
1.32 1160
1.32 1159
1.33 1158
1.33 1157
1.33 1156
1.33 1155
1.33 1154
1.34 1153
1.34 1152
1.34 1151
1.93 1150
1.98 1149
1.98 1148
1.98 1147
1.98 1146
1.98 1145
1.99 1144
1.99 1143
1.99 1142
1.99 1141
1.99 1140
1.99 1139
2.00 1138
2.00 1137
2.00 1136
2.01 1135
2.01 1134
2.01 1133
2.01 1132
2.01 1131
2.01 1130
2.01 1129
2.01 1128
2.01 1127
2.02 1126
2.12 1125
2.39 1124
2.39 1123
2.39 1122
2.39 1121
2.39 1120
2.39 1119
2.40 1118
2.40 1117
2.74 1116
2.74 1115
2.74 1114
2.74 1113
2.75 1112
2.76 1111
2.78 1110
2.79 1109
2.81 1108
2.81 1107
2.82 1106
2.82 1105
2.82 1104
2.82 1103
2.82 1102
2.83 1101
2.84 1100
2.84 1099
2.84 1098
2.84 1097
2.84 1096
2.85 1095
2.89 1094
2.90 1093
2.90 1092
2.90 1091
2.90 1090
2.90 1089
2.90 1088
2.90 1087
2.91 1086
3.07 1085
3.08 1084
3.15 1083
3.15 1082
3.20 1081
3.20 1080
3.20 1079
3.25 1078
3.46 1077
3.46 1076
3.46 1075
3.46 1074
3.46 1073
3.47 1072
3.47 1071
3.48 1070
3.53 1069
3.55 1068
3.55 1067
3.55 1066
3.55 1065
3.55 1064
3.55 1063
3.55 1062
3.56 1061
3.56 1060
3.58 1059
3.58 1058
3.76 1057
3.76 1056
3.78 1055
3.78 1054
3.78 1053
3.79 1052
4.19 1051
4.19 1050
4.20 1049
4.20 1048
4.20 1047
4.20 1046
4.27 1045
4.27 1044
4.27 1043
4.27 1042
4.28 1041
4.34 1040
4.34 1039
4.34 1038
4.34 1037
4.34 1036
4.35 1035
4.35 1034
4.35 1033
4.35 1032
4.35 1031
4.35 1030
4.51 1029
4.51 1028
4.51 1027
4.53 1026
4.55 1025
4.89 1024
5.05 1023
5.07 1022
5.07 1021
5.07 1020
5.10 1019
5.10 1018
5.10 1017
5.10 1016
5.11 1015
5.11 1014
5.11 1013
5.45 1012
5.45 1011
5.46 1010
5.48 1009
5.49 1008
5.59 1007
5.59 1006
5.62 1005
6.23 1004
6.27 1003
6.31 1002
6.32 1001
6.81 1000
