0.00 5678
0.03 5677
3.72 4181
3.72 4180
3.72 4179
3.72 4178
3.80 4169
3.80 4168
3.80 4167
3.80 4166
3.80 4165
3.80 4164
3.80 4163
3.91 4126
4.03 4125
4.03 4124
4.03 4123
4.05 4122
4.14 4121
4.14 4120
4.14 4119
4.14 4118
4.14 4117
4.14 4116
4.14 4115
4.14 4114
4.14 4113
4.14 4112
4.14 4111
4.14 4110
4.14 4109
4.14 4108
4.16 4107
4.16 4106
4.16 4105
4.16 4104
4.16 4103
4.16 4102
4.16 4101
4.16 4100
4.16 4099
4.16 4098
4.16 4097
4.16 4096
4.16 4095
4.16 4094
4.16 4090
4.16 4089
4.16 4088
4.16 4087
4.16 4086
4.48 4084
4.48 4083
4.48 4082
4.48 4081
4.50 4080
4.50 4079
4.50 4071
4.50 4070
4.51 4069
4.51 4068
4.53 4062
4.53 4061
4.55 4060
4.55 4059
4.55 4058
4.55 4057
4.55 4056
4.55 4055
4.55 4054
4.56 4053
4.56 4052
4.56 4050
4.56 4049
4.56 4048
4.56 4047
4.56 4046
4.56 4045
4.56 4044
4.56 4043
4.62 4042
4.62 4041
4.62 4040
4.62 4039
4.67 4038
4.67 4037
4.72 4036
4.72 4035
4.78 4034
4.78 4033
4.78 4032
4.78 4031
4.78 4030
4.78 4029
4.78 4028
4.78 4027
4.78 4026
4.78 4025
4.78 4024
4.78 4023
4.78 4022
4.78 4021
4.78 4020
4.78 4019
4.86 4018
4.86 4017
4.92 4016
4.92 4015
4.92 4014
4.92 4013
4.92 4012
4.92 4011
5.00 4007
5.00 4006
5.00 4005
5.02 4004
5.02 4003
5.02 4002
5.02 4001
5.03 4000
5.03 3999
5.03 3998
5.03 3997
5.03 3996
5.03 3995
5.08 3994
5.08 3993
5.11 3992
5.11 3991
5.16 3990
5.16 3989
5.16 3988
5.16 3987
5.25 3986
5.27 3985
5.27 3984
5.27 3983
5.32 3982
5.32 3981
5.32 3980
5.32 3979
5.32 3978
5.32 3977
5.35 3976
5.50 3975
5.50 3974
5.50 3973
5.50 3972
5.50 3971
5.51 3970
5.61 3969
5.61 3968
5.62 3967
5.62 3966
5.83 3965
5.83 3964
5.83 3963
5.89 3962
5.89 3961
5.92 3960
5.92 3959
6.09 3958
6.11 3957
6.11 3956
6.23 3955
6.23 3954
6.26 3953
6.26 3952
6.42 3951
6.53 3950
6.55 3949
6.55 3948
6.58 3947
7.10 3946
