0.00 5684
0.09 5683
3.34 4766
3.34 4765
3.34 4764
3.34 4763
3.34 4762
3.36 4761
3.36 4760
3.36 4759
3.36 4758
3.36 4757
3.36 4756
3.36 4755
3.36 4754
3.36 4753
3.36 4752
3.36 4751
3.36 4750
3.36 4749
3.36 4748
3.36 4747
3.36 4746
3.36 4745
3.37 4744
3.37 4743
3.37 4742
3.45 4729
3.45 4728
3.45 4727
3.45 4726
3.45 4725
3.45 4724
3.45 4723
3.47 4722
3.47 4721
3.47 4720
3.47 4719
3.47 4718
3.47 4717
3.47 4716
3.47 4715
3.47 4714
3.47 4713
3.47 4712
3.47 4711
3.47 4710
3.47 4709
3.48 4708
3.48 4707
3.48 4706
3.48 4705
3.48 4704
3.48 4703
3.48 4702
3.48 4701
3.48 4700
3.48 4699
3.49 4698
3.49 4697
3.49 4696
3.49 4695
3.50 4694
3.50 4693
3.50 4692
3.50 4691
3.50 4690
3.50 4689
3.50 4688
3.51 4687
3.51 4686
3.51 4685
3.51 4684
3.51 4683
3.51 4682
3.51 4681
3.51 4680
3.51 4679
3.51 4678
3.52 4677
3.56 4614
3.56 4613
3.56 4612
3.56 4611
3.56 4610
3.56 4609
3.56 4608
3.57 4607
3.57 4606
3.57 4605
3.58 4604
3.58 4603
3.58 4602
3.58 4601
3.58 4600
3.58 4599
3.58 4598
3.58 4597
3.58 4596
3.58 4595
3.58 4594
3.59 4593
3.59 4592
3.59 4591
3.59 4590
3.59 4589
3.59 4588
3.65 4527
3.65 4526
3.65 4525
3.65 4524
3.65 4523
3.65 4522
3.65 4521
3.65 4520
3.65 4519
3.65 4518
3.67 4517
3.67 4516
3.67 4515
3.67 4514
3.67 4513
3.67 4512
3.67 4511
3.67 4510
3.67 4509
3.67 4508
3.67 4507
3.67 4506
3.67 4505
3.67 4504
3.67 4503
3.67 4502
3.67 4501
3.69 4500
3.69 4499
3.69 4498
3.69 4497
3.69 4496
3.69 4495
3.69 4494
3.69 4493
3.69 4492
3.69 4491
3.69 4490
3.69 4489
3.69 4488
3.69 4487
3.69 4486
3.69 4485
3.69 4484
3.70 4483
3.70 4482
3.70 4481
3.70 4480
3.70 4479
3.70 4478
3.70 4477
3.70 4476
3.70 4475
3.70 4474
3.70 4473
3.70 4472
3.73 4450
3.73 4449
3.73 4448
3.73 4447
3.75 4446
3.75 4445
3.75 4444
3.75 4443
3.75 4442
3.75 4441
3.75 4440
3.75 4439
3.76 4438
3.76 4437
3.76 4436
3.76 4435
3.76 4434
3.76 4433
3.78 4432
3.78 4431
3.78 4430
3.78 4429
3.78 4428
3.78 4427
3.78 4426
3.78 4425
3.78 4424
3.78 4423
3.78 4422
3.78 4421
3.78 4420
3.78 4419
3.80 4418
3.80 4417
3.80 4416
3.80 4415
3.80 4414
3.80 4413
3.81 4412
3.81 4411
3.81 4410
3.82 4409
3.82 4408
3.82 4407
3.82 4406
3.82 4405
3.82 4404
3.82 4403
3.82 4402
3.82 4401
3.82 4400
3.86 4387
3.86 4386
3.86 4385
3.86 4384
3.86 4383
3.86 4374
3.86 4373
3.86 4372
3.86 4371
3.86 4370
3.86 4369
3.86 4368
3.86 4367
3.87 4366
3.87 4365
3.87 4364
3.87 4363
3.87 4362
3.87 4361
3.87 4360
3.87 4359
3.87 4358
3.87 4357
3.87 4356
3.87 4355
3.87 4354
3.87 4353
3.89 4352
3.89 4351
3.89 4350
3.89 4349
3.89 4348
3.89 4347
3.89 4346
3.89 4345
3.89 4344
3.89 4343
3.92 4342
3.92 4341
3.92 4340
3.92 4339
3.92 4338
3.92 4337
3.92 4336
3.92 4335
3.92 4334
3.92 4333
3.92 4332
3.92 4331
3.92 4330
3.94 4329
3.94 4328
3.94 4327
3.94 4326
3.94 4325
3.94 4324
3.94 4323
3.94 4322
3.94 4321
3.94 4320
3.94 4319
3.94 4318
3.95 4256
3.95 4255
3.95 4254
3.97 4253
3.97 4252
3.97 4251
4.08 4201
4.08 4200
4.10 4199
4.10 4198
4.10 4197
4.10 4196
4.10 4195
4.10 4194
4.12 4186
4.12 4185
4.12 4184
4.12 4183
4.12 4182
4.12 4181
4.12 4180
4.12 4179
4.12 4178
4.12 4177
4.12 4176
4.12 4175
4.12 4174
4.12 4173
4.12 4172
4.12 4171
4.12 4170
4.12 4169
4.12 4168
4.12 4167
4.14 4166
4.14 4165
4.14 4164
4.14 4163
4.14 4162
4.14 4161
4.14 4160
4.14 4159
4.14 4158
4.14 4157
4.14 4156
4.14 4155
4.14 4154
4.14 4153
4.14 4152
4.16 4151
4.16 4150
4.16 4149
4.16 4148
4.16 4147
4.16 4146
4.16 4145
4.16 4144
4.16 4143
4.16 4142
4.16 4141
4.16 4140
4.16 4139
4.16 4138
4.16 4137
4.17 4136
4.17 4135
4.17 4134
4.21 4100
4.21 4099
4.21 4098
4.21 4097
4.21 4096
4.21 4095
4.21 4094
4.21 4093
4.22 4092
4.22 4091
4.22 4090
4.22 4089
4.22 4088
4.22 4087
4.22 4086
4.22 4085
4.22 4084
4.22 4083
4.30 4074
4.32 4073
4.32 4072
4.32 4071
4.32 4070
4.32 4069
4.32 4068
4.32 4067
4.32 4066
4.32 4065
4.32 4064
4.32 4063
4.32 4062
4.32 4061
4.33 4060
4.33 4059
4.33 4058
4.33 4057
4.33 4056
4.33 4055
4.33 4054
4.33 4053
4.33 4052
4.33 4051
4.33 4050
4.33 4049
4.33 4048
4.33 4047
4.33 4046
4.33 4045
4.33 4044
4.33 4043
4.35 4042
4.35 4041
4.35 4040
4.35 4039
4.35 4038
4.35 4037
4.35 4036
4.35 4035
4.35 4034
4.35 4033
4.36 4032
4.36 4031
4.36 4030
4.36 4029
4.36 4028
4.36 4027
4.36 4026
4.36 4025
4.36 4024
4.36 4023
4.36 4022
4.36 4021
4.36 4020
4.36 4019
4.38 4018
4.38 4017
4.38 4016
4.38 4015
4.40 4014
4.40 4013
4.40 4012
4.40 4011
4.40 4010
4.40 4009
4.40 4008
4.40 4007
4.40 4006
4.40 4005
4.40 4004
4.40 4003
4.40 4002
4.40 4001
4.40 4000
4.41 3999
4.41 3998
4.41 3997
4.41 3996
4.41 3995
4.41 3994
4.42 3993
4.42 3992
4.43 3991
4.43 3990
4.43 3989
4.43 3988
4.43 3987
4.43 3986
4.43 3985
4.43 3984
4.44 3983
4.44 3982
4.44 3981
4.44 3980
4.44 3979
4.44 3978
4.44 3977
4.44 3976
4.44 3975
4.44 3974
4.44 3973
4.44 3972
4.46 3971
4.46 3970
4.46 3969
4.46 3968
4.46 3967
4.46 3966
4.46 3965
4.46 3964
4.46 3963
4.46 3962
4.46 3961
4.48 3960
4.48 3959
4.48 3958
4.49 3957
4.49 3956
4.49 3955
4.49 3954
4.49 3953
4.49 3952
4.53 3944
4.53 3943
4.53 3942
4.53 3941
4.53 3940
4.53 3939
4.54 3938
4.54 3937
4.54 3936
4.54 3935
4.54 3934
4.54 3933
4.54 3932
4.54 3931
4.54 3930
4.54 3929
4.54 3928
4.54 3927
4.54 3926
4.54 3925
4.54 3924
4.54 3923
4.54 3922
4.54 3921
4.54 3920
4.54 3919
4.54 3918
4.54 3917
4.56 3916
4.56 3915
4.56 3914
4.56 3913
4.56 3912
4.56 3911
4.56 3910
4.56 3909
4.56 3908
4.56 3907
4.56 3906
4.56 3905
4.56 3904
4.56 3903
4.57 3902
4.57 3901
4.57 3900
4.57 3899
4.57 3898
4.57 3897
4.57 3896
4.57 3895
4.57 3894
4.57 3893
4.57 3892
4.57 3891
4.59 3890
4.59 3889
4.59 3888
4.59 3887
4.59 3886
4.59 3885
4.59 3884
4.59 3883
4.59 3882
4.59 3881
4.59 3880
4.59 3879
4.59 3878
4.59 3877
4.60 3876
4.60 3875
4.60 3874
4.60 3873
4.60 3872
4.60 3871
4.60 3870
4.60 3869
4.60 3868
4.62 3867
4.62 3866
4.62 3865
4.62 3864
4.62 3863
4.62 3862
4.62 3861
4.62 3860
4.62 3859
4.62 3858
4.62 3857
4.62 3856
4.62 3855
4.65 3854
4.65 3853
4.65 3852
4.66 3851
4.66 3850
4.66 3849
4.66 3848
4.66 3847
4.66 3845
4.66 3844
4.66 3843
4.66 3842
4.66 3841
4.66 3840
4.66 3839
4.66 3838
4.67 3837
4.67 3836
4.67 3835
4.67 3834
4.67 3833
4.67 3832
4.67 3831
4.69 3830
4.69 3829
4.69 3828
4.69 3827
4.69 3826
4.69 3825
4.69 3824
4.69 3823
4.69 3822
4.69 3821
4.69 3820
4.78 3803
4.78 3802
4.78 3801
4.78 3800
4.78 3799
4.78 3798
4.80 3797
4.80 3796
4.80 3795
4.80 3794
4.80 3793
4.80 3792
4.80 3791
4.80 3790
4.80 3789
4.81 3788
4.81 3787
4.81 3786
4.81 3785
4.82 3779
4.82 3778
4.82 3777
4.82 3776
4.82 3775
4.82 3774
4.82 3773
4.83 3772
4.83 3771
4.83 3770
4.83 3769
4.83 3768
4.83 3767
4.85 3766
4.85 3765
4.85 3764
4.85 3763
4.85 3762
4.85 3761
4.85 3760
4.85 3759
4.85 3758
4.88 3738
4.88 3737
4.88 3736
4.88 3735
4.88 3734
4.88 3733
4.88 3732
4.88 3731
4.88 3730
4.88 3729
4.88 3728
4.88 3727
4.88 3726
4.91 3725
4.91 3724
4.91 3723
4.91 3722
4.91 3721
4.91 3720
4.91 3719
4.92 3718
4.92 3717
4.93 3716
4.93 3715
4.93 3714
4.93 3713
4.93 3712
4.93 3711
4.93 3710
4.93 3709
4.93 3708
4.93 3707
4.93 3706
4.93 3705
4.93 3704
4.93 3703
4.93 3702
4.93 3701
4.94 3700
4.94 3699
4.94 3698
4.94 3697
4.94 3696
4.94 3695
4.94 3694
4.94 3693
4.94 3692
4.94 3691
4.94 3690
4.94 3689
4.94 3688
4.94 3687
4.94 3686
4.94 3685
4.96 3684
4.96 3683
4.96 3682
4.96 3681
4.96 3680
4.96 3679
4.96 3678
4.96 3677
4.96 3676
4.96 3670
4.97 3669
4.97 3668
4.97 3667
4.97 3666
4.97 3665
4.97 3664
4.97 3663
4.97 3662
4.97 3661
4.99 3660
4.99 3659
5.00 3658
5.02 3657
5.02 3656
5.02 3655
5.05 3654
5.05 3653
5.05 3652
5.05 3651
5.05 3650
5.05 3649
5.07 3648
5.07 3647
5.07 3646
5.07 3645
5.07 3644
5.07 3643
5.07 3642
5.07 3641
5.15 3640
5.15 3639
5.15 3638
5.15 3637
5.15 3636
5.16 3635
5.16 3634
5.16 3633
5.16 3632
5.16 3631
5.16 3630
5.16 3629
5.18 3628
5.18 3627
5.19 3626
5.19 3625
5.19 3624
5.19 3623
5.21 3622
5.21 3621
5.21 3620
5.21 3619
5.21 3618
5.22 3617
5.22 3616
5.22 3615
5.22 3614
5.22 3613
5.22 3612
5.22 3611
5.22 3610
5.22 3609
5.22 3608
5.22 3607
5.22 3606
5.22 3605
5.24 3604
5.24 3603
5.24 3602
5.24 3601
5.24 3600
5.24 3599
5.24 3598
5.24 3597
5.24 3596
5.24 3595
5.25 3594
5.25 3593
5.25 3592
5.25 3591
5.25 3590
5.25 3589
5.27 3588
5.27 3587
5.27 3586
5.27 3585
5.32 3584
5.32 3583
5.32 3582
5.32 3581
5.32 3580
5.32 3579
5.32 3578
5.32 3577
5.33 3576
5.33 3575
5.33 3574
5.33 3573
5.33 3572
5.35 3571
5.35 3570
5.35 3569
5.35 3568
5.35 3567
5.36 3566
5.36 3565
5.36 3564
5.36 3563
5.36 3562
5.36 3561
5.38 3560
5.38 3559
5.38 3558
5.38 3557
5.38 3556
5.38 3555
5.38 3554
5.39 3553
5.39 3552
5.39 3551
5.39 3550
5.39 3549
5.39 3548
5.39 3547
5.42 3546
5.42 3545
5.42 3544
5.43 3543
5.43 3542
5.43 3541
5.43 3540
5.43 3539
5.43 3538
5.44 3537
5.44 3536
5.44 3535
5.44 3534
5.44 3533
5.44 3532
5.44 3531
5.44 3530
5.44 3529
5.47 3528
5.49 3527
5.49 3526
5.49 3525
5.49 3524
5.49 3523
5.49 3522
5.49 3521
5.49 3520
5.49 3519
5.49 3518
5.49 3517
5.57 3516
5.57 3515
5.57 3514
5.59 3513
5.59 3512
5.59 3511
5.59 3510
5.59 3509
5.59 3508
5.59 3507
5.60 3506
5.62 3505
5.62 3504
5.65 3503
5.65 3502
5.67 3501
5.67 3500
5.67 3499
5.67 3498
5.67 3497
5.67 3496
5.67 3495
5.70 3494
5.70 3493
5.71 3492
5.71 3491
5.71 3490
5.71 3489
5.71 3488
5.71 3487
5.72 3486
5.72 3485
5.77 3484
5.77 3483
5.77 3482
5.77 3481
5.77 3480
5.79 3479
5.79 3478
5.79 3477
5.79 3476
5.79 3475
5.79 3474
5.79 3473
5.79 3472
5.79 3471
5.79 3470
5.79 3469
5.79 3468
5.79 3467
5.80 3466
5.80 3465
5.80 3464
5.85 3463
5.85 3462
5.85 3461
5.85 3460
5.85 3459
5.85 3458
5.85 3457
5.85 3456
5.85 3455
5.86 3454
5.86 3453
5.86 3452
5.86 3451
5.86 3450
5.86 3449
5.86 3448
5.86 3447
5.88 3446
5.88 3445
5.88 3444
5.90 3443
5.90 3442
5.90 3441
5.90 3440
5.90 3439
5.90 3438
5.90 3437
5.90 3436
5.91 3435
5.91 3434
6.01 3433
6.01 3432
6.01 3431
6.01 3430
6.02 3429
6.02 3428
6.02 3427
6.02 3426
6.03 3425
6.06 3424
6.06 3423
6.06 3422
6.08 3421
6.08 3420
6.08 3419
6.08 3418
6.09 3417
6.09 3416
6.09 3415
6.09 3414
6.09 3413
6.09 3412
6.09 3411
6.09 3410
6.09 3409
6.09 3408
6.09 3407
6.09 3406
6.09 3405
6.09 3404
6.09 3403
6.11 3402
6.11 3401
6.11 3400
6.11 3399
6.11 3398
6.11 3397
6.11 3396
6.27 3395
6.29 3394
6.29 3393
6.29 3392
6.30 3391
6.30 3390
6.30 3389
6.30 3388
6.30 3387
6.32 3386
6.32 3385
6.32 3384
6.32 3383
6.32 3382
6.34 3381
6.34 3380
6.37 3379
6.38 3378
6.38 3377
6.38 3376
6.40 3375
6.40 3374
6.56 3373
6.56 3372
6.59 3371
6.59 3370
6.60 3369
6.60 3368
6.60 3367
6.62 3366
6.62 3365
6.62 3364
6.62 3363
6.67 3362
6.67 3361
6.67 3360
6.67 3359
6.68 3358
6.70 3357
6.70 3356
6.70 3355
6.70 3354
6.70 3353
6.70 3352
6.72 3351
6.72 3350
6.72 3349
6.96 3348
6.96 3347
6.96 3346
6.96 3345
7.07 3344
7.07 3343
7.07 3342
7.09 3341
7.09 3340
7.12 3339
7.30 3338
7.30 3337
7.31 3336
7.32 3335
7.48 3334
7.48 3333
7.50 3332
7.57 3331
7.83 3330
8.54 3329
