0.00 1972
0.27 1971
0.27 1970
0.27 1969
0.27 1968
0.27 1967
0.27 1966
0.27 1965
0.27 1964
0.27 1963
0.27 1962
1.04 1871
1.04 1870
1.04 1869
1.04 1868
1.04 1867
1.04 1866
1.74 1854
1.74 1853
1.74 1852
1.74 1851
1.77 1850
1.77 1849
1.78 1847
1.78 1846
2.12 1845
2.27 1844
2.27 1843
2.30 1842
2.30 1841
2.30 1840
2.30 1839
2.31 1838
2.31 1837
2.96 1836
2.96 1835
3.20 1834
3.20 1833
3.20 1832
3.20 1831
3.20 1830
3.50 1829
3.86 1828
4.02 1827
4.02 1826
4.02 1825
4.09 1824
4.37 1823
4.60 1822
4.60 1821
4.65 1820
4.76 1819
