0.00 5684
3.58 4538
3.58 4537
3.58 4536
3.58 4535
3.58 4534
3.58 4533
3.58 4532
3.58 4531
3.58 4530
3.58 4529
3.59 4528
3.59 4527
3.59 4526
3.59 4525
3.59 4524
3.59 4523
4.12 4250
4.12 4249
4.12 4248
4.12 4247
4.12 4246
4.14 4245
4.14 4244
4.14 4243
4.14 4242
4.14 4241
4.14 4240
4.14 4239
4.14 4238
4.14 4237
4.16 4236
4.16 4235
4.16 4234
4.16 4233
4.16 4232
4.17 4223
4.17 4222
4.17 4221
4.17 4220
4.17 4219
4.19 4218
4.19 4217
4.19 4216
4.19 4215
4.20 4214
4.22 4213
4.22 4212
4.24 4179
4.24 4178
4.24 4177
4.24 4176
4.24 4175
4.24 4174
4.24 4173
4.25 4159
4.25 4158
4.25 4157
4.27 4156
4.27 4155
4.27 4154
4.27 4153
4.27 4152
4.27 4151
4.27 4150
4.27 4149
4.27 4148
4.27 4147
4.27 4146
4.28 4145
4.28 4144
4.28 4143
4.28 4142
4.29 4141
4.29 4140
4.29 4139
4.29 4138
4.29 4137
4.29 4136
4.29 4135
4.29 4134
4.29 4133
4.30 4132
4.30 4131
4.30 4130
4.30 4129
4.30 4128
4.30 4127
4.30 4126
4.31 4125
4.31 4124
4.31 4123
4.31 4122
4.32 4121
4.32 4120
4.32 4119
4.32 4118
4.32 4117
4.32 4116
4.32 4115
4.32 4114
4.32 4113
4.32 4112
4.32 4111
4.32 4110
4.33 4109
4.33 4108
4.34 4107
4.34 4106
4.34 4105
4.34 4104
4.34 4103
4.34 4102
4.34 4101
4.34 4100
4.44 3958
4.45 3957
4.45 3956
4.45 3955
4.45 3954
4.46 3953
4.46 3952
4.46 3951
4.46 3950
4.46 3949
4.47 3948
4.47 3947
4.48 3946
4.49 3945
4.59 3944
4.59 3943
4.59 3942
4.59 3941
4.59 3940
4.60 3939
4.60 3938
4.60 3937
4.60 3936
4.61 3935
4.61 3934
4.61 3933
4.61 3932
4.61 3931
4.61 3930
4.62 3929
4.62 3928
4.62 3927
4.62 3926
4.62 3925
4.62 3924
4.62 3923
4.64 3922
4.64 3921
4.64 3920
4.64 3919
4.64 3918
4.65 3917
4.65 3916
4.65 3915
4.65 3914
4.67 3913
4.67 3912
4.68 3911
4.68 3910
4.68 3909
4.68 3908
4.69 3907
4.69 3906
4.69 3905
4.70 3904
4.70 3903
4.70 3902
4.71 3901
4.71 3900
4.72 3899
4.72 3898
4.72 3897
4.72 3896
4.73 3895
4.74 3894
4.74 3893
4.74 3892
4.74 3891
4.75 3890
4.75 3889
4.75 3888
4.76 3887
4.76 3886
4.76 3885
4.76 3884
4.77 3883
4.77 3882
4.77 3881
4.77 3880
4.77 3879
4.77 3878
4.78 3877
4.79 3876
4.79 3875
4.80 3874
4.81 3873
4.82 3872
4.82 3871
4.82 3870
4.83 3869
4.83 3868
4.84 3867
4.84 3866
4.85 3865
4.85 3864
4.85 3863
4.85 3862
4.85 3861
4.85 3860
4.85 3859
4.87 3858
4.87 3857
4.89 3856
4.89 3855
4.89 3854
4.90 3853
4.90 3852
4.90 3851
4.90 3850
4.90 3849
4.90 3848
4.90 3847
4.92 3846
4.92 3845
4.92 3844
4.94 3843
4.94 3842
4.94 3841
4.94 3840
4.94 3839
4.96 3838
4.97 3837
4.97 3836
4.97 3835
4.97 3834
4.98 3833
4.98 3832
4.98 3831
4.99 3830
4.99 3829
4.99 3828
4.99 3827
4.99 3826
4.99 3825
4.99 3824
5.02 3823
5.09 3822
5.09 3821
5.12 3820
5.12 3819
5.13 3818
5.13 3817
5.13 3816
5.13 3815
5.16 3814
5.16 3813
5.16 3812
5.16 3811
5.17 3810
5.17 3809
5.17 3808
5.17 3807
5.18 3806
5.18 3805
5.18 3804
5.18 3803
5.18 3802
5.19 3801
5.19 3800
5.19 3799
5.19 3798
5.19 3797
5.20 3796
5.20 3795
5.20 3794
5.20 3793
5.20 3792
5.20 3791
5.20 3790
5.21 3789
5.21 3788
5.21 3787
5.21 3786
5.23 3785
5.23 3784
5.23 3783
5.23 3782
5.23 3781
5.23 3780
5.23 3779
5.23 3778
5.23 3777
5.23 3776
5.25 3775
5.25 3774
5.27 3773
5.27 3772
5.27 3771
5.27 3770
5.27 3769
5.27 3768
5.27 3767
5.28 3766
5.28 3765
5.28 3764
5.29 3763
5.29 3762
5.29 3761
5.29 3760
5.29 3759
5.30 3758
5.30 3757
5.30 3756
5.30 3755
5.30 3754
5.30 3753
5.31 3752
5.32 3751
5.32 3750
5.32 3749
5.32 3748
5.33 3747
5.33 3746
5.33 3745
5.34 3744
5.34 3743
5.34 3742
5.34 3741
5.34 3740
5.34 3739
5.35 3738
5.35 3737
5.35 3736
5.35 3735
5.35 3734
5.35 3733
5.35 3732
5.37 3731
5.37 3730
5.37 3729
5.37 3728
5.37 3727
5.37 3726
5.37 3725
5.39 3724
5.39 3723
5.39 3722
5.39 3721
5.39 3720
5.39 3719
5.39 3718
5.39 3717
5.40 3716
5.40 3715
5.41 3714
5.41 3713
5.41 3712
5.41 3711
5.41 3710
5.42 3709
5.42 3708
5.42 3707
5.42 3706
5.43 3705
5.43 3704
5.43 3703
5.44 3702
5.44 3701
5.44 3700
5.44 3699
5.45 3698
5.45 3697
5.45 3696
5.45 3695
5.45 3694
5.45 3693
5.46 3692
5.46 3691
5.47 3690
5.47 3689
5.47 3688
5.47 3687
5.47 3686
5.48 3685
5.49 3684
5.49 3683
5.49 3682
5.49 3681
5.49 3680
5.49 3679
5.49 3678
5.50 3677
5.50 3676
5.50 3675
5.50 3674
5.50 3673
5.52 3672
5.52 3671
5.52 3670
5.52 3669
5.52 3668
5.52 3667
5.52 3666
5.53 3665
5.53 3664
5.53 3663
5.53 3662
5.53 3661
5.53 3660
5.53 3659
5.53 3658
5.55 3657
5.55 3656
5.55 3655
5.55 3654
5.55 3653
5.55 3652
5.55 3651
5.57 3650
5.57 3649
5.57 3648
5.57 3647
5.57 3646
5.57 3645
5.57 3644
5.58 3643
5.59 3642
5.59 3641
5.59 3640
5.60 3639
5.60 3638
5.60 3637
5.61 3636
5.61 3635
5.61 3634
5.62 3633
5.62 3632
5.62 3631
5.62 3630
5.62 3629
5.63 3628
5.63 3627
5.64 3626
5.64 3625
5.64 3624
5.65 3623
5.65 3622
5.65 3621
5.65 3620
5.65 3619
5.66 3618
5.66 3617
5.66 3616
5.66 3615
5.67 3614
5.67 3613
5.68 3612
5.69 3611
5.69 3610
5.69 3609
5.69 3608
5.69 3607
5.70 3606
5.70 3605
5.70 3604
5.70 3603
5.70 3602
5.70 3601
5.70 3600
5.72 3599
5.72 3598
5.72 3597
5.72 3596
5.73 3595
5.74 3594
5.74 3593
5.74 3592
5.74 3591
5.75 3590
5.75 3589
5.75 3588
5.75 3587
5.75 3586
5.75 3585
5.76 3584
5.76 3583
5.76 3582
5.76 3581
5.77 3580
5.77 3579
5.77 3578
5.77 3577
5.77 3576
5.77 3575
5.79 3574
5.79 3573
5.79 3572
5.79 3571
5.80 3570
5.80 3569
5.80 3568
5.80 3567
5.82 3566
5.82 3565
5.82 3564
5.82 3563
5.82 3562
5.82 3561
5.83 3560
5.84 3559
5.84 3558
5.84 3557
5.84 3556
5.84 3555
5.85 3554
5.85 3553
5.85 3552
5.85 3551
5.85 3550
5.86 3549
5.86 3548
5.86 3547
5.87 3546
5.87 3545
5.87 3544
5.87 3543
5.87 3542
5.87 3541
5.88 3540
5.89 3539
5.90 3538
5.90 3537
5.90 3536
5.91 3535
5.91 3534
5.91 3533
5.91 3532
5.92 3531
5.92 3530
5.92 3529
5.92 3528
5.92 3527
5.92 3526
5.92 3525
5.92 3524
5.92 3523
5.92 3522
5.92 3521
5.94 3520
5.94 3519
5.94 3518
5.94 3517
5.94 3516
5.95 3515
5.95 3514
5.95 3513
5.96 3512
5.96 3511
5.96 3510
5.96 3509
5.96 3508
5.97 3507
5.97 3506
5.97 3505
5.97 3504
5.99 3503
5.99 3502
5.99 3501
5.99 3500
5.99 3499
5.99 3498
6.00 3497
6.00 3496
6.00 3495
6.00 3494
6.00 3493
6.00 3492
6.02 3491
6.02 3490
6.02 3489
6.02 3488
6.02 3487
6.02 3486
6.02 3485
6.04 3484
6.04 3483
6.04 3482
6.05 3481
6.05 3480
6.05 3479
6.05 3478
6.05 3477
6.05 3476
6.07 3475
6.07 3474
6.07 3473
6.07 3472
6.07 3471
6.10 3470
6.10 3469
6.10 3468
6.10 3467
6.10 3466
6.10 3465
6.11 3464
6.11 3463
6.11 3462
6.11 3461
6.13 3460
6.13 3459
6.13 3458
6.14 3457
6.14 3456
6.14 3455
6.14 3454
6.14 3453
6.16 3452
6.16 3451
6.16 3450
6.19 3449
6.19 3448
6.19 3447
6.19 3446
6.21 3445
6.21 3444
6.21 3443
6.22 3442
6.24 3441
6.24 3440
6.24 3439
6.24 3438
6.26 3437
6.28 3436
6.28 3435
6.28 3434
6.29 3433
6.29 3432
6.29 3431
6.29 3430
6.30 3429
6.31 3428
6.31 3427
6.31 3426
6.32 3425
6.32 3424
6.32 3423
6.33 3422
6.35 3421
6.35 3420
6.35 3419
6.35 3418
6.35 3417
6.35 3416
6.35 3415
6.37 3414
6.37 3413
6.37 3412
6.38 3411
6.38 3410
6.38 3409
6.39 3408
6.39 3407
6.39 3406
6.39 3405
6.40 3404
6.40 3403
6.41 3402
6.42 3401
6.42 3400
6.43 3399
6.43 3398
6.43 3397
6.45 3396
6.48 3395
6.49 3394
6.51 3393
6.51 3392
6.51 3391
6.51 3390
6.53 3389
6.55 3388
6.55 3387
6.55 3386
6.55 3385
6.55 3384
6.57 3383
6.57 3382
6.57 3381
6.58 3380
6.58 3379
6.59 3378
6.59 3377
6.59 3376
6.63 3375
6.63 3374
6.64 3373
6.68 3372
6.68 3371
6.68 3370
6.69 3369
6.69 3368
6.69 3367
6.70 3366
6.70 3365
6.71 3364
6.71 3363
6.71 3362
6.73 3361
6.73 3360
6.75 3359
6.75 3358
6.83 3357
6.85 3356
6.90 3355
6.90 3354
6.90 3353
6.92 3352
6.92 3351
6.92 3350
7.02 3349
7.02 3348
7.02 3347
7.04 3346
7.27 3345
7.32 3344
7.32 3343
7.37 3342
7.38 3341
7.39 3340
7.39 3339
7.42 3338
7.44 3337
7.51 3336
7.80 3335
7.88 3334
