0.00 814
0.00 813
0.00 812
0.00 811
0.00 810
0.00 809
0.00 808
0.00 807
0.00 806
0.00 805
0.00 804
0.97 721
0.97 720
1.05 719
1.05 718
1.05 717
1.05 716
1.05 715
1.10 714
1.10 713
1.10 712
1.10 711
1.10 710
1.10 709
1.15 708
1.16 705
1.16 704
1.16 703
1.16 702
1.16 701
1.26 690
1.38 686
1.38 685
1.38 684
1.49 682
1.49 681
1.49 680
1.49 679
1.49 678
1.49 677
1.52 676
1.52 675
1.52 674
1.52 673
1.92 672
1.92 671
1.92 670
1.92 669
1.92 668
1.92 667
2.06 666
2.06 665
2.06 664
2.06 663
2.06 662
2.23 661
2.24 660
2.24 659
2.24 658
2.24 657
2.24 656
2.24 655
2.24 654
2.24 653
2.24 652
2.24 651
2.49 649
2.49 648
2.56 647
2.68 645
2.68 644
2.68 643
2.68 642
2.70 641
2.70 640
2.70 639
3.02 638
3.02 637
3.02 636
3.02 635
3.18 634
3.18 633
3.20 630
3.20 629
3.26 628
3.26 627
3.37 626
3.55 625
3.60 624
3.60 623
3.60 622
3.60 621
3.69 620
3.69 619
3.69 618
3.71 617
3.71 616
3.77 615
3.77 614
3.77 613
4.04 612
4.04 611
4.04 610
4.25 609
4.25 608
4.33 607
4.33 606
4.44 605
4.47 604
4.58 603
4.58 602
4.58 601
4.58 600
5.03 599
5.03 598
5.18 597
5.48 596
5.48 595
