0.00 2000
0.57 1999
0.57 1998
0.57 1997
0.57 1996
0.57 1995
0.60 1861
0.60 1860
0.60 1859
0.60 1858
0.60 1857
0.60 1856
0.60 1855
0.60 1854
0.60 1853
0.60 1852
0.60 1851
0.60 1850
0.60 1849
0.60 1848
0.60 1847
0.60 1846
0.60 1845
0.60 1844
0.60 1843
0.60 1842
0.60 1841
0.60 1840
0.60 1839
0.60 1838
0.60 1837
0.60 1836
0.60 1835
0.60 1834
0.60 1833
0.62 1832
0.62 1831
0.62 1830
0.62 1829
0.62 1828
0.62 1827
0.62 1826
0.62 1825
0.62 1824
0.62 1823
0.62 1822
0.62 1821
0.62 1820
0.62 1819
0.62 1818
0.62 1817
0.62 1816
0.62 1815
0.62 1814
0.62 1813
0.62 1812
0.62 1811
0.62 1810
0.62 1809
0.62 1808
0.62 1807
0.62 1806
0.62 1805
0.62 1804
0.62 1803
0.62 1802
0.62 1801
0.62 1800
0.63 1799
0.63 1798
0.63 1797
0.63 1796
0.63 1795
0.63 1794
0.63 1793
0.63 1792
0.63 1791
0.63 1790
0.63 1789
0.63 1788
0.63 1787
0.63 1786
0.63 1785
0.63 1784
0.63 1783
0.63 1782
0.63 1781
0.63 1780
0.63 1779
0.63 1778
0.63 1777
0.63 1776
0.63 1775
0.63 1774
0.63 1773
0.63 1772
0.63 1771
0.63 1770
0.63 1769
0.63 1768
0.63 1767
0.63 1766
0.63 1765
0.63 1764
0.64 1763
0.64 1762
0.64 1761
0.64 1760
0.64 1759
0.64 1758
0.64 1757
0.64 1756
0.64 1755
0.64 1754
0.64 1753
0.64 1752
0.64 1751
0.64 1750
0.64 1749
0.64 1748
0.64 1747
0.64 1746
0.64 1745
0.64 1744
0.64 1743
0.64 1742
0.64 1741
0.64 1740
0.64 1739
0.64 1738
0.64 1737
0.64 1736
0.64 1735
0.64 1734
0.64 1733
0.64 1732
0.64 1731
0.64 1730
0.64 1729
0.64 1728
0.64 1727
0.64 1726
0.64 1725
0.64 1724
0.64 1723
0.64 1722
0.65 1721
0.65 1720
0.65 1719
0.65 1718
0.65 1717
0.65 1716
0.65 1715
0.65 1714
0.65 1713
0.65 1712
0.65 1711
0.65 1710
0.65 1709
0.65 1708
0.65 1707
0.65 1706
0.65 1705
0.65 1704
0.65 1703
0.65 1702
0.65 1701
0.65 1700
0.65 1699
0.65 1698
0.65 1697
0.65 1696
0.65 1695
0.65 1694
0.65 1693
0.65 1692
0.65 1691
0.65 1690
0.65 1689
0.65 1688
0.65 1687
0.65 1686
0.65 1685
0.65 1684
0.65 1683
0.65 1682
0.65 1681
0.65 1680
0.65 1679
0.65 1678
0.65 1677
0.65 1676
0.65 1675
0.65 1674
0.65 1673
0.65 1672
0.65 1671
0.65 1670
0.65 1669
0.65 1668
0.65 1667
0.65 1666
0.65 1665
0.65 1664
0.65 1663
0.65 1662
0.65 1661
0.65 1660
0.65 1659
0.65 1658
0.65 1657
0.65 1656
0.65 1655
0.65 1654
0.65 1653
0.65 1652
0.66 1651
0.66 1650
0.66 1649
0.66 1648
0.66 1647
0.66 1646
0.66 1645
0.66 1644
0.66 1643
0.66 1642
0.66 1641
0.66 1640
0.66 1639
0.66 1638
0.66 1637
0.66 1636
0.66 1635
0.66 1634
0.66 1633
0.66 1632
0.66 1631
0.66 1630
0.66 1629
0.66 1628
0.66 1627
0.66 1626
0.66 1625
0.66 1624
0.66 1623
0.66 1622
0.66 1621
0.66 1620
0.66 1619
0.66 1618
0.66 1617
0.66 1616
0.66 1615
0.66 1614
0.66 1613
0.66 1612
0.66 1611
0.66 1610
0.66 1609
0.66 1608
0.66 1607
0.66 1606
0.66 1605
0.66 1604
0.66 1603
0.66 1602
0.66 1601
0.66 1600
0.68 1599
0.68 1598
0.68 1597
0.68 1596
0.68 1595
0.68 1594
0.68 1593
0.68 1592
0.68 1591
0.68 1590
0.68 1589
0.68 1588
0.68 1587
0.68 1586
0.68 1585
0.68 1584
0.68 1583
0.68 1582
0.68 1581
0.68 1580
0.68 1579
0.68 1578
0.68 1577
0.68 1576
0.68 1575
0.68 1574
0.68 1573
0.68 1572
0.68 1571
0.68 1570
0.68 1569
0.68 1568
0.68 1567
0.68 1566
0.68 1565
0.68 1564
0.68 1563
0.68 1562
0.68 1561
0.68 1560
0.68 1559
0.68 1558
0.68 1557
0.68 1556
0.68 1555
0.68 1554
0.68 1553
0.68 1552
0.68 1551
0.68 1550
0.68 1549
0.68 1548
0.68 1547
0.69 1546
0.69 1545
0.69 1544
0.69 1543
0.70 1542
0.70 1541
0.70 1540
0.70 1539
0.70 1538
0.70 1537
0.70 1536
0.70 1535
0.70 1534
0.70 1533
0.70 1532
0.70 1531
0.70 1530
0.70 1529
0.70 1528
0.70 1527
0.70 1526
0.70 1525
0.70 1524
0.70 1523
0.70 1522
0.70 1521
0.70 1520
0.70 1519
0.70 1518
0.70 1517
0.70 1516
0.70 1515
0.70 1514
0.70 1513
0.70 1512
0.70 1511
0.70 1510
0.70 1509
0.70 1508
0.70 1507
0.70 1506
0.70 1505
0.70 1504
0.70 1503
0.70 1502
0.70 1501
0.71 1500
0.71 1499
0.71 1498
0.71 1497
0.71 1496
0.71 1495
0.71 1494
0.71 1493
0.72 1492
0.72 1491
0.72 1490
0.72 1489
0.72 1488
0.72 1487
0.72 1486
0.72 1485
0.72 1484
0.72 1483
0.72 1482
0.72 1481
0.72 1480
0.72 1479
0.72 1478
0.72 1477
0.72 1476
0.72 1475
0.72 1474
0.72 1473
0.72 1472
0.72 1471
0.73 1470
0.73 1469
0.73 1468
0.73 1467
0.73 1466
0.73 1465
0.73 1464
0.73 1463
0.73 1462
0.73 1461
0.73 1460
0.73 1459
0.73 1458
0.73 1457
0.73 1456
0.73 1455
0.73 1454
0.73 1453
0.73 1452
0.73 1451
0.73 1450
0.73 1449
0.73 1448
0.73 1447
0.73 1446
0.73 1445
0.73 1444
0.73 1443
0.73 1442
0.73 1441
0.73 1440
0.73 1439
0.73 1438
0.73 1437
0.73 1436
0.73 1435
0.73 1434
0.73 1433
0.73 1432
0.73 1431
0.73 1430
0.73 1429
0.75 1428
0.75 1427
0.75 1426
0.75 1425
0.75 1424
0.75 1423
0.75 1422
0.75 1421
0.75 1420
0.75 1419
0.75 1418
0.75 1417
0.75 1416
0.75 1415
0.75 1414
0.75 1413
0.75 1412
0.75 1411
0.75 1410
0.75 1409
0.75 1408
0.75 1407
0.75 1406
0.75 1405
0.75 1404
0.75 1403
0.75 1402
0.75 1401
0.75 1400
0.75 1399
0.75 1398
0.75 1397
0.75 1396
0.76 1395
0.76 1394
0.76 1393
0.76 1392
0.76 1391
0.76 1390
0.76 1389
0.76 1388
0.76 1387
0.76 1386
0.76 1385
0.76 1384
0.76 1383
0.76 1382
0.76 1381
0.76 1380
0.76 1379
0.76 1378
0.76 1377
0.76 1376
0.76 1375
0.76 1374
0.76 1373
0.76 1372
0.76 1371
0.76 1370
0.76 1369
0.76 1368
0.76 1367
0.76 1366
0.76 1365
0.78 1364
0.78 1363
0.78 1362
0.78 1361
0.78 1360
0.78 1359
0.78 1358
0.78 1357
0.78 1356
0.78 1355
0.78 1354
0.78 1353
0.78 1352
0.78 1351
0.78 1350
0.78 1349
0.79 1348
0.80 1347
0.80 1346
0.80 1345
0.80 1344
0.80 1343
0.80 1342
0.80 1341
0.80 1340
0.80 1339
0.80 1338
0.80 1337
0.80 1336
0.80 1335
0.80 1334
0.80 1333
0.80 1332
0.80 1331
0.80 1330
0.80 1329
0.80 1328
0.80 1327
0.81 1326
0.81 1325
0.81 1324
0.81 1323
0.81 1322
0.81 1321
0.81 1320
0.81 1319
0.81 1318
0.81 1317
0.81 1316
0.81 1315
0.81 1314
0.81 1313
0.81 1312
0.81 1311
0.81 1310
0.81 1309
0.81 1308
0.83 1307
0.85 1306
0.86 1305
0.86 1304
0.86 1303
0.86 1302
0.86 1301
0.86 1300
0.87 1299
0.87 1298
0.87 1297
0.87 1296
0.87 1295
0.87 1294
0.87 1293
0.87 1292
0.88 1291
0.88 1290
0.88 1289
0.88 1288
0.88 1287
0.88 1286
0.88 1285
0.88 1284
0.88 1283
0.88 1282
0.88 1281
0.88 1280
0.88 1279
0.88 1278
0.88 1277
0.88 1276
0.88 1275
0.88 1274
0.88 1273
0.88 1272
0.88 1271
0.90 1270
0.90 1269
0.90 1268
0.90 1267
0.90 1266
0.90 1265
0.90 1264
0.90 1263
0.90 1262
0.90 1261
0.90 1260
0.90 1259
0.90 1258
0.90 1257
0.90 1256
0.90 1255
0.90 1254
0.90 1253
0.91 1252
0.91 1251
0.91 1250
0.91 1249
0.91 1248
0.91 1247
0.93 1246
0.93 1245
0.93 1244
0.93 1243
0.95 1242
0.95 1241
0.95 1240
0.95 1239
0.95 1238
0.95 1237
0.96 1236
0.96 1235
0.96 1234
0.96 1233
0.96 1232
1.03 1231
1.03 1230
1.03 1229
1.03 1228
1.03 1227
1.03 1226
1.05 1225
1.05 1224
1.08 1223
1.08 1222
1.08 1221
1.08 1220
1.08 1219
1.08 1218
1.08 1217
1.11 1216
1.11 1215
1.11 1214
1.13 1213
1.13 1212
1.13 1211
1.13 1210
1.13 1209
1.13 1208
1.13 1207
1.13 1206
1.13 1205
1.13 1204
1.15 1203
1.20 1202
1.20 1201
1.20 1200
1.20 1199
1.20 1198
1.20 1197
1.20 1196
1.20 1195
1.20 1194
1.20 1193
1.21 1192
1.21 1191
1.21 1190
1.21 1189
1.21 1188
1.21 1187
1.21 1186
1.21 1185
1.21 1184
1.21 1183
1.21 1182
1.21 1181
1.21 1180
1.23 1179
1.57 1178
1.57 1177
1.57 1176
1.57 1175
1.57 1174
1.57 1173
1.58 1172
1.58 1171
1.58 1170
1.58 1169
1.58 1168
1.58 1167
1.63 1166
1.63 1165
1.63 1164
1.63 1163
1.63 1162
1.63 1161
1.63 1160
1.63 1159
1.63 1158
1.83 1157
1.88 1156
1.89 1155
1.89 1154
1.89 1153
1.89 1152
1.89 1151
1.89 1150
1.89 1149
1.90 1148
1.93 1147
1.97 1146
2.04 1145
2.04 1144
2.04 1143
2.04 1142
2.04 1141
2.04 1140
2.04 1139
2.04 1138
2.04 1137
2.04 1136
2.04 1135
2.04 1134
2.05 1133
2.05 1132
2.30 1131
2.30 1130
2.30 1129
2.30 1128
2.30 1127
2.30 1126
2.30 1125
2.30 1124
2.30 1123
2.30 1122
2.36 1121
2.37 1120
2.37 1119
2.37 1118
2.37 1117
2.37 1116
2.37 1115
2.37 1114
2.37 1113
2.72 1112
2.72 1111
2.72 1110
2.72 1109
2.72 1108
2.72 1107
2.72 1106
2.91 1105
3.00 1104
3.00 1103
3.00 1102
3.02 1101
3.02 1100
3.03 1099
3.03 1098
3.03 1097
3.03 1096
3.03 1095
3.03 1094
3.03 1093
3.03 1092
3.05 1091
3.05 1090
3.05 1089
3.05 1088
3.05 1087
3.15 1086
3.15 1085
3.36 1084
3.36 1083
3.37 1082
3.39 1081
3.39 1080
3.39 1079
3.39 1078
3.39 1077
3.39 1076
3.40 1075
3.40 1074
3.40 1073
3.41 1072
3.41 1071
3.41 1070
3.41 1069
3.42 1068
3.42 1067
3.42 1066
3.42 1065
3.42 1064
3.47 1063
3.47 1062
3.50 1061
3.50 1060
3.50 1059
3.50 1058
3.50 1057
3.50 1056
3.50 1055
3.50 1054
3.53 1053
3.53 1052
3.54 1051
3.54 1050
3.54 1049
3.55 1048
3.55 1047
3.55 1046
3.72 1045
3.72 1044
3.73 1043
3.78 1042
3.81 1041
3.86 1040
3.91 1039
3.92 1038
3.92 1037
3.94 1036
3.94 1035
3.94 1034
3.99 1033
4.05 1032
4.05 1031
4.05 1030
4.07 1029
4.07 1028
4.41 1027
4.44 1026
4.44 1025
4.49 1024
4.59 1023
4.59 1022
4.60 1021
4.60 1020
4.60 1019
4.60 1018
4.83 1017
4.97 1016
4.97 1015
4.98 1014
5.00 1013
5.00 1012
5.16 1011
5.16 1010
5.16 1009
5.26 1008
5.27 1007
5.63 1006
5.71 1005
5.72 1004
5.81 1003
5.81 1002
6.38 1001
6.63 1000
