0.00 1960
0.74 1959
0.74 1958
0.74 1957
0.74 1956
0.74 1955
0.74 1954
0.74 1953
0.74 1952
0.74 1951
0.74 1950
0.74 1949
0.74 1948
0.74 1947
0.74 1946
0.74 1945
0.74 1944
0.74 1943
0.74 1942
0.74 1941
0.74 1940
0.74 1939
0.74 1938
0.74 1937
0.74 1936
0.74 1935
0.74 1934
0.74 1933
0.74 1932
0.74 1931
0.74 1930
0.74 1929
0.74 1928
0.74 1927
0.74 1926
0.74 1925
0.74 1924
0.74 1923
0.74 1922
0.74 1921
0.74 1920
0.74 1919
0.74 1918
0.74 1917
0.74 1916
0.74 1915
0.74 1914
0.74 1913
0.74 1912
0.74 1911
0.74 1910
0.74 1909
0.74 1908
0.74 1907
0.74 1906
0.76 1905
0.76 1904
0.76 1903
0.76 1902
0.76 1901
0.76 1900
0.76 1899
0.76 1898
0.76 1897
0.76 1896
0.76 1895
0.76 1894
0.76 1893
0.76 1892
0.76 1891
0.76 1890
0.76 1889
0.76 1888
0.76 1887
0.76 1886
0.76 1885
0.76 1884
0.76 1883
0.76 1882
0.76 1881
0.76 1880
0.76 1879
0.76 1878
0.76 1877
0.76 1876
0.76 1875
0.76 1874
0.76 1873
0.76 1872
0.76 1871
0.76 1870
0.76 1869
0.76 1868
0.76 1867
0.76 1866
0.76 1865
0.76 1864
0.76 1863
0.76 1862
0.76 1861
0.76 1860
0.76 1859
0.76 1858
0.76 1857
0.76 1856
0.76 1855
0.76 1854
0.76 1853
0.76 1852
0.76 1851
0.76 1850
0.76 1849
0.76 1848
0.76 1847
0.76 1846
0.76 1845
0.77 1844
0.77 1843
0.77 1842
0.77 1841
0.77 1840
0.77 1839
0.77 1838
0.77 1837
0.77 1836
0.77 1835
0.77 1834
0.77 1833
0.77 1832
0.77 1831
0.77 1830
0.77 1829
0.77 1828
0.77 1827
0.77 1826
0.77 1825
0.77 1824
0.77 1823
0.77 1822
0.77 1821
0.77 1820
0.77 1819
0.77 1818
0.77 1817
0.77 1816
0.77 1815
0.77 1814
0.77 1813
0.77 1812
0.77 1811
0.77 1810
0.77 1809
0.77 1808
0.77 1807
0.77 1806
0.77 1805
0.77 1804
0.77 1803
0.77 1802
0.77 1801
0.77 1800
0.77 1799
0.77 1798
0.77 1797
0.77 1796
0.77 1795
0.77 1794
0.77 1793
0.77 1792
0.77 1791
0.77 1790
0.79 1789
0.79 1788
0.79 1787
0.79 1786
0.79 1785
0.79 1784
0.79 1783
0.79 1782
0.79 1781
0.79 1780
0.79 1779
0.79 1778
0.79 1777
0.79 1776
0.79 1775
0.79 1774
0.79 1773
0.79 1772
0.79 1771
0.79 1770
0.79 1769
0.79 1768
0.79 1767
0.79 1766
0.79 1765
0.79 1764
0.79 1763
0.79 1762
0.79 1761
0.79 1760
0.79 1759
0.79 1758
0.79 1757
0.79 1756
0.79 1755
0.79 1754
0.79 1753
0.79 1752
0.79 1751
0.79 1750
0.79 1749
0.79 1748
0.79 1747
0.79 1746
0.79 1745
0.79 1744
0.79 1743
0.79 1742
0.79 1741
0.79 1740
0.79 1739
0.80 1738
0.80 1737
0.80 1736
0.80 1735
0.80 1734
0.80 1733
0.80 1732
0.80 1731
0.80 1730
0.80 1729
0.80 1728
0.80 1727
0.80 1726
0.80 1725
0.80 1724
0.80 1723
0.80 1722
0.80 1721
0.80 1720
0.80 1719
0.80 1718
0.80 1717
0.80 1716
0.80 1715
0.80 1714
0.80 1713
0.80 1712
0.80 1711
0.80 1710
0.80 1709
0.80 1708
0.80 1707
0.80 1706
0.80 1705
0.82 1704
0.82 1703
0.82 1702
0.82 1701
0.82 1700
0.82 1699
0.82 1698
0.82 1697
0.82 1696
0.82 1695
0.82 1694
0.82 1693
0.82 1692
0.82 1691
0.82 1690
0.82 1689
0.82 1688
0.82 1687
0.82 1686
0.82 1685
0.82 1684
0.82 1683
0.82 1682
0.82 1681
0.82 1680
0.82 1679
0.82 1678
0.82 1677
0.82 1676
0.82 1675
0.82 1674
0.82 1673
0.82 1672
0.82 1671
0.82 1670
0.82 1669
0.82 1668
0.82 1667
0.82 1666
0.84 1665
0.84 1664
0.84 1663
0.84 1662
0.84 1661
0.84 1660
0.84 1659
0.84 1658
0.84 1657
0.84 1656
0.84 1655
0.84 1654
0.84 1653
0.84 1652
0.84 1651
0.84 1650
0.84 1649
0.84 1648
0.84 1647
0.84 1646
0.84 1645
0.84 1644
0.84 1643
0.84 1642
0.84 1641
0.84 1640
0.84 1639
0.84 1638
0.84 1637
0.84 1636
0.84 1635
0.84 1634
0.84 1633
0.84 1632
0.84 1631
0.84 1630
0.84 1629
0.84 1628
0.84 1627
0.84 1626
0.84 1625
0.84 1624
0.85 1623
0.85 1622
0.85 1621
0.85 1620
0.85 1619
0.85 1618
0.85 1617
0.85 1616
0.85 1615
0.85 1614
0.85 1613
0.85 1612
0.85 1611
0.85 1610
0.85 1609
0.85 1608
0.85 1607
0.86 1606
0.86 1605
0.86 1604
0.86 1603
0.86 1602
0.86 1601
0.86 1600
0.86 1599
0.86 1598
0.87 1597
0.87 1596
0.87 1595
0.87 1594
0.87 1593
0.87 1592
0.87 1591
0.87 1590
0.87 1589
0.87 1588
0.87 1587
0.87 1586
0.87 1585
0.87 1584
0.87 1583
0.87 1582
0.87 1581
0.87 1580
0.87 1579
0.87 1578
0.87 1577
0.87 1576
0.87 1575
0.88 1574
0.88 1573
0.88 1572
0.88 1571
0.88 1570
0.88 1569
0.88 1568
0.88 1567
0.88 1566
0.88 1565
0.88 1564
0.88 1563
0.88 1562
0.88 1561
0.88 1560
0.88 1559
0.88 1558
0.88 1557
0.88 1556
0.88 1555
0.88 1554
0.89 1553
0.89 1552
0.89 1551
0.89 1550
0.89 1549
0.89 1548
0.89 1547
0.89 1546
0.89 1545
0.89 1544
0.89 1543
0.89 1542
0.89 1541
0.89 1540
0.89 1539
0.89 1538
0.89 1537
0.89 1536
0.89 1535
0.89 1534
0.89 1533
0.89 1532
0.89 1531
0.89 1530
0.89 1529
0.89 1528
0.89 1527
0.89 1526
0.90 1525
0.90 1524
0.90 1523
0.90 1522
0.90 1521
0.90 1520
0.90 1519
0.90 1518
0.90 1517
0.90 1516
0.90 1515
0.90 1514
0.90 1513
0.90 1512
0.90 1511
0.90 1510
0.90 1509
0.90 1508
0.90 1507
0.90 1506
0.90 1505
0.90 1504
0.90 1503
0.90 1502
0.90 1501
0.90 1500
0.91 1499
0.91 1498
0.91 1497
0.91 1496
0.91 1495
0.91 1494
0.91 1493
0.91 1492
0.91 1491
0.91 1490
0.91 1489
0.91 1488
0.91 1487
0.91 1486
0.91 1485
0.91 1484
0.91 1483
0.91 1482
0.91 1481
0.91 1480
0.91 1479
0.91 1478
0.91 1477
0.91 1476
0.91 1475
0.91 1474
0.91 1473
0.91 1472
0.91 1471
0.91 1470
0.93 1469
0.93 1468
0.93 1467
0.93 1466
0.93 1465
0.93 1464
0.93 1463
0.93 1462
0.93 1461
0.93 1460
0.93 1459
0.93 1458
0.93 1457
0.93 1456
0.93 1455
0.93 1454
0.93 1453
0.93 1452
0.93 1451
0.93 1450
0.93 1449
0.93 1448
0.93 1447
0.93 1446
0.93 1445
0.93 1444
0.93 1443
0.93 1442
0.93 1441
0.93 1440
0.95 1439
0.95 1438
0.95 1437
0.95 1436
0.95 1435
0.95 1434
0.95 1433
0.95 1432
0.95 1431
0.95 1430
0.95 1429
0.95 1428
0.95 1427
0.95 1426
0.95 1425
0.95 1424
0.95 1423
0.95 1422
0.95 1421
0.95 1420
0.95 1419
0.95 1418
0.95 1417
0.95 1416
0.95 1415
0.95 1414
0.95 1413
0.95 1412
0.95 1411
0.95 1410
0.95 1409
0.95 1408
0.95 1407
0.95 1406
0.96 1405
0.96 1404
0.96 1403
0.96 1402
0.96 1401
0.96 1400
0.96 1399
0.96 1398
0.96 1397
0.96 1396
0.96 1395
0.96 1394
0.96 1393
0.96 1392
0.96 1391
0.96 1390
0.96 1389
0.96 1388
0.96 1387
0.96 1386
0.96 1385
0.98 1384
0.98 1383
0.98 1382
0.98 1381
0.98 1380
0.98 1379
0.98 1378
0.98 1377
0.98 1376
0.98 1375
0.98 1374
0.98 1373
0.98 1372
0.98 1371
0.98 1370
0.98 1369
0.98 1368
0.99 1367
0.99 1366
0.99 1365
0.99 1364
0.99 1363
0.99 1362
0.99 1361
0.99 1360
0.99 1359
0.99 1358
0.99 1357
0.99 1356
0.99 1355
0.99 1354
0.99 1353
0.99 1352
0.99 1351
0.99 1350
0.99 1349
0.99 1348
0.99 1347
0.99 1346
0.99 1345
0.99 1344
0.99 1343
0.99 1342
0.99 1341
0.99 1340
0.99 1339
0.99 1338
0.99 1337
0.99 1336
0.99 1335
0.99 1334
1.01 1333
1.01 1332
1.01 1331
1.01 1330
1.01 1329
1.01 1328
1.01 1327
1.01 1326
1.01 1325
1.01 1324
1.01 1323
1.02 1322
1.02 1321
1.02 1320
1.02 1319
1.02 1318
1.02 1317
1.02 1316
1.02 1315
1.02 1314
1.04 1313
1.04 1312
1.04 1311
1.04 1310
1.04 1309
1.04 1308
1.06 1307
1.06 1306
1.06 1305
1.06 1304
1.06 1303
1.06 1302
1.06 1301
1.07 1300
1.07 1299
1.07 1298
1.07 1297
1.07 1296
1.07 1295
1.07 1294
1.07 1293
1.07 1292
1.07 1291
1.07 1290
1.07 1289
1.07 1288
1.07 1287
1.09 1286
1.09 1285
1.09 1284
1.09 1283
1.09 1282
1.09 1281
1.09 1280
1.09 1279
1.09 1278
1.09 1277
1.09 1276
1.09 1275
1.09 1274
1.09 1273
1.09 1272
1.09 1271
1.09 1270
1.10 1269
1.10 1268
1.10 1267
1.10 1266
1.10 1265
1.10 1264
1.10 1263
1.10 1262
1.10 1261
1.10 1260
1.10 1259
1.10 1258
1.10 1257
1.10 1256
1.10 1255
1.10 1254
1.10 1253
1.10 1252
1.10 1251
1.11 1250
1.11 1249
1.11 1248
1.11 1247
1.11 1246
1.11 1245
1.11 1244
1.11 1243
1.11 1242
1.11 1241
1.11 1240
1.11 1239
1.11 1238
1.12 1237
1.12 1236
1.12 1235
1.13 1234
1.14 1233
1.14 1232
1.14 1231
1.14 1230
1.14 1229
1.14 1228
1.14 1227
1.15 1226
1.15 1225
1.15 1224
1.15 1223
1.15 1222
1.17 1221
1.17 1220
1.17 1219
1.17 1218
1.17 1217
1.17 1216
1.17 1215
1.17 1214
1.19 1213
1.19 1212
1.19 1211
1.19 1210
1.20 1209
1.20 1208
1.20 1207
1.22 1206
1.22 1205
1.22 1204
1.23 1203
1.23 1202
1.23 1201
1.23 1200
1.25 1199
1.25 1198
1.25 1197
1.25 1196
1.25 1195
1.25 1194
1.25 1193
1.25 1192
1.26 1191
1.26 1190
1.31 1189
1.31 1188
1.31 1187
1.31 1186
1.31 1185
1.31 1184
1.31 1183
1.33 1182
1.33 1181
1.33 1180
1.33 1179
1.33 1178
1.33 1177
1.33 1176
1.33 1175
1.34 1174
1.34 1173
1.34 1172
1.34 1171
1.34 1170
1.37 1169
1.37 1168
1.39 1167
1.39 1166
1.39 1165
1.58 1164
1.59 1163
1.66 1162
1.66 1161
1.67 1160
1.67 1159
1.69 1158
1.69 1157
1.69 1156
1.69 1155
1.69 1154
1.69 1153
1.72 1152
1.72 1151
1.72 1150
1.72 1149
1.72 1148
1.72 1147
1.85 1146
1.85 1145
1.85 1144
1.85 1143
1.88 1142
1.88 1141
1.88 1140
1.88 1139
1.96 1138
1.96 1137
1.97 1136
2.24 1135
2.25 1134
2.25 1133
2.25 1132
2.25 1131
2.25 1130
2.47 1129
2.47 1128
2.47 1127
2.49 1126
2.49 1125
2.49 1124
2.49 1123
2.50 1122
2.50 1121
2.50 1120
2.50 1119
2.50 1118
2.50 1117
2.54 1116
2.54 1115
2.54 1114
2.54 1113
2.66 1112
2.68 1111
2.68 1110
2.68 1109
2.68 1108
2.68 1107
2.68 1106
2.68 1105
2.68 1104
2.68 1103
2.68 1102
2.70 1101
2.70 1100
2.70 1099
2.70 1098
2.70 1097
2.71 1096
2.73 1095
2.76 1094
2.76 1093
2.76 1092
2.76 1091
2.76 1090
2.76 1089
2.76 1088
2.79 1087
2.80 1086
2.80 1085
2.80 1084
2.91 1083
2.91 1082
2.91 1081
2.91 1080
2.91 1079
2.91 1078
2.91 1077
2.91 1076
2.91 1075
2.91 1074
2.91 1073
2.91 1072
2.93 1071
2.93 1070
2.93 1069
2.93 1068
2.93 1067
2.93 1066
3.16 1065
3.16 1064
3.17 1063
3.18 1062
3.18 1061
3.18 1060
3.20 1059
3.21 1058
3.21 1057
3.21 1056
3.21 1055
3.21 1054
3.22 1053
3.40 1052
3.40 1051
3.40 1050
3.40 1049
3.40 1048
3.40 1047
3.41 1046
3.52 1045
3.52 1044
3.52 1043
3.54 1042
3.54 1041
3.54 1040
3.55 1039
3.55 1038
3.55 1037
3.55 1036
3.82 1035
3.82 1034
3.92 1033
3.92 1032
3.93 1031
3.93 1030
3.93 1029
4.03 1028
4.03 1027
4.03 1026
4.03 1025
4.04 1024
4.04 1023
4.04 1022
4.04 1021
4.10 1020
4.11 1019
4.11 1018
4.11 1017
4.19 1016
4.19 1015
4.20 1014
4.20 1013
4.23 1012
4.23 1011
4.28 1010
4.28 1009
4.28 1008
4.45 1007
4.53 1006
4.53 1005
4.56 1004
4.56 1003
4.60 1002
4.88 1001
4.88 1000
4.89 999
4.89 998
4.93 997
4.93 996
4.94 995
4.94 994
4.94 993
5.22 992
5.33 991
5.73 990
5.74 989
5.82 988
5.84 987
6.06 986
6.06 985
6.11 984
6.36 983
6.42 982
6.52 981
6.64 980
