0.00 5678
0.03 5677
0.03 5676
0.03 5675
0.03 5674
0.03 5673
0.03 5672
0.03 5671
0.03 5670
0.03 5669
0.03 5668
0.03 5667
0.03 5666
0.03 5665
0.03 5664
0.03 5663
0.03 5662
0.03 5661
0.05 5660
0.05 5659
0.05 5658
0.05 5657
0.05 5656
0.05 5655
3.51 4225
3.51 4224
3.51 4223
3.51 4222
3.51 4221
3.69 4185
3.69 4184
3.80 4183
3.80 4182
3.80 4181
3.81 4180
3.81 4179
3.86 4164
3.86 4163
3.86 4162
3.86 4161
3.86 4160
3.86 4159
3.86 4158
3.86 4157
3.86 4156
3.86 4155
3.86 4154
3.86 4153
3.91 4145
3.91 4144
3.91 4143
3.91 4142
3.91 4141
3.91 4140
3.92 4139
3.92 4138
3.92 4137
3.92 4136
3.92 4135
3.92 4134
3.94 4127
3.94 4126
3.94 4125
3.94 4124
3.94 4123
4.00 4122
4.00 4121
4.00 4120
4.08 4109
4.08 4108
4.08 4107
4.08 4106
4.08 4105
4.08 4104
4.10 4103
4.10 4102
4.10 4101
4.10 4100
4.10 4099
4.10 4098
4.10 4097
4.10 4096
4.10 4095
4.14 4094
4.14 4093
4.14 4092
4.14 4091
4.14 4090
4.14 4089
4.14 4088
4.14 4087
4.16 4086
4.16 4085
4.16 4084
4.16 4083
4.16 4082
4.16 4081
4.16 4080
4.16 4079
4.16 4078
4.16 4077
4.16 4076
4.36 4075
4.36 4074
4.36 4073
4.36 4069
4.36 4068
4.36 4067
4.36 4066
4.36 4065
4.40 4064
4.40 4063
4.40 4062
4.42 4061
4.42 4060
4.42 4059
4.42 4058
4.42 4057
4.42 4056
4.42 4055
4.59 4054
4.59 4053
4.59 4052
4.62 4051
4.62 4050
4.64 4049
4.64 4048
4.64 4047
4.64 4046
4.64 4045
4.64 4044
4.65 4043
4.65 4042
4.65 4041
4.66 4040
4.69 4039
4.69 4038
4.69 4037
4.72 4036
4.72 4035
4.73 4034
4.73 4033
4.73 4032
4.73 4031
4.73 4030
4.73 4029
4.83 4028
4.83 4027
4.83 4026
4.83 4025
4.83 4024
4.89 4023
4.91 4022
4.91 4021
4.91 4020
4.91 4019
4.91 4018
4.91 4017
4.97 4016
5.03 4015
5.03 4014
5.03 4013
5.03 4012
5.06 4011
5.06 4010
5.07 4009
5.07 4008
5.07 4007
5.07 4006
5.07 4005
5.07 4004
5.10 4003
5.10 4002
5.10 4001
5.10 4000
5.10 3999
5.10 3998
5.10 3997
5.13 3996
5.13 3995
5.13 3994
5.13 3993
5.13 3992
5.24 3991
5.26 3988
5.26 3987
5.26 3986
5.32 3985
5.32 3984
5.37 3983
5.37 3982
5.37 3981
5.37 3980
5.37 3979
5.56 3978
5.56 3977
5.56 3976
5.56 3975
5.56 3974
5.56 3973
5.66 3972
5.66 3971
5.73 3970
5.73 3969
5.73 3968
5.81 3967
5.81 3966
5.96 3965
5.96 3964
5.96 3963
5.97 3962
5.97 3961
5.97 3960
5.97 3959
6.07 3958
6.10 3957
6.11 3956
6.11 3955
6.13 3954
6.31 3953
6.31 3952
6.43 3951
6.43 3950
6.43 3949
6.48 3948
