0.00 2000
0.58 1999
0.58 1998
0.58 1997
0.58 1996
0.58 1995
0.58 1994
0.58 1993
0.58 1992
0.58 1991
0.58 1990
0.58 1989
0.58 1988
0.58 1987
0.65 1759
0.65 1758
0.65 1757
0.65 1756
0.65 1755
0.65 1754
0.65 1753
0.65 1752
0.65 1751
0.65 1750
0.65 1749
0.65 1748
0.65 1747
0.65 1746
0.65 1745
0.65 1744
0.65 1743
0.65 1742
0.65 1741
0.65 1740
0.65 1739
0.65 1738
0.65 1737
0.65 1736
0.65 1735
0.65 1734
0.65 1733
0.65 1732
0.65 1731
0.65 1730
0.65 1729
0.65 1728
0.65 1727
0.65 1726
0.65 1725
0.65 1724
0.65 1723
0.65 1722
0.65 1721
0.65 1720
0.65 1719
0.65 1718
0.65 1717
0.65 1716
0.65 1715
0.65 1714
0.65 1713
0.65 1712
0.65 1711
0.65 1710
0.65 1709
0.65 1708
0.65 1707
0.66 1706
0.66 1705
0.66 1704
0.66 1703
0.66 1702
0.66 1701
0.66 1700
0.66 1699
0.66 1698
0.66 1697
0.66 1696
0.66 1695
0.66 1694
0.66 1693
0.66 1692
0.66 1691
0.66 1690
0.66 1689
0.66 1688
0.66 1687
0.66 1686
0.66 1685
0.66 1684
0.66 1683
0.66 1682
0.66 1681
0.66 1680
0.66 1679
0.66 1678
0.66 1677
0.66 1676
0.66 1675
0.66 1674
0.66 1673
0.66 1672
0.66 1671
0.66 1670
0.66 1669
0.66 1668
0.66 1667
0.66 1666
0.66 1665
0.66 1664
0.66 1663
0.66 1662
0.66 1661
0.66 1660
0.66 1659
0.66 1658
0.66 1657
0.66 1656
0.66 1655
0.66 1654
0.66 1653
0.66 1652
0.66 1651
0.66 1650
0.66 1649
0.66 1648
0.66 1647
0.66 1646
0.66 1645
0.66 1644
0.68 1643
0.68 1642
0.68 1641
0.68 1640
0.68 1639
0.68 1638
0.68 1637
0.68 1636
0.68 1635
0.68 1634
0.68 1633
0.68 1632
0.68 1631
0.68 1630
0.68 1629
0.68 1628
0.68 1627
0.68 1626
0.68 1625
0.68 1624
0.68 1623
0.68 1622
0.68 1621
0.68 1620
0.68 1619
0.68 1618
0.68 1617
0.68 1616
0.68 1615
0.68 1614
0.68 1613
0.68 1612
0.68 1611
0.68 1610
0.68 1609
0.68 1608
0.68 1607
0.68 1606
0.68 1605
0.68 1604
0.68 1603
0.68 1602
0.68 1601
0.68 1600
0.68 1599
0.68 1598
0.68 1597
0.68 1596
0.68 1595
0.68 1594
0.68 1593
0.68 1592
0.68 1591
0.68 1590
0.68 1589
0.68 1588
0.68 1587
0.68 1586
0.68 1585
0.68 1584
0.68 1583
0.68 1582
0.69 1581
0.69 1580
0.69 1579
0.69 1578
0.69 1577
0.69 1576
0.69 1575
0.69 1574
0.69 1573
0.69 1572
0.69 1571
0.69 1570
0.69 1569
0.69 1568
0.69 1567
0.69 1566
0.69 1565
0.69 1564
0.69 1563
0.69 1562
0.69 1561
0.69 1560
0.69 1559
0.69 1558
0.69 1557
0.69 1556
0.69 1555
0.69 1554
0.69 1553
0.69 1552
0.69 1551
0.69 1550
0.69 1549
0.69 1548
0.69 1547
0.69 1546
0.69 1545
0.69 1544
0.69 1543
0.71 1542
0.71 1541
0.71 1540
0.71 1539
0.71 1538
0.71 1537
0.71 1536
0.71 1535
0.71 1534
0.71 1533
0.71 1532
0.71 1531
0.71 1530
0.71 1529
0.71 1528
0.71 1527
0.71 1526
0.71 1525
0.71 1524
0.71 1523
0.71 1522
0.71 1521
0.71 1520
0.71 1519
0.71 1518
0.71 1517
0.71 1516
0.71 1515
0.71 1514
0.71 1513
0.71 1512
0.71 1511
0.71 1510
0.71 1509
0.73 1508
0.73 1507
0.73 1506
0.73 1505
0.73 1504
0.73 1503
0.73 1502
0.73 1501
0.73 1500
0.73 1499
0.73 1498
0.73 1497
0.73 1496
0.73 1495
0.73 1494
0.73 1493
0.73 1492
0.73 1491
0.73 1490
0.73 1489
0.73 1488
0.73 1487
0.73 1486
0.73 1485
0.73 1484
0.73 1483
0.73 1482
0.73 1481
0.73 1480
0.73 1479
0.73 1478
0.73 1477
0.73 1476
0.73 1475
0.73 1474
0.73 1473
0.73 1472
0.75 1471
0.75 1470
0.75 1469
0.75 1468
0.75 1467
0.75 1466
0.75 1465
0.75 1464
0.75 1463
0.75 1462
0.75 1461
0.75 1460
0.75 1459
0.75 1458
0.75 1457
0.75 1456
0.75 1455
0.75 1454
0.75 1453
0.75 1452
0.75 1451
0.75 1450
0.75 1449
0.75 1448
0.75 1447
0.75 1446
0.75 1445
0.75 1444
0.75 1443
0.75 1442
0.76 1441
0.76 1440
0.76 1439
0.76 1438
0.76 1437
0.76 1436
0.76 1435
0.76 1434
0.76 1433
0.76 1432
0.76 1431
0.76 1430
0.76 1429
0.76 1428
0.76 1427
0.76 1426
0.76 1425
0.76 1424
0.76 1423
0.76 1422
0.76 1421
0.76 1420
0.76 1419
0.76 1418
0.76 1417
0.76 1416
0.78 1415
0.78 1414
0.78 1413
0.78 1412
0.78 1411
0.78 1410
0.78 1409
0.78 1408
0.78 1407
0.78 1406
0.78 1405
0.78 1404
0.78 1403
0.78 1402
0.78 1401
0.78 1400
0.78 1399
0.78 1398
0.78 1397
0.78 1396
0.78 1395
0.78 1394
0.78 1393
0.80 1392
0.80 1391
0.80 1390
0.80 1389
0.80 1388
0.80 1387
0.80 1386
0.80 1385
0.80 1384
0.80 1383
0.80 1382
0.80 1381
0.80 1380
0.80 1379
0.80 1378
0.80 1377
0.80 1376
0.80 1375
0.80 1374
0.80 1373
0.80 1372
0.80 1371
0.80 1370
0.81 1369
0.81 1368
0.81 1367
0.81 1366
0.81 1365
0.81 1364
0.81 1363
0.81 1362
0.81 1361
0.81 1360
0.81 1359
0.81 1358
0.83 1357
0.83 1356
0.83 1355
0.83 1354
0.83 1353
0.83 1352
0.83 1351
0.83 1350
0.83 1349
0.83 1348
0.83 1347
0.83 1346
0.83 1345
0.83 1344
0.83 1343
0.83 1342
0.83 1341
0.83 1340
0.83 1339
0.83 1338
0.83 1337
0.83 1336
0.84 1335
0.84 1334
0.85 1333
0.85 1332
0.85 1331
0.85 1330
0.85 1329
0.85 1328
0.85 1327
0.85 1326
0.85 1325
0.85 1324
0.85 1323
0.85 1322
0.85 1321
0.85 1320
0.85 1319
0.85 1318
0.85 1317
0.86 1316
0.86 1315
0.86 1314
0.86 1313
0.86 1312
0.86 1311
0.86 1310
0.86 1309
0.86 1308
0.86 1307
0.88 1306
0.88 1305
0.88 1304
0.88 1303
0.88 1302
0.88 1301
0.88 1300
0.88 1299
0.88 1298
0.88 1297
0.88 1296
0.88 1295
0.88 1294
0.89 1293
0.89 1292
0.89 1291
0.89 1290
0.89 1289
0.89 1288
0.91 1287
0.91 1286
0.91 1285
0.91 1284
0.91 1283
0.91 1282
0.93 1281
0.93 1280
0.93 1279
0.94 1278
0.94 1277
0.96 1276
0.96 1275
0.96 1274
0.96 1273
0.96 1272
0.96 1271
0.96 1270
0.96 1269
0.96 1268
0.98 1267
0.98 1266
0.98 1265
0.98 1264
0.98 1263
0.98 1262
0.98 1261
0.98 1260
0.98 1259
0.98 1258
0.98 1257
0.98 1256
0.98 1255
0.99 1254
0.99 1253
0.99 1252
1.01 1251
1.03 1250
1.03 1249
1.03 1248
1.03 1247
1.03 1246
1.03 1245
1.03 1244
1.05 1243
1.05 1242
1.05 1241
1.05 1240
1.05 1239
1.05 1238
1.05 1237
1.06 1236
1.06 1235
1.06 1234
1.06 1233
1.06 1232
1.06 1231
1.06 1230
1.10 1229
1.10 1228
1.10 1227
1.10 1226
1.13 1225
1.13 1224
1.13 1223
1.14 1222
1.14 1221
1.14 1220
1.14 1219
1.14 1218
1.14 1217
1.18 1216
1.18 1215
1.18 1214
1.18 1213
1.19 1212
1.19 1211
1.30 1210
1.31 1209
1.31 1208
1.31 1207
1.31 1206
1.33 1205
1.33 1204
1.33 1203
1.33 1202
1.33 1201
1.33 1200
1.33 1199
1.33 1198
1.33 1197
1.33 1196
1.33 1195
1.36 1194
1.37 1193
1.37 1192
1.37 1191
1.37 1190
1.39 1189
1.39 1188
1.57 1187
1.57 1186
1.57 1185
1.57 1184
1.57 1183
1.59 1182
1.59 1181
1.59 1180
1.59 1179
1.60 1178
1.60 1177
1.60 1176
1.60 1175
1.60 1174
1.70 1173
1.70 1172
1.70 1171
1.71 1170
1.71 1169
1.71 1168
1.71 1167
1.71 1166
1.71 1165
1.73 1164
1.73 1163
1.73 1162
1.75 1161
1.75 1160
1.75 1159
1.84 1158
1.84 1157
1.84 1156
1.84 1155
1.84 1154
1.84 1153
1.84 1152
1.86 1151
1.86 1150
1.86 1149
1.86 1148
1.86 1147
1.86 1146
1.97 1145
1.97 1144
1.97 1143
1.97 1142
1.97 1141
1.97 1140
1.97 1139
1.98 1138
1.98 1137
1.98 1136
1.98 1135
1.98 1134
2.21 1133
2.21 1132
2.21 1131
2.21 1130
2.24 1129
2.24 1128
2.32 1127
2.32 1126
2.32 1125
2.32 1124
2.32 1123
2.32 1122
2.35 1121
2.35 1120
2.36 1119
2.40 1118
2.40 1117
2.46 1116
2.46 1115
2.46 1114
2.46 1113
2.46 1112
2.46 1111
2.49 1110
2.49 1109
2.49 1108
2.49 1107
2.49 1106
2.51 1105
2.51 1104
2.51 1103
2.51 1102
2.51 1101
2.51 1100
2.82 1099
2.82 1098
2.83 1097
2.83 1096
2.83 1095
2.84 1094
2.84 1093
2.84 1092
2.84 1091
2.84 1090
2.85 1089
2.85 1088
2.85 1087
2.85 1086
2.85 1085
2.85 1084
2.85 1083
2.85 1082
2.85 1081
2.87 1080
2.90 1079
2.98 1078
2.98 1077
2.98 1076
2.98 1075
3.05 1074
3.05 1073
3.05 1072
3.06 1071
3.06 1070
3.61 1069
3.61 1068
3.61 1067
3.61 1066
3.69 1065
3.71 1064
3.73 1063
3.74 1062
3.74 1061
3.74 1060
3.74 1059
3.75 1058
3.75 1057
3.75 1056
3.79 1055
3.80 1054
3.80 1053
3.80 1052
3.80 1051
3.82 1050
3.82 1049
3.93 1048
3.93 1047
3.98 1046
3.98 1045
3.98 1044
3.99 1043
4.01 1042
4.01 1041
4.09 1040
4.36 1039
4.36 1038
4.37 1037
4.37 1036
4.40 1035
4.40 1034
4.43 1033
4.43 1032
4.55 1031
4.59 1030
4.59 1029
4.60 1028
4.62 1027
4.62 1026
4.63 1025
4.65 1024
4.65 1023
4.65 1022
4.65 1021
4.68 1020
4.68 1019
4.68 1018
4.68 1017
5.10 1016
5.10 1015
5.11 1014
5.11 1013
5.44 1012
5.44 1011
5.44 1010
5.45 1009
5.46 1008
5.46 1007
5.48 1006
5.48 1005
5.48 1004
5.49 1003
5.79 1002
5.79 1001
6.94 1000
