0.00 1000
0.41 999
0.41 998
0.41 997
0.41 996
0.43 986
0.43 985
0.43 984
0.43 983
0.43 982
0.44 981
0.44 980
0.46 976
0.46 975
0.46 974
0.46 973
0.46 972
0.46 971
0.47 970
0.47 969
0.47 968
0.47 967
0.47 966
0.49 965
0.49 964
0.49 963
0.49 962
0.50 961
0.50 960
0.50 959
0.50 958
0.50 957
0.50 956
0.50 955
0.50 954
0.54 953
0.54 952
0.55 951
0.63 950
0.66 949
0.69 948
0.69 947
0.69 946
0.69 945
0.69 944
0.71 943
0.71 942
0.81 941
0.81 940
1.28 939
1.29 938
1.29 937
2.66 936
3.20 935
3.23 934
4.34 933
