0.00 2000
0.57 1999
0.57 1998
0.57 1997
0.57 1996
0.58 1995
0.58 1994
0.58 1993
0.58 1992
0.58 1956
0.58 1955
0.58 1954
0.58 1953
0.58 1952
0.58 1951
0.58 1950
0.58 1949
0.58 1948
0.58 1947
0.58 1946
0.58 1945
0.58 1944
0.58 1943
0.58 1942
0.58 1941
0.58 1940
0.58 1939
0.58 1938
0.58 1937
0.58 1936
0.58 1935
0.58 1934
0.58 1933
0.58 1932
0.58 1931
0.58 1930
0.58 1929
0.58 1928
0.58 1927
0.58 1926
0.60 1925
0.60 1924
0.60 1923
0.60 1922
0.60 1921
0.60 1920
0.60 1919
0.60 1918
0.60 1917
0.60 1916
0.60 1915
0.60 1914
0.60 1913
0.60 1912
0.60 1911
0.60 1910
0.60 1909
0.60 1908
0.60 1907
0.60 1906
0.60 1905
0.60 1904
0.60 1903
0.60 1902
0.60 1901
0.60 1900
0.60 1899
0.60 1898
0.60 1897
0.60 1896
0.60 1895
0.60 1894
0.60 1893
0.60 1892
0.60 1891
0.60 1890
0.60 1889
0.60 1888
0.60 1887
0.60 1886
0.60 1885
0.60 1884
0.60 1883
0.60 1882
0.60 1881
0.60 1880
0.60 1879
0.60 1878
0.60 1877
0.60 1876
0.60 1875
0.60 1874
0.60 1873
0.60 1872
0.60 1871
0.60 1870
0.60 1869
0.60 1868
0.60 1867
0.60 1866
0.60 1865
0.60 1864
0.60 1863
0.60 1862
0.60 1861
0.60 1860
0.60 1859
0.60 1858
0.60 1857
0.60 1856
0.60 1855
0.60 1854
0.60 1853
0.60 1852
0.60 1851
0.60 1850
0.60 1849
0.60 1848
0.60 1847
0.61 1846
0.61 1845
0.61 1844
0.61 1843
0.61 1842
0.61 1841
0.61 1840
0.61 1839
0.61 1838
0.61 1837
0.61 1836
0.61 1835
0.61 1834
0.61 1833
0.61 1832
0.61 1831
0.61 1830
0.61 1829
0.61 1828
0.61 1827
0.61 1826
0.61 1825
0.61 1824
0.61 1823
0.61 1822
0.61 1821
0.61 1820
0.61 1819
0.61 1818
0.61 1817
0.61 1816
0.61 1815
0.61 1814
0.61 1813
0.61 1812
0.61 1811
0.61 1810
0.61 1809
0.61 1808
0.61 1807
0.61 1806
0.61 1805
0.61 1804
0.61 1803
0.61 1802
0.61 1801
0.61 1800
0.61 1799
0.61 1798
0.61 1797
0.61 1796
0.61 1795
0.61 1794
0.61 1793
0.61 1792
0.61 1791
0.61 1790
0.61 1789
0.61 1788
0.61 1787
0.61 1786
0.61 1785
0.61 1784
0.61 1783
0.63 1782
0.63 1781
0.63 1780
0.63 1779
0.63 1778
0.63 1777
0.63 1776
0.63 1775
0.63 1774
0.63 1773
0.63 1772
0.63 1771
0.63 1770
0.63 1769
0.63 1768
0.63 1767
0.63 1766
0.63 1765
0.63 1764
0.63 1763
0.63 1762
0.63 1761
0.63 1760
0.63 1759
0.63 1758
0.63 1757
0.63 1756
0.63 1755
0.63 1754
0.63 1753
0.63 1752
0.63 1751
0.63 1750
0.63 1749
0.63 1748
0.63 1747
0.63 1746
0.63 1745
0.63 1744
0.63 1743
0.63 1742
0.63 1741
0.63 1740
0.63 1739
0.63 1738
0.63 1737
0.63 1736
0.63 1735
0.63 1734
0.63 1733
0.63 1732
0.63 1731
0.63 1730
0.63 1729
0.63 1728
0.63 1727
0.63 1726
0.63 1725
0.63 1724
0.63 1723
0.63 1722
0.63 1721
0.63 1720
0.63 1719
0.63 1718
0.63 1717
0.63 1716
0.63 1715
0.63 1714
0.63 1713
0.63 1712
0.63 1711
0.63 1710
0.63 1709
0.63 1708
0.63 1707
0.63 1706
0.63 1705
0.63 1704
0.63 1703
0.65 1702
0.65 1701
0.65 1700
0.65 1699
0.65 1698
0.65 1697
0.65 1696
0.65 1695
0.65 1694
0.65 1693
0.65 1692
0.65 1691
0.65 1690
0.65 1689
0.65 1688
0.65 1687
0.65 1686
0.65 1685
0.65 1684
0.65 1683
0.65 1682
0.65 1681
0.65 1680
0.65 1679
0.65 1678
0.65 1677
0.65 1676
0.65 1675
0.65 1674
0.65 1673
0.65 1672
0.65 1671
0.65 1670
0.65 1669
0.65 1668
0.65 1667
0.65 1666
0.65 1665
0.65 1664
0.66 1663
0.66 1662
0.66 1661
0.66 1660
0.66 1659
0.66 1658
0.66 1657
0.66 1656
0.66 1655
0.66 1654
0.66 1653
0.66 1652
0.66 1651
0.66 1650
0.66 1649
0.66 1648
0.66 1647
0.66 1646
0.66 1645
0.66 1644
0.66 1643
0.66 1642
0.66 1641
0.66 1640
0.66 1639
0.66 1638
0.66 1637
0.66 1636
0.66 1635
0.66 1634
0.66 1633
0.66 1632
0.66 1631
0.66 1630
0.66 1629
0.66 1628
0.66 1627
0.66 1626
0.66 1625
0.66 1624
0.66 1623
0.66 1622
0.66 1621
0.66 1620
0.66 1619
0.66 1618
0.66 1617
0.66 1616
0.66 1615
0.66 1614
0.66 1613
0.66 1612
0.68 1611
0.68 1610
0.68 1609
0.68 1608
0.68 1607
0.68 1606
0.68 1605
0.68 1604
0.68 1603
0.68 1602
0.68 1601
0.68 1600
0.68 1599
0.68 1598
0.68 1597
0.68 1596
0.68 1595
0.68 1594
0.68 1593
0.68 1592
0.68 1591
0.68 1590
0.68 1589
0.68 1588
0.68 1587
0.68 1586
0.68 1585
0.68 1584
0.68 1583
0.68 1582
0.68 1581
0.68 1580
0.68 1579
0.68 1578
0.68 1577
0.68 1576
0.68 1575
0.68 1574
0.68 1573
0.68 1572
0.68 1571
0.68 1570
0.68 1569
0.68 1568
0.68 1567
0.68 1566
0.68 1565
0.68 1564
0.70 1563
0.70 1562
0.70 1561
0.70 1560
0.70 1559
0.70 1558
0.70 1557
0.70 1556
0.70 1555
0.70 1554
0.70 1553
0.70 1552
0.70 1551
0.70 1550
0.70 1549
0.70 1548
0.70 1547
0.70 1546
0.70 1545
0.70 1544
0.70 1543
0.70 1542
0.70 1541
0.70 1540
0.70 1539
0.70 1538
0.70 1537
0.70 1536
0.70 1535
0.70 1534
0.70 1533
0.70 1532
0.70 1531
0.70 1530
0.70 1529
0.70 1528
0.70 1527
0.70 1526
0.70 1525
0.70 1524
0.70 1523
0.70 1522
0.70 1521
0.70 1520
0.70 1519
0.70 1518
0.70 1517
0.70 1516
0.71 1515
0.71 1514
0.71 1513
0.71 1512
0.71 1511
0.71 1510
0.71 1509
0.71 1508
0.71 1507
0.71 1506
0.71 1505
0.71 1504
0.71 1503
0.71 1502
0.71 1501
0.71 1500
0.71 1499
0.71 1498
0.71 1497
0.71 1496
0.71 1495
0.71 1494
0.71 1493
0.71 1492
0.71 1491
0.71 1490
0.71 1489
0.71 1488
0.71 1487
0.71 1486
0.71 1485
0.71 1484
0.71 1483
0.71 1482
0.71 1481
0.71 1480
0.71 1479
0.71 1478
0.71 1477
0.71 1476
0.71 1475
0.71 1474
0.71 1473
0.73 1472
0.73 1471
0.73 1470
0.73 1469
0.73 1468
0.73 1467
0.73 1466
0.73 1465
0.73 1464
0.74 1463
0.74 1462
0.74 1461
0.74 1460
0.74 1459
0.74 1458
0.74 1457
0.74 1456
0.74 1455
0.74 1454
0.74 1453
0.74 1452
0.74 1451
0.74 1450
0.74 1449
0.74 1448
0.74 1447
0.74 1446
0.74 1445
0.74 1444
0.74 1443
0.74 1442
0.74 1441
0.74 1440
0.75 1439
0.75 1438
0.75 1437
0.75 1436
0.75 1435
0.75 1434
0.75 1433
0.75 1432
0.75 1431
0.75 1430
0.75 1429
0.75 1428
0.75 1427
0.75 1426
0.75 1425
0.75 1424
0.75 1423
0.75 1422
0.75 1421
0.75 1420
0.75 1419
0.75 1418
0.75 1417
0.75 1416
0.75 1415
0.76 1414
0.76 1413
0.76 1412
0.76 1411
0.76 1410
0.76 1409
0.76 1408
0.76 1407
0.76 1406
0.76 1405
0.76 1404
0.76 1403
0.76 1402
0.76 1401
0.76 1400
0.76 1399
0.76 1398
0.76 1397
0.76 1396
0.76 1395
0.76 1394
0.76 1393
0.76 1392
0.76 1391
0.76 1390
0.76 1389
0.76 1388
0.76 1387
0.76 1386
0.76 1385
0.76 1384
0.76 1383
0.76 1382
0.76 1381
0.76 1380
0.76 1379
0.76 1378
0.76 1377
0.76 1376
0.76 1375
0.76 1374
0.78 1373
0.78 1372
0.78 1371
0.78 1370
0.78 1369
0.78 1368
0.78 1367
0.78 1366
0.78 1365
0.78 1364
0.78 1363
0.78 1362
0.78 1361
0.78 1360
0.78 1359
0.78 1358
0.78 1357
0.79 1356
0.79 1355
0.79 1354
0.79 1353
0.79 1352
0.79 1351
0.80 1350
0.80 1349
0.80 1348
0.80 1347
0.80 1346
0.80 1345
0.80 1344
0.80 1343
0.80 1342
0.80 1341
0.81 1340
0.81 1339
0.81 1338
0.81 1337
0.81 1336
0.81 1335
0.81 1334
0.81 1333
0.81 1332
0.83 1331
0.84 1330
0.84 1329
0.84 1328
0.84 1327
0.84 1326
0.84 1325
0.84 1324
0.84 1323
0.84 1322
0.84 1321
0.84 1320
0.84 1319
0.84 1318
0.84 1317
0.84 1316
0.84 1315
0.84 1314
0.84 1313
0.84 1312
0.84 1311
0.85 1310
0.85 1309
0.85 1308
0.85 1307
0.85 1306
0.85 1305
0.85 1304
0.85 1303
0.85 1302
0.85 1301
0.85 1300
0.85 1299
0.85 1298
0.85 1297
0.85 1296
0.85 1295
0.85 1294
0.85 1293
0.85 1292
0.85 1291
0.85 1290
0.85 1289
0.85 1288
0.85 1287
0.85 1286
0.85 1285
0.86 1284
0.86 1283
0.86 1282
0.86 1281
0.86 1280
0.86 1279
0.86 1278
0.86 1277
0.86 1276
0.86 1275
0.86 1274
0.86 1273
0.86 1272
0.86 1271
0.86 1270
0.86 1269
0.86 1268
0.86 1267
0.88 1266
0.88 1265
0.88 1264
0.88 1263
0.88 1262
0.88 1261
0.88 1260
0.88 1259
0.88 1258
0.88 1257
0.88 1256
0.88 1255
0.88 1254
0.88 1253
0.88 1252
0.88 1251
0.88 1250
0.88 1249
0.88 1248
0.88 1247
0.88 1246
0.88 1245
0.90 1244
0.90 1243
0.90 1242
0.90 1241
0.90 1240
0.90 1239
0.90 1238
0.90 1237
0.90 1236
0.90 1235
0.90 1234
0.90 1233
0.90 1232
0.91 1231
0.91 1230
0.91 1229
0.91 1228
0.91 1227
0.91 1226
0.91 1225
0.91 1224
0.91 1223
0.91 1222
0.91 1221
0.91 1220
0.91 1219
0.91 1218
0.91 1217
0.91 1216
0.91 1215
0.91 1214
0.93 1213
0.93 1212
0.93 1211
0.93 1210
0.93 1209
0.93 1208
0.93 1207
0.93 1206
0.93 1205
0.93 1204
0.95 1203
0.95 1202
0.95 1201
0.95 1200
0.95 1199
0.95 1198
0.95 1197
0.95 1196
0.95 1195
0.95 1194
0.96 1193
0.96 1192
0.96 1191
0.98 1190
0.98 1189
0.98 1188
0.98 1187
1.10 1186
1.10 1185
1.10 1184
1.10 1183
1.31 1182
1.31 1181
1.31 1180
1.31 1179
1.31 1178
1.31 1177
1.31 1176
1.31 1175
1.31 1174
1.31 1173
1.53 1172
1.53 1171
1.53 1170
1.53 1169
1.56 1168
1.56 1167
1.56 1166
1.56 1165
1.61 1164
1.61 1163
1.61 1162
1.61 1161
1.61 1160
1.61 1159
1.61 1158
1.61 1157
1.62 1156
1.62 1155
1.62 1154
1.62 1153
1.62 1152
1.69 1151
1.69 1150
1.69 1149
1.69 1148
1.69 1147
1.69 1146
1.69 1145
1.70 1144
1.70 1143
1.99 1142
1.99 1141
2.29 1140
2.29 1139
2.29 1138
2.30 1137
2.30 1136
2.32 1135
2.32 1134
2.32 1133
2.32 1132
2.32 1131
2.35 1130
2.35 1129
2.35 1128
2.38 1127
2.38 1126
2.38 1125
2.38 1124
2.38 1123
2.38 1122
2.38 1121
2.49 1120
2.49 1119
2.49 1118
2.49 1117
2.51 1116
2.51 1115
2.55 1114
2.55 1113
2.56 1112
2.56 1111
2.56 1110
2.64 1109
2.64 1108
2.75 1107
2.75 1106
2.75 1105
2.75 1104
2.75 1103
2.76 1102
2.76 1101
2.76 1100
2.76 1099
2.76 1098
2.77 1097
2.77 1096
2.77 1095
2.78 1094
2.87 1093
2.87 1092
2.87 1091
2.87 1090
2.87 1089
2.95 1088
2.97 1087
2.97 1086
2.97 1085
2.97 1084
2.97 1083
2.97 1082
2.97 1081
2.97 1080
2.97 1079
2.99 1078
3.32 1077
3.32 1076
3.32 1075
3.32 1074
3.32 1073
3.33 1072
3.33 1071
3.35 1070
3.35 1069
3.41 1068
3.45 1067
3.45 1066
3.45 1065
3.46 1064
3.46 1063
3.57 1062
3.59 1061
3.59 1060
3.59 1059
3.59 1058
3.60 1057
3.70 1056
3.70 1055
3.72 1054
3.72 1053
3.72 1052
3.72 1051
3.72 1050
3.72 1049
3.72 1048
3.72 1047
3.88 1046
3.88 1045
3.88 1044
3.89 1043
3.94 1042
3.95 1041
4.16 1040
4.16 1039
4.18 1038
4.18 1037
4.21 1036
4.21 1035
4.21 1034
4.43 1033
4.45 1032
4.54 1031
4.54 1030
4.55 1029
4.55 1028
4.61 1027
4.61 1026
4.61 1025
4.61 1024
4.61 1023
4.67 1022
4.70 1021
4.84 1020
4.84 1019
4.84 1018
4.85 1017
4.85 1016
4.86 1015
4.86 1014
4.86 1013
4.86 1012
5.36 1011
5.38 1010
5.38 1009
5.46 1008
5.46 1007
5.48 1006
5.48 1005
5.72 1004
6.21 1003
6.25 1002
6.26 1001
6.27 1000
