0.00 5678
3.73 4194
3.73 4193
3.73 4192
3.78 4178
3.78 4177
3.78 4176
3.78 4175
3.79 4174
3.79 4168
3.79 4167
3.85 4163
3.85 4162
3.85 4161
3.88 4159
3.88 4158
3.88 4157
3.88 4156
3.89 4152
3.89 4151
3.89 4150
3.89 4149
3.89 4148
3.89 4147
3.89 4146
3.89 4145
3.89 4144
3.96 4143
3.99 4122
3.99 4121
3.99 4120
3.99 4119
3.99 4118
3.99 4117
4.16 4108
4.16 4107
4.16 4106
4.16 4105
4.22 4101
4.22 4100
4.24 4099
4.24 4098
4.29 4097
4.29 4096
4.29 4095
4.29 4094
4.29 4093
4.29 4092
4.32 4088
4.32 4087
4.35 4068
4.35 4067
4.35 4066
4.35 4065
4.35 4064
4.35 4063
4.35 4062
4.35 4061
4.35 4060
4.57 4059
4.59 4058
4.59 4057
4.59 4056
4.59 4055
4.59 4054
4.60 4053
4.60 4052
4.64 4049
4.64 4048
4.64 4047
4.64 4046
4.64 4045
4.64 4044
4.64 4043
4.65 4042
4.65 4041
4.65 4040
4.65 4039
4.65 4038
4.73 4037
4.73 4036
4.73 4035
4.75 4034
4.75 4033
4.75 4032
4.76 4031
4.76 4030
4.76 4029
4.76 4028
4.76 4027
4.76 4026
4.76 4025
4.76 4024
4.76 4023
4.76 4022
4.76 4021
4.76 4020
4.76 4019
4.76 4018
4.84 4015
4.84 4014
4.84 4013
4.84 4012
4.84 4011
4.84 4010
5.00 4009
5.00 4008
5.00 4007
5.00 4006
5.00 4005
5.02 4004
5.02 4003
5.02 4002
5.03 4000
5.03 3999
5.03 3998
5.13 3997
5.13 3996
5.18 3995
5.19 3994
5.19 3993
5.19 3992
5.19 3991
5.19 3990
5.19 3989
5.19 3988
5.21 3986
5.21 3985
5.21 3984
5.21 3983
5.21 3982
5.21 3981
5.21 3980
5.21 3979
5.21 3978
5.40 3977
5.40 3976
5.40 3975
5.46 3974
5.46 3973
5.51 3972
5.51 3971
5.61 3970
5.61 3969
5.62 3968
5.62 3967
5.62 3966
5.66 3965
5.66 3964
5.66 3963
5.77 3962
5.81 3961
5.81 3960
5.81 3959
5.81 3958
5.81 3957
5.96 3956
5.96 3955
6.00 3954
6.05 3953
6.18 3952
6.18 3951
6.30 3950
6.38 3949
6.40 3948
6.51 3947
6.51 3946
6.51 3945
6.77 3944
7.02 3943
