0.00 5684
3.71 4524
3.72 4523
3.72 4522
3.72 4521
3.73 4520
3.73 4519
3.73 4518
3.73 4517
3.74 4516
3.74 4515
3.74 4514
3.74 4513
3.75 4512
3.75 4511
3.75 4510
3.75 4509
3.76 4508
3.76 4507
3.76 4506
3.77 4505
3.78 4504
3.78 4503
3.78 4502
3.79 4501
3.80 4500
3.80 4499
3.81 4498
3.81 4497
3.81 4496
3.82 4495
3.82 4494
3.83 4493
3.83 4492
3.84 4491
3.90 4478
3.91 4477
3.91 4476
3.92 4475
3.92 4474
3.93 4473
3.93 4472
3.93 4471
3.94 4470
3.94 4469
4.00 4450
4.01 4449
4.01 4448
4.01 4447
4.02 4446
4.02 4445
4.02 4444
4.02 4443
4.02 4442
4.02 4441
4.03 4440
4.03 4439
4.03 4438
4.03 4437
4.04 4436
4.04 4435
4.04 4434
4.05 4433
4.05 4432
4.05 4431
4.05 4430
4.06 4429
4.06 4428
4.06 4427
4.06 4426
4.07 4425
4.07 4424
4.07 4423
4.07 4422
4.08 4421
4.08 4420
4.08 4419
4.08 4418
4.08 4417
4.09 4416
4.09 4415
4.10 4414
4.10 4413
4.10 4412
4.10 4411
4.10 4410
4.11 4409
4.12 4408
4.12 4407
4.12 4406
4.13 4405
4.13 4404
4.13 4403
4.13 4402
4.14 4401
4.14 4400
4.14 4399
4.22 4257
4.22 4256
4.23 4255
4.23 4254
4.23 4253
4.23 4252
4.23 4251
4.24 4250
4.24 4249
4.24 4248
4.24 4247
4.24 4246
4.24 4245
4.25 4244
4.25 4243
4.25 4242
4.26 4241
4.27 4240
4.27 4239
4.29 4238
4.29 4237
4.29 4236
4.30 4235
4.30 4234
4.31 4233
4.31 4232
4.31 4231
4.32 4230
4.32 4229
4.32 4228
4.32 4227
4.32 4226
4.33 4225
4.33 4224
4.33 4223
4.33 4222
4.33 4221
4.34 4220
4.34 4219
4.34 4218
4.34 4217
4.34 4216
4.34 4215
4.35 4214
4.35 4213
4.35 4212
4.35 4211
4.35 4210
4.35 4209
4.36 4208
4.36 4207
4.36 4206
4.36 4205
4.36 4204
4.37 4203
4.37 4202
4.37 4201
4.37 4200
4.37 4199
4.37 4198
4.37 4197
4.37 4196
4.38 4195
4.38 4194
4.38 4193
4.38 4192
4.38 4191
4.38 4190
4.38 4189
4.39 4188
4.39 4187
4.39 4186
4.39 4185
4.39 4184
4.39 4183
4.39 4182
4.40 4181
4.40 4180
4.40 4179
4.40 4178
4.40 4177
4.41 4176
4.41 4175
4.41 4174
4.41 4173
4.41 4172
4.42 4171
4.42 4170
4.42 4169
4.42 4168
4.42 4167
4.42 4166
4.42 4165
4.44 4164
4.44 4163
4.44 4162
4.44 4161
4.44 4160
4.44 4159
4.45 4158
4.45 4157
4.45 4156
4.45 4155
4.45 4154
4.46 4153
4.46 4152
4.46 4151
4.46 4150
4.47 4149
4.47 4148
4.47 4147
4.47 4146
4.48 4145
4.48 4144
4.48 4143
4.49 4142
4.49 4141
4.49 4140
4.49 4139
4.50 4138
4.50 4137
4.50 4136
4.50 4135
4.50 4134
4.51 4133
4.51 4132
4.51 4131
4.51 4130
4.51 4129
4.52 4128
4.52 4127
4.52 4126
4.52 4125
4.52 4124
4.52 4123
4.53 4122
4.53 4121
4.64 3915
4.66 3914
4.66 3913
4.66 3912
4.67 3911
4.67 3910
4.68 3909
4.68 3908
4.68 3907
4.68 3906
4.68 3905
4.68 3904
4.68 3903
4.68 3902
4.69 3901
4.69 3900
4.69 3899
4.69 3898
4.69 3897
4.69 3896
4.69 3895
4.69 3894
4.70 3893
4.70 3892
4.70 3891
4.70 3890
4.70 3889
4.70 3888
4.70 3887
4.70 3886
4.71 3885
4.71 3884
4.71 3883
4.72 3882
4.72 3881
4.72 3880
4.72 3879
4.73 3878
4.73 3877
4.73 3876
4.73 3875
4.73 3874
4.74 3873
4.74 3872
4.74 3871
4.74 3870
4.74 3869
4.74 3868
4.74 3867
4.75 3866
4.75 3865
4.75 3864
4.76 3863
4.76 3862
4.76 3861
4.76 3860
4.76 3859
4.77 3858
4.77 3857
4.77 3856
4.77 3855
4.77 3854
4.77 3853
4.77 3852
4.77 3851
4.77 3850
4.77 3849
4.78 3848
4.78 3847
4.78 3846
4.78 3845
4.78 3844
4.78 3843
4.78 3842
4.79 3841
4.79 3840
4.79 3839
4.79 3838
4.79 3837
4.79 3836
4.80 3835
4.80 3834
4.80 3833
4.81 3832
4.81 3831
4.81 3830
4.81 3829
4.82 3828
4.82 3827
4.82 3826
4.82 3825
4.82 3824
4.82 3823
4.82 3822
4.88 3800
4.88 3799
4.89 3798
4.90 3797
4.90 3796
4.90 3795
4.91 3794
4.91 3793
4.91 3792
4.91 3791
4.91 3790
4.92 3789
4.92 3788
4.93 3787
4.93 3786
4.93 3785
4.93 3784
4.93 3783
4.93 3782
4.94 3781
4.94 3780
4.94 3779
4.94 3778
4.94 3777
4.94 3776
4.94 3775
4.95 3774
4.95 3773
4.95 3772
4.95 3771
4.95 3770
4.95 3769
4.95 3768
4.95 3767
4.95 3766
4.96 3765
4.96 3764
4.96 3763
4.96 3762
4.96 3761
4.96 3760
4.96 3759
4.97 3758
4.97 3757
4.97 3756
4.97 3755
4.97 3754
4.97 3753
4.97 3752
4.97 3751
4.97 3750
4.98 3749
4.98 3748
4.98 3747
4.98 3746
4.99 3745
4.99 3744
4.99 3743
4.99 3742
4.99 3741
4.99 3740
5.00 3739
5.00 3738
5.00 3737
5.00 3736
5.00 3735
5.01 3734
5.01 3733
5.01 3732
5.01 3731
5.01 3730
5.01 3729
5.02 3728
5.03 3727
5.03 3726
5.03 3725
5.04 3724
5.04 3723
5.04 3722
5.04 3721
5.04 3720
5.04 3719
5.04 3718
5.05 3717
5.06 3716
5.07 3715
5.07 3714
5.07 3713
5.07 3712
5.07 3711
5.08 3710
5.08 3709
5.08 3708
5.08 3707
5.09 3706
5.09 3705
5.09 3704
5.09 3703
5.09 3702
5.09 3701
5.10 3700
5.10 3699
5.10 3698
5.10 3697
5.10 3696
5.10 3695
5.10 3694
5.11 3693
5.11 3692
5.11 3691
5.11 3690
5.11 3689
5.12 3688
5.12 3687
5.12 3686
5.12 3685
5.13 3684
5.13 3683
5.13 3682
5.13 3681
5.14 3680
5.20 3679
5.20 3678
5.23 3677
5.24 3676
5.25 3675
5.25 3674
5.25 3673
5.25 3672
5.25 3671
5.25 3670
5.26 3669
5.26 3668
5.26 3667
5.26 3666
5.26 3665
5.26 3664
5.26 3663
5.28 3662
5.28 3661
5.28 3660
5.29 3659
5.29 3658
5.29 3657
5.29 3656
5.29 3655
5.30 3654
5.30 3653
5.30 3652
5.30 3651
5.31 3650
5.31 3649
5.32 3648
5.32 3647
5.32 3646
5.32 3645
5.32 3644
5.33 3643
5.33 3642
5.33 3641
5.33 3640
5.34 3639
5.34 3638
5.34 3637
5.34 3636
5.37 3635
5.38 3634
5.38 3633
5.38 3632
5.38 3631
5.38 3630
5.38 3629
5.38 3628
5.39 3627
5.39 3626
5.39 3625
5.39 3624
5.40 3623
5.40 3622
5.40 3621
5.40 3620
5.40 3619
5.40 3618
5.41 3617
5.41 3616
5.41 3615
5.41 3614
5.42 3613
5.42 3612
5.42 3611
5.42 3610
5.42 3609
5.43 3608
5.43 3607
5.43 3606
5.43 3605
5.44 3604
5.44 3603
5.44 3602
5.44 3601
5.45 3600
5.45 3599
5.45 3598
5.45 3597
5.45 3596
5.46 3595
5.47 3594
5.48 3593
5.49 3592
5.49 3591
5.51 3590
5.51 3589
5.51 3588
5.52 3587
5.53 3586
5.53 3585
5.53 3584
5.54 3583
5.54 3582
5.55 3581
5.55 3580
5.56 3579
5.56 3578
5.56 3577
5.57 3576
5.57 3575
5.57 3574
5.57 3573
5.58 3572
5.58 3571
5.58 3570
5.58 3569
5.59 3568
5.59 3567
5.59 3566
5.59 3565
5.59 3564
5.59 3563
5.60 3562
5.60 3561
5.60 3560
5.60 3559
5.60 3558
5.61 3557
5.61 3556
5.61 3555
5.61 3554
5.61 3553
5.61 3552
5.61 3551
5.61 3550
5.61 3549
5.63 3548
5.63 3547
5.63 3546
5.63 3545
5.63 3544
5.63 3543
5.64 3542
5.64 3541
5.64 3540
5.64 3539
5.64 3538
5.65 3537
5.65 3536
5.65 3535
5.67 3534
5.67 3533
5.67 3532
5.67 3531
5.67 3530
5.68 3529
5.68 3528
5.68 3527
5.69 3526
5.69 3525
5.69 3524
5.69 3523
5.69 3522
5.70 3521
5.70 3520
5.70 3519
5.71 3518
5.71 3517
5.71 3516
5.71 3515
5.71 3514
5.71 3513
5.72 3512
5.72 3511
5.73 3510
5.73 3509
5.73 3508
5.73 3507
5.73 3506
5.73 3505
5.74 3504
5.74 3503
5.74 3502
5.75 3501
5.75 3500
5.75 3499
5.75 3498
5.76 3497
5.77 3496
5.77 3495
5.78 3494
5.78 3493
5.78 3492
5.78 3491
5.79 3490
5.79 3489
5.79 3488
5.80 3487
5.80 3486
5.80 3485
5.83 3484
5.83 3483
5.84 3482
5.84 3481
5.85 3480
5.86 3479
5.86 3478
5.86 3477
5.87 3476
5.87 3475
5.87 3474
5.87 3473
5.87 3472
5.87 3471
5.87 3470
5.88 3469
5.88 3468
5.88 3467
5.88 3466
5.89 3465
5.89 3464
5.89 3463
5.89 3462
5.89 3461
5.89 3460
5.90 3459
5.90 3458
5.90 3457
5.90 3456
5.90 3455
5.91 3454
5.91 3453
5.91 3452
5.92 3451
5.93 3450
5.93 3449
5.94 3448
5.94 3447
5.94 3446
5.94 3445
5.95 3444
5.96 3443
6.06 3442
6.06 3441
6.06 3440
6.06 3439
6.06 3438
6.06 3437
6.07 3436
6.09 3435
6.10 3434
6.10 3433
6.11 3432
6.11 3431
6.11 3430
6.13 3429
6.13 3428
6.13 3427
6.13 3426
6.14 3425
6.14 3424
6.19 3423
6.27 3422
6.27 3421
6.27 3420
6.28 3419
6.28 3418
6.28 3417
6.29 3416
6.29 3415
6.29 3414
6.29 3413
6.29 3412
6.30 3411
6.30 3410
6.30 3409
6.31 3408
6.31 3407
6.31 3406
6.31 3405
6.32 3404
6.35 3403
6.35 3402
6.35 3401
6.39 3400
6.40 3399
6.40 3398
6.40 3397
6.41 3396
6.41 3395
6.41 3394
6.42 3393
6.42 3392
6.42 3391
6.42 3390
6.42 3389
6.43 3388
6.43 3387
6.43 3386
6.43 3385
6.43 3384
6.43 3383
6.47 3382
6.48 3381
6.64 3380
6.64 3379
6.64 3378
6.64 3377
6.65 3376
6.65 3375
6.65 3374
6.65 3373
6.66 3372
6.66 3371
6.66 3370
6.66 3369
6.67 3368
6.67 3367
6.67 3366
6.68 3365
6.84 3364
6.85 3363
6.90 3362
6.90 3361
6.91 3360
6.91 3359
6.94 3358
6.94 3357
7.06 3356
7.10 3355
7.12 3354
7.12 3353
7.16 3352
7.18 3351
7.21 3350
7.22 3349
7.22 3348
7.22 3347
7.26 3346
7.26 3345
7.28 3344
7.29 3343
7.54 3342
7.56 3341
8.01 3340
8.08 3339
8.31 3338
