0.00 1960
0.58 1959
0.58 1958
0.58 1957
0.58 1956
0.58 1955
0.58 1954
0.58 1953
0.58 1952
0.58 1951
0.58 1950
0.58 1949
0.58 1948
0.58 1947
0.58 1946
0.60 1945
0.60 1944
0.60 1943
0.60 1942
0.60 1941
0.60 1940
0.60 1939
0.60 1938
0.60 1937
0.60 1936
0.60 1935
0.60 1934
0.60 1933
0.60 1932
0.60 1931
0.60 1930
0.60 1929
0.60 1928
0.60 1927
0.60 1926
0.60 1925
0.60 1924
0.60 1923
0.60 1922
0.60 1921
0.60 1920
0.60 1919
0.60 1918
0.60 1917
0.60 1916
0.60 1915
0.60 1914
0.60 1913
0.60 1912
0.60 1911
0.60 1910
0.60 1909
0.60 1908
0.60 1907
0.60 1906
0.60 1905
0.60 1904
0.60 1903
0.60 1902
0.60 1901
0.60 1900
0.60 1899
0.60 1898
0.60 1897
0.60 1896
0.60 1895
0.60 1894
0.60 1893
0.60 1892
0.60 1891
0.60 1890
0.60 1889
0.60 1888
0.60 1887
0.60 1886
0.60 1885
0.60 1884
0.60 1883
0.60 1882
0.60 1881
0.60 1880
0.60 1879
0.60 1878
0.60 1877
0.60 1876
0.60 1875
0.60 1874
0.60 1873
0.60 1872
0.60 1871
0.60 1870
0.60 1869
0.60 1868
0.60 1867
0.60 1866
0.60 1865
0.60 1864
0.60 1863
0.60 1862
0.60 1861
0.60 1860
0.60 1859
0.60 1858
0.60 1857
0.62 1856
0.62 1855
0.62 1854
0.62 1853
0.62 1852
0.62 1851
0.62 1850
0.62 1849
0.62 1848
0.62 1847
0.62 1846
0.62 1845
0.62 1844
0.62 1843
0.62 1842
0.62 1841
0.62 1840
0.62 1839
0.62 1838
0.62 1837
0.62 1836
0.62 1835
0.62 1834
0.62 1833
0.62 1832
0.62 1831
0.62 1830
0.62 1829
0.62 1828
0.62 1827
0.62 1826
0.62 1825
0.62 1824
0.62 1823
0.62 1822
0.62 1821
0.62 1820
0.62 1819
0.62 1818
0.62 1817
0.62 1816
0.62 1815
0.62 1814
0.62 1813
0.62 1812
0.62 1811
0.62 1810
0.62 1809
0.62 1808
0.62 1807
0.62 1806
0.62 1805
0.62 1804
0.62 1803
0.62 1802
0.62 1801
0.62 1800
0.62 1799
0.62 1798
0.62 1797
0.62 1796
0.63 1795
0.63 1794
0.63 1793
0.63 1792
0.63 1791
0.63 1790
0.63 1789
0.63 1788
0.63 1787
0.63 1786
0.63 1785
0.63 1784
0.63 1783
0.63 1782
0.63 1781
0.63 1780
0.63 1779
0.63 1778
0.63 1777
0.63 1776
0.63 1775
0.63 1774
0.63 1773
0.63 1772
0.63 1771
0.63 1770
0.63 1769
0.63 1768
0.63 1767
0.63 1766
0.63 1765
0.63 1764
0.63 1763
0.63 1762
0.63 1761
0.63 1760
0.63 1759
0.63 1758
0.63 1757
0.63 1756
0.63 1755
0.63 1754
0.63 1753
0.63 1752
0.63 1751
0.63 1750
0.63 1749
0.63 1748
0.63 1747
0.63 1746
0.63 1745
0.63 1744
0.63 1743
0.63 1742
0.63 1741
0.63 1740
0.63 1739
0.63 1738
0.63 1737
0.63 1736
0.63 1735
0.63 1734
0.63 1733
0.63 1732
0.63 1731
0.63 1730
0.63 1729
0.63 1728
0.63 1727
0.63 1726
0.63 1725
0.63 1724
0.63 1723
0.63 1722
0.63 1721
0.63 1720
0.63 1719
0.63 1718
0.63 1717
0.63 1716
0.63 1715
0.63 1714
0.65 1713
0.65 1712
0.65 1711
0.65 1710
0.65 1709
0.65 1708
0.65 1707
0.65 1706
0.65 1705
0.65 1704
0.65 1703
0.65 1702
0.65 1701
0.65 1700
0.65 1699
0.65 1698
0.65 1697
0.65 1696
0.65 1695
0.65 1694
0.65 1693
0.65 1692
0.65 1691
0.65 1690
0.65 1689
0.65 1688
0.65 1687
0.65 1686
0.65 1685
0.65 1684
0.65 1683
0.65 1682
0.65 1681
0.65 1680
0.65 1679
0.65 1678
0.65 1677
0.65 1676
0.65 1675
0.65 1674
0.65 1673
0.65 1672
0.65 1671
0.65 1670
0.65 1669
0.65 1668
0.65 1667
0.65 1666
0.65 1665
0.65 1664
0.65 1663
0.67 1662
0.67 1661
0.67 1660
0.67 1659
0.67 1658
0.67 1657
0.67 1656
0.67 1655
0.67 1654
0.67 1653
0.67 1652
0.67 1651
0.67 1650
0.67 1649
0.67 1648
0.67 1647
0.67 1646
0.67 1645
0.67 1644
0.67 1643
0.67 1642
0.67 1641
0.67 1640
0.67 1639
0.67 1638
0.67 1637
0.67 1636
0.67 1635
0.67 1634
0.67 1633
0.67 1632
0.67 1631
0.67 1630
0.68 1629
0.68 1628
0.68 1627
0.68 1626
0.68 1625
0.68 1624
0.68 1623
0.68 1622
0.68 1621
0.68 1620
0.68 1619
0.68 1618
0.68 1617
0.68 1616
0.68 1615
0.68 1614
0.68 1613
0.68 1612
0.68 1611
0.68 1610
0.68 1609
0.68 1608
0.68 1607
0.68 1606
0.68 1605
0.68 1604
0.68 1603
0.68 1602
0.68 1601
0.68 1600
0.68 1599
0.68 1598
0.68 1597
0.68 1596
0.68 1595
0.68 1594
0.68 1593
0.68 1592
0.68 1591
0.68 1590
0.68 1589
0.69 1588
0.69 1587
0.69 1586
0.69 1585
0.69 1584
0.69 1583
0.69 1582
0.69 1581
0.69 1580
0.69 1579
0.69 1578
0.69 1577
0.69 1576
0.69 1575
0.69 1574
0.69 1573
0.69 1572
0.69 1571
0.69 1570
0.69 1569
0.69 1568
0.69 1567
0.69 1566
0.69 1565
0.69 1564
0.69 1563
0.69 1562
0.69 1561
0.69 1560
0.70 1559
0.70 1558
0.70 1557
0.70 1556
0.70 1555
0.70 1554
0.70 1553
0.70 1552
0.70 1551
0.70 1550
0.70 1549
0.70 1548
0.70 1547
0.70 1546
0.70 1545
0.70 1544
0.70 1543
0.70 1542
0.70 1541
0.70 1540
0.70 1539
0.70 1538
0.70 1537
0.70 1536
0.70 1535
0.70 1534
0.70 1533
0.70 1532
0.70 1531
0.70 1530
0.70 1529
0.70 1528
0.70 1527
0.70 1526
0.70 1525
0.70 1524
0.70 1523
0.70 1522
0.70 1521
0.70 1520
0.70 1519
0.70 1518
0.70 1517
0.70 1516
0.70 1515
0.70 1514
0.70 1513
0.70 1512
0.72 1511
0.72 1510
0.72 1509
0.72 1508
0.72 1507
0.72 1506
0.72 1505
0.72 1504
0.72 1503
0.72 1502
0.72 1501
0.72 1500
0.72 1499
0.72 1498
0.72 1497
0.72 1496
0.72 1495
0.72 1494
0.72 1493
0.72 1492
0.72 1491
0.72 1490
0.72 1489
0.72 1488
0.72 1487
0.73 1486
0.73 1485
0.73 1484
0.73 1483
0.73 1482
0.73 1481
0.73 1480
0.73 1479
0.73 1478
0.73 1477
0.73 1476
0.73 1475
0.73 1474
0.73 1473
0.73 1472
0.73 1471
0.73 1470
0.73 1469
0.73 1468
0.73 1467
0.73 1466
0.73 1465
0.73 1464
0.73 1463
0.73 1462
0.73 1461
0.73 1460
0.73 1459
0.73 1458
0.73 1457
0.73 1456
0.73 1455
0.73 1454
0.73 1453
0.73 1452
0.73 1451
0.73 1450
0.73 1449
0.73 1448
0.73 1447
0.73 1446
0.73 1445
0.73 1444
0.73 1443
0.73 1442
0.73 1441
0.75 1440
0.75 1439
0.75 1438
0.75 1437
0.75 1436
0.75 1435
0.75 1434
0.75 1433
0.75 1432
0.75 1431
0.75 1430
0.75 1429
0.75 1428
0.75 1427
0.75 1426
0.75 1425
0.75 1424
0.75 1423
0.75 1422
0.75 1421
0.75 1420
0.75 1419
0.75 1418
0.75 1417
0.75 1416
0.75 1415
0.75 1414
0.75 1413
0.75 1412
0.75 1411
0.75 1410
0.75 1409
0.75 1408
0.75 1407
0.75 1406
0.75 1405
0.75 1404
0.75 1403
0.75 1402
0.75 1401
0.75 1400
0.77 1399
0.77 1398
0.77 1397
0.77 1396
0.77 1395
0.77 1394
0.77 1393
0.77 1392
0.77 1391
0.77 1390
0.77 1389
0.77 1388
0.77 1387
0.77 1386
0.77 1385
0.77 1384
0.77 1383
0.77 1382
0.77 1381
0.77 1380
0.77 1379
0.77 1378
0.77 1377
0.77 1376
0.78 1375
0.78 1374
0.78 1373
0.78 1372
0.78 1371
0.78 1370
0.78 1369
0.78 1368
0.78 1367
0.78 1366
0.78 1365
0.78 1364
0.78 1363
0.78 1362
0.78 1361
0.78 1360
0.78 1359
0.78 1358
0.78 1357
0.78 1356
0.78 1355
0.80 1354
0.80 1353
0.80 1352
0.80 1351
0.80 1350
0.80 1349
0.80 1348
0.80 1347
0.80 1346
0.80 1345
0.80 1344
0.80 1343
0.80 1342
0.80 1341
0.80 1340
0.80 1339
0.80 1338
0.80 1337
0.80 1336
0.80 1335
0.80 1334
0.80 1333
0.80 1332
0.80 1331
0.80 1330
0.80 1329
0.80 1328
0.80 1327
0.80 1326
0.82 1325
0.82 1324
0.82 1323
0.82 1322
0.82 1321
0.82 1320
0.82 1319
0.82 1318
0.82 1317
0.82 1316
0.82 1315
0.82 1314
0.82 1313
0.82 1312
0.82 1311
0.82 1310
0.82 1309
0.82 1308
0.83 1307
0.83 1306
0.83 1305
0.83 1304
0.83 1303
0.83 1302
0.83 1301
0.83 1300
0.83 1299
0.83 1298
0.83 1297
0.83 1296
0.83 1295
0.83 1294
0.83 1293
0.83 1292
0.83 1291
0.83 1290
0.83 1289
0.85 1288
0.85 1287
0.85 1286
0.85 1285
0.85 1284
0.85 1283
0.85 1282
0.85 1281
0.85 1280
0.85 1279
0.85 1278
0.85 1277
0.85 1276
0.85 1275
0.85 1274
0.85 1273
0.87 1272
0.87 1271
0.87 1270
0.87 1269
0.87 1268
0.87 1267
0.87 1266
0.87 1265
0.87 1264
0.87 1263
0.88 1262
0.88 1261
0.88 1260
0.88 1259
0.88 1258
0.90 1257
0.90 1256
0.90 1255
0.90 1254
0.90 1253
0.90 1252
0.90 1251
0.90 1250
0.90 1249
0.90 1248
0.92 1247
0.92 1246
0.92 1245
0.93 1244
0.93 1243
0.93 1242
0.93 1241
0.93 1240
0.93 1239
0.93 1238
0.95 1237
0.95 1236
0.95 1235
0.95 1234
0.95 1233
0.95 1232
0.95 1231
0.95 1230
0.95 1229
0.95 1228
0.95 1227
0.95 1226
0.95 1225
0.97 1224
0.98 1223
0.98 1222
0.98 1221
0.98 1220
0.98 1219
0.98 1218
0.98 1217
0.98 1216
0.98 1215
0.98 1214
1.00 1213
1.00 1212
1.00 1211
1.00 1210
1.00 1209
1.00 1208
1.00 1207
1.03 1206
1.03 1205
1.03 1204
1.03 1203
1.03 1202
1.03 1201
1.03 1200
1.03 1199
1.03 1198
1.03 1197
1.08 1196
1.08 1195
1.08 1194
1.08 1193
1.08 1192
1.08 1191
1.08 1190
1.08 1189
1.12 1188
1.23 1187
1.23 1186
1.30 1185
1.30 1184
1.30 1183
1.30 1182
1.30 1181
1.30 1180
1.30 1179
1.32 1178
1.32 1177
1.32 1176
1.32 1175
1.32 1174
1.32 1173
1.32 1172
1.38 1171
1.38 1170
1.38 1169
1.38 1168
1.38 1167
1.48 1166
1.48 1165
1.50 1164
1.50 1163
1.59 1162
1.64 1161
1.64 1160
1.70 1159
1.70 1158
1.70 1157
1.71 1156
1.71 1155
1.71 1154
1.71 1153
1.71 1152
1.71 1151
1.71 1150
1.71 1149
1.71 1148
1.71 1147
1.71 1146
1.73 1145
1.73 1144
1.73 1143
1.75 1142
1.75 1141
1.75 1140
1.75 1139
1.75 1138
1.89 1137
1.89 1136
1.89 1135
1.90 1134
1.90 1133
1.90 1132
1.90 1131
1.92 1130
1.93 1129
1.93 1128
1.93 1127
2.08 1126
2.08 1125
2.08 1124
2.09 1123
2.09 1122
2.09 1121
2.09 1120
2.09 1119
2.09 1118
2.09 1117
2.09 1116
2.11 1115
2.11 1114
2.11 1113
2.11 1112
2.11 1111
2.11 1110
2.11 1109
2.11 1108
2.11 1107
2.11 1106
2.11 1105
2.13 1104
2.13 1103
2.13 1102
2.13 1101
2.13 1100
2.13 1099
2.13 1098
2.61 1097
2.62 1096
2.62 1095
2.68 1094
2.76 1093
2.76 1092
2.76 1091
2.76 1090
2.76 1089
2.76 1088
2.81 1087
2.81 1086
2.81 1085
2.84 1084
2.86 1083
2.86 1082
2.86 1081
2.86 1080
2.86 1079
2.86 1078
2.86 1077
2.86 1076
2.86 1075
2.86 1074
2.86 1073
2.86 1072
2.86 1071
2.90 1070
2.90 1069
2.90 1068
2.90 1067
2.90 1066
3.24 1065
3.31 1064
3.31 1063
3.31 1062
3.31 1061
3.33 1060
3.33 1059
3.33 1058
3.33 1057
3.39 1056
3.39 1055
3.39 1054
3.39 1053
3.41 1052
3.42 1051
3.43 1050
3.50 1049
3.50 1048
3.50 1047
3.52 1046
3.52 1045
3.52 1044
3.52 1043
3.53 1042
3.57 1041
3.57 1040
3.58 1039
3.58 1038
3.71 1037
3.71 1036
3.71 1035
3.72 1034
3.72 1033
3.72 1032
3.72 1031
3.72 1030
3.73 1029
3.83 1028
3.84 1027
4.05 1026
4.05 1025
4.06 1024
4.19 1023
4.19 1022
4.19 1021
4.19 1020
4.20 1019
4.22 1018
4.24 1017
4.24 1016
4.24 1015
4.24 1014
4.24 1013
4.27 1012
4.27 1011
4.27 1010
4.28 1009
4.30 1008
4.30 1007
4.31 1006
4.44 1005
4.78 1004
4.78 1003
4.78 1002
4.78 1001
4.78 1000
4.95 999
4.96 998
4.96 997
5.00 996
5.00 995
5.00 994
5.02 993
5.25 992
5.41 991
5.41 990
5.42 989
5.62 988
5.62 987
5.63 986
5.75 985
5.99 984
6.05 983
6.06 982
6.08 981
6.39 980
