0.00 3736
0.00 3735
0.00 3734
0.00 3733
0.00 3732
0.00 3731
0.00 3730
0.00 3729
0.00 3728
0.00 3727
0.00 3726
0.00 3725
0.00 3724
0.00 3723
0.00 3722
0.00 3721
0.00 3720
2.29 2618
2.29 2617
2.29 2616
2.29 2615
2.29 2614
2.29 2613
2.29 2612
2.96 2506
2.96 2505
2.96 2504
2.96 2503
2.96 2502
2.96 2501
2.96 2500
2.96 2499
2.96 2498
2.96 2497
2.96 2496
2.96 2495
2.96 2494
2.96 2493
2.96 2492
2.96 2491
2.96 2490
2.96 2489
2.97 2488
2.97 2487
2.97 2486
2.97 2485
2.97 2484
3.10 2477
3.10 2476
3.10 2475
3.14 2465
3.14 2464
3.14 2463
3.22 2429
3.22 2428
3.22 2427
3.22 2426
3.22 2425
3.22 2424
3.41 2423
3.41 2422
3.41 2421
3.41 2420
3.44 2417
3.44 2416
3.46 2415
3.46 2414
3.46 2413
3.46 2412
3.46 2411
3.46 2410
3.46 2409
3.46 2408
3.46 2407
3.46 2406
3.55 2400
3.59 2397
3.59 2396
3.67 2395
3.67 2394
3.69 2390
3.69 2389
3.69 2388
3.69 2387
3.69 2386
3.69 2385
3.69 2384
3.69 2383
3.69 2382
3.73 2381
3.73 2380
3.73 2379
3.81 2378
3.81 2365
3.81 2364
3.81 2363
3.81 2362
3.81 2361
3.81 2360
3.81 2359
3.81 2358
3.81 2357
3.81 2356
3.85 2355
3.85 2354
3.85 2353
3.85 2352
3.85 2351
3.85 2350
3.94 2349
3.94 2348
3.94 2347
3.94 2346
3.94 2345
3.94 2344
3.94 2343
3.94 2342
3.96 2341
3.96 2340
3.96 2339
3.96 2338
4.07 2334
4.07 2333
4.07 2332
4.08 2331
4.08 2330
4.08 2329
4.08 2328
4.08 2327
4.08 2326
4.08 2325
4.08 2324
4.08 2323
4.08 2322
4.08 2321
4.08 2320
4.08 2319
4.08 2318
4.18 2317
4.19 2316
4.19 2315
4.19 2314
4.19 2313
4.25 2312
4.27 2311
4.27 2310
4.27 2309
4.27 2308
4.38 2307
4.38 2306
4.38 2305
4.40 2304
4.40 2303
4.40 2302
4.43 2301
4.46 2300
4.46 2299
4.47 2298
4.47 2297
4.47 2296
4.47 2295
4.47 2294
4.47 2293
4.47 2292
4.47 2291
4.47 2290
4.47 2289
4.47 2288
4.47 2287
4.47 2286
4.53 2285
4.64 2284
4.64 2283
4.64 2282
4.64 2281
4.81 2280
4.81 2279
4.81 2278
4.81 2277
4.99 2276
4.99 2275
4.99 2274
4.99 2273
4.99 2272
4.99 2271
4.99 2270
4.99 2269
4.99 2268
5.00 2267
5.00 2266
5.00 2265
5.00 2264
5.00 2263
5.00 2262
5.00 2261
5.05 2260
5.05 2259
5.05 2258
5.05 2257
5.21 2256
5.30 2255
5.32 2254
5.32 2253
5.32 2252
5.32 2251
5.32 2250
5.32 2249
5.58 2248
5.63 2247
5.65 2246
5.65 2245
5.65 2244
5.65 2243
5.68 2242
5.68 2241
5.73 2240
5.73 2239
5.96 2238
5.96 2237
5.96 2236
6.05 2235
6.19 2234
6.24 2233
6.40 2232
6.41 2231
6.41 2230
6.67 2229
6.74 2228
7.11 2227
