0.00 3736
0.01 3735
0.01 3734
0.02 3733
0.02 3732
0.02 3731
2.58 2567
2.58 2566
2.58 2565
2.58 2564
2.58 2563
2.58 2562
2.58 2561
2.58 2560
2.58 2559
2.58 2558
2.58 2557
2.58 2556
2.58 2555
2.58 2554
2.58 2553
2.58 2552
2.58 2551
2.58 2550
3.02 2480
3.02 2479
3.02 2478
3.26 2465
3.26 2464
3.26 2463
3.26 2462
3.26 2461
3.26 2460
3.26 2459
3.26 2458
3.26 2457
3.26 2456
3.27 2455
3.27 2454
3.27 2453
3.27 2452
3.27 2451
3.27 2450
3.27 2449
3.27 2448
3.27 2447
3.27 2446
3.29 2432
3.29 2431
3.29 2430
3.29 2429
3.29 2428
3.29 2427
3.38 2426
3.38 2425
3.38 2424
3.38 2423
3.38 2422
3.38 2421
3.38 2420
3.38 2419
3.38 2418
3.41 2415
3.44 2398
3.44 2397
3.44 2396
3.44 2395
3.63 2394
3.67 2388
3.74 2387
3.74 2386
3.74 2385
3.74 2384
3.74 2383
3.74 2382
3.74 2381
3.78 2380
3.84 2379
3.84 2378
3.84 2377
3.84 2376
3.84 2375
3.84 2374
3.84 2373
3.84 2372
3.84 2369
3.84 2368
3.84 2367
3.84 2366
3.84 2365
3.84 2364
3.84 2363
3.84 2362
3.84 2361
3.84 2360
3.85 2359
3.85 2358
3.85 2357
3.93 2356
3.93 2355
3.97 2354
3.97 2353
3.97 2352
3.97 2351
4.00 2350
4.00 2349
4.00 2348
4.00 2347
4.01 2346
4.02 2345
4.02 2344
4.02 2343
4.02 2342
4.02 2341
4.02 2340
4.02 2339
4.02 2338
4.03 2337
4.03 2336
4.03 2335
4.03 2334
4.03 2333
4.16 2332
4.16 2331
4.23 2330
4.23 2329
4.23 2328
4.23 2327
4.23 2326
4.24 2325
4.24 2324
4.32 2323
4.32 2322
4.32 2321
4.32 2320
4.32 2319
4.32 2318
4.32 2317
4.32 2316
4.32 2315
4.33 2314
4.33 2313
4.33 2312
4.38 2311
4.38 2310
4.39 2309
4.39 2308
4.39 2307
4.42 2306
4.42 2305
4.43 2304
4.43 2303
4.43 2302
4.44 2301
4.48 2300
4.48 2299
4.48 2298
4.48 2297
4.53 2296
4.53 2295
4.53 2294
4.53 2293
4.53 2292
4.53 2291
4.68 2290
4.69 2289
4.70 2288
4.70 2287
4.70 2286
4.70 2285
4.70 2284
4.70 2283
4.73 2282
4.73 2281
4.73 2280
4.79 2278
4.79 2277
4.79 2276
4.79 2275
4.80 2274
4.93 2273
4.93 2272
4.96 2271
4.96 2270
4.96 2269
4.96 2268
4.96 2267
4.96 2266
4.96 2265
4.96 2264
5.12 2263
5.12 2262
5.15 2261
5.21 2260
5.21 2259
5.21 2258
5.21 2257
5.21 2256
5.21 2255
5.30 2254
5.31 2253
5.31 2252
5.31 2251
5.31 2250
5.42 2249
5.43 2248
5.43 2247
5.43 2246
5.56 2245
5.57 2244
5.57 2243
5.57 2242
5.57 2241
5.73 2240
5.73 2239
5.73 2238
5.73 2237
5.82 2236
5.83 2235
5.83 2234
5.86 2233
5.98 2232
5.98 2231
5.99 2230
6.14 2229
6.14 2228
6.40 2227
6.40 2226
6.80 2225
