0.00 1960
0.62 1959
0.62 1958
0.62 1957
0.62 1956
0.62 1955
0.62 1954
0.62 1953
0.62 1952
0.62 1951
0.62 1950
0.62 1949
0.62 1948
0.62 1947
0.62 1946
0.62 1945
0.62 1944
0.62 1943
0.62 1942
0.62 1941
0.63 1940
0.63 1939
0.63 1938
0.63 1937
0.63 1936
0.63 1935
0.63 1934
0.63 1933
0.63 1932
0.63 1931
0.63 1930
0.63 1929
0.63 1928
0.63 1927
0.63 1926
0.63 1925
0.63 1924
0.63 1923
0.63 1922
0.63 1921
0.63 1920
0.63 1919
0.63 1918
0.63 1917
0.63 1916
0.63 1915
0.63 1914
0.63 1913
0.63 1912
0.63 1911
0.63 1910
0.63 1909
0.63 1908
0.63 1907
0.63 1906
0.63 1905
0.63 1904
0.63 1903
0.63 1902
0.63 1901
0.63 1900
0.63 1899
0.63 1898
0.63 1897
0.63 1896
0.63 1895
0.63 1894
0.63 1893
0.63 1892
0.63 1891
0.63 1890
0.63 1889
0.63 1888
0.63 1887
0.63 1886
0.63 1885
0.63 1884
0.63 1883
0.63 1882
0.63 1881
0.63 1880
0.63 1879
0.63 1878
0.63 1877
0.63 1876
0.63 1875
0.63 1874
0.63 1873
0.63 1872
0.63 1871
0.63 1870
0.63 1869
0.63 1868
0.63 1867
0.63 1866
0.63 1865
0.63 1864
0.63 1863
0.63 1862
0.63 1861
0.63 1860
0.63 1859
0.63 1858
0.63 1857
0.63 1856
0.65 1855
0.65 1854
0.65 1853
0.65 1852
0.65 1851
0.65 1850
0.65 1849
0.65 1848
0.65 1847
0.65 1846
0.65 1845
0.65 1844
0.65 1843
0.65 1842
0.65 1841
0.65 1840
0.65 1839
0.65 1838
0.65 1837
0.65 1836
0.65 1835
0.65 1834
0.65 1833
0.65 1832
0.65 1831
0.65 1830
0.65 1829
0.65 1828
0.65 1827
0.65 1826
0.65 1825
0.65 1824
0.65 1823
0.65 1822
0.65 1821
0.65 1820
0.65 1819
0.65 1818
0.65 1817
0.65 1816
0.65 1815
0.65 1814
0.65 1813
0.65 1812
0.65 1811
0.65 1810
0.65 1809
0.65 1808
0.65 1807
0.65 1806
0.65 1805
0.65 1804
0.65 1803
0.65 1802
0.65 1801
0.65 1800
0.65 1799
0.65 1798
0.65 1797
0.65 1796
0.65 1795
0.65 1794
0.65 1793
0.65 1792
0.65 1791
0.65 1790
0.65 1789
0.65 1788
0.65 1787
0.65 1786
0.65 1785
0.65 1784
0.65 1783
0.65 1782
0.65 1781
0.65 1780
0.66 1779
0.66 1778
0.66 1777
0.67 1776
0.67 1775
0.67 1774
0.67 1773
0.67 1772
0.67 1771
0.67 1770
0.67 1769
0.67 1768
0.67 1767
0.67 1766
0.67 1765
0.67 1764
0.67 1763
0.67 1762
0.67 1761
0.67 1760
0.67 1759
0.67 1758
0.67 1757
0.67 1756
0.67 1755
0.67 1754
0.67 1753
0.67 1752
0.67 1751
0.67 1750
0.67 1749
0.67 1748
0.67 1747
0.67 1746
0.67 1745
0.67 1744
0.67 1743
0.67 1742
0.67 1741
0.67 1740
0.67 1739
0.67 1738
0.67 1737
0.67 1736
0.67 1735
0.67 1734
0.67 1733
0.67 1732
0.67 1731
0.67 1730
0.67 1729
0.67 1728
0.67 1727
0.67 1726
0.67 1725
0.67 1724
0.67 1723
0.67 1722
0.67 1721
0.67 1720
0.67 1719
0.67 1718
0.67 1717
0.67 1716
0.67 1715
0.67 1714
0.68 1713
0.68 1712
0.68 1711
0.68 1710
0.68 1709
0.68 1708
0.68 1707
0.68 1706
0.68 1705
0.68 1704
0.68 1703
0.68 1702
0.68 1701
0.68 1700
0.68 1699
0.68 1698
0.68 1697
0.68 1696
0.68 1695
0.68 1694
0.68 1693
0.68 1692
0.68 1691
0.68 1690
0.68 1689
0.68 1688
0.68 1687
0.68 1686
0.68 1685
0.68 1684
0.68 1683
0.68 1682
0.68 1681
0.68 1680
0.68 1679
0.68 1678
0.68 1677
0.68 1676
0.68 1675
0.68 1674
0.68 1673
0.68 1672
0.68 1671
0.68 1670
0.68 1669
0.68 1668
0.68 1667
0.68 1666
0.68 1665
0.68 1664
0.68 1663
0.68 1662
0.68 1661
0.68 1660
0.68 1659
0.68 1658
0.68 1657
0.68 1656
0.68 1655
0.68 1654
0.68 1653
0.68 1652
0.68 1651
0.68 1650
0.68 1649
0.70 1648
0.70 1647
0.70 1646
0.70 1645
0.70 1644
0.70 1643
0.70 1642
0.70 1641
0.70 1640
0.70 1639
0.70 1638
0.70 1637
0.70 1636
0.70 1635
0.70 1634
0.70 1633
0.70 1632
0.70 1631
0.70 1630
0.70 1629
0.70 1628
0.70 1627
0.70 1626
0.70 1625
0.70 1624
0.70 1623
0.70 1622
0.70 1621
0.70 1620
0.70 1619
0.70 1618
0.70 1617
0.70 1616
0.70 1615
0.70 1614
0.70 1613
0.70 1612
0.70 1611
0.70 1610
0.70 1609
0.70 1608
0.70 1607
0.70 1606
0.70 1605
0.70 1604
0.70 1603
0.70 1602
0.70 1601
0.70 1600
0.70 1599
0.70 1598
0.70 1597
0.70 1596
0.70 1595
0.70 1594
0.70 1593
0.70 1592
0.70 1591
0.70 1590
0.70 1589
0.71 1588
0.72 1587
0.72 1586
0.72 1585
0.72 1584
0.72 1583
0.72 1582
0.72 1581
0.72 1580
0.72 1579
0.72 1578
0.72 1577
0.72 1576
0.72 1575
0.72 1574
0.72 1573
0.72 1572
0.72 1571
0.72 1570
0.72 1569
0.72 1568
0.72 1567
0.72 1566
0.72 1565
0.72 1564
0.72 1563
0.72 1562
0.72 1561
0.72 1560
0.72 1559
0.72 1558
0.72 1557
0.72 1556
0.72 1555
0.72 1554
0.72 1553
0.72 1552
0.72 1551
0.72 1550
0.72 1549
0.72 1548
0.72 1547
0.72 1546
0.72 1545
0.72 1544
0.72 1543
0.72 1542
0.72 1541
0.72 1540
0.72 1539
0.72 1538
0.72 1537
0.72 1536
0.73 1535
0.73 1534
0.73 1533
0.73 1532
0.73 1531
0.73 1530
0.73 1529
0.73 1528
0.73 1527
0.73 1526
0.73 1525
0.73 1524
0.73 1523
0.73 1522
0.73 1521
0.73 1520
0.73 1519
0.73 1518
0.73 1517
0.73 1516
0.73 1515
0.73 1514
0.73 1513
0.73 1512
0.73 1511
0.73 1510
0.73 1509
0.73 1508
0.73 1507
0.73 1506
0.73 1505
0.73 1504
0.73 1503
0.73 1502
0.75 1501
0.75 1500
0.75 1499
0.75 1498
0.75 1497
0.75 1496
0.75 1495
0.75 1494
0.75 1493
0.75 1492
0.75 1491
0.75 1490
0.75 1489
0.75 1488
0.75 1487
0.75 1486
0.75 1485
0.75 1484
0.75 1483
0.75 1482
0.75 1481
0.75 1480
0.75 1479
0.75 1478
0.75 1477
0.75 1476
0.75 1475
0.75 1474
0.75 1473
0.75 1472
0.75 1471
0.75 1470
0.75 1469
0.75 1468
0.75 1467
0.75 1466
0.75 1465
0.75 1464
0.75 1463
0.75 1462
0.75 1461
0.75 1460
0.75 1459
0.75 1458
0.76 1457
0.76 1456
0.76 1455
0.76 1454
0.76 1453
0.76 1452
0.76 1451
0.76 1450
0.76 1449
0.76 1448
0.76 1447
0.76 1446
0.76 1445
0.76 1444
0.76 1443
0.76 1442
0.76 1441
0.76 1440
0.76 1439
0.76 1438
0.76 1437
0.76 1436
0.76 1435
0.76 1434
0.76 1433
0.76 1432
0.76 1431
0.76 1430
0.76 1429
0.76 1428
0.76 1427
0.76 1426
0.76 1425
0.76 1424
0.76 1423
0.76 1422
0.76 1421
0.76 1420
0.76 1419
0.76 1418
0.76 1417
0.76 1416
0.76 1415
0.76 1414
0.76 1413
0.78 1412
0.78 1411
0.78 1410
0.78 1409
0.78 1408
0.78 1407
0.78 1406
0.78 1405
0.78 1404
0.78 1403
0.78 1402
0.78 1401
0.78 1400
0.78 1399
0.78 1398
0.78 1397
0.78 1396
0.78 1395
0.78 1394
0.78 1393
0.78 1392
0.78 1391
0.78 1390
0.78 1389
0.78 1388
0.78 1387
0.78 1386
0.78 1385
0.78 1384
0.78 1383
0.78 1382
0.78 1381
0.80 1380
0.80 1379
0.80 1378
0.80 1377
0.80 1376
0.80 1375
0.80 1374
0.80 1373
0.80 1372
0.80 1371
0.80 1370
0.80 1369
0.80 1368
0.80 1367
0.80 1366
0.80 1365
0.80 1364
0.80 1363
0.80 1362
0.80 1361
0.80 1360
0.80 1359
0.80 1358
0.80 1357
0.80 1356
0.80 1355
0.80 1354
0.81 1353
0.81 1352
0.81 1351
0.82 1350
0.82 1349
0.82 1348
0.82 1347
0.82 1346
0.82 1345
0.82 1344
0.82 1343
0.82 1342
0.82 1341
0.82 1340
0.82 1339
0.82 1338
0.82 1337
0.82 1336
0.82 1335
0.82 1334
0.82 1333
0.82 1332
0.82 1331
0.82 1330
0.82 1329
0.82 1328
0.83 1327
0.83 1326
0.83 1325
0.83 1324
0.83 1323
0.83 1322
0.83 1321
0.83 1320
0.83 1319
0.83 1318
0.83 1317
0.83 1316
0.83 1315
0.83 1314
0.83 1313
0.83 1312
0.85 1311
0.85 1310
0.85 1309
0.85 1308
0.85 1307
0.85 1306
0.85 1305
0.85 1304
0.85 1303
0.85 1302
0.85 1301
0.85 1300
0.85 1299
0.85 1298
0.85 1297
0.85 1296
0.85 1295
0.85 1294
0.85 1293
0.85 1292
0.85 1291
0.85 1290
0.85 1289
0.85 1288
0.85 1287
0.86 1286
0.87 1285
0.87 1284
0.87 1283
0.87 1282
0.87 1281
0.87 1280
0.87 1279
0.87 1278
0.87 1277
0.87 1276
0.87 1275
0.87 1274
0.87 1273
0.87 1272
0.87 1271
0.87 1270
0.87 1269
0.87 1268
0.87 1267
0.87 1266
0.87 1265
0.87 1264
0.87 1263
0.87 1262
0.87 1261
0.87 1260
0.87 1259
0.87 1258
0.88 1257
0.88 1256
0.88 1255
0.88 1254
0.88 1253
0.88 1252
0.88 1251
0.88 1250
0.88 1249
0.88 1248
0.88 1247
0.88 1246
0.90 1245
0.90 1244
0.90 1243
0.90 1242
0.90 1241
0.90 1240
0.90 1239
0.90 1238
0.90 1237
0.90 1236
0.90 1235
0.92 1234
0.92 1233
0.92 1232
0.92 1231
0.92 1230
0.92 1229
0.92 1228
0.92 1227
0.93 1226
0.93 1225
0.97 1224
0.97 1223
0.97 1222
0.97 1221
0.98 1220
0.98 1219
1.07 1218
1.07 1217
1.07 1216
1.07 1215
1.07 1214
1.07 1213
1.07 1212
1.07 1211
1.08 1210
1.08 1209
1.08 1208
1.08 1207
1.08 1206
1.08 1205
1.08 1204
1.08 1203
1.08 1202
1.08 1201
1.08 1200
1.08 1199
1.08 1198
1.12 1197
1.13 1196
1.13 1195
1.13 1194
1.13 1193
1.13 1192
1.13 1191
1.13 1190
1.13 1189
1.13 1188
1.13 1187
1.13 1186
1.15 1185
1.15 1184
1.15 1183
1.15 1182
1.15 1181
1.15 1180
1.15 1179
1.15 1178
1.16 1177
1.17 1176
1.17 1175
1.28 1174
1.28 1173
1.28 1172
1.28 1171
1.28 1170
1.28 1169
1.28 1168
1.28 1167
1.28 1166
1.28 1165
1.28 1164
1.28 1163
1.28 1162
1.28 1161
1.28 1160
1.43 1159
1.43 1158
1.43 1157
1.43 1156
1.44 1155
1.44 1154
1.44 1153
1.44 1152
1.44 1151
1.44 1150
1.48 1149
1.48 1148
1.48 1147
1.50 1146
1.51 1145
1.54 1144
1.54 1143
1.54 1142
1.54 1141
1.54 1140
1.70 1139
1.70 1138
1.70 1137
1.70 1136
1.70 1135
1.73 1134
1.98 1133
1.98 1132
1.98 1131
2.16 1130
2.18 1129
2.18 1128
2.18 1127
2.18 1126
2.22 1125
2.22 1124
2.22 1123
2.22 1122
2.22 1121
2.22 1120
2.24 1119
2.24 1118
2.24 1117
2.24 1116
2.28 1115
2.28 1114
2.28 1113
2.28 1112
2.45 1111
2.45 1110
2.45 1109
2.45 1108
2.46 1107
2.47 1106
2.47 1105
2.47 1104
2.47 1103
2.47 1102
2.48 1101
2.48 1100
2.54 1099
2.54 1098
2.67 1097
2.67 1096
2.67 1095
2.67 1094
2.67 1093
2.67 1092
2.72 1091
2.72 1090
2.72 1089
2.72 1088
2.78 1087
2.78 1086
2.78 1085
2.85 1084
2.85 1083
2.85 1082
2.85 1081
2.85 1080
2.85 1079
2.86 1078
2.86 1077
2.86 1076
2.86 1075
2.86 1074
2.88 1073
2.88 1072
2.88 1071
2.89 1070
2.89 1069
2.91 1068
2.91 1067
3.21 1066
3.21 1065
3.23 1064
3.23 1063
3.23 1062
3.23 1061
3.23 1060
3.23 1059
3.37 1058
3.37 1057
3.37 1056
3.38 1055
3.42 1054
3.42 1053
3.42 1052
3.42 1051
3.56 1050
3.56 1049
3.56 1048
3.56 1047
3.56 1046
3.56 1045
3.56 1044
3.56 1043
3.56 1042
3.56 1041
3.56 1040
3.58 1039
3.58 1038
3.58 1037
3.58 1036
3.97 1035
3.98 1034
3.99 1033
4.00 1032
4.00 1031
4.00 1030
4.00 1029
4.08 1028
4.08 1027
4.08 1026
4.08 1025
4.08 1024
4.08 1023
4.08 1022
4.23 1021
4.23 1020
4.23 1019
4.23 1018
4.23 1017
4.39 1016
4.43 1015
4.61 1014
4.61 1013
4.63 1012
4.63 1011
4.64 1010
4.64 1009
4.66 1008
4.66 1007
4.66 1006
4.67 1005
4.67 1004
4.67 1003
4.94 1002
4.94 1001
4.96 1000
5.10 999
5.12 998
5.13 997
5.15 996
5.16 995
5.18 994
5.19 993
5.21 992
5.21 991
5.24 990
5.27 989
5.27 988
5.40 987
5.40 986
5.40 985
5.45 984
5.46 983
5.46 982
6.07 981
7.01 980
