0.00 3736
0.01 3735
0.01 3734
0.01 3733
0.01 3732
0.01 3731
0.01 3730
0.01 3729
0.01 3728
0.01 3727
0.01 3726
0.01 3725
0.01 3724
0.01 3723
0.01 3722
0.01 3721
3.03 2500
3.03 2499
3.03 2498
3.03 2497
3.03 2496
3.03 2495
3.03 2494
3.03 2493
3.03 2492
3.03 2491
3.03 2490
3.04 2489
3.04 2488
3.04 2487
3.04 2486
3.04 2485
3.06 2475
3.06 2474
3.07 2473
3.07 2472
3.07 2471
3.07 2470
3.07 2469
3.13 2460
3.13 2459
3.13 2458
3.13 2457
3.13 2456
3.13 2455
3.13 2454
3.13 2453
3.13 2452
3.13 2451
3.13 2450
3.25 2437
3.25 2436
3.25 2435
3.25 2434
3.25 2433
3.25 2432
3.25 2431
3.25 2430
3.25 2429
3.25 2428
3.25 2427
3.25 2426
3.32 2414
3.32 2413
3.32 2412
3.33 2411
3.33 2410
3.46 2409
3.46 2408
3.46 2407
3.57 2391
3.57 2390
3.57 2389
3.57 2388
3.57 2387
3.60 2386
3.60 2385
3.63 2384
3.63 2383
3.63 2382
3.63 2381
3.70 2370
3.70 2369
3.70 2368
3.87 2367
3.87 2366
3.87 2365
3.87 2364
3.87 2363
3.88 2362
3.88 2361
3.88 2360
3.88 2359
3.88 2358
3.93 2357
3.93 2356
3.93 2355
3.93 2354
3.93 2353
3.93 2352
3.93 2351
3.93 2350
4.01 2349
4.01 2348
4.03 2347
4.03 2346
4.04 2345
4.04 2344
4.04 2343
4.04 2342
4.04 2341
4.18 2340
4.18 2339
4.18 2338
4.18 2337
4.18 2336
4.18 2335
4.18 2334
4.18 2333
4.23 2332
4.23 2331
4.23 2330
4.23 2329
4.23 2328
4.23 2327
4.23 2326
4.23 2325
4.23 2324
4.23 2323
4.23 2322
4.25 2316
4.25 2315
4.29 2314
4.29 2313
4.30 2312
4.40 2311
4.40 2310
4.40 2309
4.40 2308
4.40 2307
4.45 2306
4.45 2305
4.45 2304
4.45 2303
4.47 2302
4.47 2301
4.47 2300
4.47 2299
4.48 2298
4.53 2297
4.55 2296
4.55 2295
4.62 2294
4.62 2293
4.66 2292
4.66 2291
4.71 2290
4.71 2289
4.71 2288
4.71 2287
4.71 2286
4.71 2285
4.71 2284
4.71 2283
4.71 2282
4.71 2281
4.74 2280
4.96 2279
4.96 2278
5.01 2277
5.01 2276
5.05 2272
5.05 2271
5.05 2270
5.05 2269
5.05 2268
5.05 2267
5.05 2266
5.15 2265
5.15 2264
5.15 2263
5.15 2262
5.15 2261
5.31 2260
5.31 2259
5.31 2258
5.31 2257
5.31 2256
5.31 2255
5.32 2254
5.32 2253
5.32 2252
5.34 2251
5.46 2250
5.48 2249
5.48 2248
5.49 2247
5.52 2246
5.52 2245
5.52 2244
5.52 2243
5.67 2242
5.67 2241
5.81 2240
5.81 2239
5.84 2238
5.84 2237
5.84 2236
5.84 2235
6.13 2234
6.19 2233
6.26 2232
6.30 2231
6.30 2230
6.32 2229
6.68 2228
