0.00 5684
3.30 4817
3.30 4816
3.30 4815
3.30 4814
3.54 4599
3.54 4598
3.54 4597
3.54 4596
3.54 4595
3.54 4594
3.54 4593
3.54 4592
3.54 4591
3.56 4590
3.56 4589
3.56 4588
3.56 4587
3.56 4586
3.56 4585
3.56 4584
3.56 4583
3.56 4582
3.56 4581
3.56 4580
3.56 4579
3.56 4578
3.56 4577
3.56 4576
3.56 4575
3.58 4574
3.58 4573
3.58 4572
3.58 4571
3.58 4570
3.58 4569
3.58 4568
3.58 4567
3.58 4566
3.73 4424
3.75 4423
3.75 4422
3.75 4421
3.90 4354
3.90 4353
3.90 4352
3.90 4351
3.90 4350
3.90 4349
3.90 4348
3.90 4347
3.90 4346
3.90 4345
3.90 4344
3.90 4343
3.90 4342
3.90 4341
3.91 4340
3.96 4282
3.96 4281
3.96 4280
3.97 4279
3.97 4278
3.97 4277
3.97 4276
3.97 4275
3.97 4274
3.97 4273
3.97 4272
3.98 4271
3.98 4270
3.98 4269
3.99 4268
3.99 4267
3.99 4266
3.99 4265
3.99 4264
3.99 4263
4.00 4262
4.03 4261
4.03 4260
4.03 4259
4.03 4258
4.03 4257
4.03 4256
4.03 4255
4.04 4254
4.04 4253
4.04 4252
4.04 4251
4.04 4250
4.04 4249
4.04 4248
4.04 4247
4.05 4242
4.06 4241
4.06 4240
4.06 4239
4.06 4238
4.06 4237
4.06 4236
4.06 4235
4.06 4234
4.06 4233
4.07 4232
4.07 4231
4.07 4230
4.07 4229
4.07 4228
4.07 4227
4.07 4226
4.07 4225
4.07 4224
4.07 4223
4.07 4222
4.07 4221
4.07 4220
4.07 4219
4.07 4218
4.08 4217
4.08 4216
4.08 4215
4.09 4214
4.09 4213
4.09 4212
4.09 4211
4.09 4210
4.09 4209
4.09 4208
4.09 4207
4.09 4206
4.09 4205
4.10 4204
4.10 4203
4.10 4202
4.10 4201
4.10 4200
4.11 4199
4.11 4198
4.11 4197
4.14 4163
4.15 4162
4.15 4161
4.19 4101
4.24 4100
4.25 4099
4.25 4098
4.25 4097
4.25 4096
4.25 4095
4.25 4094
4.25 4093
4.25 4092
4.26 4091
4.26 4090
4.26 4089
4.26 4088
4.26 4087
4.26 4086
4.26 4085
4.26 4084
4.26 4083
4.26 4082
4.27 4081
4.27 4080
4.27 4079
4.27 4078
4.27 4077
4.27 4076
4.27 4075
4.27 4074
4.27 4073
4.28 4072
4.28 4071
4.28 4070
4.28 4069
4.28 4068
4.28 4067
4.28 4066
4.28 4065
4.28 4064
4.29 4063
4.29 4062
4.29 4061
4.29 4060
4.29 4059
4.29 4058
4.29 4057
4.29 4056
4.29 4055
4.29 4054
4.30 4053
4.30 4052
4.30 4051
4.30 4050
4.30 4049
4.30 4048
4.31 4047
4.31 4046
4.31 4045
4.31 4044
4.31 4043
4.32 4042
4.32 4041
4.32 4040
4.32 4039
4.32 4038
4.32 4037
4.32 4036
4.32 4035
4.32 4034
4.33 4033
4.34 4032
4.34 4031
4.36 4028
4.36 4027
4.36 4026
4.37 4025
4.37 4024
4.38 4023
4.38 4022
4.39 4021
4.39 4020
4.39 4019
4.39 4018
4.39 4017
4.39 4016
4.39 4015
4.39 4014
4.39 4013
4.39 4012
4.39 4011
4.40 4010
4.40 4009
4.40 4008
4.40 4007
4.40 4006
4.40 4005
4.40 4004
4.40 4003
4.40 4002
4.40 4001
4.40 4000
4.41 3999
4.41 3998
4.41 3997
4.41 3996
4.41 3995
4.41 3994
4.41 3993
4.41 3992
4.42 3991
4.42 3990
4.43 3989
4.43 3988
4.43 3987
4.43 3986
4.44 3985
4.44 3984
4.44 3983
4.44 3982
4.44 3981
4.44 3980
4.44 3979
4.44 3978
4.44 3977
4.45 3976
4.45 3975
4.45 3974
4.45 3973
4.45 3972
4.45 3971
4.45 3970
4.46 3969
4.46 3968
4.46 3967
4.46 3966
4.47 3965
4.47 3964
4.47 3963
4.47 3962
4.47 3961
4.47 3960
4.47 3959
4.48 3958
4.54 3898
4.54 3897
4.55 3896
4.55 3895
4.55 3894
4.55 3893
4.55 3892
4.55 3891
4.55 3890
4.56 3889
4.57 3888
4.57 3887
4.57 3886
4.57 3885
4.57 3884
4.57 3883
4.57 3882
4.57 3881
4.58 3880
4.59 3879
4.59 3878
4.59 3877
4.59 3876
4.59 3875
4.65 3854
4.66 3853
4.66 3852
4.66 3851
4.66 3850
4.66 3849
4.66 3848
4.66 3847
4.66 3846
4.67 3845
4.67 3844
4.67 3843
4.67 3842
4.67 3841
4.67 3840
4.67 3839
4.67 3838
4.68 3837
4.68 3836
4.68 3835
4.68 3834
4.68 3833
4.68 3832
4.69 3831
4.69 3830
4.69 3829
4.69 3828
4.69 3827
4.69 3826
4.69 3825
4.69 3824
4.69 3823
4.70 3822
4.70 3821
4.70 3820
4.70 3819
4.71 3818
4.73 3817
4.74 3816
4.74 3815
4.75 3814
4.75 3813
4.75 3812
4.75 3811
4.76 3810
4.76 3809
4.76 3808
4.76 3807
4.76 3806
4.78 3805
4.80 3787
4.82 3786
4.82 3785
4.82 3784
4.82 3783
4.82 3782
4.82 3781
4.82 3780
4.82 3779
4.83 3778
4.83 3777
4.83 3776
4.83 3775
4.83 3774
4.83 3773
4.83 3772
4.84 3771
4.84 3770
4.84 3769
4.84 3768
4.84 3767
4.84 3766
4.84 3765
4.84 3764
4.84 3763
4.85 3762
4.85 3761
4.85 3760
4.87 3759
4.87 3758
4.87 3757
4.89 3756
4.89 3755
4.89 3754
4.89 3753
4.90 3752
4.90 3751
4.90 3750
4.90 3749
4.90 3748
4.90 3747
4.90 3746
4.90 3745
4.91 3744
4.91 3743
4.91 3742
4.91 3741
4.91 3740
4.91 3739
4.91 3738
4.92 3737
4.92 3736
4.92 3735
4.92 3734
4.92 3733
4.92 3732
4.93 3731
4.93 3730
4.94 3729
4.94 3728
4.94 3727
4.95 3726
4.96 3725
4.96 3724
4.96 3723
4.96 3722
4.96 3721
4.97 3720
4.97 3719
4.97 3718
4.97 3717
4.97 3716
4.97 3715
4.97 3714
4.97 3713
4.98 3712
4.98 3711
4.98 3710
4.98 3709
4.98 3708
5.01 3707
5.01 3706
5.01 3705
5.01 3704
5.01 3703
5.01 3702
5.01 3701
5.01 3700
5.01 3699
5.03 3698
5.03 3697
5.03 3696
5.03 3695
5.03 3694
5.03 3693
5.03 3692
5.03 3691
5.03 3690
5.03 3689
5.05 3688
5.05 3687
5.05 3686
5.05 3685
5.05 3684
5.05 3683
5.05 3682
5.15 3643
5.15 3642
5.15 3641
5.16 3640
5.16 3639
5.16 3638
5.16 3637
5.16 3636
5.16 3635
5.16 3634
5.16 3633
5.16 3632
5.17 3631
5.17 3630
5.17 3629
5.18 3628
5.18 3627
5.18 3626
5.22 3625
5.23 3624
5.23 3623
5.23 3622
5.23 3621
5.24 3620
5.24 3619
5.24 3618
5.26 3617
5.26 3616
5.26 3615
5.26 3614
5.26 3613
5.26 3612
5.27 3611
5.27 3610
5.27 3609
5.27 3608
5.27 3607
5.27 3606
5.28 3605
5.28 3604
5.28 3603
5.28 3602
5.28 3601
5.28 3600
5.28 3599
5.28 3598
5.28 3597
5.28 3596
5.28 3595
5.30 3594
5.30 3593
5.30 3592
5.30 3591
5.30 3590
5.30 3589
5.33 3588
5.33 3587
5.33 3586
5.33 3585
5.33 3584
5.35 3583
5.35 3582
5.35 3581
5.35 3580
5.36 3579
5.36 3578
5.36 3577
5.36 3576
5.36 3575
5.36 3574
5.38 3573
5.38 3572
5.38 3571
5.38 3570
5.38 3569
5.38 3568
5.38 3567
5.39 3566
5.39 3565
5.39 3564
5.39 3563
5.39 3562
5.39 3561
5.41 3560
5.44 3559
5.44 3558
5.45 3557
5.45 3556
5.45 3555
5.45 3554
5.45 3553
5.45 3552
5.46 3551
5.46 3550
5.46 3549
5.46 3548
5.46 3547
5.47 3546
5.47 3545
5.47 3544
5.48 3543
5.48 3542
5.48 3541
5.48 3540
5.48 3539
5.48 3538
5.48 3537
5.48 3536
5.48 3535
5.48 3534
5.48 3533
5.48 3532
5.48 3531
5.50 3530
5.50 3529
5.50 3528
5.50 3527
5.50 3526
5.50 3525
5.50 3524
5.60 3523
5.60 3522
5.60 3521
5.61 3520
5.63 3519
5.63 3518
5.63 3517
5.63 3516
5.63 3515
5.63 3514
5.63 3513
5.63 3512
5.63 3511
5.63 3510
5.64 3509
5.64 3508
5.64 3507
5.66 3506
5.66 3505
5.66 3504
5.66 3503
5.67 3502
5.67 3501
5.67 3500
5.69 3499
5.69 3498
5.69 3497
5.69 3496
5.69 3495
5.71 3494
5.71 3493
5.71 3492
5.71 3491
5.71 3490
5.71 3489
5.71 3488
5.71 3487
5.71 3486
5.71 3485
5.71 3484
5.71 3483
5.72 3482
5.72 3481
5.72 3480
5.73 3479
5.73 3478
5.73 3477
5.74 3476
5.74 3475
5.74 3474
5.74 3473
5.75 3472
5.75 3471
5.75 3470
5.75 3469
5.75 3468
5.76 3467
5.76 3466
5.76 3465
5.76 3464
5.76 3463
5.76 3462
5.77 3461
5.77 3460
5.77 3459
5.77 3458
5.77 3457
5.87 3456
5.88 3455
5.88 3454
5.88 3453
5.88 3452
5.88 3451
5.88 3450
5.90 3449
5.90 3448
5.90 3447
5.91 3446
5.91 3445
5.91 3444
5.91 3443
5.93 3442
5.93 3441
5.93 3440
5.93 3439
5.93 3438
5.93 3437
5.99 3436
6.01 3435
6.01 3434
6.01 3433
6.01 3432
6.06 3431
6.06 3430
6.07 3429
6.07 3428
6.08 3427
6.09 3426
6.09 3425
6.09 3424
6.09 3423
6.10 3422
6.10 3421
6.13 3420
6.13 3419
6.21 3418
6.21 3417
6.21 3416
6.21 3415
6.21 3414
6.21 3413
6.21 3412
6.21 3411
6.22 3410
6.22 3409
6.32 3408
6.33 3407
6.34 3406
6.34 3405
6.35 3404
6.35 3403
6.37 3402
6.37 3401
6.37 3400
6.37 3399
6.37 3398
6.37 3397
6.37 3396
6.41 3395
6.41 3394
6.41 3393
6.43 3392
6.43 3391
6.50 3390
6.50 3389
6.50 3388
6.50 3387
6.50 3386
6.50 3385
6.51 3384
6.51 3383
6.51 3382
6.53 3381
6.53 3380
6.54 3379
6.55 3378
6.55 3377
6.56 3376
6.56 3375
6.57 3374
6.57 3373
6.63 3372
6.63 3371
6.63 3370
6.63 3369
6.63 3368
6.63 3367
6.63 3366
6.64 3365
6.64 3364
6.74 3363
6.74 3362
6.78 3361
6.79 3360
6.79 3359
6.79 3358
6.81 3357
6.81 3356
6.81 3355
6.83 3354
6.98 3353
7.01 3352
7.01 3351
7.02 3350
7.03 3349
7.03 3348
7.31 3347
7.32 3346
7.32 3345
7.32 3344
7.32 3343
7.38 3342
7.40 3341
7.41 3340
7.50 3339
7.92 3338
7.95 3337
8.09 3336
8.27 3335
